[08-Nov-2024 00:42:34 UTC] PHP Notice:  Undefined index: nombreSolicitante in /home/soluctem/sistema.soluctem.com.co/api/submit.php on line 29
[08-Nov-2024 00:42:34 UTC] PHP Notice:  Undefined index: cargo in /home/soluctem/sistema.soluctem.com.co/api/submit.php on line 30
[08-Nov-2024 00:42:34 UTC] PHP Notice:  Undefined index: nombreTienda in /home/soluctem/sistema.soluctem.com.co/api/submit.php on line 31
[08-Nov-2024 00:42:34 UTC] PHP Notice:  Undefined index: numeroTienda in /home/soluctem/sistema.soluctem.com.co/api/submit.php on line 32
[08-Nov-2024 00:42:34 UTC] PHP Notice:  Undefined index: numeroTicket in /home/soluctem/sistema.soluctem.com.co/api/submit.php on line 33
[08-Nov-2024 00:42:34 UTC] PHP Notice:  Undefined index: fecha in /home/soluctem/sistema.soluctem.com.co/api/submit.php on line 34
[08-Nov-2024 00:42:34 UTC] PHP Notice:  Undefined index: municipio in /home/soluctem/sistema.soluctem.com.co/api/submit.php on line 35
[08-Nov-2024 00:42:34 UTC] PHP Notice:  Undefined index: departamento in /home/soluctem/sistema.soluctem.com.co/api/submit.php on line 36
[08-Nov-2024 00:42:34 UTC] PHP Notice:  Undefined index: nombreEquipo in /home/soluctem/sistema.soluctem.com.co/api/submit.php on line 37
[08-Nov-2024 00:42:34 UTC] PHP Notice:  Undefined index: marca in /home/soluctem/sistema.soluctem.com.co/api/submit.php on line 38
[08-Nov-2024 00:42:34 UTC] PHP Notice:  Undefined index: serial in /home/soluctem/sistema.soluctem.com.co/api/submit.php on line 39
[08-Nov-2024 00:42:34 UTC] PHP Notice:  Undefined index: descripcionFalla in /home/soluctem/sistema.soluctem.com.co/api/submit.php on line 40
[08-Nov-2024 00:42:34 UTC] PHP Notice:  Undefined index: diagnosticoTecnico in /home/soluctem/sistema.soluctem.com.co/api/submit.php on line 41
[08-Nov-2024 00:42:34 UTC] PHP Notice:  Undefined index: repuestosCambiados in /home/soluctem/sistema.soluctem.com.co/api/submit.php on line 42
[08-Nov-2024 00:42:34 UTC] PHP Notice:  Undefined index: observaciones in /home/soluctem/sistema.soluctem.com.co/api/submit.php on line 43
[08-Nov-2024 00:42:34 UTC] PHP Notice:  Undefined index: seguridadRiesgoAccidentalidad in /home/soluctem/sistema.soluctem.com.co/api/submit.php on line 44
[08-Nov-2024 00:42:34 UTC] PHP Notice:  Undefined index: seguridadRiesgoEquipo in /home/soluctem/sistema.soluctem.com.co/api/submit.php on line 45
[08-Nov-2024 00:42:34 UTC] PHP Notice:  Undefined index: funcionamientoFallaSolucionada in /home/soluctem/sistema.soluctem.com.co/api/submit.php on line 46
[08-Nov-2024 00:42:34 UTC] PHP Notice:  Undefined index: funcionamientoPasosNormales in /home/soluctem/sistema.soluctem.com.co/api/submit.php on line 47
[08-Nov-2024 00:42:34 UTC] PHP Notice:  Undefined index: calidadTrabajo in /home/soluctem/sistema.soluctem.com.co/api/submit.php on line 48
[08-Nov-2024 00:42:34 UTC] PHP Notice:  Undefined index: limpiezaOrganizacionArmado in /home/soluctem/sistema.soluctem.com.co/api/submit.php on line 49
[08-Nov-2024 00:42:34 UTC] PHP Notice:  Undefined index: limpiezaOrganizacionAseado in /home/soluctem/sistema.soluctem.com.co/api/submit.php on line 50
[08-Nov-2024 00:42:34 UTC] PHP Notice:  Undefined index: capacitacionCausa in /home/soluctem/sistema.soluctem.com.co/api/submit.php on line 51
[08-Nov-2024 00:42:34 UTC] PHP Notice:  Undefined index: capacitacionPrevencion in /home/soluctem/sistema.soluctem.com.co/api/submit.php on line 52
[08-Nov-2024 00:42:34 UTC] PHP Notice:  Undefined index: capacitacionAccion in /home/soluctem/sistema.soluctem.com.co/api/submit.php on line 53
[08-Nov-2024 00:42:34 UTC] PHP Notice:  Undefined index: contratista1 in /home/soluctem/sistema.soluctem.com.co/api/submit.php on line 54
[08-Nov-2024 00:42:34 UTC] PHP Notice:  Undefined index: cedula1 in /home/soluctem/sistema.soluctem.com.co/api/submit.php on line 55
[08-Nov-2024 00:42:34 UTC] PHP Notice:  Undefined index: horaEntrada1 in /home/soluctem/sistema.soluctem.com.co/api/submit.php on line 56
[08-Nov-2024 00:42:34 UTC] PHP Notice:  Undefined index: horaSalida1 in /home/soluctem/sistema.soluctem.com.co/api/submit.php on line 57
[08-Nov-2024 00:42:34 UTC] PHP Notice:  Undefined index: contratista2 in /home/soluctem/sistema.soluctem.com.co/api/submit.php on line 58
[08-Nov-2024 00:42:34 UTC] PHP Notice:  Undefined index: cedula2 in /home/soluctem/sistema.soluctem.com.co/api/submit.php on line 59
[08-Nov-2024 00:42:34 UTC] PHP Notice:  Undefined index: horaEntrada2 in /home/soluctem/sistema.soluctem.com.co/api/submit.php on line 60
[08-Nov-2024 00:42:34 UTC] PHP Notice:  Undefined index: horaSalida2 in /home/soluctem/sistema.soluctem.com.co/api/submit.php on line 61
[08-Nov-2024 00:42:34 UTC] PHP Notice:  Undefined index: contratista3 in /home/soluctem/sistema.soluctem.com.co/api/submit.php on line 62
[08-Nov-2024 00:42:34 UTC] PHP Notice:  Undefined index: cedula3 in /home/soluctem/sistema.soluctem.com.co/api/submit.php on line 63
[08-Nov-2024 00:42:34 UTC] PHP Notice:  Undefined index: horaEntrada3 in /home/soluctem/sistema.soluctem.com.co/api/submit.php on line 64
[08-Nov-2024 00:42:34 UTC] PHP Notice:  Undefined index: horaSalida3 in /home/soluctem/sistema.soluctem.com.co/api/submit.php on line 65
[08-Nov-2024 00:42:34 UTC] PHP Notice:  Undefined index: contratista4 in /home/soluctem/sistema.soluctem.com.co/api/submit.php on line 66
[08-Nov-2024 00:42:34 UTC] PHP Notice:  Undefined index: cedula4 in /home/soluctem/sistema.soluctem.com.co/api/submit.php on line 67
[08-Nov-2024 00:42:34 UTC] PHP Notice:  Undefined index: horaEntrada4 in /home/soluctem/sistema.soluctem.com.co/api/submit.php on line 68
[08-Nov-2024 00:42:34 UTC] PHP Notice:  Undefined index: horaSalida4 in /home/soluctem/sistema.soluctem.com.co/api/submit.php on line 69
[08-Nov-2024 00:42:34 UTC] PHP Notice:  Undefined index: nombreFuncionario in /home/soluctem/sistema.soluctem.com.co/api/submit.php on line 70
[08-Nov-2024 00:42:34 UTC] PHP Notice:  Undefined index: cedulaFuncionario in /home/soluctem/sistema.soluctem.com.co/api/submit.php on line 71
[08-Nov-2024 00:42:34 UTC] PHP Notice:  Undefined index: cargoFuncionario in /home/soluctem/sistema.soluctem.com.co/api/submit.php on line 72
[08-Nov-2024 00:42:34 UTC] PHP Notice:  Undefined index: sapFuncionario in /home/soluctem/sistema.soluctem.com.co/api/submit.php on line 73
[08-Nov-2024 00:42:34 UTC] PHP Notice:  Undefined index: timestamp in /home/soluctem/sistema.soluctem.com.co/api/submit.php on line 74
[08-Nov-2024 00:42:34 UTC] PHP Notice:  Undefined index: asistenciaReparacion in /home/soluctem/sistema.soluctem.com.co/api/submit.php on line 75
[08-Nov-2024 00:42:34 UTC] PHP Notice:  Undefined index: asistenciaGarantia in /home/soluctem/sistema.soluctem.com.co/api/submit.php on line 76
[08-Nov-2024 00:42:34 UTC] PHP Notice:  Undefined index: asistenciaAjuste in /home/soluctem/sistema.soluctem.com.co/api/submit.php on line 77
[08-Nov-2024 00:42:34 UTC] PHP Notice:  Undefined index: asistenciaModificacion in /home/soluctem/sistema.soluctem.com.co/api/submit.php on line 78
[08-Nov-2024 00:42:34 UTC] PHP Notice:  Undefined index: asistenciaServicio in /home/soluctem/sistema.soluctem.com.co/api/submit.php on line 79
[08-Nov-2024 00:42:34 UTC] PHP Notice:  Undefined index: asistenciaMejora in /home/soluctem/sistema.soluctem.com.co/api/submit.php on line 80
[08-Nov-2024 00:42:34 UTC] PHP Notice:  Undefined index: asistenciaCombinacion in /home/soluctem/sistema.soluctem.com.co/api/submit.php on line 81
[08-Nov-2024 00:42:34 UTC] PHP Notice:  Undefined index: fallaOperacion in /home/soluctem/sistema.soluctem.com.co/api/submit.php on line 82
[08-Nov-2024 00:42:34 UTC] PHP Notice:  Undefined index: fallaMecanica in /home/soluctem/sistema.soluctem.com.co/api/submit.php on line 83
[08-Nov-2024 00:42:34 UTC] PHP Notice:  Undefined index: fallaElectrica in /home/soluctem/sistema.soluctem.com.co/api/submit.php on line 84
[08-Nov-2024 00:42:34 UTC] PHP Notice:  Undefined index: fallaTerceros in /home/soluctem/sistema.soluctem.com.co/api/submit.php on line 85
[08-Nov-2024 00:42:34 UTC] PHP Notice:  Undefined index: fallaFabricacion in /home/soluctem/sistema.soluctem.com.co/api/submit.php on line 86
[08-Nov-2024 00:42:34 UTC] PHP Notice:  Undefined index: firma_digital_cliente in /home/soluctem/sistema.soluctem.com.co/api/submit.php on line 87
[08-Nov-2024 00:42:34 UTC] PHP Notice:  Undefined index: firma_digital_tecnico in /home/soluctem/sistema.soluctem.com.co/api/submit.php on line 88
[11-Nov-2024 18:58:54 UTC] PHP Notice:  Undefined index: nombreSolicitante in /home/soluctem/sistema.soluctem.com.co/api/submit.php on line 29
[11-Nov-2024 18:58:54 UTC] PHP Notice:  Undefined index: cargo in /home/soluctem/sistema.soluctem.com.co/api/submit.php on line 30
[11-Nov-2024 18:58:54 UTC] PHP Notice:  Undefined index: nombreTienda in /home/soluctem/sistema.soluctem.com.co/api/submit.php on line 31
[11-Nov-2024 18:58:54 UTC] PHP Notice:  Undefined index: numeroTienda in /home/soluctem/sistema.soluctem.com.co/api/submit.php on line 32
[11-Nov-2024 18:58:54 UTC] PHP Notice:  Undefined index: numeroTicket in /home/soluctem/sistema.soluctem.com.co/api/submit.php on line 33
[11-Nov-2024 18:58:54 UTC] PHP Notice:  Undefined index: fecha in /home/soluctem/sistema.soluctem.com.co/api/submit.php on line 34
[11-Nov-2024 18:58:54 UTC] PHP Notice:  Undefined index: municipio in /home/soluctem/sistema.soluctem.com.co/api/submit.php on line 35
[11-Nov-2024 18:58:54 UTC] PHP Notice:  Undefined index: departamento in /home/soluctem/sistema.soluctem.com.co/api/submit.php on line 36
[11-Nov-2024 18:58:54 UTC] PHP Notice:  Undefined index: nombreEquipo in /home/soluctem/sistema.soluctem.com.co/api/submit.php on line 37
[11-Nov-2024 18:58:54 UTC] PHP Notice:  Undefined index: marca in /home/soluctem/sistema.soluctem.com.co/api/submit.php on line 38
[11-Nov-2024 18:58:54 UTC] PHP Notice:  Undefined index: serial in /home/soluctem/sistema.soluctem.com.co/api/submit.php on line 39
[11-Nov-2024 18:58:54 UTC] PHP Notice:  Undefined index: descripcionFalla in /home/soluctem/sistema.soluctem.com.co/api/submit.php on line 40
[11-Nov-2024 18:58:54 UTC] PHP Notice:  Undefined index: diagnosticoTecnico in /home/soluctem/sistema.soluctem.com.co/api/submit.php on line 41
[11-Nov-2024 18:58:54 UTC] PHP Notice:  Undefined index: repuestosCambiados in /home/soluctem/sistema.soluctem.com.co/api/submit.php on line 42
[11-Nov-2024 18:58:54 UTC] PHP Notice:  Undefined index: observaciones in /home/soluctem/sistema.soluctem.com.co/api/submit.php on line 43
[11-Nov-2024 18:58:54 UTC] PHP Notice:  Undefined index: seguridadRiesgoAccidentalidad in /home/soluctem/sistema.soluctem.com.co/api/submit.php on line 44
[11-Nov-2024 18:58:54 UTC] PHP Notice:  Undefined index: seguridadRiesgoEquipo in /home/soluctem/sistema.soluctem.com.co/api/submit.php on line 45
[11-Nov-2024 18:58:54 UTC] PHP Notice:  Undefined index: funcionamientoFallaSolucionada in /home/soluctem/sistema.soluctem.com.co/api/submit.php on line 46
[11-Nov-2024 18:58:54 UTC] PHP Notice:  Undefined index: funcionamientoPasosNormales in /home/soluctem/sistema.soluctem.com.co/api/submit.php on line 47
[11-Nov-2024 18:58:54 UTC] PHP Notice:  Undefined index: calidadTrabajo in /home/soluctem/sistema.soluctem.com.co/api/submit.php on line 48
[11-Nov-2024 18:58:54 UTC] PHP Notice:  Undefined index: limpiezaOrganizacionArmado in /home/soluctem/sistema.soluctem.com.co/api/submit.php on line 49
[11-Nov-2024 18:58:54 UTC] PHP Notice:  Undefined index: limpiezaOrganizacionAseado in /home/soluctem/sistema.soluctem.com.co/api/submit.php on line 50
[11-Nov-2024 18:58:54 UTC] PHP Notice:  Undefined index: capacitacionCausa in /home/soluctem/sistema.soluctem.com.co/api/submit.php on line 51
[11-Nov-2024 18:58:54 UTC] PHP Notice:  Undefined index: capacitacionPrevencion in /home/soluctem/sistema.soluctem.com.co/api/submit.php on line 52
[11-Nov-2024 18:58:54 UTC] PHP Notice:  Undefined index: capacitacionAccion in /home/soluctem/sistema.soluctem.com.co/api/submit.php on line 53
[11-Nov-2024 18:58:54 UTC] PHP Notice:  Undefined index: contratista1 in /home/soluctem/sistema.soluctem.com.co/api/submit.php on line 54
[11-Nov-2024 18:58:54 UTC] PHP Notice:  Undefined index: cedula1 in /home/soluctem/sistema.soluctem.com.co/api/submit.php on line 55
[11-Nov-2024 18:58:54 UTC] PHP Notice:  Undefined index: horaEntrada1 in /home/soluctem/sistema.soluctem.com.co/api/submit.php on line 56
[11-Nov-2024 18:58:54 UTC] PHP Notice:  Undefined index: horaSalida1 in /home/soluctem/sistema.soluctem.com.co/api/submit.php on line 57
[11-Nov-2024 18:58:54 UTC] PHP Notice:  Undefined index: contratista2 in /home/soluctem/sistema.soluctem.com.co/api/submit.php on line 58
[11-Nov-2024 18:58:54 UTC] PHP Notice:  Undefined index: cedula2 in /home/soluctem/sistema.soluctem.com.co/api/submit.php on line 59
[11-Nov-2024 18:58:54 UTC] PHP Notice:  Undefined index: horaEntrada2 in /home/soluctem/sistema.soluctem.com.co/api/submit.php on line 60
[11-Nov-2024 18:58:54 UTC] PHP Notice:  Undefined index: horaSalida2 in /home/soluctem/sistema.soluctem.com.co/api/submit.php on line 61
[11-Nov-2024 18:58:54 UTC] PHP Notice:  Undefined index: contratista3 in /home/soluctem/sistema.soluctem.com.co/api/submit.php on line 62
[11-Nov-2024 18:58:54 UTC] PHP Notice:  Undefined index: cedula3 in /home/soluctem/sistema.soluctem.com.co/api/submit.php on line 63
[11-Nov-2024 18:58:54 UTC] PHP Notice:  Undefined index: horaEntrada3 in /home/soluctem/sistema.soluctem.com.co/api/submit.php on line 64
[11-Nov-2024 18:58:54 UTC] PHP Notice:  Undefined index: horaSalida3 in /home/soluctem/sistema.soluctem.com.co/api/submit.php on line 65
[11-Nov-2024 18:58:54 UTC] PHP Notice:  Undefined index: contratista4 in /home/soluctem/sistema.soluctem.com.co/api/submit.php on line 66
[11-Nov-2024 18:58:54 UTC] PHP Notice:  Undefined index: cedula4 in /home/soluctem/sistema.soluctem.com.co/api/submit.php on line 67
[11-Nov-2024 18:58:54 UTC] PHP Notice:  Undefined index: horaEntrada4 in /home/soluctem/sistema.soluctem.com.co/api/submit.php on line 68
[11-Nov-2024 18:58:54 UTC] PHP Notice:  Undefined index: horaSalida4 in /home/soluctem/sistema.soluctem.com.co/api/submit.php on line 69
[11-Nov-2024 18:58:54 UTC] PHP Notice:  Undefined index: nombreFuncionario in /home/soluctem/sistema.soluctem.com.co/api/submit.php on line 70
[11-Nov-2024 18:58:54 UTC] PHP Notice:  Undefined index: cedulaFuncionario in /home/soluctem/sistema.soluctem.com.co/api/submit.php on line 71
[11-Nov-2024 18:58:54 UTC] PHP Notice:  Undefined index: cargoFuncionario in /home/soluctem/sistema.soluctem.com.co/api/submit.php on line 72
[11-Nov-2024 18:58:54 UTC] PHP Notice:  Undefined index: sapFuncionario in /home/soluctem/sistema.soluctem.com.co/api/submit.php on line 73
[11-Nov-2024 18:58:54 UTC] PHP Notice:  Undefined index: timestamp in /home/soluctem/sistema.soluctem.com.co/api/submit.php on line 74
[11-Nov-2024 18:58:54 UTC] PHP Notice:  Undefined index: asistenciaReparacion in /home/soluctem/sistema.soluctem.com.co/api/submit.php on line 75
[11-Nov-2024 18:58:54 UTC] PHP Notice:  Undefined index: asistenciaGarantia in /home/soluctem/sistema.soluctem.com.co/api/submit.php on line 76
[11-Nov-2024 18:58:54 UTC] PHP Notice:  Undefined index: asistenciaAjuste in /home/soluctem/sistema.soluctem.com.co/api/submit.php on line 77
[11-Nov-2024 18:58:54 UTC] PHP Notice:  Undefined index: asistenciaModificacion in /home/soluctem/sistema.soluctem.com.co/api/submit.php on line 78
[11-Nov-2024 18:58:54 UTC] PHP Notice:  Undefined index: asistenciaServicio in /home/soluctem/sistema.soluctem.com.co/api/submit.php on line 79
[11-Nov-2024 18:58:54 UTC] PHP Notice:  Undefined index: asistenciaMejora in /home/soluctem/sistema.soluctem.com.co/api/submit.php on line 80
[11-Nov-2024 18:58:54 UTC] PHP Notice:  Undefined index: asistenciaCombinacion in /home/soluctem/sistema.soluctem.com.co/api/submit.php on line 81
[11-Nov-2024 18:58:54 UTC] PHP Notice:  Undefined index: fallaOperacion in /home/soluctem/sistema.soluctem.com.co/api/submit.php on line 82
[11-Nov-2024 18:58:54 UTC] PHP Notice:  Undefined index: fallaMecanica in /home/soluctem/sistema.soluctem.com.co/api/submit.php on line 83
[11-Nov-2024 18:58:54 UTC] PHP Notice:  Undefined index: fallaElectrica in /home/soluctem/sistema.soluctem.com.co/api/submit.php on line 84
[11-Nov-2024 18:58:54 UTC] PHP Notice:  Undefined index: fallaTerceros in /home/soluctem/sistema.soluctem.com.co/api/submit.php on line 85
[11-Nov-2024 18:58:54 UTC] PHP Notice:  Undefined index: fallaFabricacion in /home/soluctem/sistema.soluctem.com.co/api/submit.php on line 86
[11-Nov-2024 18:58:54 UTC] PHP Notice:  Undefined index: firma_digital_cliente in /home/soluctem/sistema.soluctem.com.co/api/submit.php on line 87
[11-Nov-2024 18:58:54 UTC] PHP Notice:  Undefined index: firma_digital_tecnico in /home/soluctem/sistema.soluctem.com.co/api/submit.php on line 88
[12-Nov-2024 15:56:17 UTC] PHP Notice:  Undefined index: nombreSolicitante in /home/soluctem/sistema.soluctem.com.co/api/submit.php on line 29
[12-Nov-2024 15:56:17 UTC] PHP Notice:  Undefined index: cargo in /home/soluctem/sistema.soluctem.com.co/api/submit.php on line 30
[12-Nov-2024 15:56:17 UTC] PHP Notice:  Undefined index: nombreTienda in /home/soluctem/sistema.soluctem.com.co/api/submit.php on line 31
[12-Nov-2024 15:56:17 UTC] PHP Notice:  Undefined index: numeroTienda in /home/soluctem/sistema.soluctem.com.co/api/submit.php on line 32
[12-Nov-2024 15:56:17 UTC] PHP Notice:  Undefined index: numeroTicket in /home/soluctem/sistema.soluctem.com.co/api/submit.php on line 33
[12-Nov-2024 15:56:17 UTC] PHP Notice:  Undefined index: fecha in /home/soluctem/sistema.soluctem.com.co/api/submit.php on line 34
[12-Nov-2024 15:56:17 UTC] PHP Notice:  Undefined index: municipio in /home/soluctem/sistema.soluctem.com.co/api/submit.php on line 35
[12-Nov-2024 15:56:17 UTC] PHP Notice:  Undefined index: departamento in /home/soluctem/sistema.soluctem.com.co/api/submit.php on line 36
[12-Nov-2024 15:56:17 UTC] PHP Notice:  Undefined index: nombreEquipo in /home/soluctem/sistema.soluctem.com.co/api/submit.php on line 37
[12-Nov-2024 15:56:17 UTC] PHP Notice:  Undefined index: marca in /home/soluctem/sistema.soluctem.com.co/api/submit.php on line 38
[12-Nov-2024 15:56:17 UTC] PHP Notice:  Undefined index: serial in /home/soluctem/sistema.soluctem.com.co/api/submit.php on line 39
[12-Nov-2024 15:56:17 UTC] PHP Notice:  Undefined index: descripcionFalla in /home/soluctem/sistema.soluctem.com.co/api/submit.php on line 40
[12-Nov-2024 15:56:17 UTC] PHP Notice:  Undefined index: diagnosticoTecnico in /home/soluctem/sistema.soluctem.com.co/api/submit.php on line 41
[12-Nov-2024 15:56:17 UTC] PHP Notice:  Undefined index: repuestosCambiados in /home/soluctem/sistema.soluctem.com.co/api/submit.php on line 42
[12-Nov-2024 15:56:17 UTC] PHP Notice:  Undefined index: observaciones in /home/soluctem/sistema.soluctem.com.co/api/submit.php on line 43
[12-Nov-2024 15:56:17 UTC] PHP Notice:  Undefined index: seguridadRiesgoAccidentalidad in /home/soluctem/sistema.soluctem.com.co/api/submit.php on line 44
[12-Nov-2024 15:56:17 UTC] PHP Notice:  Undefined index: seguridadRiesgoEquipo in /home/soluctem/sistema.soluctem.com.co/api/submit.php on line 45
[12-Nov-2024 15:56:17 UTC] PHP Notice:  Undefined index: funcionamientoFallaSolucionada in /home/soluctem/sistema.soluctem.com.co/api/submit.php on line 46
[12-Nov-2024 15:56:17 UTC] PHP Notice:  Undefined index: funcionamientoPasosNormales in /home/soluctem/sistema.soluctem.com.co/api/submit.php on line 47
[12-Nov-2024 15:56:17 UTC] PHP Notice:  Undefined index: calidadTrabajo in /home/soluctem/sistema.soluctem.com.co/api/submit.php on line 48
[12-Nov-2024 15:56:17 UTC] PHP Notice:  Undefined index: limpiezaOrganizacionArmado in /home/soluctem/sistema.soluctem.com.co/api/submit.php on line 49
[12-Nov-2024 15:56:17 UTC] PHP Notice:  Undefined index: limpiezaOrganizacionAseado in /home/soluctem/sistema.soluctem.com.co/api/submit.php on line 50
[12-Nov-2024 15:56:17 UTC] PHP Notice:  Undefined index: capacitacionCausa in /home/soluctem/sistema.soluctem.com.co/api/submit.php on line 51
[12-Nov-2024 15:56:17 UTC] PHP Notice:  Undefined index: capacitacionPrevencion in /home/soluctem/sistema.soluctem.com.co/api/submit.php on line 52
[12-Nov-2024 15:56:17 UTC] PHP Notice:  Undefined index: capacitacionAccion in /home/soluctem/sistema.soluctem.com.co/api/submit.php on line 53
[12-Nov-2024 15:56:17 UTC] PHP Notice:  Undefined index: contratista1 in /home/soluctem/sistema.soluctem.com.co/api/submit.php on line 54
[12-Nov-2024 15:56:17 UTC] PHP Notice:  Undefined index: cedula1 in /home/soluctem/sistema.soluctem.com.co/api/submit.php on line 55
[12-Nov-2024 15:56:17 UTC] PHP Notice:  Undefined index: horaEntrada1 in /home/soluctem/sistema.soluctem.com.co/api/submit.php on line 56
[12-Nov-2024 15:56:17 UTC] PHP Notice:  Undefined index: horaSalida1 in /home/soluctem/sistema.soluctem.com.co/api/submit.php on line 57
[12-Nov-2024 15:56:17 UTC] PHP Notice:  Undefined index: contratista2 in /home/soluctem/sistema.soluctem.com.co/api/submit.php on line 58
[12-Nov-2024 15:56:17 UTC] PHP Notice:  Undefined index: cedula2 in /home/soluctem/sistema.soluctem.com.co/api/submit.php on line 59
[12-Nov-2024 15:56:17 UTC] PHP Notice:  Undefined index: horaEntrada2 in /home/soluctem/sistema.soluctem.com.co/api/submit.php on line 60
[12-Nov-2024 15:56:17 UTC] PHP Notice:  Undefined index: horaSalida2 in /home/soluctem/sistema.soluctem.com.co/api/submit.php on line 61
[12-Nov-2024 15:56:17 UTC] PHP Notice:  Undefined index: contratista3 in /home/soluctem/sistema.soluctem.com.co/api/submit.php on line 62
[12-Nov-2024 15:56:17 UTC] PHP Notice:  Undefined index: cedula3 in /home/soluctem/sistema.soluctem.com.co/api/submit.php on line 63
[12-Nov-2024 15:56:17 UTC] PHP Notice:  Undefined index: horaEntrada3 in /home/soluctem/sistema.soluctem.com.co/api/submit.php on line 64
[12-Nov-2024 15:56:17 UTC] PHP Notice:  Undefined index: horaSalida3 in /home/soluctem/sistema.soluctem.com.co/api/submit.php on line 65
[12-Nov-2024 15:56:17 UTC] PHP Notice:  Undefined index: contratista4 in /home/soluctem/sistema.soluctem.com.co/api/submit.php on line 66
[12-Nov-2024 15:56:17 UTC] PHP Notice:  Undefined index: cedula4 in /home/soluctem/sistema.soluctem.com.co/api/submit.php on line 67
[12-Nov-2024 15:56:17 UTC] PHP Notice:  Undefined index: horaEntrada4 in /home/soluctem/sistema.soluctem.com.co/api/submit.php on line 68
[12-Nov-2024 15:56:17 UTC] PHP Notice:  Undefined index: horaSalida4 in /home/soluctem/sistema.soluctem.com.co/api/submit.php on line 69
[12-Nov-2024 15:56:17 UTC] PHP Notice:  Undefined index: nombreFuncionario in /home/soluctem/sistema.soluctem.com.co/api/submit.php on line 70
[12-Nov-2024 15:56:17 UTC] PHP Notice:  Undefined index: cedulaFuncionario in /home/soluctem/sistema.soluctem.com.co/api/submit.php on line 71
[12-Nov-2024 15:56:17 UTC] PHP Notice:  Undefined index: cargoFuncionario in /home/soluctem/sistema.soluctem.com.co/api/submit.php on line 72
[12-Nov-2024 15:56:17 UTC] PHP Notice:  Undefined index: sapFuncionario in /home/soluctem/sistema.soluctem.com.co/api/submit.php on line 73
[12-Nov-2024 15:56:17 UTC] PHP Notice:  Undefined index: timestamp in /home/soluctem/sistema.soluctem.com.co/api/submit.php on line 74
[12-Nov-2024 15:56:17 UTC] PHP Notice:  Undefined index: asistenciaReparacion in /home/soluctem/sistema.soluctem.com.co/api/submit.php on line 75
[12-Nov-2024 15:56:17 UTC] PHP Notice:  Undefined index: asistenciaGarantia in /home/soluctem/sistema.soluctem.com.co/api/submit.php on line 76
[12-Nov-2024 15:56:17 UTC] PHP Notice:  Undefined index: asistenciaAjuste in /home/soluctem/sistema.soluctem.com.co/api/submit.php on line 77
[12-Nov-2024 15:56:17 UTC] PHP Notice:  Undefined index: asistenciaModificacion in /home/soluctem/sistema.soluctem.com.co/api/submit.php on line 78
[12-Nov-2024 15:56:17 UTC] PHP Notice:  Undefined index: asistenciaServicio in /home/soluctem/sistema.soluctem.com.co/api/submit.php on line 79
[12-Nov-2024 15:56:17 UTC] PHP Notice:  Undefined index: asistenciaMejora in /home/soluctem/sistema.soluctem.com.co/api/submit.php on line 80
[12-Nov-2024 15:56:17 UTC] PHP Notice:  Undefined index: asistenciaCombinacion in /home/soluctem/sistema.soluctem.com.co/api/submit.php on line 81
[12-Nov-2024 15:56:17 UTC] PHP Notice:  Undefined index: fallaOperacion in /home/soluctem/sistema.soluctem.com.co/api/submit.php on line 82
[12-Nov-2024 15:56:17 UTC] PHP Notice:  Undefined index: fallaMecanica in /home/soluctem/sistema.soluctem.com.co/api/submit.php on line 83
[12-Nov-2024 15:56:17 UTC] PHP Notice:  Undefined index: fallaElectrica in /home/soluctem/sistema.soluctem.com.co/api/submit.php on line 84
[12-Nov-2024 15:56:17 UTC] PHP Notice:  Undefined index: fallaTerceros in /home/soluctem/sistema.soluctem.com.co/api/submit.php on line 85
[12-Nov-2024 15:56:17 UTC] PHP Notice:  Undefined index: fallaFabricacion in /home/soluctem/sistema.soluctem.com.co/api/submit.php on line 86
[12-Nov-2024 15:56:17 UTC] PHP Notice:  Undefined index: firma_digital_cliente in /home/soluctem/sistema.soluctem.com.co/api/submit.php on line 87
[12-Nov-2024 15:56:17 UTC] PHP Notice:  Undefined index: firma_digital_tecnico in /home/soluctem/sistema.soluctem.com.co/api/submit.php on line 88
[16-Nov-2024 18:35:08 UTC] PHP Notice:  Undefined index: nombreSolicitante in /home/soluctem/sistema.soluctem.com.co/api/submit.php on line 29
[16-Nov-2024 18:35:08 UTC] PHP Notice:  Undefined index: cargo in /home/soluctem/sistema.soluctem.com.co/api/submit.php on line 30
[16-Nov-2024 18:35:08 UTC] PHP Notice:  Undefined index: nombreTienda in /home/soluctem/sistema.soluctem.com.co/api/submit.php on line 31
[16-Nov-2024 18:35:08 UTC] PHP Notice:  Undefined index: numeroTienda in /home/soluctem/sistema.soluctem.com.co/api/submit.php on line 32
[16-Nov-2024 18:35:08 UTC] PHP Notice:  Undefined index: numeroTicket in /home/soluctem/sistema.soluctem.com.co/api/submit.php on line 33
[16-Nov-2024 18:35:08 UTC] PHP Notice:  Undefined index: fecha in /home/soluctem/sistema.soluctem.com.co/api/submit.php on line 34
[16-Nov-2024 18:35:08 UTC] PHP Notice:  Undefined index: municipio in /home/soluctem/sistema.soluctem.com.co/api/submit.php on line 35
[16-Nov-2024 18:35:08 UTC] PHP Notice:  Undefined index: departamento in /home/soluctem/sistema.soluctem.com.co/api/submit.php on line 36
[16-Nov-2024 18:35:08 UTC] PHP Notice:  Undefined index: nombreEquipo in /home/soluctem/sistema.soluctem.com.co/api/submit.php on line 37
[16-Nov-2024 18:35:08 UTC] PHP Notice:  Undefined index: marca in /home/soluctem/sistema.soluctem.com.co/api/submit.php on line 38
[16-Nov-2024 18:35:08 UTC] PHP Notice:  Undefined index: serial in /home/soluctem/sistema.soluctem.com.co/api/submit.php on line 39
[16-Nov-2024 18:35:08 UTC] PHP Notice:  Undefined index: descripcionFalla in /home/soluctem/sistema.soluctem.com.co/api/submit.php on line 40
[16-Nov-2024 18:35:08 UTC] PHP Notice:  Undefined index: diagnosticoTecnico in /home/soluctem/sistema.soluctem.com.co/api/submit.php on line 41
[16-Nov-2024 18:35:08 UTC] PHP Notice:  Undefined index: repuestosCambiados in /home/soluctem/sistema.soluctem.com.co/api/submit.php on line 42
[16-Nov-2024 18:35:08 UTC] PHP Notice:  Undefined index: observaciones in /home/soluctem/sistema.soluctem.com.co/api/submit.php on line 43
[16-Nov-2024 18:35:08 UTC] PHP Notice:  Undefined index: seguridadRiesgoAccidentalidad in /home/soluctem/sistema.soluctem.com.co/api/submit.php on line 44
[16-Nov-2024 18:35:08 UTC] PHP Notice:  Undefined index: seguridadRiesgoEquipo in /home/soluctem/sistema.soluctem.com.co/api/submit.php on line 45
[16-Nov-2024 18:35:08 UTC] PHP Notice:  Undefined index: funcionamientoFallaSolucionada in /home/soluctem/sistema.soluctem.com.co/api/submit.php on line 46
[16-Nov-2024 18:35:08 UTC] PHP Notice:  Undefined index: funcionamientoPasosNormales in /home/soluctem/sistema.soluctem.com.co/api/submit.php on line 47
[16-Nov-2024 18:35:08 UTC] PHP Notice:  Undefined index: calidadTrabajo in /home/soluctem/sistema.soluctem.com.co/api/submit.php on line 48
[16-Nov-2024 18:35:08 UTC] PHP Notice:  Undefined index: limpiezaOrganizacionArmado in /home/soluctem/sistema.soluctem.com.co/api/submit.php on line 49
[16-Nov-2024 18:35:08 UTC] PHP Notice:  Undefined index: limpiezaOrganizacionAseado in /home/soluctem/sistema.soluctem.com.co/api/submit.php on line 50
[16-Nov-2024 18:35:08 UTC] PHP Notice:  Undefined index: capacitacionCausa in /home/soluctem/sistema.soluctem.com.co/api/submit.php on line 51
[16-Nov-2024 18:35:08 UTC] PHP Notice:  Undefined index: capacitacionPrevencion in /home/soluctem/sistema.soluctem.com.co/api/submit.php on line 52
[16-Nov-2024 18:35:08 UTC] PHP Notice:  Undefined index: capacitacionAccion in /home/soluctem/sistema.soluctem.com.co/api/submit.php on line 53
[16-Nov-2024 18:35:08 UTC] PHP Notice:  Undefined index: contratista1 in /home/soluctem/sistema.soluctem.com.co/api/submit.php on line 54
[16-Nov-2024 18:35:08 UTC] PHP Notice:  Undefined index: cedula1 in /home/soluctem/sistema.soluctem.com.co/api/submit.php on line 55
[16-Nov-2024 18:35:08 UTC] PHP Notice:  Undefined index: horaEntrada1 in /home/soluctem/sistema.soluctem.com.co/api/submit.php on line 56
[16-Nov-2024 18:35:08 UTC] PHP Notice:  Undefined index: horaSalida1 in /home/soluctem/sistema.soluctem.com.co/api/submit.php on line 57
[16-Nov-2024 18:35:08 UTC] PHP Notice:  Undefined index: contratista2 in /home/soluctem/sistema.soluctem.com.co/api/submit.php on line 58
[16-Nov-2024 18:35:08 UTC] PHP Notice:  Undefined index: cedula2 in /home/soluctem/sistema.soluctem.com.co/api/submit.php on line 59
[16-Nov-2024 18:35:08 UTC] PHP Notice:  Undefined index: horaEntrada2 in /home/soluctem/sistema.soluctem.com.co/api/submit.php on line 60
[16-Nov-2024 18:35:08 UTC] PHP Notice:  Undefined index: horaSalida2 in /home/soluctem/sistema.soluctem.com.co/api/submit.php on line 61
[16-Nov-2024 18:35:08 UTC] PHP Notice:  Undefined index: contratista3 in /home/soluctem/sistema.soluctem.com.co/api/submit.php on line 62
[16-Nov-2024 18:35:08 UTC] PHP Notice:  Undefined index: cedula3 in /home/soluctem/sistema.soluctem.com.co/api/submit.php on line 63
[16-Nov-2024 18:35:08 UTC] PHP Notice:  Undefined index: horaEntrada3 in /home/soluctem/sistema.soluctem.com.co/api/submit.php on line 64
[16-Nov-2024 18:35:08 UTC] PHP Notice:  Undefined index: horaSalida3 in /home/soluctem/sistema.soluctem.com.co/api/submit.php on line 65
[16-Nov-2024 18:35:08 UTC] PHP Notice:  Undefined index: contratista4 in /home/soluctem/sistema.soluctem.com.co/api/submit.php on line 66
[16-Nov-2024 18:35:08 UTC] PHP Notice:  Undefined index: cedula4 in /home/soluctem/sistema.soluctem.com.co/api/submit.php on line 67
[16-Nov-2024 18:35:08 UTC] PHP Notice:  Undefined index: horaEntrada4 in /home/soluctem/sistema.soluctem.com.co/api/submit.php on line 68
[16-Nov-2024 18:35:08 UTC] PHP Notice:  Undefined index: horaSalida4 in /home/soluctem/sistema.soluctem.com.co/api/submit.php on line 69
[16-Nov-2024 18:35:08 UTC] PHP Notice:  Undefined index: nombreFuncionario in /home/soluctem/sistema.soluctem.com.co/api/submit.php on line 70
[16-Nov-2024 18:35:08 UTC] PHP Notice:  Undefined index: cedulaFuncionario in /home/soluctem/sistema.soluctem.com.co/api/submit.php on line 71
[16-Nov-2024 18:35:08 UTC] PHP Notice:  Undefined index: cargoFuncionario in /home/soluctem/sistema.soluctem.com.co/api/submit.php on line 72
[16-Nov-2024 18:35:08 UTC] PHP Notice:  Undefined index: sapFuncionario in /home/soluctem/sistema.soluctem.com.co/api/submit.php on line 73
[16-Nov-2024 18:35:08 UTC] PHP Notice:  Undefined index: timestamp in /home/soluctem/sistema.soluctem.com.co/api/submit.php on line 74
[16-Nov-2024 18:35:08 UTC] PHP Notice:  Undefined index: asistenciaReparacion in /home/soluctem/sistema.soluctem.com.co/api/submit.php on line 75
[16-Nov-2024 18:35:08 UTC] PHP Notice:  Undefined index: asistenciaGarantia in /home/soluctem/sistema.soluctem.com.co/api/submit.php on line 76
[16-Nov-2024 18:35:08 UTC] PHP Notice:  Undefined index: asistenciaAjuste in /home/soluctem/sistema.soluctem.com.co/api/submit.php on line 77
[16-Nov-2024 18:35:08 UTC] PHP Notice:  Undefined index: asistenciaModificacion in /home/soluctem/sistema.soluctem.com.co/api/submit.php on line 78
[16-Nov-2024 18:35:08 UTC] PHP Notice:  Undefined index: asistenciaServicio in /home/soluctem/sistema.soluctem.com.co/api/submit.php on line 79
[16-Nov-2024 18:35:08 UTC] PHP Notice:  Undefined index: asistenciaMejora in /home/soluctem/sistema.soluctem.com.co/api/submit.php on line 80
[16-Nov-2024 18:35:08 UTC] PHP Notice:  Undefined index: asistenciaCombinacion in /home/soluctem/sistema.soluctem.com.co/api/submit.php on line 81
[16-Nov-2024 18:35:08 UTC] PHP Notice:  Undefined index: fallaOperacion in /home/soluctem/sistema.soluctem.com.co/api/submit.php on line 82
[16-Nov-2024 18:35:08 UTC] PHP Notice:  Undefined index: fallaMecanica in /home/soluctem/sistema.soluctem.com.co/api/submit.php on line 83
[16-Nov-2024 18:35:08 UTC] PHP Notice:  Undefined index: fallaElectrica in /home/soluctem/sistema.soluctem.com.co/api/submit.php on line 84
[16-Nov-2024 18:35:08 UTC] PHP Notice:  Undefined index: fallaTerceros in /home/soluctem/sistema.soluctem.com.co/api/submit.php on line 85
[16-Nov-2024 18:35:08 UTC] PHP Notice:  Undefined index: fallaFabricacion in /home/soluctem/sistema.soluctem.com.co/api/submit.php on line 86
[16-Nov-2024 18:35:08 UTC] PHP Notice:  Undefined index: firma_digital_cliente in /home/soluctem/sistema.soluctem.com.co/api/submit.php on line 87
[16-Nov-2024 18:35:08 UTC] PHP Notice:  Undefined index: firma_digital_tecnico in /home/soluctem/sistema.soluctem.com.co/api/submit.php on line 88
[16-Nov-2024 18:51:07 UTC] PHP Notice:  Undefined index: nombreSolicitante in /home/soluctem/sistema.soluctem.com.co/api/submit.php on line 29
[16-Nov-2024 18:51:07 UTC] PHP Notice:  Undefined index: cargo in /home/soluctem/sistema.soluctem.com.co/api/submit.php on line 30
[16-Nov-2024 18:51:07 UTC] PHP Notice:  Undefined index: nombreTienda in /home/soluctem/sistema.soluctem.com.co/api/submit.php on line 31
[16-Nov-2024 18:51:07 UTC] PHP Notice:  Undefined index: numeroTienda in /home/soluctem/sistema.soluctem.com.co/api/submit.php on line 32
[16-Nov-2024 18:51:07 UTC] PHP Notice:  Undefined index: numeroTicket in /home/soluctem/sistema.soluctem.com.co/api/submit.php on line 33
[16-Nov-2024 18:51:07 UTC] PHP Notice:  Undefined index: fecha in /home/soluctem/sistema.soluctem.com.co/api/submit.php on line 34
[16-Nov-2024 18:51:07 UTC] PHP Notice:  Undefined index: municipio in /home/soluctem/sistema.soluctem.com.co/api/submit.php on line 35
[16-Nov-2024 18:51:07 UTC] PHP Notice:  Undefined index: departamento in /home/soluctem/sistema.soluctem.com.co/api/submit.php on line 36
[16-Nov-2024 18:51:07 UTC] PHP Notice:  Undefined index: nombreEquipo in /home/soluctem/sistema.soluctem.com.co/api/submit.php on line 37
[16-Nov-2024 18:51:07 UTC] PHP Notice:  Undefined index: marca in /home/soluctem/sistema.soluctem.com.co/api/submit.php on line 38
[16-Nov-2024 18:51:07 UTC] PHP Notice:  Undefined index: serial in /home/soluctem/sistema.soluctem.com.co/api/submit.php on line 39
[16-Nov-2024 18:51:07 UTC] PHP Notice:  Undefined index: descripcionFalla in /home/soluctem/sistema.soluctem.com.co/api/submit.php on line 40
[16-Nov-2024 18:51:07 UTC] PHP Notice:  Undefined index: diagnosticoTecnico in /home/soluctem/sistema.soluctem.com.co/api/submit.php on line 41
[16-Nov-2024 18:51:07 UTC] PHP Notice:  Undefined index: repuestosCambiados in /home/soluctem/sistema.soluctem.com.co/api/submit.php on line 42
[16-Nov-2024 18:51:07 UTC] PHP Notice:  Undefined index: observaciones in /home/soluctem/sistema.soluctem.com.co/api/submit.php on line 43
[16-Nov-2024 18:51:07 UTC] PHP Notice:  Undefined index: seguridadRiesgoAccidentalidad in /home/soluctem/sistema.soluctem.com.co/api/submit.php on line 44
[16-Nov-2024 18:51:07 UTC] PHP Notice:  Undefined index: seguridadRiesgoEquipo in /home/soluctem/sistema.soluctem.com.co/api/submit.php on line 45
[16-Nov-2024 18:51:07 UTC] PHP Notice:  Undefined index: funcionamientoFallaSolucionada in /home/soluctem/sistema.soluctem.com.co/api/submit.php on line 46
[16-Nov-2024 18:51:07 UTC] PHP Notice:  Undefined index: funcionamientoPasosNormales in /home/soluctem/sistema.soluctem.com.co/api/submit.php on line 47
[16-Nov-2024 18:51:07 UTC] PHP Notice:  Undefined index: calidadTrabajo in /home/soluctem/sistema.soluctem.com.co/api/submit.php on line 48
[16-Nov-2024 18:51:07 UTC] PHP Notice:  Undefined index: limpiezaOrganizacionArmado in /home/soluctem/sistema.soluctem.com.co/api/submit.php on line 49
[16-Nov-2024 18:51:07 UTC] PHP Notice:  Undefined index: limpiezaOrganizacionAseado in /home/soluctem/sistema.soluctem.com.co/api/submit.php on line 50
[16-Nov-2024 18:51:07 UTC] PHP Notice:  Undefined index: capacitacionCausa in /home/soluctem/sistema.soluctem.com.co/api/submit.php on line 51
[16-Nov-2024 18:51:07 UTC] PHP Notice:  Undefined index: capacitacionPrevencion in /home/soluctem/sistema.soluctem.com.co/api/submit.php on line 52
[16-Nov-2024 18:51:07 UTC] PHP Notice:  Undefined index: capacitacionAccion in /home/soluctem/sistema.soluctem.com.co/api/submit.php on line 53
[16-Nov-2024 18:51:07 UTC] PHP Notice:  Undefined index: contratista1 in /home/soluctem/sistema.soluctem.com.co/api/submit.php on line 54
[16-Nov-2024 18:51:07 UTC] PHP Notice:  Undefined index: cedula1 in /home/soluctem/sistema.soluctem.com.co/api/submit.php on line 55
[16-Nov-2024 18:51:07 UTC] PHP Notice:  Undefined index: horaEntrada1 in /home/soluctem/sistema.soluctem.com.co/api/submit.php on line 56
[16-Nov-2024 18:51:07 UTC] PHP Notice:  Undefined index: horaSalida1 in /home/soluctem/sistema.soluctem.com.co/api/submit.php on line 57
[16-Nov-2024 18:51:07 UTC] PHP Notice:  Undefined index: contratista2 in /home/soluctem/sistema.soluctem.com.co/api/submit.php on line 58
[16-Nov-2024 18:51:07 UTC] PHP Notice:  Undefined index: cedula2 in /home/soluctem/sistema.soluctem.com.co/api/submit.php on line 59
[16-Nov-2024 18:51:07 UTC] PHP Notice:  Undefined index: horaEntrada2 in /home/soluctem/sistema.soluctem.com.co/api/submit.php on line 60
[16-Nov-2024 18:51:07 UTC] PHP Notice:  Undefined index: horaSalida2 in /home/soluctem/sistema.soluctem.com.co/api/submit.php on line 61
[16-Nov-2024 18:51:07 UTC] PHP Notice:  Undefined index: contratista3 in /home/soluctem/sistema.soluctem.com.co/api/submit.php on line 62
[16-Nov-2024 18:51:07 UTC] PHP Notice:  Undefined index: cedula3 in /home/soluctem/sistema.soluctem.com.co/api/submit.php on line 63
[16-Nov-2024 18:51:07 UTC] PHP Notice:  Undefined index: horaEntrada3 in /home/soluctem/sistema.soluctem.com.co/api/submit.php on line 64
[16-Nov-2024 18:51:07 UTC] PHP Notice:  Undefined index: horaSalida3 in /home/soluctem/sistema.soluctem.com.co/api/submit.php on line 65
[16-Nov-2024 18:51:07 UTC] PHP Notice:  Undefined index: contratista4 in /home/soluctem/sistema.soluctem.com.co/api/submit.php on line 66
[16-Nov-2024 18:51:07 UTC] PHP Notice:  Undefined index: cedula4 in /home/soluctem/sistema.soluctem.com.co/api/submit.php on line 67
[16-Nov-2024 18:51:07 UTC] PHP Notice:  Undefined index: horaEntrada4 in /home/soluctem/sistema.soluctem.com.co/api/submit.php on line 68
[16-Nov-2024 18:51:07 UTC] PHP Notice:  Undefined index: horaSalida4 in /home/soluctem/sistema.soluctem.com.co/api/submit.php on line 69
[16-Nov-2024 18:51:07 UTC] PHP Notice:  Undefined index: nombreFuncionario in /home/soluctem/sistema.soluctem.com.co/api/submit.php on line 70
[16-Nov-2024 18:51:07 UTC] PHP Notice:  Undefined index: cedulaFuncionario in /home/soluctem/sistema.soluctem.com.co/api/submit.php on line 71
[16-Nov-2024 18:51:07 UTC] PHP Notice:  Undefined index: cargoFuncionario in /home/soluctem/sistema.soluctem.com.co/api/submit.php on line 72
[16-Nov-2024 18:51:07 UTC] PHP Notice:  Undefined index: sapFuncionario in /home/soluctem/sistema.soluctem.com.co/api/submit.php on line 73
[16-Nov-2024 18:51:07 UTC] PHP Notice:  Undefined index: timestamp in /home/soluctem/sistema.soluctem.com.co/api/submit.php on line 74
[16-Nov-2024 18:51:07 UTC] PHP Notice:  Undefined index: asistenciaReparacion in /home/soluctem/sistema.soluctem.com.co/api/submit.php on line 75
[16-Nov-2024 18:51:07 UTC] PHP Notice:  Undefined index: asistenciaGarantia in /home/soluctem/sistema.soluctem.com.co/api/submit.php on line 76
[16-Nov-2024 18:51:07 UTC] PHP Notice:  Undefined index: asistenciaAjuste in /home/soluctem/sistema.soluctem.com.co/api/submit.php on line 77
[16-Nov-2024 18:51:07 UTC] PHP Notice:  Undefined index: asistenciaModificacion in /home/soluctem/sistema.soluctem.com.co/api/submit.php on line 78
[16-Nov-2024 18:51:07 UTC] PHP Notice:  Undefined index: asistenciaServicio in /home/soluctem/sistema.soluctem.com.co/api/submit.php on line 79
[16-Nov-2024 18:51:07 UTC] PHP Notice:  Undefined index: asistenciaMejora in /home/soluctem/sistema.soluctem.com.co/api/submit.php on line 80
[16-Nov-2024 18:51:07 UTC] PHP Notice:  Undefined index: asistenciaCombinacion in /home/soluctem/sistema.soluctem.com.co/api/submit.php on line 81
[16-Nov-2024 18:51:07 UTC] PHP Notice:  Undefined index: fallaOperacion in /home/soluctem/sistema.soluctem.com.co/api/submit.php on line 82
[16-Nov-2024 18:51:07 UTC] PHP Notice:  Undefined index: fallaMecanica in /home/soluctem/sistema.soluctem.com.co/api/submit.php on line 83
[16-Nov-2024 18:51:07 UTC] PHP Notice:  Undefined index: fallaElectrica in /home/soluctem/sistema.soluctem.com.co/api/submit.php on line 84
[16-Nov-2024 18:51:07 UTC] PHP Notice:  Undefined index: fallaTerceros in /home/soluctem/sistema.soluctem.com.co/api/submit.php on line 85
[16-Nov-2024 18:51:07 UTC] PHP Notice:  Undefined index: fallaFabricacion in /home/soluctem/sistema.soluctem.com.co/api/submit.php on line 86
[16-Nov-2024 18:51:07 UTC] PHP Notice:  Undefined index: firma_digital_cliente in /home/soluctem/sistema.soluctem.com.co/api/submit.php on line 87
[16-Nov-2024 18:51:07 UTC] PHP Notice:  Undefined index: firma_digital_tecnico in /home/soluctem/sistema.soluctem.com.co/api/submit.php on line 88
[13-Dec-2024 17:51:09 UTC] PHP Notice:  Undefined index: nombreSolicitante in /home/soluctem/sistema.soluctem.com.co/api/submit.php on line 29
[13-Dec-2024 17:51:09 UTC] PHP Notice:  Undefined index: cargo in /home/soluctem/sistema.soluctem.com.co/api/submit.php on line 30
[13-Dec-2024 17:51:09 UTC] PHP Notice:  Undefined index: nombreTienda in /home/soluctem/sistema.soluctem.com.co/api/submit.php on line 31
[13-Dec-2024 17:51:09 UTC] PHP Notice:  Undefined index: numeroTienda in /home/soluctem/sistema.soluctem.com.co/api/submit.php on line 32
[13-Dec-2024 17:51:09 UTC] PHP Notice:  Undefined index: numeroTicket in /home/soluctem/sistema.soluctem.com.co/api/submit.php on line 33
[13-Dec-2024 17:51:09 UTC] PHP Notice:  Undefined index: fecha in /home/soluctem/sistema.soluctem.com.co/api/submit.php on line 34
[13-Dec-2024 17:51:09 UTC] PHP Notice:  Undefined index: municipio in /home/soluctem/sistema.soluctem.com.co/api/submit.php on line 35
[13-Dec-2024 17:51:09 UTC] PHP Notice:  Undefined index: departamento in /home/soluctem/sistema.soluctem.com.co/api/submit.php on line 36
[13-Dec-2024 17:51:09 UTC] PHP Notice:  Undefined index: nombreEquipo in /home/soluctem/sistema.soluctem.com.co/api/submit.php on line 37
[13-Dec-2024 17:51:09 UTC] PHP Notice:  Undefined index: marca in /home/soluctem/sistema.soluctem.com.co/api/submit.php on line 38
[13-Dec-2024 17:51:09 UTC] PHP Notice:  Undefined index: serial in /home/soluctem/sistema.soluctem.com.co/api/submit.php on line 39
[13-Dec-2024 17:51:09 UTC] PHP Notice:  Undefined index: descripcionFalla in /home/soluctem/sistema.soluctem.com.co/api/submit.php on line 40
[13-Dec-2024 17:51:09 UTC] PHP Notice:  Undefined index: diagnosticoTecnico in /home/soluctem/sistema.soluctem.com.co/api/submit.php on line 41
[13-Dec-2024 17:51:09 UTC] PHP Notice:  Undefined index: repuestosCambiados in /home/soluctem/sistema.soluctem.com.co/api/submit.php on line 42
[13-Dec-2024 17:51:09 UTC] PHP Notice:  Undefined index: observaciones in /home/soluctem/sistema.soluctem.com.co/api/submit.php on line 43
[13-Dec-2024 17:51:09 UTC] PHP Notice:  Undefined index: seguridadRiesgoAccidentalidad in /home/soluctem/sistema.soluctem.com.co/api/submit.php on line 44
[13-Dec-2024 17:51:09 UTC] PHP Notice:  Undefined index: seguridadRiesgoEquipo in /home/soluctem/sistema.soluctem.com.co/api/submit.php on line 45
[13-Dec-2024 17:51:09 UTC] PHP Notice:  Undefined index: funcionamientoFallaSolucionada in /home/soluctem/sistema.soluctem.com.co/api/submit.php on line 46
[13-Dec-2024 17:51:09 UTC] PHP Notice:  Undefined index: funcionamientoPasosNormales in /home/soluctem/sistema.soluctem.com.co/api/submit.php on line 47
[13-Dec-2024 17:51:09 UTC] PHP Notice:  Undefined index: calidadTrabajo in /home/soluctem/sistema.soluctem.com.co/api/submit.php on line 48
[13-Dec-2024 17:51:09 UTC] PHP Notice:  Undefined index: limpiezaOrganizacionArmado in /home/soluctem/sistema.soluctem.com.co/api/submit.php on line 49
[13-Dec-2024 17:51:09 UTC] PHP Notice:  Undefined index: limpiezaOrganizacionAseado in /home/soluctem/sistema.soluctem.com.co/api/submit.php on line 50
[13-Dec-2024 17:51:09 UTC] PHP Notice:  Undefined index: capacitacionCausa in /home/soluctem/sistema.soluctem.com.co/api/submit.php on line 51
[13-Dec-2024 17:51:09 UTC] PHP Notice:  Undefined index: capacitacionPrevencion in /home/soluctem/sistema.soluctem.com.co/api/submit.php on line 52
[13-Dec-2024 17:51:09 UTC] PHP Notice:  Undefined index: capacitacionAccion in /home/soluctem/sistema.soluctem.com.co/api/submit.php on line 53
[13-Dec-2024 17:51:09 UTC] PHP Notice:  Undefined index: contratista1 in /home/soluctem/sistema.soluctem.com.co/api/submit.php on line 54
[13-Dec-2024 17:51:09 UTC] PHP Notice:  Undefined index: cedula1 in /home/soluctem/sistema.soluctem.com.co/api/submit.php on line 55
[13-Dec-2024 17:51:09 UTC] PHP Notice:  Undefined index: horaEntrada1 in /home/soluctem/sistema.soluctem.com.co/api/submit.php on line 56
[13-Dec-2024 17:51:09 UTC] PHP Notice:  Undefined index: horaSalida1 in /home/soluctem/sistema.soluctem.com.co/api/submit.php on line 57
[13-Dec-2024 17:51:09 UTC] PHP Notice:  Undefined index: contratista2 in /home/soluctem/sistema.soluctem.com.co/api/submit.php on line 58
[13-Dec-2024 17:51:09 UTC] PHP Notice:  Undefined index: cedula2 in /home/soluctem/sistema.soluctem.com.co/api/submit.php on line 59
[13-Dec-2024 17:51:09 UTC] PHP Notice:  Undefined index: horaEntrada2 in /home/soluctem/sistema.soluctem.com.co/api/submit.php on line 60
[13-Dec-2024 17:51:09 UTC] PHP Notice:  Undefined index: horaSalida2 in /home/soluctem/sistema.soluctem.com.co/api/submit.php on line 61
[13-Dec-2024 17:51:09 UTC] PHP Notice:  Undefined index: contratista3 in /home/soluctem/sistema.soluctem.com.co/api/submit.php on line 62
[13-Dec-2024 17:51:09 UTC] PHP Notice:  Undefined index: cedula3 in /home/soluctem/sistema.soluctem.com.co/api/submit.php on line 63
[13-Dec-2024 17:51:09 UTC] PHP Notice:  Undefined index: horaEntrada3 in /home/soluctem/sistema.soluctem.com.co/api/submit.php on line 64
[13-Dec-2024 17:51:09 UTC] PHP Notice:  Undefined index: horaSalida3 in /home/soluctem/sistema.soluctem.com.co/api/submit.php on line 65
[13-Dec-2024 17:51:09 UTC] PHP Notice:  Undefined index: contratista4 in /home/soluctem/sistema.soluctem.com.co/api/submit.php on line 66
[13-Dec-2024 17:51:09 UTC] PHP Notice:  Undefined index: cedula4 in /home/soluctem/sistema.soluctem.com.co/api/submit.php on line 67
[13-Dec-2024 17:51:09 UTC] PHP Notice:  Undefined index: horaEntrada4 in /home/soluctem/sistema.soluctem.com.co/api/submit.php on line 68
[13-Dec-2024 17:51:09 UTC] PHP Notice:  Undefined index: horaSalida4 in /home/soluctem/sistema.soluctem.com.co/api/submit.php on line 69
[13-Dec-2024 17:51:09 UTC] PHP Notice:  Undefined index: nombreFuncionario in /home/soluctem/sistema.soluctem.com.co/api/submit.php on line 70
[13-Dec-2024 17:51:09 UTC] PHP Notice:  Undefined index: cedulaFuncionario in /home/soluctem/sistema.soluctem.com.co/api/submit.php on line 71
[13-Dec-2024 17:51:09 UTC] PHP Notice:  Undefined index: cargoFuncionario in /home/soluctem/sistema.soluctem.com.co/api/submit.php on line 72
[13-Dec-2024 17:51:09 UTC] PHP Notice:  Undefined index: sapFuncionario in /home/soluctem/sistema.soluctem.com.co/api/submit.php on line 73
[13-Dec-2024 17:51:09 UTC] PHP Notice:  Undefined index: timestamp in /home/soluctem/sistema.soluctem.com.co/api/submit.php on line 74
[13-Dec-2024 17:51:09 UTC] PHP Notice:  Undefined index: asistenciaReparacion in /home/soluctem/sistema.soluctem.com.co/api/submit.php on line 75
[13-Dec-2024 17:51:09 UTC] PHP Notice:  Undefined index: asistenciaGarantia in /home/soluctem/sistema.soluctem.com.co/api/submit.php on line 76
[13-Dec-2024 17:51:09 UTC] PHP Notice:  Undefined index: asistenciaAjuste in /home/soluctem/sistema.soluctem.com.co/api/submit.php on line 77
[13-Dec-2024 17:51:09 UTC] PHP Notice:  Undefined index: asistenciaModificacion in /home/soluctem/sistema.soluctem.com.co/api/submit.php on line 78
[13-Dec-2024 17:51:09 UTC] PHP Notice:  Undefined index: asistenciaServicio in /home/soluctem/sistema.soluctem.com.co/api/submit.php on line 79
[13-Dec-2024 17:51:09 UTC] PHP Notice:  Undefined index: asistenciaMejora in /home/soluctem/sistema.soluctem.com.co/api/submit.php on line 80
[13-Dec-2024 17:51:09 UTC] PHP Notice:  Undefined index: asistenciaCombinacion in /home/soluctem/sistema.soluctem.com.co/api/submit.php on line 81
[13-Dec-2024 17:51:09 UTC] PHP Notice:  Undefined index: fallaOperacion in /home/soluctem/sistema.soluctem.com.co/api/submit.php on line 82
[13-Dec-2024 17:51:09 UTC] PHP Notice:  Undefined index: fallaMecanica in /home/soluctem/sistema.soluctem.com.co/api/submit.php on line 83
[13-Dec-2024 17:51:09 UTC] PHP Notice:  Undefined index: fallaElectrica in /home/soluctem/sistema.soluctem.com.co/api/submit.php on line 84
[13-Dec-2024 17:51:09 UTC] PHP Notice:  Undefined index: fallaTerceros in /home/soluctem/sistema.soluctem.com.co/api/submit.php on line 85
[13-Dec-2024 17:51:09 UTC] PHP Notice:  Undefined index: fallaFabricacion in /home/soluctem/sistema.soluctem.com.co/api/submit.php on line 86
[13-Dec-2024 17:51:09 UTC] PHP Notice:  Undefined index: firma_digital_cliente in /home/soluctem/sistema.soluctem.com.co/api/submit.php on line 87
[13-Dec-2024 17:51:09 UTC] PHP Notice:  Undefined index: firma_digital_tecnico in /home/soluctem/sistema.soluctem.com.co/api/submit.php on line 88
[13-Dec-2024 18:15:55 UTC] PHP Notice:  Undefined index: nombreSolicitante in /home/soluctem/sistema.soluctem.com.co/api/submit.php on line 29
[13-Dec-2024 18:15:55 UTC] PHP Notice:  Undefined index: cargo in /home/soluctem/sistema.soluctem.com.co/api/submit.php on line 30
[13-Dec-2024 18:15:55 UTC] PHP Notice:  Undefined index: nombreTienda in /home/soluctem/sistema.soluctem.com.co/api/submit.php on line 31
[13-Dec-2024 18:15:55 UTC] PHP Notice:  Undefined index: numeroTienda in /home/soluctem/sistema.soluctem.com.co/api/submit.php on line 32
[13-Dec-2024 18:15:55 UTC] PHP Notice:  Undefined index: numeroTicket in /home/soluctem/sistema.soluctem.com.co/api/submit.php on line 33
[13-Dec-2024 18:15:55 UTC] PHP Notice:  Undefined index: fecha in /home/soluctem/sistema.soluctem.com.co/api/submit.php on line 34
[13-Dec-2024 18:15:55 UTC] PHP Notice:  Undefined index: municipio in /home/soluctem/sistema.soluctem.com.co/api/submit.php on line 35
[13-Dec-2024 18:15:55 UTC] PHP Notice:  Undefined index: departamento in /home/soluctem/sistema.soluctem.com.co/api/submit.php on line 36
[13-Dec-2024 18:15:55 UTC] PHP Notice:  Undefined index: nombreEquipo in /home/soluctem/sistema.soluctem.com.co/api/submit.php on line 37
[13-Dec-2024 18:15:55 UTC] PHP Notice:  Undefined index: marca in /home/soluctem/sistema.soluctem.com.co/api/submit.php on line 38
[13-Dec-2024 18:15:55 UTC] PHP Notice:  Undefined index: serial in /home/soluctem/sistema.soluctem.com.co/api/submit.php on line 39
[13-Dec-2024 18:15:55 UTC] PHP Notice:  Undefined index: descripcionFalla in /home/soluctem/sistema.soluctem.com.co/api/submit.php on line 40
[13-Dec-2024 18:15:55 UTC] PHP Notice:  Undefined index: diagnosticoTecnico in /home/soluctem/sistema.soluctem.com.co/api/submit.php on line 41
[13-Dec-2024 18:15:55 UTC] PHP Notice:  Undefined index: repuestosCambiados in /home/soluctem/sistema.soluctem.com.co/api/submit.php on line 42
[13-Dec-2024 18:15:55 UTC] PHP Notice:  Undefined index: observaciones in /home/soluctem/sistema.soluctem.com.co/api/submit.php on line 43
[13-Dec-2024 18:15:55 UTC] PHP Notice:  Undefined index: seguridadRiesgoAccidentalidad in /home/soluctem/sistema.soluctem.com.co/api/submit.php on line 44
[13-Dec-2024 18:15:55 UTC] PHP Notice:  Undefined index: seguridadRiesgoEquipo in /home/soluctem/sistema.soluctem.com.co/api/submit.php on line 45
[13-Dec-2024 18:15:55 UTC] PHP Notice:  Undefined index: funcionamientoFallaSolucionada in /home/soluctem/sistema.soluctem.com.co/api/submit.php on line 46
[13-Dec-2024 18:15:55 UTC] PHP Notice:  Undefined index: funcionamientoPasosNormales in /home/soluctem/sistema.soluctem.com.co/api/submit.php on line 47
[13-Dec-2024 18:15:55 UTC] PHP Notice:  Undefined index: calidadTrabajo in /home/soluctem/sistema.soluctem.com.co/api/submit.php on line 48
[13-Dec-2024 18:15:55 UTC] PHP Notice:  Undefined index: limpiezaOrganizacionArmado in /home/soluctem/sistema.soluctem.com.co/api/submit.php on line 49
[13-Dec-2024 18:15:55 UTC] PHP Notice:  Undefined index: limpiezaOrganizacionAseado in /home/soluctem/sistema.soluctem.com.co/api/submit.php on line 50
[13-Dec-2024 18:15:55 UTC] PHP Notice:  Undefined index: capacitacionCausa in /home/soluctem/sistema.soluctem.com.co/api/submit.php on line 51
[13-Dec-2024 18:15:55 UTC] PHP Notice:  Undefined index: capacitacionPrevencion in /home/soluctem/sistema.soluctem.com.co/api/submit.php on line 52
[13-Dec-2024 18:15:55 UTC] PHP Notice:  Undefined index: capacitacionAccion in /home/soluctem/sistema.soluctem.com.co/api/submit.php on line 53
[13-Dec-2024 18:15:55 UTC] PHP Notice:  Undefined index: contratista1 in /home/soluctem/sistema.soluctem.com.co/api/submit.php on line 54
[13-Dec-2024 18:15:55 UTC] PHP Notice:  Undefined index: cedula1 in /home/soluctem/sistema.soluctem.com.co/api/submit.php on line 55
[13-Dec-2024 18:15:55 UTC] PHP Notice:  Undefined index: horaEntrada1 in /home/soluctem/sistema.soluctem.com.co/api/submit.php on line 56
[13-Dec-2024 18:15:55 UTC] PHP Notice:  Undefined index: horaSalida1 in /home/soluctem/sistema.soluctem.com.co/api/submit.php on line 57
[13-Dec-2024 18:15:55 UTC] PHP Notice:  Undefined index: contratista2 in /home/soluctem/sistema.soluctem.com.co/api/submit.php on line 58
[13-Dec-2024 18:15:55 UTC] PHP Notice:  Undefined index: cedula2 in /home/soluctem/sistema.soluctem.com.co/api/submit.php on line 59
[13-Dec-2024 18:15:55 UTC] PHP Notice:  Undefined index: horaEntrada2 in /home/soluctem/sistema.soluctem.com.co/api/submit.php on line 60
[13-Dec-2024 18:15:55 UTC] PHP Notice:  Undefined index: horaSalida2 in /home/soluctem/sistema.soluctem.com.co/api/submit.php on line 61
[13-Dec-2024 18:15:55 UTC] PHP Notice:  Undefined index: contratista3 in /home/soluctem/sistema.soluctem.com.co/api/submit.php on line 62
[13-Dec-2024 18:15:55 UTC] PHP Notice:  Undefined index: cedula3 in /home/soluctem/sistema.soluctem.com.co/api/submit.php on line 63
[13-Dec-2024 18:15:55 UTC] PHP Notice:  Undefined index: horaEntrada3 in /home/soluctem/sistema.soluctem.com.co/api/submit.php on line 64
[13-Dec-2024 18:15:55 UTC] PHP Notice:  Undefined index: horaSalida3 in /home/soluctem/sistema.soluctem.com.co/api/submit.php on line 65
[13-Dec-2024 18:15:55 UTC] PHP Notice:  Undefined index: contratista4 in /home/soluctem/sistema.soluctem.com.co/api/submit.php on line 66
[13-Dec-2024 18:15:55 UTC] PHP Notice:  Undefined index: cedula4 in /home/soluctem/sistema.soluctem.com.co/api/submit.php on line 67
[13-Dec-2024 18:15:55 UTC] PHP Notice:  Undefined index: horaEntrada4 in /home/soluctem/sistema.soluctem.com.co/api/submit.php on line 68
[13-Dec-2024 18:15:55 UTC] PHP Notice:  Undefined index: horaSalida4 in /home/soluctem/sistema.soluctem.com.co/api/submit.php on line 69
[13-Dec-2024 18:15:55 UTC] PHP Notice:  Undefined index: nombreFuncionario in /home/soluctem/sistema.soluctem.com.co/api/submit.php on line 70
[13-Dec-2024 18:15:55 UTC] PHP Notice:  Undefined index: cedulaFuncionario in /home/soluctem/sistema.soluctem.com.co/api/submit.php on line 71
[13-Dec-2024 18:15:55 UTC] PHP Notice:  Undefined index: cargoFuncionario in /home/soluctem/sistema.soluctem.com.co/api/submit.php on line 72
[13-Dec-2024 18:15:55 UTC] PHP Notice:  Undefined index: sapFuncionario in /home/soluctem/sistema.soluctem.com.co/api/submit.php on line 73
[13-Dec-2024 18:15:55 UTC] PHP Notice:  Undefined index: timestamp in /home/soluctem/sistema.soluctem.com.co/api/submit.php on line 74
[13-Dec-2024 18:15:55 UTC] PHP Notice:  Undefined index: asistenciaReparacion in /home/soluctem/sistema.soluctem.com.co/api/submit.php on line 75
[13-Dec-2024 18:15:55 UTC] PHP Notice:  Undefined index: asistenciaGarantia in /home/soluctem/sistema.soluctem.com.co/api/submit.php on line 76
[13-Dec-2024 18:15:55 UTC] PHP Notice:  Undefined index: asistenciaAjuste in /home/soluctem/sistema.soluctem.com.co/api/submit.php on line 77
[13-Dec-2024 18:15:55 UTC] PHP Notice:  Undefined index: asistenciaModificacion in /home/soluctem/sistema.soluctem.com.co/api/submit.php on line 78
[13-Dec-2024 18:15:55 UTC] PHP Notice:  Undefined index: asistenciaServicio in /home/soluctem/sistema.soluctem.com.co/api/submit.php on line 79
[13-Dec-2024 18:15:55 UTC] PHP Notice:  Undefined index: asistenciaMejora in /home/soluctem/sistema.soluctem.com.co/api/submit.php on line 80
[13-Dec-2024 18:15:55 UTC] PHP Notice:  Undefined index: asistenciaCombinacion in /home/soluctem/sistema.soluctem.com.co/api/submit.php on line 81
[13-Dec-2024 18:15:55 UTC] PHP Notice:  Undefined index: fallaOperacion in /home/soluctem/sistema.soluctem.com.co/api/submit.php on line 82
[13-Dec-2024 18:15:55 UTC] PHP Notice:  Undefined index: fallaMecanica in /home/soluctem/sistema.soluctem.com.co/api/submit.php on line 83
[13-Dec-2024 18:15:55 UTC] PHP Notice:  Undefined index: fallaElectrica in /home/soluctem/sistema.soluctem.com.co/api/submit.php on line 84
[13-Dec-2024 18:15:55 UTC] PHP Notice:  Undefined index: fallaTerceros in /home/soluctem/sistema.soluctem.com.co/api/submit.php on line 85
[13-Dec-2024 18:15:55 UTC] PHP Notice:  Undefined index: fallaFabricacion in /home/soluctem/sistema.soluctem.com.co/api/submit.php on line 86
[13-Dec-2024 18:15:55 UTC] PHP Notice:  Undefined index: firma_digital_cliente in /home/soluctem/sistema.soluctem.com.co/api/submit.php on line 87
[13-Dec-2024 18:15:55 UTC] PHP Notice:  Undefined index: firma_digital_tecnico in /home/soluctem/sistema.soluctem.com.co/api/submit.php on line 88
[28-Dec-2024 23:01:26 UTC] PHP Notice:  Undefined index: nombreSolicitante in /home/soluctem/sistema.soluctem.com.co/api/submit.php on line 29
[28-Dec-2024 23:01:26 UTC] PHP Notice:  Undefined index: cargo in /home/soluctem/sistema.soluctem.com.co/api/submit.php on line 30
[28-Dec-2024 23:01:26 UTC] PHP Notice:  Undefined index: nombreTienda in /home/soluctem/sistema.soluctem.com.co/api/submit.php on line 31
[28-Dec-2024 23:01:26 UTC] PHP Notice:  Undefined index: numeroTienda in /home/soluctem/sistema.soluctem.com.co/api/submit.php on line 32
[28-Dec-2024 23:01:26 UTC] PHP Notice:  Undefined index: numeroTicket in /home/soluctem/sistema.soluctem.com.co/api/submit.php on line 33
[28-Dec-2024 23:01:26 UTC] PHP Notice:  Undefined index: fecha in /home/soluctem/sistema.soluctem.com.co/api/submit.php on line 34
[28-Dec-2024 23:01:26 UTC] PHP Notice:  Undefined index: municipio in /home/soluctem/sistema.soluctem.com.co/api/submit.php on line 35
[28-Dec-2024 23:01:26 UTC] PHP Notice:  Undefined index: departamento in /home/soluctem/sistema.soluctem.com.co/api/submit.php on line 36
[28-Dec-2024 23:01:26 UTC] PHP Notice:  Undefined index: nombreEquipo in /home/soluctem/sistema.soluctem.com.co/api/submit.php on line 37
[28-Dec-2024 23:01:26 UTC] PHP Notice:  Undefined index: marca in /home/soluctem/sistema.soluctem.com.co/api/submit.php on line 38
[28-Dec-2024 23:01:26 UTC] PHP Notice:  Undefined index: serial in /home/soluctem/sistema.soluctem.com.co/api/submit.php on line 39
[28-Dec-2024 23:01:26 UTC] PHP Notice:  Undefined index: descripcionFalla in /home/soluctem/sistema.soluctem.com.co/api/submit.php on line 40
[28-Dec-2024 23:01:26 UTC] PHP Notice:  Undefined index: diagnosticoTecnico in /home/soluctem/sistema.soluctem.com.co/api/submit.php on line 41
[28-Dec-2024 23:01:26 UTC] PHP Notice:  Undefined index: repuestosCambiados in /home/soluctem/sistema.soluctem.com.co/api/submit.php on line 42
[28-Dec-2024 23:01:26 UTC] PHP Notice:  Undefined index: observaciones in /home/soluctem/sistema.soluctem.com.co/api/submit.php on line 43
[28-Dec-2024 23:01:26 UTC] PHP Notice:  Undefined index: seguridadRiesgoAccidentalidad in /home/soluctem/sistema.soluctem.com.co/api/submit.php on line 44
[28-Dec-2024 23:01:26 UTC] PHP Notice:  Undefined index: seguridadRiesgoEquipo in /home/soluctem/sistema.soluctem.com.co/api/submit.php on line 45
[28-Dec-2024 23:01:26 UTC] PHP Notice:  Undefined index: funcionamientoFallaSolucionada in /home/soluctem/sistema.soluctem.com.co/api/submit.php on line 46
[28-Dec-2024 23:01:26 UTC] PHP Notice:  Undefined index: funcionamientoPasosNormales in /home/soluctem/sistema.soluctem.com.co/api/submit.php on line 47
[28-Dec-2024 23:01:26 UTC] PHP Notice:  Undefined index: calidadTrabajo in /home/soluctem/sistema.soluctem.com.co/api/submit.php on line 48
[28-Dec-2024 23:01:26 UTC] PHP Notice:  Undefined index: limpiezaOrganizacionArmado in /home/soluctem/sistema.soluctem.com.co/api/submit.php on line 49
[28-Dec-2024 23:01:26 UTC] PHP Notice:  Undefined index: limpiezaOrganizacionAseado in /home/soluctem/sistema.soluctem.com.co/api/submit.php on line 50
[28-Dec-2024 23:01:26 UTC] PHP Notice:  Undefined index: capacitacionCausa in /home/soluctem/sistema.soluctem.com.co/api/submit.php on line 51
[28-Dec-2024 23:01:26 UTC] PHP Notice:  Undefined index: capacitacionPrevencion in /home/soluctem/sistema.soluctem.com.co/api/submit.php on line 52
[28-Dec-2024 23:01:26 UTC] PHP Notice:  Undefined index: capacitacionAccion in /home/soluctem/sistema.soluctem.com.co/api/submit.php on line 53
[28-Dec-2024 23:01:26 UTC] PHP Notice:  Undefined index: contratista1 in /home/soluctem/sistema.soluctem.com.co/api/submit.php on line 54
[28-Dec-2024 23:01:26 UTC] PHP Notice:  Undefined index: cedula1 in /home/soluctem/sistema.soluctem.com.co/api/submit.php on line 55
[28-Dec-2024 23:01:26 UTC] PHP Notice:  Undefined index: horaEntrada1 in /home/soluctem/sistema.soluctem.com.co/api/submit.php on line 56
[28-Dec-2024 23:01:26 UTC] PHP Notice:  Undefined index: horaSalida1 in /home/soluctem/sistema.soluctem.com.co/api/submit.php on line 57
[28-Dec-2024 23:01:26 UTC] PHP Notice:  Undefined index: contratista2 in /home/soluctem/sistema.soluctem.com.co/api/submit.php on line 58
[28-Dec-2024 23:01:26 UTC] PHP Notice:  Undefined index: cedula2 in /home/soluctem/sistema.soluctem.com.co/api/submit.php on line 59
[28-Dec-2024 23:01:26 UTC] PHP Notice:  Undefined index: horaEntrada2 in /home/soluctem/sistema.soluctem.com.co/api/submit.php on line 60
[28-Dec-2024 23:01:26 UTC] PHP Notice:  Undefined index: horaSalida2 in /home/soluctem/sistema.soluctem.com.co/api/submit.php on line 61
[28-Dec-2024 23:01:26 UTC] PHP Notice:  Undefined index: contratista3 in /home/soluctem/sistema.soluctem.com.co/api/submit.php on line 62
[28-Dec-2024 23:01:26 UTC] PHP Notice:  Undefined index: cedula3 in /home/soluctem/sistema.soluctem.com.co/api/submit.php on line 63
[28-Dec-2024 23:01:26 UTC] PHP Notice:  Undefined index: horaEntrada3 in /home/soluctem/sistema.soluctem.com.co/api/submit.php on line 64
[28-Dec-2024 23:01:26 UTC] PHP Notice:  Undefined index: horaSalida3 in /home/soluctem/sistema.soluctem.com.co/api/submit.php on line 65
[28-Dec-2024 23:01:26 UTC] PHP Notice:  Undefined index: contratista4 in /home/soluctem/sistema.soluctem.com.co/api/submit.php on line 66
[28-Dec-2024 23:01:26 UTC] PHP Notice:  Undefined index: cedula4 in /home/soluctem/sistema.soluctem.com.co/api/submit.php on line 67
[28-Dec-2024 23:01:26 UTC] PHP Notice:  Undefined index: horaEntrada4 in /home/soluctem/sistema.soluctem.com.co/api/submit.php on line 68
[28-Dec-2024 23:01:26 UTC] PHP Notice:  Undefined index: horaSalida4 in /home/soluctem/sistema.soluctem.com.co/api/submit.php on line 69
[28-Dec-2024 23:01:26 UTC] PHP Notice:  Undefined index: nombreFuncionario in /home/soluctem/sistema.soluctem.com.co/api/submit.php on line 70
[28-Dec-2024 23:01:26 UTC] PHP Notice:  Undefined index: cedulaFuncionario in /home/soluctem/sistema.soluctem.com.co/api/submit.php on line 71
[28-Dec-2024 23:01:26 UTC] PHP Notice:  Undefined index: cargoFuncionario in /home/soluctem/sistema.soluctem.com.co/api/submit.php on line 72
[28-Dec-2024 23:01:26 UTC] PHP Notice:  Undefined index: sapFuncionario in /home/soluctem/sistema.soluctem.com.co/api/submit.php on line 73
[28-Dec-2024 23:01:26 UTC] PHP Notice:  Undefined index: timestamp in /home/soluctem/sistema.soluctem.com.co/api/submit.php on line 74
[28-Dec-2024 23:01:26 UTC] PHP Notice:  Undefined index: asistenciaReparacion in /home/soluctem/sistema.soluctem.com.co/api/submit.php on line 75
[28-Dec-2024 23:01:26 UTC] PHP Notice:  Undefined index: asistenciaGarantia in /home/soluctem/sistema.soluctem.com.co/api/submit.php on line 76
[28-Dec-2024 23:01:26 UTC] PHP Notice:  Undefined index: asistenciaAjuste in /home/soluctem/sistema.soluctem.com.co/api/submit.php on line 77
[28-Dec-2024 23:01:26 UTC] PHP Notice:  Undefined index: asistenciaModificacion in /home/soluctem/sistema.soluctem.com.co/api/submit.php on line 78
[28-Dec-2024 23:01:26 UTC] PHP Notice:  Undefined index: asistenciaServicio in /home/soluctem/sistema.soluctem.com.co/api/submit.php on line 79
[28-Dec-2024 23:01:26 UTC] PHP Notice:  Undefined index: asistenciaMejora in /home/soluctem/sistema.soluctem.com.co/api/submit.php on line 80
[28-Dec-2024 23:01:26 UTC] PHP Notice:  Undefined index: asistenciaCombinacion in /home/soluctem/sistema.soluctem.com.co/api/submit.php on line 81
[28-Dec-2024 23:01:26 UTC] PHP Notice:  Undefined index: fallaOperacion in /home/soluctem/sistema.soluctem.com.co/api/submit.php on line 82
[28-Dec-2024 23:01:26 UTC] PHP Notice:  Undefined index: fallaMecanica in /home/soluctem/sistema.soluctem.com.co/api/submit.php on line 83
[28-Dec-2024 23:01:26 UTC] PHP Notice:  Undefined index: fallaElectrica in /home/soluctem/sistema.soluctem.com.co/api/submit.php on line 84
[28-Dec-2024 23:01:26 UTC] PHP Notice:  Undefined index: fallaTerceros in /home/soluctem/sistema.soluctem.com.co/api/submit.php on line 85
[28-Dec-2024 23:01:26 UTC] PHP Notice:  Undefined index: fallaFabricacion in /home/soluctem/sistema.soluctem.com.co/api/submit.php on line 86
[28-Dec-2024 23:01:26 UTC] PHP Notice:  Undefined index: firma_digital_cliente in /home/soluctem/sistema.soluctem.com.co/api/submit.php on line 87
[28-Dec-2024 23:01:26 UTC] PHP Notice:  Undefined index: firma_digital_tecnico in /home/soluctem/sistema.soluctem.com.co/api/submit.php on line 88
[11-Jan-2025 20:40:16 UTC] PHP Notice:  Undefined index: nombreSolicitante in /home/soluctem/sistema.soluctem.com.co/api/submit.php on line 29
[11-Jan-2025 20:40:16 UTC] PHP Notice:  Undefined index: cargo in /home/soluctem/sistema.soluctem.com.co/api/submit.php on line 30
[11-Jan-2025 20:40:16 UTC] PHP Notice:  Undefined index: nombreTienda in /home/soluctem/sistema.soluctem.com.co/api/submit.php on line 31
[11-Jan-2025 20:40:16 UTC] PHP Notice:  Undefined index: numeroTienda in /home/soluctem/sistema.soluctem.com.co/api/submit.php on line 32
[11-Jan-2025 20:40:16 UTC] PHP Notice:  Undefined index: numeroTicket in /home/soluctem/sistema.soluctem.com.co/api/submit.php on line 33
[11-Jan-2025 20:40:16 UTC] PHP Notice:  Undefined index: fecha in /home/soluctem/sistema.soluctem.com.co/api/submit.php on line 34
[11-Jan-2025 20:40:16 UTC] PHP Notice:  Undefined index: municipio in /home/soluctem/sistema.soluctem.com.co/api/submit.php on line 35
[11-Jan-2025 20:40:16 UTC] PHP Notice:  Undefined index: departamento in /home/soluctem/sistema.soluctem.com.co/api/submit.php on line 36
[11-Jan-2025 20:40:16 UTC] PHP Notice:  Undefined index: nombreEquipo in /home/soluctem/sistema.soluctem.com.co/api/submit.php on line 37
[11-Jan-2025 20:40:16 UTC] PHP Notice:  Undefined index: marca in /home/soluctem/sistema.soluctem.com.co/api/submit.php on line 38
[11-Jan-2025 20:40:16 UTC] PHP Notice:  Undefined index: serial in /home/soluctem/sistema.soluctem.com.co/api/submit.php on line 39
[11-Jan-2025 20:40:16 UTC] PHP Notice:  Undefined index: descripcionFalla in /home/soluctem/sistema.soluctem.com.co/api/submit.php on line 40
[11-Jan-2025 20:40:16 UTC] PHP Notice:  Undefined index: diagnosticoTecnico in /home/soluctem/sistema.soluctem.com.co/api/submit.php on line 41
[11-Jan-2025 20:40:16 UTC] PHP Notice:  Undefined index: repuestosCambiados in /home/soluctem/sistema.soluctem.com.co/api/submit.php on line 42
[11-Jan-2025 20:40:16 UTC] PHP Notice:  Undefined index: observaciones in /home/soluctem/sistema.soluctem.com.co/api/submit.php on line 43
[11-Jan-2025 20:40:16 UTC] PHP Notice:  Undefined index: seguridadRiesgoAccidentalidad in /home/soluctem/sistema.soluctem.com.co/api/submit.php on line 44
[11-Jan-2025 20:40:16 UTC] PHP Notice:  Undefined index: seguridadRiesgoEquipo in /home/soluctem/sistema.soluctem.com.co/api/submit.php on line 45
[11-Jan-2025 20:40:16 UTC] PHP Notice:  Undefined index: funcionamientoFallaSolucionada in /home/soluctem/sistema.soluctem.com.co/api/submit.php on line 46
[11-Jan-2025 20:40:16 UTC] PHP Notice:  Undefined index: funcionamientoPasosNormales in /home/soluctem/sistema.soluctem.com.co/api/submit.php on line 47
[11-Jan-2025 20:40:16 UTC] PHP Notice:  Undefined index: calidadTrabajo in /home/soluctem/sistema.soluctem.com.co/api/submit.php on line 48
[11-Jan-2025 20:40:16 UTC] PHP Notice:  Undefined index: limpiezaOrganizacionArmado in /home/soluctem/sistema.soluctem.com.co/api/submit.php on line 49
[11-Jan-2025 20:40:16 UTC] PHP Notice:  Undefined index: limpiezaOrganizacionAseado in /home/soluctem/sistema.soluctem.com.co/api/submit.php on line 50
[11-Jan-2025 20:40:16 UTC] PHP Notice:  Undefined index: capacitacionCausa in /home/soluctem/sistema.soluctem.com.co/api/submit.php on line 51
[11-Jan-2025 20:40:16 UTC] PHP Notice:  Undefined index: capacitacionPrevencion in /home/soluctem/sistema.soluctem.com.co/api/submit.php on line 52
[11-Jan-2025 20:40:16 UTC] PHP Notice:  Undefined index: capacitacionAccion in /home/soluctem/sistema.soluctem.com.co/api/submit.php on line 53
[11-Jan-2025 20:40:16 UTC] PHP Notice:  Undefined index: contratista1 in /home/soluctem/sistema.soluctem.com.co/api/submit.php on line 54
[11-Jan-2025 20:40:16 UTC] PHP Notice:  Undefined index: cedula1 in /home/soluctem/sistema.soluctem.com.co/api/submit.php on line 55
[11-Jan-2025 20:40:16 UTC] PHP Notice:  Undefined index: horaEntrada1 in /home/soluctem/sistema.soluctem.com.co/api/submit.php on line 56
[11-Jan-2025 20:40:16 UTC] PHP Notice:  Undefined index: horaSalida1 in /home/soluctem/sistema.soluctem.com.co/api/submit.php on line 57
[11-Jan-2025 20:40:16 UTC] PHP Notice:  Undefined index: contratista2 in /home/soluctem/sistema.soluctem.com.co/api/submit.php on line 58
[11-Jan-2025 20:40:16 UTC] PHP Notice:  Undefined index: cedula2 in /home/soluctem/sistema.soluctem.com.co/api/submit.php on line 59
[11-Jan-2025 20:40:16 UTC] PHP Notice:  Undefined index: horaEntrada2 in /home/soluctem/sistema.soluctem.com.co/api/submit.php on line 60
[11-Jan-2025 20:40:16 UTC] PHP Notice:  Undefined index: horaSalida2 in /home/soluctem/sistema.soluctem.com.co/api/submit.php on line 61
[11-Jan-2025 20:40:16 UTC] PHP Notice:  Undefined index: contratista3 in /home/soluctem/sistema.soluctem.com.co/api/submit.php on line 62
[11-Jan-2025 20:40:16 UTC] PHP Notice:  Undefined index: cedula3 in /home/soluctem/sistema.soluctem.com.co/api/submit.php on line 63
[11-Jan-2025 20:40:16 UTC] PHP Notice:  Undefined index: horaEntrada3 in /home/soluctem/sistema.soluctem.com.co/api/submit.php on line 64
[11-Jan-2025 20:40:16 UTC] PHP Notice:  Undefined index: horaSalida3 in /home/soluctem/sistema.soluctem.com.co/api/submit.php on line 65
[11-Jan-2025 20:40:16 UTC] PHP Notice:  Undefined index: contratista4 in /home/soluctem/sistema.soluctem.com.co/api/submit.php on line 66
[11-Jan-2025 20:40:16 UTC] PHP Notice:  Undefined index: cedula4 in /home/soluctem/sistema.soluctem.com.co/api/submit.php on line 67
[11-Jan-2025 20:40:16 UTC] PHP Notice:  Undefined index: horaEntrada4 in /home/soluctem/sistema.soluctem.com.co/api/submit.php on line 68
[11-Jan-2025 20:40:16 UTC] PHP Notice:  Undefined index: horaSalida4 in /home/soluctem/sistema.soluctem.com.co/api/submit.php on line 69
[11-Jan-2025 20:40:16 UTC] PHP Notice:  Undefined index: nombreFuncionario in /home/soluctem/sistema.soluctem.com.co/api/submit.php on line 70
[11-Jan-2025 20:40:16 UTC] PHP Notice:  Undefined index: cedulaFuncionario in /home/soluctem/sistema.soluctem.com.co/api/submit.php on line 71
[11-Jan-2025 20:40:16 UTC] PHP Notice:  Undefined index: cargoFuncionario in /home/soluctem/sistema.soluctem.com.co/api/submit.php on line 72
[11-Jan-2025 20:40:16 UTC] PHP Notice:  Undefined index: sapFuncionario in /home/soluctem/sistema.soluctem.com.co/api/submit.php on line 73
[11-Jan-2025 20:40:16 UTC] PHP Notice:  Undefined index: timestamp in /home/soluctem/sistema.soluctem.com.co/api/submit.php on line 74
[11-Jan-2025 20:40:16 UTC] PHP Notice:  Undefined index: asistenciaReparacion in /home/soluctem/sistema.soluctem.com.co/api/submit.php on line 75
[11-Jan-2025 20:40:16 UTC] PHP Notice:  Undefined index: asistenciaGarantia in /home/soluctem/sistema.soluctem.com.co/api/submit.php on line 76
[11-Jan-2025 20:40:16 UTC] PHP Notice:  Undefined index: asistenciaAjuste in /home/soluctem/sistema.soluctem.com.co/api/submit.php on line 77
[11-Jan-2025 20:40:16 UTC] PHP Notice:  Undefined index: asistenciaModificacion in /home/soluctem/sistema.soluctem.com.co/api/submit.php on line 78
[11-Jan-2025 20:40:16 UTC] PHP Notice:  Undefined index: asistenciaServicio in /home/soluctem/sistema.soluctem.com.co/api/submit.php on line 79
[11-Jan-2025 20:40:16 UTC] PHP Notice:  Undefined index: asistenciaMejora in /home/soluctem/sistema.soluctem.com.co/api/submit.php on line 80
[11-Jan-2025 20:40:16 UTC] PHP Notice:  Undefined index: asistenciaCombinacion in /home/soluctem/sistema.soluctem.com.co/api/submit.php on line 81
[11-Jan-2025 20:40:16 UTC] PHP Notice:  Undefined index: fallaOperacion in /home/soluctem/sistema.soluctem.com.co/api/submit.php on line 82
[11-Jan-2025 20:40:16 UTC] PHP Notice:  Undefined index: fallaMecanica in /home/soluctem/sistema.soluctem.com.co/api/submit.php on line 83
[11-Jan-2025 20:40:16 UTC] PHP Notice:  Undefined index: fallaElectrica in /home/soluctem/sistema.soluctem.com.co/api/submit.php on line 84
[11-Jan-2025 20:40:16 UTC] PHP Notice:  Undefined index: fallaTerceros in /home/soluctem/sistema.soluctem.com.co/api/submit.php on line 85
[11-Jan-2025 20:40:16 UTC] PHP Notice:  Undefined index: fallaFabricacion in /home/soluctem/sistema.soluctem.com.co/api/submit.php on line 86
[11-Jan-2025 20:40:16 UTC] PHP Notice:  Undefined index: firma_digital_cliente in /home/soluctem/sistema.soluctem.com.co/api/submit.php on line 87
[11-Jan-2025 20:40:16 UTC] PHP Notice:  Undefined index: firma_digital_tecnico in /home/soluctem/sistema.soluctem.com.co/api/submit.php on line 88
[15-Jan-2025 02:35:19 UTC] PHP Notice:  Undefined index: nombreSolicitante in /home/soluctem/sistema.soluctem.com.co/api/submit.php on line 29
[15-Jan-2025 02:35:19 UTC] PHP Notice:  Undefined index: cargo in /home/soluctem/sistema.soluctem.com.co/api/submit.php on line 30
[15-Jan-2025 02:35:19 UTC] PHP Notice:  Undefined index: nombreTienda in /home/soluctem/sistema.soluctem.com.co/api/submit.php on line 31
[15-Jan-2025 02:35:19 UTC] PHP Notice:  Undefined index: numeroTienda in /home/soluctem/sistema.soluctem.com.co/api/submit.php on line 32
[15-Jan-2025 02:35:19 UTC] PHP Notice:  Undefined index: numeroTicket in /home/soluctem/sistema.soluctem.com.co/api/submit.php on line 33
[15-Jan-2025 02:35:19 UTC] PHP Notice:  Undefined index: fecha in /home/soluctem/sistema.soluctem.com.co/api/submit.php on line 34
[15-Jan-2025 02:35:19 UTC] PHP Notice:  Undefined index: municipio in /home/soluctem/sistema.soluctem.com.co/api/submit.php on line 35
[15-Jan-2025 02:35:19 UTC] PHP Notice:  Undefined index: departamento in /home/soluctem/sistema.soluctem.com.co/api/submit.php on line 36
[15-Jan-2025 02:35:19 UTC] PHP Notice:  Undefined index: nombreEquipo in /home/soluctem/sistema.soluctem.com.co/api/submit.php on line 37
[15-Jan-2025 02:35:19 UTC] PHP Notice:  Undefined index: marca in /home/soluctem/sistema.soluctem.com.co/api/submit.php on line 38
[15-Jan-2025 02:35:19 UTC] PHP Notice:  Undefined index: serial in /home/soluctem/sistema.soluctem.com.co/api/submit.php on line 39
[15-Jan-2025 02:35:19 UTC] PHP Notice:  Undefined index: descripcionFalla in /home/soluctem/sistema.soluctem.com.co/api/submit.php on line 40
[15-Jan-2025 02:35:19 UTC] PHP Notice:  Undefined index: diagnosticoTecnico in /home/soluctem/sistema.soluctem.com.co/api/submit.php on line 41
[15-Jan-2025 02:35:19 UTC] PHP Notice:  Undefined index: repuestosCambiados in /home/soluctem/sistema.soluctem.com.co/api/submit.php on line 42
[15-Jan-2025 02:35:19 UTC] PHP Notice:  Undefined index: observaciones in /home/soluctem/sistema.soluctem.com.co/api/submit.php on line 43
[15-Jan-2025 02:35:19 UTC] PHP Notice:  Undefined index: seguridadRiesgoAccidentalidad in /home/soluctem/sistema.soluctem.com.co/api/submit.php on line 44
[15-Jan-2025 02:35:19 UTC] PHP Notice:  Undefined index: seguridadRiesgoEquipo in /home/soluctem/sistema.soluctem.com.co/api/submit.php on line 45
[15-Jan-2025 02:35:19 UTC] PHP Notice:  Undefined index: funcionamientoFallaSolucionada in /home/soluctem/sistema.soluctem.com.co/api/submit.php on line 46
[15-Jan-2025 02:35:19 UTC] PHP Notice:  Undefined index: funcionamientoPasosNormales in /home/soluctem/sistema.soluctem.com.co/api/submit.php on line 47
[15-Jan-2025 02:35:19 UTC] PHP Notice:  Undefined index: calidadTrabajo in /home/soluctem/sistema.soluctem.com.co/api/submit.php on line 48
[15-Jan-2025 02:35:19 UTC] PHP Notice:  Undefined index: limpiezaOrganizacionArmado in /home/soluctem/sistema.soluctem.com.co/api/submit.php on line 49
[15-Jan-2025 02:35:19 UTC] PHP Notice:  Undefined index: limpiezaOrganizacionAseado in /home/soluctem/sistema.soluctem.com.co/api/submit.php on line 50
[15-Jan-2025 02:35:19 UTC] PHP Notice:  Undefined index: capacitacionCausa in /home/soluctem/sistema.soluctem.com.co/api/submit.php on line 51
[15-Jan-2025 02:35:19 UTC] PHP Notice:  Undefined index: capacitacionPrevencion in /home/soluctem/sistema.soluctem.com.co/api/submit.php on line 52
[15-Jan-2025 02:35:19 UTC] PHP Notice:  Undefined index: capacitacionAccion in /home/soluctem/sistema.soluctem.com.co/api/submit.php on line 53
[15-Jan-2025 02:35:19 UTC] PHP Notice:  Undefined index: contratista1 in /home/soluctem/sistema.soluctem.com.co/api/submit.php on line 54
[15-Jan-2025 02:35:19 UTC] PHP Notice:  Undefined index: cedula1 in /home/soluctem/sistema.soluctem.com.co/api/submit.php on line 55
[15-Jan-2025 02:35:19 UTC] PHP Notice:  Undefined index: horaEntrada1 in /home/soluctem/sistema.soluctem.com.co/api/submit.php on line 56
[15-Jan-2025 02:35:19 UTC] PHP Notice:  Undefined index: horaSalida1 in /home/soluctem/sistema.soluctem.com.co/api/submit.php on line 57
[15-Jan-2025 02:35:19 UTC] PHP Notice:  Undefined index: contratista2 in /home/soluctem/sistema.soluctem.com.co/api/submit.php on line 58
[15-Jan-2025 02:35:19 UTC] PHP Notice:  Undefined index: cedula2 in /home/soluctem/sistema.soluctem.com.co/api/submit.php on line 59
[15-Jan-2025 02:35:19 UTC] PHP Notice:  Undefined index: horaEntrada2 in /home/soluctem/sistema.soluctem.com.co/api/submit.php on line 60
[15-Jan-2025 02:35:19 UTC] PHP Notice:  Undefined index: horaSalida2 in /home/soluctem/sistema.soluctem.com.co/api/submit.php on line 61
[15-Jan-2025 02:35:19 UTC] PHP Notice:  Undefined index: contratista3 in /home/soluctem/sistema.soluctem.com.co/api/submit.php on line 62
[15-Jan-2025 02:35:19 UTC] PHP Notice:  Undefined index: cedula3 in /home/soluctem/sistema.soluctem.com.co/api/submit.php on line 63
[15-Jan-2025 02:35:19 UTC] PHP Notice:  Undefined index: horaEntrada3 in /home/soluctem/sistema.soluctem.com.co/api/submit.php on line 64
[15-Jan-2025 02:35:19 UTC] PHP Notice:  Undefined index: horaSalida3 in /home/soluctem/sistema.soluctem.com.co/api/submit.php on line 65
[15-Jan-2025 02:35:19 UTC] PHP Notice:  Undefined index: contratista4 in /home/soluctem/sistema.soluctem.com.co/api/submit.php on line 66
[15-Jan-2025 02:35:19 UTC] PHP Notice:  Undefined index: cedula4 in /home/soluctem/sistema.soluctem.com.co/api/submit.php on line 67
[15-Jan-2025 02:35:19 UTC] PHP Notice:  Undefined index: horaEntrada4 in /home/soluctem/sistema.soluctem.com.co/api/submit.php on line 68
[15-Jan-2025 02:35:19 UTC] PHP Notice:  Undefined index: horaSalida4 in /home/soluctem/sistema.soluctem.com.co/api/submit.php on line 69
[15-Jan-2025 02:35:19 UTC] PHP Notice:  Undefined index: nombreFuncionario in /home/soluctem/sistema.soluctem.com.co/api/submit.php on line 70
[15-Jan-2025 02:35:19 UTC] PHP Notice:  Undefined index: cedulaFuncionario in /home/soluctem/sistema.soluctem.com.co/api/submit.php on line 71
[15-Jan-2025 02:35:19 UTC] PHP Notice:  Undefined index: cargoFuncionario in /home/soluctem/sistema.soluctem.com.co/api/submit.php on line 72
[15-Jan-2025 02:35:19 UTC] PHP Notice:  Undefined index: sapFuncionario in /home/soluctem/sistema.soluctem.com.co/api/submit.php on line 73
[15-Jan-2025 02:35:19 UTC] PHP Notice:  Undefined index: timestamp in /home/soluctem/sistema.soluctem.com.co/api/submit.php on line 74
[15-Jan-2025 02:35:19 UTC] PHP Notice:  Undefined index: asistenciaReparacion in /home/soluctem/sistema.soluctem.com.co/api/submit.php on line 75
[15-Jan-2025 02:35:19 UTC] PHP Notice:  Undefined index: asistenciaGarantia in /home/soluctem/sistema.soluctem.com.co/api/submit.php on line 76
[15-Jan-2025 02:35:19 UTC] PHP Notice:  Undefined index: asistenciaAjuste in /home/soluctem/sistema.soluctem.com.co/api/submit.php on line 77
[15-Jan-2025 02:35:19 UTC] PHP Notice:  Undefined index: asistenciaModificacion in /home/soluctem/sistema.soluctem.com.co/api/submit.php on line 78
[15-Jan-2025 02:35:19 UTC] PHP Notice:  Undefined index: asistenciaServicio in /home/soluctem/sistema.soluctem.com.co/api/submit.php on line 79
[15-Jan-2025 02:35:19 UTC] PHP Notice:  Undefined index: asistenciaMejora in /home/soluctem/sistema.soluctem.com.co/api/submit.php on line 80
[15-Jan-2025 02:35:19 UTC] PHP Notice:  Undefined index: asistenciaCombinacion in /home/soluctem/sistema.soluctem.com.co/api/submit.php on line 81
[15-Jan-2025 02:35:19 UTC] PHP Notice:  Undefined index: fallaOperacion in /home/soluctem/sistema.soluctem.com.co/api/submit.php on line 82
[15-Jan-2025 02:35:19 UTC] PHP Notice:  Undefined index: fallaMecanica in /home/soluctem/sistema.soluctem.com.co/api/submit.php on line 83
[15-Jan-2025 02:35:19 UTC] PHP Notice:  Undefined index: fallaElectrica in /home/soluctem/sistema.soluctem.com.co/api/submit.php on line 84
[15-Jan-2025 02:35:19 UTC] PHP Notice:  Undefined index: fallaTerceros in /home/soluctem/sistema.soluctem.com.co/api/submit.php on line 85
[15-Jan-2025 02:35:19 UTC] PHP Notice:  Undefined index: fallaFabricacion in /home/soluctem/sistema.soluctem.com.co/api/submit.php on line 86
[15-Jan-2025 02:35:19 UTC] PHP Notice:  Undefined index: firma_digital_cliente in /home/soluctem/sistema.soluctem.com.co/api/submit.php on line 87
[15-Jan-2025 02:35:19 UTC] PHP Notice:  Undefined index: firma_digital_tecnico in /home/soluctem/sistema.soluctem.com.co/api/submit.php on line 88
[28-Jan-2025 20:26:02 UTC] PHP Warning:  Undefined array key "nombreSolicitante" in /home/soluctem/sistema.soluctem.com.co/api/submit.php on line 29
[28-Jan-2025 20:26:02 UTC] PHP Warning:  Undefined array key "cargo" in /home/soluctem/sistema.soluctem.com.co/api/submit.php on line 30
[28-Jan-2025 20:26:02 UTC] PHP Warning:  Undefined array key "nombreTienda" in /home/soluctem/sistema.soluctem.com.co/api/submit.php on line 31
[28-Jan-2025 20:26:02 UTC] PHP Warning:  Undefined array key "numeroTienda" in /home/soluctem/sistema.soluctem.com.co/api/submit.php on line 32
[28-Jan-2025 20:26:02 UTC] PHP Warning:  Undefined array key "numeroTicket" in /home/soluctem/sistema.soluctem.com.co/api/submit.php on line 33
[28-Jan-2025 20:26:02 UTC] PHP Warning:  Undefined array key "fecha" in /home/soluctem/sistema.soluctem.com.co/api/submit.php on line 34
[28-Jan-2025 20:26:02 UTC] PHP Warning:  Undefined array key "municipio" in /home/soluctem/sistema.soluctem.com.co/api/submit.php on line 35
[28-Jan-2025 20:26:02 UTC] PHP Warning:  Undefined array key "departamento" in /home/soluctem/sistema.soluctem.com.co/api/submit.php on line 36
[28-Jan-2025 20:26:02 UTC] PHP Warning:  Undefined array key "nombreEquipo" in /home/soluctem/sistema.soluctem.com.co/api/submit.php on line 37
[28-Jan-2025 20:26:02 UTC] PHP Warning:  Undefined array key "marca" in /home/soluctem/sistema.soluctem.com.co/api/submit.php on line 38
[28-Jan-2025 20:26:02 UTC] PHP Warning:  Undefined array key "serial" in /home/soluctem/sistema.soluctem.com.co/api/submit.php on line 39
[28-Jan-2025 20:26:02 UTC] PHP Warning:  Undefined array key "descripcionFalla" in /home/soluctem/sistema.soluctem.com.co/api/submit.php on line 40
[28-Jan-2025 20:26:02 UTC] PHP Warning:  Undefined array key "diagnosticoTecnico" in /home/soluctem/sistema.soluctem.com.co/api/submit.php on line 41
[28-Jan-2025 20:26:02 UTC] PHP Warning:  Undefined array key "repuestosCambiados" in /home/soluctem/sistema.soluctem.com.co/api/submit.php on line 42
[28-Jan-2025 20:26:02 UTC] PHP Warning:  Undefined array key "observaciones" in /home/soluctem/sistema.soluctem.com.co/api/submit.php on line 43
[28-Jan-2025 20:26:02 UTC] PHP Warning:  Undefined array key "seguridadRiesgoAccidentalidad" in /home/soluctem/sistema.soluctem.com.co/api/submit.php on line 44
[28-Jan-2025 20:26:02 UTC] PHP Warning:  Undefined array key "seguridadRiesgoEquipo" in /home/soluctem/sistema.soluctem.com.co/api/submit.php on line 45
[28-Jan-2025 20:26:02 UTC] PHP Warning:  Undefined array key "funcionamientoFallaSolucionada" in /home/soluctem/sistema.soluctem.com.co/api/submit.php on line 46
[28-Jan-2025 20:26:02 UTC] PHP Warning:  Undefined array key "funcionamientoPasosNormales" in /home/soluctem/sistema.soluctem.com.co/api/submit.php on line 47
[28-Jan-2025 20:26:02 UTC] PHP Warning:  Undefined array key "calidadTrabajo" in /home/soluctem/sistema.soluctem.com.co/api/submit.php on line 48
[28-Jan-2025 20:26:02 UTC] PHP Warning:  Undefined array key "limpiezaOrganizacionArmado" in /home/soluctem/sistema.soluctem.com.co/api/submit.php on line 49
[28-Jan-2025 20:26:02 UTC] PHP Warning:  Undefined array key "limpiezaOrganizacionAseado" in /home/soluctem/sistema.soluctem.com.co/api/submit.php on line 50
[28-Jan-2025 20:26:02 UTC] PHP Warning:  Undefined array key "capacitacionCausa" in /home/soluctem/sistema.soluctem.com.co/api/submit.php on line 51
[28-Jan-2025 20:26:02 UTC] PHP Warning:  Undefined array key "capacitacionPrevencion" in /home/soluctem/sistema.soluctem.com.co/api/submit.php on line 52
[28-Jan-2025 20:26:02 UTC] PHP Warning:  Undefined array key "capacitacionAccion" in /home/soluctem/sistema.soluctem.com.co/api/submit.php on line 53
[28-Jan-2025 20:26:02 UTC] PHP Warning:  Undefined array key "contratista1" in /home/soluctem/sistema.soluctem.com.co/api/submit.php on line 54
[28-Jan-2025 20:26:02 UTC] PHP Warning:  Undefined array key "cedula1" in /home/soluctem/sistema.soluctem.com.co/api/submit.php on line 55
[28-Jan-2025 20:26:02 UTC] PHP Warning:  Undefined array key "horaEntrada1" in /home/soluctem/sistema.soluctem.com.co/api/submit.php on line 56
[28-Jan-2025 20:26:02 UTC] PHP Warning:  Undefined array key "horaSalida1" in /home/soluctem/sistema.soluctem.com.co/api/submit.php on line 57
[28-Jan-2025 20:26:02 UTC] PHP Warning:  Undefined array key "contratista2" in /home/soluctem/sistema.soluctem.com.co/api/submit.php on line 58
[28-Jan-2025 20:26:02 UTC] PHP Warning:  Undefined array key "cedula2" in /home/soluctem/sistema.soluctem.com.co/api/submit.php on line 59
[28-Jan-2025 20:26:02 UTC] PHP Warning:  Undefined array key "horaEntrada2" in /home/soluctem/sistema.soluctem.com.co/api/submit.php on line 60
[28-Jan-2025 20:26:02 UTC] PHP Warning:  Undefined array key "horaSalida2" in /home/soluctem/sistema.soluctem.com.co/api/submit.php on line 61
[28-Jan-2025 20:26:02 UTC] PHP Warning:  Undefined array key "contratista3" in /home/soluctem/sistema.soluctem.com.co/api/submit.php on line 62
[28-Jan-2025 20:26:02 UTC] PHP Warning:  Undefined array key "cedula3" in /home/soluctem/sistema.soluctem.com.co/api/submit.php on line 63
[28-Jan-2025 20:26:02 UTC] PHP Warning:  Undefined array key "horaEntrada3" in /home/soluctem/sistema.soluctem.com.co/api/submit.php on line 64
[28-Jan-2025 20:26:02 UTC] PHP Warning:  Undefined array key "horaSalida3" in /home/soluctem/sistema.soluctem.com.co/api/submit.php on line 65
[28-Jan-2025 20:26:02 UTC] PHP Warning:  Undefined array key "contratista4" in /home/soluctem/sistema.soluctem.com.co/api/submit.php on line 66
[28-Jan-2025 20:26:02 UTC] PHP Warning:  Undefined array key "cedula4" in /home/soluctem/sistema.soluctem.com.co/api/submit.php on line 67
[28-Jan-2025 20:26:02 UTC] PHP Warning:  Undefined array key "horaEntrada4" in /home/soluctem/sistema.soluctem.com.co/api/submit.php on line 68
[28-Jan-2025 20:26:02 UTC] PHP Warning:  Undefined array key "horaSalida4" in /home/soluctem/sistema.soluctem.com.co/api/submit.php on line 69
[28-Jan-2025 20:26:02 UTC] PHP Warning:  Undefined array key "nombreFuncionario" in /home/soluctem/sistema.soluctem.com.co/api/submit.php on line 70
[28-Jan-2025 20:26:02 UTC] PHP Warning:  Undefined array key "cedulaFuncionario" in /home/soluctem/sistema.soluctem.com.co/api/submit.php on line 71
[28-Jan-2025 20:26:02 UTC] PHP Warning:  Undefined array key "cargoFuncionario" in /home/soluctem/sistema.soluctem.com.co/api/submit.php on line 72
[28-Jan-2025 20:26:02 UTC] PHP Warning:  Undefined array key "sapFuncionario" in /home/soluctem/sistema.soluctem.com.co/api/submit.php on line 73
[28-Jan-2025 20:26:02 UTC] PHP Warning:  Undefined array key "timestamp" in /home/soluctem/sistema.soluctem.com.co/api/submit.php on line 74
[28-Jan-2025 20:26:02 UTC] PHP Warning:  Undefined array key "asistenciaReparacion" in /home/soluctem/sistema.soluctem.com.co/api/submit.php on line 75
[28-Jan-2025 20:26:02 UTC] PHP Warning:  Undefined array key "asistenciaGarantia" in /home/soluctem/sistema.soluctem.com.co/api/submit.php on line 76
[28-Jan-2025 20:26:02 UTC] PHP Warning:  Undefined array key "asistenciaAjuste" in /home/soluctem/sistema.soluctem.com.co/api/submit.php on line 77
[28-Jan-2025 20:26:02 UTC] PHP Warning:  Undefined array key "asistenciaModificacion" in /home/soluctem/sistema.soluctem.com.co/api/submit.php on line 78
[28-Jan-2025 20:26:02 UTC] PHP Warning:  Undefined array key "asistenciaServicio" in /home/soluctem/sistema.soluctem.com.co/api/submit.php on line 79
[28-Jan-2025 20:26:02 UTC] PHP Warning:  Undefined array key "asistenciaMejora" in /home/soluctem/sistema.soluctem.com.co/api/submit.php on line 80
[28-Jan-2025 20:26:02 UTC] PHP Warning:  Undefined array key "asistenciaCombinacion" in /home/soluctem/sistema.soluctem.com.co/api/submit.php on line 81
[28-Jan-2025 20:26:02 UTC] PHP Warning:  Undefined array key "fallaOperacion" in /home/soluctem/sistema.soluctem.com.co/api/submit.php on line 82
[28-Jan-2025 20:26:02 UTC] PHP Warning:  Undefined array key "fallaMecanica" in /home/soluctem/sistema.soluctem.com.co/api/submit.php on line 83
[28-Jan-2025 20:26:02 UTC] PHP Warning:  Undefined array key "fallaElectrica" in /home/soluctem/sistema.soluctem.com.co/api/submit.php on line 84
[28-Jan-2025 20:26:02 UTC] PHP Warning:  Undefined array key "fallaTerceros" in /home/soluctem/sistema.soluctem.com.co/api/submit.php on line 85
[28-Jan-2025 20:26:02 UTC] PHP Warning:  Undefined array key "fallaFabricacion" in /home/soluctem/sistema.soluctem.com.co/api/submit.php on line 86
[28-Jan-2025 20:26:02 UTC] PHP Warning:  Undefined array key "firma_digital_cliente" in /home/soluctem/sistema.soluctem.com.co/api/submit.php on line 87
[28-Jan-2025 20:26:02 UTC] PHP Warning:  Undefined array key "firma_digital_tecnico" in /home/soluctem/sistema.soluctem.com.co/api/submit.php on line 88
[28-Jan-2025 20:26:33 UTC] PHP Warning:  Undefined array key "nombreSolicitante" in /home/soluctem/sistema.soluctem.com.co/api/submit.php on line 29
[28-Jan-2025 20:26:33 UTC] PHP Warning:  Undefined array key "cargo" in /home/soluctem/sistema.soluctem.com.co/api/submit.php on line 30
[28-Jan-2025 20:26:33 UTC] PHP Warning:  Undefined array key "nombreTienda" in /home/soluctem/sistema.soluctem.com.co/api/submit.php on line 31
[28-Jan-2025 20:26:33 UTC] PHP Warning:  Undefined array key "numeroTienda" in /home/soluctem/sistema.soluctem.com.co/api/submit.php on line 32
[28-Jan-2025 20:26:33 UTC] PHP Warning:  Undefined array key "numeroTicket" in /home/soluctem/sistema.soluctem.com.co/api/submit.php on line 33
[28-Jan-2025 20:26:33 UTC] PHP Warning:  Undefined array key "fecha" in /home/soluctem/sistema.soluctem.com.co/api/submit.php on line 34
[28-Jan-2025 20:26:33 UTC] PHP Warning:  Undefined array key "municipio" in /home/soluctem/sistema.soluctem.com.co/api/submit.php on line 35
[28-Jan-2025 20:26:33 UTC] PHP Warning:  Undefined array key "departamento" in /home/soluctem/sistema.soluctem.com.co/api/submit.php on line 36
[28-Jan-2025 20:26:33 UTC] PHP Warning:  Undefined array key "nombreEquipo" in /home/soluctem/sistema.soluctem.com.co/api/submit.php on line 37
[28-Jan-2025 20:26:33 UTC] PHP Warning:  Undefined array key "marca" in /home/soluctem/sistema.soluctem.com.co/api/submit.php on line 38
[28-Jan-2025 20:26:33 UTC] PHP Warning:  Undefined array key "serial" in /home/soluctem/sistema.soluctem.com.co/api/submit.php on line 39
[28-Jan-2025 20:26:33 UTC] PHP Warning:  Undefined array key "descripcionFalla" in /home/soluctem/sistema.soluctem.com.co/api/submit.php on line 40
[28-Jan-2025 20:26:33 UTC] PHP Warning:  Undefined array key "diagnosticoTecnico" in /home/soluctem/sistema.soluctem.com.co/api/submit.php on line 41
[28-Jan-2025 20:26:33 UTC] PHP Warning:  Undefined array key "repuestosCambiados" in /home/soluctem/sistema.soluctem.com.co/api/submit.php on line 42
[28-Jan-2025 20:26:33 UTC] PHP Warning:  Undefined array key "observaciones" in /home/soluctem/sistema.soluctem.com.co/api/submit.php on line 43
[28-Jan-2025 20:26:33 UTC] PHP Warning:  Undefined array key "seguridadRiesgoAccidentalidad" in /home/soluctem/sistema.soluctem.com.co/api/submit.php on line 44
[28-Jan-2025 20:26:33 UTC] PHP Warning:  Undefined array key "seguridadRiesgoEquipo" in /home/soluctem/sistema.soluctem.com.co/api/submit.php on line 45
[28-Jan-2025 20:26:33 UTC] PHP Warning:  Undefined array key "funcionamientoFallaSolucionada" in /home/soluctem/sistema.soluctem.com.co/api/submit.php on line 46
[28-Jan-2025 20:26:33 UTC] PHP Warning:  Undefined array key "funcionamientoPasosNormales" in /home/soluctem/sistema.soluctem.com.co/api/submit.php on line 47
[28-Jan-2025 20:26:33 UTC] PHP Warning:  Undefined array key "calidadTrabajo" in /home/soluctem/sistema.soluctem.com.co/api/submit.php on line 48
[28-Jan-2025 20:26:33 UTC] PHP Warning:  Undefined array key "limpiezaOrganizacionArmado" in /home/soluctem/sistema.soluctem.com.co/api/submit.php on line 49
[28-Jan-2025 20:26:33 UTC] PHP Warning:  Undefined array key "limpiezaOrganizacionAseado" in /home/soluctem/sistema.soluctem.com.co/api/submit.php on line 50
[28-Jan-2025 20:26:33 UTC] PHP Warning:  Undefined array key "capacitacionCausa" in /home/soluctem/sistema.soluctem.com.co/api/submit.php on line 51
[28-Jan-2025 20:26:33 UTC] PHP Warning:  Undefined array key "capacitacionPrevencion" in /home/soluctem/sistema.soluctem.com.co/api/submit.php on line 52
[28-Jan-2025 20:26:33 UTC] PHP Warning:  Undefined array key "capacitacionAccion" in /home/soluctem/sistema.soluctem.com.co/api/submit.php on line 53
[28-Jan-2025 20:26:33 UTC] PHP Warning:  Undefined array key "contratista1" in /home/soluctem/sistema.soluctem.com.co/api/submit.php on line 54
[28-Jan-2025 20:26:33 UTC] PHP Warning:  Undefined array key "cedula1" in /home/soluctem/sistema.soluctem.com.co/api/submit.php on line 55
[28-Jan-2025 20:26:33 UTC] PHP Warning:  Undefined array key "horaEntrada1" in /home/soluctem/sistema.soluctem.com.co/api/submit.php on line 56
[28-Jan-2025 20:26:33 UTC] PHP Warning:  Undefined array key "horaSalida1" in /home/soluctem/sistema.soluctem.com.co/api/submit.php on line 57
[28-Jan-2025 20:26:33 UTC] PHP Warning:  Undefined array key "contratista2" in /home/soluctem/sistema.soluctem.com.co/api/submit.php on line 58
[28-Jan-2025 20:26:33 UTC] PHP Warning:  Undefined array key "cedula2" in /home/soluctem/sistema.soluctem.com.co/api/submit.php on line 59
[28-Jan-2025 20:26:33 UTC] PHP Warning:  Undefined array key "horaEntrada2" in /home/soluctem/sistema.soluctem.com.co/api/submit.php on line 60
[28-Jan-2025 20:26:33 UTC] PHP Warning:  Undefined array key "horaSalida2" in /home/soluctem/sistema.soluctem.com.co/api/submit.php on line 61
[28-Jan-2025 20:26:33 UTC] PHP Warning:  Undefined array key "contratista3" in /home/soluctem/sistema.soluctem.com.co/api/submit.php on line 62
[28-Jan-2025 20:26:33 UTC] PHP Warning:  Undefined array key "cedula3" in /home/soluctem/sistema.soluctem.com.co/api/submit.php on line 63
[28-Jan-2025 20:26:33 UTC] PHP Warning:  Undefined array key "horaEntrada3" in /home/soluctem/sistema.soluctem.com.co/api/submit.php on line 64
[28-Jan-2025 20:26:33 UTC] PHP Warning:  Undefined array key "horaSalida3" in /home/soluctem/sistema.soluctem.com.co/api/submit.php on line 65
[28-Jan-2025 20:26:33 UTC] PHP Warning:  Undefined array key "contratista4" in /home/soluctem/sistema.soluctem.com.co/api/submit.php on line 66
[28-Jan-2025 20:26:33 UTC] PHP Warning:  Undefined array key "cedula4" in /home/soluctem/sistema.soluctem.com.co/api/submit.php on line 67
[28-Jan-2025 20:26:33 UTC] PHP Warning:  Undefined array key "horaEntrada4" in /home/soluctem/sistema.soluctem.com.co/api/submit.php on line 68
[28-Jan-2025 20:26:33 UTC] PHP Warning:  Undefined array key "horaSalida4" in /home/soluctem/sistema.soluctem.com.co/api/submit.php on line 69
[28-Jan-2025 20:26:33 UTC] PHP Warning:  Undefined array key "nombreFuncionario" in /home/soluctem/sistema.soluctem.com.co/api/submit.php on line 70
[28-Jan-2025 20:26:33 UTC] PHP Warning:  Undefined array key "cedulaFuncionario" in /home/soluctem/sistema.soluctem.com.co/api/submit.php on line 71
[28-Jan-2025 20:26:33 UTC] PHP Warning:  Undefined array key "cargoFuncionario" in /home/soluctem/sistema.soluctem.com.co/api/submit.php on line 72
[28-Jan-2025 20:26:33 UTC] PHP Warning:  Undefined array key "sapFuncionario" in /home/soluctem/sistema.soluctem.com.co/api/submit.php on line 73
[28-Jan-2025 20:26:33 UTC] PHP Warning:  Undefined array key "timestamp" in /home/soluctem/sistema.soluctem.com.co/api/submit.php on line 74
[28-Jan-2025 20:26:33 UTC] PHP Warning:  Undefined array key "asistenciaReparacion" in /home/soluctem/sistema.soluctem.com.co/api/submit.php on line 75
[28-Jan-2025 20:26:33 UTC] PHP Warning:  Undefined array key "asistenciaGarantia" in /home/soluctem/sistema.soluctem.com.co/api/submit.php on line 76
[28-Jan-2025 20:26:33 UTC] PHP Warning:  Undefined array key "asistenciaAjuste" in /home/soluctem/sistema.soluctem.com.co/api/submit.php on line 77
[28-Jan-2025 20:26:33 UTC] PHP Warning:  Undefined array key "asistenciaModificacion" in /home/soluctem/sistema.soluctem.com.co/api/submit.php on line 78
[28-Jan-2025 20:26:33 UTC] PHP Warning:  Undefined array key "asistenciaServicio" in /home/soluctem/sistema.soluctem.com.co/api/submit.php on line 79
[28-Jan-2025 20:26:33 UTC] PHP Warning:  Undefined array key "asistenciaMejora" in /home/soluctem/sistema.soluctem.com.co/api/submit.php on line 80
[28-Jan-2025 20:26:33 UTC] PHP Warning:  Undefined array key "asistenciaCombinacion" in /home/soluctem/sistema.soluctem.com.co/api/submit.php on line 81
[28-Jan-2025 20:26:33 UTC] PHP Warning:  Undefined array key "fallaOperacion" in /home/soluctem/sistema.soluctem.com.co/api/submit.php on line 82
[28-Jan-2025 20:26:33 UTC] PHP Warning:  Undefined array key "fallaMecanica" in /home/soluctem/sistema.soluctem.com.co/api/submit.php on line 83
[28-Jan-2025 20:26:33 UTC] PHP Warning:  Undefined array key "fallaElectrica" in /home/soluctem/sistema.soluctem.com.co/api/submit.php on line 84
[28-Jan-2025 20:26:33 UTC] PHP Warning:  Undefined array key "fallaTerceros" in /home/soluctem/sistema.soluctem.com.co/api/submit.php on line 85
[28-Jan-2025 20:26:33 UTC] PHP Warning:  Undefined array key "fallaFabricacion" in /home/soluctem/sistema.soluctem.com.co/api/submit.php on line 86
[28-Jan-2025 20:26:33 UTC] PHP Warning:  Undefined array key "firma_digital_cliente" in /home/soluctem/sistema.soluctem.com.co/api/submit.php on line 87
[28-Jan-2025 20:26:33 UTC] PHP Warning:  Undefined array key "firma_digital_tecnico" in /home/soluctem/sistema.soluctem.com.co/api/submit.php on line 88
[28-Jan-2025 20:27:02 UTC] PHP Warning:  Undefined array key "nombreSolicitante" in /home/soluctem/sistema.soluctem.com.co/api/submit.php on line 29
[28-Jan-2025 20:27:02 UTC] PHP Warning:  Undefined array key "cargo" in /home/soluctem/sistema.soluctem.com.co/api/submit.php on line 30
[28-Jan-2025 20:27:02 UTC] PHP Warning:  Undefined array key "nombreTienda" in /home/soluctem/sistema.soluctem.com.co/api/submit.php on line 31
[28-Jan-2025 20:27:02 UTC] PHP Warning:  Undefined array key "numeroTienda" in /home/soluctem/sistema.soluctem.com.co/api/submit.php on line 32
[28-Jan-2025 20:27:02 UTC] PHP Warning:  Undefined array key "numeroTicket" in /home/soluctem/sistema.soluctem.com.co/api/submit.php on line 33
[28-Jan-2025 20:27:02 UTC] PHP Warning:  Undefined array key "fecha" in /home/soluctem/sistema.soluctem.com.co/api/submit.php on line 34
[28-Jan-2025 20:27:02 UTC] PHP Warning:  Undefined array key "municipio" in /home/soluctem/sistema.soluctem.com.co/api/submit.php on line 35
[28-Jan-2025 20:27:02 UTC] PHP Warning:  Undefined array key "departamento" in /home/soluctem/sistema.soluctem.com.co/api/submit.php on line 36
[28-Jan-2025 20:27:02 UTC] PHP Warning:  Undefined array key "nombreEquipo" in /home/soluctem/sistema.soluctem.com.co/api/submit.php on line 37
[28-Jan-2025 20:27:02 UTC] PHP Warning:  Undefined array key "marca" in /home/soluctem/sistema.soluctem.com.co/api/submit.php on line 38
[28-Jan-2025 20:27:02 UTC] PHP Warning:  Undefined array key "serial" in /home/soluctem/sistema.soluctem.com.co/api/submit.php on line 39
[28-Jan-2025 20:27:02 UTC] PHP Warning:  Undefined array key "descripcionFalla" in /home/soluctem/sistema.soluctem.com.co/api/submit.php on line 40
[28-Jan-2025 20:27:02 UTC] PHP Warning:  Undefined array key "diagnosticoTecnico" in /home/soluctem/sistema.soluctem.com.co/api/submit.php on line 41
[28-Jan-2025 20:27:02 UTC] PHP Warning:  Undefined array key "repuestosCambiados" in /home/soluctem/sistema.soluctem.com.co/api/submit.php on line 42
[28-Jan-2025 20:27:02 UTC] PHP Warning:  Undefined array key "observaciones" in /home/soluctem/sistema.soluctem.com.co/api/submit.php on line 43
[28-Jan-2025 20:27:02 UTC] PHP Warning:  Undefined array key "seguridadRiesgoAccidentalidad" in /home/soluctem/sistema.soluctem.com.co/api/submit.php on line 44
[28-Jan-2025 20:27:02 UTC] PHP Warning:  Undefined array key "seguridadRiesgoEquipo" in /home/soluctem/sistema.soluctem.com.co/api/submit.php on line 45
[28-Jan-2025 20:27:02 UTC] PHP Warning:  Undefined array key "funcionamientoFallaSolucionada" in /home/soluctem/sistema.soluctem.com.co/api/submit.php on line 46
[28-Jan-2025 20:27:02 UTC] PHP Warning:  Undefined array key "funcionamientoPasosNormales" in /home/soluctem/sistema.soluctem.com.co/api/submit.php on line 47
[28-Jan-2025 20:27:02 UTC] PHP Warning:  Undefined array key "calidadTrabajo" in /home/soluctem/sistema.soluctem.com.co/api/submit.php on line 48
[28-Jan-2025 20:27:02 UTC] PHP Warning:  Undefined array key "limpiezaOrganizacionArmado" in /home/soluctem/sistema.soluctem.com.co/api/submit.php on line 49
[28-Jan-2025 20:27:02 UTC] PHP Warning:  Undefined array key "limpiezaOrganizacionAseado" in /home/soluctem/sistema.soluctem.com.co/api/submit.php on line 50
[28-Jan-2025 20:27:02 UTC] PHP Warning:  Undefined array key "capacitacionCausa" in /home/soluctem/sistema.soluctem.com.co/api/submit.php on line 51
[28-Jan-2025 20:27:02 UTC] PHP Warning:  Undefined array key "capacitacionPrevencion" in /home/soluctem/sistema.soluctem.com.co/api/submit.php on line 52
[28-Jan-2025 20:27:02 UTC] PHP Warning:  Undefined array key "capacitacionAccion" in /home/soluctem/sistema.soluctem.com.co/api/submit.php on line 53
[28-Jan-2025 20:27:02 UTC] PHP Warning:  Undefined array key "contratista1" in /home/soluctem/sistema.soluctem.com.co/api/submit.php on line 54
[28-Jan-2025 20:27:02 UTC] PHP Warning:  Undefined array key "cedula1" in /home/soluctem/sistema.soluctem.com.co/api/submit.php on line 55
[28-Jan-2025 20:27:02 UTC] PHP Warning:  Undefined array key "horaEntrada1" in /home/soluctem/sistema.soluctem.com.co/api/submit.php on line 56
[28-Jan-2025 20:27:02 UTC] PHP Warning:  Undefined array key "horaSalida1" in /home/soluctem/sistema.soluctem.com.co/api/submit.php on line 57
[28-Jan-2025 20:27:02 UTC] PHP Warning:  Undefined array key "contratista2" in /home/soluctem/sistema.soluctem.com.co/api/submit.php on line 58
[28-Jan-2025 20:27:02 UTC] PHP Warning:  Undefined array key "cedula2" in /home/soluctem/sistema.soluctem.com.co/api/submit.php on line 59
[28-Jan-2025 20:27:02 UTC] PHP Warning:  Undefined array key "horaEntrada2" in /home/soluctem/sistema.soluctem.com.co/api/submit.php on line 60
[28-Jan-2025 20:27:02 UTC] PHP Warning:  Undefined array key "horaSalida2" in /home/soluctem/sistema.soluctem.com.co/api/submit.php on line 61
[28-Jan-2025 20:27:02 UTC] PHP Warning:  Undefined array key "contratista3" in /home/soluctem/sistema.soluctem.com.co/api/submit.php on line 62
[28-Jan-2025 20:27:02 UTC] PHP Warning:  Undefined array key "cedula3" in /home/soluctem/sistema.soluctem.com.co/api/submit.php on line 63
[28-Jan-2025 20:27:02 UTC] PHP Warning:  Undefined array key "horaEntrada3" in /home/soluctem/sistema.soluctem.com.co/api/submit.php on line 64
[28-Jan-2025 20:27:02 UTC] PHP Warning:  Undefined array key "horaSalida3" in /home/soluctem/sistema.soluctem.com.co/api/submit.php on line 65
[28-Jan-2025 20:27:02 UTC] PHP Warning:  Undefined array key "contratista4" in /home/soluctem/sistema.soluctem.com.co/api/submit.php on line 66
[28-Jan-2025 20:27:02 UTC] PHP Warning:  Undefined array key "cedula4" in /home/soluctem/sistema.soluctem.com.co/api/submit.php on line 67
[28-Jan-2025 20:27:02 UTC] PHP Warning:  Undefined array key "horaEntrada4" in /home/soluctem/sistema.soluctem.com.co/api/submit.php on line 68
[28-Jan-2025 20:27:02 UTC] PHP Warning:  Undefined array key "horaSalida4" in /home/soluctem/sistema.soluctem.com.co/api/submit.php on line 69
[28-Jan-2025 20:27:02 UTC] PHP Warning:  Undefined array key "nombreFuncionario" in /home/soluctem/sistema.soluctem.com.co/api/submit.php on line 70
[28-Jan-2025 20:27:02 UTC] PHP Warning:  Undefined array key "cedulaFuncionario" in /home/soluctem/sistema.soluctem.com.co/api/submit.php on line 71
[28-Jan-2025 20:27:02 UTC] PHP Warning:  Undefined array key "cargoFuncionario" in /home/soluctem/sistema.soluctem.com.co/api/submit.php on line 72
[28-Jan-2025 20:27:02 UTC] PHP Warning:  Undefined array key "sapFuncionario" in /home/soluctem/sistema.soluctem.com.co/api/submit.php on line 73
[28-Jan-2025 20:27:02 UTC] PHP Warning:  Undefined array key "timestamp" in /home/soluctem/sistema.soluctem.com.co/api/submit.php on line 74
[28-Jan-2025 20:27:02 UTC] PHP Warning:  Undefined array key "asistenciaReparacion" in /home/soluctem/sistema.soluctem.com.co/api/submit.php on line 75
[28-Jan-2025 20:27:02 UTC] PHP Warning:  Undefined array key "asistenciaGarantia" in /home/soluctem/sistema.soluctem.com.co/api/submit.php on line 76
[28-Jan-2025 20:27:02 UTC] PHP Warning:  Undefined array key "asistenciaAjuste" in /home/soluctem/sistema.soluctem.com.co/api/submit.php on line 77
[28-Jan-2025 20:27:02 UTC] PHP Warning:  Undefined array key "asistenciaModificacion" in /home/soluctem/sistema.soluctem.com.co/api/submit.php on line 78
[28-Jan-2025 20:27:02 UTC] PHP Warning:  Undefined array key "asistenciaServicio" in /home/soluctem/sistema.soluctem.com.co/api/submit.php on line 79
[28-Jan-2025 20:27:02 UTC] PHP Warning:  Undefined array key "asistenciaMejora" in /home/soluctem/sistema.soluctem.com.co/api/submit.php on line 80
[28-Jan-2025 20:27:02 UTC] PHP Warning:  Undefined array key "asistenciaCombinacion" in /home/soluctem/sistema.soluctem.com.co/api/submit.php on line 81
[28-Jan-2025 20:27:02 UTC] PHP Warning:  Undefined array key "fallaOperacion" in /home/soluctem/sistema.soluctem.com.co/api/submit.php on line 82
[28-Jan-2025 20:27:02 UTC] PHP Warning:  Undefined array key "fallaMecanica" in /home/soluctem/sistema.soluctem.com.co/api/submit.php on line 83
[28-Jan-2025 20:27:02 UTC] PHP Warning:  Undefined array key "fallaElectrica" in /home/soluctem/sistema.soluctem.com.co/api/submit.php on line 84
[28-Jan-2025 20:27:02 UTC] PHP Warning:  Undefined array key "fallaTerceros" in /home/soluctem/sistema.soluctem.com.co/api/submit.php on line 85
[28-Jan-2025 20:27:02 UTC] PHP Warning:  Undefined array key "fallaFabricacion" in /home/soluctem/sistema.soluctem.com.co/api/submit.php on line 86
[28-Jan-2025 20:27:02 UTC] PHP Warning:  Undefined array key "firma_digital_cliente" in /home/soluctem/sistema.soluctem.com.co/api/submit.php on line 87
[28-Jan-2025 20:27:02 UTC] PHP Warning:  Undefined array key "firma_digital_tecnico" in /home/soluctem/sistema.soluctem.com.co/api/submit.php on line 88
[28-Jan-2025 20:27:24 UTC] PHP Warning:  Undefined array key "nombreSolicitante" in /home/soluctem/sistema.soluctem.com.co/api/submit.php on line 29
[28-Jan-2025 20:27:24 UTC] PHP Warning:  Undefined array key "cargo" in /home/soluctem/sistema.soluctem.com.co/api/submit.php on line 30
[28-Jan-2025 20:27:24 UTC] PHP Warning:  Undefined array key "nombreTienda" in /home/soluctem/sistema.soluctem.com.co/api/submit.php on line 31
[28-Jan-2025 20:27:24 UTC] PHP Warning:  Undefined array key "numeroTienda" in /home/soluctem/sistema.soluctem.com.co/api/submit.php on line 32
[28-Jan-2025 20:27:24 UTC] PHP Warning:  Undefined array key "numeroTicket" in /home/soluctem/sistema.soluctem.com.co/api/submit.php on line 33
[28-Jan-2025 20:27:24 UTC] PHP Warning:  Undefined array key "fecha" in /home/soluctem/sistema.soluctem.com.co/api/submit.php on line 34
[28-Jan-2025 20:27:24 UTC] PHP Warning:  Undefined array key "municipio" in /home/soluctem/sistema.soluctem.com.co/api/submit.php on line 35
[28-Jan-2025 20:27:24 UTC] PHP Warning:  Undefined array key "departamento" in /home/soluctem/sistema.soluctem.com.co/api/submit.php on line 36
[28-Jan-2025 20:27:24 UTC] PHP Warning:  Undefined array key "nombreEquipo" in /home/soluctem/sistema.soluctem.com.co/api/submit.php on line 37
[28-Jan-2025 20:27:24 UTC] PHP Warning:  Undefined array key "marca" in /home/soluctem/sistema.soluctem.com.co/api/submit.php on line 38
[28-Jan-2025 20:27:24 UTC] PHP Warning:  Undefined array key "serial" in /home/soluctem/sistema.soluctem.com.co/api/submit.php on line 39
[28-Jan-2025 20:27:24 UTC] PHP Warning:  Undefined array key "descripcionFalla" in /home/soluctem/sistema.soluctem.com.co/api/submit.php on line 40
[28-Jan-2025 20:27:24 UTC] PHP Warning:  Undefined array key "diagnosticoTecnico" in /home/soluctem/sistema.soluctem.com.co/api/submit.php on line 41
[28-Jan-2025 20:27:24 UTC] PHP Warning:  Undefined array key "repuestosCambiados" in /home/soluctem/sistema.soluctem.com.co/api/submit.php on line 42
[28-Jan-2025 20:27:24 UTC] PHP Warning:  Undefined array key "observaciones" in /home/soluctem/sistema.soluctem.com.co/api/submit.php on line 43
[28-Jan-2025 20:27:24 UTC] PHP Warning:  Undefined array key "seguridadRiesgoAccidentalidad" in /home/soluctem/sistema.soluctem.com.co/api/submit.php on line 44
[28-Jan-2025 20:27:24 UTC] PHP Warning:  Undefined array key "seguridadRiesgoEquipo" in /home/soluctem/sistema.soluctem.com.co/api/submit.php on line 45
[28-Jan-2025 20:27:24 UTC] PHP Warning:  Undefined array key "funcionamientoFallaSolucionada" in /home/soluctem/sistema.soluctem.com.co/api/submit.php on line 46
[28-Jan-2025 20:27:24 UTC] PHP Warning:  Undefined array key "funcionamientoPasosNormales" in /home/soluctem/sistema.soluctem.com.co/api/submit.php on line 47
[28-Jan-2025 20:27:24 UTC] PHP Warning:  Undefined array key "calidadTrabajo" in /home/soluctem/sistema.soluctem.com.co/api/submit.php on line 48
[28-Jan-2025 20:27:24 UTC] PHP Warning:  Undefined array key "limpiezaOrganizacionArmado" in /home/soluctem/sistema.soluctem.com.co/api/submit.php on line 49
[28-Jan-2025 20:27:24 UTC] PHP Warning:  Undefined array key "limpiezaOrganizacionAseado" in /home/soluctem/sistema.soluctem.com.co/api/submit.php on line 50
[28-Jan-2025 20:27:24 UTC] PHP Warning:  Undefined array key "capacitacionCausa" in /home/soluctem/sistema.soluctem.com.co/api/submit.php on line 51
[28-Jan-2025 20:27:24 UTC] PHP Warning:  Undefined array key "capacitacionPrevencion" in /home/soluctem/sistema.soluctem.com.co/api/submit.php on line 52
[28-Jan-2025 20:27:24 UTC] PHP Warning:  Undefined array key "capacitacionAccion" in /home/soluctem/sistema.soluctem.com.co/api/submit.php on line 53
[28-Jan-2025 20:27:24 UTC] PHP Warning:  Undefined array key "contratista1" in /home/soluctem/sistema.soluctem.com.co/api/submit.php on line 54
[28-Jan-2025 20:27:24 UTC] PHP Warning:  Undefined array key "cedula1" in /home/soluctem/sistema.soluctem.com.co/api/submit.php on line 55
[28-Jan-2025 20:27:24 UTC] PHP Warning:  Undefined array key "horaEntrada1" in /home/soluctem/sistema.soluctem.com.co/api/submit.php on line 56
[28-Jan-2025 20:27:24 UTC] PHP Warning:  Undefined array key "horaSalida1" in /home/soluctem/sistema.soluctem.com.co/api/submit.php on line 57
[28-Jan-2025 20:27:24 UTC] PHP Warning:  Undefined array key "contratista2" in /home/soluctem/sistema.soluctem.com.co/api/submit.php on line 58
[28-Jan-2025 20:27:24 UTC] PHP Warning:  Undefined array key "cedula2" in /home/soluctem/sistema.soluctem.com.co/api/submit.php on line 59
[28-Jan-2025 20:27:24 UTC] PHP Warning:  Undefined array key "horaEntrada2" in /home/soluctem/sistema.soluctem.com.co/api/submit.php on line 60
[28-Jan-2025 20:27:24 UTC] PHP Warning:  Undefined array key "horaSalida2" in /home/soluctem/sistema.soluctem.com.co/api/submit.php on line 61
[28-Jan-2025 20:27:24 UTC] PHP Warning:  Undefined array key "contratista3" in /home/soluctem/sistema.soluctem.com.co/api/submit.php on line 62
[28-Jan-2025 20:27:24 UTC] PHP Warning:  Undefined array key "cedula3" in /home/soluctem/sistema.soluctem.com.co/api/submit.php on line 63
[28-Jan-2025 20:27:24 UTC] PHP Warning:  Undefined array key "horaEntrada3" in /home/soluctem/sistema.soluctem.com.co/api/submit.php on line 64
[28-Jan-2025 20:27:24 UTC] PHP Warning:  Undefined array key "horaSalida3" in /home/soluctem/sistema.soluctem.com.co/api/submit.php on line 65
[28-Jan-2025 20:27:24 UTC] PHP Warning:  Undefined array key "contratista4" in /home/soluctem/sistema.soluctem.com.co/api/submit.php on line 66
[28-Jan-2025 20:27:24 UTC] PHP Warning:  Undefined array key "cedula4" in /home/soluctem/sistema.soluctem.com.co/api/submit.php on line 67
[28-Jan-2025 20:27:24 UTC] PHP Warning:  Undefined array key "horaEntrada4" in /home/soluctem/sistema.soluctem.com.co/api/submit.php on line 68
[28-Jan-2025 20:27:24 UTC] PHP Warning:  Undefined array key "horaSalida4" in /home/soluctem/sistema.soluctem.com.co/api/submit.php on line 69
[28-Jan-2025 20:27:24 UTC] PHP Warning:  Undefined array key "nombreFuncionario" in /home/soluctem/sistema.soluctem.com.co/api/submit.php on line 70
[28-Jan-2025 20:27:24 UTC] PHP Warning:  Undefined array key "cedulaFuncionario" in /home/soluctem/sistema.soluctem.com.co/api/submit.php on line 71
[28-Jan-2025 20:27:24 UTC] PHP Warning:  Undefined array key "cargoFuncionario" in /home/soluctem/sistema.soluctem.com.co/api/submit.php on line 72
[28-Jan-2025 20:27:24 UTC] PHP Warning:  Undefined array key "sapFuncionario" in /home/soluctem/sistema.soluctem.com.co/api/submit.php on line 73
[28-Jan-2025 20:27:24 UTC] PHP Warning:  Undefined array key "timestamp" in /home/soluctem/sistema.soluctem.com.co/api/submit.php on line 74
[28-Jan-2025 20:27:24 UTC] PHP Warning:  Undefined array key "asistenciaReparacion" in /home/soluctem/sistema.soluctem.com.co/api/submit.php on line 75
[28-Jan-2025 20:27:24 UTC] PHP Warning:  Undefined array key "asistenciaGarantia" in /home/soluctem/sistema.soluctem.com.co/api/submit.php on line 76
[28-Jan-2025 20:27:24 UTC] PHP Warning:  Undefined array key "asistenciaAjuste" in /home/soluctem/sistema.soluctem.com.co/api/submit.php on line 77
[28-Jan-2025 20:27:24 UTC] PHP Warning:  Undefined array key "asistenciaModificacion" in /home/soluctem/sistema.soluctem.com.co/api/submit.php on line 78
[28-Jan-2025 20:27:24 UTC] PHP Warning:  Undefined array key "asistenciaServicio" in /home/soluctem/sistema.soluctem.com.co/api/submit.php on line 79
[28-Jan-2025 20:27:24 UTC] PHP Warning:  Undefined array key "asistenciaMejora" in /home/soluctem/sistema.soluctem.com.co/api/submit.php on line 80
[28-Jan-2025 20:27:24 UTC] PHP Warning:  Undefined array key "asistenciaCombinacion" in /home/soluctem/sistema.soluctem.com.co/api/submit.php on line 81
[28-Jan-2025 20:27:24 UTC] PHP Warning:  Undefined array key "fallaOperacion" in /home/soluctem/sistema.soluctem.com.co/api/submit.php on line 82
[28-Jan-2025 20:27:24 UTC] PHP Warning:  Undefined array key "fallaMecanica" in /home/soluctem/sistema.soluctem.com.co/api/submit.php on line 83
[28-Jan-2025 20:27:24 UTC] PHP Warning:  Undefined array key "fallaElectrica" in /home/soluctem/sistema.soluctem.com.co/api/submit.php on line 84
[28-Jan-2025 20:27:24 UTC] PHP Warning:  Undefined array key "fallaTerceros" in /home/soluctem/sistema.soluctem.com.co/api/submit.php on line 85
[28-Jan-2025 20:27:24 UTC] PHP Warning:  Undefined array key "fallaFabricacion" in /home/soluctem/sistema.soluctem.com.co/api/submit.php on line 86
[28-Jan-2025 20:27:24 UTC] PHP Warning:  Undefined array key "firma_digital_cliente" in /home/soluctem/sistema.soluctem.com.co/api/submit.php on line 87
[28-Jan-2025 20:27:24 UTC] PHP Warning:  Undefined array key "firma_digital_tecnico" in /home/soluctem/sistema.soluctem.com.co/api/submit.php on line 88
[28-Jan-2025 20:28:06 UTC] PHP Warning:  Undefined array key "nombreSolicitante" in /home/soluctem/sistema.soluctem.com.co/api/submit.php on line 29
[28-Jan-2025 20:28:06 UTC] PHP Warning:  Undefined array key "cargo" in /home/soluctem/sistema.soluctem.com.co/api/submit.php on line 30
[28-Jan-2025 20:28:06 UTC] PHP Warning:  Undefined array key "nombreTienda" in /home/soluctem/sistema.soluctem.com.co/api/submit.php on line 31
[28-Jan-2025 20:28:06 UTC] PHP Warning:  Undefined array key "numeroTienda" in /home/soluctem/sistema.soluctem.com.co/api/submit.php on line 32
[28-Jan-2025 20:28:06 UTC] PHP Warning:  Undefined array key "numeroTicket" in /home/soluctem/sistema.soluctem.com.co/api/submit.php on line 33
[28-Jan-2025 20:28:06 UTC] PHP Warning:  Undefined array key "fecha" in /home/soluctem/sistema.soluctem.com.co/api/submit.php on line 34
[28-Jan-2025 20:28:06 UTC] PHP Warning:  Undefined array key "municipio" in /home/soluctem/sistema.soluctem.com.co/api/submit.php on line 35
[28-Jan-2025 20:28:06 UTC] PHP Warning:  Undefined array key "departamento" in /home/soluctem/sistema.soluctem.com.co/api/submit.php on line 36
[28-Jan-2025 20:28:06 UTC] PHP Warning:  Undefined array key "nombreEquipo" in /home/soluctem/sistema.soluctem.com.co/api/submit.php on line 37
[28-Jan-2025 20:28:06 UTC] PHP Warning:  Undefined array key "marca" in /home/soluctem/sistema.soluctem.com.co/api/submit.php on line 38
[28-Jan-2025 20:28:06 UTC] PHP Warning:  Undefined array key "serial" in /home/soluctem/sistema.soluctem.com.co/api/submit.php on line 39
[28-Jan-2025 20:28:06 UTC] PHP Warning:  Undefined array key "descripcionFalla" in /home/soluctem/sistema.soluctem.com.co/api/submit.php on line 40
[28-Jan-2025 20:28:06 UTC] PHP Warning:  Undefined array key "diagnosticoTecnico" in /home/soluctem/sistema.soluctem.com.co/api/submit.php on line 41
[28-Jan-2025 20:28:06 UTC] PHP Warning:  Undefined array key "repuestosCambiados" in /home/soluctem/sistema.soluctem.com.co/api/submit.php on line 42
[28-Jan-2025 20:28:06 UTC] PHP Warning:  Undefined array key "observaciones" in /home/soluctem/sistema.soluctem.com.co/api/submit.php on line 43
[28-Jan-2025 20:28:06 UTC] PHP Warning:  Undefined array key "seguridadRiesgoAccidentalidad" in /home/soluctem/sistema.soluctem.com.co/api/submit.php on line 44
[28-Jan-2025 20:28:06 UTC] PHP Warning:  Undefined array key "seguridadRiesgoEquipo" in /home/soluctem/sistema.soluctem.com.co/api/submit.php on line 45
[28-Jan-2025 20:28:06 UTC] PHP Warning:  Undefined array key "funcionamientoFallaSolucionada" in /home/soluctem/sistema.soluctem.com.co/api/submit.php on line 46
[28-Jan-2025 20:28:06 UTC] PHP Warning:  Undefined array key "funcionamientoPasosNormales" in /home/soluctem/sistema.soluctem.com.co/api/submit.php on line 47
[28-Jan-2025 20:28:06 UTC] PHP Warning:  Undefined array key "calidadTrabajo" in /home/soluctem/sistema.soluctem.com.co/api/submit.php on line 48
[28-Jan-2025 20:28:06 UTC] PHP Warning:  Undefined array key "limpiezaOrganizacionArmado" in /home/soluctem/sistema.soluctem.com.co/api/submit.php on line 49
[28-Jan-2025 20:28:06 UTC] PHP Warning:  Undefined array key "limpiezaOrganizacionAseado" in /home/soluctem/sistema.soluctem.com.co/api/submit.php on line 50
[28-Jan-2025 20:28:06 UTC] PHP Warning:  Undefined array key "capacitacionCausa" in /home/soluctem/sistema.soluctem.com.co/api/submit.php on line 51
[28-Jan-2025 20:28:06 UTC] PHP Warning:  Undefined array key "capacitacionPrevencion" in /home/soluctem/sistema.soluctem.com.co/api/submit.php on line 52
[28-Jan-2025 20:28:06 UTC] PHP Warning:  Undefined array key "capacitacionAccion" in /home/soluctem/sistema.soluctem.com.co/api/submit.php on line 53
[28-Jan-2025 20:28:06 UTC] PHP Warning:  Undefined array key "contratista1" in /home/soluctem/sistema.soluctem.com.co/api/submit.php on line 54
[28-Jan-2025 20:28:06 UTC] PHP Warning:  Undefined array key "cedula1" in /home/soluctem/sistema.soluctem.com.co/api/submit.php on line 55
[28-Jan-2025 20:28:06 UTC] PHP Warning:  Undefined array key "horaEntrada1" in /home/soluctem/sistema.soluctem.com.co/api/submit.php on line 56
[28-Jan-2025 20:28:06 UTC] PHP Warning:  Undefined array key "horaSalida1" in /home/soluctem/sistema.soluctem.com.co/api/submit.php on line 57
[28-Jan-2025 20:28:06 UTC] PHP Warning:  Undefined array key "contratista2" in /home/soluctem/sistema.soluctem.com.co/api/submit.php on line 58
[28-Jan-2025 20:28:06 UTC] PHP Warning:  Undefined array key "cedula2" in /home/soluctem/sistema.soluctem.com.co/api/submit.php on line 59
[28-Jan-2025 20:28:06 UTC] PHP Warning:  Undefined array key "horaEntrada2" in /home/soluctem/sistema.soluctem.com.co/api/submit.php on line 60
[28-Jan-2025 20:28:06 UTC] PHP Warning:  Undefined array key "horaSalida2" in /home/soluctem/sistema.soluctem.com.co/api/submit.php on line 61
[28-Jan-2025 20:28:06 UTC] PHP Warning:  Undefined array key "contratista3" in /home/soluctem/sistema.soluctem.com.co/api/submit.php on line 62
[28-Jan-2025 20:28:06 UTC] PHP Warning:  Undefined array key "cedula3" in /home/soluctem/sistema.soluctem.com.co/api/submit.php on line 63
[28-Jan-2025 20:28:06 UTC] PHP Warning:  Undefined array key "horaEntrada3" in /home/soluctem/sistema.soluctem.com.co/api/submit.php on line 64
[28-Jan-2025 20:28:06 UTC] PHP Warning:  Undefined array key "horaSalida3" in /home/soluctem/sistema.soluctem.com.co/api/submit.php on line 65
[28-Jan-2025 20:28:06 UTC] PHP Warning:  Undefined array key "contratista4" in /home/soluctem/sistema.soluctem.com.co/api/submit.php on line 66
[28-Jan-2025 20:28:06 UTC] PHP Warning:  Undefined array key "cedula4" in /home/soluctem/sistema.soluctem.com.co/api/submit.php on line 67
[28-Jan-2025 20:28:06 UTC] PHP Warning:  Undefined array key "horaEntrada4" in /home/soluctem/sistema.soluctem.com.co/api/submit.php on line 68
[28-Jan-2025 20:28:06 UTC] PHP Warning:  Undefined array key "horaSalida4" in /home/soluctem/sistema.soluctem.com.co/api/submit.php on line 69
[28-Jan-2025 20:28:06 UTC] PHP Warning:  Undefined array key "nombreFuncionario" in /home/soluctem/sistema.soluctem.com.co/api/submit.php on line 70
[28-Jan-2025 20:28:06 UTC] PHP Warning:  Undefined array key "cedulaFuncionario" in /home/soluctem/sistema.soluctem.com.co/api/submit.php on line 71
[28-Jan-2025 20:28:06 UTC] PHP Warning:  Undefined array key "cargoFuncionario" in /home/soluctem/sistema.soluctem.com.co/api/submit.php on line 72
[28-Jan-2025 20:28:06 UTC] PHP Warning:  Undefined array key "sapFuncionario" in /home/soluctem/sistema.soluctem.com.co/api/submit.php on line 73
[28-Jan-2025 20:28:06 UTC] PHP Warning:  Undefined array key "timestamp" in /home/soluctem/sistema.soluctem.com.co/api/submit.php on line 74
[28-Jan-2025 20:28:06 UTC] PHP Warning:  Undefined array key "asistenciaReparacion" in /home/soluctem/sistema.soluctem.com.co/api/submit.php on line 75
[28-Jan-2025 20:28:06 UTC] PHP Warning:  Undefined array key "asistenciaGarantia" in /home/soluctem/sistema.soluctem.com.co/api/submit.php on line 76
[28-Jan-2025 20:28:06 UTC] PHP Warning:  Undefined array key "asistenciaAjuste" in /home/soluctem/sistema.soluctem.com.co/api/submit.php on line 77
[28-Jan-2025 20:28:06 UTC] PHP Warning:  Undefined array key "asistenciaModificacion" in /home/soluctem/sistema.soluctem.com.co/api/submit.php on line 78
[28-Jan-2025 20:28:06 UTC] PHP Warning:  Undefined array key "asistenciaServicio" in /home/soluctem/sistema.soluctem.com.co/api/submit.php on line 79
[28-Jan-2025 20:28:06 UTC] PHP Warning:  Undefined array key "asistenciaMejora" in /home/soluctem/sistema.soluctem.com.co/api/submit.php on line 80
[28-Jan-2025 20:28:06 UTC] PHP Warning:  Undefined array key "asistenciaCombinacion" in /home/soluctem/sistema.soluctem.com.co/api/submit.php on line 81
[28-Jan-2025 20:28:06 UTC] PHP Warning:  Undefined array key "fallaOperacion" in /home/soluctem/sistema.soluctem.com.co/api/submit.php on line 82
[28-Jan-2025 20:28:06 UTC] PHP Warning:  Undefined array key "fallaMecanica" in /home/soluctem/sistema.soluctem.com.co/api/submit.php on line 83
[28-Jan-2025 20:28:06 UTC] PHP Warning:  Undefined array key "fallaElectrica" in /home/soluctem/sistema.soluctem.com.co/api/submit.php on line 84
[28-Jan-2025 20:28:06 UTC] PHP Warning:  Undefined array key "fallaTerceros" in /home/soluctem/sistema.soluctem.com.co/api/submit.php on line 85
[28-Jan-2025 20:28:06 UTC] PHP Warning:  Undefined array key "fallaFabricacion" in /home/soluctem/sistema.soluctem.com.co/api/submit.php on line 86
[28-Jan-2025 20:28:06 UTC] PHP Warning:  Undefined array key "firma_digital_cliente" in /home/soluctem/sistema.soluctem.com.co/api/submit.php on line 87
[28-Jan-2025 20:28:06 UTC] PHP Warning:  Undefined array key "firma_digital_tecnico" in /home/soluctem/sistema.soluctem.com.co/api/submit.php on line 88
[28-Jan-2025 20:29:26 UTC] PHP Warning:  Undefined array key "nombreSolicitante" in /home/soluctem/sistema.soluctem.com.co/api/submit.php on line 29
[28-Jan-2025 20:29:26 UTC] PHP Warning:  Undefined array key "cargo" in /home/soluctem/sistema.soluctem.com.co/api/submit.php on line 30
[28-Jan-2025 20:29:26 UTC] PHP Warning:  Undefined array key "nombreTienda" in /home/soluctem/sistema.soluctem.com.co/api/submit.php on line 31
[28-Jan-2025 20:29:26 UTC] PHP Warning:  Undefined array key "numeroTienda" in /home/soluctem/sistema.soluctem.com.co/api/submit.php on line 32
[28-Jan-2025 20:29:26 UTC] PHP Warning:  Undefined array key "numeroTicket" in /home/soluctem/sistema.soluctem.com.co/api/submit.php on line 33
[28-Jan-2025 20:29:26 UTC] PHP Warning:  Undefined array key "fecha" in /home/soluctem/sistema.soluctem.com.co/api/submit.php on line 34
[28-Jan-2025 20:29:26 UTC] PHP Warning:  Undefined array key "municipio" in /home/soluctem/sistema.soluctem.com.co/api/submit.php on line 35
[28-Jan-2025 20:29:26 UTC] PHP Warning:  Undefined array key "departamento" in /home/soluctem/sistema.soluctem.com.co/api/submit.php on line 36
[28-Jan-2025 20:29:26 UTC] PHP Warning:  Undefined array key "nombreEquipo" in /home/soluctem/sistema.soluctem.com.co/api/submit.php on line 37
[28-Jan-2025 20:29:26 UTC] PHP Warning:  Undefined array key "marca" in /home/soluctem/sistema.soluctem.com.co/api/submit.php on line 38
[28-Jan-2025 20:29:26 UTC] PHP Warning:  Undefined array key "serial" in /home/soluctem/sistema.soluctem.com.co/api/submit.php on line 39
[28-Jan-2025 20:29:26 UTC] PHP Warning:  Undefined array key "descripcionFalla" in /home/soluctem/sistema.soluctem.com.co/api/submit.php on line 40
[28-Jan-2025 20:29:26 UTC] PHP Warning:  Undefined array key "diagnosticoTecnico" in /home/soluctem/sistema.soluctem.com.co/api/submit.php on line 41
[28-Jan-2025 20:29:26 UTC] PHP Warning:  Undefined array key "repuestosCambiados" in /home/soluctem/sistema.soluctem.com.co/api/submit.php on line 42
[28-Jan-2025 20:29:26 UTC] PHP Warning:  Undefined array key "observaciones" in /home/soluctem/sistema.soluctem.com.co/api/submit.php on line 43
[28-Jan-2025 20:29:26 UTC] PHP Warning:  Undefined array key "seguridadRiesgoAccidentalidad" in /home/soluctem/sistema.soluctem.com.co/api/submit.php on line 44
[28-Jan-2025 20:29:26 UTC] PHP Warning:  Undefined array key "seguridadRiesgoEquipo" in /home/soluctem/sistema.soluctem.com.co/api/submit.php on line 45
[28-Jan-2025 20:29:26 UTC] PHP Warning:  Undefined array key "funcionamientoFallaSolucionada" in /home/soluctem/sistema.soluctem.com.co/api/submit.php on line 46
[28-Jan-2025 20:29:26 UTC] PHP Warning:  Undefined array key "funcionamientoPasosNormales" in /home/soluctem/sistema.soluctem.com.co/api/submit.php on line 47
[28-Jan-2025 20:29:26 UTC] PHP Warning:  Undefined array key "calidadTrabajo" in /home/soluctem/sistema.soluctem.com.co/api/submit.php on line 48
[28-Jan-2025 20:29:26 UTC] PHP Warning:  Undefined array key "limpiezaOrganizacionArmado" in /home/soluctem/sistema.soluctem.com.co/api/submit.php on line 49
[28-Jan-2025 20:29:26 UTC] PHP Warning:  Undefined array key "limpiezaOrganizacionAseado" in /home/soluctem/sistema.soluctem.com.co/api/submit.php on line 50
[28-Jan-2025 20:29:26 UTC] PHP Warning:  Undefined array key "capacitacionCausa" in /home/soluctem/sistema.soluctem.com.co/api/submit.php on line 51
[28-Jan-2025 20:29:26 UTC] PHP Warning:  Undefined array key "capacitacionPrevencion" in /home/soluctem/sistema.soluctem.com.co/api/submit.php on line 52
[28-Jan-2025 20:29:26 UTC] PHP Warning:  Undefined array key "capacitacionAccion" in /home/soluctem/sistema.soluctem.com.co/api/submit.php on line 53
[28-Jan-2025 20:29:26 UTC] PHP Warning:  Undefined array key "contratista1" in /home/soluctem/sistema.soluctem.com.co/api/submit.php on line 54
[28-Jan-2025 20:29:26 UTC] PHP Warning:  Undefined array key "cedula1" in /home/soluctem/sistema.soluctem.com.co/api/submit.php on line 55
[28-Jan-2025 20:29:26 UTC] PHP Warning:  Undefined array key "horaEntrada1" in /home/soluctem/sistema.soluctem.com.co/api/submit.php on line 56
[28-Jan-2025 20:29:26 UTC] PHP Warning:  Undefined array key "horaSalida1" in /home/soluctem/sistema.soluctem.com.co/api/submit.php on line 57
[28-Jan-2025 20:29:26 UTC] PHP Warning:  Undefined array key "contratista2" in /home/soluctem/sistema.soluctem.com.co/api/submit.php on line 58
[28-Jan-2025 20:29:26 UTC] PHP Warning:  Undefined array key "cedula2" in /home/soluctem/sistema.soluctem.com.co/api/submit.php on line 59
[28-Jan-2025 20:29:26 UTC] PHP Warning:  Undefined array key "horaEntrada2" in /home/soluctem/sistema.soluctem.com.co/api/submit.php on line 60
[28-Jan-2025 20:29:26 UTC] PHP Warning:  Undefined array key "horaSalida2" in /home/soluctem/sistema.soluctem.com.co/api/submit.php on line 61
[28-Jan-2025 20:29:26 UTC] PHP Warning:  Undefined array key "contratista3" in /home/soluctem/sistema.soluctem.com.co/api/submit.php on line 62
[28-Jan-2025 20:29:26 UTC] PHP Warning:  Undefined array key "cedula3" in /home/soluctem/sistema.soluctem.com.co/api/submit.php on line 63
[28-Jan-2025 20:29:26 UTC] PHP Warning:  Undefined array key "horaEntrada3" in /home/soluctem/sistema.soluctem.com.co/api/submit.php on line 64
[28-Jan-2025 20:29:26 UTC] PHP Warning:  Undefined array key "horaSalida3" in /home/soluctem/sistema.soluctem.com.co/api/submit.php on line 65
[28-Jan-2025 20:29:26 UTC] PHP Warning:  Undefined array key "contratista4" in /home/soluctem/sistema.soluctem.com.co/api/submit.php on line 66
[28-Jan-2025 20:29:26 UTC] PHP Warning:  Undefined array key "cedula4" in /home/soluctem/sistema.soluctem.com.co/api/submit.php on line 67
[28-Jan-2025 20:29:26 UTC] PHP Warning:  Undefined array key "horaEntrada4" in /home/soluctem/sistema.soluctem.com.co/api/submit.php on line 68
[28-Jan-2025 20:29:26 UTC] PHP Warning:  Undefined array key "horaSalida4" in /home/soluctem/sistema.soluctem.com.co/api/submit.php on line 69
[28-Jan-2025 20:29:26 UTC] PHP Warning:  Undefined array key "nombreFuncionario" in /home/soluctem/sistema.soluctem.com.co/api/submit.php on line 70
[28-Jan-2025 20:29:26 UTC] PHP Warning:  Undefined array key "cedulaFuncionario" in /home/soluctem/sistema.soluctem.com.co/api/submit.php on line 71
[28-Jan-2025 20:29:26 UTC] PHP Warning:  Undefined array key "cargoFuncionario" in /home/soluctem/sistema.soluctem.com.co/api/submit.php on line 72
[28-Jan-2025 20:29:26 UTC] PHP Warning:  Undefined array key "sapFuncionario" in /home/soluctem/sistema.soluctem.com.co/api/submit.php on line 73
[28-Jan-2025 20:29:26 UTC] PHP Warning:  Undefined array key "timestamp" in /home/soluctem/sistema.soluctem.com.co/api/submit.php on line 74
[28-Jan-2025 20:29:26 UTC] PHP Warning:  Undefined array key "asistenciaReparacion" in /home/soluctem/sistema.soluctem.com.co/api/submit.php on line 75
[28-Jan-2025 20:29:26 UTC] PHP Warning:  Undefined array key "asistenciaGarantia" in /home/soluctem/sistema.soluctem.com.co/api/submit.php on line 76
[28-Jan-2025 20:29:26 UTC] PHP Warning:  Undefined array key "asistenciaAjuste" in /home/soluctem/sistema.soluctem.com.co/api/submit.php on line 77
[28-Jan-2025 20:29:26 UTC] PHP Warning:  Undefined array key "asistenciaModificacion" in /home/soluctem/sistema.soluctem.com.co/api/submit.php on line 78
[28-Jan-2025 20:29:26 UTC] PHP Warning:  Undefined array key "asistenciaServicio" in /home/soluctem/sistema.soluctem.com.co/api/submit.php on line 79
[28-Jan-2025 20:29:26 UTC] PHP Warning:  Undefined array key "asistenciaMejora" in /home/soluctem/sistema.soluctem.com.co/api/submit.php on line 80
[28-Jan-2025 20:29:26 UTC] PHP Warning:  Undefined array key "asistenciaCombinacion" in /home/soluctem/sistema.soluctem.com.co/api/submit.php on line 81
[28-Jan-2025 20:29:26 UTC] PHP Warning:  Undefined array key "fallaOperacion" in /home/soluctem/sistema.soluctem.com.co/api/submit.php on line 82
[28-Jan-2025 20:29:26 UTC] PHP Warning:  Undefined array key "fallaMecanica" in /home/soluctem/sistema.soluctem.com.co/api/submit.php on line 83
[28-Jan-2025 20:29:26 UTC] PHP Warning:  Undefined array key "fallaElectrica" in /home/soluctem/sistema.soluctem.com.co/api/submit.php on line 84
[28-Jan-2025 20:29:26 UTC] PHP Warning:  Undefined array key "fallaTerceros" in /home/soluctem/sistema.soluctem.com.co/api/submit.php on line 85
[28-Jan-2025 20:29:26 UTC] PHP Warning:  Undefined array key "fallaFabricacion" in /home/soluctem/sistema.soluctem.com.co/api/submit.php on line 86
[28-Jan-2025 20:29:26 UTC] PHP Warning:  Undefined array key "firma_digital_cliente" in /home/soluctem/sistema.soluctem.com.co/api/submit.php on line 87
[28-Jan-2025 20:29:26 UTC] PHP Warning:  Undefined array key "firma_digital_tecnico" in /home/soluctem/sistema.soluctem.com.co/api/submit.php on line 88
[28-Jan-2025 20:33:40 UTC] PHP Warning:  Undefined array key "nombreSolicitante" in /home/soluctem/sistema.soluctem.com.co/api/submit.php on line 29
[28-Jan-2025 20:33:40 UTC] PHP Warning:  Undefined array key "cargo" in /home/soluctem/sistema.soluctem.com.co/api/submit.php on line 30
[28-Jan-2025 20:33:40 UTC] PHP Warning:  Undefined array key "nombreTienda" in /home/soluctem/sistema.soluctem.com.co/api/submit.php on line 31
[28-Jan-2025 20:33:40 UTC] PHP Warning:  Undefined array key "numeroTienda" in /home/soluctem/sistema.soluctem.com.co/api/submit.php on line 32
[28-Jan-2025 20:33:40 UTC] PHP Warning:  Undefined array key "numeroTicket" in /home/soluctem/sistema.soluctem.com.co/api/submit.php on line 33
[28-Jan-2025 20:33:40 UTC] PHP Warning:  Undefined array key "fecha" in /home/soluctem/sistema.soluctem.com.co/api/submit.php on line 34
[28-Jan-2025 20:33:40 UTC] PHP Warning:  Undefined array key "municipio" in /home/soluctem/sistema.soluctem.com.co/api/submit.php on line 35
[28-Jan-2025 20:33:40 UTC] PHP Warning:  Undefined array key "departamento" in /home/soluctem/sistema.soluctem.com.co/api/submit.php on line 36
[28-Jan-2025 20:33:40 UTC] PHP Warning:  Undefined array key "nombreEquipo" in /home/soluctem/sistema.soluctem.com.co/api/submit.php on line 37
[28-Jan-2025 20:33:40 UTC] PHP Warning:  Undefined array key "marca" in /home/soluctem/sistema.soluctem.com.co/api/submit.php on line 38
[28-Jan-2025 20:33:40 UTC] PHP Warning:  Undefined array key "serial" in /home/soluctem/sistema.soluctem.com.co/api/submit.php on line 39
[28-Jan-2025 20:33:40 UTC] PHP Warning:  Undefined array key "descripcionFalla" in /home/soluctem/sistema.soluctem.com.co/api/submit.php on line 40
[28-Jan-2025 20:33:40 UTC] PHP Warning:  Undefined array key "diagnosticoTecnico" in /home/soluctem/sistema.soluctem.com.co/api/submit.php on line 41
[28-Jan-2025 20:33:40 UTC] PHP Warning:  Undefined array key "repuestosCambiados" in /home/soluctem/sistema.soluctem.com.co/api/submit.php on line 42
[28-Jan-2025 20:33:40 UTC] PHP Warning:  Undefined array key "observaciones" in /home/soluctem/sistema.soluctem.com.co/api/submit.php on line 43
[28-Jan-2025 20:33:40 UTC] PHP Warning:  Undefined array key "seguridadRiesgoAccidentalidad" in /home/soluctem/sistema.soluctem.com.co/api/submit.php on line 44
[28-Jan-2025 20:33:40 UTC] PHP Warning:  Undefined array key "seguridadRiesgoEquipo" in /home/soluctem/sistema.soluctem.com.co/api/submit.php on line 45
[28-Jan-2025 20:33:40 UTC] PHP Warning:  Undefined array key "funcionamientoFallaSolucionada" in /home/soluctem/sistema.soluctem.com.co/api/submit.php on line 46
[28-Jan-2025 20:33:40 UTC] PHP Warning:  Undefined array key "funcionamientoPasosNormales" in /home/soluctem/sistema.soluctem.com.co/api/submit.php on line 47
[28-Jan-2025 20:33:40 UTC] PHP Warning:  Undefined array key "calidadTrabajo" in /home/soluctem/sistema.soluctem.com.co/api/submit.php on line 48
[28-Jan-2025 20:33:40 UTC] PHP Warning:  Undefined array key "limpiezaOrganizacionArmado" in /home/soluctem/sistema.soluctem.com.co/api/submit.php on line 49
[28-Jan-2025 20:33:40 UTC] PHP Warning:  Undefined array key "limpiezaOrganizacionAseado" in /home/soluctem/sistema.soluctem.com.co/api/submit.php on line 50
[28-Jan-2025 20:33:40 UTC] PHP Warning:  Undefined array key "capacitacionCausa" in /home/soluctem/sistema.soluctem.com.co/api/submit.php on line 51
[28-Jan-2025 20:33:40 UTC] PHP Warning:  Undefined array key "capacitacionPrevencion" in /home/soluctem/sistema.soluctem.com.co/api/submit.php on line 52
[28-Jan-2025 20:33:40 UTC] PHP Warning:  Undefined array key "capacitacionAccion" in /home/soluctem/sistema.soluctem.com.co/api/submit.php on line 53
[28-Jan-2025 20:33:40 UTC] PHP Warning:  Undefined array key "contratista1" in /home/soluctem/sistema.soluctem.com.co/api/submit.php on line 54
[28-Jan-2025 20:33:40 UTC] PHP Warning:  Undefined array key "cedula1" in /home/soluctem/sistema.soluctem.com.co/api/submit.php on line 55
[28-Jan-2025 20:33:40 UTC] PHP Warning:  Undefined array key "horaEntrada1" in /home/soluctem/sistema.soluctem.com.co/api/submit.php on line 56
[28-Jan-2025 20:33:40 UTC] PHP Warning:  Undefined array key "horaSalida1" in /home/soluctem/sistema.soluctem.com.co/api/submit.php on line 57
[28-Jan-2025 20:33:40 UTC] PHP Warning:  Undefined array key "contratista2" in /home/soluctem/sistema.soluctem.com.co/api/submit.php on line 58
[28-Jan-2025 20:33:40 UTC] PHP Warning:  Undefined array key "cedula2" in /home/soluctem/sistema.soluctem.com.co/api/submit.php on line 59
[28-Jan-2025 20:33:40 UTC] PHP Warning:  Undefined array key "horaEntrada2" in /home/soluctem/sistema.soluctem.com.co/api/submit.php on line 60
[28-Jan-2025 20:33:40 UTC] PHP Warning:  Undefined array key "horaSalida2" in /home/soluctem/sistema.soluctem.com.co/api/submit.php on line 61
[28-Jan-2025 20:33:40 UTC] PHP Warning:  Undefined array key "contratista3" in /home/soluctem/sistema.soluctem.com.co/api/submit.php on line 62
[28-Jan-2025 20:33:40 UTC] PHP Warning:  Undefined array key "cedula3" in /home/soluctem/sistema.soluctem.com.co/api/submit.php on line 63
[28-Jan-2025 20:33:40 UTC] PHP Warning:  Undefined array key "horaEntrada3" in /home/soluctem/sistema.soluctem.com.co/api/submit.php on line 64
[28-Jan-2025 20:33:40 UTC] PHP Warning:  Undefined array key "horaSalida3" in /home/soluctem/sistema.soluctem.com.co/api/submit.php on line 65
[28-Jan-2025 20:33:40 UTC] PHP Warning:  Undefined array key "contratista4" in /home/soluctem/sistema.soluctem.com.co/api/submit.php on line 66
[28-Jan-2025 20:33:40 UTC] PHP Warning:  Undefined array key "cedula4" in /home/soluctem/sistema.soluctem.com.co/api/submit.php on line 67
[28-Jan-2025 20:33:40 UTC] PHP Warning:  Undefined array key "horaEntrada4" in /home/soluctem/sistema.soluctem.com.co/api/submit.php on line 68
[28-Jan-2025 20:33:40 UTC] PHP Warning:  Undefined array key "horaSalida4" in /home/soluctem/sistema.soluctem.com.co/api/submit.php on line 69
[28-Jan-2025 20:33:40 UTC] PHP Warning:  Undefined array key "nombreFuncionario" in /home/soluctem/sistema.soluctem.com.co/api/submit.php on line 70
[28-Jan-2025 20:33:40 UTC] PHP Warning:  Undefined array key "cedulaFuncionario" in /home/soluctem/sistema.soluctem.com.co/api/submit.php on line 71
[28-Jan-2025 20:33:40 UTC] PHP Warning:  Undefined array key "cargoFuncionario" in /home/soluctem/sistema.soluctem.com.co/api/submit.php on line 72
[28-Jan-2025 20:33:40 UTC] PHP Warning:  Undefined array key "sapFuncionario" in /home/soluctem/sistema.soluctem.com.co/api/submit.php on line 73
[28-Jan-2025 20:33:40 UTC] PHP Warning:  Undefined array key "timestamp" in /home/soluctem/sistema.soluctem.com.co/api/submit.php on line 74
[28-Jan-2025 20:33:40 UTC] PHP Warning:  Undefined array key "asistenciaReparacion" in /home/soluctem/sistema.soluctem.com.co/api/submit.php on line 75
[28-Jan-2025 20:33:40 UTC] PHP Warning:  Undefined array key "asistenciaGarantia" in /home/soluctem/sistema.soluctem.com.co/api/submit.php on line 76
[28-Jan-2025 20:33:40 UTC] PHP Warning:  Undefined array key "asistenciaAjuste" in /home/soluctem/sistema.soluctem.com.co/api/submit.php on line 77
[28-Jan-2025 20:33:40 UTC] PHP Warning:  Undefined array key "asistenciaModificacion" in /home/soluctem/sistema.soluctem.com.co/api/submit.php on line 78
[28-Jan-2025 20:33:40 UTC] PHP Warning:  Undefined array key "asistenciaServicio" in /home/soluctem/sistema.soluctem.com.co/api/submit.php on line 79
[28-Jan-2025 20:33:40 UTC] PHP Warning:  Undefined array key "asistenciaMejora" in /home/soluctem/sistema.soluctem.com.co/api/submit.php on line 80
[28-Jan-2025 20:33:40 UTC] PHP Warning:  Undefined array key "asistenciaCombinacion" in /home/soluctem/sistema.soluctem.com.co/api/submit.php on line 81
[28-Jan-2025 20:33:40 UTC] PHP Warning:  Undefined array key "fallaOperacion" in /home/soluctem/sistema.soluctem.com.co/api/submit.php on line 82
[28-Jan-2025 20:33:40 UTC] PHP Warning:  Undefined array key "fallaMecanica" in /home/soluctem/sistema.soluctem.com.co/api/submit.php on line 83
[28-Jan-2025 20:33:40 UTC] PHP Warning:  Undefined array key "fallaElectrica" in /home/soluctem/sistema.soluctem.com.co/api/submit.php on line 84
[28-Jan-2025 20:33:40 UTC] PHP Warning:  Undefined array key "fallaTerceros" in /home/soluctem/sistema.soluctem.com.co/api/submit.php on line 85
[28-Jan-2025 20:33:40 UTC] PHP Warning:  Undefined array key "fallaFabricacion" in /home/soluctem/sistema.soluctem.com.co/api/submit.php on line 86
[28-Jan-2025 20:33:40 UTC] PHP Warning:  Undefined array key "firma_digital_cliente" in /home/soluctem/sistema.soluctem.com.co/api/submit.php on line 87
[28-Jan-2025 20:33:40 UTC] PHP Warning:  Undefined array key "firma_digital_tecnico" in /home/soluctem/sistema.soluctem.com.co/api/submit.php on line 88
[28-Jan-2025 20:38:34 UTC] PHP Warning:  Undefined array key "nombreSolicitante" in /home/soluctem/sistema.soluctem.com.co/api/submit.php on line 29
[28-Jan-2025 20:38:34 UTC] PHP Warning:  Undefined array key "cargo" in /home/soluctem/sistema.soluctem.com.co/api/submit.php on line 30
[28-Jan-2025 20:38:34 UTC] PHP Warning:  Undefined array key "nombreTienda" in /home/soluctem/sistema.soluctem.com.co/api/submit.php on line 31
[28-Jan-2025 20:38:34 UTC] PHP Warning:  Undefined array key "numeroTienda" in /home/soluctem/sistema.soluctem.com.co/api/submit.php on line 32
[28-Jan-2025 20:38:34 UTC] PHP Warning:  Undefined array key "numeroTicket" in /home/soluctem/sistema.soluctem.com.co/api/submit.php on line 33
[28-Jan-2025 20:38:34 UTC] PHP Warning:  Undefined array key "fecha" in /home/soluctem/sistema.soluctem.com.co/api/submit.php on line 34
[28-Jan-2025 20:38:34 UTC] PHP Warning:  Undefined array key "municipio" in /home/soluctem/sistema.soluctem.com.co/api/submit.php on line 35
[28-Jan-2025 20:38:34 UTC] PHP Warning:  Undefined array key "departamento" in /home/soluctem/sistema.soluctem.com.co/api/submit.php on line 36
[28-Jan-2025 20:38:34 UTC] PHP Warning:  Undefined array key "nombreEquipo" in /home/soluctem/sistema.soluctem.com.co/api/submit.php on line 37
[28-Jan-2025 20:38:34 UTC] PHP Warning:  Undefined array key "marca" in /home/soluctem/sistema.soluctem.com.co/api/submit.php on line 38
[28-Jan-2025 20:38:34 UTC] PHP Warning:  Undefined array key "serial" in /home/soluctem/sistema.soluctem.com.co/api/submit.php on line 39
[28-Jan-2025 20:38:34 UTC] PHP Warning:  Undefined array key "descripcionFalla" in /home/soluctem/sistema.soluctem.com.co/api/submit.php on line 40
[28-Jan-2025 20:38:34 UTC] PHP Warning:  Undefined array key "diagnosticoTecnico" in /home/soluctem/sistema.soluctem.com.co/api/submit.php on line 41
[28-Jan-2025 20:38:34 UTC] PHP Warning:  Undefined array key "repuestosCambiados" in /home/soluctem/sistema.soluctem.com.co/api/submit.php on line 42
[28-Jan-2025 20:38:34 UTC] PHP Warning:  Undefined array key "observaciones" in /home/soluctem/sistema.soluctem.com.co/api/submit.php on line 43
[28-Jan-2025 20:38:34 UTC] PHP Warning:  Undefined array key "seguridadRiesgoAccidentalidad" in /home/soluctem/sistema.soluctem.com.co/api/submit.php on line 44
[28-Jan-2025 20:38:34 UTC] PHP Warning:  Undefined array key "seguridadRiesgoEquipo" in /home/soluctem/sistema.soluctem.com.co/api/submit.php on line 45
[28-Jan-2025 20:38:34 UTC] PHP Warning:  Undefined array key "funcionamientoFallaSolucionada" in /home/soluctem/sistema.soluctem.com.co/api/submit.php on line 46
[28-Jan-2025 20:38:34 UTC] PHP Warning:  Undefined array key "funcionamientoPasosNormales" in /home/soluctem/sistema.soluctem.com.co/api/submit.php on line 47
[28-Jan-2025 20:38:34 UTC] PHP Warning:  Undefined array key "calidadTrabajo" in /home/soluctem/sistema.soluctem.com.co/api/submit.php on line 48
[28-Jan-2025 20:38:34 UTC] PHP Warning:  Undefined array key "limpiezaOrganizacionArmado" in /home/soluctem/sistema.soluctem.com.co/api/submit.php on line 49
[28-Jan-2025 20:38:34 UTC] PHP Warning:  Undefined array key "limpiezaOrganizacionAseado" in /home/soluctem/sistema.soluctem.com.co/api/submit.php on line 50
[28-Jan-2025 20:38:34 UTC] PHP Warning:  Undefined array key "capacitacionCausa" in /home/soluctem/sistema.soluctem.com.co/api/submit.php on line 51
[28-Jan-2025 20:38:34 UTC] PHP Warning:  Undefined array key "capacitacionPrevencion" in /home/soluctem/sistema.soluctem.com.co/api/submit.php on line 52
[28-Jan-2025 20:38:34 UTC] PHP Warning:  Undefined array key "capacitacionAccion" in /home/soluctem/sistema.soluctem.com.co/api/submit.php on line 53
[28-Jan-2025 20:38:34 UTC] PHP Warning:  Undefined array key "contratista1" in /home/soluctem/sistema.soluctem.com.co/api/submit.php on line 54
[28-Jan-2025 20:38:34 UTC] PHP Warning:  Undefined array key "cedula1" in /home/soluctem/sistema.soluctem.com.co/api/submit.php on line 55
[28-Jan-2025 20:38:34 UTC] PHP Warning:  Undefined array key "horaEntrada1" in /home/soluctem/sistema.soluctem.com.co/api/submit.php on line 56
[28-Jan-2025 20:38:34 UTC] PHP Warning:  Undefined array key "horaSalida1" in /home/soluctem/sistema.soluctem.com.co/api/submit.php on line 57
[28-Jan-2025 20:38:34 UTC] PHP Warning:  Undefined array key "contratista2" in /home/soluctem/sistema.soluctem.com.co/api/submit.php on line 58
[28-Jan-2025 20:38:34 UTC] PHP Warning:  Undefined array key "cedula2" in /home/soluctem/sistema.soluctem.com.co/api/submit.php on line 59
[28-Jan-2025 20:38:34 UTC] PHP Warning:  Undefined array key "horaEntrada2" in /home/soluctem/sistema.soluctem.com.co/api/submit.php on line 60
[28-Jan-2025 20:38:34 UTC] PHP Warning:  Undefined array key "horaSalida2" in /home/soluctem/sistema.soluctem.com.co/api/submit.php on line 61
[28-Jan-2025 20:38:34 UTC] PHP Warning:  Undefined array key "contratista3" in /home/soluctem/sistema.soluctem.com.co/api/submit.php on line 62
[28-Jan-2025 20:38:34 UTC] PHP Warning:  Undefined array key "cedula3" in /home/soluctem/sistema.soluctem.com.co/api/submit.php on line 63
[28-Jan-2025 20:38:34 UTC] PHP Warning:  Undefined array key "horaEntrada3" in /home/soluctem/sistema.soluctem.com.co/api/submit.php on line 64
[28-Jan-2025 20:38:34 UTC] PHP Warning:  Undefined array key "horaSalida3" in /home/soluctem/sistema.soluctem.com.co/api/submit.php on line 65
[28-Jan-2025 20:38:34 UTC] PHP Warning:  Undefined array key "contratista4" in /home/soluctem/sistema.soluctem.com.co/api/submit.php on line 66
[28-Jan-2025 20:38:34 UTC] PHP Warning:  Undefined array key "cedula4" in /home/soluctem/sistema.soluctem.com.co/api/submit.php on line 67
[28-Jan-2025 20:38:34 UTC] PHP Warning:  Undefined array key "horaEntrada4" in /home/soluctem/sistema.soluctem.com.co/api/submit.php on line 68
[28-Jan-2025 20:38:34 UTC] PHP Warning:  Undefined array key "horaSalida4" in /home/soluctem/sistema.soluctem.com.co/api/submit.php on line 69
[28-Jan-2025 20:38:34 UTC] PHP Warning:  Undefined array key "nombreFuncionario" in /home/soluctem/sistema.soluctem.com.co/api/submit.php on line 70
[28-Jan-2025 20:38:34 UTC] PHP Warning:  Undefined array key "cedulaFuncionario" in /home/soluctem/sistema.soluctem.com.co/api/submit.php on line 71
[28-Jan-2025 20:38:34 UTC] PHP Warning:  Undefined array key "cargoFuncionario" in /home/soluctem/sistema.soluctem.com.co/api/submit.php on line 72
[28-Jan-2025 20:38:34 UTC] PHP Warning:  Undefined array key "sapFuncionario" in /home/soluctem/sistema.soluctem.com.co/api/submit.php on line 73
[28-Jan-2025 20:38:34 UTC] PHP Warning:  Undefined array key "timestamp" in /home/soluctem/sistema.soluctem.com.co/api/submit.php on line 74
[28-Jan-2025 20:38:34 UTC] PHP Warning:  Undefined array key "asistenciaReparacion" in /home/soluctem/sistema.soluctem.com.co/api/submit.php on line 75
[28-Jan-2025 20:38:34 UTC] PHP Warning:  Undefined array key "asistenciaGarantia" in /home/soluctem/sistema.soluctem.com.co/api/submit.php on line 76
[28-Jan-2025 20:38:34 UTC] PHP Warning:  Undefined array key "asistenciaAjuste" in /home/soluctem/sistema.soluctem.com.co/api/submit.php on line 77
[28-Jan-2025 20:38:34 UTC] PHP Warning:  Undefined array key "asistenciaModificacion" in /home/soluctem/sistema.soluctem.com.co/api/submit.php on line 78
[28-Jan-2025 20:38:34 UTC] PHP Warning:  Undefined array key "asistenciaServicio" in /home/soluctem/sistema.soluctem.com.co/api/submit.php on line 79
[28-Jan-2025 20:38:34 UTC] PHP Warning:  Undefined array key "asistenciaMejora" in /home/soluctem/sistema.soluctem.com.co/api/submit.php on line 80
[28-Jan-2025 20:38:34 UTC] PHP Warning:  Undefined array key "asistenciaCombinacion" in /home/soluctem/sistema.soluctem.com.co/api/submit.php on line 81
[28-Jan-2025 20:38:34 UTC] PHP Warning:  Undefined array key "fallaOperacion" in /home/soluctem/sistema.soluctem.com.co/api/submit.php on line 82
[28-Jan-2025 20:38:34 UTC] PHP Warning:  Undefined array key "fallaMecanica" in /home/soluctem/sistema.soluctem.com.co/api/submit.php on line 83
[28-Jan-2025 20:38:34 UTC] PHP Warning:  Undefined array key "fallaElectrica" in /home/soluctem/sistema.soluctem.com.co/api/submit.php on line 84
[28-Jan-2025 20:38:34 UTC] PHP Warning:  Undefined array key "fallaTerceros" in /home/soluctem/sistema.soluctem.com.co/api/submit.php on line 85
[28-Jan-2025 20:38:34 UTC] PHP Warning:  Undefined array key "fallaFabricacion" in /home/soluctem/sistema.soluctem.com.co/api/submit.php on line 86
[28-Jan-2025 20:38:34 UTC] PHP Warning:  Undefined array key "firma_digital_cliente" in /home/soluctem/sistema.soluctem.com.co/api/submit.php on line 87
[28-Jan-2025 20:38:34 UTC] PHP Warning:  Undefined array key "firma_digital_tecnico" in /home/soluctem/sistema.soluctem.com.co/api/submit.php on line 88
[29-Jan-2025 00:40:52 UTC] PHP Warning:  Undefined array key "nombreSolicitante" in /home/soluctem/sistema.soluctem.com.co/api/submit.php on line 29
[29-Jan-2025 00:40:52 UTC] PHP Warning:  Undefined array key "cargo" in /home/soluctem/sistema.soluctem.com.co/api/submit.php on line 30
[29-Jan-2025 00:40:52 UTC] PHP Warning:  Undefined array key "nombreTienda" in /home/soluctem/sistema.soluctem.com.co/api/submit.php on line 31
[29-Jan-2025 00:40:52 UTC] PHP Warning:  Undefined array key "numeroTienda" in /home/soluctem/sistema.soluctem.com.co/api/submit.php on line 32
[29-Jan-2025 00:40:52 UTC] PHP Warning:  Undefined array key "numeroTicket" in /home/soluctem/sistema.soluctem.com.co/api/submit.php on line 33
[29-Jan-2025 00:40:52 UTC] PHP Warning:  Undefined array key "fecha" in /home/soluctem/sistema.soluctem.com.co/api/submit.php on line 34
[29-Jan-2025 00:40:52 UTC] PHP Warning:  Undefined array key "municipio" in /home/soluctem/sistema.soluctem.com.co/api/submit.php on line 35
[29-Jan-2025 00:40:52 UTC] PHP Warning:  Undefined array key "departamento" in /home/soluctem/sistema.soluctem.com.co/api/submit.php on line 36
[29-Jan-2025 00:40:52 UTC] PHP Warning:  Undefined array key "nombreEquipo" in /home/soluctem/sistema.soluctem.com.co/api/submit.php on line 37
[29-Jan-2025 00:40:52 UTC] PHP Warning:  Undefined array key "marca" in /home/soluctem/sistema.soluctem.com.co/api/submit.php on line 38
[29-Jan-2025 00:40:52 UTC] PHP Warning:  Undefined array key "serial" in /home/soluctem/sistema.soluctem.com.co/api/submit.php on line 39
[29-Jan-2025 00:40:52 UTC] PHP Warning:  Undefined array key "descripcionFalla" in /home/soluctem/sistema.soluctem.com.co/api/submit.php on line 40
[29-Jan-2025 00:40:52 UTC] PHP Warning:  Undefined array key "diagnosticoTecnico" in /home/soluctem/sistema.soluctem.com.co/api/submit.php on line 41
[29-Jan-2025 00:40:52 UTC] PHP Warning:  Undefined array key "repuestosCambiados" in /home/soluctem/sistema.soluctem.com.co/api/submit.php on line 42
[29-Jan-2025 00:40:52 UTC] PHP Warning:  Undefined array key "observaciones" in /home/soluctem/sistema.soluctem.com.co/api/submit.php on line 43
[29-Jan-2025 00:40:52 UTC] PHP Warning:  Undefined array key "seguridadRiesgoAccidentalidad" in /home/soluctem/sistema.soluctem.com.co/api/submit.php on line 44
[29-Jan-2025 00:40:52 UTC] PHP Warning:  Undefined array key "seguridadRiesgoEquipo" in /home/soluctem/sistema.soluctem.com.co/api/submit.php on line 45
[29-Jan-2025 00:40:52 UTC] PHP Warning:  Undefined array key "funcionamientoFallaSolucionada" in /home/soluctem/sistema.soluctem.com.co/api/submit.php on line 46
[29-Jan-2025 00:40:52 UTC] PHP Warning:  Undefined array key "funcionamientoPasosNormales" in /home/soluctem/sistema.soluctem.com.co/api/submit.php on line 47
[29-Jan-2025 00:40:52 UTC] PHP Warning:  Undefined array key "calidadTrabajo" in /home/soluctem/sistema.soluctem.com.co/api/submit.php on line 48
[29-Jan-2025 00:40:52 UTC] PHP Warning:  Undefined array key "limpiezaOrganizacionArmado" in /home/soluctem/sistema.soluctem.com.co/api/submit.php on line 49
[29-Jan-2025 00:40:52 UTC] PHP Warning:  Undefined array key "limpiezaOrganizacionAseado" in /home/soluctem/sistema.soluctem.com.co/api/submit.php on line 50
[29-Jan-2025 00:40:52 UTC] PHP Warning:  Undefined array key "capacitacionCausa" in /home/soluctem/sistema.soluctem.com.co/api/submit.php on line 51
[29-Jan-2025 00:40:52 UTC] PHP Warning:  Undefined array key "capacitacionPrevencion" in /home/soluctem/sistema.soluctem.com.co/api/submit.php on line 52
[29-Jan-2025 00:40:52 UTC] PHP Warning:  Undefined array key "capacitacionAccion" in /home/soluctem/sistema.soluctem.com.co/api/submit.php on line 53
[29-Jan-2025 00:40:52 UTC] PHP Warning:  Undefined array key "contratista1" in /home/soluctem/sistema.soluctem.com.co/api/submit.php on line 54
[29-Jan-2025 00:40:52 UTC] PHP Warning:  Undefined array key "cedula1" in /home/soluctem/sistema.soluctem.com.co/api/submit.php on line 55
[29-Jan-2025 00:40:52 UTC] PHP Warning:  Undefined array key "horaEntrada1" in /home/soluctem/sistema.soluctem.com.co/api/submit.php on line 56
[29-Jan-2025 00:40:52 UTC] PHP Warning:  Undefined array key "horaSalida1" in /home/soluctem/sistema.soluctem.com.co/api/submit.php on line 57
[29-Jan-2025 00:40:52 UTC] PHP Warning:  Undefined array key "contratista2" in /home/soluctem/sistema.soluctem.com.co/api/submit.php on line 58
[29-Jan-2025 00:40:52 UTC] PHP Warning:  Undefined array key "cedula2" in /home/soluctem/sistema.soluctem.com.co/api/submit.php on line 59
[29-Jan-2025 00:40:52 UTC] PHP Warning:  Undefined array key "horaEntrada2" in /home/soluctem/sistema.soluctem.com.co/api/submit.php on line 60
[29-Jan-2025 00:40:52 UTC] PHP Warning:  Undefined array key "horaSalida2" in /home/soluctem/sistema.soluctem.com.co/api/submit.php on line 61
[29-Jan-2025 00:40:52 UTC] PHP Warning:  Undefined array key "contratista3" in /home/soluctem/sistema.soluctem.com.co/api/submit.php on line 62
[29-Jan-2025 00:40:52 UTC] PHP Warning:  Undefined array key "cedula3" in /home/soluctem/sistema.soluctem.com.co/api/submit.php on line 63
[29-Jan-2025 00:40:52 UTC] PHP Warning:  Undefined array key "horaEntrada3" in /home/soluctem/sistema.soluctem.com.co/api/submit.php on line 64
[29-Jan-2025 00:40:52 UTC] PHP Warning:  Undefined array key "horaSalida3" in /home/soluctem/sistema.soluctem.com.co/api/submit.php on line 65
[29-Jan-2025 00:40:52 UTC] PHP Warning:  Undefined array key "contratista4" in /home/soluctem/sistema.soluctem.com.co/api/submit.php on line 66
[29-Jan-2025 00:40:52 UTC] PHP Warning:  Undefined array key "cedula4" in /home/soluctem/sistema.soluctem.com.co/api/submit.php on line 67
[29-Jan-2025 00:40:52 UTC] PHP Warning:  Undefined array key "horaEntrada4" in /home/soluctem/sistema.soluctem.com.co/api/submit.php on line 68
[29-Jan-2025 00:40:52 UTC] PHP Warning:  Undefined array key "horaSalida4" in /home/soluctem/sistema.soluctem.com.co/api/submit.php on line 69
[29-Jan-2025 00:40:52 UTC] PHP Warning:  Undefined array key "nombreFuncionario" in /home/soluctem/sistema.soluctem.com.co/api/submit.php on line 70
[29-Jan-2025 00:40:52 UTC] PHP Warning:  Undefined array key "cedulaFuncionario" in /home/soluctem/sistema.soluctem.com.co/api/submit.php on line 71
[29-Jan-2025 00:40:52 UTC] PHP Warning:  Undefined array key "cargoFuncionario" in /home/soluctem/sistema.soluctem.com.co/api/submit.php on line 72
[29-Jan-2025 00:40:52 UTC] PHP Warning:  Undefined array key "sapFuncionario" in /home/soluctem/sistema.soluctem.com.co/api/submit.php on line 73
[29-Jan-2025 00:40:52 UTC] PHP Warning:  Undefined array key "timestamp" in /home/soluctem/sistema.soluctem.com.co/api/submit.php on line 74
[29-Jan-2025 00:40:52 UTC] PHP Warning:  Undefined array key "asistenciaReparacion" in /home/soluctem/sistema.soluctem.com.co/api/submit.php on line 75
[29-Jan-2025 00:40:52 UTC] PHP Warning:  Undefined array key "asistenciaGarantia" in /home/soluctem/sistema.soluctem.com.co/api/submit.php on line 76
[29-Jan-2025 00:40:52 UTC] PHP Warning:  Undefined array key "asistenciaAjuste" in /home/soluctem/sistema.soluctem.com.co/api/submit.php on line 77
[29-Jan-2025 00:40:52 UTC] PHP Warning:  Undefined array key "asistenciaModificacion" in /home/soluctem/sistema.soluctem.com.co/api/submit.php on line 78
[29-Jan-2025 00:40:52 UTC] PHP Warning:  Undefined array key "asistenciaServicio" in /home/soluctem/sistema.soluctem.com.co/api/submit.php on line 79
[29-Jan-2025 00:40:52 UTC] PHP Warning:  Undefined array key "asistenciaMejora" in /home/soluctem/sistema.soluctem.com.co/api/submit.php on line 80
[29-Jan-2025 00:40:52 UTC] PHP Warning:  Undefined array key "asistenciaCombinacion" in /home/soluctem/sistema.soluctem.com.co/api/submit.php on line 81
[29-Jan-2025 00:40:52 UTC] PHP Warning:  Undefined array key "fallaOperacion" in /home/soluctem/sistema.soluctem.com.co/api/submit.php on line 82
[29-Jan-2025 00:40:52 UTC] PHP Warning:  Undefined array key "fallaMecanica" in /home/soluctem/sistema.soluctem.com.co/api/submit.php on line 83
[29-Jan-2025 00:40:52 UTC] PHP Warning:  Undefined array key "fallaElectrica" in /home/soluctem/sistema.soluctem.com.co/api/submit.php on line 84
[29-Jan-2025 00:40:52 UTC] PHP Warning:  Undefined array key "fallaTerceros" in /home/soluctem/sistema.soluctem.com.co/api/submit.php on line 85
[29-Jan-2025 00:40:52 UTC] PHP Warning:  Undefined array key "fallaFabricacion" in /home/soluctem/sistema.soluctem.com.co/api/submit.php on line 86
[29-Jan-2025 00:40:52 UTC] PHP Warning:  Undefined array key "firma_digital_cliente" in /home/soluctem/sistema.soluctem.com.co/api/submit.php on line 87
[29-Jan-2025 00:40:52 UTC] PHP Warning:  Undefined array key "firma_digital_tecnico" in /home/soluctem/sistema.soluctem.com.co/api/submit.php on line 88
[29-Jan-2025 00:43:45 UTC] PHP Warning:  Undefined array key "nombreSolicitante" in /home/soluctem/sistema.soluctem.com.co/api/submit.php on line 29
[29-Jan-2025 00:43:45 UTC] PHP Warning:  Undefined array key "cargo" in /home/soluctem/sistema.soluctem.com.co/api/submit.php on line 30
[29-Jan-2025 00:43:45 UTC] PHP Warning:  Undefined array key "nombreTienda" in /home/soluctem/sistema.soluctem.com.co/api/submit.php on line 31
[29-Jan-2025 00:43:45 UTC] PHP Warning:  Undefined array key "numeroTienda" in /home/soluctem/sistema.soluctem.com.co/api/submit.php on line 32
[29-Jan-2025 00:43:45 UTC] PHP Warning:  Undefined array key "numeroTicket" in /home/soluctem/sistema.soluctem.com.co/api/submit.php on line 33
[29-Jan-2025 00:43:45 UTC] PHP Warning:  Undefined array key "fecha" in /home/soluctem/sistema.soluctem.com.co/api/submit.php on line 34
[29-Jan-2025 00:43:45 UTC] PHP Warning:  Undefined array key "municipio" in /home/soluctem/sistema.soluctem.com.co/api/submit.php on line 35
[29-Jan-2025 00:43:45 UTC] PHP Warning:  Undefined array key "departamento" in /home/soluctem/sistema.soluctem.com.co/api/submit.php on line 36
[29-Jan-2025 00:43:45 UTC] PHP Warning:  Undefined array key "nombreEquipo" in /home/soluctem/sistema.soluctem.com.co/api/submit.php on line 37
[29-Jan-2025 00:43:45 UTC] PHP Warning:  Undefined array key "marca" in /home/soluctem/sistema.soluctem.com.co/api/submit.php on line 38
[29-Jan-2025 00:43:45 UTC] PHP Warning:  Undefined array key "serial" in /home/soluctem/sistema.soluctem.com.co/api/submit.php on line 39
[29-Jan-2025 00:43:45 UTC] PHP Warning:  Undefined array key "descripcionFalla" in /home/soluctem/sistema.soluctem.com.co/api/submit.php on line 40
[29-Jan-2025 00:43:45 UTC] PHP Warning:  Undefined array key "diagnosticoTecnico" in /home/soluctem/sistema.soluctem.com.co/api/submit.php on line 41
[29-Jan-2025 00:43:45 UTC] PHP Warning:  Undefined array key "repuestosCambiados" in /home/soluctem/sistema.soluctem.com.co/api/submit.php on line 42
[29-Jan-2025 00:43:45 UTC] PHP Warning:  Undefined array key "observaciones" in /home/soluctem/sistema.soluctem.com.co/api/submit.php on line 43
[29-Jan-2025 00:43:45 UTC] PHP Warning:  Undefined array key "seguridadRiesgoAccidentalidad" in /home/soluctem/sistema.soluctem.com.co/api/submit.php on line 44
[29-Jan-2025 00:43:45 UTC] PHP Warning:  Undefined array key "seguridadRiesgoEquipo" in /home/soluctem/sistema.soluctem.com.co/api/submit.php on line 45
[29-Jan-2025 00:43:45 UTC] PHP Warning:  Undefined array key "funcionamientoFallaSolucionada" in /home/soluctem/sistema.soluctem.com.co/api/submit.php on line 46
[29-Jan-2025 00:43:45 UTC] PHP Warning:  Undefined array key "funcionamientoPasosNormales" in /home/soluctem/sistema.soluctem.com.co/api/submit.php on line 47
[29-Jan-2025 00:43:45 UTC] PHP Warning:  Undefined array key "calidadTrabajo" in /home/soluctem/sistema.soluctem.com.co/api/submit.php on line 48
[29-Jan-2025 00:43:45 UTC] PHP Warning:  Undefined array key "limpiezaOrganizacionArmado" in /home/soluctem/sistema.soluctem.com.co/api/submit.php on line 49
[29-Jan-2025 00:43:45 UTC] PHP Warning:  Undefined array key "limpiezaOrganizacionAseado" in /home/soluctem/sistema.soluctem.com.co/api/submit.php on line 50
[29-Jan-2025 00:43:45 UTC] PHP Warning:  Undefined array key "capacitacionCausa" in /home/soluctem/sistema.soluctem.com.co/api/submit.php on line 51
[29-Jan-2025 00:43:45 UTC] PHP Warning:  Undefined array key "capacitacionPrevencion" in /home/soluctem/sistema.soluctem.com.co/api/submit.php on line 52
[29-Jan-2025 00:43:45 UTC] PHP Warning:  Undefined array key "capacitacionAccion" in /home/soluctem/sistema.soluctem.com.co/api/submit.php on line 53
[29-Jan-2025 00:43:45 UTC] PHP Warning:  Undefined array key "contratista1" in /home/soluctem/sistema.soluctem.com.co/api/submit.php on line 54
[29-Jan-2025 00:43:45 UTC] PHP Warning:  Undefined array key "cedula1" in /home/soluctem/sistema.soluctem.com.co/api/submit.php on line 55
[29-Jan-2025 00:43:45 UTC] PHP Warning:  Undefined array key "horaEntrada1" in /home/soluctem/sistema.soluctem.com.co/api/submit.php on line 56
[29-Jan-2025 00:43:45 UTC] PHP Warning:  Undefined array key "horaSalida1" in /home/soluctem/sistema.soluctem.com.co/api/submit.php on line 57
[29-Jan-2025 00:43:45 UTC] PHP Warning:  Undefined array key "contratista2" in /home/soluctem/sistema.soluctem.com.co/api/submit.php on line 58
[29-Jan-2025 00:43:45 UTC] PHP Warning:  Undefined array key "cedula2" in /home/soluctem/sistema.soluctem.com.co/api/submit.php on line 59
[29-Jan-2025 00:43:45 UTC] PHP Warning:  Undefined array key "horaEntrada2" in /home/soluctem/sistema.soluctem.com.co/api/submit.php on line 60
[29-Jan-2025 00:43:45 UTC] PHP Warning:  Undefined array key "horaSalida2" in /home/soluctem/sistema.soluctem.com.co/api/submit.php on line 61
[29-Jan-2025 00:43:45 UTC] PHP Warning:  Undefined array key "contratista3" in /home/soluctem/sistema.soluctem.com.co/api/submit.php on line 62
[29-Jan-2025 00:43:45 UTC] PHP Warning:  Undefined array key "cedula3" in /home/soluctem/sistema.soluctem.com.co/api/submit.php on line 63
[29-Jan-2025 00:43:45 UTC] PHP Warning:  Undefined array key "horaEntrada3" in /home/soluctem/sistema.soluctem.com.co/api/submit.php on line 64
[29-Jan-2025 00:43:45 UTC] PHP Warning:  Undefined array key "horaSalida3" in /home/soluctem/sistema.soluctem.com.co/api/submit.php on line 65
[29-Jan-2025 00:43:45 UTC] PHP Warning:  Undefined array key "contratista4" in /home/soluctem/sistema.soluctem.com.co/api/submit.php on line 66
[29-Jan-2025 00:43:45 UTC] PHP Warning:  Undefined array key "cedula4" in /home/soluctem/sistema.soluctem.com.co/api/submit.php on line 67
[29-Jan-2025 00:43:45 UTC] PHP Warning:  Undefined array key "horaEntrada4" in /home/soluctem/sistema.soluctem.com.co/api/submit.php on line 68
[29-Jan-2025 00:43:45 UTC] PHP Warning:  Undefined array key "horaSalida4" in /home/soluctem/sistema.soluctem.com.co/api/submit.php on line 69
[29-Jan-2025 00:43:45 UTC] PHP Warning:  Undefined array key "nombreFuncionario" in /home/soluctem/sistema.soluctem.com.co/api/submit.php on line 70
[29-Jan-2025 00:43:45 UTC] PHP Warning:  Undefined array key "cedulaFuncionario" in /home/soluctem/sistema.soluctem.com.co/api/submit.php on line 71
[29-Jan-2025 00:43:45 UTC] PHP Warning:  Undefined array key "cargoFuncionario" in /home/soluctem/sistema.soluctem.com.co/api/submit.php on line 72
[29-Jan-2025 00:43:45 UTC] PHP Warning:  Undefined array key "sapFuncionario" in /home/soluctem/sistema.soluctem.com.co/api/submit.php on line 73
[29-Jan-2025 00:43:45 UTC] PHP Warning:  Undefined array key "timestamp" in /home/soluctem/sistema.soluctem.com.co/api/submit.php on line 74
[29-Jan-2025 00:43:45 UTC] PHP Warning:  Undefined array key "asistenciaReparacion" in /home/soluctem/sistema.soluctem.com.co/api/submit.php on line 75
[29-Jan-2025 00:43:45 UTC] PHP Warning:  Undefined array key "asistenciaGarantia" in /home/soluctem/sistema.soluctem.com.co/api/submit.php on line 76
[29-Jan-2025 00:43:45 UTC] PHP Warning:  Undefined array key "asistenciaAjuste" in /home/soluctem/sistema.soluctem.com.co/api/submit.php on line 77
[29-Jan-2025 00:43:45 UTC] PHP Warning:  Undefined array key "asistenciaModificacion" in /home/soluctem/sistema.soluctem.com.co/api/submit.php on line 78
[29-Jan-2025 00:43:45 UTC] PHP Warning:  Undefined array key "asistenciaServicio" in /home/soluctem/sistema.soluctem.com.co/api/submit.php on line 79
[29-Jan-2025 00:43:45 UTC] PHP Warning:  Undefined array key "asistenciaMejora" in /home/soluctem/sistema.soluctem.com.co/api/submit.php on line 80
[29-Jan-2025 00:43:45 UTC] PHP Warning:  Undefined array key "asistenciaCombinacion" in /home/soluctem/sistema.soluctem.com.co/api/submit.php on line 81
[29-Jan-2025 00:43:45 UTC] PHP Warning:  Undefined array key "fallaOperacion" in /home/soluctem/sistema.soluctem.com.co/api/submit.php on line 82
[29-Jan-2025 00:43:45 UTC] PHP Warning:  Undefined array key "fallaMecanica" in /home/soluctem/sistema.soluctem.com.co/api/submit.php on line 83
[29-Jan-2025 00:43:45 UTC] PHP Warning:  Undefined array key "fallaElectrica" in /home/soluctem/sistema.soluctem.com.co/api/submit.php on line 84
[29-Jan-2025 00:43:45 UTC] PHP Warning:  Undefined array key "fallaTerceros" in /home/soluctem/sistema.soluctem.com.co/api/submit.php on line 85
[29-Jan-2025 00:43:45 UTC] PHP Warning:  Undefined array key "fallaFabricacion" in /home/soluctem/sistema.soluctem.com.co/api/submit.php on line 86
[29-Jan-2025 00:43:45 UTC] PHP Warning:  Undefined array key "firma_digital_cliente" in /home/soluctem/sistema.soluctem.com.co/api/submit.php on line 87
[29-Jan-2025 00:43:45 UTC] PHP Warning:  Undefined array key "firma_digital_tecnico" in /home/soluctem/sistema.soluctem.com.co/api/submit.php on line 88
[29-Jan-2025 02:17:57 UTC] PHP Warning:  Undefined array key "nombreSolicitante" in /home/soluctem/sistema.soluctem.com.co/api/submit.php on line 29
[29-Jan-2025 02:17:57 UTC] PHP Warning:  Undefined array key "cargo" in /home/soluctem/sistema.soluctem.com.co/api/submit.php on line 30
[29-Jan-2025 02:17:57 UTC] PHP Warning:  Undefined array key "nombreTienda" in /home/soluctem/sistema.soluctem.com.co/api/submit.php on line 31
[29-Jan-2025 02:17:57 UTC] PHP Warning:  Undefined array key "numeroTienda" in /home/soluctem/sistema.soluctem.com.co/api/submit.php on line 32
[29-Jan-2025 02:17:57 UTC] PHP Warning:  Undefined array key "numeroTicket" in /home/soluctem/sistema.soluctem.com.co/api/submit.php on line 33
[29-Jan-2025 02:17:57 UTC] PHP Warning:  Undefined array key "fecha" in /home/soluctem/sistema.soluctem.com.co/api/submit.php on line 34
[29-Jan-2025 02:17:57 UTC] PHP Warning:  Undefined array key "municipio" in /home/soluctem/sistema.soluctem.com.co/api/submit.php on line 35
[29-Jan-2025 02:17:57 UTC] PHP Warning:  Undefined array key "departamento" in /home/soluctem/sistema.soluctem.com.co/api/submit.php on line 36
[29-Jan-2025 02:17:57 UTC] PHP Warning:  Undefined array key "nombreEquipo" in /home/soluctem/sistema.soluctem.com.co/api/submit.php on line 37
[29-Jan-2025 02:17:57 UTC] PHP Warning:  Undefined array key "marca" in /home/soluctem/sistema.soluctem.com.co/api/submit.php on line 38
[29-Jan-2025 02:17:57 UTC] PHP Warning:  Undefined array key "serial" in /home/soluctem/sistema.soluctem.com.co/api/submit.php on line 39
[29-Jan-2025 02:17:57 UTC] PHP Warning:  Undefined array key "descripcionFalla" in /home/soluctem/sistema.soluctem.com.co/api/submit.php on line 40
[29-Jan-2025 02:17:57 UTC] PHP Warning:  Undefined array key "diagnosticoTecnico" in /home/soluctem/sistema.soluctem.com.co/api/submit.php on line 41
[29-Jan-2025 02:17:57 UTC] PHP Warning:  Undefined array key "repuestosCambiados" in /home/soluctem/sistema.soluctem.com.co/api/submit.php on line 42
[29-Jan-2025 02:17:57 UTC] PHP Warning:  Undefined array key "observaciones" in /home/soluctem/sistema.soluctem.com.co/api/submit.php on line 43
[29-Jan-2025 02:17:57 UTC] PHP Warning:  Undefined array key "seguridadRiesgoAccidentalidad" in /home/soluctem/sistema.soluctem.com.co/api/submit.php on line 44
[29-Jan-2025 02:17:57 UTC] PHP Warning:  Undefined array key "seguridadRiesgoEquipo" in /home/soluctem/sistema.soluctem.com.co/api/submit.php on line 45
[29-Jan-2025 02:17:57 UTC] PHP Warning:  Undefined array key "funcionamientoFallaSolucionada" in /home/soluctem/sistema.soluctem.com.co/api/submit.php on line 46
[29-Jan-2025 02:17:57 UTC] PHP Warning:  Undefined array key "funcionamientoPasosNormales" in /home/soluctem/sistema.soluctem.com.co/api/submit.php on line 47
[29-Jan-2025 02:17:57 UTC] PHP Warning:  Undefined array key "calidadTrabajo" in /home/soluctem/sistema.soluctem.com.co/api/submit.php on line 48
[29-Jan-2025 02:17:57 UTC] PHP Warning:  Undefined array key "limpiezaOrganizacionArmado" in /home/soluctem/sistema.soluctem.com.co/api/submit.php on line 49
[29-Jan-2025 02:17:57 UTC] PHP Warning:  Undefined array key "limpiezaOrganizacionAseado" in /home/soluctem/sistema.soluctem.com.co/api/submit.php on line 50
[29-Jan-2025 02:17:57 UTC] PHP Warning:  Undefined array key "capacitacionCausa" in /home/soluctem/sistema.soluctem.com.co/api/submit.php on line 51
[29-Jan-2025 02:17:57 UTC] PHP Warning:  Undefined array key "capacitacionPrevencion" in /home/soluctem/sistema.soluctem.com.co/api/submit.php on line 52
[29-Jan-2025 02:17:57 UTC] PHP Warning:  Undefined array key "capacitacionAccion" in /home/soluctem/sistema.soluctem.com.co/api/submit.php on line 53
[29-Jan-2025 02:17:57 UTC] PHP Warning:  Undefined array key "contratista1" in /home/soluctem/sistema.soluctem.com.co/api/submit.php on line 54
[29-Jan-2025 02:17:57 UTC] PHP Warning:  Undefined array key "cedula1" in /home/soluctem/sistema.soluctem.com.co/api/submit.php on line 55
[29-Jan-2025 02:17:57 UTC] PHP Warning:  Undefined array key "horaEntrada1" in /home/soluctem/sistema.soluctem.com.co/api/submit.php on line 56
[29-Jan-2025 02:17:57 UTC] PHP Warning:  Undefined array key "horaSalida1" in /home/soluctem/sistema.soluctem.com.co/api/submit.php on line 57
[29-Jan-2025 02:17:57 UTC] PHP Warning:  Undefined array key "contratista2" in /home/soluctem/sistema.soluctem.com.co/api/submit.php on line 58
[29-Jan-2025 02:17:57 UTC] PHP Warning:  Undefined array key "cedula2" in /home/soluctem/sistema.soluctem.com.co/api/submit.php on line 59
[29-Jan-2025 02:17:57 UTC] PHP Warning:  Undefined array key "horaEntrada2" in /home/soluctem/sistema.soluctem.com.co/api/submit.php on line 60
[29-Jan-2025 02:17:57 UTC] PHP Warning:  Undefined array key "horaSalida2" in /home/soluctem/sistema.soluctem.com.co/api/submit.php on line 61
[29-Jan-2025 02:17:57 UTC] PHP Warning:  Undefined array key "contratista3" in /home/soluctem/sistema.soluctem.com.co/api/submit.php on line 62
[29-Jan-2025 02:17:57 UTC] PHP Warning:  Undefined array key "cedula3" in /home/soluctem/sistema.soluctem.com.co/api/submit.php on line 63
[29-Jan-2025 02:17:57 UTC] PHP Warning:  Undefined array key "horaEntrada3" in /home/soluctem/sistema.soluctem.com.co/api/submit.php on line 64
[29-Jan-2025 02:17:57 UTC] PHP Warning:  Undefined array key "horaSalida3" in /home/soluctem/sistema.soluctem.com.co/api/submit.php on line 65
[29-Jan-2025 02:17:57 UTC] PHP Warning:  Undefined array key "contratista4" in /home/soluctem/sistema.soluctem.com.co/api/submit.php on line 66
[29-Jan-2025 02:17:57 UTC] PHP Warning:  Undefined array key "cedula4" in /home/soluctem/sistema.soluctem.com.co/api/submit.php on line 67
[29-Jan-2025 02:17:57 UTC] PHP Warning:  Undefined array key "horaEntrada4" in /home/soluctem/sistema.soluctem.com.co/api/submit.php on line 68
[29-Jan-2025 02:17:57 UTC] PHP Warning:  Undefined array key "horaSalida4" in /home/soluctem/sistema.soluctem.com.co/api/submit.php on line 69
[29-Jan-2025 02:17:57 UTC] PHP Warning:  Undefined array key "nombreFuncionario" in /home/soluctem/sistema.soluctem.com.co/api/submit.php on line 70
[29-Jan-2025 02:17:57 UTC] PHP Warning:  Undefined array key "cedulaFuncionario" in /home/soluctem/sistema.soluctem.com.co/api/submit.php on line 71
[29-Jan-2025 02:17:57 UTC] PHP Warning:  Undefined array key "cargoFuncionario" in /home/soluctem/sistema.soluctem.com.co/api/submit.php on line 72
[29-Jan-2025 02:17:57 UTC] PHP Warning:  Undefined array key "sapFuncionario" in /home/soluctem/sistema.soluctem.com.co/api/submit.php on line 73
[29-Jan-2025 02:17:57 UTC] PHP Warning:  Undefined array key "timestamp" in /home/soluctem/sistema.soluctem.com.co/api/submit.php on line 74
[29-Jan-2025 02:17:57 UTC] PHP Warning:  Undefined array key "asistenciaReparacion" in /home/soluctem/sistema.soluctem.com.co/api/submit.php on line 75
[29-Jan-2025 02:17:57 UTC] PHP Warning:  Undefined array key "asistenciaGarantia" in /home/soluctem/sistema.soluctem.com.co/api/submit.php on line 76
[29-Jan-2025 02:17:57 UTC] PHP Warning:  Undefined array key "asistenciaAjuste" in /home/soluctem/sistema.soluctem.com.co/api/submit.php on line 77
[29-Jan-2025 02:17:57 UTC] PHP Warning:  Undefined array key "asistenciaModificacion" in /home/soluctem/sistema.soluctem.com.co/api/submit.php on line 78
[29-Jan-2025 02:17:57 UTC] PHP Warning:  Undefined array key "asistenciaServicio" in /home/soluctem/sistema.soluctem.com.co/api/submit.php on line 79
[29-Jan-2025 02:17:57 UTC] PHP Warning:  Undefined array key "asistenciaMejora" in /home/soluctem/sistema.soluctem.com.co/api/submit.php on line 80
[29-Jan-2025 02:17:57 UTC] PHP Warning:  Undefined array key "asistenciaCombinacion" in /home/soluctem/sistema.soluctem.com.co/api/submit.php on line 81
[29-Jan-2025 02:17:57 UTC] PHP Warning:  Undefined array key "fallaOperacion" in /home/soluctem/sistema.soluctem.com.co/api/submit.php on line 82
[29-Jan-2025 02:17:57 UTC] PHP Warning:  Undefined array key "fallaMecanica" in /home/soluctem/sistema.soluctem.com.co/api/submit.php on line 83
[29-Jan-2025 02:17:57 UTC] PHP Warning:  Undefined array key "fallaElectrica" in /home/soluctem/sistema.soluctem.com.co/api/submit.php on line 84
[29-Jan-2025 02:17:57 UTC] PHP Warning:  Undefined array key "fallaTerceros" in /home/soluctem/sistema.soluctem.com.co/api/submit.php on line 85
[29-Jan-2025 02:17:57 UTC] PHP Warning:  Undefined array key "fallaFabricacion" in /home/soluctem/sistema.soluctem.com.co/api/submit.php on line 86
[29-Jan-2025 02:17:57 UTC] PHP Warning:  Undefined array key "firma_digital_cliente" in /home/soluctem/sistema.soluctem.com.co/api/submit.php on line 87
[29-Jan-2025 02:17:57 UTC] PHP Warning:  Undefined array key "firma_digital_tecnico" in /home/soluctem/sistema.soluctem.com.co/api/submit.php on line 88
[29-Jan-2025 10:14:58 UTC] PHP Warning:  Undefined array key "nombreSolicitante" in /home/soluctem/sistema.soluctem.com.co/api/submit.php on line 29
[29-Jan-2025 10:14:58 UTC] PHP Warning:  Undefined array key "cargo" in /home/soluctem/sistema.soluctem.com.co/api/submit.php on line 30
[29-Jan-2025 10:14:58 UTC] PHP Warning:  Undefined array key "nombreTienda" in /home/soluctem/sistema.soluctem.com.co/api/submit.php on line 31
[29-Jan-2025 10:14:58 UTC] PHP Warning:  Undefined array key "numeroTienda" in /home/soluctem/sistema.soluctem.com.co/api/submit.php on line 32
[29-Jan-2025 10:14:58 UTC] PHP Warning:  Undefined array key "numeroTicket" in /home/soluctem/sistema.soluctem.com.co/api/submit.php on line 33
[29-Jan-2025 10:14:58 UTC] PHP Warning:  Undefined array key "fecha" in /home/soluctem/sistema.soluctem.com.co/api/submit.php on line 34
[29-Jan-2025 10:14:58 UTC] PHP Warning:  Undefined array key "municipio" in /home/soluctem/sistema.soluctem.com.co/api/submit.php on line 35
[29-Jan-2025 10:14:58 UTC] PHP Warning:  Undefined array key "departamento" in /home/soluctem/sistema.soluctem.com.co/api/submit.php on line 36
[29-Jan-2025 10:14:58 UTC] PHP Warning:  Undefined array key "nombreEquipo" in /home/soluctem/sistema.soluctem.com.co/api/submit.php on line 37
[29-Jan-2025 10:14:58 UTC] PHP Warning:  Undefined array key "marca" in /home/soluctem/sistema.soluctem.com.co/api/submit.php on line 38
[29-Jan-2025 10:14:58 UTC] PHP Warning:  Undefined array key "serial" in /home/soluctem/sistema.soluctem.com.co/api/submit.php on line 39
[29-Jan-2025 10:14:58 UTC] PHP Warning:  Undefined array key "descripcionFalla" in /home/soluctem/sistema.soluctem.com.co/api/submit.php on line 40
[29-Jan-2025 10:14:58 UTC] PHP Warning:  Undefined array key "diagnosticoTecnico" in /home/soluctem/sistema.soluctem.com.co/api/submit.php on line 41
[29-Jan-2025 10:14:58 UTC] PHP Warning:  Undefined array key "repuestosCambiados" in /home/soluctem/sistema.soluctem.com.co/api/submit.php on line 42
[29-Jan-2025 10:14:58 UTC] PHP Warning:  Undefined array key "observaciones" in /home/soluctem/sistema.soluctem.com.co/api/submit.php on line 43
[29-Jan-2025 10:14:58 UTC] PHP Warning:  Undefined array key "seguridadRiesgoAccidentalidad" in /home/soluctem/sistema.soluctem.com.co/api/submit.php on line 44
[29-Jan-2025 10:14:58 UTC] PHP Warning:  Undefined array key "seguridadRiesgoEquipo" in /home/soluctem/sistema.soluctem.com.co/api/submit.php on line 45
[29-Jan-2025 10:14:58 UTC] PHP Warning:  Undefined array key "funcionamientoFallaSolucionada" in /home/soluctem/sistema.soluctem.com.co/api/submit.php on line 46
[29-Jan-2025 10:14:58 UTC] PHP Warning:  Undefined array key "funcionamientoPasosNormales" in /home/soluctem/sistema.soluctem.com.co/api/submit.php on line 47
[29-Jan-2025 10:14:58 UTC] PHP Warning:  Undefined array key "calidadTrabajo" in /home/soluctem/sistema.soluctem.com.co/api/submit.php on line 48
[29-Jan-2025 10:14:58 UTC] PHP Warning:  Undefined array key "limpiezaOrganizacionArmado" in /home/soluctem/sistema.soluctem.com.co/api/submit.php on line 49
[29-Jan-2025 10:14:58 UTC] PHP Warning:  Undefined array key "limpiezaOrganizacionAseado" in /home/soluctem/sistema.soluctem.com.co/api/submit.php on line 50
[29-Jan-2025 10:14:58 UTC] PHP Warning:  Undefined array key "capacitacionCausa" in /home/soluctem/sistema.soluctem.com.co/api/submit.php on line 51
[29-Jan-2025 10:14:58 UTC] PHP Warning:  Undefined array key "capacitacionPrevencion" in /home/soluctem/sistema.soluctem.com.co/api/submit.php on line 52
[29-Jan-2025 10:14:58 UTC] PHP Warning:  Undefined array key "capacitacionAccion" in /home/soluctem/sistema.soluctem.com.co/api/submit.php on line 53
[29-Jan-2025 10:14:58 UTC] PHP Warning:  Undefined array key "contratista1" in /home/soluctem/sistema.soluctem.com.co/api/submit.php on line 54
[29-Jan-2025 10:14:58 UTC] PHP Warning:  Undefined array key "cedula1" in /home/soluctem/sistema.soluctem.com.co/api/submit.php on line 55
[29-Jan-2025 10:14:58 UTC] PHP Warning:  Undefined array key "horaEntrada1" in /home/soluctem/sistema.soluctem.com.co/api/submit.php on line 56
[29-Jan-2025 10:14:58 UTC] PHP Warning:  Undefined array key "horaSalida1" in /home/soluctem/sistema.soluctem.com.co/api/submit.php on line 57
[29-Jan-2025 10:14:58 UTC] PHP Warning:  Undefined array key "contratista2" in /home/soluctem/sistema.soluctem.com.co/api/submit.php on line 58
[29-Jan-2025 10:14:58 UTC] PHP Warning:  Undefined array key "cedula2" in /home/soluctem/sistema.soluctem.com.co/api/submit.php on line 59
[29-Jan-2025 10:14:58 UTC] PHP Warning:  Undefined array key "horaEntrada2" in /home/soluctem/sistema.soluctem.com.co/api/submit.php on line 60
[29-Jan-2025 10:14:58 UTC] PHP Warning:  Undefined array key "horaSalida2" in /home/soluctem/sistema.soluctem.com.co/api/submit.php on line 61
[29-Jan-2025 10:14:58 UTC] PHP Warning:  Undefined array key "contratista3" in /home/soluctem/sistema.soluctem.com.co/api/submit.php on line 62
[29-Jan-2025 10:14:58 UTC] PHP Warning:  Undefined array key "cedula3" in /home/soluctem/sistema.soluctem.com.co/api/submit.php on line 63
[29-Jan-2025 10:14:58 UTC] PHP Warning:  Undefined array key "horaEntrada3" in /home/soluctem/sistema.soluctem.com.co/api/submit.php on line 64
[29-Jan-2025 10:14:58 UTC] PHP Warning:  Undefined array key "horaSalida3" in /home/soluctem/sistema.soluctem.com.co/api/submit.php on line 65
[29-Jan-2025 10:14:58 UTC] PHP Warning:  Undefined array key "contratista4" in /home/soluctem/sistema.soluctem.com.co/api/submit.php on line 66
[29-Jan-2025 10:14:58 UTC] PHP Warning:  Undefined array key "cedula4" in /home/soluctem/sistema.soluctem.com.co/api/submit.php on line 67
[29-Jan-2025 10:14:58 UTC] PHP Warning:  Undefined array key "horaEntrada4" in /home/soluctem/sistema.soluctem.com.co/api/submit.php on line 68
[29-Jan-2025 10:14:58 UTC] PHP Warning:  Undefined array key "horaSalida4" in /home/soluctem/sistema.soluctem.com.co/api/submit.php on line 69
[29-Jan-2025 10:14:58 UTC] PHP Warning:  Undefined array key "nombreFuncionario" in /home/soluctem/sistema.soluctem.com.co/api/submit.php on line 70
[29-Jan-2025 10:14:58 UTC] PHP Warning:  Undefined array key "cedulaFuncionario" in /home/soluctem/sistema.soluctem.com.co/api/submit.php on line 71
[29-Jan-2025 10:14:58 UTC] PHP Warning:  Undefined array key "cargoFuncionario" in /home/soluctem/sistema.soluctem.com.co/api/submit.php on line 72
[29-Jan-2025 10:14:58 UTC] PHP Warning:  Undefined array key "sapFuncionario" in /home/soluctem/sistema.soluctem.com.co/api/submit.php on line 73
[29-Jan-2025 10:14:58 UTC] PHP Warning:  Undefined array key "timestamp" in /home/soluctem/sistema.soluctem.com.co/api/submit.php on line 74
[29-Jan-2025 10:14:58 UTC] PHP Warning:  Undefined array key "asistenciaReparacion" in /home/soluctem/sistema.soluctem.com.co/api/submit.php on line 75
[29-Jan-2025 10:14:58 UTC] PHP Warning:  Undefined array key "asistenciaGarantia" in /home/soluctem/sistema.soluctem.com.co/api/submit.php on line 76
[29-Jan-2025 10:14:58 UTC] PHP Warning:  Undefined array key "asistenciaAjuste" in /home/soluctem/sistema.soluctem.com.co/api/submit.php on line 77
[29-Jan-2025 10:14:58 UTC] PHP Warning:  Undefined array key "asistenciaModificacion" in /home/soluctem/sistema.soluctem.com.co/api/submit.php on line 78
[29-Jan-2025 10:14:58 UTC] PHP Warning:  Undefined array key "asistenciaServicio" in /home/soluctem/sistema.soluctem.com.co/api/submit.php on line 79
[29-Jan-2025 10:14:58 UTC] PHP Warning:  Undefined array key "asistenciaMejora" in /home/soluctem/sistema.soluctem.com.co/api/submit.php on line 80
[29-Jan-2025 10:14:58 UTC] PHP Warning:  Undefined array key "asistenciaCombinacion" in /home/soluctem/sistema.soluctem.com.co/api/submit.php on line 81
[29-Jan-2025 10:14:58 UTC] PHP Warning:  Undefined array key "fallaOperacion" in /home/soluctem/sistema.soluctem.com.co/api/submit.php on line 82
[29-Jan-2025 10:14:58 UTC] PHP Warning:  Undefined array key "fallaMecanica" in /home/soluctem/sistema.soluctem.com.co/api/submit.php on line 83
[29-Jan-2025 10:14:58 UTC] PHP Warning:  Undefined array key "fallaElectrica" in /home/soluctem/sistema.soluctem.com.co/api/submit.php on line 84
[29-Jan-2025 10:14:58 UTC] PHP Warning:  Undefined array key "fallaTerceros" in /home/soluctem/sistema.soluctem.com.co/api/submit.php on line 85
[29-Jan-2025 10:14:58 UTC] PHP Warning:  Undefined array key "fallaFabricacion" in /home/soluctem/sistema.soluctem.com.co/api/submit.php on line 86
[29-Jan-2025 10:14:58 UTC] PHP Warning:  Undefined array key "firma_digital_cliente" in /home/soluctem/sistema.soluctem.com.co/api/submit.php on line 87
[29-Jan-2025 10:14:58 UTC] PHP Warning:  Undefined array key "firma_digital_tecnico" in /home/soluctem/sistema.soluctem.com.co/api/submit.php on line 88
[29-Jan-2025 12:40:49 UTC] PHP Warning:  Undefined array key "nombreSolicitante" in /home/soluctem/sistema.soluctem.com.co/api/submit.php on line 29
[29-Jan-2025 12:40:49 UTC] PHP Warning:  Undefined array key "cargo" in /home/soluctem/sistema.soluctem.com.co/api/submit.php on line 30
[29-Jan-2025 12:40:49 UTC] PHP Warning:  Undefined array key "nombreTienda" in /home/soluctem/sistema.soluctem.com.co/api/submit.php on line 31
[29-Jan-2025 12:40:49 UTC] PHP Warning:  Undefined array key "numeroTienda" in /home/soluctem/sistema.soluctem.com.co/api/submit.php on line 32
[29-Jan-2025 12:40:49 UTC] PHP Warning:  Undefined array key "numeroTicket" in /home/soluctem/sistema.soluctem.com.co/api/submit.php on line 33
[29-Jan-2025 12:40:49 UTC] PHP Warning:  Undefined array key "fecha" in /home/soluctem/sistema.soluctem.com.co/api/submit.php on line 34
[29-Jan-2025 12:40:49 UTC] PHP Warning:  Undefined array key "municipio" in /home/soluctem/sistema.soluctem.com.co/api/submit.php on line 35
[29-Jan-2025 12:40:49 UTC] PHP Warning:  Undefined array key "departamento" in /home/soluctem/sistema.soluctem.com.co/api/submit.php on line 36
[29-Jan-2025 12:40:49 UTC] PHP Warning:  Undefined array key "nombreEquipo" in /home/soluctem/sistema.soluctem.com.co/api/submit.php on line 37
[29-Jan-2025 12:40:49 UTC] PHP Warning:  Undefined array key "marca" in /home/soluctem/sistema.soluctem.com.co/api/submit.php on line 38
[29-Jan-2025 12:40:49 UTC] PHP Warning:  Undefined array key "serial" in /home/soluctem/sistema.soluctem.com.co/api/submit.php on line 39
[29-Jan-2025 12:40:49 UTC] PHP Warning:  Undefined array key "descripcionFalla" in /home/soluctem/sistema.soluctem.com.co/api/submit.php on line 40
[29-Jan-2025 12:40:49 UTC] PHP Warning:  Undefined array key "diagnosticoTecnico" in /home/soluctem/sistema.soluctem.com.co/api/submit.php on line 41
[29-Jan-2025 12:40:49 UTC] PHP Warning:  Undefined array key "repuestosCambiados" in /home/soluctem/sistema.soluctem.com.co/api/submit.php on line 42
[29-Jan-2025 12:40:49 UTC] PHP Warning:  Undefined array key "observaciones" in /home/soluctem/sistema.soluctem.com.co/api/submit.php on line 43
[29-Jan-2025 12:40:49 UTC] PHP Warning:  Undefined array key "seguridadRiesgoAccidentalidad" in /home/soluctem/sistema.soluctem.com.co/api/submit.php on line 44
[29-Jan-2025 12:40:49 UTC] PHP Warning:  Undefined array key "seguridadRiesgoEquipo" in /home/soluctem/sistema.soluctem.com.co/api/submit.php on line 45
[29-Jan-2025 12:40:49 UTC] PHP Warning:  Undefined array key "funcionamientoFallaSolucionada" in /home/soluctem/sistema.soluctem.com.co/api/submit.php on line 46
[29-Jan-2025 12:40:49 UTC] PHP Warning:  Undefined array key "funcionamientoPasosNormales" in /home/soluctem/sistema.soluctem.com.co/api/submit.php on line 47
[29-Jan-2025 12:40:49 UTC] PHP Warning:  Undefined array key "calidadTrabajo" in /home/soluctem/sistema.soluctem.com.co/api/submit.php on line 48
[29-Jan-2025 12:40:49 UTC] PHP Warning:  Undefined array key "limpiezaOrganizacionArmado" in /home/soluctem/sistema.soluctem.com.co/api/submit.php on line 49
[29-Jan-2025 12:40:49 UTC] PHP Warning:  Undefined array key "limpiezaOrganizacionAseado" in /home/soluctem/sistema.soluctem.com.co/api/submit.php on line 50
[29-Jan-2025 12:40:49 UTC] PHP Warning:  Undefined array key "capacitacionCausa" in /home/soluctem/sistema.soluctem.com.co/api/submit.php on line 51
[29-Jan-2025 12:40:49 UTC] PHP Warning:  Undefined array key "capacitacionPrevencion" in /home/soluctem/sistema.soluctem.com.co/api/submit.php on line 52
[29-Jan-2025 12:40:49 UTC] PHP Warning:  Undefined array key "capacitacionAccion" in /home/soluctem/sistema.soluctem.com.co/api/submit.php on line 53
[29-Jan-2025 12:40:49 UTC] PHP Warning:  Undefined array key "contratista1" in /home/soluctem/sistema.soluctem.com.co/api/submit.php on line 54
[29-Jan-2025 12:40:49 UTC] PHP Warning:  Undefined array key "cedula1" in /home/soluctem/sistema.soluctem.com.co/api/submit.php on line 55
[29-Jan-2025 12:40:49 UTC] PHP Warning:  Undefined array key "horaEntrada1" in /home/soluctem/sistema.soluctem.com.co/api/submit.php on line 56
[29-Jan-2025 12:40:49 UTC] PHP Warning:  Undefined array key "horaSalida1" in /home/soluctem/sistema.soluctem.com.co/api/submit.php on line 57
[29-Jan-2025 12:40:49 UTC] PHP Warning:  Undefined array key "contratista2" in /home/soluctem/sistema.soluctem.com.co/api/submit.php on line 58
[29-Jan-2025 12:40:49 UTC] PHP Warning:  Undefined array key "cedula2" in /home/soluctem/sistema.soluctem.com.co/api/submit.php on line 59
[29-Jan-2025 12:40:49 UTC] PHP Warning:  Undefined array key "horaEntrada2" in /home/soluctem/sistema.soluctem.com.co/api/submit.php on line 60
[29-Jan-2025 12:40:49 UTC] PHP Warning:  Undefined array key "horaSalida2" in /home/soluctem/sistema.soluctem.com.co/api/submit.php on line 61
[29-Jan-2025 12:40:49 UTC] PHP Warning:  Undefined array key "contratista3" in /home/soluctem/sistema.soluctem.com.co/api/submit.php on line 62
[29-Jan-2025 12:40:49 UTC] PHP Warning:  Undefined array key "cedula3" in /home/soluctem/sistema.soluctem.com.co/api/submit.php on line 63
[29-Jan-2025 12:40:49 UTC] PHP Warning:  Undefined array key "horaEntrada3" in /home/soluctem/sistema.soluctem.com.co/api/submit.php on line 64
[29-Jan-2025 12:40:49 UTC] PHP Warning:  Undefined array key "horaSalida3" in /home/soluctem/sistema.soluctem.com.co/api/submit.php on line 65
[29-Jan-2025 12:40:49 UTC] PHP Warning:  Undefined array key "contratista4" in /home/soluctem/sistema.soluctem.com.co/api/submit.php on line 66
[29-Jan-2025 12:40:49 UTC] PHP Warning:  Undefined array key "cedula4" in /home/soluctem/sistema.soluctem.com.co/api/submit.php on line 67
[29-Jan-2025 12:40:49 UTC] PHP Warning:  Undefined array key "horaEntrada4" in /home/soluctem/sistema.soluctem.com.co/api/submit.php on line 68
[29-Jan-2025 12:40:49 UTC] PHP Warning:  Undefined array key "horaSalida4" in /home/soluctem/sistema.soluctem.com.co/api/submit.php on line 69
[29-Jan-2025 12:40:49 UTC] PHP Warning:  Undefined array key "nombreFuncionario" in /home/soluctem/sistema.soluctem.com.co/api/submit.php on line 70
[29-Jan-2025 12:40:49 UTC] PHP Warning:  Undefined array key "cedulaFuncionario" in /home/soluctem/sistema.soluctem.com.co/api/submit.php on line 71
[29-Jan-2025 12:40:49 UTC] PHP Warning:  Undefined array key "cargoFuncionario" in /home/soluctem/sistema.soluctem.com.co/api/submit.php on line 72
[29-Jan-2025 12:40:49 UTC] PHP Warning:  Undefined array key "sapFuncionario" in /home/soluctem/sistema.soluctem.com.co/api/submit.php on line 73
[29-Jan-2025 12:40:49 UTC] PHP Warning:  Undefined array key "timestamp" in /home/soluctem/sistema.soluctem.com.co/api/submit.php on line 74
[29-Jan-2025 12:40:49 UTC] PHP Warning:  Undefined array key "asistenciaReparacion" in /home/soluctem/sistema.soluctem.com.co/api/submit.php on line 75
[29-Jan-2025 12:40:49 UTC] PHP Warning:  Undefined array key "asistenciaGarantia" in /home/soluctem/sistema.soluctem.com.co/api/submit.php on line 76
[29-Jan-2025 12:40:49 UTC] PHP Warning:  Undefined array key "asistenciaAjuste" in /home/soluctem/sistema.soluctem.com.co/api/submit.php on line 77
[29-Jan-2025 12:40:49 UTC] PHP Warning:  Undefined array key "asistenciaModificacion" in /home/soluctem/sistema.soluctem.com.co/api/submit.php on line 78
[29-Jan-2025 12:40:49 UTC] PHP Warning:  Undefined array key "asistenciaServicio" in /home/soluctem/sistema.soluctem.com.co/api/submit.php on line 79
[29-Jan-2025 12:40:49 UTC] PHP Warning:  Undefined array key "asistenciaMejora" in /home/soluctem/sistema.soluctem.com.co/api/submit.php on line 80
[29-Jan-2025 12:40:49 UTC] PHP Warning:  Undefined array key "asistenciaCombinacion" in /home/soluctem/sistema.soluctem.com.co/api/submit.php on line 81
[29-Jan-2025 12:40:49 UTC] PHP Warning:  Undefined array key "fallaOperacion" in /home/soluctem/sistema.soluctem.com.co/api/submit.php on line 82
[29-Jan-2025 12:40:49 UTC] PHP Warning:  Undefined array key "fallaMecanica" in /home/soluctem/sistema.soluctem.com.co/api/submit.php on line 83
[29-Jan-2025 12:40:49 UTC] PHP Warning:  Undefined array key "fallaElectrica" in /home/soluctem/sistema.soluctem.com.co/api/submit.php on line 84
[29-Jan-2025 12:40:49 UTC] PHP Warning:  Undefined array key "fallaTerceros" in /home/soluctem/sistema.soluctem.com.co/api/submit.php on line 85
[29-Jan-2025 12:40:49 UTC] PHP Warning:  Undefined array key "fallaFabricacion" in /home/soluctem/sistema.soluctem.com.co/api/submit.php on line 86
[29-Jan-2025 12:40:49 UTC] PHP Warning:  Undefined array key "firma_digital_cliente" in /home/soluctem/sistema.soluctem.com.co/api/submit.php on line 87
[29-Jan-2025 12:40:49 UTC] PHP Warning:  Undefined array key "firma_digital_tecnico" in /home/soluctem/sistema.soluctem.com.co/api/submit.php on line 88
[29-Jan-2025 12:41:20 UTC] PHP Warning:  Undefined array key "nombreSolicitante" in /home/soluctem/sistema.soluctem.com.co/api/submit.php on line 29
[29-Jan-2025 12:41:20 UTC] PHP Warning:  Undefined array key "cargo" in /home/soluctem/sistema.soluctem.com.co/api/submit.php on line 30
[29-Jan-2025 12:41:20 UTC] PHP Warning:  Undefined array key "nombreTienda" in /home/soluctem/sistema.soluctem.com.co/api/submit.php on line 31
[29-Jan-2025 12:41:20 UTC] PHP Warning:  Undefined array key "numeroTienda" in /home/soluctem/sistema.soluctem.com.co/api/submit.php on line 32
[29-Jan-2025 12:41:20 UTC] PHP Warning:  Undefined array key "numeroTicket" in /home/soluctem/sistema.soluctem.com.co/api/submit.php on line 33
[29-Jan-2025 12:41:20 UTC] PHP Warning:  Undefined array key "fecha" in /home/soluctem/sistema.soluctem.com.co/api/submit.php on line 34
[29-Jan-2025 12:41:20 UTC] PHP Warning:  Undefined array key "municipio" in /home/soluctem/sistema.soluctem.com.co/api/submit.php on line 35
[29-Jan-2025 12:41:20 UTC] PHP Warning:  Undefined array key "departamento" in /home/soluctem/sistema.soluctem.com.co/api/submit.php on line 36
[29-Jan-2025 12:41:20 UTC] PHP Warning:  Undefined array key "nombreEquipo" in /home/soluctem/sistema.soluctem.com.co/api/submit.php on line 37
[29-Jan-2025 12:41:20 UTC] PHP Warning:  Undefined array key "marca" in /home/soluctem/sistema.soluctem.com.co/api/submit.php on line 38
[29-Jan-2025 12:41:20 UTC] PHP Warning:  Undefined array key "serial" in /home/soluctem/sistema.soluctem.com.co/api/submit.php on line 39
[29-Jan-2025 12:41:20 UTC] PHP Warning:  Undefined array key "descripcionFalla" in /home/soluctem/sistema.soluctem.com.co/api/submit.php on line 40
[29-Jan-2025 12:41:20 UTC] PHP Warning:  Undefined array key "diagnosticoTecnico" in /home/soluctem/sistema.soluctem.com.co/api/submit.php on line 41
[29-Jan-2025 12:41:20 UTC] PHP Warning:  Undefined array key "repuestosCambiados" in /home/soluctem/sistema.soluctem.com.co/api/submit.php on line 42
[29-Jan-2025 12:41:20 UTC] PHP Warning:  Undefined array key "observaciones" in /home/soluctem/sistema.soluctem.com.co/api/submit.php on line 43
[29-Jan-2025 12:41:20 UTC] PHP Warning:  Undefined array key "seguridadRiesgoAccidentalidad" in /home/soluctem/sistema.soluctem.com.co/api/submit.php on line 44
[29-Jan-2025 12:41:20 UTC] PHP Warning:  Undefined array key "seguridadRiesgoEquipo" in /home/soluctem/sistema.soluctem.com.co/api/submit.php on line 45
[29-Jan-2025 12:41:20 UTC] PHP Warning:  Undefined array key "funcionamientoFallaSolucionada" in /home/soluctem/sistema.soluctem.com.co/api/submit.php on line 46
[29-Jan-2025 12:41:20 UTC] PHP Warning:  Undefined array key "funcionamientoPasosNormales" in /home/soluctem/sistema.soluctem.com.co/api/submit.php on line 47
[29-Jan-2025 12:41:20 UTC] PHP Warning:  Undefined array key "calidadTrabajo" in /home/soluctem/sistema.soluctem.com.co/api/submit.php on line 48
[29-Jan-2025 12:41:20 UTC] PHP Warning:  Undefined array key "limpiezaOrganizacionArmado" in /home/soluctem/sistema.soluctem.com.co/api/submit.php on line 49
[29-Jan-2025 12:41:20 UTC] PHP Warning:  Undefined array key "limpiezaOrganizacionAseado" in /home/soluctem/sistema.soluctem.com.co/api/submit.php on line 50
[29-Jan-2025 12:41:20 UTC] PHP Warning:  Undefined array key "capacitacionCausa" in /home/soluctem/sistema.soluctem.com.co/api/submit.php on line 51
[29-Jan-2025 12:41:20 UTC] PHP Warning:  Undefined array key "capacitacionPrevencion" in /home/soluctem/sistema.soluctem.com.co/api/submit.php on line 52
[29-Jan-2025 12:41:20 UTC] PHP Warning:  Undefined array key "capacitacionAccion" in /home/soluctem/sistema.soluctem.com.co/api/submit.php on line 53
[29-Jan-2025 12:41:20 UTC] PHP Warning:  Undefined array key "contratista1" in /home/soluctem/sistema.soluctem.com.co/api/submit.php on line 54
[29-Jan-2025 12:41:20 UTC] PHP Warning:  Undefined array key "cedula1" in /home/soluctem/sistema.soluctem.com.co/api/submit.php on line 55
[29-Jan-2025 12:41:20 UTC] PHP Warning:  Undefined array key "horaEntrada1" in /home/soluctem/sistema.soluctem.com.co/api/submit.php on line 56
[29-Jan-2025 12:41:20 UTC] PHP Warning:  Undefined array key "horaSalida1" in /home/soluctem/sistema.soluctem.com.co/api/submit.php on line 57
[29-Jan-2025 12:41:20 UTC] PHP Warning:  Undefined array key "contratista2" in /home/soluctem/sistema.soluctem.com.co/api/submit.php on line 58
[29-Jan-2025 12:41:20 UTC] PHP Warning:  Undefined array key "cedula2" in /home/soluctem/sistema.soluctem.com.co/api/submit.php on line 59
[29-Jan-2025 12:41:20 UTC] PHP Warning:  Undefined array key "horaEntrada2" in /home/soluctem/sistema.soluctem.com.co/api/submit.php on line 60
[29-Jan-2025 12:41:20 UTC] PHP Warning:  Undefined array key "horaSalida2" in /home/soluctem/sistema.soluctem.com.co/api/submit.php on line 61
[29-Jan-2025 12:41:20 UTC] PHP Warning:  Undefined array key "contratista3" in /home/soluctem/sistema.soluctem.com.co/api/submit.php on line 62
[29-Jan-2025 12:41:20 UTC] PHP Warning:  Undefined array key "cedula3" in /home/soluctem/sistema.soluctem.com.co/api/submit.php on line 63
[29-Jan-2025 12:41:20 UTC] PHP Warning:  Undefined array key "horaEntrada3" in /home/soluctem/sistema.soluctem.com.co/api/submit.php on line 64
[29-Jan-2025 12:41:20 UTC] PHP Warning:  Undefined array key "horaSalida3" in /home/soluctem/sistema.soluctem.com.co/api/submit.php on line 65
[29-Jan-2025 12:41:20 UTC] PHP Warning:  Undefined array key "contratista4" in /home/soluctem/sistema.soluctem.com.co/api/submit.php on line 66
[29-Jan-2025 12:41:20 UTC] PHP Warning:  Undefined array key "cedula4" in /home/soluctem/sistema.soluctem.com.co/api/submit.php on line 67
[29-Jan-2025 12:41:20 UTC] PHP Warning:  Undefined array key "horaEntrada4" in /home/soluctem/sistema.soluctem.com.co/api/submit.php on line 68
[29-Jan-2025 12:41:20 UTC] PHP Warning:  Undefined array key "horaSalida4" in /home/soluctem/sistema.soluctem.com.co/api/submit.php on line 69
[29-Jan-2025 12:41:20 UTC] PHP Warning:  Undefined array key "nombreFuncionario" in /home/soluctem/sistema.soluctem.com.co/api/submit.php on line 70
[29-Jan-2025 12:41:20 UTC] PHP Warning:  Undefined array key "cedulaFuncionario" in /home/soluctem/sistema.soluctem.com.co/api/submit.php on line 71
[29-Jan-2025 12:41:20 UTC] PHP Warning:  Undefined array key "cargoFuncionario" in /home/soluctem/sistema.soluctem.com.co/api/submit.php on line 72
[29-Jan-2025 12:41:20 UTC] PHP Warning:  Undefined array key "sapFuncionario" in /home/soluctem/sistema.soluctem.com.co/api/submit.php on line 73
[29-Jan-2025 12:41:20 UTC] PHP Warning:  Undefined array key "timestamp" in /home/soluctem/sistema.soluctem.com.co/api/submit.php on line 74
[29-Jan-2025 12:41:20 UTC] PHP Warning:  Undefined array key "asistenciaReparacion" in /home/soluctem/sistema.soluctem.com.co/api/submit.php on line 75
[29-Jan-2025 12:41:20 UTC] PHP Warning:  Undefined array key "asistenciaGarantia" in /home/soluctem/sistema.soluctem.com.co/api/submit.php on line 76
[29-Jan-2025 12:41:20 UTC] PHP Warning:  Undefined array key "asistenciaAjuste" in /home/soluctem/sistema.soluctem.com.co/api/submit.php on line 77
[29-Jan-2025 12:41:20 UTC] PHP Warning:  Undefined array key "asistenciaModificacion" in /home/soluctem/sistema.soluctem.com.co/api/submit.php on line 78
[29-Jan-2025 12:41:20 UTC] PHP Warning:  Undefined array key "asistenciaServicio" in /home/soluctem/sistema.soluctem.com.co/api/submit.php on line 79
[29-Jan-2025 12:41:20 UTC] PHP Warning:  Undefined array key "asistenciaMejora" in /home/soluctem/sistema.soluctem.com.co/api/submit.php on line 80
[29-Jan-2025 12:41:20 UTC] PHP Warning:  Undefined array key "asistenciaCombinacion" in /home/soluctem/sistema.soluctem.com.co/api/submit.php on line 81
[29-Jan-2025 12:41:20 UTC] PHP Warning:  Undefined array key "fallaOperacion" in /home/soluctem/sistema.soluctem.com.co/api/submit.php on line 82
[29-Jan-2025 12:41:20 UTC] PHP Warning:  Undefined array key "fallaMecanica" in /home/soluctem/sistema.soluctem.com.co/api/submit.php on line 83
[29-Jan-2025 12:41:20 UTC] PHP Warning:  Undefined array key "fallaElectrica" in /home/soluctem/sistema.soluctem.com.co/api/submit.php on line 84
[29-Jan-2025 12:41:20 UTC] PHP Warning:  Undefined array key "fallaTerceros" in /home/soluctem/sistema.soluctem.com.co/api/submit.php on line 85
[29-Jan-2025 12:41:20 UTC] PHP Warning:  Undefined array key "fallaFabricacion" in /home/soluctem/sistema.soluctem.com.co/api/submit.php on line 86
[29-Jan-2025 12:41:20 UTC] PHP Warning:  Undefined array key "firma_digital_cliente" in /home/soluctem/sistema.soluctem.com.co/api/submit.php on line 87
[29-Jan-2025 12:41:20 UTC] PHP Warning:  Undefined array key "firma_digital_tecnico" in /home/soluctem/sistema.soluctem.com.co/api/submit.php on line 88
[29-Jan-2025 14:03:34 UTC] PHP Warning:  Undefined array key "nombreSolicitante" in /home/soluctem/sistema.soluctem.com.co/api/submit.php on line 29
[29-Jan-2025 14:03:34 UTC] PHP Warning:  Undefined array key "cargo" in /home/soluctem/sistema.soluctem.com.co/api/submit.php on line 30
[29-Jan-2025 14:03:34 UTC] PHP Warning:  Undefined array key "nombreTienda" in /home/soluctem/sistema.soluctem.com.co/api/submit.php on line 31
[29-Jan-2025 14:03:34 UTC] PHP Warning:  Undefined array key "numeroTienda" in /home/soluctem/sistema.soluctem.com.co/api/submit.php on line 32
[29-Jan-2025 14:03:34 UTC] PHP Warning:  Undefined array key "numeroTicket" in /home/soluctem/sistema.soluctem.com.co/api/submit.php on line 33
[29-Jan-2025 14:03:34 UTC] PHP Warning:  Undefined array key "fecha" in /home/soluctem/sistema.soluctem.com.co/api/submit.php on line 34
[29-Jan-2025 14:03:34 UTC] PHP Warning:  Undefined array key "municipio" in /home/soluctem/sistema.soluctem.com.co/api/submit.php on line 35
[29-Jan-2025 14:03:34 UTC] PHP Warning:  Undefined array key "departamento" in /home/soluctem/sistema.soluctem.com.co/api/submit.php on line 36
[29-Jan-2025 14:03:34 UTC] PHP Warning:  Undefined array key "nombreEquipo" in /home/soluctem/sistema.soluctem.com.co/api/submit.php on line 37
[29-Jan-2025 14:03:34 UTC] PHP Warning:  Undefined array key "marca" in /home/soluctem/sistema.soluctem.com.co/api/submit.php on line 38
[29-Jan-2025 14:03:34 UTC] PHP Warning:  Undefined array key "serial" in /home/soluctem/sistema.soluctem.com.co/api/submit.php on line 39
[29-Jan-2025 14:03:34 UTC] PHP Warning:  Undefined array key "descripcionFalla" in /home/soluctem/sistema.soluctem.com.co/api/submit.php on line 40
[29-Jan-2025 14:03:34 UTC] PHP Warning:  Undefined array key "diagnosticoTecnico" in /home/soluctem/sistema.soluctem.com.co/api/submit.php on line 41
[29-Jan-2025 14:03:34 UTC] PHP Warning:  Undefined array key "repuestosCambiados" in /home/soluctem/sistema.soluctem.com.co/api/submit.php on line 42
[29-Jan-2025 14:03:34 UTC] PHP Warning:  Undefined array key "observaciones" in /home/soluctem/sistema.soluctem.com.co/api/submit.php on line 43
[29-Jan-2025 14:03:34 UTC] PHP Warning:  Undefined array key "seguridadRiesgoAccidentalidad" in /home/soluctem/sistema.soluctem.com.co/api/submit.php on line 44
[29-Jan-2025 14:03:34 UTC] PHP Warning:  Undefined array key "seguridadRiesgoEquipo" in /home/soluctem/sistema.soluctem.com.co/api/submit.php on line 45
[29-Jan-2025 14:03:34 UTC] PHP Warning:  Undefined array key "funcionamientoFallaSolucionada" in /home/soluctem/sistema.soluctem.com.co/api/submit.php on line 46
[29-Jan-2025 14:03:34 UTC] PHP Warning:  Undefined array key "funcionamientoPasosNormales" in /home/soluctem/sistema.soluctem.com.co/api/submit.php on line 47
[29-Jan-2025 14:03:34 UTC] PHP Warning:  Undefined array key "calidadTrabajo" in /home/soluctem/sistema.soluctem.com.co/api/submit.php on line 48
[29-Jan-2025 14:03:34 UTC] PHP Warning:  Undefined array key "limpiezaOrganizacionArmado" in /home/soluctem/sistema.soluctem.com.co/api/submit.php on line 49
[29-Jan-2025 14:03:34 UTC] PHP Warning:  Undefined array key "limpiezaOrganizacionAseado" in /home/soluctem/sistema.soluctem.com.co/api/submit.php on line 50
[29-Jan-2025 14:03:34 UTC] PHP Warning:  Undefined array key "capacitacionCausa" in /home/soluctem/sistema.soluctem.com.co/api/submit.php on line 51
[29-Jan-2025 14:03:34 UTC] PHP Warning:  Undefined array key "capacitacionPrevencion" in /home/soluctem/sistema.soluctem.com.co/api/submit.php on line 52
[29-Jan-2025 14:03:34 UTC] PHP Warning:  Undefined array key "capacitacionAccion" in /home/soluctem/sistema.soluctem.com.co/api/submit.php on line 53
[29-Jan-2025 14:03:34 UTC] PHP Warning:  Undefined array key "contratista1" in /home/soluctem/sistema.soluctem.com.co/api/submit.php on line 54
[29-Jan-2025 14:03:34 UTC] PHP Warning:  Undefined array key "cedula1" in /home/soluctem/sistema.soluctem.com.co/api/submit.php on line 55
[29-Jan-2025 14:03:34 UTC] PHP Warning:  Undefined array key "horaEntrada1" in /home/soluctem/sistema.soluctem.com.co/api/submit.php on line 56
[29-Jan-2025 14:03:34 UTC] PHP Warning:  Undefined array key "horaSalida1" in /home/soluctem/sistema.soluctem.com.co/api/submit.php on line 57
[29-Jan-2025 14:03:34 UTC] PHP Warning:  Undefined array key "contratista2" in /home/soluctem/sistema.soluctem.com.co/api/submit.php on line 58
[29-Jan-2025 14:03:34 UTC] PHP Warning:  Undefined array key "cedula2" in /home/soluctem/sistema.soluctem.com.co/api/submit.php on line 59
[29-Jan-2025 14:03:34 UTC] PHP Warning:  Undefined array key "horaEntrada2" in /home/soluctem/sistema.soluctem.com.co/api/submit.php on line 60
[29-Jan-2025 14:03:34 UTC] PHP Warning:  Undefined array key "horaSalida2" in /home/soluctem/sistema.soluctem.com.co/api/submit.php on line 61
[29-Jan-2025 14:03:34 UTC] PHP Warning:  Undefined array key "contratista3" in /home/soluctem/sistema.soluctem.com.co/api/submit.php on line 62
[29-Jan-2025 14:03:34 UTC] PHP Warning:  Undefined array key "cedula3" in /home/soluctem/sistema.soluctem.com.co/api/submit.php on line 63
[29-Jan-2025 14:03:34 UTC] PHP Warning:  Undefined array key "horaEntrada3" in /home/soluctem/sistema.soluctem.com.co/api/submit.php on line 64
[29-Jan-2025 14:03:34 UTC] PHP Warning:  Undefined array key "horaSalida3" in /home/soluctem/sistema.soluctem.com.co/api/submit.php on line 65
[29-Jan-2025 14:03:34 UTC] PHP Warning:  Undefined array key "contratista4" in /home/soluctem/sistema.soluctem.com.co/api/submit.php on line 66
[29-Jan-2025 14:03:34 UTC] PHP Warning:  Undefined array key "cedula4" in /home/soluctem/sistema.soluctem.com.co/api/submit.php on line 67
[29-Jan-2025 14:03:34 UTC] PHP Warning:  Undefined array key "horaEntrada4" in /home/soluctem/sistema.soluctem.com.co/api/submit.php on line 68
[29-Jan-2025 14:03:34 UTC] PHP Warning:  Undefined array key "horaSalida4" in /home/soluctem/sistema.soluctem.com.co/api/submit.php on line 69
[29-Jan-2025 14:03:34 UTC] PHP Warning:  Undefined array key "nombreFuncionario" in /home/soluctem/sistema.soluctem.com.co/api/submit.php on line 70
[29-Jan-2025 14:03:34 UTC] PHP Warning:  Undefined array key "cedulaFuncionario" in /home/soluctem/sistema.soluctem.com.co/api/submit.php on line 71
[29-Jan-2025 14:03:34 UTC] PHP Warning:  Undefined array key "cargoFuncionario" in /home/soluctem/sistema.soluctem.com.co/api/submit.php on line 72
[29-Jan-2025 14:03:34 UTC] PHP Warning:  Undefined array key "sapFuncionario" in /home/soluctem/sistema.soluctem.com.co/api/submit.php on line 73
[29-Jan-2025 14:03:34 UTC] PHP Warning:  Undefined array key "timestamp" in /home/soluctem/sistema.soluctem.com.co/api/submit.php on line 74
[29-Jan-2025 14:03:34 UTC] PHP Warning:  Undefined array key "asistenciaReparacion" in /home/soluctem/sistema.soluctem.com.co/api/submit.php on line 75
[29-Jan-2025 14:03:34 UTC] PHP Warning:  Undefined array key "asistenciaGarantia" in /home/soluctem/sistema.soluctem.com.co/api/submit.php on line 76
[29-Jan-2025 14:03:34 UTC] PHP Warning:  Undefined array key "asistenciaAjuste" in /home/soluctem/sistema.soluctem.com.co/api/submit.php on line 77
[29-Jan-2025 14:03:34 UTC] PHP Warning:  Undefined array key "asistenciaModificacion" in /home/soluctem/sistema.soluctem.com.co/api/submit.php on line 78
[29-Jan-2025 14:03:34 UTC] PHP Warning:  Undefined array key "asistenciaServicio" in /home/soluctem/sistema.soluctem.com.co/api/submit.php on line 79
[29-Jan-2025 14:03:34 UTC] PHP Warning:  Undefined array key "asistenciaMejora" in /home/soluctem/sistema.soluctem.com.co/api/submit.php on line 80
[29-Jan-2025 14:03:34 UTC] PHP Warning:  Undefined array key "asistenciaCombinacion" in /home/soluctem/sistema.soluctem.com.co/api/submit.php on line 81
[29-Jan-2025 14:03:34 UTC] PHP Warning:  Undefined array key "fallaOperacion" in /home/soluctem/sistema.soluctem.com.co/api/submit.php on line 82
[29-Jan-2025 14:03:34 UTC] PHP Warning:  Undefined array key "fallaMecanica" in /home/soluctem/sistema.soluctem.com.co/api/submit.php on line 83
[29-Jan-2025 14:03:34 UTC] PHP Warning:  Undefined array key "fallaElectrica" in /home/soluctem/sistema.soluctem.com.co/api/submit.php on line 84
[29-Jan-2025 14:03:34 UTC] PHP Warning:  Undefined array key "fallaTerceros" in /home/soluctem/sistema.soluctem.com.co/api/submit.php on line 85
[29-Jan-2025 14:03:34 UTC] PHP Warning:  Undefined array key "fallaFabricacion" in /home/soluctem/sistema.soluctem.com.co/api/submit.php on line 86
[29-Jan-2025 14:03:34 UTC] PHP Warning:  Undefined array key "firma_digital_cliente" in /home/soluctem/sistema.soluctem.com.co/api/submit.php on line 87
[29-Jan-2025 14:03:34 UTC] PHP Warning:  Undefined array key "firma_digital_tecnico" in /home/soluctem/sistema.soluctem.com.co/api/submit.php on line 88
[29-Jan-2025 15:14:35 UTC] PHP Warning:  Undefined array key "nombreSolicitante" in /home/soluctem/sistema.soluctem.com.co/api/submit.php on line 29
[29-Jan-2025 15:14:35 UTC] PHP Warning:  Undefined array key "cargo" in /home/soluctem/sistema.soluctem.com.co/api/submit.php on line 30
[29-Jan-2025 15:14:35 UTC] PHP Warning:  Undefined array key "nombreTienda" in /home/soluctem/sistema.soluctem.com.co/api/submit.php on line 31
[29-Jan-2025 15:14:35 UTC] PHP Warning:  Undefined array key "numeroTienda" in /home/soluctem/sistema.soluctem.com.co/api/submit.php on line 32
[29-Jan-2025 15:14:35 UTC] PHP Warning:  Undefined array key "numeroTicket" in /home/soluctem/sistema.soluctem.com.co/api/submit.php on line 33
[29-Jan-2025 15:14:35 UTC] PHP Warning:  Undefined array key "fecha" in /home/soluctem/sistema.soluctem.com.co/api/submit.php on line 34
[29-Jan-2025 15:14:35 UTC] PHP Warning:  Undefined array key "municipio" in /home/soluctem/sistema.soluctem.com.co/api/submit.php on line 35
[29-Jan-2025 15:14:35 UTC] PHP Warning:  Undefined array key "departamento" in /home/soluctem/sistema.soluctem.com.co/api/submit.php on line 36
[29-Jan-2025 15:14:35 UTC] PHP Warning:  Undefined array key "nombreEquipo" in /home/soluctem/sistema.soluctem.com.co/api/submit.php on line 37
[29-Jan-2025 15:14:35 UTC] PHP Warning:  Undefined array key "marca" in /home/soluctem/sistema.soluctem.com.co/api/submit.php on line 38
[29-Jan-2025 15:14:35 UTC] PHP Warning:  Undefined array key "serial" in /home/soluctem/sistema.soluctem.com.co/api/submit.php on line 39
[29-Jan-2025 15:14:35 UTC] PHP Warning:  Undefined array key "descripcionFalla" in /home/soluctem/sistema.soluctem.com.co/api/submit.php on line 40
[29-Jan-2025 15:14:35 UTC] PHP Warning:  Undefined array key "diagnosticoTecnico" in /home/soluctem/sistema.soluctem.com.co/api/submit.php on line 41
[29-Jan-2025 15:14:35 UTC] PHP Warning:  Undefined array key "repuestosCambiados" in /home/soluctem/sistema.soluctem.com.co/api/submit.php on line 42
[29-Jan-2025 15:14:35 UTC] PHP Warning:  Undefined array key "observaciones" in /home/soluctem/sistema.soluctem.com.co/api/submit.php on line 43
[29-Jan-2025 15:14:35 UTC] PHP Warning:  Undefined array key "seguridadRiesgoAccidentalidad" in /home/soluctem/sistema.soluctem.com.co/api/submit.php on line 44
[29-Jan-2025 15:14:35 UTC] PHP Warning:  Undefined array key "seguridadRiesgoEquipo" in /home/soluctem/sistema.soluctem.com.co/api/submit.php on line 45
[29-Jan-2025 15:14:35 UTC] PHP Warning:  Undefined array key "funcionamientoFallaSolucionada" in /home/soluctem/sistema.soluctem.com.co/api/submit.php on line 46
[29-Jan-2025 15:14:35 UTC] PHP Warning:  Undefined array key "funcionamientoPasosNormales" in /home/soluctem/sistema.soluctem.com.co/api/submit.php on line 47
[29-Jan-2025 15:14:35 UTC] PHP Warning:  Undefined array key "calidadTrabajo" in /home/soluctem/sistema.soluctem.com.co/api/submit.php on line 48
[29-Jan-2025 15:14:35 UTC] PHP Warning:  Undefined array key "limpiezaOrganizacionArmado" in /home/soluctem/sistema.soluctem.com.co/api/submit.php on line 49
[29-Jan-2025 15:14:35 UTC] PHP Warning:  Undefined array key "limpiezaOrganizacionAseado" in /home/soluctem/sistema.soluctem.com.co/api/submit.php on line 50
[29-Jan-2025 15:14:35 UTC] PHP Warning:  Undefined array key "capacitacionCausa" in /home/soluctem/sistema.soluctem.com.co/api/submit.php on line 51
[29-Jan-2025 15:14:35 UTC] PHP Warning:  Undefined array key "capacitacionPrevencion" in /home/soluctem/sistema.soluctem.com.co/api/submit.php on line 52
[29-Jan-2025 15:14:35 UTC] PHP Warning:  Undefined array key "capacitacionAccion" in /home/soluctem/sistema.soluctem.com.co/api/submit.php on line 53
[29-Jan-2025 15:14:35 UTC] PHP Warning:  Undefined array key "contratista1" in /home/soluctem/sistema.soluctem.com.co/api/submit.php on line 54
[29-Jan-2025 15:14:35 UTC] PHP Warning:  Undefined array key "cedula1" in /home/soluctem/sistema.soluctem.com.co/api/submit.php on line 55
[29-Jan-2025 15:14:35 UTC] PHP Warning:  Undefined array key "horaEntrada1" in /home/soluctem/sistema.soluctem.com.co/api/submit.php on line 56
[29-Jan-2025 15:14:35 UTC] PHP Warning:  Undefined array key "horaSalida1" in /home/soluctem/sistema.soluctem.com.co/api/submit.php on line 57
[29-Jan-2025 15:14:35 UTC] PHP Warning:  Undefined array key "contratista2" in /home/soluctem/sistema.soluctem.com.co/api/submit.php on line 58
[29-Jan-2025 15:14:35 UTC] PHP Warning:  Undefined array key "cedula2" in /home/soluctem/sistema.soluctem.com.co/api/submit.php on line 59
[29-Jan-2025 15:14:35 UTC] PHP Warning:  Undefined array key "horaEntrada2" in /home/soluctem/sistema.soluctem.com.co/api/submit.php on line 60
[29-Jan-2025 15:14:35 UTC] PHP Warning:  Undefined array key "horaSalida2" in /home/soluctem/sistema.soluctem.com.co/api/submit.php on line 61
[29-Jan-2025 15:14:35 UTC] PHP Warning:  Undefined array key "contratista3" in /home/soluctem/sistema.soluctem.com.co/api/submit.php on line 62
[29-Jan-2025 15:14:35 UTC] PHP Warning:  Undefined array key "cedula3" in /home/soluctem/sistema.soluctem.com.co/api/submit.php on line 63
[29-Jan-2025 15:14:35 UTC] PHP Warning:  Undefined array key "horaEntrada3" in /home/soluctem/sistema.soluctem.com.co/api/submit.php on line 64
[29-Jan-2025 15:14:35 UTC] PHP Warning:  Undefined array key "horaSalida3" in /home/soluctem/sistema.soluctem.com.co/api/submit.php on line 65
[29-Jan-2025 15:14:35 UTC] PHP Warning:  Undefined array key "contratista4" in /home/soluctem/sistema.soluctem.com.co/api/submit.php on line 66
[29-Jan-2025 15:14:35 UTC] PHP Warning:  Undefined array key "cedula4" in /home/soluctem/sistema.soluctem.com.co/api/submit.php on line 67
[29-Jan-2025 15:14:35 UTC] PHP Warning:  Undefined array key "horaEntrada4" in /home/soluctem/sistema.soluctem.com.co/api/submit.php on line 68
[29-Jan-2025 15:14:35 UTC] PHP Warning:  Undefined array key "horaSalida4" in /home/soluctem/sistema.soluctem.com.co/api/submit.php on line 69
[29-Jan-2025 15:14:35 UTC] PHP Warning:  Undefined array key "nombreFuncionario" in /home/soluctem/sistema.soluctem.com.co/api/submit.php on line 70
[29-Jan-2025 15:14:35 UTC] PHP Warning:  Undefined array key "cedulaFuncionario" in /home/soluctem/sistema.soluctem.com.co/api/submit.php on line 71
[29-Jan-2025 15:14:35 UTC] PHP Warning:  Undefined array key "cargoFuncionario" in /home/soluctem/sistema.soluctem.com.co/api/submit.php on line 72
[29-Jan-2025 15:14:35 UTC] PHP Warning:  Undefined array key "sapFuncionario" in /home/soluctem/sistema.soluctem.com.co/api/submit.php on line 73
[29-Jan-2025 15:14:35 UTC] PHP Warning:  Undefined array key "timestamp" in /home/soluctem/sistema.soluctem.com.co/api/submit.php on line 74
[29-Jan-2025 15:14:35 UTC] PHP Warning:  Undefined array key "asistenciaReparacion" in /home/soluctem/sistema.soluctem.com.co/api/submit.php on line 75
[29-Jan-2025 15:14:35 UTC] PHP Warning:  Undefined array key "asistenciaGarantia" in /home/soluctem/sistema.soluctem.com.co/api/submit.php on line 76
[29-Jan-2025 15:14:35 UTC] PHP Warning:  Undefined array key "asistenciaAjuste" in /home/soluctem/sistema.soluctem.com.co/api/submit.php on line 77
[29-Jan-2025 15:14:35 UTC] PHP Warning:  Undefined array key "asistenciaModificacion" in /home/soluctem/sistema.soluctem.com.co/api/submit.php on line 78
[29-Jan-2025 15:14:35 UTC] PHP Warning:  Undefined array key "asistenciaServicio" in /home/soluctem/sistema.soluctem.com.co/api/submit.php on line 79
[29-Jan-2025 15:14:35 UTC] PHP Warning:  Undefined array key "asistenciaMejora" in /home/soluctem/sistema.soluctem.com.co/api/submit.php on line 80
[29-Jan-2025 15:14:35 UTC] PHP Warning:  Undefined array key "asistenciaCombinacion" in /home/soluctem/sistema.soluctem.com.co/api/submit.php on line 81
[29-Jan-2025 15:14:35 UTC] PHP Warning:  Undefined array key "fallaOperacion" in /home/soluctem/sistema.soluctem.com.co/api/submit.php on line 82
[29-Jan-2025 15:14:35 UTC] PHP Warning:  Undefined array key "fallaMecanica" in /home/soluctem/sistema.soluctem.com.co/api/submit.php on line 83
[29-Jan-2025 15:14:35 UTC] PHP Warning:  Undefined array key "fallaElectrica" in /home/soluctem/sistema.soluctem.com.co/api/submit.php on line 84
[29-Jan-2025 15:14:35 UTC] PHP Warning:  Undefined array key "fallaTerceros" in /home/soluctem/sistema.soluctem.com.co/api/submit.php on line 85
[29-Jan-2025 15:14:35 UTC] PHP Warning:  Undefined array key "fallaFabricacion" in /home/soluctem/sistema.soluctem.com.co/api/submit.php on line 86
[29-Jan-2025 15:14:35 UTC] PHP Warning:  Undefined array key "firma_digital_cliente" in /home/soluctem/sistema.soluctem.com.co/api/submit.php on line 87
[29-Jan-2025 15:14:35 UTC] PHP Warning:  Undefined array key "firma_digital_tecnico" in /home/soluctem/sistema.soluctem.com.co/api/submit.php on line 88
[29-Jan-2025 15:44:18 UTC] PHP Warning:  Undefined array key "nombreSolicitante" in /home/soluctem/sistema.soluctem.com.co/api/submit.php on line 29
[29-Jan-2025 15:44:18 UTC] PHP Warning:  Undefined array key "cargo" in /home/soluctem/sistema.soluctem.com.co/api/submit.php on line 30
[29-Jan-2025 15:44:18 UTC] PHP Warning:  Undefined array key "nombreTienda" in /home/soluctem/sistema.soluctem.com.co/api/submit.php on line 31
[29-Jan-2025 15:44:18 UTC] PHP Warning:  Undefined array key "numeroTienda" in /home/soluctem/sistema.soluctem.com.co/api/submit.php on line 32
[29-Jan-2025 15:44:18 UTC] PHP Warning:  Undefined array key "numeroTicket" in /home/soluctem/sistema.soluctem.com.co/api/submit.php on line 33
[29-Jan-2025 15:44:18 UTC] PHP Warning:  Undefined array key "fecha" in /home/soluctem/sistema.soluctem.com.co/api/submit.php on line 34
[29-Jan-2025 15:44:18 UTC] PHP Warning:  Undefined array key "municipio" in /home/soluctem/sistema.soluctem.com.co/api/submit.php on line 35
[29-Jan-2025 15:44:18 UTC] PHP Warning:  Undefined array key "departamento" in /home/soluctem/sistema.soluctem.com.co/api/submit.php on line 36
[29-Jan-2025 15:44:18 UTC] PHP Warning:  Undefined array key "nombreEquipo" in /home/soluctem/sistema.soluctem.com.co/api/submit.php on line 37
[29-Jan-2025 15:44:18 UTC] PHP Warning:  Undefined array key "marca" in /home/soluctem/sistema.soluctem.com.co/api/submit.php on line 38
[29-Jan-2025 15:44:18 UTC] PHP Warning:  Undefined array key "serial" in /home/soluctem/sistema.soluctem.com.co/api/submit.php on line 39
[29-Jan-2025 15:44:18 UTC] PHP Warning:  Undefined array key "descripcionFalla" in /home/soluctem/sistema.soluctem.com.co/api/submit.php on line 40
[29-Jan-2025 15:44:18 UTC] PHP Warning:  Undefined array key "diagnosticoTecnico" in /home/soluctem/sistema.soluctem.com.co/api/submit.php on line 41
[29-Jan-2025 15:44:18 UTC] PHP Warning:  Undefined array key "repuestosCambiados" in /home/soluctem/sistema.soluctem.com.co/api/submit.php on line 42
[29-Jan-2025 15:44:18 UTC] PHP Warning:  Undefined array key "observaciones" in /home/soluctem/sistema.soluctem.com.co/api/submit.php on line 43
[29-Jan-2025 15:44:18 UTC] PHP Warning:  Undefined array key "seguridadRiesgoAccidentalidad" in /home/soluctem/sistema.soluctem.com.co/api/submit.php on line 44
[29-Jan-2025 15:44:18 UTC] PHP Warning:  Undefined array key "seguridadRiesgoEquipo" in /home/soluctem/sistema.soluctem.com.co/api/submit.php on line 45
[29-Jan-2025 15:44:18 UTC] PHP Warning:  Undefined array key "funcionamientoFallaSolucionada" in /home/soluctem/sistema.soluctem.com.co/api/submit.php on line 46
[29-Jan-2025 15:44:18 UTC] PHP Warning:  Undefined array key "funcionamientoPasosNormales" in /home/soluctem/sistema.soluctem.com.co/api/submit.php on line 47
[29-Jan-2025 15:44:18 UTC] PHP Warning:  Undefined array key "calidadTrabajo" in /home/soluctem/sistema.soluctem.com.co/api/submit.php on line 48
[29-Jan-2025 15:44:18 UTC] PHP Warning:  Undefined array key "limpiezaOrganizacionArmado" in /home/soluctem/sistema.soluctem.com.co/api/submit.php on line 49
[29-Jan-2025 15:44:18 UTC] PHP Warning:  Undefined array key "limpiezaOrganizacionAseado" in /home/soluctem/sistema.soluctem.com.co/api/submit.php on line 50
[29-Jan-2025 15:44:18 UTC] PHP Warning:  Undefined array key "capacitacionCausa" in /home/soluctem/sistema.soluctem.com.co/api/submit.php on line 51
[29-Jan-2025 15:44:18 UTC] PHP Warning:  Undefined array key "capacitacionPrevencion" in /home/soluctem/sistema.soluctem.com.co/api/submit.php on line 52
[29-Jan-2025 15:44:18 UTC] PHP Warning:  Undefined array key "capacitacionAccion" in /home/soluctem/sistema.soluctem.com.co/api/submit.php on line 53
[29-Jan-2025 15:44:18 UTC] PHP Warning:  Undefined array key "contratista1" in /home/soluctem/sistema.soluctem.com.co/api/submit.php on line 54
[29-Jan-2025 15:44:18 UTC] PHP Warning:  Undefined array key "cedula1" in /home/soluctem/sistema.soluctem.com.co/api/submit.php on line 55
[29-Jan-2025 15:44:18 UTC] PHP Warning:  Undefined array key "horaEntrada1" in /home/soluctem/sistema.soluctem.com.co/api/submit.php on line 56
[29-Jan-2025 15:44:18 UTC] PHP Warning:  Undefined array key "horaSalida1" in /home/soluctem/sistema.soluctem.com.co/api/submit.php on line 57
[29-Jan-2025 15:44:18 UTC] PHP Warning:  Undefined array key "contratista2" in /home/soluctem/sistema.soluctem.com.co/api/submit.php on line 58
[29-Jan-2025 15:44:18 UTC] PHP Warning:  Undefined array key "cedula2" in /home/soluctem/sistema.soluctem.com.co/api/submit.php on line 59
[29-Jan-2025 15:44:18 UTC] PHP Warning:  Undefined array key "horaEntrada2" in /home/soluctem/sistema.soluctem.com.co/api/submit.php on line 60
[29-Jan-2025 15:44:18 UTC] PHP Warning:  Undefined array key "horaSalida2" in /home/soluctem/sistema.soluctem.com.co/api/submit.php on line 61
[29-Jan-2025 15:44:18 UTC] PHP Warning:  Undefined array key "contratista3" in /home/soluctem/sistema.soluctem.com.co/api/submit.php on line 62
[29-Jan-2025 15:44:18 UTC] PHP Warning:  Undefined array key "cedula3" in /home/soluctem/sistema.soluctem.com.co/api/submit.php on line 63
[29-Jan-2025 15:44:18 UTC] PHP Warning:  Undefined array key "horaEntrada3" in /home/soluctem/sistema.soluctem.com.co/api/submit.php on line 64
[29-Jan-2025 15:44:18 UTC] PHP Warning:  Undefined array key "horaSalida3" in /home/soluctem/sistema.soluctem.com.co/api/submit.php on line 65
[29-Jan-2025 15:44:18 UTC] PHP Warning:  Undefined array key "contratista4" in /home/soluctem/sistema.soluctem.com.co/api/submit.php on line 66
[29-Jan-2025 15:44:18 UTC] PHP Warning:  Undefined array key "cedula4" in /home/soluctem/sistema.soluctem.com.co/api/submit.php on line 67
[29-Jan-2025 15:44:18 UTC] PHP Warning:  Undefined array key "horaEntrada4" in /home/soluctem/sistema.soluctem.com.co/api/submit.php on line 68
[29-Jan-2025 15:44:18 UTC] PHP Warning:  Undefined array key "horaSalida4" in /home/soluctem/sistema.soluctem.com.co/api/submit.php on line 69
[29-Jan-2025 15:44:18 UTC] PHP Warning:  Undefined array key "nombreFuncionario" in /home/soluctem/sistema.soluctem.com.co/api/submit.php on line 70
[29-Jan-2025 15:44:18 UTC] PHP Warning:  Undefined array key "cedulaFuncionario" in /home/soluctem/sistema.soluctem.com.co/api/submit.php on line 71
[29-Jan-2025 15:44:18 UTC] PHP Warning:  Undefined array key "cargoFuncionario" in /home/soluctem/sistema.soluctem.com.co/api/submit.php on line 72
[29-Jan-2025 15:44:18 UTC] PHP Warning:  Undefined array key "sapFuncionario" in /home/soluctem/sistema.soluctem.com.co/api/submit.php on line 73
[29-Jan-2025 15:44:18 UTC] PHP Warning:  Undefined array key "timestamp" in /home/soluctem/sistema.soluctem.com.co/api/submit.php on line 74
[29-Jan-2025 15:44:18 UTC] PHP Warning:  Undefined array key "asistenciaReparacion" in /home/soluctem/sistema.soluctem.com.co/api/submit.php on line 75
[29-Jan-2025 15:44:18 UTC] PHP Warning:  Undefined array key "asistenciaGarantia" in /home/soluctem/sistema.soluctem.com.co/api/submit.php on line 76
[29-Jan-2025 15:44:18 UTC] PHP Warning:  Undefined array key "asistenciaAjuste" in /home/soluctem/sistema.soluctem.com.co/api/submit.php on line 77
[29-Jan-2025 15:44:18 UTC] PHP Warning:  Undefined array key "asistenciaModificacion" in /home/soluctem/sistema.soluctem.com.co/api/submit.php on line 78
[29-Jan-2025 15:44:18 UTC] PHP Warning:  Undefined array key "asistenciaServicio" in /home/soluctem/sistema.soluctem.com.co/api/submit.php on line 79
[29-Jan-2025 15:44:18 UTC] PHP Warning:  Undefined array key "asistenciaMejora" in /home/soluctem/sistema.soluctem.com.co/api/submit.php on line 80
[29-Jan-2025 15:44:18 UTC] PHP Warning:  Undefined array key "asistenciaCombinacion" in /home/soluctem/sistema.soluctem.com.co/api/submit.php on line 81
[29-Jan-2025 15:44:18 UTC] PHP Warning:  Undefined array key "fallaOperacion" in /home/soluctem/sistema.soluctem.com.co/api/submit.php on line 82
[29-Jan-2025 15:44:18 UTC] PHP Warning:  Undefined array key "fallaMecanica" in /home/soluctem/sistema.soluctem.com.co/api/submit.php on line 83
[29-Jan-2025 15:44:18 UTC] PHP Warning:  Undefined array key "fallaElectrica" in /home/soluctem/sistema.soluctem.com.co/api/submit.php on line 84
[29-Jan-2025 15:44:18 UTC] PHP Warning:  Undefined array key "fallaTerceros" in /home/soluctem/sistema.soluctem.com.co/api/submit.php on line 85
[29-Jan-2025 15:44:18 UTC] PHP Warning:  Undefined array key "fallaFabricacion" in /home/soluctem/sistema.soluctem.com.co/api/submit.php on line 86
[29-Jan-2025 15:44:18 UTC] PHP Warning:  Undefined array key "firma_digital_cliente" in /home/soluctem/sistema.soluctem.com.co/api/submit.php on line 87
[29-Jan-2025 15:44:18 UTC] PHP Warning:  Undefined array key "firma_digital_tecnico" in /home/soluctem/sistema.soluctem.com.co/api/submit.php on line 88
[29-Jan-2025 15:44:51 UTC] PHP Warning:  Undefined array key "nombreSolicitante" in /home/soluctem/sistema.soluctem.com.co/api/submit.php on line 29
[29-Jan-2025 15:44:51 UTC] PHP Warning:  Undefined array key "cargo" in /home/soluctem/sistema.soluctem.com.co/api/submit.php on line 30
[29-Jan-2025 15:44:51 UTC] PHP Warning:  Undefined array key "nombreTienda" in /home/soluctem/sistema.soluctem.com.co/api/submit.php on line 31
[29-Jan-2025 15:44:51 UTC] PHP Warning:  Undefined array key "numeroTienda" in /home/soluctem/sistema.soluctem.com.co/api/submit.php on line 32
[29-Jan-2025 15:44:51 UTC] PHP Warning:  Undefined array key "numeroTicket" in /home/soluctem/sistema.soluctem.com.co/api/submit.php on line 33
[29-Jan-2025 15:44:51 UTC] PHP Warning:  Undefined array key "fecha" in /home/soluctem/sistema.soluctem.com.co/api/submit.php on line 34
[29-Jan-2025 15:44:51 UTC] PHP Warning:  Undefined array key "municipio" in /home/soluctem/sistema.soluctem.com.co/api/submit.php on line 35
[29-Jan-2025 15:44:51 UTC] PHP Warning:  Undefined array key "departamento" in /home/soluctem/sistema.soluctem.com.co/api/submit.php on line 36
[29-Jan-2025 15:44:51 UTC] PHP Warning:  Undefined array key "nombreEquipo" in /home/soluctem/sistema.soluctem.com.co/api/submit.php on line 37
[29-Jan-2025 15:44:51 UTC] PHP Warning:  Undefined array key "marca" in /home/soluctem/sistema.soluctem.com.co/api/submit.php on line 38
[29-Jan-2025 15:44:51 UTC] PHP Warning:  Undefined array key "serial" in /home/soluctem/sistema.soluctem.com.co/api/submit.php on line 39
[29-Jan-2025 15:44:51 UTC] PHP Warning:  Undefined array key "descripcionFalla" in /home/soluctem/sistema.soluctem.com.co/api/submit.php on line 40
[29-Jan-2025 15:44:51 UTC] PHP Warning:  Undefined array key "diagnosticoTecnico" in /home/soluctem/sistema.soluctem.com.co/api/submit.php on line 41
[29-Jan-2025 15:44:51 UTC] PHP Warning:  Undefined array key "repuestosCambiados" in /home/soluctem/sistema.soluctem.com.co/api/submit.php on line 42
[29-Jan-2025 15:44:51 UTC] PHP Warning:  Undefined array key "observaciones" in /home/soluctem/sistema.soluctem.com.co/api/submit.php on line 43
[29-Jan-2025 15:44:51 UTC] PHP Warning:  Undefined array key "seguridadRiesgoAccidentalidad" in /home/soluctem/sistema.soluctem.com.co/api/submit.php on line 44
[29-Jan-2025 15:44:51 UTC] PHP Warning:  Undefined array key "seguridadRiesgoEquipo" in /home/soluctem/sistema.soluctem.com.co/api/submit.php on line 45
[29-Jan-2025 15:44:51 UTC] PHP Warning:  Undefined array key "funcionamientoFallaSolucionada" in /home/soluctem/sistema.soluctem.com.co/api/submit.php on line 46
[29-Jan-2025 15:44:51 UTC] PHP Warning:  Undefined array key "funcionamientoPasosNormales" in /home/soluctem/sistema.soluctem.com.co/api/submit.php on line 47
[29-Jan-2025 15:44:51 UTC] PHP Warning:  Undefined array key "calidadTrabajo" in /home/soluctem/sistema.soluctem.com.co/api/submit.php on line 48
[29-Jan-2025 15:44:51 UTC] PHP Warning:  Undefined array key "limpiezaOrganizacionArmado" in /home/soluctem/sistema.soluctem.com.co/api/submit.php on line 49
[29-Jan-2025 15:44:51 UTC] PHP Warning:  Undefined array key "limpiezaOrganizacionAseado" in /home/soluctem/sistema.soluctem.com.co/api/submit.php on line 50
[29-Jan-2025 15:44:51 UTC] PHP Warning:  Undefined array key "capacitacionCausa" in /home/soluctem/sistema.soluctem.com.co/api/submit.php on line 51
[29-Jan-2025 15:44:51 UTC] PHP Warning:  Undefined array key "capacitacionPrevencion" in /home/soluctem/sistema.soluctem.com.co/api/submit.php on line 52
[29-Jan-2025 15:44:51 UTC] PHP Warning:  Undefined array key "capacitacionAccion" in /home/soluctem/sistema.soluctem.com.co/api/submit.php on line 53
[29-Jan-2025 15:44:51 UTC] PHP Warning:  Undefined array key "contratista1" in /home/soluctem/sistema.soluctem.com.co/api/submit.php on line 54
[29-Jan-2025 15:44:51 UTC] PHP Warning:  Undefined array key "cedula1" in /home/soluctem/sistema.soluctem.com.co/api/submit.php on line 55
[29-Jan-2025 15:44:51 UTC] PHP Warning:  Undefined array key "horaEntrada1" in /home/soluctem/sistema.soluctem.com.co/api/submit.php on line 56
[29-Jan-2025 15:44:51 UTC] PHP Warning:  Undefined array key "horaSalida1" in /home/soluctem/sistema.soluctem.com.co/api/submit.php on line 57
[29-Jan-2025 15:44:51 UTC] PHP Warning:  Undefined array key "contratista2" in /home/soluctem/sistema.soluctem.com.co/api/submit.php on line 58
[29-Jan-2025 15:44:51 UTC] PHP Warning:  Undefined array key "cedula2" in /home/soluctem/sistema.soluctem.com.co/api/submit.php on line 59
[29-Jan-2025 15:44:51 UTC] PHP Warning:  Undefined array key "horaEntrada2" in /home/soluctem/sistema.soluctem.com.co/api/submit.php on line 60
[29-Jan-2025 15:44:51 UTC] PHP Warning:  Undefined array key "horaSalida2" in /home/soluctem/sistema.soluctem.com.co/api/submit.php on line 61
[29-Jan-2025 15:44:51 UTC] PHP Warning:  Undefined array key "contratista3" in /home/soluctem/sistema.soluctem.com.co/api/submit.php on line 62
[29-Jan-2025 15:44:51 UTC] PHP Warning:  Undefined array key "cedula3" in /home/soluctem/sistema.soluctem.com.co/api/submit.php on line 63
[29-Jan-2025 15:44:51 UTC] PHP Warning:  Undefined array key "horaEntrada3" in /home/soluctem/sistema.soluctem.com.co/api/submit.php on line 64
[29-Jan-2025 15:44:51 UTC] PHP Warning:  Undefined array key "horaSalida3" in /home/soluctem/sistema.soluctem.com.co/api/submit.php on line 65
[29-Jan-2025 15:44:51 UTC] PHP Warning:  Undefined array key "contratista4" in /home/soluctem/sistema.soluctem.com.co/api/submit.php on line 66
[29-Jan-2025 15:44:51 UTC] PHP Warning:  Undefined array key "cedula4" in /home/soluctem/sistema.soluctem.com.co/api/submit.php on line 67
[29-Jan-2025 15:44:51 UTC] PHP Warning:  Undefined array key "horaEntrada4" in /home/soluctem/sistema.soluctem.com.co/api/submit.php on line 68
[29-Jan-2025 15:44:51 UTC] PHP Warning:  Undefined array key "horaSalida4" in /home/soluctem/sistema.soluctem.com.co/api/submit.php on line 69
[29-Jan-2025 15:44:51 UTC] PHP Warning:  Undefined array key "nombreFuncionario" in /home/soluctem/sistema.soluctem.com.co/api/submit.php on line 70
[29-Jan-2025 15:44:51 UTC] PHP Warning:  Undefined array key "cedulaFuncionario" in /home/soluctem/sistema.soluctem.com.co/api/submit.php on line 71
[29-Jan-2025 15:44:51 UTC] PHP Warning:  Undefined array key "cargoFuncionario" in /home/soluctem/sistema.soluctem.com.co/api/submit.php on line 72
[29-Jan-2025 15:44:51 UTC] PHP Warning:  Undefined array key "sapFuncionario" in /home/soluctem/sistema.soluctem.com.co/api/submit.php on line 73
[29-Jan-2025 15:44:51 UTC] PHP Warning:  Undefined array key "timestamp" in /home/soluctem/sistema.soluctem.com.co/api/submit.php on line 74
[29-Jan-2025 15:44:51 UTC] PHP Warning:  Undefined array key "asistenciaReparacion" in /home/soluctem/sistema.soluctem.com.co/api/submit.php on line 75
[29-Jan-2025 15:44:51 UTC] PHP Warning:  Undefined array key "asistenciaGarantia" in /home/soluctem/sistema.soluctem.com.co/api/submit.php on line 76
[29-Jan-2025 15:44:51 UTC] PHP Warning:  Undefined array key "asistenciaAjuste" in /home/soluctem/sistema.soluctem.com.co/api/submit.php on line 77
[29-Jan-2025 15:44:51 UTC] PHP Warning:  Undefined array key "asistenciaModificacion" in /home/soluctem/sistema.soluctem.com.co/api/submit.php on line 78
[29-Jan-2025 15:44:51 UTC] PHP Warning:  Undefined array key "asistenciaServicio" in /home/soluctem/sistema.soluctem.com.co/api/submit.php on line 79
[29-Jan-2025 15:44:51 UTC] PHP Warning:  Undefined array key "asistenciaMejora" in /home/soluctem/sistema.soluctem.com.co/api/submit.php on line 80
[29-Jan-2025 15:44:51 UTC] PHP Warning:  Undefined array key "asistenciaCombinacion" in /home/soluctem/sistema.soluctem.com.co/api/submit.php on line 81
[29-Jan-2025 15:44:51 UTC] PHP Warning:  Undefined array key "fallaOperacion" in /home/soluctem/sistema.soluctem.com.co/api/submit.php on line 82
[29-Jan-2025 15:44:51 UTC] PHP Warning:  Undefined array key "fallaMecanica" in /home/soluctem/sistema.soluctem.com.co/api/submit.php on line 83
[29-Jan-2025 15:44:51 UTC] PHP Warning:  Undefined array key "fallaElectrica" in /home/soluctem/sistema.soluctem.com.co/api/submit.php on line 84
[29-Jan-2025 15:44:51 UTC] PHP Warning:  Undefined array key "fallaTerceros" in /home/soluctem/sistema.soluctem.com.co/api/submit.php on line 85
[29-Jan-2025 15:44:51 UTC] PHP Warning:  Undefined array key "fallaFabricacion" in /home/soluctem/sistema.soluctem.com.co/api/submit.php on line 86
[29-Jan-2025 15:44:51 UTC] PHP Warning:  Undefined array key "firma_digital_cliente" in /home/soluctem/sistema.soluctem.com.co/api/submit.php on line 87
[29-Jan-2025 15:44:51 UTC] PHP Warning:  Undefined array key "firma_digital_tecnico" in /home/soluctem/sistema.soluctem.com.co/api/submit.php on line 88
[29-Jan-2025 15:46:01 UTC] PHP Warning:  Undefined array key "nombreSolicitante" in /home/soluctem/sistema.soluctem.com.co/api/submit.php on line 29
[29-Jan-2025 15:46:01 UTC] PHP Warning:  Undefined array key "cargo" in /home/soluctem/sistema.soluctem.com.co/api/submit.php on line 30
[29-Jan-2025 15:46:01 UTC] PHP Warning:  Undefined array key "nombreTienda" in /home/soluctem/sistema.soluctem.com.co/api/submit.php on line 31
[29-Jan-2025 15:46:01 UTC] PHP Warning:  Undefined array key "numeroTienda" in /home/soluctem/sistema.soluctem.com.co/api/submit.php on line 32
[29-Jan-2025 15:46:01 UTC] PHP Warning:  Undefined array key "numeroTicket" in /home/soluctem/sistema.soluctem.com.co/api/submit.php on line 33
[29-Jan-2025 15:46:01 UTC] PHP Warning:  Undefined array key "fecha" in /home/soluctem/sistema.soluctem.com.co/api/submit.php on line 34
[29-Jan-2025 15:46:01 UTC] PHP Warning:  Undefined array key "municipio" in /home/soluctem/sistema.soluctem.com.co/api/submit.php on line 35
[29-Jan-2025 15:46:01 UTC] PHP Warning:  Undefined array key "departamento" in /home/soluctem/sistema.soluctem.com.co/api/submit.php on line 36
[29-Jan-2025 15:46:01 UTC] PHP Warning:  Undefined array key "nombreEquipo" in /home/soluctem/sistema.soluctem.com.co/api/submit.php on line 37
[29-Jan-2025 15:46:01 UTC] PHP Warning:  Undefined array key "marca" in /home/soluctem/sistema.soluctem.com.co/api/submit.php on line 38
[29-Jan-2025 15:46:01 UTC] PHP Warning:  Undefined array key "serial" in /home/soluctem/sistema.soluctem.com.co/api/submit.php on line 39
[29-Jan-2025 15:46:01 UTC] PHP Warning:  Undefined array key "descripcionFalla" in /home/soluctem/sistema.soluctem.com.co/api/submit.php on line 40
[29-Jan-2025 15:46:01 UTC] PHP Warning:  Undefined array key "diagnosticoTecnico" in /home/soluctem/sistema.soluctem.com.co/api/submit.php on line 41
[29-Jan-2025 15:46:01 UTC] PHP Warning:  Undefined array key "repuestosCambiados" in /home/soluctem/sistema.soluctem.com.co/api/submit.php on line 42
[29-Jan-2025 15:46:01 UTC] PHP Warning:  Undefined array key "observaciones" in /home/soluctem/sistema.soluctem.com.co/api/submit.php on line 43
[29-Jan-2025 15:46:01 UTC] PHP Warning:  Undefined array key "seguridadRiesgoAccidentalidad" in /home/soluctem/sistema.soluctem.com.co/api/submit.php on line 44
[29-Jan-2025 15:46:01 UTC] PHP Warning:  Undefined array key "seguridadRiesgoEquipo" in /home/soluctem/sistema.soluctem.com.co/api/submit.php on line 45
[29-Jan-2025 15:46:01 UTC] PHP Warning:  Undefined array key "funcionamientoFallaSolucionada" in /home/soluctem/sistema.soluctem.com.co/api/submit.php on line 46
[29-Jan-2025 15:46:01 UTC] PHP Warning:  Undefined array key "funcionamientoPasosNormales" in /home/soluctem/sistema.soluctem.com.co/api/submit.php on line 47
[29-Jan-2025 15:46:01 UTC] PHP Warning:  Undefined array key "calidadTrabajo" in /home/soluctem/sistema.soluctem.com.co/api/submit.php on line 48
[29-Jan-2025 15:46:01 UTC] PHP Warning:  Undefined array key "limpiezaOrganizacionArmado" in /home/soluctem/sistema.soluctem.com.co/api/submit.php on line 49
[29-Jan-2025 15:46:01 UTC] PHP Warning:  Undefined array key "limpiezaOrganizacionAseado" in /home/soluctem/sistema.soluctem.com.co/api/submit.php on line 50
[29-Jan-2025 15:46:01 UTC] PHP Warning:  Undefined array key "capacitacionCausa" in /home/soluctem/sistema.soluctem.com.co/api/submit.php on line 51
[29-Jan-2025 15:46:01 UTC] PHP Warning:  Undefined array key "capacitacionPrevencion" in /home/soluctem/sistema.soluctem.com.co/api/submit.php on line 52
[29-Jan-2025 15:46:01 UTC] PHP Warning:  Undefined array key "capacitacionAccion" in /home/soluctem/sistema.soluctem.com.co/api/submit.php on line 53
[29-Jan-2025 15:46:01 UTC] PHP Warning:  Undefined array key "contratista1" in /home/soluctem/sistema.soluctem.com.co/api/submit.php on line 54
[29-Jan-2025 15:46:01 UTC] PHP Warning:  Undefined array key "cedula1" in /home/soluctem/sistema.soluctem.com.co/api/submit.php on line 55
[29-Jan-2025 15:46:01 UTC] PHP Warning:  Undefined array key "horaEntrada1" in /home/soluctem/sistema.soluctem.com.co/api/submit.php on line 56
[29-Jan-2025 15:46:01 UTC] PHP Warning:  Undefined array key "horaSalida1" in /home/soluctem/sistema.soluctem.com.co/api/submit.php on line 57
[29-Jan-2025 15:46:01 UTC] PHP Warning:  Undefined array key "contratista2" in /home/soluctem/sistema.soluctem.com.co/api/submit.php on line 58
[29-Jan-2025 15:46:01 UTC] PHP Warning:  Undefined array key "cedula2" in /home/soluctem/sistema.soluctem.com.co/api/submit.php on line 59
[29-Jan-2025 15:46:01 UTC] PHP Warning:  Undefined array key "horaEntrada2" in /home/soluctem/sistema.soluctem.com.co/api/submit.php on line 60
[29-Jan-2025 15:46:01 UTC] PHP Warning:  Undefined array key "horaSalida2" in /home/soluctem/sistema.soluctem.com.co/api/submit.php on line 61
[29-Jan-2025 15:46:01 UTC] PHP Warning:  Undefined array key "contratista3" in /home/soluctem/sistema.soluctem.com.co/api/submit.php on line 62
[29-Jan-2025 15:46:01 UTC] PHP Warning:  Undefined array key "cedula3" in /home/soluctem/sistema.soluctem.com.co/api/submit.php on line 63
[29-Jan-2025 15:46:01 UTC] PHP Warning:  Undefined array key "horaEntrada3" in /home/soluctem/sistema.soluctem.com.co/api/submit.php on line 64
[29-Jan-2025 15:46:01 UTC] PHP Warning:  Undefined array key "horaSalida3" in /home/soluctem/sistema.soluctem.com.co/api/submit.php on line 65
[29-Jan-2025 15:46:01 UTC] PHP Warning:  Undefined array key "contratista4" in /home/soluctem/sistema.soluctem.com.co/api/submit.php on line 66
[29-Jan-2025 15:46:01 UTC] PHP Warning:  Undefined array key "cedula4" in /home/soluctem/sistema.soluctem.com.co/api/submit.php on line 67
[29-Jan-2025 15:46:01 UTC] PHP Warning:  Undefined array key "horaEntrada4" in /home/soluctem/sistema.soluctem.com.co/api/submit.php on line 68
[29-Jan-2025 15:46:01 UTC] PHP Warning:  Undefined array key "horaSalida4" in /home/soluctem/sistema.soluctem.com.co/api/submit.php on line 69
[29-Jan-2025 15:46:01 UTC] PHP Warning:  Undefined array key "nombreFuncionario" in /home/soluctem/sistema.soluctem.com.co/api/submit.php on line 70
[29-Jan-2025 15:46:01 UTC] PHP Warning:  Undefined array key "cedulaFuncionario" in /home/soluctem/sistema.soluctem.com.co/api/submit.php on line 71
[29-Jan-2025 15:46:01 UTC] PHP Warning:  Undefined array key "cargoFuncionario" in /home/soluctem/sistema.soluctem.com.co/api/submit.php on line 72
[29-Jan-2025 15:46:01 UTC] PHP Warning:  Undefined array key "sapFuncionario" in /home/soluctem/sistema.soluctem.com.co/api/submit.php on line 73
[29-Jan-2025 15:46:01 UTC] PHP Warning:  Undefined array key "timestamp" in /home/soluctem/sistema.soluctem.com.co/api/submit.php on line 74
[29-Jan-2025 15:46:01 UTC] PHP Warning:  Undefined array key "asistenciaReparacion" in /home/soluctem/sistema.soluctem.com.co/api/submit.php on line 75
[29-Jan-2025 15:46:01 UTC] PHP Warning:  Undefined array key "asistenciaGarantia" in /home/soluctem/sistema.soluctem.com.co/api/submit.php on line 76
[29-Jan-2025 15:46:01 UTC] PHP Warning:  Undefined array key "asistenciaAjuste" in /home/soluctem/sistema.soluctem.com.co/api/submit.php on line 77
[29-Jan-2025 15:46:01 UTC] PHP Warning:  Undefined array key "asistenciaModificacion" in /home/soluctem/sistema.soluctem.com.co/api/submit.php on line 78
[29-Jan-2025 15:46:01 UTC] PHP Warning:  Undefined array key "asistenciaServicio" in /home/soluctem/sistema.soluctem.com.co/api/submit.php on line 79
[29-Jan-2025 15:46:01 UTC] PHP Warning:  Undefined array key "asistenciaMejora" in /home/soluctem/sistema.soluctem.com.co/api/submit.php on line 80
[29-Jan-2025 15:46:01 UTC] PHP Warning:  Undefined array key "asistenciaCombinacion" in /home/soluctem/sistema.soluctem.com.co/api/submit.php on line 81
[29-Jan-2025 15:46:01 UTC] PHP Warning:  Undefined array key "fallaOperacion" in /home/soluctem/sistema.soluctem.com.co/api/submit.php on line 82
[29-Jan-2025 15:46:01 UTC] PHP Warning:  Undefined array key "fallaMecanica" in /home/soluctem/sistema.soluctem.com.co/api/submit.php on line 83
[29-Jan-2025 15:46:01 UTC] PHP Warning:  Undefined array key "fallaElectrica" in /home/soluctem/sistema.soluctem.com.co/api/submit.php on line 84
[29-Jan-2025 15:46:01 UTC] PHP Warning:  Undefined array key "fallaTerceros" in /home/soluctem/sistema.soluctem.com.co/api/submit.php on line 85
[29-Jan-2025 15:46:01 UTC] PHP Warning:  Undefined array key "fallaFabricacion" in /home/soluctem/sistema.soluctem.com.co/api/submit.php on line 86
[29-Jan-2025 15:46:01 UTC] PHP Warning:  Undefined array key "firma_digital_cliente" in /home/soluctem/sistema.soluctem.com.co/api/submit.php on line 87
[29-Jan-2025 15:46:01 UTC] PHP Warning:  Undefined array key "firma_digital_tecnico" in /home/soluctem/sistema.soluctem.com.co/api/submit.php on line 88
[29-Jan-2025 15:46:55 UTC] PHP Warning:  Undefined array key "nombreSolicitante" in /home/soluctem/sistema.soluctem.com.co/api/submit.php on line 29
[29-Jan-2025 15:46:55 UTC] PHP Warning:  Undefined array key "cargo" in /home/soluctem/sistema.soluctem.com.co/api/submit.php on line 30
[29-Jan-2025 15:46:55 UTC] PHP Warning:  Undefined array key "nombreTienda" in /home/soluctem/sistema.soluctem.com.co/api/submit.php on line 31
[29-Jan-2025 15:46:55 UTC] PHP Warning:  Undefined array key "numeroTienda" in /home/soluctem/sistema.soluctem.com.co/api/submit.php on line 32
[29-Jan-2025 15:46:55 UTC] PHP Warning:  Undefined array key "numeroTicket" in /home/soluctem/sistema.soluctem.com.co/api/submit.php on line 33
[29-Jan-2025 15:46:55 UTC] PHP Warning:  Undefined array key "fecha" in /home/soluctem/sistema.soluctem.com.co/api/submit.php on line 34
[29-Jan-2025 15:46:55 UTC] PHP Warning:  Undefined array key "municipio" in /home/soluctem/sistema.soluctem.com.co/api/submit.php on line 35
[29-Jan-2025 15:46:55 UTC] PHP Warning:  Undefined array key "departamento" in /home/soluctem/sistema.soluctem.com.co/api/submit.php on line 36
[29-Jan-2025 15:46:55 UTC] PHP Warning:  Undefined array key "nombreEquipo" in /home/soluctem/sistema.soluctem.com.co/api/submit.php on line 37
[29-Jan-2025 15:46:55 UTC] PHP Warning:  Undefined array key "marca" in /home/soluctem/sistema.soluctem.com.co/api/submit.php on line 38
[29-Jan-2025 15:46:55 UTC] PHP Warning:  Undefined array key "serial" in /home/soluctem/sistema.soluctem.com.co/api/submit.php on line 39
[29-Jan-2025 15:46:55 UTC] PHP Warning:  Undefined array key "descripcionFalla" in /home/soluctem/sistema.soluctem.com.co/api/submit.php on line 40
[29-Jan-2025 15:46:55 UTC] PHP Warning:  Undefined array key "diagnosticoTecnico" in /home/soluctem/sistema.soluctem.com.co/api/submit.php on line 41
[29-Jan-2025 15:46:55 UTC] PHP Warning:  Undefined array key "repuestosCambiados" in /home/soluctem/sistema.soluctem.com.co/api/submit.php on line 42
[29-Jan-2025 15:46:55 UTC] PHP Warning:  Undefined array key "observaciones" in /home/soluctem/sistema.soluctem.com.co/api/submit.php on line 43
[29-Jan-2025 15:46:55 UTC] PHP Warning:  Undefined array key "seguridadRiesgoAccidentalidad" in /home/soluctem/sistema.soluctem.com.co/api/submit.php on line 44
[29-Jan-2025 15:46:55 UTC] PHP Warning:  Undefined array key "seguridadRiesgoEquipo" in /home/soluctem/sistema.soluctem.com.co/api/submit.php on line 45
[29-Jan-2025 15:46:55 UTC] PHP Warning:  Undefined array key "funcionamientoFallaSolucionada" in /home/soluctem/sistema.soluctem.com.co/api/submit.php on line 46
[29-Jan-2025 15:46:55 UTC] PHP Warning:  Undefined array key "funcionamientoPasosNormales" in /home/soluctem/sistema.soluctem.com.co/api/submit.php on line 47
[29-Jan-2025 15:46:55 UTC] PHP Warning:  Undefined array key "calidadTrabajo" in /home/soluctem/sistema.soluctem.com.co/api/submit.php on line 48
[29-Jan-2025 15:46:55 UTC] PHP Warning:  Undefined array key "limpiezaOrganizacionArmado" in /home/soluctem/sistema.soluctem.com.co/api/submit.php on line 49
[29-Jan-2025 15:46:55 UTC] PHP Warning:  Undefined array key "limpiezaOrganizacionAseado" in /home/soluctem/sistema.soluctem.com.co/api/submit.php on line 50
[29-Jan-2025 15:46:55 UTC] PHP Warning:  Undefined array key "capacitacionCausa" in /home/soluctem/sistema.soluctem.com.co/api/submit.php on line 51
[29-Jan-2025 15:46:55 UTC] PHP Warning:  Undefined array key "capacitacionPrevencion" in /home/soluctem/sistema.soluctem.com.co/api/submit.php on line 52
[29-Jan-2025 15:46:55 UTC] PHP Warning:  Undefined array key "capacitacionAccion" in /home/soluctem/sistema.soluctem.com.co/api/submit.php on line 53
[29-Jan-2025 15:46:55 UTC] PHP Warning:  Undefined array key "contratista1" in /home/soluctem/sistema.soluctem.com.co/api/submit.php on line 54
[29-Jan-2025 15:46:55 UTC] PHP Warning:  Undefined array key "cedula1" in /home/soluctem/sistema.soluctem.com.co/api/submit.php on line 55
[29-Jan-2025 15:46:55 UTC] PHP Warning:  Undefined array key "horaEntrada1" in /home/soluctem/sistema.soluctem.com.co/api/submit.php on line 56
[29-Jan-2025 15:46:55 UTC] PHP Warning:  Undefined array key "horaSalida1" in /home/soluctem/sistema.soluctem.com.co/api/submit.php on line 57
[29-Jan-2025 15:46:55 UTC] PHP Warning:  Undefined array key "contratista2" in /home/soluctem/sistema.soluctem.com.co/api/submit.php on line 58
[29-Jan-2025 15:46:55 UTC] PHP Warning:  Undefined array key "cedula2" in /home/soluctem/sistema.soluctem.com.co/api/submit.php on line 59
[29-Jan-2025 15:46:55 UTC] PHP Warning:  Undefined array key "horaEntrada2" in /home/soluctem/sistema.soluctem.com.co/api/submit.php on line 60
[29-Jan-2025 15:46:55 UTC] PHP Warning:  Undefined array key "horaSalida2" in /home/soluctem/sistema.soluctem.com.co/api/submit.php on line 61
[29-Jan-2025 15:46:55 UTC] PHP Warning:  Undefined array key "contratista3" in /home/soluctem/sistema.soluctem.com.co/api/submit.php on line 62
[29-Jan-2025 15:46:55 UTC] PHP Warning:  Undefined array key "cedula3" in /home/soluctem/sistema.soluctem.com.co/api/submit.php on line 63
[29-Jan-2025 15:46:55 UTC] PHP Warning:  Undefined array key "horaEntrada3" in /home/soluctem/sistema.soluctem.com.co/api/submit.php on line 64
[29-Jan-2025 15:46:55 UTC] PHP Warning:  Undefined array key "horaSalida3" in /home/soluctem/sistema.soluctem.com.co/api/submit.php on line 65
[29-Jan-2025 15:46:55 UTC] PHP Warning:  Undefined array key "contratista4" in /home/soluctem/sistema.soluctem.com.co/api/submit.php on line 66
[29-Jan-2025 15:46:55 UTC] PHP Warning:  Undefined array key "cedula4" in /home/soluctem/sistema.soluctem.com.co/api/submit.php on line 67
[29-Jan-2025 15:46:55 UTC] PHP Warning:  Undefined array key "horaEntrada4" in /home/soluctem/sistema.soluctem.com.co/api/submit.php on line 68
[29-Jan-2025 15:46:55 UTC] PHP Warning:  Undefined array key "horaSalida4" in /home/soluctem/sistema.soluctem.com.co/api/submit.php on line 69
[29-Jan-2025 15:46:55 UTC] PHP Warning:  Undefined array key "nombreFuncionario" in /home/soluctem/sistema.soluctem.com.co/api/submit.php on line 70
[29-Jan-2025 15:46:55 UTC] PHP Warning:  Undefined array key "cedulaFuncionario" in /home/soluctem/sistema.soluctem.com.co/api/submit.php on line 71
[29-Jan-2025 15:46:55 UTC] PHP Warning:  Undefined array key "cargoFuncionario" in /home/soluctem/sistema.soluctem.com.co/api/submit.php on line 72
[29-Jan-2025 15:46:55 UTC] PHP Warning:  Undefined array key "sapFuncionario" in /home/soluctem/sistema.soluctem.com.co/api/submit.php on line 73
[29-Jan-2025 15:46:55 UTC] PHP Warning:  Undefined array key "timestamp" in /home/soluctem/sistema.soluctem.com.co/api/submit.php on line 74
[29-Jan-2025 15:46:55 UTC] PHP Warning:  Undefined array key "asistenciaReparacion" in /home/soluctem/sistema.soluctem.com.co/api/submit.php on line 75
[29-Jan-2025 15:46:55 UTC] PHP Warning:  Undefined array key "asistenciaGarantia" in /home/soluctem/sistema.soluctem.com.co/api/submit.php on line 76
[29-Jan-2025 15:46:55 UTC] PHP Warning:  Undefined array key "asistenciaAjuste" in /home/soluctem/sistema.soluctem.com.co/api/submit.php on line 77
[29-Jan-2025 15:46:55 UTC] PHP Warning:  Undefined array key "asistenciaModificacion" in /home/soluctem/sistema.soluctem.com.co/api/submit.php on line 78
[29-Jan-2025 15:46:55 UTC] PHP Warning:  Undefined array key "asistenciaServicio" in /home/soluctem/sistema.soluctem.com.co/api/submit.php on line 79
[29-Jan-2025 15:46:55 UTC] PHP Warning:  Undefined array key "asistenciaMejora" in /home/soluctem/sistema.soluctem.com.co/api/submit.php on line 80
[29-Jan-2025 15:46:55 UTC] PHP Warning:  Undefined array key "asistenciaCombinacion" in /home/soluctem/sistema.soluctem.com.co/api/submit.php on line 81
[29-Jan-2025 15:46:55 UTC] PHP Warning:  Undefined array key "fallaOperacion" in /home/soluctem/sistema.soluctem.com.co/api/submit.php on line 82
[29-Jan-2025 15:46:55 UTC] PHP Warning:  Undefined array key "fallaMecanica" in /home/soluctem/sistema.soluctem.com.co/api/submit.php on line 83
[29-Jan-2025 15:46:55 UTC] PHP Warning:  Undefined array key "fallaElectrica" in /home/soluctem/sistema.soluctem.com.co/api/submit.php on line 84
[29-Jan-2025 15:46:55 UTC] PHP Warning:  Undefined array key "fallaTerceros" in /home/soluctem/sistema.soluctem.com.co/api/submit.php on line 85
[29-Jan-2025 15:46:55 UTC] PHP Warning:  Undefined array key "fallaFabricacion" in /home/soluctem/sistema.soluctem.com.co/api/submit.php on line 86
[29-Jan-2025 15:46:55 UTC] PHP Warning:  Undefined array key "firma_digital_cliente" in /home/soluctem/sistema.soluctem.com.co/api/submit.php on line 87
[29-Jan-2025 15:46:55 UTC] PHP Warning:  Undefined array key "firma_digital_tecnico" in /home/soluctem/sistema.soluctem.com.co/api/submit.php on line 88
[29-Jan-2025 15:47:07 UTC] PHP Warning:  Undefined array key "nombreSolicitante" in /home/soluctem/sistema.soluctem.com.co/api/submit.php on line 29
[29-Jan-2025 15:47:07 UTC] PHP Warning:  Undefined array key "cargo" in /home/soluctem/sistema.soluctem.com.co/api/submit.php on line 30
[29-Jan-2025 15:47:07 UTC] PHP Warning:  Undefined array key "nombreTienda" in /home/soluctem/sistema.soluctem.com.co/api/submit.php on line 31
[29-Jan-2025 15:47:07 UTC] PHP Warning:  Undefined array key "numeroTienda" in /home/soluctem/sistema.soluctem.com.co/api/submit.php on line 32
[29-Jan-2025 15:47:07 UTC] PHP Warning:  Undefined array key "numeroTicket" in /home/soluctem/sistema.soluctem.com.co/api/submit.php on line 33
[29-Jan-2025 15:47:07 UTC] PHP Warning:  Undefined array key "fecha" in /home/soluctem/sistema.soluctem.com.co/api/submit.php on line 34
[29-Jan-2025 15:47:07 UTC] PHP Warning:  Undefined array key "municipio" in /home/soluctem/sistema.soluctem.com.co/api/submit.php on line 35
[29-Jan-2025 15:47:07 UTC] PHP Warning:  Undefined array key "departamento" in /home/soluctem/sistema.soluctem.com.co/api/submit.php on line 36
[29-Jan-2025 15:47:07 UTC] PHP Warning:  Undefined array key "nombreEquipo" in /home/soluctem/sistema.soluctem.com.co/api/submit.php on line 37
[29-Jan-2025 15:47:07 UTC] PHP Warning:  Undefined array key "marca" in /home/soluctem/sistema.soluctem.com.co/api/submit.php on line 38
[29-Jan-2025 15:47:07 UTC] PHP Warning:  Undefined array key "serial" in /home/soluctem/sistema.soluctem.com.co/api/submit.php on line 39
[29-Jan-2025 15:47:07 UTC] PHP Warning:  Undefined array key "descripcionFalla" in /home/soluctem/sistema.soluctem.com.co/api/submit.php on line 40
[29-Jan-2025 15:47:07 UTC] PHP Warning:  Undefined array key "diagnosticoTecnico" in /home/soluctem/sistema.soluctem.com.co/api/submit.php on line 41
[29-Jan-2025 15:47:07 UTC] PHP Warning:  Undefined array key "repuestosCambiados" in /home/soluctem/sistema.soluctem.com.co/api/submit.php on line 42
[29-Jan-2025 15:47:07 UTC] PHP Warning:  Undefined array key "observaciones" in /home/soluctem/sistema.soluctem.com.co/api/submit.php on line 43
[29-Jan-2025 15:47:07 UTC] PHP Warning:  Undefined array key "seguridadRiesgoAccidentalidad" in /home/soluctem/sistema.soluctem.com.co/api/submit.php on line 44
[29-Jan-2025 15:47:07 UTC] PHP Warning:  Undefined array key "seguridadRiesgoEquipo" in /home/soluctem/sistema.soluctem.com.co/api/submit.php on line 45
[29-Jan-2025 15:47:07 UTC] PHP Warning:  Undefined array key "funcionamientoFallaSolucionada" in /home/soluctem/sistema.soluctem.com.co/api/submit.php on line 46
[29-Jan-2025 15:47:07 UTC] PHP Warning:  Undefined array key "funcionamientoPasosNormales" in /home/soluctem/sistema.soluctem.com.co/api/submit.php on line 47
[29-Jan-2025 15:47:07 UTC] PHP Warning:  Undefined array key "calidadTrabajo" in /home/soluctem/sistema.soluctem.com.co/api/submit.php on line 48
[29-Jan-2025 15:47:07 UTC] PHP Warning:  Undefined array key "limpiezaOrganizacionArmado" in /home/soluctem/sistema.soluctem.com.co/api/submit.php on line 49
[29-Jan-2025 15:47:07 UTC] PHP Warning:  Undefined array key "limpiezaOrganizacionAseado" in /home/soluctem/sistema.soluctem.com.co/api/submit.php on line 50
[29-Jan-2025 15:47:07 UTC] PHP Warning:  Undefined array key "capacitacionCausa" in /home/soluctem/sistema.soluctem.com.co/api/submit.php on line 51
[29-Jan-2025 15:47:07 UTC] PHP Warning:  Undefined array key "capacitacionPrevencion" in /home/soluctem/sistema.soluctem.com.co/api/submit.php on line 52
[29-Jan-2025 15:47:07 UTC] PHP Warning:  Undefined array key "capacitacionAccion" in /home/soluctem/sistema.soluctem.com.co/api/submit.php on line 53
[29-Jan-2025 15:47:07 UTC] PHP Warning:  Undefined array key "contratista1" in /home/soluctem/sistema.soluctem.com.co/api/submit.php on line 54
[29-Jan-2025 15:47:07 UTC] PHP Warning:  Undefined array key "cedula1" in /home/soluctem/sistema.soluctem.com.co/api/submit.php on line 55
[29-Jan-2025 15:47:07 UTC] PHP Warning:  Undefined array key "horaEntrada1" in /home/soluctem/sistema.soluctem.com.co/api/submit.php on line 56
[29-Jan-2025 15:47:07 UTC] PHP Warning:  Undefined array key "horaSalida1" in /home/soluctem/sistema.soluctem.com.co/api/submit.php on line 57
[29-Jan-2025 15:47:07 UTC] PHP Warning:  Undefined array key "contratista2" in /home/soluctem/sistema.soluctem.com.co/api/submit.php on line 58
[29-Jan-2025 15:47:07 UTC] PHP Warning:  Undefined array key "cedula2" in /home/soluctem/sistema.soluctem.com.co/api/submit.php on line 59
[29-Jan-2025 15:47:07 UTC] PHP Warning:  Undefined array key "horaEntrada2" in /home/soluctem/sistema.soluctem.com.co/api/submit.php on line 60
[29-Jan-2025 15:47:07 UTC] PHP Warning:  Undefined array key "horaSalida2" in /home/soluctem/sistema.soluctem.com.co/api/submit.php on line 61
[29-Jan-2025 15:47:07 UTC] PHP Warning:  Undefined array key "contratista3" in /home/soluctem/sistema.soluctem.com.co/api/submit.php on line 62
[29-Jan-2025 15:47:07 UTC] PHP Warning:  Undefined array key "cedula3" in /home/soluctem/sistema.soluctem.com.co/api/submit.php on line 63
[29-Jan-2025 15:47:07 UTC] PHP Warning:  Undefined array key "horaEntrada3" in /home/soluctem/sistema.soluctem.com.co/api/submit.php on line 64
[29-Jan-2025 15:47:07 UTC] PHP Warning:  Undefined array key "horaSalida3" in /home/soluctem/sistema.soluctem.com.co/api/submit.php on line 65
[29-Jan-2025 15:47:07 UTC] PHP Warning:  Undefined array key "contratista4" in /home/soluctem/sistema.soluctem.com.co/api/submit.php on line 66
[29-Jan-2025 15:47:07 UTC] PHP Warning:  Undefined array key "cedula4" in /home/soluctem/sistema.soluctem.com.co/api/submit.php on line 67
[29-Jan-2025 15:47:07 UTC] PHP Warning:  Undefined array key "horaEntrada4" in /home/soluctem/sistema.soluctem.com.co/api/submit.php on line 68
[29-Jan-2025 15:47:07 UTC] PHP Warning:  Undefined array key "horaSalida4" in /home/soluctem/sistema.soluctem.com.co/api/submit.php on line 69
[29-Jan-2025 15:47:07 UTC] PHP Warning:  Undefined array key "nombreFuncionario" in /home/soluctem/sistema.soluctem.com.co/api/submit.php on line 70
[29-Jan-2025 15:47:07 UTC] PHP Warning:  Undefined array key "cedulaFuncionario" in /home/soluctem/sistema.soluctem.com.co/api/submit.php on line 71
[29-Jan-2025 15:47:07 UTC] PHP Warning:  Undefined array key "cargoFuncionario" in /home/soluctem/sistema.soluctem.com.co/api/submit.php on line 72
[29-Jan-2025 15:47:07 UTC] PHP Warning:  Undefined array key "sapFuncionario" in /home/soluctem/sistema.soluctem.com.co/api/submit.php on line 73
[29-Jan-2025 15:47:07 UTC] PHP Warning:  Undefined array key "timestamp" in /home/soluctem/sistema.soluctem.com.co/api/submit.php on line 74
[29-Jan-2025 15:47:07 UTC] PHP Warning:  Undefined array key "asistenciaReparacion" in /home/soluctem/sistema.soluctem.com.co/api/submit.php on line 75
[29-Jan-2025 15:47:07 UTC] PHP Warning:  Undefined array key "asistenciaGarantia" in /home/soluctem/sistema.soluctem.com.co/api/submit.php on line 76
[29-Jan-2025 15:47:07 UTC] PHP Warning:  Undefined array key "asistenciaAjuste" in /home/soluctem/sistema.soluctem.com.co/api/submit.php on line 77
[29-Jan-2025 15:47:07 UTC] PHP Warning:  Undefined array key "asistenciaModificacion" in /home/soluctem/sistema.soluctem.com.co/api/submit.php on line 78
[29-Jan-2025 15:47:07 UTC] PHP Warning:  Undefined array key "asistenciaServicio" in /home/soluctem/sistema.soluctem.com.co/api/submit.php on line 79
[29-Jan-2025 15:47:07 UTC] PHP Warning:  Undefined array key "asistenciaMejora" in /home/soluctem/sistema.soluctem.com.co/api/submit.php on line 80
[29-Jan-2025 15:47:07 UTC] PHP Warning:  Undefined array key "asistenciaCombinacion" in /home/soluctem/sistema.soluctem.com.co/api/submit.php on line 81
[29-Jan-2025 15:47:07 UTC] PHP Warning:  Undefined array key "fallaOperacion" in /home/soluctem/sistema.soluctem.com.co/api/submit.php on line 82
[29-Jan-2025 15:47:07 UTC] PHP Warning:  Undefined array key "fallaMecanica" in /home/soluctem/sistema.soluctem.com.co/api/submit.php on line 83
[29-Jan-2025 15:47:07 UTC] PHP Warning:  Undefined array key "fallaElectrica" in /home/soluctem/sistema.soluctem.com.co/api/submit.php on line 84
[29-Jan-2025 15:47:07 UTC] PHP Warning:  Undefined array key "fallaTerceros" in /home/soluctem/sistema.soluctem.com.co/api/submit.php on line 85
[29-Jan-2025 15:47:07 UTC] PHP Warning:  Undefined array key "fallaFabricacion" in /home/soluctem/sistema.soluctem.com.co/api/submit.php on line 86
[29-Jan-2025 15:47:07 UTC] PHP Warning:  Undefined array key "firma_digital_cliente" in /home/soluctem/sistema.soluctem.com.co/api/submit.php on line 87
[29-Jan-2025 15:47:07 UTC] PHP Warning:  Undefined array key "firma_digital_tecnico" in /home/soluctem/sistema.soluctem.com.co/api/submit.php on line 88
[29-Jan-2025 15:47:30 UTC] PHP Warning:  Undefined array key "nombreSolicitante" in /home/soluctem/sistema.soluctem.com.co/api/submit.php on line 29
[29-Jan-2025 15:47:30 UTC] PHP Warning:  Undefined array key "cargo" in /home/soluctem/sistema.soluctem.com.co/api/submit.php on line 30
[29-Jan-2025 15:47:30 UTC] PHP Warning:  Undefined array key "nombreTienda" in /home/soluctem/sistema.soluctem.com.co/api/submit.php on line 31
[29-Jan-2025 15:47:30 UTC] PHP Warning:  Undefined array key "numeroTienda" in /home/soluctem/sistema.soluctem.com.co/api/submit.php on line 32
[29-Jan-2025 15:47:30 UTC] PHP Warning:  Undefined array key "numeroTicket" in /home/soluctem/sistema.soluctem.com.co/api/submit.php on line 33
[29-Jan-2025 15:47:30 UTC] PHP Warning:  Undefined array key "fecha" in /home/soluctem/sistema.soluctem.com.co/api/submit.php on line 34
[29-Jan-2025 15:47:30 UTC] PHP Warning:  Undefined array key "municipio" in /home/soluctem/sistema.soluctem.com.co/api/submit.php on line 35
[29-Jan-2025 15:47:30 UTC] PHP Warning:  Undefined array key "departamento" in /home/soluctem/sistema.soluctem.com.co/api/submit.php on line 36
[29-Jan-2025 15:47:30 UTC] PHP Warning:  Undefined array key "nombreEquipo" in /home/soluctem/sistema.soluctem.com.co/api/submit.php on line 37
[29-Jan-2025 15:47:30 UTC] PHP Warning:  Undefined array key "marca" in /home/soluctem/sistema.soluctem.com.co/api/submit.php on line 38
[29-Jan-2025 15:47:30 UTC] PHP Warning:  Undefined array key "serial" in /home/soluctem/sistema.soluctem.com.co/api/submit.php on line 39
[29-Jan-2025 15:47:30 UTC] PHP Warning:  Undefined array key "descripcionFalla" in /home/soluctem/sistema.soluctem.com.co/api/submit.php on line 40
[29-Jan-2025 15:47:30 UTC] PHP Warning:  Undefined array key "diagnosticoTecnico" in /home/soluctem/sistema.soluctem.com.co/api/submit.php on line 41
[29-Jan-2025 15:47:30 UTC] PHP Warning:  Undefined array key "repuestosCambiados" in /home/soluctem/sistema.soluctem.com.co/api/submit.php on line 42
[29-Jan-2025 15:47:30 UTC] PHP Warning:  Undefined array key "observaciones" in /home/soluctem/sistema.soluctem.com.co/api/submit.php on line 43
[29-Jan-2025 15:47:30 UTC] PHP Warning:  Undefined array key "seguridadRiesgoAccidentalidad" in /home/soluctem/sistema.soluctem.com.co/api/submit.php on line 44
[29-Jan-2025 15:47:30 UTC] PHP Warning:  Undefined array key "seguridadRiesgoEquipo" in /home/soluctem/sistema.soluctem.com.co/api/submit.php on line 45
[29-Jan-2025 15:47:30 UTC] PHP Warning:  Undefined array key "funcionamientoFallaSolucionada" in /home/soluctem/sistema.soluctem.com.co/api/submit.php on line 46
[29-Jan-2025 15:47:30 UTC] PHP Warning:  Undefined array key "funcionamientoPasosNormales" in /home/soluctem/sistema.soluctem.com.co/api/submit.php on line 47
[29-Jan-2025 15:47:30 UTC] PHP Warning:  Undefined array key "calidadTrabajo" in /home/soluctem/sistema.soluctem.com.co/api/submit.php on line 48
[29-Jan-2025 15:47:30 UTC] PHP Warning:  Undefined array key "limpiezaOrganizacionArmado" in /home/soluctem/sistema.soluctem.com.co/api/submit.php on line 49
[29-Jan-2025 15:47:30 UTC] PHP Warning:  Undefined array key "limpiezaOrganizacionAseado" in /home/soluctem/sistema.soluctem.com.co/api/submit.php on line 50
[29-Jan-2025 15:47:30 UTC] PHP Warning:  Undefined array key "capacitacionCausa" in /home/soluctem/sistema.soluctem.com.co/api/submit.php on line 51
[29-Jan-2025 15:47:30 UTC] PHP Warning:  Undefined array key "capacitacionPrevencion" in /home/soluctem/sistema.soluctem.com.co/api/submit.php on line 52
[29-Jan-2025 15:47:30 UTC] PHP Warning:  Undefined array key "capacitacionAccion" in /home/soluctem/sistema.soluctem.com.co/api/submit.php on line 53
[29-Jan-2025 15:47:30 UTC] PHP Warning:  Undefined array key "contratista1" in /home/soluctem/sistema.soluctem.com.co/api/submit.php on line 54
[29-Jan-2025 15:47:30 UTC] PHP Warning:  Undefined array key "cedula1" in /home/soluctem/sistema.soluctem.com.co/api/submit.php on line 55
[29-Jan-2025 15:47:30 UTC] PHP Warning:  Undefined array key "horaEntrada1" in /home/soluctem/sistema.soluctem.com.co/api/submit.php on line 56
[29-Jan-2025 15:47:30 UTC] PHP Warning:  Undefined array key "horaSalida1" in /home/soluctem/sistema.soluctem.com.co/api/submit.php on line 57
[29-Jan-2025 15:47:30 UTC] PHP Warning:  Undefined array key "contratista2" in /home/soluctem/sistema.soluctem.com.co/api/submit.php on line 58
[29-Jan-2025 15:47:30 UTC] PHP Warning:  Undefined array key "cedula2" in /home/soluctem/sistema.soluctem.com.co/api/submit.php on line 59
[29-Jan-2025 15:47:30 UTC] PHP Warning:  Undefined array key "horaEntrada2" in /home/soluctem/sistema.soluctem.com.co/api/submit.php on line 60
[29-Jan-2025 15:47:30 UTC] PHP Warning:  Undefined array key "horaSalida2" in /home/soluctem/sistema.soluctem.com.co/api/submit.php on line 61
[29-Jan-2025 15:47:30 UTC] PHP Warning:  Undefined array key "contratista3" in /home/soluctem/sistema.soluctem.com.co/api/submit.php on line 62
[29-Jan-2025 15:47:30 UTC] PHP Warning:  Undefined array key "cedula3" in /home/soluctem/sistema.soluctem.com.co/api/submit.php on line 63
[29-Jan-2025 15:47:30 UTC] PHP Warning:  Undefined array key "horaEntrada3" in /home/soluctem/sistema.soluctem.com.co/api/submit.php on line 64
[29-Jan-2025 15:47:30 UTC] PHP Warning:  Undefined array key "horaSalida3" in /home/soluctem/sistema.soluctem.com.co/api/submit.php on line 65
[29-Jan-2025 15:47:30 UTC] PHP Warning:  Undefined array key "contratista4" in /home/soluctem/sistema.soluctem.com.co/api/submit.php on line 66
[29-Jan-2025 15:47:30 UTC] PHP Warning:  Undefined array key "cedula4" in /home/soluctem/sistema.soluctem.com.co/api/submit.php on line 67
[29-Jan-2025 15:47:30 UTC] PHP Warning:  Undefined array key "horaEntrada4" in /home/soluctem/sistema.soluctem.com.co/api/submit.php on line 68
[29-Jan-2025 15:47:30 UTC] PHP Warning:  Undefined array key "horaSalida4" in /home/soluctem/sistema.soluctem.com.co/api/submit.php on line 69
[29-Jan-2025 15:47:30 UTC] PHP Warning:  Undefined array key "nombreFuncionario" in /home/soluctem/sistema.soluctem.com.co/api/submit.php on line 70
[29-Jan-2025 15:47:30 UTC] PHP Warning:  Undefined array key "cedulaFuncionario" in /home/soluctem/sistema.soluctem.com.co/api/submit.php on line 71
[29-Jan-2025 15:47:30 UTC] PHP Warning:  Undefined array key "cargoFuncionario" in /home/soluctem/sistema.soluctem.com.co/api/submit.php on line 72
[29-Jan-2025 15:47:30 UTC] PHP Warning:  Undefined array key "sapFuncionario" in /home/soluctem/sistema.soluctem.com.co/api/submit.php on line 73
[29-Jan-2025 15:47:30 UTC] PHP Warning:  Undefined array key "timestamp" in /home/soluctem/sistema.soluctem.com.co/api/submit.php on line 74
[29-Jan-2025 15:47:30 UTC] PHP Warning:  Undefined array key "asistenciaReparacion" in /home/soluctem/sistema.soluctem.com.co/api/submit.php on line 75
[29-Jan-2025 15:47:30 UTC] PHP Warning:  Undefined array key "asistenciaGarantia" in /home/soluctem/sistema.soluctem.com.co/api/submit.php on line 76
[29-Jan-2025 15:47:30 UTC] PHP Warning:  Undefined array key "asistenciaAjuste" in /home/soluctem/sistema.soluctem.com.co/api/submit.php on line 77
[29-Jan-2025 15:47:30 UTC] PHP Warning:  Undefined array key "asistenciaModificacion" in /home/soluctem/sistema.soluctem.com.co/api/submit.php on line 78
[29-Jan-2025 15:47:30 UTC] PHP Warning:  Undefined array key "asistenciaServicio" in /home/soluctem/sistema.soluctem.com.co/api/submit.php on line 79
[29-Jan-2025 15:47:30 UTC] PHP Warning:  Undefined array key "asistenciaMejora" in /home/soluctem/sistema.soluctem.com.co/api/submit.php on line 80
[29-Jan-2025 15:47:30 UTC] PHP Warning:  Undefined array key "asistenciaCombinacion" in /home/soluctem/sistema.soluctem.com.co/api/submit.php on line 81
[29-Jan-2025 15:47:30 UTC] PHP Warning:  Undefined array key "fallaOperacion" in /home/soluctem/sistema.soluctem.com.co/api/submit.php on line 82
[29-Jan-2025 15:47:30 UTC] PHP Warning:  Undefined array key "fallaMecanica" in /home/soluctem/sistema.soluctem.com.co/api/submit.php on line 83
[29-Jan-2025 15:47:30 UTC] PHP Warning:  Undefined array key "fallaElectrica" in /home/soluctem/sistema.soluctem.com.co/api/submit.php on line 84
[29-Jan-2025 15:47:30 UTC] PHP Warning:  Undefined array key "fallaTerceros" in /home/soluctem/sistema.soluctem.com.co/api/submit.php on line 85
[29-Jan-2025 15:47:30 UTC] PHP Warning:  Undefined array key "fallaFabricacion" in /home/soluctem/sistema.soluctem.com.co/api/submit.php on line 86
[29-Jan-2025 15:47:30 UTC] PHP Warning:  Undefined array key "firma_digital_cliente" in /home/soluctem/sistema.soluctem.com.co/api/submit.php on line 87
[29-Jan-2025 15:47:30 UTC] PHP Warning:  Undefined array key "firma_digital_tecnico" in /home/soluctem/sistema.soluctem.com.co/api/submit.php on line 88
[29-Jan-2025 16:00:05 UTC] PHP Warning:  Undefined array key "nombreSolicitante" in /home/soluctem/sistema.soluctem.com.co/api/submit.php on line 29
[29-Jan-2025 16:00:05 UTC] PHP Warning:  Undefined array key "cargo" in /home/soluctem/sistema.soluctem.com.co/api/submit.php on line 30
[29-Jan-2025 16:00:05 UTC] PHP Warning:  Undefined array key "nombreTienda" in /home/soluctem/sistema.soluctem.com.co/api/submit.php on line 31
[29-Jan-2025 16:00:05 UTC] PHP Warning:  Undefined array key "numeroTienda" in /home/soluctem/sistema.soluctem.com.co/api/submit.php on line 32
[29-Jan-2025 16:00:05 UTC] PHP Warning:  Undefined array key "numeroTicket" in /home/soluctem/sistema.soluctem.com.co/api/submit.php on line 33
[29-Jan-2025 16:00:05 UTC] PHP Warning:  Undefined array key "fecha" in /home/soluctem/sistema.soluctem.com.co/api/submit.php on line 34
[29-Jan-2025 16:00:05 UTC] PHP Warning:  Undefined array key "municipio" in /home/soluctem/sistema.soluctem.com.co/api/submit.php on line 35
[29-Jan-2025 16:00:05 UTC] PHP Warning:  Undefined array key "departamento" in /home/soluctem/sistema.soluctem.com.co/api/submit.php on line 36
[29-Jan-2025 16:00:05 UTC] PHP Warning:  Undefined array key "nombreEquipo" in /home/soluctem/sistema.soluctem.com.co/api/submit.php on line 37
[29-Jan-2025 16:00:05 UTC] PHP Warning:  Undefined array key "marca" in /home/soluctem/sistema.soluctem.com.co/api/submit.php on line 38
[29-Jan-2025 16:00:05 UTC] PHP Warning:  Undefined array key "serial" in /home/soluctem/sistema.soluctem.com.co/api/submit.php on line 39
[29-Jan-2025 16:00:05 UTC] PHP Warning:  Undefined array key "descripcionFalla" in /home/soluctem/sistema.soluctem.com.co/api/submit.php on line 40
[29-Jan-2025 16:00:05 UTC] PHP Warning:  Undefined array key "diagnosticoTecnico" in /home/soluctem/sistema.soluctem.com.co/api/submit.php on line 41
[29-Jan-2025 16:00:05 UTC] PHP Warning:  Undefined array key "repuestosCambiados" in /home/soluctem/sistema.soluctem.com.co/api/submit.php on line 42
[29-Jan-2025 16:00:05 UTC] PHP Warning:  Undefined array key "observaciones" in /home/soluctem/sistema.soluctem.com.co/api/submit.php on line 43
[29-Jan-2025 16:00:05 UTC] PHP Warning:  Undefined array key "seguridadRiesgoAccidentalidad" in /home/soluctem/sistema.soluctem.com.co/api/submit.php on line 44
[29-Jan-2025 16:00:05 UTC] PHP Warning:  Undefined array key "seguridadRiesgoEquipo" in /home/soluctem/sistema.soluctem.com.co/api/submit.php on line 45
[29-Jan-2025 16:00:05 UTC] PHP Warning:  Undefined array key "funcionamientoFallaSolucionada" in /home/soluctem/sistema.soluctem.com.co/api/submit.php on line 46
[29-Jan-2025 16:00:05 UTC] PHP Warning:  Undefined array key "funcionamientoPasosNormales" in /home/soluctem/sistema.soluctem.com.co/api/submit.php on line 47
[29-Jan-2025 16:00:05 UTC] PHP Warning:  Undefined array key "calidadTrabajo" in /home/soluctem/sistema.soluctem.com.co/api/submit.php on line 48
[29-Jan-2025 16:00:05 UTC] PHP Warning:  Undefined array key "limpiezaOrganizacionArmado" in /home/soluctem/sistema.soluctem.com.co/api/submit.php on line 49
[29-Jan-2025 16:00:05 UTC] PHP Warning:  Undefined array key "limpiezaOrganizacionAseado" in /home/soluctem/sistema.soluctem.com.co/api/submit.php on line 50
[29-Jan-2025 16:00:05 UTC] PHP Warning:  Undefined array key "capacitacionCausa" in /home/soluctem/sistema.soluctem.com.co/api/submit.php on line 51
[29-Jan-2025 16:00:05 UTC] PHP Warning:  Undefined array key "capacitacionPrevencion" in /home/soluctem/sistema.soluctem.com.co/api/submit.php on line 52
[29-Jan-2025 16:00:05 UTC] PHP Warning:  Undefined array key "capacitacionAccion" in /home/soluctem/sistema.soluctem.com.co/api/submit.php on line 53
[29-Jan-2025 16:00:05 UTC] PHP Warning:  Undefined array key "contratista1" in /home/soluctem/sistema.soluctem.com.co/api/submit.php on line 54
[29-Jan-2025 16:00:05 UTC] PHP Warning:  Undefined array key "cedula1" in /home/soluctem/sistema.soluctem.com.co/api/submit.php on line 55
[29-Jan-2025 16:00:05 UTC] PHP Warning:  Undefined array key "horaEntrada1" in /home/soluctem/sistema.soluctem.com.co/api/submit.php on line 56
[29-Jan-2025 16:00:05 UTC] PHP Warning:  Undefined array key "horaSalida1" in /home/soluctem/sistema.soluctem.com.co/api/submit.php on line 57
[29-Jan-2025 16:00:05 UTC] PHP Warning:  Undefined array key "contratista2" in /home/soluctem/sistema.soluctem.com.co/api/submit.php on line 58
[29-Jan-2025 16:00:05 UTC] PHP Warning:  Undefined array key "cedula2" in /home/soluctem/sistema.soluctem.com.co/api/submit.php on line 59
[29-Jan-2025 16:00:05 UTC] PHP Warning:  Undefined array key "horaEntrada2" in /home/soluctem/sistema.soluctem.com.co/api/submit.php on line 60
[29-Jan-2025 16:00:05 UTC] PHP Warning:  Undefined array key "horaSalida2" in /home/soluctem/sistema.soluctem.com.co/api/submit.php on line 61
[29-Jan-2025 16:00:05 UTC] PHP Warning:  Undefined array key "contratista3" in /home/soluctem/sistema.soluctem.com.co/api/submit.php on line 62
[29-Jan-2025 16:00:05 UTC] PHP Warning:  Undefined array key "cedula3" in /home/soluctem/sistema.soluctem.com.co/api/submit.php on line 63
[29-Jan-2025 16:00:05 UTC] PHP Warning:  Undefined array key "horaEntrada3" in /home/soluctem/sistema.soluctem.com.co/api/submit.php on line 64
[29-Jan-2025 16:00:05 UTC] PHP Warning:  Undefined array key "horaSalida3" in /home/soluctem/sistema.soluctem.com.co/api/submit.php on line 65
[29-Jan-2025 16:00:05 UTC] PHP Warning:  Undefined array key "contratista4" in /home/soluctem/sistema.soluctem.com.co/api/submit.php on line 66
[29-Jan-2025 16:00:05 UTC] PHP Warning:  Undefined array key "cedula4" in /home/soluctem/sistema.soluctem.com.co/api/submit.php on line 67
[29-Jan-2025 16:00:05 UTC] PHP Warning:  Undefined array key "horaEntrada4" in /home/soluctem/sistema.soluctem.com.co/api/submit.php on line 68
[29-Jan-2025 16:00:05 UTC] PHP Warning:  Undefined array key "horaSalida4" in /home/soluctem/sistema.soluctem.com.co/api/submit.php on line 69
[29-Jan-2025 16:00:05 UTC] PHP Warning:  Undefined array key "nombreFuncionario" in /home/soluctem/sistema.soluctem.com.co/api/submit.php on line 70
[29-Jan-2025 16:00:05 UTC] PHP Warning:  Undefined array key "cedulaFuncionario" in /home/soluctem/sistema.soluctem.com.co/api/submit.php on line 71
[29-Jan-2025 16:00:05 UTC] PHP Warning:  Undefined array key "cargoFuncionario" in /home/soluctem/sistema.soluctem.com.co/api/submit.php on line 72
[29-Jan-2025 16:00:05 UTC] PHP Warning:  Undefined array key "sapFuncionario" in /home/soluctem/sistema.soluctem.com.co/api/submit.php on line 73
[29-Jan-2025 16:00:05 UTC] PHP Warning:  Undefined array key "timestamp" in /home/soluctem/sistema.soluctem.com.co/api/submit.php on line 74
[29-Jan-2025 16:00:05 UTC] PHP Warning:  Undefined array key "asistenciaReparacion" in /home/soluctem/sistema.soluctem.com.co/api/submit.php on line 75
[29-Jan-2025 16:00:05 UTC] PHP Warning:  Undefined array key "asistenciaGarantia" in /home/soluctem/sistema.soluctem.com.co/api/submit.php on line 76
[29-Jan-2025 16:00:05 UTC] PHP Warning:  Undefined array key "asistenciaAjuste" in /home/soluctem/sistema.soluctem.com.co/api/submit.php on line 77
[29-Jan-2025 16:00:05 UTC] PHP Warning:  Undefined array key "asistenciaModificacion" in /home/soluctem/sistema.soluctem.com.co/api/submit.php on line 78
[29-Jan-2025 16:00:05 UTC] PHP Warning:  Undefined array key "asistenciaServicio" in /home/soluctem/sistema.soluctem.com.co/api/submit.php on line 79
[29-Jan-2025 16:00:05 UTC] PHP Warning:  Undefined array key "asistenciaMejora" in /home/soluctem/sistema.soluctem.com.co/api/submit.php on line 80
[29-Jan-2025 16:00:05 UTC] PHP Warning:  Undefined array key "asistenciaCombinacion" in /home/soluctem/sistema.soluctem.com.co/api/submit.php on line 81
[29-Jan-2025 16:00:05 UTC] PHP Warning:  Undefined array key "fallaOperacion" in /home/soluctem/sistema.soluctem.com.co/api/submit.php on line 82
[29-Jan-2025 16:00:05 UTC] PHP Warning:  Undefined array key "fallaMecanica" in /home/soluctem/sistema.soluctem.com.co/api/submit.php on line 83
[29-Jan-2025 16:00:05 UTC] PHP Warning:  Undefined array key "fallaElectrica" in /home/soluctem/sistema.soluctem.com.co/api/submit.php on line 84
[29-Jan-2025 16:00:05 UTC] PHP Warning:  Undefined array key "fallaTerceros" in /home/soluctem/sistema.soluctem.com.co/api/submit.php on line 85
[29-Jan-2025 16:00:05 UTC] PHP Warning:  Undefined array key "fallaFabricacion" in /home/soluctem/sistema.soluctem.com.co/api/submit.php on line 86
[29-Jan-2025 16:00:05 UTC] PHP Warning:  Undefined array key "firma_digital_cliente" in /home/soluctem/sistema.soluctem.com.co/api/submit.php on line 87
[29-Jan-2025 16:00:05 UTC] PHP Warning:  Undefined array key "firma_digital_tecnico" in /home/soluctem/sistema.soluctem.com.co/api/submit.php on line 88
[29-Jan-2025 16:00:18 UTC] PHP Warning:  Undefined array key "nombreSolicitante" in /home/soluctem/sistema.soluctem.com.co/api/submit.php on line 29
[29-Jan-2025 16:00:18 UTC] PHP Warning:  Undefined array key "cargo" in /home/soluctem/sistema.soluctem.com.co/api/submit.php on line 30
[29-Jan-2025 16:00:18 UTC] PHP Warning:  Undefined array key "nombreTienda" in /home/soluctem/sistema.soluctem.com.co/api/submit.php on line 31
[29-Jan-2025 16:00:18 UTC] PHP Warning:  Undefined array key "numeroTienda" in /home/soluctem/sistema.soluctem.com.co/api/submit.php on line 32
[29-Jan-2025 16:00:18 UTC] PHP Warning:  Undefined array key "numeroTicket" in /home/soluctem/sistema.soluctem.com.co/api/submit.php on line 33
[29-Jan-2025 16:00:18 UTC] PHP Warning:  Undefined array key "fecha" in /home/soluctem/sistema.soluctem.com.co/api/submit.php on line 34
[29-Jan-2025 16:00:18 UTC] PHP Warning:  Undefined array key "municipio" in /home/soluctem/sistema.soluctem.com.co/api/submit.php on line 35
[29-Jan-2025 16:00:18 UTC] PHP Warning:  Undefined array key "departamento" in /home/soluctem/sistema.soluctem.com.co/api/submit.php on line 36
[29-Jan-2025 16:00:18 UTC] PHP Warning:  Undefined array key "nombreEquipo" in /home/soluctem/sistema.soluctem.com.co/api/submit.php on line 37
[29-Jan-2025 16:00:18 UTC] PHP Warning:  Undefined array key "marca" in /home/soluctem/sistema.soluctem.com.co/api/submit.php on line 38
[29-Jan-2025 16:00:18 UTC] PHP Warning:  Undefined array key "serial" in /home/soluctem/sistema.soluctem.com.co/api/submit.php on line 39
[29-Jan-2025 16:00:18 UTC] PHP Warning:  Undefined array key "descripcionFalla" in /home/soluctem/sistema.soluctem.com.co/api/submit.php on line 40
[29-Jan-2025 16:00:18 UTC] PHP Warning:  Undefined array key "diagnosticoTecnico" in /home/soluctem/sistema.soluctem.com.co/api/submit.php on line 41
[29-Jan-2025 16:00:18 UTC] PHP Warning:  Undefined array key "repuestosCambiados" in /home/soluctem/sistema.soluctem.com.co/api/submit.php on line 42
[29-Jan-2025 16:00:18 UTC] PHP Warning:  Undefined array key "observaciones" in /home/soluctem/sistema.soluctem.com.co/api/submit.php on line 43
[29-Jan-2025 16:00:18 UTC] PHP Warning:  Undefined array key "seguridadRiesgoAccidentalidad" in /home/soluctem/sistema.soluctem.com.co/api/submit.php on line 44
[29-Jan-2025 16:00:18 UTC] PHP Warning:  Undefined array key "seguridadRiesgoEquipo" in /home/soluctem/sistema.soluctem.com.co/api/submit.php on line 45
[29-Jan-2025 16:00:18 UTC] PHP Warning:  Undefined array key "funcionamientoFallaSolucionada" in /home/soluctem/sistema.soluctem.com.co/api/submit.php on line 46
[29-Jan-2025 16:00:18 UTC] PHP Warning:  Undefined array key "funcionamientoPasosNormales" in /home/soluctem/sistema.soluctem.com.co/api/submit.php on line 47
[29-Jan-2025 16:00:18 UTC] PHP Warning:  Undefined array key "calidadTrabajo" in /home/soluctem/sistema.soluctem.com.co/api/submit.php on line 48
[29-Jan-2025 16:00:18 UTC] PHP Warning:  Undefined array key "limpiezaOrganizacionArmado" in /home/soluctem/sistema.soluctem.com.co/api/submit.php on line 49
[29-Jan-2025 16:00:18 UTC] PHP Warning:  Undefined array key "limpiezaOrganizacionAseado" in /home/soluctem/sistema.soluctem.com.co/api/submit.php on line 50
[29-Jan-2025 16:00:18 UTC] PHP Warning:  Undefined array key "capacitacionCausa" in /home/soluctem/sistema.soluctem.com.co/api/submit.php on line 51
[29-Jan-2025 16:00:18 UTC] PHP Warning:  Undefined array key "capacitacionPrevencion" in /home/soluctem/sistema.soluctem.com.co/api/submit.php on line 52
[29-Jan-2025 16:00:18 UTC] PHP Warning:  Undefined array key "capacitacionAccion" in /home/soluctem/sistema.soluctem.com.co/api/submit.php on line 53
[29-Jan-2025 16:00:18 UTC] PHP Warning:  Undefined array key "contratista1" in /home/soluctem/sistema.soluctem.com.co/api/submit.php on line 54
[29-Jan-2025 16:00:18 UTC] PHP Warning:  Undefined array key "cedula1" in /home/soluctem/sistema.soluctem.com.co/api/submit.php on line 55
[29-Jan-2025 16:00:18 UTC] PHP Warning:  Undefined array key "horaEntrada1" in /home/soluctem/sistema.soluctem.com.co/api/submit.php on line 56
[29-Jan-2025 16:00:18 UTC] PHP Warning:  Undefined array key "horaSalida1" in /home/soluctem/sistema.soluctem.com.co/api/submit.php on line 57
[29-Jan-2025 16:00:18 UTC] PHP Warning:  Undefined array key "contratista2" in /home/soluctem/sistema.soluctem.com.co/api/submit.php on line 58
[29-Jan-2025 16:00:18 UTC] PHP Warning:  Undefined array key "cedula2" in /home/soluctem/sistema.soluctem.com.co/api/submit.php on line 59
[29-Jan-2025 16:00:18 UTC] PHP Warning:  Undefined array key "horaEntrada2" in /home/soluctem/sistema.soluctem.com.co/api/submit.php on line 60
[29-Jan-2025 16:00:18 UTC] PHP Warning:  Undefined array key "horaSalida2" in /home/soluctem/sistema.soluctem.com.co/api/submit.php on line 61
[29-Jan-2025 16:00:18 UTC] PHP Warning:  Undefined array key "contratista3" in /home/soluctem/sistema.soluctem.com.co/api/submit.php on line 62
[29-Jan-2025 16:00:18 UTC] PHP Warning:  Undefined array key "cedula3" in /home/soluctem/sistema.soluctem.com.co/api/submit.php on line 63
[29-Jan-2025 16:00:18 UTC] PHP Warning:  Undefined array key "horaEntrada3" in /home/soluctem/sistema.soluctem.com.co/api/submit.php on line 64
[29-Jan-2025 16:00:18 UTC] PHP Warning:  Undefined array key "horaSalida3" in /home/soluctem/sistema.soluctem.com.co/api/submit.php on line 65
[29-Jan-2025 16:00:18 UTC] PHP Warning:  Undefined array key "contratista4" in /home/soluctem/sistema.soluctem.com.co/api/submit.php on line 66
[29-Jan-2025 16:00:18 UTC] PHP Warning:  Undefined array key "cedula4" in /home/soluctem/sistema.soluctem.com.co/api/submit.php on line 67
[29-Jan-2025 16:00:18 UTC] PHP Warning:  Undefined array key "horaEntrada4" in /home/soluctem/sistema.soluctem.com.co/api/submit.php on line 68
[29-Jan-2025 16:00:18 UTC] PHP Warning:  Undefined array key "horaSalida4" in /home/soluctem/sistema.soluctem.com.co/api/submit.php on line 69
[29-Jan-2025 16:00:18 UTC] PHP Warning:  Undefined array key "nombreFuncionario" in /home/soluctem/sistema.soluctem.com.co/api/submit.php on line 70
[29-Jan-2025 16:00:18 UTC] PHP Warning:  Undefined array key "cedulaFuncionario" in /home/soluctem/sistema.soluctem.com.co/api/submit.php on line 71
[29-Jan-2025 16:00:18 UTC] PHP Warning:  Undefined array key "cargoFuncionario" in /home/soluctem/sistema.soluctem.com.co/api/submit.php on line 72
[29-Jan-2025 16:00:18 UTC] PHP Warning:  Undefined array key "sapFuncionario" in /home/soluctem/sistema.soluctem.com.co/api/submit.php on line 73
[29-Jan-2025 16:00:18 UTC] PHP Warning:  Undefined array key "timestamp" in /home/soluctem/sistema.soluctem.com.co/api/submit.php on line 74
[29-Jan-2025 16:00:18 UTC] PHP Warning:  Undefined array key "asistenciaReparacion" in /home/soluctem/sistema.soluctem.com.co/api/submit.php on line 75
[29-Jan-2025 16:00:18 UTC] PHP Warning:  Undefined array key "asistenciaGarantia" in /home/soluctem/sistema.soluctem.com.co/api/submit.php on line 76
[29-Jan-2025 16:00:18 UTC] PHP Warning:  Undefined array key "asistenciaAjuste" in /home/soluctem/sistema.soluctem.com.co/api/submit.php on line 77
[29-Jan-2025 16:00:18 UTC] PHP Warning:  Undefined array key "asistenciaModificacion" in /home/soluctem/sistema.soluctem.com.co/api/submit.php on line 78
[29-Jan-2025 16:00:18 UTC] PHP Warning:  Undefined array key "asistenciaServicio" in /home/soluctem/sistema.soluctem.com.co/api/submit.php on line 79
[29-Jan-2025 16:00:18 UTC] PHP Warning:  Undefined array key "asistenciaMejora" in /home/soluctem/sistema.soluctem.com.co/api/submit.php on line 80
[29-Jan-2025 16:00:18 UTC] PHP Warning:  Undefined array key "asistenciaCombinacion" in /home/soluctem/sistema.soluctem.com.co/api/submit.php on line 81
[29-Jan-2025 16:00:18 UTC] PHP Warning:  Undefined array key "fallaOperacion" in /home/soluctem/sistema.soluctem.com.co/api/submit.php on line 82
[29-Jan-2025 16:00:18 UTC] PHP Warning:  Undefined array key "fallaMecanica" in /home/soluctem/sistema.soluctem.com.co/api/submit.php on line 83
[29-Jan-2025 16:00:18 UTC] PHP Warning:  Undefined array key "fallaElectrica" in /home/soluctem/sistema.soluctem.com.co/api/submit.php on line 84
[29-Jan-2025 16:00:18 UTC] PHP Warning:  Undefined array key "fallaTerceros" in /home/soluctem/sistema.soluctem.com.co/api/submit.php on line 85
[29-Jan-2025 16:00:18 UTC] PHP Warning:  Undefined array key "fallaFabricacion" in /home/soluctem/sistema.soluctem.com.co/api/submit.php on line 86
[29-Jan-2025 16:00:18 UTC] PHP Warning:  Undefined array key "firma_digital_cliente" in /home/soluctem/sistema.soluctem.com.co/api/submit.php on line 87
[29-Jan-2025 16:00:18 UTC] PHP Warning:  Undefined array key "firma_digital_tecnico" in /home/soluctem/sistema.soluctem.com.co/api/submit.php on line 88
[29-Jan-2025 16:00:21 UTC] PHP Warning:  Undefined array key "nombreSolicitante" in /home/soluctem/sistema.soluctem.com.co/api/submit.php on line 29
[29-Jan-2025 16:00:21 UTC] PHP Warning:  Undefined array key "cargo" in /home/soluctem/sistema.soluctem.com.co/api/submit.php on line 30
[29-Jan-2025 16:00:21 UTC] PHP Warning:  Undefined array key "nombreTienda" in /home/soluctem/sistema.soluctem.com.co/api/submit.php on line 31
[29-Jan-2025 16:00:21 UTC] PHP Warning:  Undefined array key "numeroTienda" in /home/soluctem/sistema.soluctem.com.co/api/submit.php on line 32
[29-Jan-2025 16:00:21 UTC] PHP Warning:  Undefined array key "numeroTicket" in /home/soluctem/sistema.soluctem.com.co/api/submit.php on line 33
[29-Jan-2025 16:00:21 UTC] PHP Warning:  Undefined array key "fecha" in /home/soluctem/sistema.soluctem.com.co/api/submit.php on line 34
[29-Jan-2025 16:00:21 UTC] PHP Warning:  Undefined array key "municipio" in /home/soluctem/sistema.soluctem.com.co/api/submit.php on line 35
[29-Jan-2025 16:00:21 UTC] PHP Warning:  Undefined array key "departamento" in /home/soluctem/sistema.soluctem.com.co/api/submit.php on line 36
[29-Jan-2025 16:00:21 UTC] PHP Warning:  Undefined array key "nombreEquipo" in /home/soluctem/sistema.soluctem.com.co/api/submit.php on line 37
[29-Jan-2025 16:00:21 UTC] PHP Warning:  Undefined array key "marca" in /home/soluctem/sistema.soluctem.com.co/api/submit.php on line 38
[29-Jan-2025 16:00:21 UTC] PHP Warning:  Undefined array key "serial" in /home/soluctem/sistema.soluctem.com.co/api/submit.php on line 39
[29-Jan-2025 16:00:21 UTC] PHP Warning:  Undefined array key "descripcionFalla" in /home/soluctem/sistema.soluctem.com.co/api/submit.php on line 40
[29-Jan-2025 16:00:21 UTC] PHP Warning:  Undefined array key "diagnosticoTecnico" in /home/soluctem/sistema.soluctem.com.co/api/submit.php on line 41
[29-Jan-2025 16:00:21 UTC] PHP Warning:  Undefined array key "repuestosCambiados" in /home/soluctem/sistema.soluctem.com.co/api/submit.php on line 42
[29-Jan-2025 16:00:21 UTC] PHP Warning:  Undefined array key "observaciones" in /home/soluctem/sistema.soluctem.com.co/api/submit.php on line 43
[29-Jan-2025 16:00:21 UTC] PHP Warning:  Undefined array key "seguridadRiesgoAccidentalidad" in /home/soluctem/sistema.soluctem.com.co/api/submit.php on line 44
[29-Jan-2025 16:00:21 UTC] PHP Warning:  Undefined array key "seguridadRiesgoEquipo" in /home/soluctem/sistema.soluctem.com.co/api/submit.php on line 45
[29-Jan-2025 16:00:21 UTC] PHP Warning:  Undefined array key "funcionamientoFallaSolucionada" in /home/soluctem/sistema.soluctem.com.co/api/submit.php on line 46
[29-Jan-2025 16:00:21 UTC] PHP Warning:  Undefined array key "funcionamientoPasosNormales" in /home/soluctem/sistema.soluctem.com.co/api/submit.php on line 47
[29-Jan-2025 16:00:21 UTC] PHP Warning:  Undefined array key "calidadTrabajo" in /home/soluctem/sistema.soluctem.com.co/api/submit.php on line 48
[29-Jan-2025 16:00:21 UTC] PHP Warning:  Undefined array key "limpiezaOrganizacionArmado" in /home/soluctem/sistema.soluctem.com.co/api/submit.php on line 49
[29-Jan-2025 16:00:21 UTC] PHP Warning:  Undefined array key "limpiezaOrganizacionAseado" in /home/soluctem/sistema.soluctem.com.co/api/submit.php on line 50
[29-Jan-2025 16:00:21 UTC] PHP Warning:  Undefined array key "capacitacionCausa" in /home/soluctem/sistema.soluctem.com.co/api/submit.php on line 51
[29-Jan-2025 16:00:21 UTC] PHP Warning:  Undefined array key "capacitacionPrevencion" in /home/soluctem/sistema.soluctem.com.co/api/submit.php on line 52
[29-Jan-2025 16:00:21 UTC] PHP Warning:  Undefined array key "capacitacionAccion" in /home/soluctem/sistema.soluctem.com.co/api/submit.php on line 53
[29-Jan-2025 16:00:21 UTC] PHP Warning:  Undefined array key "contratista1" in /home/soluctem/sistema.soluctem.com.co/api/submit.php on line 54
[29-Jan-2025 16:00:21 UTC] PHP Warning:  Undefined array key "cedula1" in /home/soluctem/sistema.soluctem.com.co/api/submit.php on line 55
[29-Jan-2025 16:00:21 UTC] PHP Warning:  Undefined array key "horaEntrada1" in /home/soluctem/sistema.soluctem.com.co/api/submit.php on line 56
[29-Jan-2025 16:00:21 UTC] PHP Warning:  Undefined array key "horaSalida1" in /home/soluctem/sistema.soluctem.com.co/api/submit.php on line 57
[29-Jan-2025 16:00:21 UTC] PHP Warning:  Undefined array key "contratista2" in /home/soluctem/sistema.soluctem.com.co/api/submit.php on line 58
[29-Jan-2025 16:00:21 UTC] PHP Warning:  Undefined array key "cedula2" in /home/soluctem/sistema.soluctem.com.co/api/submit.php on line 59
[29-Jan-2025 16:00:21 UTC] PHP Warning:  Undefined array key "horaEntrada2" in /home/soluctem/sistema.soluctem.com.co/api/submit.php on line 60
[29-Jan-2025 16:00:21 UTC] PHP Warning:  Undefined array key "horaSalida2" in /home/soluctem/sistema.soluctem.com.co/api/submit.php on line 61
[29-Jan-2025 16:00:21 UTC] PHP Warning:  Undefined array key "contratista3" in /home/soluctem/sistema.soluctem.com.co/api/submit.php on line 62
[29-Jan-2025 16:00:21 UTC] PHP Warning:  Undefined array key "cedula3" in /home/soluctem/sistema.soluctem.com.co/api/submit.php on line 63
[29-Jan-2025 16:00:21 UTC] PHP Warning:  Undefined array key "horaEntrada3" in /home/soluctem/sistema.soluctem.com.co/api/submit.php on line 64
[29-Jan-2025 16:00:21 UTC] PHP Warning:  Undefined array key "horaSalida3" in /home/soluctem/sistema.soluctem.com.co/api/submit.php on line 65
[29-Jan-2025 16:00:21 UTC] PHP Warning:  Undefined array key "contratista4" in /home/soluctem/sistema.soluctem.com.co/api/submit.php on line 66
[29-Jan-2025 16:00:21 UTC] PHP Warning:  Undefined array key "cedula4" in /home/soluctem/sistema.soluctem.com.co/api/submit.php on line 67
[29-Jan-2025 16:00:21 UTC] PHP Warning:  Undefined array key "horaEntrada4" in /home/soluctem/sistema.soluctem.com.co/api/submit.php on line 68
[29-Jan-2025 16:00:21 UTC] PHP Warning:  Undefined array key "horaSalida4" in /home/soluctem/sistema.soluctem.com.co/api/submit.php on line 69
[29-Jan-2025 16:00:21 UTC] PHP Warning:  Undefined array key "nombreFuncionario" in /home/soluctem/sistema.soluctem.com.co/api/submit.php on line 70
[29-Jan-2025 16:00:21 UTC] PHP Warning:  Undefined array key "cedulaFuncionario" in /home/soluctem/sistema.soluctem.com.co/api/submit.php on line 71
[29-Jan-2025 16:00:21 UTC] PHP Warning:  Undefined array key "cargoFuncionario" in /home/soluctem/sistema.soluctem.com.co/api/submit.php on line 72
[29-Jan-2025 16:00:21 UTC] PHP Warning:  Undefined array key "sapFuncionario" in /home/soluctem/sistema.soluctem.com.co/api/submit.php on line 73
[29-Jan-2025 16:00:21 UTC] PHP Warning:  Undefined array key "timestamp" in /home/soluctem/sistema.soluctem.com.co/api/submit.php on line 74
[29-Jan-2025 16:00:21 UTC] PHP Warning:  Undefined array key "asistenciaReparacion" in /home/soluctem/sistema.soluctem.com.co/api/submit.php on line 75
[29-Jan-2025 16:00:21 UTC] PHP Warning:  Undefined array key "asistenciaGarantia" in /home/soluctem/sistema.soluctem.com.co/api/submit.php on line 76
[29-Jan-2025 16:00:21 UTC] PHP Warning:  Undefined array key "asistenciaAjuste" in /home/soluctem/sistema.soluctem.com.co/api/submit.php on line 77
[29-Jan-2025 16:00:21 UTC] PHP Warning:  Undefined array key "asistenciaModificacion" in /home/soluctem/sistema.soluctem.com.co/api/submit.php on line 78
[29-Jan-2025 16:00:21 UTC] PHP Warning:  Undefined array key "asistenciaServicio" in /home/soluctem/sistema.soluctem.com.co/api/submit.php on line 79
[29-Jan-2025 16:00:21 UTC] PHP Warning:  Undefined array key "asistenciaMejora" in /home/soluctem/sistema.soluctem.com.co/api/submit.php on line 80
[29-Jan-2025 16:00:21 UTC] PHP Warning:  Undefined array key "asistenciaCombinacion" in /home/soluctem/sistema.soluctem.com.co/api/submit.php on line 81
[29-Jan-2025 16:00:21 UTC] PHP Warning:  Undefined array key "fallaOperacion" in /home/soluctem/sistema.soluctem.com.co/api/submit.php on line 82
[29-Jan-2025 16:00:21 UTC] PHP Warning:  Undefined array key "fallaMecanica" in /home/soluctem/sistema.soluctem.com.co/api/submit.php on line 83
[29-Jan-2025 16:00:21 UTC] PHP Warning:  Undefined array key "fallaElectrica" in /home/soluctem/sistema.soluctem.com.co/api/submit.php on line 84
[29-Jan-2025 16:00:21 UTC] PHP Warning:  Undefined array key "fallaTerceros" in /home/soluctem/sistema.soluctem.com.co/api/submit.php on line 85
[29-Jan-2025 16:00:21 UTC] PHP Warning:  Undefined array key "fallaFabricacion" in /home/soluctem/sistema.soluctem.com.co/api/submit.php on line 86
[29-Jan-2025 16:00:21 UTC] PHP Warning:  Undefined array key "firma_digital_cliente" in /home/soluctem/sistema.soluctem.com.co/api/submit.php on line 87
[29-Jan-2025 16:00:21 UTC] PHP Warning:  Undefined array key "firma_digital_tecnico" in /home/soluctem/sistema.soluctem.com.co/api/submit.php on line 88
[29-Jan-2025 16:31:12 UTC] PHP Warning:  Undefined array key "nombreSolicitante" in /home/soluctem/sistema.soluctem.com.co/api/submit.php on line 29
[29-Jan-2025 16:31:12 UTC] PHP Warning:  Undefined array key "cargo" in /home/soluctem/sistema.soluctem.com.co/api/submit.php on line 30
[29-Jan-2025 16:31:12 UTC] PHP Warning:  Undefined array key "nombreTienda" in /home/soluctem/sistema.soluctem.com.co/api/submit.php on line 31
[29-Jan-2025 16:31:12 UTC] PHP Warning:  Undefined array key "numeroTienda" in /home/soluctem/sistema.soluctem.com.co/api/submit.php on line 32
[29-Jan-2025 16:31:12 UTC] PHP Warning:  Undefined array key "numeroTicket" in /home/soluctem/sistema.soluctem.com.co/api/submit.php on line 33
[29-Jan-2025 16:31:12 UTC] PHP Warning:  Undefined array key "fecha" in /home/soluctem/sistema.soluctem.com.co/api/submit.php on line 34
[29-Jan-2025 16:31:12 UTC] PHP Warning:  Undefined array key "municipio" in /home/soluctem/sistema.soluctem.com.co/api/submit.php on line 35
[29-Jan-2025 16:31:12 UTC] PHP Warning:  Undefined array key "departamento" in /home/soluctem/sistema.soluctem.com.co/api/submit.php on line 36
[29-Jan-2025 16:31:12 UTC] PHP Warning:  Undefined array key "nombreEquipo" in /home/soluctem/sistema.soluctem.com.co/api/submit.php on line 37
[29-Jan-2025 16:31:12 UTC] PHP Warning:  Undefined array key "marca" in /home/soluctem/sistema.soluctem.com.co/api/submit.php on line 38
[29-Jan-2025 16:31:12 UTC] PHP Warning:  Undefined array key "serial" in /home/soluctem/sistema.soluctem.com.co/api/submit.php on line 39
[29-Jan-2025 16:31:12 UTC] PHP Warning:  Undefined array key "descripcionFalla" in /home/soluctem/sistema.soluctem.com.co/api/submit.php on line 40
[29-Jan-2025 16:31:12 UTC] PHP Warning:  Undefined array key "diagnosticoTecnico" in /home/soluctem/sistema.soluctem.com.co/api/submit.php on line 41
[29-Jan-2025 16:31:12 UTC] PHP Warning:  Undefined array key "repuestosCambiados" in /home/soluctem/sistema.soluctem.com.co/api/submit.php on line 42
[29-Jan-2025 16:31:12 UTC] PHP Warning:  Undefined array key "observaciones" in /home/soluctem/sistema.soluctem.com.co/api/submit.php on line 43
[29-Jan-2025 16:31:12 UTC] PHP Warning:  Undefined array key "seguridadRiesgoAccidentalidad" in /home/soluctem/sistema.soluctem.com.co/api/submit.php on line 44
[29-Jan-2025 16:31:12 UTC] PHP Warning:  Undefined array key "seguridadRiesgoEquipo" in /home/soluctem/sistema.soluctem.com.co/api/submit.php on line 45
[29-Jan-2025 16:31:12 UTC] PHP Warning:  Undefined array key "funcionamientoFallaSolucionada" in /home/soluctem/sistema.soluctem.com.co/api/submit.php on line 46
[29-Jan-2025 16:31:12 UTC] PHP Warning:  Undefined array key "funcionamientoPasosNormales" in /home/soluctem/sistema.soluctem.com.co/api/submit.php on line 47
[29-Jan-2025 16:31:12 UTC] PHP Warning:  Undefined array key "calidadTrabajo" in /home/soluctem/sistema.soluctem.com.co/api/submit.php on line 48
[29-Jan-2025 16:31:12 UTC] PHP Warning:  Undefined array key "limpiezaOrganizacionArmado" in /home/soluctem/sistema.soluctem.com.co/api/submit.php on line 49
[29-Jan-2025 16:31:12 UTC] PHP Warning:  Undefined array key "limpiezaOrganizacionAseado" in /home/soluctem/sistema.soluctem.com.co/api/submit.php on line 50
[29-Jan-2025 16:31:12 UTC] PHP Warning:  Undefined array key "capacitacionCausa" in /home/soluctem/sistema.soluctem.com.co/api/submit.php on line 51
[29-Jan-2025 16:31:12 UTC] PHP Warning:  Undefined array key "capacitacionPrevencion" in /home/soluctem/sistema.soluctem.com.co/api/submit.php on line 52
[29-Jan-2025 16:31:12 UTC] PHP Warning:  Undefined array key "capacitacionAccion" in /home/soluctem/sistema.soluctem.com.co/api/submit.php on line 53
[29-Jan-2025 16:31:12 UTC] PHP Warning:  Undefined array key "contratista1" in /home/soluctem/sistema.soluctem.com.co/api/submit.php on line 54
[29-Jan-2025 16:31:12 UTC] PHP Warning:  Undefined array key "cedula1" in /home/soluctem/sistema.soluctem.com.co/api/submit.php on line 55
[29-Jan-2025 16:31:12 UTC] PHP Warning:  Undefined array key "horaEntrada1" in /home/soluctem/sistema.soluctem.com.co/api/submit.php on line 56
[29-Jan-2025 16:31:12 UTC] PHP Warning:  Undefined array key "horaSalida1" in /home/soluctem/sistema.soluctem.com.co/api/submit.php on line 57
[29-Jan-2025 16:31:12 UTC] PHP Warning:  Undefined array key "contratista2" in /home/soluctem/sistema.soluctem.com.co/api/submit.php on line 58
[29-Jan-2025 16:31:12 UTC] PHP Warning:  Undefined array key "cedula2" in /home/soluctem/sistema.soluctem.com.co/api/submit.php on line 59
[29-Jan-2025 16:31:12 UTC] PHP Warning:  Undefined array key "horaEntrada2" in /home/soluctem/sistema.soluctem.com.co/api/submit.php on line 60
[29-Jan-2025 16:31:12 UTC] PHP Warning:  Undefined array key "horaSalida2" in /home/soluctem/sistema.soluctem.com.co/api/submit.php on line 61
[29-Jan-2025 16:31:12 UTC] PHP Warning:  Undefined array key "contratista3" in /home/soluctem/sistema.soluctem.com.co/api/submit.php on line 62
[29-Jan-2025 16:31:12 UTC] PHP Warning:  Undefined array key "cedula3" in /home/soluctem/sistema.soluctem.com.co/api/submit.php on line 63
[29-Jan-2025 16:31:12 UTC] PHP Warning:  Undefined array key "horaEntrada3" in /home/soluctem/sistema.soluctem.com.co/api/submit.php on line 64
[29-Jan-2025 16:31:12 UTC] PHP Warning:  Undefined array key "horaSalida3" in /home/soluctem/sistema.soluctem.com.co/api/submit.php on line 65
[29-Jan-2025 16:31:12 UTC] PHP Warning:  Undefined array key "contratista4" in /home/soluctem/sistema.soluctem.com.co/api/submit.php on line 66
[29-Jan-2025 16:31:12 UTC] PHP Warning:  Undefined array key "cedula4" in /home/soluctem/sistema.soluctem.com.co/api/submit.php on line 67
[29-Jan-2025 16:31:12 UTC] PHP Warning:  Undefined array key "horaEntrada4" in /home/soluctem/sistema.soluctem.com.co/api/submit.php on line 68
[29-Jan-2025 16:31:12 UTC] PHP Warning:  Undefined array key "horaSalida4" in /home/soluctem/sistema.soluctem.com.co/api/submit.php on line 69
[29-Jan-2025 16:31:12 UTC] PHP Warning:  Undefined array key "nombreFuncionario" in /home/soluctem/sistema.soluctem.com.co/api/submit.php on line 70
[29-Jan-2025 16:31:12 UTC] PHP Warning:  Undefined array key "cedulaFuncionario" in /home/soluctem/sistema.soluctem.com.co/api/submit.php on line 71
[29-Jan-2025 16:31:12 UTC] PHP Warning:  Undefined array key "cargoFuncionario" in /home/soluctem/sistema.soluctem.com.co/api/submit.php on line 72
[29-Jan-2025 16:31:12 UTC] PHP Warning:  Undefined array key "sapFuncionario" in /home/soluctem/sistema.soluctem.com.co/api/submit.php on line 73
[29-Jan-2025 16:31:12 UTC] PHP Warning:  Undefined array key "timestamp" in /home/soluctem/sistema.soluctem.com.co/api/submit.php on line 74
[29-Jan-2025 16:31:12 UTC] PHP Warning:  Undefined array key "asistenciaReparacion" in /home/soluctem/sistema.soluctem.com.co/api/submit.php on line 75
[29-Jan-2025 16:31:12 UTC] PHP Warning:  Undefined array key "asistenciaGarantia" in /home/soluctem/sistema.soluctem.com.co/api/submit.php on line 76
[29-Jan-2025 16:31:12 UTC] PHP Warning:  Undefined array key "asistenciaAjuste" in /home/soluctem/sistema.soluctem.com.co/api/submit.php on line 77
[29-Jan-2025 16:31:12 UTC] PHP Warning:  Undefined array key "asistenciaModificacion" in /home/soluctem/sistema.soluctem.com.co/api/submit.php on line 78
[29-Jan-2025 16:31:12 UTC] PHP Warning:  Undefined array key "asistenciaServicio" in /home/soluctem/sistema.soluctem.com.co/api/submit.php on line 79
[29-Jan-2025 16:31:12 UTC] PHP Warning:  Undefined array key "asistenciaMejora" in /home/soluctem/sistema.soluctem.com.co/api/submit.php on line 80
[29-Jan-2025 16:31:12 UTC] PHP Warning:  Undefined array key "asistenciaCombinacion" in /home/soluctem/sistema.soluctem.com.co/api/submit.php on line 81
[29-Jan-2025 16:31:12 UTC] PHP Warning:  Undefined array key "fallaOperacion" in /home/soluctem/sistema.soluctem.com.co/api/submit.php on line 82
[29-Jan-2025 16:31:12 UTC] PHP Warning:  Undefined array key "fallaMecanica" in /home/soluctem/sistema.soluctem.com.co/api/submit.php on line 83
[29-Jan-2025 16:31:12 UTC] PHP Warning:  Undefined array key "fallaElectrica" in /home/soluctem/sistema.soluctem.com.co/api/submit.php on line 84
[29-Jan-2025 16:31:12 UTC] PHP Warning:  Undefined array key "fallaTerceros" in /home/soluctem/sistema.soluctem.com.co/api/submit.php on line 85
[29-Jan-2025 16:31:12 UTC] PHP Warning:  Undefined array key "fallaFabricacion" in /home/soluctem/sistema.soluctem.com.co/api/submit.php on line 86
[29-Jan-2025 16:31:12 UTC] PHP Warning:  Undefined array key "firma_digital_cliente" in /home/soluctem/sistema.soluctem.com.co/api/submit.php on line 87
[29-Jan-2025 16:31:12 UTC] PHP Warning:  Undefined array key "firma_digital_tecnico" in /home/soluctem/sistema.soluctem.com.co/api/submit.php on line 88
[29-Jan-2025 17:35:41 UTC] PHP Warning:  Undefined array key "nombreSolicitante" in /home/soluctem/sistema.soluctem.com.co/api/submit.php on line 29
[29-Jan-2025 17:35:41 UTC] PHP Warning:  Undefined array key "cargo" in /home/soluctem/sistema.soluctem.com.co/api/submit.php on line 30
[29-Jan-2025 17:35:41 UTC] PHP Warning:  Undefined array key "nombreTienda" in /home/soluctem/sistema.soluctem.com.co/api/submit.php on line 31
[29-Jan-2025 17:35:41 UTC] PHP Warning:  Undefined array key "numeroTienda" in /home/soluctem/sistema.soluctem.com.co/api/submit.php on line 32
[29-Jan-2025 17:35:41 UTC] PHP Warning:  Undefined array key "numeroTicket" in /home/soluctem/sistema.soluctem.com.co/api/submit.php on line 33
[29-Jan-2025 17:35:41 UTC] PHP Warning:  Undefined array key "fecha" in /home/soluctem/sistema.soluctem.com.co/api/submit.php on line 34
[29-Jan-2025 17:35:41 UTC] PHP Warning:  Undefined array key "municipio" in /home/soluctem/sistema.soluctem.com.co/api/submit.php on line 35
[29-Jan-2025 17:35:41 UTC] PHP Warning:  Undefined array key "departamento" in /home/soluctem/sistema.soluctem.com.co/api/submit.php on line 36
[29-Jan-2025 17:35:41 UTC] PHP Warning:  Undefined array key "nombreEquipo" in /home/soluctem/sistema.soluctem.com.co/api/submit.php on line 37
[29-Jan-2025 17:35:41 UTC] PHP Warning:  Undefined array key "marca" in /home/soluctem/sistema.soluctem.com.co/api/submit.php on line 38
[29-Jan-2025 17:35:41 UTC] PHP Warning:  Undefined array key "serial" in /home/soluctem/sistema.soluctem.com.co/api/submit.php on line 39
[29-Jan-2025 17:35:41 UTC] PHP Warning:  Undefined array key "descripcionFalla" in /home/soluctem/sistema.soluctem.com.co/api/submit.php on line 40
[29-Jan-2025 17:35:41 UTC] PHP Warning:  Undefined array key "diagnosticoTecnico" in /home/soluctem/sistema.soluctem.com.co/api/submit.php on line 41
[29-Jan-2025 17:35:41 UTC] PHP Warning:  Undefined array key "repuestosCambiados" in /home/soluctem/sistema.soluctem.com.co/api/submit.php on line 42
[29-Jan-2025 17:35:41 UTC] PHP Warning:  Undefined array key "observaciones" in /home/soluctem/sistema.soluctem.com.co/api/submit.php on line 43
[29-Jan-2025 17:35:41 UTC] PHP Warning:  Undefined array key "seguridadRiesgoAccidentalidad" in /home/soluctem/sistema.soluctem.com.co/api/submit.php on line 44
[29-Jan-2025 17:35:41 UTC] PHP Warning:  Undefined array key "seguridadRiesgoEquipo" in /home/soluctem/sistema.soluctem.com.co/api/submit.php on line 45
[29-Jan-2025 17:35:41 UTC] PHP Warning:  Undefined array key "funcionamientoFallaSolucionada" in /home/soluctem/sistema.soluctem.com.co/api/submit.php on line 46
[29-Jan-2025 17:35:41 UTC] PHP Warning:  Undefined array key "funcionamientoPasosNormales" in /home/soluctem/sistema.soluctem.com.co/api/submit.php on line 47
[29-Jan-2025 17:35:41 UTC] PHP Warning:  Undefined array key "calidadTrabajo" in /home/soluctem/sistema.soluctem.com.co/api/submit.php on line 48
[29-Jan-2025 17:35:41 UTC] PHP Warning:  Undefined array key "limpiezaOrganizacionArmado" in /home/soluctem/sistema.soluctem.com.co/api/submit.php on line 49
[29-Jan-2025 17:35:41 UTC] PHP Warning:  Undefined array key "limpiezaOrganizacionAseado" in /home/soluctem/sistema.soluctem.com.co/api/submit.php on line 50
[29-Jan-2025 17:35:41 UTC] PHP Warning:  Undefined array key "capacitacionCausa" in /home/soluctem/sistema.soluctem.com.co/api/submit.php on line 51
[29-Jan-2025 17:35:41 UTC] PHP Warning:  Undefined array key "capacitacionPrevencion" in /home/soluctem/sistema.soluctem.com.co/api/submit.php on line 52
[29-Jan-2025 17:35:41 UTC] PHP Warning:  Undefined array key "capacitacionAccion" in /home/soluctem/sistema.soluctem.com.co/api/submit.php on line 53
[29-Jan-2025 17:35:41 UTC] PHP Warning:  Undefined array key "contratista1" in /home/soluctem/sistema.soluctem.com.co/api/submit.php on line 54
[29-Jan-2025 17:35:41 UTC] PHP Warning:  Undefined array key "cedula1" in /home/soluctem/sistema.soluctem.com.co/api/submit.php on line 55
[29-Jan-2025 17:35:41 UTC] PHP Warning:  Undefined array key "horaEntrada1" in /home/soluctem/sistema.soluctem.com.co/api/submit.php on line 56
[29-Jan-2025 17:35:41 UTC] PHP Warning:  Undefined array key "horaSalida1" in /home/soluctem/sistema.soluctem.com.co/api/submit.php on line 57
[29-Jan-2025 17:35:41 UTC] PHP Warning:  Undefined array key "contratista2" in /home/soluctem/sistema.soluctem.com.co/api/submit.php on line 58
[29-Jan-2025 17:35:41 UTC] PHP Warning:  Undefined array key "cedula2" in /home/soluctem/sistema.soluctem.com.co/api/submit.php on line 59
[29-Jan-2025 17:35:41 UTC] PHP Warning:  Undefined array key "horaEntrada2" in /home/soluctem/sistema.soluctem.com.co/api/submit.php on line 60
[29-Jan-2025 17:35:41 UTC] PHP Warning:  Undefined array key "horaSalida2" in /home/soluctem/sistema.soluctem.com.co/api/submit.php on line 61
[29-Jan-2025 17:35:41 UTC] PHP Warning:  Undefined array key "contratista3" in /home/soluctem/sistema.soluctem.com.co/api/submit.php on line 62
[29-Jan-2025 17:35:41 UTC] PHP Warning:  Undefined array key "cedula3" in /home/soluctem/sistema.soluctem.com.co/api/submit.php on line 63
[29-Jan-2025 17:35:41 UTC] PHP Warning:  Undefined array key "horaEntrada3" in /home/soluctem/sistema.soluctem.com.co/api/submit.php on line 64
[29-Jan-2025 17:35:41 UTC] PHP Warning:  Undefined array key "horaSalida3" in /home/soluctem/sistema.soluctem.com.co/api/submit.php on line 65
[29-Jan-2025 17:35:41 UTC] PHP Warning:  Undefined array key "contratista4" in /home/soluctem/sistema.soluctem.com.co/api/submit.php on line 66
[29-Jan-2025 17:35:41 UTC] PHP Warning:  Undefined array key "cedula4" in /home/soluctem/sistema.soluctem.com.co/api/submit.php on line 67
[29-Jan-2025 17:35:41 UTC] PHP Warning:  Undefined array key "horaEntrada4" in /home/soluctem/sistema.soluctem.com.co/api/submit.php on line 68
[29-Jan-2025 17:35:41 UTC] PHP Warning:  Undefined array key "horaSalida4" in /home/soluctem/sistema.soluctem.com.co/api/submit.php on line 69
[29-Jan-2025 17:35:41 UTC] PHP Warning:  Undefined array key "nombreFuncionario" in /home/soluctem/sistema.soluctem.com.co/api/submit.php on line 70
[29-Jan-2025 17:35:41 UTC] PHP Warning:  Undefined array key "cedulaFuncionario" in /home/soluctem/sistema.soluctem.com.co/api/submit.php on line 71
[29-Jan-2025 17:35:41 UTC] PHP Warning:  Undefined array key "cargoFuncionario" in /home/soluctem/sistema.soluctem.com.co/api/submit.php on line 72
[29-Jan-2025 17:35:41 UTC] PHP Warning:  Undefined array key "sapFuncionario" in /home/soluctem/sistema.soluctem.com.co/api/submit.php on line 73
[29-Jan-2025 17:35:41 UTC] PHP Warning:  Undefined array key "timestamp" in /home/soluctem/sistema.soluctem.com.co/api/submit.php on line 74
[29-Jan-2025 17:35:41 UTC] PHP Warning:  Undefined array key "asistenciaReparacion" in /home/soluctem/sistema.soluctem.com.co/api/submit.php on line 75
[29-Jan-2025 17:35:41 UTC] PHP Warning:  Undefined array key "asistenciaGarantia" in /home/soluctem/sistema.soluctem.com.co/api/submit.php on line 76
[29-Jan-2025 17:35:41 UTC] PHP Warning:  Undefined array key "asistenciaAjuste" in /home/soluctem/sistema.soluctem.com.co/api/submit.php on line 77
[29-Jan-2025 17:35:41 UTC] PHP Warning:  Undefined array key "asistenciaModificacion" in /home/soluctem/sistema.soluctem.com.co/api/submit.php on line 78
[29-Jan-2025 17:35:41 UTC] PHP Warning:  Undefined array key "asistenciaServicio" in /home/soluctem/sistema.soluctem.com.co/api/submit.php on line 79
[29-Jan-2025 17:35:41 UTC] PHP Warning:  Undefined array key "asistenciaMejora" in /home/soluctem/sistema.soluctem.com.co/api/submit.php on line 80
[29-Jan-2025 17:35:41 UTC] PHP Warning:  Undefined array key "asistenciaCombinacion" in /home/soluctem/sistema.soluctem.com.co/api/submit.php on line 81
[29-Jan-2025 17:35:41 UTC] PHP Warning:  Undefined array key "fallaOperacion" in /home/soluctem/sistema.soluctem.com.co/api/submit.php on line 82
[29-Jan-2025 17:35:41 UTC] PHP Warning:  Undefined array key "fallaMecanica" in /home/soluctem/sistema.soluctem.com.co/api/submit.php on line 83
[29-Jan-2025 17:35:41 UTC] PHP Warning:  Undefined array key "fallaElectrica" in /home/soluctem/sistema.soluctem.com.co/api/submit.php on line 84
[29-Jan-2025 17:35:41 UTC] PHP Warning:  Undefined array key "fallaTerceros" in /home/soluctem/sistema.soluctem.com.co/api/submit.php on line 85
[29-Jan-2025 17:35:41 UTC] PHP Warning:  Undefined array key "fallaFabricacion" in /home/soluctem/sistema.soluctem.com.co/api/submit.php on line 86
[29-Jan-2025 17:35:41 UTC] PHP Warning:  Undefined array key "firma_digital_cliente" in /home/soluctem/sistema.soluctem.com.co/api/submit.php on line 87
[29-Jan-2025 17:35:41 UTC] PHP Warning:  Undefined array key "firma_digital_tecnico" in /home/soluctem/sistema.soluctem.com.co/api/submit.php on line 88
[29-Jan-2025 18:56:49 UTC] PHP Warning:  Undefined array key "nombreSolicitante" in /home/soluctem/sistema.soluctem.com.co/api/submit.php on line 29
[29-Jan-2025 18:56:49 UTC] PHP Warning:  Undefined array key "cargo" in /home/soluctem/sistema.soluctem.com.co/api/submit.php on line 30
[29-Jan-2025 18:56:49 UTC] PHP Warning:  Undefined array key "nombreTienda" in /home/soluctem/sistema.soluctem.com.co/api/submit.php on line 31
[29-Jan-2025 18:56:49 UTC] PHP Warning:  Undefined array key "numeroTienda" in /home/soluctem/sistema.soluctem.com.co/api/submit.php on line 32
[29-Jan-2025 18:56:49 UTC] PHP Warning:  Undefined array key "numeroTicket" in /home/soluctem/sistema.soluctem.com.co/api/submit.php on line 33
[29-Jan-2025 18:56:49 UTC] PHP Warning:  Undefined array key "fecha" in /home/soluctem/sistema.soluctem.com.co/api/submit.php on line 34
[29-Jan-2025 18:56:49 UTC] PHP Warning:  Undefined array key "municipio" in /home/soluctem/sistema.soluctem.com.co/api/submit.php on line 35
[29-Jan-2025 18:56:49 UTC] PHP Warning:  Undefined array key "departamento" in /home/soluctem/sistema.soluctem.com.co/api/submit.php on line 36
[29-Jan-2025 18:56:49 UTC] PHP Warning:  Undefined array key "nombreEquipo" in /home/soluctem/sistema.soluctem.com.co/api/submit.php on line 37
[29-Jan-2025 18:56:49 UTC] PHP Warning:  Undefined array key "marca" in /home/soluctem/sistema.soluctem.com.co/api/submit.php on line 38
[29-Jan-2025 18:56:49 UTC] PHP Warning:  Undefined array key "serial" in /home/soluctem/sistema.soluctem.com.co/api/submit.php on line 39
[29-Jan-2025 18:56:49 UTC] PHP Warning:  Undefined array key "descripcionFalla" in /home/soluctem/sistema.soluctem.com.co/api/submit.php on line 40
[29-Jan-2025 18:56:49 UTC] PHP Warning:  Undefined array key "diagnosticoTecnico" in /home/soluctem/sistema.soluctem.com.co/api/submit.php on line 41
[29-Jan-2025 18:56:49 UTC] PHP Warning:  Undefined array key "repuestosCambiados" in /home/soluctem/sistema.soluctem.com.co/api/submit.php on line 42
[29-Jan-2025 18:56:49 UTC] PHP Warning:  Undefined array key "observaciones" in /home/soluctem/sistema.soluctem.com.co/api/submit.php on line 43
[29-Jan-2025 18:56:49 UTC] PHP Warning:  Undefined array key "seguridadRiesgoAccidentalidad" in /home/soluctem/sistema.soluctem.com.co/api/submit.php on line 44
[29-Jan-2025 18:56:49 UTC] PHP Warning:  Undefined array key "seguridadRiesgoEquipo" in /home/soluctem/sistema.soluctem.com.co/api/submit.php on line 45
[29-Jan-2025 18:56:49 UTC] PHP Warning:  Undefined array key "funcionamientoFallaSolucionada" in /home/soluctem/sistema.soluctem.com.co/api/submit.php on line 46
[29-Jan-2025 18:56:49 UTC] PHP Warning:  Undefined array key "funcionamientoPasosNormales" in /home/soluctem/sistema.soluctem.com.co/api/submit.php on line 47
[29-Jan-2025 18:56:49 UTC] PHP Warning:  Undefined array key "calidadTrabajo" in /home/soluctem/sistema.soluctem.com.co/api/submit.php on line 48
[29-Jan-2025 18:56:49 UTC] PHP Warning:  Undefined array key "limpiezaOrganizacionArmado" in /home/soluctem/sistema.soluctem.com.co/api/submit.php on line 49
[29-Jan-2025 18:56:49 UTC] PHP Warning:  Undefined array key "limpiezaOrganizacionAseado" in /home/soluctem/sistema.soluctem.com.co/api/submit.php on line 50
[29-Jan-2025 18:56:49 UTC] PHP Warning:  Undefined array key "capacitacionCausa" in /home/soluctem/sistema.soluctem.com.co/api/submit.php on line 51
[29-Jan-2025 18:56:49 UTC] PHP Warning:  Undefined array key "capacitacionPrevencion" in /home/soluctem/sistema.soluctem.com.co/api/submit.php on line 52
[29-Jan-2025 18:56:49 UTC] PHP Warning:  Undefined array key "capacitacionAccion" in /home/soluctem/sistema.soluctem.com.co/api/submit.php on line 53
[29-Jan-2025 18:56:49 UTC] PHP Warning:  Undefined array key "contratista1" in /home/soluctem/sistema.soluctem.com.co/api/submit.php on line 54
[29-Jan-2025 18:56:49 UTC] PHP Warning:  Undefined array key "cedula1" in /home/soluctem/sistema.soluctem.com.co/api/submit.php on line 55
[29-Jan-2025 18:56:49 UTC] PHP Warning:  Undefined array key "horaEntrada1" in /home/soluctem/sistema.soluctem.com.co/api/submit.php on line 56
[29-Jan-2025 18:56:49 UTC] PHP Warning:  Undefined array key "horaSalida1" in /home/soluctem/sistema.soluctem.com.co/api/submit.php on line 57
[29-Jan-2025 18:56:49 UTC] PHP Warning:  Undefined array key "contratista2" in /home/soluctem/sistema.soluctem.com.co/api/submit.php on line 58
[29-Jan-2025 18:56:49 UTC] PHP Warning:  Undefined array key "cedula2" in /home/soluctem/sistema.soluctem.com.co/api/submit.php on line 59
[29-Jan-2025 18:56:49 UTC] PHP Warning:  Undefined array key "horaEntrada2" in /home/soluctem/sistema.soluctem.com.co/api/submit.php on line 60
[29-Jan-2025 18:56:49 UTC] PHP Warning:  Undefined array key "horaSalida2" in /home/soluctem/sistema.soluctem.com.co/api/submit.php on line 61
[29-Jan-2025 18:56:49 UTC] PHP Warning:  Undefined array key "contratista3" in /home/soluctem/sistema.soluctem.com.co/api/submit.php on line 62
[29-Jan-2025 18:56:49 UTC] PHP Warning:  Undefined array key "cedula3" in /home/soluctem/sistema.soluctem.com.co/api/submit.php on line 63
[29-Jan-2025 18:56:49 UTC] PHP Warning:  Undefined array key "horaEntrada3" in /home/soluctem/sistema.soluctem.com.co/api/submit.php on line 64
[29-Jan-2025 18:56:49 UTC] PHP Warning:  Undefined array key "horaSalida3" in /home/soluctem/sistema.soluctem.com.co/api/submit.php on line 65
[29-Jan-2025 18:56:49 UTC] PHP Warning:  Undefined array key "contratista4" in /home/soluctem/sistema.soluctem.com.co/api/submit.php on line 66
[29-Jan-2025 18:56:49 UTC] PHP Warning:  Undefined array key "cedula4" in /home/soluctem/sistema.soluctem.com.co/api/submit.php on line 67
[29-Jan-2025 18:56:49 UTC] PHP Warning:  Undefined array key "horaEntrada4" in /home/soluctem/sistema.soluctem.com.co/api/submit.php on line 68
[29-Jan-2025 18:56:49 UTC] PHP Warning:  Undefined array key "horaSalida4" in /home/soluctem/sistema.soluctem.com.co/api/submit.php on line 69
[29-Jan-2025 18:56:49 UTC] PHP Warning:  Undefined array key "nombreFuncionario" in /home/soluctem/sistema.soluctem.com.co/api/submit.php on line 70
[29-Jan-2025 18:56:49 UTC] PHP Warning:  Undefined array key "cedulaFuncionario" in /home/soluctem/sistema.soluctem.com.co/api/submit.php on line 71
[29-Jan-2025 18:56:49 UTC] PHP Warning:  Undefined array key "cargoFuncionario" in /home/soluctem/sistema.soluctem.com.co/api/submit.php on line 72
[29-Jan-2025 18:56:49 UTC] PHP Warning:  Undefined array key "sapFuncionario" in /home/soluctem/sistema.soluctem.com.co/api/submit.php on line 73
[29-Jan-2025 18:56:49 UTC] PHP Warning:  Undefined array key "timestamp" in /home/soluctem/sistema.soluctem.com.co/api/submit.php on line 74
[29-Jan-2025 18:56:49 UTC] PHP Warning:  Undefined array key "asistenciaReparacion" in /home/soluctem/sistema.soluctem.com.co/api/submit.php on line 75
[29-Jan-2025 18:56:49 UTC] PHP Warning:  Undefined array key "asistenciaGarantia" in /home/soluctem/sistema.soluctem.com.co/api/submit.php on line 76
[29-Jan-2025 18:56:49 UTC] PHP Warning:  Undefined array key "asistenciaAjuste" in /home/soluctem/sistema.soluctem.com.co/api/submit.php on line 77
[29-Jan-2025 18:56:49 UTC] PHP Warning:  Undefined array key "asistenciaModificacion" in /home/soluctem/sistema.soluctem.com.co/api/submit.php on line 78
[29-Jan-2025 18:56:49 UTC] PHP Warning:  Undefined array key "asistenciaServicio" in /home/soluctem/sistema.soluctem.com.co/api/submit.php on line 79
[29-Jan-2025 18:56:49 UTC] PHP Warning:  Undefined array key "asistenciaMejora" in /home/soluctem/sistema.soluctem.com.co/api/submit.php on line 80
[29-Jan-2025 18:56:49 UTC] PHP Warning:  Undefined array key "asistenciaCombinacion" in /home/soluctem/sistema.soluctem.com.co/api/submit.php on line 81
[29-Jan-2025 18:56:49 UTC] PHP Warning:  Undefined array key "fallaOperacion" in /home/soluctem/sistema.soluctem.com.co/api/submit.php on line 82
[29-Jan-2025 18:56:49 UTC] PHP Warning:  Undefined array key "fallaMecanica" in /home/soluctem/sistema.soluctem.com.co/api/submit.php on line 83
[29-Jan-2025 18:56:49 UTC] PHP Warning:  Undefined array key "fallaElectrica" in /home/soluctem/sistema.soluctem.com.co/api/submit.php on line 84
[29-Jan-2025 18:56:49 UTC] PHP Warning:  Undefined array key "fallaTerceros" in /home/soluctem/sistema.soluctem.com.co/api/submit.php on line 85
[29-Jan-2025 18:56:49 UTC] PHP Warning:  Undefined array key "fallaFabricacion" in /home/soluctem/sistema.soluctem.com.co/api/submit.php on line 86
[29-Jan-2025 18:56:49 UTC] PHP Warning:  Undefined array key "firma_digital_cliente" in /home/soluctem/sistema.soluctem.com.co/api/submit.php on line 87
[29-Jan-2025 18:56:49 UTC] PHP Warning:  Undefined array key "firma_digital_tecnico" in /home/soluctem/sistema.soluctem.com.co/api/submit.php on line 88
[29-Jan-2025 19:32:05 UTC] PHP Warning:  Undefined array key "nombreSolicitante" in /home/soluctem/sistema.soluctem.com.co/api/submit.php on line 29
[29-Jan-2025 19:32:05 UTC] PHP Warning:  Undefined array key "cargo" in /home/soluctem/sistema.soluctem.com.co/api/submit.php on line 30
[29-Jan-2025 19:32:05 UTC] PHP Warning:  Undefined array key "nombreTienda" in /home/soluctem/sistema.soluctem.com.co/api/submit.php on line 31
[29-Jan-2025 19:32:05 UTC] PHP Warning:  Undefined array key "numeroTienda" in /home/soluctem/sistema.soluctem.com.co/api/submit.php on line 32
[29-Jan-2025 19:32:05 UTC] PHP Warning:  Undefined array key "numeroTicket" in /home/soluctem/sistema.soluctem.com.co/api/submit.php on line 33
[29-Jan-2025 19:32:05 UTC] PHP Warning:  Undefined array key "fecha" in /home/soluctem/sistema.soluctem.com.co/api/submit.php on line 34
[29-Jan-2025 19:32:05 UTC] PHP Warning:  Undefined array key "municipio" in /home/soluctem/sistema.soluctem.com.co/api/submit.php on line 35
[29-Jan-2025 19:32:05 UTC] PHP Warning:  Undefined array key "departamento" in /home/soluctem/sistema.soluctem.com.co/api/submit.php on line 36
[29-Jan-2025 19:32:05 UTC] PHP Warning:  Undefined array key "nombreEquipo" in /home/soluctem/sistema.soluctem.com.co/api/submit.php on line 37
[29-Jan-2025 19:32:05 UTC] PHP Warning:  Undefined array key "marca" in /home/soluctem/sistema.soluctem.com.co/api/submit.php on line 38
[29-Jan-2025 19:32:05 UTC] PHP Warning:  Undefined array key "serial" in /home/soluctem/sistema.soluctem.com.co/api/submit.php on line 39
[29-Jan-2025 19:32:05 UTC] PHP Warning:  Undefined array key "descripcionFalla" in /home/soluctem/sistema.soluctem.com.co/api/submit.php on line 40
[29-Jan-2025 19:32:05 UTC] PHP Warning:  Undefined array key "diagnosticoTecnico" in /home/soluctem/sistema.soluctem.com.co/api/submit.php on line 41
[29-Jan-2025 19:32:05 UTC] PHP Warning:  Undefined array key "repuestosCambiados" in /home/soluctem/sistema.soluctem.com.co/api/submit.php on line 42
[29-Jan-2025 19:32:05 UTC] PHP Warning:  Undefined array key "observaciones" in /home/soluctem/sistema.soluctem.com.co/api/submit.php on line 43
[29-Jan-2025 19:32:05 UTC] PHP Warning:  Undefined array key "seguridadRiesgoAccidentalidad" in /home/soluctem/sistema.soluctem.com.co/api/submit.php on line 44
[29-Jan-2025 19:32:05 UTC] PHP Warning:  Undefined array key "seguridadRiesgoEquipo" in /home/soluctem/sistema.soluctem.com.co/api/submit.php on line 45
[29-Jan-2025 19:32:05 UTC] PHP Warning:  Undefined array key "funcionamientoFallaSolucionada" in /home/soluctem/sistema.soluctem.com.co/api/submit.php on line 46
[29-Jan-2025 19:32:05 UTC] PHP Warning:  Undefined array key "funcionamientoPasosNormales" in /home/soluctem/sistema.soluctem.com.co/api/submit.php on line 47
[29-Jan-2025 19:32:05 UTC] PHP Warning:  Undefined array key "calidadTrabajo" in /home/soluctem/sistema.soluctem.com.co/api/submit.php on line 48
[29-Jan-2025 19:32:05 UTC] PHP Warning:  Undefined array key "limpiezaOrganizacionArmado" in /home/soluctem/sistema.soluctem.com.co/api/submit.php on line 49
[29-Jan-2025 19:32:05 UTC] PHP Warning:  Undefined array key "limpiezaOrganizacionAseado" in /home/soluctem/sistema.soluctem.com.co/api/submit.php on line 50
[29-Jan-2025 19:32:05 UTC] PHP Warning:  Undefined array key "capacitacionCausa" in /home/soluctem/sistema.soluctem.com.co/api/submit.php on line 51
[29-Jan-2025 19:32:05 UTC] PHP Warning:  Undefined array key "capacitacionPrevencion" in /home/soluctem/sistema.soluctem.com.co/api/submit.php on line 52
[29-Jan-2025 19:32:05 UTC] PHP Warning:  Undefined array key "capacitacionAccion" in /home/soluctem/sistema.soluctem.com.co/api/submit.php on line 53
[29-Jan-2025 19:32:05 UTC] PHP Warning:  Undefined array key "contratista1" in /home/soluctem/sistema.soluctem.com.co/api/submit.php on line 54
[29-Jan-2025 19:32:05 UTC] PHP Warning:  Undefined array key "cedula1" in /home/soluctem/sistema.soluctem.com.co/api/submit.php on line 55
[29-Jan-2025 19:32:05 UTC] PHP Warning:  Undefined array key "horaEntrada1" in /home/soluctem/sistema.soluctem.com.co/api/submit.php on line 56
[29-Jan-2025 19:32:05 UTC] PHP Warning:  Undefined array key "horaSalida1" in /home/soluctem/sistema.soluctem.com.co/api/submit.php on line 57
[29-Jan-2025 19:32:05 UTC] PHP Warning:  Undefined array key "contratista2" in /home/soluctem/sistema.soluctem.com.co/api/submit.php on line 58
[29-Jan-2025 19:32:05 UTC] PHP Warning:  Undefined array key "cedula2" in /home/soluctem/sistema.soluctem.com.co/api/submit.php on line 59
[29-Jan-2025 19:32:05 UTC] PHP Warning:  Undefined array key "horaEntrada2" in /home/soluctem/sistema.soluctem.com.co/api/submit.php on line 60
[29-Jan-2025 19:32:05 UTC] PHP Warning:  Undefined array key "horaSalida2" in /home/soluctem/sistema.soluctem.com.co/api/submit.php on line 61
[29-Jan-2025 19:32:05 UTC] PHP Warning:  Undefined array key "contratista3" in /home/soluctem/sistema.soluctem.com.co/api/submit.php on line 62
[29-Jan-2025 19:32:05 UTC] PHP Warning:  Undefined array key "cedula3" in /home/soluctem/sistema.soluctem.com.co/api/submit.php on line 63
[29-Jan-2025 19:32:05 UTC] PHP Warning:  Undefined array key "horaEntrada3" in /home/soluctem/sistema.soluctem.com.co/api/submit.php on line 64
[29-Jan-2025 19:32:05 UTC] PHP Warning:  Undefined array key "horaSalida3" in /home/soluctem/sistema.soluctem.com.co/api/submit.php on line 65
[29-Jan-2025 19:32:05 UTC] PHP Warning:  Undefined array key "contratista4" in /home/soluctem/sistema.soluctem.com.co/api/submit.php on line 66
[29-Jan-2025 19:32:05 UTC] PHP Warning:  Undefined array key "cedula4" in /home/soluctem/sistema.soluctem.com.co/api/submit.php on line 67
[29-Jan-2025 19:32:05 UTC] PHP Warning:  Undefined array key "horaEntrada4" in /home/soluctem/sistema.soluctem.com.co/api/submit.php on line 68
[29-Jan-2025 19:32:05 UTC] PHP Warning:  Undefined array key "horaSalida4" in /home/soluctem/sistema.soluctem.com.co/api/submit.php on line 69
[29-Jan-2025 19:32:05 UTC] PHP Warning:  Undefined array key "nombreFuncionario" in /home/soluctem/sistema.soluctem.com.co/api/submit.php on line 70
[29-Jan-2025 19:32:05 UTC] PHP Warning:  Undefined array key "cedulaFuncionario" in /home/soluctem/sistema.soluctem.com.co/api/submit.php on line 71
[29-Jan-2025 19:32:05 UTC] PHP Warning:  Undefined array key "cargoFuncionario" in /home/soluctem/sistema.soluctem.com.co/api/submit.php on line 72
[29-Jan-2025 19:32:05 UTC] PHP Warning:  Undefined array key "sapFuncionario" in /home/soluctem/sistema.soluctem.com.co/api/submit.php on line 73
[29-Jan-2025 19:32:05 UTC] PHP Warning:  Undefined array key "timestamp" in /home/soluctem/sistema.soluctem.com.co/api/submit.php on line 74
[29-Jan-2025 19:32:05 UTC] PHP Warning:  Undefined array key "asistenciaReparacion" in /home/soluctem/sistema.soluctem.com.co/api/submit.php on line 75
[29-Jan-2025 19:32:05 UTC] PHP Warning:  Undefined array key "asistenciaGarantia" in /home/soluctem/sistema.soluctem.com.co/api/submit.php on line 76
[29-Jan-2025 19:32:05 UTC] PHP Warning:  Undefined array key "asistenciaAjuste" in /home/soluctem/sistema.soluctem.com.co/api/submit.php on line 77
[29-Jan-2025 19:32:05 UTC] PHP Warning:  Undefined array key "asistenciaModificacion" in /home/soluctem/sistema.soluctem.com.co/api/submit.php on line 78
[29-Jan-2025 19:32:05 UTC] PHP Warning:  Undefined array key "asistenciaServicio" in /home/soluctem/sistema.soluctem.com.co/api/submit.php on line 79
[29-Jan-2025 19:32:05 UTC] PHP Warning:  Undefined array key "asistenciaMejora" in /home/soluctem/sistema.soluctem.com.co/api/submit.php on line 80
[29-Jan-2025 19:32:05 UTC] PHP Warning:  Undefined array key "asistenciaCombinacion" in /home/soluctem/sistema.soluctem.com.co/api/submit.php on line 81
[29-Jan-2025 19:32:05 UTC] PHP Warning:  Undefined array key "fallaOperacion" in /home/soluctem/sistema.soluctem.com.co/api/submit.php on line 82
[29-Jan-2025 19:32:05 UTC] PHP Warning:  Undefined array key "fallaMecanica" in /home/soluctem/sistema.soluctem.com.co/api/submit.php on line 83
[29-Jan-2025 19:32:05 UTC] PHP Warning:  Undefined array key "fallaElectrica" in /home/soluctem/sistema.soluctem.com.co/api/submit.php on line 84
[29-Jan-2025 19:32:05 UTC] PHP Warning:  Undefined array key "fallaTerceros" in /home/soluctem/sistema.soluctem.com.co/api/submit.php on line 85
[29-Jan-2025 19:32:05 UTC] PHP Warning:  Undefined array key "fallaFabricacion" in /home/soluctem/sistema.soluctem.com.co/api/submit.php on line 86
[29-Jan-2025 19:32:05 UTC] PHP Warning:  Undefined array key "firma_digital_cliente" in /home/soluctem/sistema.soluctem.com.co/api/submit.php on line 87
[29-Jan-2025 19:32:05 UTC] PHP Warning:  Undefined array key "firma_digital_tecnico" in /home/soluctem/sistema.soluctem.com.co/api/submit.php on line 88
[29-Jan-2025 20:24:58 UTC] PHP Warning:  Undefined array key "nombreSolicitante" in /home/soluctem/sistema.soluctem.com.co/api/submit.php on line 29
[29-Jan-2025 20:24:58 UTC] PHP Warning:  Undefined array key "cargo" in /home/soluctem/sistema.soluctem.com.co/api/submit.php on line 30
[29-Jan-2025 20:24:58 UTC] PHP Warning:  Undefined array key "nombreTienda" in /home/soluctem/sistema.soluctem.com.co/api/submit.php on line 31
[29-Jan-2025 20:24:58 UTC] PHP Warning:  Undefined array key "numeroTienda" in /home/soluctem/sistema.soluctem.com.co/api/submit.php on line 32
[29-Jan-2025 20:24:58 UTC] PHP Warning:  Undefined array key "numeroTicket" in /home/soluctem/sistema.soluctem.com.co/api/submit.php on line 33
[29-Jan-2025 20:24:58 UTC] PHP Warning:  Undefined array key "fecha" in /home/soluctem/sistema.soluctem.com.co/api/submit.php on line 34
[29-Jan-2025 20:24:58 UTC] PHP Warning:  Undefined array key "municipio" in /home/soluctem/sistema.soluctem.com.co/api/submit.php on line 35
[29-Jan-2025 20:24:58 UTC] PHP Warning:  Undefined array key "departamento" in /home/soluctem/sistema.soluctem.com.co/api/submit.php on line 36
[29-Jan-2025 20:24:58 UTC] PHP Warning:  Undefined array key "nombreEquipo" in /home/soluctem/sistema.soluctem.com.co/api/submit.php on line 37
[29-Jan-2025 20:24:58 UTC] PHP Warning:  Undefined array key "marca" in /home/soluctem/sistema.soluctem.com.co/api/submit.php on line 38
[29-Jan-2025 20:24:58 UTC] PHP Warning:  Undefined array key "serial" in /home/soluctem/sistema.soluctem.com.co/api/submit.php on line 39
[29-Jan-2025 20:24:58 UTC] PHP Warning:  Undefined array key "descripcionFalla" in /home/soluctem/sistema.soluctem.com.co/api/submit.php on line 40
[29-Jan-2025 20:24:58 UTC] PHP Warning:  Undefined array key "diagnosticoTecnico" in /home/soluctem/sistema.soluctem.com.co/api/submit.php on line 41
[29-Jan-2025 20:24:58 UTC] PHP Warning:  Undefined array key "repuestosCambiados" in /home/soluctem/sistema.soluctem.com.co/api/submit.php on line 42
[29-Jan-2025 20:24:58 UTC] PHP Warning:  Undefined array key "observaciones" in /home/soluctem/sistema.soluctem.com.co/api/submit.php on line 43
[29-Jan-2025 20:24:58 UTC] PHP Warning:  Undefined array key "seguridadRiesgoAccidentalidad" in /home/soluctem/sistema.soluctem.com.co/api/submit.php on line 44
[29-Jan-2025 20:24:58 UTC] PHP Warning:  Undefined array key "seguridadRiesgoEquipo" in /home/soluctem/sistema.soluctem.com.co/api/submit.php on line 45
[29-Jan-2025 20:24:58 UTC] PHP Warning:  Undefined array key "funcionamientoFallaSolucionada" in /home/soluctem/sistema.soluctem.com.co/api/submit.php on line 46
[29-Jan-2025 20:24:58 UTC] PHP Warning:  Undefined array key "funcionamientoPasosNormales" in /home/soluctem/sistema.soluctem.com.co/api/submit.php on line 47
[29-Jan-2025 20:24:58 UTC] PHP Warning:  Undefined array key "calidadTrabajo" in /home/soluctem/sistema.soluctem.com.co/api/submit.php on line 48
[29-Jan-2025 20:24:58 UTC] PHP Warning:  Undefined array key "limpiezaOrganizacionArmado" in /home/soluctem/sistema.soluctem.com.co/api/submit.php on line 49
[29-Jan-2025 20:24:58 UTC] PHP Warning:  Undefined array key "limpiezaOrganizacionAseado" in /home/soluctem/sistema.soluctem.com.co/api/submit.php on line 50
[29-Jan-2025 20:24:58 UTC] PHP Warning:  Undefined array key "capacitacionCausa" in /home/soluctem/sistema.soluctem.com.co/api/submit.php on line 51
[29-Jan-2025 20:24:58 UTC] PHP Warning:  Undefined array key "capacitacionPrevencion" in /home/soluctem/sistema.soluctem.com.co/api/submit.php on line 52
[29-Jan-2025 20:24:58 UTC] PHP Warning:  Undefined array key "capacitacionAccion" in /home/soluctem/sistema.soluctem.com.co/api/submit.php on line 53
[29-Jan-2025 20:24:58 UTC] PHP Warning:  Undefined array key "contratista1" in /home/soluctem/sistema.soluctem.com.co/api/submit.php on line 54
[29-Jan-2025 20:24:58 UTC] PHP Warning:  Undefined array key "cedula1" in /home/soluctem/sistema.soluctem.com.co/api/submit.php on line 55
[29-Jan-2025 20:24:58 UTC] PHP Warning:  Undefined array key "horaEntrada1" in /home/soluctem/sistema.soluctem.com.co/api/submit.php on line 56
[29-Jan-2025 20:24:58 UTC] PHP Warning:  Undefined array key "horaSalida1" in /home/soluctem/sistema.soluctem.com.co/api/submit.php on line 57
[29-Jan-2025 20:24:58 UTC] PHP Warning:  Undefined array key "contratista2" in /home/soluctem/sistema.soluctem.com.co/api/submit.php on line 58
[29-Jan-2025 20:24:58 UTC] PHP Warning:  Undefined array key "cedula2" in /home/soluctem/sistema.soluctem.com.co/api/submit.php on line 59
[29-Jan-2025 20:24:58 UTC] PHP Warning:  Undefined array key "horaEntrada2" in /home/soluctem/sistema.soluctem.com.co/api/submit.php on line 60
[29-Jan-2025 20:24:58 UTC] PHP Warning:  Undefined array key "horaSalida2" in /home/soluctem/sistema.soluctem.com.co/api/submit.php on line 61
[29-Jan-2025 20:24:58 UTC] PHP Warning:  Undefined array key "contratista3" in /home/soluctem/sistema.soluctem.com.co/api/submit.php on line 62
[29-Jan-2025 20:24:58 UTC] PHP Warning:  Undefined array key "cedula3" in /home/soluctem/sistema.soluctem.com.co/api/submit.php on line 63
[29-Jan-2025 20:24:58 UTC] PHP Warning:  Undefined array key "horaEntrada3" in /home/soluctem/sistema.soluctem.com.co/api/submit.php on line 64
[29-Jan-2025 20:24:58 UTC] PHP Warning:  Undefined array key "horaSalida3" in /home/soluctem/sistema.soluctem.com.co/api/submit.php on line 65
[29-Jan-2025 20:24:58 UTC] PHP Warning:  Undefined array key "contratista4" in /home/soluctem/sistema.soluctem.com.co/api/submit.php on line 66
[29-Jan-2025 20:24:58 UTC] PHP Warning:  Undefined array key "cedula4" in /home/soluctem/sistema.soluctem.com.co/api/submit.php on line 67
[29-Jan-2025 20:24:58 UTC] PHP Warning:  Undefined array key "horaEntrada4" in /home/soluctem/sistema.soluctem.com.co/api/submit.php on line 68
[29-Jan-2025 20:24:58 UTC] PHP Warning:  Undefined array key "horaSalida4" in /home/soluctem/sistema.soluctem.com.co/api/submit.php on line 69
[29-Jan-2025 20:24:58 UTC] PHP Warning:  Undefined array key "nombreFuncionario" in /home/soluctem/sistema.soluctem.com.co/api/submit.php on line 70
[29-Jan-2025 20:24:58 UTC] PHP Warning:  Undefined array key "cedulaFuncionario" in /home/soluctem/sistema.soluctem.com.co/api/submit.php on line 71
[29-Jan-2025 20:24:58 UTC] PHP Warning:  Undefined array key "cargoFuncionario" in /home/soluctem/sistema.soluctem.com.co/api/submit.php on line 72
[29-Jan-2025 20:24:58 UTC] PHP Warning:  Undefined array key "sapFuncionario" in /home/soluctem/sistema.soluctem.com.co/api/submit.php on line 73
[29-Jan-2025 20:24:58 UTC] PHP Warning:  Undefined array key "timestamp" in /home/soluctem/sistema.soluctem.com.co/api/submit.php on line 74
[29-Jan-2025 20:24:58 UTC] PHP Warning:  Undefined array key "asistenciaReparacion" in /home/soluctem/sistema.soluctem.com.co/api/submit.php on line 75
[29-Jan-2025 20:24:58 UTC] PHP Warning:  Undefined array key "asistenciaGarantia" in /home/soluctem/sistema.soluctem.com.co/api/submit.php on line 76
[29-Jan-2025 20:24:58 UTC] PHP Warning:  Undefined array key "asistenciaAjuste" in /home/soluctem/sistema.soluctem.com.co/api/submit.php on line 77
[29-Jan-2025 20:24:58 UTC] PHP Warning:  Undefined array key "asistenciaModificacion" in /home/soluctem/sistema.soluctem.com.co/api/submit.php on line 78
[29-Jan-2025 20:24:58 UTC] PHP Warning:  Undefined array key "asistenciaServicio" in /home/soluctem/sistema.soluctem.com.co/api/submit.php on line 79
[29-Jan-2025 20:24:58 UTC] PHP Warning:  Undefined array key "asistenciaMejora" in /home/soluctem/sistema.soluctem.com.co/api/submit.php on line 80
[29-Jan-2025 20:24:58 UTC] PHP Warning:  Undefined array key "asistenciaCombinacion" in /home/soluctem/sistema.soluctem.com.co/api/submit.php on line 81
[29-Jan-2025 20:24:58 UTC] PHP Warning:  Undefined array key "fallaOperacion" in /home/soluctem/sistema.soluctem.com.co/api/submit.php on line 82
[29-Jan-2025 20:24:58 UTC] PHP Warning:  Undefined array key "fallaMecanica" in /home/soluctem/sistema.soluctem.com.co/api/submit.php on line 83
[29-Jan-2025 20:24:58 UTC] PHP Warning:  Undefined array key "fallaElectrica" in /home/soluctem/sistema.soluctem.com.co/api/submit.php on line 84
[29-Jan-2025 20:24:58 UTC] PHP Warning:  Undefined array key "fallaTerceros" in /home/soluctem/sistema.soluctem.com.co/api/submit.php on line 85
[29-Jan-2025 20:24:58 UTC] PHP Warning:  Undefined array key "fallaFabricacion" in /home/soluctem/sistema.soluctem.com.co/api/submit.php on line 86
[29-Jan-2025 20:24:58 UTC] PHP Warning:  Undefined array key "firma_digital_cliente" in /home/soluctem/sistema.soluctem.com.co/api/submit.php on line 87
[29-Jan-2025 20:24:58 UTC] PHP Warning:  Undefined array key "firma_digital_tecnico" in /home/soluctem/sistema.soluctem.com.co/api/submit.php on line 88
[29-Jan-2025 21:05:02 UTC] PHP Warning:  Undefined array key "nombreSolicitante" in /home/soluctem/sistema.soluctem.com.co/api/submit.php on line 29
[29-Jan-2025 21:05:02 UTC] PHP Warning:  Undefined array key "cargo" in /home/soluctem/sistema.soluctem.com.co/api/submit.php on line 30
[29-Jan-2025 21:05:02 UTC] PHP Warning:  Undefined array key "nombreTienda" in /home/soluctem/sistema.soluctem.com.co/api/submit.php on line 31
[29-Jan-2025 21:05:02 UTC] PHP Warning:  Undefined array key "numeroTienda" in /home/soluctem/sistema.soluctem.com.co/api/submit.php on line 32
[29-Jan-2025 21:05:02 UTC] PHP Warning:  Undefined array key "numeroTicket" in /home/soluctem/sistema.soluctem.com.co/api/submit.php on line 33
[29-Jan-2025 21:05:02 UTC] PHP Warning:  Undefined array key "fecha" in /home/soluctem/sistema.soluctem.com.co/api/submit.php on line 34
[29-Jan-2025 21:05:02 UTC] PHP Warning:  Undefined array key "municipio" in /home/soluctem/sistema.soluctem.com.co/api/submit.php on line 35
[29-Jan-2025 21:05:02 UTC] PHP Warning:  Undefined array key "departamento" in /home/soluctem/sistema.soluctem.com.co/api/submit.php on line 36
[29-Jan-2025 21:05:02 UTC] PHP Warning:  Undefined array key "nombreEquipo" in /home/soluctem/sistema.soluctem.com.co/api/submit.php on line 37
[29-Jan-2025 21:05:02 UTC] PHP Warning:  Undefined array key "marca" in /home/soluctem/sistema.soluctem.com.co/api/submit.php on line 38
[29-Jan-2025 21:05:02 UTC] PHP Warning:  Undefined array key "serial" in /home/soluctem/sistema.soluctem.com.co/api/submit.php on line 39
[29-Jan-2025 21:05:02 UTC] PHP Warning:  Undefined array key "descripcionFalla" in /home/soluctem/sistema.soluctem.com.co/api/submit.php on line 40
[29-Jan-2025 21:05:02 UTC] PHP Warning:  Undefined array key "diagnosticoTecnico" in /home/soluctem/sistema.soluctem.com.co/api/submit.php on line 41
[29-Jan-2025 21:05:02 UTC] PHP Warning:  Undefined array key "repuestosCambiados" in /home/soluctem/sistema.soluctem.com.co/api/submit.php on line 42
[29-Jan-2025 21:05:02 UTC] PHP Warning:  Undefined array key "observaciones" in /home/soluctem/sistema.soluctem.com.co/api/submit.php on line 43
[29-Jan-2025 21:05:02 UTC] PHP Warning:  Undefined array key "seguridadRiesgoAccidentalidad" in /home/soluctem/sistema.soluctem.com.co/api/submit.php on line 44
[29-Jan-2025 21:05:02 UTC] PHP Warning:  Undefined array key "seguridadRiesgoEquipo" in /home/soluctem/sistema.soluctem.com.co/api/submit.php on line 45
[29-Jan-2025 21:05:02 UTC] PHP Warning:  Undefined array key "funcionamientoFallaSolucionada" in /home/soluctem/sistema.soluctem.com.co/api/submit.php on line 46
[29-Jan-2025 21:05:02 UTC] PHP Warning:  Undefined array key "funcionamientoPasosNormales" in /home/soluctem/sistema.soluctem.com.co/api/submit.php on line 47
[29-Jan-2025 21:05:02 UTC] PHP Warning:  Undefined array key "calidadTrabajo" in /home/soluctem/sistema.soluctem.com.co/api/submit.php on line 48
[29-Jan-2025 21:05:02 UTC] PHP Warning:  Undefined array key "limpiezaOrganizacionArmado" in /home/soluctem/sistema.soluctem.com.co/api/submit.php on line 49
[29-Jan-2025 21:05:02 UTC] PHP Warning:  Undefined array key "limpiezaOrganizacionAseado" in /home/soluctem/sistema.soluctem.com.co/api/submit.php on line 50
[29-Jan-2025 21:05:02 UTC] PHP Warning:  Undefined array key "capacitacionCausa" in /home/soluctem/sistema.soluctem.com.co/api/submit.php on line 51
[29-Jan-2025 21:05:02 UTC] PHP Warning:  Undefined array key "capacitacionPrevencion" in /home/soluctem/sistema.soluctem.com.co/api/submit.php on line 52
[29-Jan-2025 21:05:02 UTC] PHP Warning:  Undefined array key "capacitacionAccion" in /home/soluctem/sistema.soluctem.com.co/api/submit.php on line 53
[29-Jan-2025 21:05:02 UTC] PHP Warning:  Undefined array key "contratista1" in /home/soluctem/sistema.soluctem.com.co/api/submit.php on line 54
[29-Jan-2025 21:05:02 UTC] PHP Warning:  Undefined array key "cedula1" in /home/soluctem/sistema.soluctem.com.co/api/submit.php on line 55
[29-Jan-2025 21:05:02 UTC] PHP Warning:  Undefined array key "horaEntrada1" in /home/soluctem/sistema.soluctem.com.co/api/submit.php on line 56
[29-Jan-2025 21:05:02 UTC] PHP Warning:  Undefined array key "horaSalida1" in /home/soluctem/sistema.soluctem.com.co/api/submit.php on line 57
[29-Jan-2025 21:05:02 UTC] PHP Warning:  Undefined array key "contratista2" in /home/soluctem/sistema.soluctem.com.co/api/submit.php on line 58
[29-Jan-2025 21:05:02 UTC] PHP Warning:  Undefined array key "cedula2" in /home/soluctem/sistema.soluctem.com.co/api/submit.php on line 59
[29-Jan-2025 21:05:02 UTC] PHP Warning:  Undefined array key "horaEntrada2" in /home/soluctem/sistema.soluctem.com.co/api/submit.php on line 60
[29-Jan-2025 21:05:02 UTC] PHP Warning:  Undefined array key "horaSalida2" in /home/soluctem/sistema.soluctem.com.co/api/submit.php on line 61
[29-Jan-2025 21:05:02 UTC] PHP Warning:  Undefined array key "contratista3" in /home/soluctem/sistema.soluctem.com.co/api/submit.php on line 62
[29-Jan-2025 21:05:02 UTC] PHP Warning:  Undefined array key "cedula3" in /home/soluctem/sistema.soluctem.com.co/api/submit.php on line 63
[29-Jan-2025 21:05:02 UTC] PHP Warning:  Undefined array key "horaEntrada3" in /home/soluctem/sistema.soluctem.com.co/api/submit.php on line 64
[29-Jan-2025 21:05:02 UTC] PHP Warning:  Undefined array key "horaSalida3" in /home/soluctem/sistema.soluctem.com.co/api/submit.php on line 65
[29-Jan-2025 21:05:02 UTC] PHP Warning:  Undefined array key "contratista4" in /home/soluctem/sistema.soluctem.com.co/api/submit.php on line 66
[29-Jan-2025 21:05:02 UTC] PHP Warning:  Undefined array key "cedula4" in /home/soluctem/sistema.soluctem.com.co/api/submit.php on line 67
[29-Jan-2025 21:05:02 UTC] PHP Warning:  Undefined array key "horaEntrada4" in /home/soluctem/sistema.soluctem.com.co/api/submit.php on line 68
[29-Jan-2025 21:05:02 UTC] PHP Warning:  Undefined array key "horaSalida4" in /home/soluctem/sistema.soluctem.com.co/api/submit.php on line 69
[29-Jan-2025 21:05:02 UTC] PHP Warning:  Undefined array key "nombreFuncionario" in /home/soluctem/sistema.soluctem.com.co/api/submit.php on line 70
[29-Jan-2025 21:05:02 UTC] PHP Warning:  Undefined array key "cedulaFuncionario" in /home/soluctem/sistema.soluctem.com.co/api/submit.php on line 71
[29-Jan-2025 21:05:02 UTC] PHP Warning:  Undefined array key "cargoFuncionario" in /home/soluctem/sistema.soluctem.com.co/api/submit.php on line 72
[29-Jan-2025 21:05:02 UTC] PHP Warning:  Undefined array key "sapFuncionario" in /home/soluctem/sistema.soluctem.com.co/api/submit.php on line 73
[29-Jan-2025 21:05:02 UTC] PHP Warning:  Undefined array key "timestamp" in /home/soluctem/sistema.soluctem.com.co/api/submit.php on line 74
[29-Jan-2025 21:05:02 UTC] PHP Warning:  Undefined array key "asistenciaReparacion" in /home/soluctem/sistema.soluctem.com.co/api/submit.php on line 75
[29-Jan-2025 21:05:02 UTC] PHP Warning:  Undefined array key "asistenciaGarantia" in /home/soluctem/sistema.soluctem.com.co/api/submit.php on line 76
[29-Jan-2025 21:05:02 UTC] PHP Warning:  Undefined array key "asistenciaAjuste" in /home/soluctem/sistema.soluctem.com.co/api/submit.php on line 77
[29-Jan-2025 21:05:02 UTC] PHP Warning:  Undefined array key "asistenciaModificacion" in /home/soluctem/sistema.soluctem.com.co/api/submit.php on line 78
[29-Jan-2025 21:05:02 UTC] PHP Warning:  Undefined array key "asistenciaServicio" in /home/soluctem/sistema.soluctem.com.co/api/submit.php on line 79
[29-Jan-2025 21:05:02 UTC] PHP Warning:  Undefined array key "asistenciaMejora" in /home/soluctem/sistema.soluctem.com.co/api/submit.php on line 80
[29-Jan-2025 21:05:02 UTC] PHP Warning:  Undefined array key "asistenciaCombinacion" in /home/soluctem/sistema.soluctem.com.co/api/submit.php on line 81
[29-Jan-2025 21:05:02 UTC] PHP Warning:  Undefined array key "fallaOperacion" in /home/soluctem/sistema.soluctem.com.co/api/submit.php on line 82
[29-Jan-2025 21:05:02 UTC] PHP Warning:  Undefined array key "fallaMecanica" in /home/soluctem/sistema.soluctem.com.co/api/submit.php on line 83
[29-Jan-2025 21:05:02 UTC] PHP Warning:  Undefined array key "fallaElectrica" in /home/soluctem/sistema.soluctem.com.co/api/submit.php on line 84
[29-Jan-2025 21:05:02 UTC] PHP Warning:  Undefined array key "fallaTerceros" in /home/soluctem/sistema.soluctem.com.co/api/submit.php on line 85
[29-Jan-2025 21:05:02 UTC] PHP Warning:  Undefined array key "fallaFabricacion" in /home/soluctem/sistema.soluctem.com.co/api/submit.php on line 86
[29-Jan-2025 21:05:02 UTC] PHP Warning:  Undefined array key "firma_digital_cliente" in /home/soluctem/sistema.soluctem.com.co/api/submit.php on line 87
[29-Jan-2025 21:05:02 UTC] PHP Warning:  Undefined array key "firma_digital_tecnico" in /home/soluctem/sistema.soluctem.com.co/api/submit.php on line 88
[29-Jan-2025 21:46:11 UTC] PHP Warning:  Undefined array key "nombreSolicitante" in /home/soluctem/sistema.soluctem.com.co/api/submit.php on line 29
[29-Jan-2025 21:46:11 UTC] PHP Warning:  Undefined array key "cargo" in /home/soluctem/sistema.soluctem.com.co/api/submit.php on line 30
[29-Jan-2025 21:46:11 UTC] PHP Warning:  Undefined array key "nombreTienda" in /home/soluctem/sistema.soluctem.com.co/api/submit.php on line 31
[29-Jan-2025 21:46:11 UTC] PHP Warning:  Undefined array key "numeroTienda" in /home/soluctem/sistema.soluctem.com.co/api/submit.php on line 32
[29-Jan-2025 21:46:11 UTC] PHP Warning:  Undefined array key "numeroTicket" in /home/soluctem/sistema.soluctem.com.co/api/submit.php on line 33
[29-Jan-2025 21:46:11 UTC] PHP Warning:  Undefined array key "fecha" in /home/soluctem/sistema.soluctem.com.co/api/submit.php on line 34
[29-Jan-2025 21:46:11 UTC] PHP Warning:  Undefined array key "municipio" in /home/soluctem/sistema.soluctem.com.co/api/submit.php on line 35
[29-Jan-2025 21:46:11 UTC] PHP Warning:  Undefined array key "departamento" in /home/soluctem/sistema.soluctem.com.co/api/submit.php on line 36
[29-Jan-2025 21:46:11 UTC] PHP Warning:  Undefined array key "nombreEquipo" in /home/soluctem/sistema.soluctem.com.co/api/submit.php on line 37
[29-Jan-2025 21:46:11 UTC] PHP Warning:  Undefined array key "marca" in /home/soluctem/sistema.soluctem.com.co/api/submit.php on line 38
[29-Jan-2025 21:46:11 UTC] PHP Warning:  Undefined array key "serial" in /home/soluctem/sistema.soluctem.com.co/api/submit.php on line 39
[29-Jan-2025 21:46:11 UTC] PHP Warning:  Undefined array key "descripcionFalla" in /home/soluctem/sistema.soluctem.com.co/api/submit.php on line 40
[29-Jan-2025 21:46:11 UTC] PHP Warning:  Undefined array key "diagnosticoTecnico" in /home/soluctem/sistema.soluctem.com.co/api/submit.php on line 41
[29-Jan-2025 21:46:11 UTC] PHP Warning:  Undefined array key "repuestosCambiados" in /home/soluctem/sistema.soluctem.com.co/api/submit.php on line 42
[29-Jan-2025 21:46:11 UTC] PHP Warning:  Undefined array key "observaciones" in /home/soluctem/sistema.soluctem.com.co/api/submit.php on line 43
[29-Jan-2025 21:46:11 UTC] PHP Warning:  Undefined array key "seguridadRiesgoAccidentalidad" in /home/soluctem/sistema.soluctem.com.co/api/submit.php on line 44
[29-Jan-2025 21:46:11 UTC] PHP Warning:  Undefined array key "seguridadRiesgoEquipo" in /home/soluctem/sistema.soluctem.com.co/api/submit.php on line 45
[29-Jan-2025 21:46:11 UTC] PHP Warning:  Undefined array key "funcionamientoFallaSolucionada" in /home/soluctem/sistema.soluctem.com.co/api/submit.php on line 46
[29-Jan-2025 21:46:11 UTC] PHP Warning:  Undefined array key "funcionamientoPasosNormales" in /home/soluctem/sistema.soluctem.com.co/api/submit.php on line 47
[29-Jan-2025 21:46:11 UTC] PHP Warning:  Undefined array key "calidadTrabajo" in /home/soluctem/sistema.soluctem.com.co/api/submit.php on line 48
[29-Jan-2025 21:46:11 UTC] PHP Warning:  Undefined array key "limpiezaOrganizacionArmado" in /home/soluctem/sistema.soluctem.com.co/api/submit.php on line 49
[29-Jan-2025 21:46:11 UTC] PHP Warning:  Undefined array key "limpiezaOrganizacionAseado" in /home/soluctem/sistema.soluctem.com.co/api/submit.php on line 50
[29-Jan-2025 21:46:11 UTC] PHP Warning:  Undefined array key "capacitacionCausa" in /home/soluctem/sistema.soluctem.com.co/api/submit.php on line 51
[29-Jan-2025 21:46:11 UTC] PHP Warning:  Undefined array key "capacitacionPrevencion" in /home/soluctem/sistema.soluctem.com.co/api/submit.php on line 52
[29-Jan-2025 21:46:11 UTC] PHP Warning:  Undefined array key "capacitacionAccion" in /home/soluctem/sistema.soluctem.com.co/api/submit.php on line 53
[29-Jan-2025 21:46:11 UTC] PHP Warning:  Undefined array key "contratista1" in /home/soluctem/sistema.soluctem.com.co/api/submit.php on line 54
[29-Jan-2025 21:46:11 UTC] PHP Warning:  Undefined array key "cedula1" in /home/soluctem/sistema.soluctem.com.co/api/submit.php on line 55
[29-Jan-2025 21:46:11 UTC] PHP Warning:  Undefined array key "horaEntrada1" in /home/soluctem/sistema.soluctem.com.co/api/submit.php on line 56
[29-Jan-2025 21:46:11 UTC] PHP Warning:  Undefined array key "horaSalida1" in /home/soluctem/sistema.soluctem.com.co/api/submit.php on line 57
[29-Jan-2025 21:46:11 UTC] PHP Warning:  Undefined array key "contratista2" in /home/soluctem/sistema.soluctem.com.co/api/submit.php on line 58
[29-Jan-2025 21:46:11 UTC] PHP Warning:  Undefined array key "cedula2" in /home/soluctem/sistema.soluctem.com.co/api/submit.php on line 59
[29-Jan-2025 21:46:11 UTC] PHP Warning:  Undefined array key "horaEntrada2" in /home/soluctem/sistema.soluctem.com.co/api/submit.php on line 60
[29-Jan-2025 21:46:11 UTC] PHP Warning:  Undefined array key "horaSalida2" in /home/soluctem/sistema.soluctem.com.co/api/submit.php on line 61
[29-Jan-2025 21:46:11 UTC] PHP Warning:  Undefined array key "contratista3" in /home/soluctem/sistema.soluctem.com.co/api/submit.php on line 62
[29-Jan-2025 21:46:11 UTC] PHP Warning:  Undefined array key "cedula3" in /home/soluctem/sistema.soluctem.com.co/api/submit.php on line 63
[29-Jan-2025 21:46:11 UTC] PHP Warning:  Undefined array key "horaEntrada3" in /home/soluctem/sistema.soluctem.com.co/api/submit.php on line 64
[29-Jan-2025 21:46:11 UTC] PHP Warning:  Undefined array key "horaSalida3" in /home/soluctem/sistema.soluctem.com.co/api/submit.php on line 65
[29-Jan-2025 21:46:11 UTC] PHP Warning:  Undefined array key "contratista4" in /home/soluctem/sistema.soluctem.com.co/api/submit.php on line 66
[29-Jan-2025 21:46:11 UTC] PHP Warning:  Undefined array key "cedula4" in /home/soluctem/sistema.soluctem.com.co/api/submit.php on line 67
[29-Jan-2025 21:46:11 UTC] PHP Warning:  Undefined array key "horaEntrada4" in /home/soluctem/sistema.soluctem.com.co/api/submit.php on line 68
[29-Jan-2025 21:46:11 UTC] PHP Warning:  Undefined array key "horaSalida4" in /home/soluctem/sistema.soluctem.com.co/api/submit.php on line 69
[29-Jan-2025 21:46:11 UTC] PHP Warning:  Undefined array key "nombreFuncionario" in /home/soluctem/sistema.soluctem.com.co/api/submit.php on line 70
[29-Jan-2025 21:46:11 UTC] PHP Warning:  Undefined array key "cedulaFuncionario" in /home/soluctem/sistema.soluctem.com.co/api/submit.php on line 71
[29-Jan-2025 21:46:11 UTC] PHP Warning:  Undefined array key "cargoFuncionario" in /home/soluctem/sistema.soluctem.com.co/api/submit.php on line 72
[29-Jan-2025 21:46:11 UTC] PHP Warning:  Undefined array key "sapFuncionario" in /home/soluctem/sistema.soluctem.com.co/api/submit.php on line 73
[29-Jan-2025 21:46:11 UTC] PHP Warning:  Undefined array key "timestamp" in /home/soluctem/sistema.soluctem.com.co/api/submit.php on line 74
[29-Jan-2025 21:46:11 UTC] PHP Warning:  Undefined array key "asistenciaReparacion" in /home/soluctem/sistema.soluctem.com.co/api/submit.php on line 75
[29-Jan-2025 21:46:11 UTC] PHP Warning:  Undefined array key "asistenciaGarantia" in /home/soluctem/sistema.soluctem.com.co/api/submit.php on line 76
[29-Jan-2025 21:46:11 UTC] PHP Warning:  Undefined array key "asistenciaAjuste" in /home/soluctem/sistema.soluctem.com.co/api/submit.php on line 77
[29-Jan-2025 21:46:11 UTC] PHP Warning:  Undefined array key "asistenciaModificacion" in /home/soluctem/sistema.soluctem.com.co/api/submit.php on line 78
[29-Jan-2025 21:46:11 UTC] PHP Warning:  Undefined array key "asistenciaServicio" in /home/soluctem/sistema.soluctem.com.co/api/submit.php on line 79
[29-Jan-2025 21:46:11 UTC] PHP Warning:  Undefined array key "asistenciaMejora" in /home/soluctem/sistema.soluctem.com.co/api/submit.php on line 80
[29-Jan-2025 21:46:11 UTC] PHP Warning:  Undefined array key "asistenciaCombinacion" in /home/soluctem/sistema.soluctem.com.co/api/submit.php on line 81
[29-Jan-2025 21:46:11 UTC] PHP Warning:  Undefined array key "fallaOperacion" in /home/soluctem/sistema.soluctem.com.co/api/submit.php on line 82
[29-Jan-2025 21:46:11 UTC] PHP Warning:  Undefined array key "fallaMecanica" in /home/soluctem/sistema.soluctem.com.co/api/submit.php on line 83
[29-Jan-2025 21:46:11 UTC] PHP Warning:  Undefined array key "fallaElectrica" in /home/soluctem/sistema.soluctem.com.co/api/submit.php on line 84
[29-Jan-2025 21:46:11 UTC] PHP Warning:  Undefined array key "fallaTerceros" in /home/soluctem/sistema.soluctem.com.co/api/submit.php on line 85
[29-Jan-2025 21:46:11 UTC] PHP Warning:  Undefined array key "fallaFabricacion" in /home/soluctem/sistema.soluctem.com.co/api/submit.php on line 86
[29-Jan-2025 21:46:11 UTC] PHP Warning:  Undefined array key "firma_digital_cliente" in /home/soluctem/sistema.soluctem.com.co/api/submit.php on line 87
[29-Jan-2025 21:46:11 UTC] PHP Warning:  Undefined array key "firma_digital_tecnico" in /home/soluctem/sistema.soluctem.com.co/api/submit.php on line 88
[29-Jan-2025 21:46:44 UTC] PHP Warning:  Undefined array key "nombreSolicitante" in /home/soluctem/sistema.soluctem.com.co/api/submit.php on line 29
[29-Jan-2025 21:46:44 UTC] PHP Warning:  Undefined array key "cargo" in /home/soluctem/sistema.soluctem.com.co/api/submit.php on line 30
[29-Jan-2025 21:46:44 UTC] PHP Warning:  Undefined array key "nombreTienda" in /home/soluctem/sistema.soluctem.com.co/api/submit.php on line 31
[29-Jan-2025 21:46:44 UTC] PHP Warning:  Undefined array key "numeroTienda" in /home/soluctem/sistema.soluctem.com.co/api/submit.php on line 32
[29-Jan-2025 21:46:44 UTC] PHP Warning:  Undefined array key "numeroTicket" in /home/soluctem/sistema.soluctem.com.co/api/submit.php on line 33
[29-Jan-2025 21:46:44 UTC] PHP Warning:  Undefined array key "fecha" in /home/soluctem/sistema.soluctem.com.co/api/submit.php on line 34
[29-Jan-2025 21:46:44 UTC] PHP Warning:  Undefined array key "municipio" in /home/soluctem/sistema.soluctem.com.co/api/submit.php on line 35
[29-Jan-2025 21:46:44 UTC] PHP Warning:  Undefined array key "departamento" in /home/soluctem/sistema.soluctem.com.co/api/submit.php on line 36
[29-Jan-2025 21:46:44 UTC] PHP Warning:  Undefined array key "nombreEquipo" in /home/soluctem/sistema.soluctem.com.co/api/submit.php on line 37
[29-Jan-2025 21:46:44 UTC] PHP Warning:  Undefined array key "marca" in /home/soluctem/sistema.soluctem.com.co/api/submit.php on line 38
[29-Jan-2025 21:46:44 UTC] PHP Warning:  Undefined array key "serial" in /home/soluctem/sistema.soluctem.com.co/api/submit.php on line 39
[29-Jan-2025 21:46:44 UTC] PHP Warning:  Undefined array key "descripcionFalla" in /home/soluctem/sistema.soluctem.com.co/api/submit.php on line 40
[29-Jan-2025 21:46:44 UTC] PHP Warning:  Undefined array key "diagnosticoTecnico" in /home/soluctem/sistema.soluctem.com.co/api/submit.php on line 41
[29-Jan-2025 21:46:44 UTC] PHP Warning:  Undefined array key "repuestosCambiados" in /home/soluctem/sistema.soluctem.com.co/api/submit.php on line 42
[29-Jan-2025 21:46:44 UTC] PHP Warning:  Undefined array key "observaciones" in /home/soluctem/sistema.soluctem.com.co/api/submit.php on line 43
[29-Jan-2025 21:46:44 UTC] PHP Warning:  Undefined array key "seguridadRiesgoAccidentalidad" in /home/soluctem/sistema.soluctem.com.co/api/submit.php on line 44
[29-Jan-2025 21:46:44 UTC] PHP Warning:  Undefined array key "seguridadRiesgoEquipo" in /home/soluctem/sistema.soluctem.com.co/api/submit.php on line 45
[29-Jan-2025 21:46:44 UTC] PHP Warning:  Undefined array key "funcionamientoFallaSolucionada" in /home/soluctem/sistema.soluctem.com.co/api/submit.php on line 46
[29-Jan-2025 21:46:44 UTC] PHP Warning:  Undefined array key "funcionamientoPasosNormales" in /home/soluctem/sistema.soluctem.com.co/api/submit.php on line 47
[29-Jan-2025 21:46:44 UTC] PHP Warning:  Undefined array key "calidadTrabajo" in /home/soluctem/sistema.soluctem.com.co/api/submit.php on line 48
[29-Jan-2025 21:46:44 UTC] PHP Warning:  Undefined array key "limpiezaOrganizacionArmado" in /home/soluctem/sistema.soluctem.com.co/api/submit.php on line 49
[29-Jan-2025 21:46:44 UTC] PHP Warning:  Undefined array key "limpiezaOrganizacionAseado" in /home/soluctem/sistema.soluctem.com.co/api/submit.php on line 50
[29-Jan-2025 21:46:44 UTC] PHP Warning:  Undefined array key "capacitacionCausa" in /home/soluctem/sistema.soluctem.com.co/api/submit.php on line 51
[29-Jan-2025 21:46:44 UTC] PHP Warning:  Undefined array key "capacitacionPrevencion" in /home/soluctem/sistema.soluctem.com.co/api/submit.php on line 52
[29-Jan-2025 21:46:44 UTC] PHP Warning:  Undefined array key "capacitacionAccion" in /home/soluctem/sistema.soluctem.com.co/api/submit.php on line 53
[29-Jan-2025 21:46:44 UTC] PHP Warning:  Undefined array key "contratista1" in /home/soluctem/sistema.soluctem.com.co/api/submit.php on line 54
[29-Jan-2025 21:46:44 UTC] PHP Warning:  Undefined array key "cedula1" in /home/soluctem/sistema.soluctem.com.co/api/submit.php on line 55
[29-Jan-2025 21:46:44 UTC] PHP Warning:  Undefined array key "horaEntrada1" in /home/soluctem/sistema.soluctem.com.co/api/submit.php on line 56
[29-Jan-2025 21:46:44 UTC] PHP Warning:  Undefined array key "horaSalida1" in /home/soluctem/sistema.soluctem.com.co/api/submit.php on line 57
[29-Jan-2025 21:46:44 UTC] PHP Warning:  Undefined array key "contratista2" in /home/soluctem/sistema.soluctem.com.co/api/submit.php on line 58
[29-Jan-2025 21:46:44 UTC] PHP Warning:  Undefined array key "cedula2" in /home/soluctem/sistema.soluctem.com.co/api/submit.php on line 59
[29-Jan-2025 21:46:44 UTC] PHP Warning:  Undefined array key "horaEntrada2" in /home/soluctem/sistema.soluctem.com.co/api/submit.php on line 60
[29-Jan-2025 21:46:44 UTC] PHP Warning:  Undefined array key "horaSalida2" in /home/soluctem/sistema.soluctem.com.co/api/submit.php on line 61
[29-Jan-2025 21:46:44 UTC] PHP Warning:  Undefined array key "contratista3" in /home/soluctem/sistema.soluctem.com.co/api/submit.php on line 62
[29-Jan-2025 21:46:44 UTC] PHP Warning:  Undefined array key "cedula3" in /home/soluctem/sistema.soluctem.com.co/api/submit.php on line 63
[29-Jan-2025 21:46:44 UTC] PHP Warning:  Undefined array key "horaEntrada3" in /home/soluctem/sistema.soluctem.com.co/api/submit.php on line 64
[29-Jan-2025 21:46:44 UTC] PHP Warning:  Undefined array key "horaSalida3" in /home/soluctem/sistema.soluctem.com.co/api/submit.php on line 65
[29-Jan-2025 21:46:44 UTC] PHP Warning:  Undefined array key "contratista4" in /home/soluctem/sistema.soluctem.com.co/api/submit.php on line 66
[29-Jan-2025 21:46:44 UTC] PHP Warning:  Undefined array key "cedula4" in /home/soluctem/sistema.soluctem.com.co/api/submit.php on line 67
[29-Jan-2025 21:46:44 UTC] PHP Warning:  Undefined array key "horaEntrada4" in /home/soluctem/sistema.soluctem.com.co/api/submit.php on line 68
[29-Jan-2025 21:46:44 UTC] PHP Warning:  Undefined array key "horaSalida4" in /home/soluctem/sistema.soluctem.com.co/api/submit.php on line 69
[29-Jan-2025 21:46:44 UTC] PHP Warning:  Undefined array key "nombreFuncionario" in /home/soluctem/sistema.soluctem.com.co/api/submit.php on line 70
[29-Jan-2025 21:46:44 UTC] PHP Warning:  Undefined array key "cedulaFuncionario" in /home/soluctem/sistema.soluctem.com.co/api/submit.php on line 71
[29-Jan-2025 21:46:44 UTC] PHP Warning:  Undefined array key "cargoFuncionario" in /home/soluctem/sistema.soluctem.com.co/api/submit.php on line 72
[29-Jan-2025 21:46:44 UTC] PHP Warning:  Undefined array key "sapFuncionario" in /home/soluctem/sistema.soluctem.com.co/api/submit.php on line 73
[29-Jan-2025 21:46:44 UTC] PHP Warning:  Undefined array key "timestamp" in /home/soluctem/sistema.soluctem.com.co/api/submit.php on line 74
[29-Jan-2025 21:46:44 UTC] PHP Warning:  Undefined array key "asistenciaReparacion" in /home/soluctem/sistema.soluctem.com.co/api/submit.php on line 75
[29-Jan-2025 21:46:44 UTC] PHP Warning:  Undefined array key "asistenciaGarantia" in /home/soluctem/sistema.soluctem.com.co/api/submit.php on line 76
[29-Jan-2025 21:46:44 UTC] PHP Warning:  Undefined array key "asistenciaAjuste" in /home/soluctem/sistema.soluctem.com.co/api/submit.php on line 77
[29-Jan-2025 21:46:44 UTC] PHP Warning:  Undefined array key "asistenciaModificacion" in /home/soluctem/sistema.soluctem.com.co/api/submit.php on line 78
[29-Jan-2025 21:46:44 UTC] PHP Warning:  Undefined array key "asistenciaServicio" in /home/soluctem/sistema.soluctem.com.co/api/submit.php on line 79
[29-Jan-2025 21:46:44 UTC] PHP Warning:  Undefined array key "asistenciaMejora" in /home/soluctem/sistema.soluctem.com.co/api/submit.php on line 80
[29-Jan-2025 21:46:44 UTC] PHP Warning:  Undefined array key "asistenciaCombinacion" in /home/soluctem/sistema.soluctem.com.co/api/submit.php on line 81
[29-Jan-2025 21:46:44 UTC] PHP Warning:  Undefined array key "fallaOperacion" in /home/soluctem/sistema.soluctem.com.co/api/submit.php on line 82
[29-Jan-2025 21:46:44 UTC] PHP Warning:  Undefined array key "fallaMecanica" in /home/soluctem/sistema.soluctem.com.co/api/submit.php on line 83
[29-Jan-2025 21:46:44 UTC] PHP Warning:  Undefined array key "fallaElectrica" in /home/soluctem/sistema.soluctem.com.co/api/submit.php on line 84
[29-Jan-2025 21:46:44 UTC] PHP Warning:  Undefined array key "fallaTerceros" in /home/soluctem/sistema.soluctem.com.co/api/submit.php on line 85
[29-Jan-2025 21:46:44 UTC] PHP Warning:  Undefined array key "fallaFabricacion" in /home/soluctem/sistema.soluctem.com.co/api/submit.php on line 86
[29-Jan-2025 21:46:44 UTC] PHP Warning:  Undefined array key "firma_digital_cliente" in /home/soluctem/sistema.soluctem.com.co/api/submit.php on line 87
[29-Jan-2025 21:46:44 UTC] PHP Warning:  Undefined array key "firma_digital_tecnico" in /home/soluctem/sistema.soluctem.com.co/api/submit.php on line 88
[29-Jan-2025 21:51:16 UTC] PHP Warning:  Undefined array key "nombreSolicitante" in /home/soluctem/sistema.soluctem.com.co/api/submit.php on line 29
[29-Jan-2025 21:51:16 UTC] PHP Warning:  Undefined array key "cargo" in /home/soluctem/sistema.soluctem.com.co/api/submit.php on line 30
[29-Jan-2025 21:51:16 UTC] PHP Warning:  Undefined array key "nombreTienda" in /home/soluctem/sistema.soluctem.com.co/api/submit.php on line 31
[29-Jan-2025 21:51:16 UTC] PHP Warning:  Undefined array key "numeroTienda" in /home/soluctem/sistema.soluctem.com.co/api/submit.php on line 32
[29-Jan-2025 21:51:16 UTC] PHP Warning:  Undefined array key "numeroTicket" in /home/soluctem/sistema.soluctem.com.co/api/submit.php on line 33
[29-Jan-2025 21:51:16 UTC] PHP Warning:  Undefined array key "fecha" in /home/soluctem/sistema.soluctem.com.co/api/submit.php on line 34
[29-Jan-2025 21:51:16 UTC] PHP Warning:  Undefined array key "municipio" in /home/soluctem/sistema.soluctem.com.co/api/submit.php on line 35
[29-Jan-2025 21:51:16 UTC] PHP Warning:  Undefined array key "departamento" in /home/soluctem/sistema.soluctem.com.co/api/submit.php on line 36
[29-Jan-2025 21:51:16 UTC] PHP Warning:  Undefined array key "nombreEquipo" in /home/soluctem/sistema.soluctem.com.co/api/submit.php on line 37
[29-Jan-2025 21:51:16 UTC] PHP Warning:  Undefined array key "marca" in /home/soluctem/sistema.soluctem.com.co/api/submit.php on line 38
[29-Jan-2025 21:51:16 UTC] PHP Warning:  Undefined array key "serial" in /home/soluctem/sistema.soluctem.com.co/api/submit.php on line 39
[29-Jan-2025 21:51:16 UTC] PHP Warning:  Undefined array key "descripcionFalla" in /home/soluctem/sistema.soluctem.com.co/api/submit.php on line 40
[29-Jan-2025 21:51:16 UTC] PHP Warning:  Undefined array key "diagnosticoTecnico" in /home/soluctem/sistema.soluctem.com.co/api/submit.php on line 41
[29-Jan-2025 21:51:16 UTC] PHP Warning:  Undefined array key "repuestosCambiados" in /home/soluctem/sistema.soluctem.com.co/api/submit.php on line 42
[29-Jan-2025 21:51:16 UTC] PHP Warning:  Undefined array key "observaciones" in /home/soluctem/sistema.soluctem.com.co/api/submit.php on line 43
[29-Jan-2025 21:51:16 UTC] PHP Warning:  Undefined array key "seguridadRiesgoAccidentalidad" in /home/soluctem/sistema.soluctem.com.co/api/submit.php on line 44
[29-Jan-2025 21:51:16 UTC] PHP Warning:  Undefined array key "seguridadRiesgoEquipo" in /home/soluctem/sistema.soluctem.com.co/api/submit.php on line 45
[29-Jan-2025 21:51:16 UTC] PHP Warning:  Undefined array key "funcionamientoFallaSolucionada" in /home/soluctem/sistema.soluctem.com.co/api/submit.php on line 46
[29-Jan-2025 21:51:16 UTC] PHP Warning:  Undefined array key "funcionamientoPasosNormales" in /home/soluctem/sistema.soluctem.com.co/api/submit.php on line 47
[29-Jan-2025 21:51:16 UTC] PHP Warning:  Undefined array key "calidadTrabajo" in /home/soluctem/sistema.soluctem.com.co/api/submit.php on line 48
[29-Jan-2025 21:51:16 UTC] PHP Warning:  Undefined array key "limpiezaOrganizacionArmado" in /home/soluctem/sistema.soluctem.com.co/api/submit.php on line 49
[29-Jan-2025 21:51:16 UTC] PHP Warning:  Undefined array key "limpiezaOrganizacionAseado" in /home/soluctem/sistema.soluctem.com.co/api/submit.php on line 50
[29-Jan-2025 21:51:16 UTC] PHP Warning:  Undefined array key "capacitacionCausa" in /home/soluctem/sistema.soluctem.com.co/api/submit.php on line 51
[29-Jan-2025 21:51:16 UTC] PHP Warning:  Undefined array key "capacitacionPrevencion" in /home/soluctem/sistema.soluctem.com.co/api/submit.php on line 52
[29-Jan-2025 21:51:16 UTC] PHP Warning:  Undefined array key "capacitacionAccion" in /home/soluctem/sistema.soluctem.com.co/api/submit.php on line 53
[29-Jan-2025 21:51:16 UTC] PHP Warning:  Undefined array key "contratista1" in /home/soluctem/sistema.soluctem.com.co/api/submit.php on line 54
[29-Jan-2025 21:51:16 UTC] PHP Warning:  Undefined array key "cedula1" in /home/soluctem/sistema.soluctem.com.co/api/submit.php on line 55
[29-Jan-2025 21:51:16 UTC] PHP Warning:  Undefined array key "horaEntrada1" in /home/soluctem/sistema.soluctem.com.co/api/submit.php on line 56
[29-Jan-2025 21:51:16 UTC] PHP Warning:  Undefined array key "horaSalida1" in /home/soluctem/sistema.soluctem.com.co/api/submit.php on line 57
[29-Jan-2025 21:51:16 UTC] PHP Warning:  Undefined array key "contratista2" in /home/soluctem/sistema.soluctem.com.co/api/submit.php on line 58
[29-Jan-2025 21:51:16 UTC] PHP Warning:  Undefined array key "cedula2" in /home/soluctem/sistema.soluctem.com.co/api/submit.php on line 59
[29-Jan-2025 21:51:16 UTC] PHP Warning:  Undefined array key "horaEntrada2" in /home/soluctem/sistema.soluctem.com.co/api/submit.php on line 60
[29-Jan-2025 21:51:16 UTC] PHP Warning:  Undefined array key "horaSalida2" in /home/soluctem/sistema.soluctem.com.co/api/submit.php on line 61
[29-Jan-2025 21:51:16 UTC] PHP Warning:  Undefined array key "contratista3" in /home/soluctem/sistema.soluctem.com.co/api/submit.php on line 62
[29-Jan-2025 21:51:16 UTC] PHP Warning:  Undefined array key "cedula3" in /home/soluctem/sistema.soluctem.com.co/api/submit.php on line 63
[29-Jan-2025 21:51:16 UTC] PHP Warning:  Undefined array key "horaEntrada3" in /home/soluctem/sistema.soluctem.com.co/api/submit.php on line 64
[29-Jan-2025 21:51:16 UTC] PHP Warning:  Undefined array key "horaSalida3" in /home/soluctem/sistema.soluctem.com.co/api/submit.php on line 65
[29-Jan-2025 21:51:16 UTC] PHP Warning:  Undefined array key "contratista4" in /home/soluctem/sistema.soluctem.com.co/api/submit.php on line 66
[29-Jan-2025 21:51:16 UTC] PHP Warning:  Undefined array key "cedula4" in /home/soluctem/sistema.soluctem.com.co/api/submit.php on line 67
[29-Jan-2025 21:51:16 UTC] PHP Warning:  Undefined array key "horaEntrada4" in /home/soluctem/sistema.soluctem.com.co/api/submit.php on line 68
[29-Jan-2025 21:51:16 UTC] PHP Warning:  Undefined array key "horaSalida4" in /home/soluctem/sistema.soluctem.com.co/api/submit.php on line 69
[29-Jan-2025 21:51:16 UTC] PHP Warning:  Undefined array key "nombreFuncionario" in /home/soluctem/sistema.soluctem.com.co/api/submit.php on line 70
[29-Jan-2025 21:51:16 UTC] PHP Warning:  Undefined array key "cedulaFuncionario" in /home/soluctem/sistema.soluctem.com.co/api/submit.php on line 71
[29-Jan-2025 21:51:16 UTC] PHP Warning:  Undefined array key "cargoFuncionario" in /home/soluctem/sistema.soluctem.com.co/api/submit.php on line 72
[29-Jan-2025 21:51:16 UTC] PHP Warning:  Undefined array key "sapFuncionario" in /home/soluctem/sistema.soluctem.com.co/api/submit.php on line 73
[29-Jan-2025 21:51:16 UTC] PHP Warning:  Undefined array key "timestamp" in /home/soluctem/sistema.soluctem.com.co/api/submit.php on line 74
[29-Jan-2025 21:51:16 UTC] PHP Warning:  Undefined array key "asistenciaReparacion" in /home/soluctem/sistema.soluctem.com.co/api/submit.php on line 75
[29-Jan-2025 21:51:16 UTC] PHP Warning:  Undefined array key "asistenciaGarantia" in /home/soluctem/sistema.soluctem.com.co/api/submit.php on line 76
[29-Jan-2025 21:51:16 UTC] PHP Warning:  Undefined array key "asistenciaAjuste" in /home/soluctem/sistema.soluctem.com.co/api/submit.php on line 77
[29-Jan-2025 21:51:16 UTC] PHP Warning:  Undefined array key "asistenciaModificacion" in /home/soluctem/sistema.soluctem.com.co/api/submit.php on line 78
[29-Jan-2025 21:51:16 UTC] PHP Warning:  Undefined array key "asistenciaServicio" in /home/soluctem/sistema.soluctem.com.co/api/submit.php on line 79
[29-Jan-2025 21:51:16 UTC] PHP Warning:  Undefined array key "asistenciaMejora" in /home/soluctem/sistema.soluctem.com.co/api/submit.php on line 80
[29-Jan-2025 21:51:16 UTC] PHP Warning:  Undefined array key "asistenciaCombinacion" in /home/soluctem/sistema.soluctem.com.co/api/submit.php on line 81
[29-Jan-2025 21:51:16 UTC] PHP Warning:  Undefined array key "fallaOperacion" in /home/soluctem/sistema.soluctem.com.co/api/submit.php on line 82
[29-Jan-2025 21:51:16 UTC] PHP Warning:  Undefined array key "fallaMecanica" in /home/soluctem/sistema.soluctem.com.co/api/submit.php on line 83
[29-Jan-2025 21:51:16 UTC] PHP Warning:  Undefined array key "fallaElectrica" in /home/soluctem/sistema.soluctem.com.co/api/submit.php on line 84
[29-Jan-2025 21:51:16 UTC] PHP Warning:  Undefined array key "fallaTerceros" in /home/soluctem/sistema.soluctem.com.co/api/submit.php on line 85
[29-Jan-2025 21:51:16 UTC] PHP Warning:  Undefined array key "fallaFabricacion" in /home/soluctem/sistema.soluctem.com.co/api/submit.php on line 86
[29-Jan-2025 21:51:16 UTC] PHP Warning:  Undefined array key "firma_digital_cliente" in /home/soluctem/sistema.soluctem.com.co/api/submit.php on line 87
[29-Jan-2025 21:51:16 UTC] PHP Warning:  Undefined array key "firma_digital_tecnico" in /home/soluctem/sistema.soluctem.com.co/api/submit.php on line 88
[29-Jan-2025 22:36:01 UTC] PHP Warning:  Undefined array key "nombreSolicitante" in /home/soluctem/sistema.soluctem.com.co/api/submit-release.php on line 28
[29-Jan-2025 22:36:01 UTC] PHP Warning:  Undefined array key "cargo" in /home/soluctem/sistema.soluctem.com.co/api/submit-release.php on line 29
[29-Jan-2025 22:36:01 UTC] PHP Warning:  Undefined array key "nombreTienda" in /home/soluctem/sistema.soluctem.com.co/api/submit-release.php on line 30
[29-Jan-2025 22:36:01 UTC] PHP Warning:  Undefined array key "numeroTienda" in /home/soluctem/sistema.soluctem.com.co/api/submit-release.php on line 31
[29-Jan-2025 22:36:01 UTC] PHP Warning:  Undefined array key "numeroTicket" in /home/soluctem/sistema.soluctem.com.co/api/submit-release.php on line 32
[29-Jan-2025 22:36:01 UTC] PHP Warning:  Undefined array key "fecha" in /home/soluctem/sistema.soluctem.com.co/api/submit-release.php on line 33
[29-Jan-2025 22:36:01 UTC] PHP Warning:  Undefined array key "municipio" in /home/soluctem/sistema.soluctem.com.co/api/submit-release.php on line 34
[29-Jan-2025 22:36:01 UTC] PHP Warning:  Undefined array key "departamento" in /home/soluctem/sistema.soluctem.com.co/api/submit-release.php on line 35
[29-Jan-2025 22:36:01 UTC] PHP Warning:  Undefined array key "nombreEquipo" in /home/soluctem/sistema.soluctem.com.co/api/submit-release.php on line 36
[29-Jan-2025 22:36:01 UTC] PHP Warning:  Undefined array key "marca" in /home/soluctem/sistema.soluctem.com.co/api/submit-release.php on line 37
[29-Jan-2025 22:36:01 UTC] PHP Warning:  Undefined array key "serial" in /home/soluctem/sistema.soluctem.com.co/api/submit-release.php on line 38
[29-Jan-2025 22:36:01 UTC] PHP Warning:  Undefined array key "descripcionFalla" in /home/soluctem/sistema.soluctem.com.co/api/submit-release.php on line 39
[29-Jan-2025 22:36:01 UTC] PHP Warning:  Undefined array key "diagnosticoTecnico" in /home/soluctem/sistema.soluctem.com.co/api/submit-release.php on line 40
[29-Jan-2025 22:36:01 UTC] PHP Warning:  Undefined array key "repuestosCambiados" in /home/soluctem/sistema.soluctem.com.co/api/submit-release.php on line 41
[29-Jan-2025 22:36:01 UTC] PHP Warning:  Undefined array key "observaciones" in /home/soluctem/sistema.soluctem.com.co/api/submit-release.php on line 42
[29-Jan-2025 22:36:01 UTC] PHP Warning:  Undefined array key "seguridadRiesgoAccidentalidad" in /home/soluctem/sistema.soluctem.com.co/api/submit-release.php on line 43
[29-Jan-2025 22:36:01 UTC] PHP Warning:  Undefined array key "seguridadRiesgoEquipo" in /home/soluctem/sistema.soluctem.com.co/api/submit-release.php on line 44
[29-Jan-2025 22:36:01 UTC] PHP Warning:  Undefined array key "funcionamientoFallaSolucionada" in /home/soluctem/sistema.soluctem.com.co/api/submit-release.php on line 45
[29-Jan-2025 22:36:01 UTC] PHP Warning:  Undefined array key "funcionamientoPasosNormales" in /home/soluctem/sistema.soluctem.com.co/api/submit-release.php on line 46
[29-Jan-2025 22:36:01 UTC] PHP Warning:  Undefined array key "calidadTrabajo" in /home/soluctem/sistema.soluctem.com.co/api/submit-release.php on line 47
[29-Jan-2025 22:36:01 UTC] PHP Warning:  Undefined array key "limpiezaOrganizacionArmado" in /home/soluctem/sistema.soluctem.com.co/api/submit-release.php on line 48
[29-Jan-2025 22:36:01 UTC] PHP Warning:  Undefined array key "limpiezaOrganizacionAseado" in /home/soluctem/sistema.soluctem.com.co/api/submit-release.php on line 49
[29-Jan-2025 22:36:01 UTC] PHP Warning:  Undefined array key "capacitacionCausa" in /home/soluctem/sistema.soluctem.com.co/api/submit-release.php on line 50
[29-Jan-2025 22:36:01 UTC] PHP Warning:  Undefined array key "capacitacionPrevencion" in /home/soluctem/sistema.soluctem.com.co/api/submit-release.php on line 51
[29-Jan-2025 22:36:01 UTC] PHP Warning:  Undefined array key "capacitacionAccion" in /home/soluctem/sistema.soluctem.com.co/api/submit-release.php on line 52
[29-Jan-2025 22:36:01 UTC] PHP Warning:  Undefined array key "contratista1" in /home/soluctem/sistema.soluctem.com.co/api/submit-release.php on line 53
[29-Jan-2025 22:36:01 UTC] PHP Warning:  Undefined array key "cedula1" in /home/soluctem/sistema.soluctem.com.co/api/submit-release.php on line 54
[29-Jan-2025 22:36:01 UTC] PHP Warning:  Undefined array key "horaEntrada1" in /home/soluctem/sistema.soluctem.com.co/api/submit-release.php on line 55
[29-Jan-2025 22:36:01 UTC] PHP Warning:  Undefined array key "horaSalida1" in /home/soluctem/sistema.soluctem.com.co/api/submit-release.php on line 56
[29-Jan-2025 22:36:01 UTC] PHP Warning:  Undefined array key "contratista2" in /home/soluctem/sistema.soluctem.com.co/api/submit-release.php on line 57
[29-Jan-2025 22:36:01 UTC] PHP Warning:  Undefined array key "cedula2" in /home/soluctem/sistema.soluctem.com.co/api/submit-release.php on line 58
[29-Jan-2025 22:36:01 UTC] PHP Warning:  Undefined array key "horaEntrada2" in /home/soluctem/sistema.soluctem.com.co/api/submit-release.php on line 59
[29-Jan-2025 22:36:01 UTC] PHP Warning:  Undefined array key "horaSalida2" in /home/soluctem/sistema.soluctem.com.co/api/submit-release.php on line 60
[29-Jan-2025 22:36:01 UTC] PHP Warning:  Undefined array key "contratista3" in /home/soluctem/sistema.soluctem.com.co/api/submit-release.php on line 61
[29-Jan-2025 22:36:01 UTC] PHP Warning:  Undefined array key "cedula3" in /home/soluctem/sistema.soluctem.com.co/api/submit-release.php on line 62
[29-Jan-2025 22:36:01 UTC] PHP Warning:  Undefined array key "horaEntrada3" in /home/soluctem/sistema.soluctem.com.co/api/submit-release.php on line 63
[29-Jan-2025 22:36:01 UTC] PHP Warning:  Undefined array key "horaSalida3" in /home/soluctem/sistema.soluctem.com.co/api/submit-release.php on line 64
[29-Jan-2025 22:36:01 UTC] PHP Warning:  Undefined array key "contratista4" in /home/soluctem/sistema.soluctem.com.co/api/submit-release.php on line 65
[29-Jan-2025 22:36:01 UTC] PHP Warning:  Undefined array key "cedula4" in /home/soluctem/sistema.soluctem.com.co/api/submit-release.php on line 66
[29-Jan-2025 22:36:01 UTC] PHP Warning:  Undefined array key "horaEntrada4" in /home/soluctem/sistema.soluctem.com.co/api/submit-release.php on line 67
[29-Jan-2025 22:36:01 UTC] PHP Warning:  Undefined array key "horaSalida4" in /home/soluctem/sistema.soluctem.com.co/api/submit-release.php on line 68
[29-Jan-2025 22:36:01 UTC] PHP Warning:  Undefined array key "nombreFuncionario" in /home/soluctem/sistema.soluctem.com.co/api/submit-release.php on line 69
[29-Jan-2025 22:36:01 UTC] PHP Warning:  Undefined array key "cedulaFuncionario" in /home/soluctem/sistema.soluctem.com.co/api/submit-release.php on line 70
[29-Jan-2025 22:36:01 UTC] PHP Warning:  Undefined array key "cargoFuncionario" in /home/soluctem/sistema.soluctem.com.co/api/submit-release.php on line 71
[29-Jan-2025 22:36:01 UTC] PHP Warning:  Undefined array key "sapFuncionario" in /home/soluctem/sistema.soluctem.com.co/api/submit-release.php on line 72
[29-Jan-2025 22:36:01 UTC] PHP Warning:  Undefined array key "timestamp" in /home/soluctem/sistema.soluctem.com.co/api/submit-release.php on line 73
[29-Jan-2025 22:36:01 UTC] PHP Warning:  Undefined array key "asistenciaReparacion" in /home/soluctem/sistema.soluctem.com.co/api/submit-release.php on line 74
[29-Jan-2025 22:36:01 UTC] PHP Warning:  Undefined array key "asistenciaGarantia" in /home/soluctem/sistema.soluctem.com.co/api/submit-release.php on line 75
[29-Jan-2025 22:36:01 UTC] PHP Warning:  Undefined array key "asistenciaAjuste" in /home/soluctem/sistema.soluctem.com.co/api/submit-release.php on line 76
[29-Jan-2025 22:36:01 UTC] PHP Warning:  Undefined array key "asistenciaModificacion" in /home/soluctem/sistema.soluctem.com.co/api/submit-release.php on line 77
[29-Jan-2025 22:36:01 UTC] PHP Warning:  Undefined array key "asistenciaServicio" in /home/soluctem/sistema.soluctem.com.co/api/submit-release.php on line 78
[29-Jan-2025 22:36:01 UTC] PHP Warning:  Undefined array key "asistenciaMejora" in /home/soluctem/sistema.soluctem.com.co/api/submit-release.php on line 79
[29-Jan-2025 22:36:01 UTC] PHP Warning:  Undefined array key "asistenciaCombinacion" in /home/soluctem/sistema.soluctem.com.co/api/submit-release.php on line 80
[29-Jan-2025 22:36:01 UTC] PHP Warning:  Undefined array key "fallaOperacion" in /home/soluctem/sistema.soluctem.com.co/api/submit-release.php on line 81
[29-Jan-2025 22:36:01 UTC] PHP Warning:  Undefined array key "fallaMecanica" in /home/soluctem/sistema.soluctem.com.co/api/submit-release.php on line 82
[29-Jan-2025 22:36:01 UTC] PHP Warning:  Undefined array key "fallaElectrica" in /home/soluctem/sistema.soluctem.com.co/api/submit-release.php on line 83
[29-Jan-2025 22:36:01 UTC] PHP Warning:  Undefined array key "fallaTerceros" in /home/soluctem/sistema.soluctem.com.co/api/submit-release.php on line 84
[29-Jan-2025 22:36:01 UTC] PHP Warning:  Undefined array key "fallaFabricacion" in /home/soluctem/sistema.soluctem.com.co/api/submit-release.php on line 85
[29-Jan-2025 22:36:01 UTC] PHP Warning:  Undefined array key "firma_digital_cliente" in /home/soluctem/sistema.soluctem.com.co/api/submit-release.php on line 86
[29-Jan-2025 22:36:01 UTC] PHP Warning:  Undefined array key "firma_digital_tecnico" in /home/soluctem/sistema.soluctem.com.co/api/submit-release.php on line 87
[29-Jan-2025 22:36:27 UTC] PHP Warning:  Undefined array key "nombreSolicitante" in /home/soluctem/sistema.soluctem.com.co/api/submit-release.php on line 28
[29-Jan-2025 22:36:27 UTC] PHP Warning:  Undefined array key "cargo" in /home/soluctem/sistema.soluctem.com.co/api/submit-release.php on line 29
[29-Jan-2025 22:36:27 UTC] PHP Warning:  Undefined array key "nombreTienda" in /home/soluctem/sistema.soluctem.com.co/api/submit-release.php on line 30
[29-Jan-2025 22:36:27 UTC] PHP Warning:  Undefined array key "numeroTienda" in /home/soluctem/sistema.soluctem.com.co/api/submit-release.php on line 31
[29-Jan-2025 22:36:27 UTC] PHP Warning:  Undefined array key "numeroTicket" in /home/soluctem/sistema.soluctem.com.co/api/submit-release.php on line 32
[29-Jan-2025 22:36:27 UTC] PHP Warning:  Undefined array key "fecha" in /home/soluctem/sistema.soluctem.com.co/api/submit-release.php on line 33
[29-Jan-2025 22:36:27 UTC] PHP Warning:  Undefined array key "municipio" in /home/soluctem/sistema.soluctem.com.co/api/submit-release.php on line 34
[29-Jan-2025 22:36:27 UTC] PHP Warning:  Undefined array key "departamento" in /home/soluctem/sistema.soluctem.com.co/api/submit-release.php on line 35
[29-Jan-2025 22:36:27 UTC] PHP Warning:  Undefined array key "nombreEquipo" in /home/soluctem/sistema.soluctem.com.co/api/submit-release.php on line 36
[29-Jan-2025 22:36:27 UTC] PHP Warning:  Undefined array key "marca" in /home/soluctem/sistema.soluctem.com.co/api/submit-release.php on line 37
[29-Jan-2025 22:36:27 UTC] PHP Warning:  Undefined array key "serial" in /home/soluctem/sistema.soluctem.com.co/api/submit-release.php on line 38
[29-Jan-2025 22:36:27 UTC] PHP Warning:  Undefined array key "descripcionFalla" in /home/soluctem/sistema.soluctem.com.co/api/submit-release.php on line 39
[29-Jan-2025 22:36:27 UTC] PHP Warning:  Undefined array key "diagnosticoTecnico" in /home/soluctem/sistema.soluctem.com.co/api/submit-release.php on line 40
[29-Jan-2025 22:36:27 UTC] PHP Warning:  Undefined array key "repuestosCambiados" in /home/soluctem/sistema.soluctem.com.co/api/submit-release.php on line 41
[29-Jan-2025 22:36:27 UTC] PHP Warning:  Undefined array key "observaciones" in /home/soluctem/sistema.soluctem.com.co/api/submit-release.php on line 42
[29-Jan-2025 22:36:27 UTC] PHP Warning:  Undefined array key "seguridadRiesgoAccidentalidad" in /home/soluctem/sistema.soluctem.com.co/api/submit-release.php on line 43
[29-Jan-2025 22:36:27 UTC] PHP Warning:  Undefined array key "seguridadRiesgoEquipo" in /home/soluctem/sistema.soluctem.com.co/api/submit-release.php on line 44
[29-Jan-2025 22:36:27 UTC] PHP Warning:  Undefined array key "funcionamientoFallaSolucionada" in /home/soluctem/sistema.soluctem.com.co/api/submit-release.php on line 45
[29-Jan-2025 22:36:27 UTC] PHP Warning:  Undefined array key "funcionamientoPasosNormales" in /home/soluctem/sistema.soluctem.com.co/api/submit-release.php on line 46
[29-Jan-2025 22:36:27 UTC] PHP Warning:  Undefined array key "calidadTrabajo" in /home/soluctem/sistema.soluctem.com.co/api/submit-release.php on line 47
[29-Jan-2025 22:36:27 UTC] PHP Warning:  Undefined array key "limpiezaOrganizacionArmado" in /home/soluctem/sistema.soluctem.com.co/api/submit-release.php on line 48
[29-Jan-2025 22:36:27 UTC] PHP Warning:  Undefined array key "limpiezaOrganizacionAseado" in /home/soluctem/sistema.soluctem.com.co/api/submit-release.php on line 49
[29-Jan-2025 22:36:27 UTC] PHP Warning:  Undefined array key "capacitacionCausa" in /home/soluctem/sistema.soluctem.com.co/api/submit-release.php on line 50
[29-Jan-2025 22:36:27 UTC] PHP Warning:  Undefined array key "capacitacionPrevencion" in /home/soluctem/sistema.soluctem.com.co/api/submit-release.php on line 51
[29-Jan-2025 22:36:27 UTC] PHP Warning:  Undefined array key "capacitacionAccion" in /home/soluctem/sistema.soluctem.com.co/api/submit-release.php on line 52
[29-Jan-2025 22:36:27 UTC] PHP Warning:  Undefined array key "contratista1" in /home/soluctem/sistema.soluctem.com.co/api/submit-release.php on line 53
[29-Jan-2025 22:36:27 UTC] PHP Warning:  Undefined array key "cedula1" in /home/soluctem/sistema.soluctem.com.co/api/submit-release.php on line 54
[29-Jan-2025 22:36:27 UTC] PHP Warning:  Undefined array key "horaEntrada1" in /home/soluctem/sistema.soluctem.com.co/api/submit-release.php on line 55
[29-Jan-2025 22:36:27 UTC] PHP Warning:  Undefined array key "horaSalida1" in /home/soluctem/sistema.soluctem.com.co/api/submit-release.php on line 56
[29-Jan-2025 22:36:27 UTC] PHP Warning:  Undefined array key "contratista2" in /home/soluctem/sistema.soluctem.com.co/api/submit-release.php on line 57
[29-Jan-2025 22:36:27 UTC] PHP Warning:  Undefined array key "cedula2" in /home/soluctem/sistema.soluctem.com.co/api/submit-release.php on line 58
[29-Jan-2025 22:36:27 UTC] PHP Warning:  Undefined array key "horaEntrada2" in /home/soluctem/sistema.soluctem.com.co/api/submit-release.php on line 59
[29-Jan-2025 22:36:27 UTC] PHP Warning:  Undefined array key "horaSalida2" in /home/soluctem/sistema.soluctem.com.co/api/submit-release.php on line 60
[29-Jan-2025 22:36:27 UTC] PHP Warning:  Undefined array key "contratista3" in /home/soluctem/sistema.soluctem.com.co/api/submit-release.php on line 61
[29-Jan-2025 22:36:27 UTC] PHP Warning:  Undefined array key "cedula3" in /home/soluctem/sistema.soluctem.com.co/api/submit-release.php on line 62
[29-Jan-2025 22:36:27 UTC] PHP Warning:  Undefined array key "horaEntrada3" in /home/soluctem/sistema.soluctem.com.co/api/submit-release.php on line 63
[29-Jan-2025 22:36:27 UTC] PHP Warning:  Undefined array key "horaSalida3" in /home/soluctem/sistema.soluctem.com.co/api/submit-release.php on line 64
[29-Jan-2025 22:36:27 UTC] PHP Warning:  Undefined array key "contratista4" in /home/soluctem/sistema.soluctem.com.co/api/submit-release.php on line 65
[29-Jan-2025 22:36:27 UTC] PHP Warning:  Undefined array key "cedula4" in /home/soluctem/sistema.soluctem.com.co/api/submit-release.php on line 66
[29-Jan-2025 22:36:27 UTC] PHP Warning:  Undefined array key "horaEntrada4" in /home/soluctem/sistema.soluctem.com.co/api/submit-release.php on line 67
[29-Jan-2025 22:36:27 UTC] PHP Warning:  Undefined array key "horaSalida4" in /home/soluctem/sistema.soluctem.com.co/api/submit-release.php on line 68
[29-Jan-2025 22:36:27 UTC] PHP Warning:  Undefined array key "nombreFuncionario" in /home/soluctem/sistema.soluctem.com.co/api/submit-release.php on line 69
[29-Jan-2025 22:36:27 UTC] PHP Warning:  Undefined array key "cedulaFuncionario" in /home/soluctem/sistema.soluctem.com.co/api/submit-release.php on line 70
[29-Jan-2025 22:36:27 UTC] PHP Warning:  Undefined array key "cargoFuncionario" in /home/soluctem/sistema.soluctem.com.co/api/submit-release.php on line 71
[29-Jan-2025 22:36:27 UTC] PHP Warning:  Undefined array key "sapFuncionario" in /home/soluctem/sistema.soluctem.com.co/api/submit-release.php on line 72
[29-Jan-2025 22:36:27 UTC] PHP Warning:  Undefined array key "timestamp" in /home/soluctem/sistema.soluctem.com.co/api/submit-release.php on line 73
[29-Jan-2025 22:36:27 UTC] PHP Warning:  Undefined array key "asistenciaReparacion" in /home/soluctem/sistema.soluctem.com.co/api/submit-release.php on line 74
[29-Jan-2025 22:36:27 UTC] PHP Warning:  Undefined array key "asistenciaGarantia" in /home/soluctem/sistema.soluctem.com.co/api/submit-release.php on line 75
[29-Jan-2025 22:36:27 UTC] PHP Warning:  Undefined array key "asistenciaAjuste" in /home/soluctem/sistema.soluctem.com.co/api/submit-release.php on line 76
[29-Jan-2025 22:36:27 UTC] PHP Warning:  Undefined array key "asistenciaModificacion" in /home/soluctem/sistema.soluctem.com.co/api/submit-release.php on line 77
[29-Jan-2025 22:36:27 UTC] PHP Warning:  Undefined array key "asistenciaServicio" in /home/soluctem/sistema.soluctem.com.co/api/submit-release.php on line 78
[29-Jan-2025 22:36:27 UTC] PHP Warning:  Undefined array key "asistenciaMejora" in /home/soluctem/sistema.soluctem.com.co/api/submit-release.php on line 79
[29-Jan-2025 22:36:27 UTC] PHP Warning:  Undefined array key "asistenciaCombinacion" in /home/soluctem/sistema.soluctem.com.co/api/submit-release.php on line 80
[29-Jan-2025 22:36:27 UTC] PHP Warning:  Undefined array key "fallaOperacion" in /home/soluctem/sistema.soluctem.com.co/api/submit-release.php on line 81
[29-Jan-2025 22:36:27 UTC] PHP Warning:  Undefined array key "fallaMecanica" in /home/soluctem/sistema.soluctem.com.co/api/submit-release.php on line 82
[29-Jan-2025 22:36:27 UTC] PHP Warning:  Undefined array key "fallaElectrica" in /home/soluctem/sistema.soluctem.com.co/api/submit-release.php on line 83
[29-Jan-2025 22:36:27 UTC] PHP Warning:  Undefined array key "fallaTerceros" in /home/soluctem/sistema.soluctem.com.co/api/submit-release.php on line 84
[29-Jan-2025 22:36:27 UTC] PHP Warning:  Undefined array key "fallaFabricacion" in /home/soluctem/sistema.soluctem.com.co/api/submit-release.php on line 85
[29-Jan-2025 22:36:27 UTC] PHP Warning:  Undefined array key "firma_digital_cliente" in /home/soluctem/sistema.soluctem.com.co/api/submit-release.php on line 86
[29-Jan-2025 22:36:27 UTC] PHP Warning:  Undefined array key "firma_digital_tecnico" in /home/soluctem/sistema.soluctem.com.co/api/submit-release.php on line 87
[29-Jan-2025 22:36:49 UTC] PHP Warning:  Undefined array key "nombreSolicitante" in /home/soluctem/sistema.soluctem.com.co/api/submit-release.php on line 28
[29-Jan-2025 22:36:49 UTC] PHP Warning:  Undefined array key "cargo" in /home/soluctem/sistema.soluctem.com.co/api/submit-release.php on line 29
[29-Jan-2025 22:36:49 UTC] PHP Warning:  Undefined array key "nombreTienda" in /home/soluctem/sistema.soluctem.com.co/api/submit-release.php on line 30
[29-Jan-2025 22:36:49 UTC] PHP Warning:  Undefined array key "numeroTienda" in /home/soluctem/sistema.soluctem.com.co/api/submit-release.php on line 31
[29-Jan-2025 22:36:49 UTC] PHP Warning:  Undefined array key "numeroTicket" in /home/soluctem/sistema.soluctem.com.co/api/submit-release.php on line 32
[29-Jan-2025 22:36:49 UTC] PHP Warning:  Undefined array key "fecha" in /home/soluctem/sistema.soluctem.com.co/api/submit-release.php on line 33
[29-Jan-2025 22:36:49 UTC] PHP Warning:  Undefined array key "municipio" in /home/soluctem/sistema.soluctem.com.co/api/submit-release.php on line 34
[29-Jan-2025 22:36:49 UTC] PHP Warning:  Undefined array key "departamento" in /home/soluctem/sistema.soluctem.com.co/api/submit-release.php on line 35
[29-Jan-2025 22:36:49 UTC] PHP Warning:  Undefined array key "nombreEquipo" in /home/soluctem/sistema.soluctem.com.co/api/submit-release.php on line 36
[29-Jan-2025 22:36:49 UTC] PHP Warning:  Undefined array key "marca" in /home/soluctem/sistema.soluctem.com.co/api/submit-release.php on line 37
[29-Jan-2025 22:36:49 UTC] PHP Warning:  Undefined array key "serial" in /home/soluctem/sistema.soluctem.com.co/api/submit-release.php on line 38
[29-Jan-2025 22:36:49 UTC] PHP Warning:  Undefined array key "descripcionFalla" in /home/soluctem/sistema.soluctem.com.co/api/submit-release.php on line 39
[29-Jan-2025 22:36:49 UTC] PHP Warning:  Undefined array key "diagnosticoTecnico" in /home/soluctem/sistema.soluctem.com.co/api/submit-release.php on line 40
[29-Jan-2025 22:36:49 UTC] PHP Warning:  Undefined array key "repuestosCambiados" in /home/soluctem/sistema.soluctem.com.co/api/submit-release.php on line 41
[29-Jan-2025 22:36:49 UTC] PHP Warning:  Undefined array key "observaciones" in /home/soluctem/sistema.soluctem.com.co/api/submit-release.php on line 42
[29-Jan-2025 22:36:49 UTC] PHP Warning:  Undefined array key "seguridadRiesgoAccidentalidad" in /home/soluctem/sistema.soluctem.com.co/api/submit-release.php on line 43
[29-Jan-2025 22:36:49 UTC] PHP Warning:  Undefined array key "seguridadRiesgoEquipo" in /home/soluctem/sistema.soluctem.com.co/api/submit-release.php on line 44
[29-Jan-2025 22:36:49 UTC] PHP Warning:  Undefined array key "funcionamientoFallaSolucionada" in /home/soluctem/sistema.soluctem.com.co/api/submit-release.php on line 45
[29-Jan-2025 22:36:49 UTC] PHP Warning:  Undefined array key "funcionamientoPasosNormales" in /home/soluctem/sistema.soluctem.com.co/api/submit-release.php on line 46
[29-Jan-2025 22:36:49 UTC] PHP Warning:  Undefined array key "calidadTrabajo" in /home/soluctem/sistema.soluctem.com.co/api/submit-release.php on line 47
[29-Jan-2025 22:36:49 UTC] PHP Warning:  Undefined array key "limpiezaOrganizacionArmado" in /home/soluctem/sistema.soluctem.com.co/api/submit-release.php on line 48
[29-Jan-2025 22:36:49 UTC] PHP Warning:  Undefined array key "limpiezaOrganizacionAseado" in /home/soluctem/sistema.soluctem.com.co/api/submit-release.php on line 49
[29-Jan-2025 22:36:49 UTC] PHP Warning:  Undefined array key "capacitacionCausa" in /home/soluctem/sistema.soluctem.com.co/api/submit-release.php on line 50
[29-Jan-2025 22:36:49 UTC] PHP Warning:  Undefined array key "capacitacionPrevencion" in /home/soluctem/sistema.soluctem.com.co/api/submit-release.php on line 51
[29-Jan-2025 22:36:49 UTC] PHP Warning:  Undefined array key "capacitacionAccion" in /home/soluctem/sistema.soluctem.com.co/api/submit-release.php on line 52
[29-Jan-2025 22:36:49 UTC] PHP Warning:  Undefined array key "contratista1" in /home/soluctem/sistema.soluctem.com.co/api/submit-release.php on line 53
[29-Jan-2025 22:36:49 UTC] PHP Warning:  Undefined array key "cedula1" in /home/soluctem/sistema.soluctem.com.co/api/submit-release.php on line 54
[29-Jan-2025 22:36:49 UTC] PHP Warning:  Undefined array key "horaEntrada1" in /home/soluctem/sistema.soluctem.com.co/api/submit-release.php on line 55
[29-Jan-2025 22:36:49 UTC] PHP Warning:  Undefined array key "horaSalida1" in /home/soluctem/sistema.soluctem.com.co/api/submit-release.php on line 56
[29-Jan-2025 22:36:49 UTC] PHP Warning:  Undefined array key "contratista2" in /home/soluctem/sistema.soluctem.com.co/api/submit-release.php on line 57
[29-Jan-2025 22:36:49 UTC] PHP Warning:  Undefined array key "cedula2" in /home/soluctem/sistema.soluctem.com.co/api/submit-release.php on line 58
[29-Jan-2025 22:36:49 UTC] PHP Warning:  Undefined array key "horaEntrada2" in /home/soluctem/sistema.soluctem.com.co/api/submit-release.php on line 59
[29-Jan-2025 22:36:49 UTC] PHP Warning:  Undefined array key "horaSalida2" in /home/soluctem/sistema.soluctem.com.co/api/submit-release.php on line 60
[29-Jan-2025 22:36:49 UTC] PHP Warning:  Undefined array key "contratista3" in /home/soluctem/sistema.soluctem.com.co/api/submit-release.php on line 61
[29-Jan-2025 22:36:49 UTC] PHP Warning:  Undefined array key "cedula3" in /home/soluctem/sistema.soluctem.com.co/api/submit-release.php on line 62
[29-Jan-2025 22:36:49 UTC] PHP Warning:  Undefined array key "horaEntrada3" in /home/soluctem/sistema.soluctem.com.co/api/submit-release.php on line 63
[29-Jan-2025 22:36:49 UTC] PHP Warning:  Undefined array key "horaSalida3" in /home/soluctem/sistema.soluctem.com.co/api/submit-release.php on line 64
[29-Jan-2025 22:36:49 UTC] PHP Warning:  Undefined array key "contratista4" in /home/soluctem/sistema.soluctem.com.co/api/submit-release.php on line 65
[29-Jan-2025 22:36:49 UTC] PHP Warning:  Undefined array key "cedula4" in /home/soluctem/sistema.soluctem.com.co/api/submit-release.php on line 66
[29-Jan-2025 22:36:49 UTC] PHP Warning:  Undefined array key "horaEntrada4" in /home/soluctem/sistema.soluctem.com.co/api/submit-release.php on line 67
[29-Jan-2025 22:36:49 UTC] PHP Warning:  Undefined array key "horaSalida4" in /home/soluctem/sistema.soluctem.com.co/api/submit-release.php on line 68
[29-Jan-2025 22:36:49 UTC] PHP Warning:  Undefined array key "nombreFuncionario" in /home/soluctem/sistema.soluctem.com.co/api/submit-release.php on line 69
[29-Jan-2025 22:36:49 UTC] PHP Warning:  Undefined array key "cedulaFuncionario" in /home/soluctem/sistema.soluctem.com.co/api/submit-release.php on line 70
[29-Jan-2025 22:36:49 UTC] PHP Warning:  Undefined array key "cargoFuncionario" in /home/soluctem/sistema.soluctem.com.co/api/submit-release.php on line 71
[29-Jan-2025 22:36:49 UTC] PHP Warning:  Undefined array key "sapFuncionario" in /home/soluctem/sistema.soluctem.com.co/api/submit-release.php on line 72
[29-Jan-2025 22:36:49 UTC] PHP Warning:  Undefined array key "timestamp" in /home/soluctem/sistema.soluctem.com.co/api/submit-release.php on line 73
[29-Jan-2025 22:36:49 UTC] PHP Warning:  Undefined array key "asistenciaReparacion" in /home/soluctem/sistema.soluctem.com.co/api/submit-release.php on line 74
[29-Jan-2025 22:36:49 UTC] PHP Warning:  Undefined array key "asistenciaGarantia" in /home/soluctem/sistema.soluctem.com.co/api/submit-release.php on line 75
[29-Jan-2025 22:36:49 UTC] PHP Warning:  Undefined array key "asistenciaAjuste" in /home/soluctem/sistema.soluctem.com.co/api/submit-release.php on line 76
[29-Jan-2025 22:36:49 UTC] PHP Warning:  Undefined array key "asistenciaModificacion" in /home/soluctem/sistema.soluctem.com.co/api/submit-release.php on line 77
[29-Jan-2025 22:36:49 UTC] PHP Warning:  Undefined array key "asistenciaServicio" in /home/soluctem/sistema.soluctem.com.co/api/submit-release.php on line 78
[29-Jan-2025 22:36:49 UTC] PHP Warning:  Undefined array key "asistenciaMejora" in /home/soluctem/sistema.soluctem.com.co/api/submit-release.php on line 79
[29-Jan-2025 22:36:49 UTC] PHP Warning:  Undefined array key "asistenciaCombinacion" in /home/soluctem/sistema.soluctem.com.co/api/submit-release.php on line 80
[29-Jan-2025 22:36:49 UTC] PHP Warning:  Undefined array key "fallaOperacion" in /home/soluctem/sistema.soluctem.com.co/api/submit-release.php on line 81
[29-Jan-2025 22:36:49 UTC] PHP Warning:  Undefined array key "fallaMecanica" in /home/soluctem/sistema.soluctem.com.co/api/submit-release.php on line 82
[29-Jan-2025 22:36:49 UTC] PHP Warning:  Undefined array key "fallaElectrica" in /home/soluctem/sistema.soluctem.com.co/api/submit-release.php on line 83
[29-Jan-2025 22:36:49 UTC] PHP Warning:  Undefined array key "fallaTerceros" in /home/soluctem/sistema.soluctem.com.co/api/submit-release.php on line 84
[29-Jan-2025 22:36:49 UTC] PHP Warning:  Undefined array key "fallaFabricacion" in /home/soluctem/sistema.soluctem.com.co/api/submit-release.php on line 85
[29-Jan-2025 22:36:49 UTC] PHP Warning:  Undefined array key "firma_digital_cliente" in /home/soluctem/sistema.soluctem.com.co/api/submit-release.php on line 86
[29-Jan-2025 22:36:49 UTC] PHP Warning:  Undefined array key "firma_digital_tecnico" in /home/soluctem/sistema.soluctem.com.co/api/submit-release.php on line 87
[29-Jan-2025 23:48:22 UTC] PHP Warning:  Undefined array key "nombreSolicitante" in /home/soluctem/sistema.soluctem.com.co/api/submit-release.php on line 28
[29-Jan-2025 23:48:22 UTC] PHP Warning:  Undefined array key "cargo" in /home/soluctem/sistema.soluctem.com.co/api/submit-release.php on line 29
[29-Jan-2025 23:48:22 UTC] PHP Warning:  Undefined array key "nombreTienda" in /home/soluctem/sistema.soluctem.com.co/api/submit-release.php on line 30
[29-Jan-2025 23:48:22 UTC] PHP Warning:  Undefined array key "numeroTienda" in /home/soluctem/sistema.soluctem.com.co/api/submit-release.php on line 31
[29-Jan-2025 23:48:22 UTC] PHP Warning:  Undefined array key "numeroTicket" in /home/soluctem/sistema.soluctem.com.co/api/submit-release.php on line 32
[29-Jan-2025 23:48:22 UTC] PHP Warning:  Undefined array key "fecha" in /home/soluctem/sistema.soluctem.com.co/api/submit-release.php on line 33
[29-Jan-2025 23:48:22 UTC] PHP Warning:  Undefined array key "municipio" in /home/soluctem/sistema.soluctem.com.co/api/submit-release.php on line 34
[29-Jan-2025 23:48:22 UTC] PHP Warning:  Undefined array key "departamento" in /home/soluctem/sistema.soluctem.com.co/api/submit-release.php on line 35
[29-Jan-2025 23:48:22 UTC] PHP Warning:  Undefined array key "nombreEquipo" in /home/soluctem/sistema.soluctem.com.co/api/submit-release.php on line 36
[29-Jan-2025 23:48:22 UTC] PHP Warning:  Undefined array key "marca" in /home/soluctem/sistema.soluctem.com.co/api/submit-release.php on line 37
[29-Jan-2025 23:48:22 UTC] PHP Warning:  Undefined array key "serial" in /home/soluctem/sistema.soluctem.com.co/api/submit-release.php on line 38
[29-Jan-2025 23:48:22 UTC] PHP Warning:  Undefined array key "descripcionFalla" in /home/soluctem/sistema.soluctem.com.co/api/submit-release.php on line 39
[29-Jan-2025 23:48:22 UTC] PHP Warning:  Undefined array key "diagnosticoTecnico" in /home/soluctem/sistema.soluctem.com.co/api/submit-release.php on line 40
[29-Jan-2025 23:48:22 UTC] PHP Warning:  Undefined array key "repuestosCambiados" in /home/soluctem/sistema.soluctem.com.co/api/submit-release.php on line 41
[29-Jan-2025 23:48:22 UTC] PHP Warning:  Undefined array key "observaciones" in /home/soluctem/sistema.soluctem.com.co/api/submit-release.php on line 42
[29-Jan-2025 23:48:22 UTC] PHP Warning:  Undefined array key "seguridadRiesgoAccidentalidad" in /home/soluctem/sistema.soluctem.com.co/api/submit-release.php on line 43
[29-Jan-2025 23:48:22 UTC] PHP Warning:  Undefined array key "seguridadRiesgoEquipo" in /home/soluctem/sistema.soluctem.com.co/api/submit-release.php on line 44
[29-Jan-2025 23:48:22 UTC] PHP Warning:  Undefined array key "funcionamientoFallaSolucionada" in /home/soluctem/sistema.soluctem.com.co/api/submit-release.php on line 45
[29-Jan-2025 23:48:22 UTC] PHP Warning:  Undefined array key "funcionamientoPasosNormales" in /home/soluctem/sistema.soluctem.com.co/api/submit-release.php on line 46
[29-Jan-2025 23:48:22 UTC] PHP Warning:  Undefined array key "calidadTrabajo" in /home/soluctem/sistema.soluctem.com.co/api/submit-release.php on line 47
[29-Jan-2025 23:48:22 UTC] PHP Warning:  Undefined array key "limpiezaOrganizacionArmado" in /home/soluctem/sistema.soluctem.com.co/api/submit-release.php on line 48
[29-Jan-2025 23:48:22 UTC] PHP Warning:  Undefined array key "limpiezaOrganizacionAseado" in /home/soluctem/sistema.soluctem.com.co/api/submit-release.php on line 49
[29-Jan-2025 23:48:22 UTC] PHP Warning:  Undefined array key "capacitacionCausa" in /home/soluctem/sistema.soluctem.com.co/api/submit-release.php on line 50
[29-Jan-2025 23:48:22 UTC] PHP Warning:  Undefined array key "capacitacionPrevencion" in /home/soluctem/sistema.soluctem.com.co/api/submit-release.php on line 51
[29-Jan-2025 23:48:22 UTC] PHP Warning:  Undefined array key "capacitacionAccion" in /home/soluctem/sistema.soluctem.com.co/api/submit-release.php on line 52
[29-Jan-2025 23:48:22 UTC] PHP Warning:  Undefined array key "contratista1" in /home/soluctem/sistema.soluctem.com.co/api/submit-release.php on line 53
[29-Jan-2025 23:48:22 UTC] PHP Warning:  Undefined array key "cedula1" in /home/soluctem/sistema.soluctem.com.co/api/submit-release.php on line 54
[29-Jan-2025 23:48:22 UTC] PHP Warning:  Undefined array key "horaEntrada1" in /home/soluctem/sistema.soluctem.com.co/api/submit-release.php on line 55
[29-Jan-2025 23:48:22 UTC] PHP Warning:  Undefined array key "horaSalida1" in /home/soluctem/sistema.soluctem.com.co/api/submit-release.php on line 56
[29-Jan-2025 23:48:22 UTC] PHP Warning:  Undefined array key "contratista2" in /home/soluctem/sistema.soluctem.com.co/api/submit-release.php on line 57
[29-Jan-2025 23:48:22 UTC] PHP Warning:  Undefined array key "cedula2" in /home/soluctem/sistema.soluctem.com.co/api/submit-release.php on line 58
[29-Jan-2025 23:48:22 UTC] PHP Warning:  Undefined array key "horaEntrada2" in /home/soluctem/sistema.soluctem.com.co/api/submit-release.php on line 59
[29-Jan-2025 23:48:22 UTC] PHP Warning:  Undefined array key "horaSalida2" in /home/soluctem/sistema.soluctem.com.co/api/submit-release.php on line 60
[29-Jan-2025 23:48:22 UTC] PHP Warning:  Undefined array key "contratista3" in /home/soluctem/sistema.soluctem.com.co/api/submit-release.php on line 61
[29-Jan-2025 23:48:22 UTC] PHP Warning:  Undefined array key "cedula3" in /home/soluctem/sistema.soluctem.com.co/api/submit-release.php on line 62
[29-Jan-2025 23:48:22 UTC] PHP Warning:  Undefined array key "horaEntrada3" in /home/soluctem/sistema.soluctem.com.co/api/submit-release.php on line 63
[29-Jan-2025 23:48:22 UTC] PHP Warning:  Undefined array key "horaSalida3" in /home/soluctem/sistema.soluctem.com.co/api/submit-release.php on line 64
[29-Jan-2025 23:48:22 UTC] PHP Warning:  Undefined array key "contratista4" in /home/soluctem/sistema.soluctem.com.co/api/submit-release.php on line 65
[29-Jan-2025 23:48:22 UTC] PHP Warning:  Undefined array key "cedula4" in /home/soluctem/sistema.soluctem.com.co/api/submit-release.php on line 66
[29-Jan-2025 23:48:22 UTC] PHP Warning:  Undefined array key "horaEntrada4" in /home/soluctem/sistema.soluctem.com.co/api/submit-release.php on line 67
[29-Jan-2025 23:48:22 UTC] PHP Warning:  Undefined array key "horaSalida4" in /home/soluctem/sistema.soluctem.com.co/api/submit-release.php on line 68
[29-Jan-2025 23:48:22 UTC] PHP Warning:  Undefined array key "nombreFuncionario" in /home/soluctem/sistema.soluctem.com.co/api/submit-release.php on line 69
[29-Jan-2025 23:48:22 UTC] PHP Warning:  Undefined array key "cedulaFuncionario" in /home/soluctem/sistema.soluctem.com.co/api/submit-release.php on line 70
[29-Jan-2025 23:48:22 UTC] PHP Warning:  Undefined array key "cargoFuncionario" in /home/soluctem/sistema.soluctem.com.co/api/submit-release.php on line 71
[29-Jan-2025 23:48:22 UTC] PHP Warning:  Undefined array key "sapFuncionario" in /home/soluctem/sistema.soluctem.com.co/api/submit-release.php on line 72
[29-Jan-2025 23:48:22 UTC] PHP Warning:  Undefined array key "timestamp" in /home/soluctem/sistema.soluctem.com.co/api/submit-release.php on line 73
[29-Jan-2025 23:48:22 UTC] PHP Warning:  Undefined array key "asistenciaReparacion" in /home/soluctem/sistema.soluctem.com.co/api/submit-release.php on line 74
[29-Jan-2025 23:48:22 UTC] PHP Warning:  Undefined array key "asistenciaGarantia" in /home/soluctem/sistema.soluctem.com.co/api/submit-release.php on line 75
[29-Jan-2025 23:48:22 UTC] PHP Warning:  Undefined array key "asistenciaAjuste" in /home/soluctem/sistema.soluctem.com.co/api/submit-release.php on line 76
[29-Jan-2025 23:48:22 UTC] PHP Warning:  Undefined array key "asistenciaModificacion" in /home/soluctem/sistema.soluctem.com.co/api/submit-release.php on line 77
[29-Jan-2025 23:48:22 UTC] PHP Warning:  Undefined array key "asistenciaServicio" in /home/soluctem/sistema.soluctem.com.co/api/submit-release.php on line 78
[29-Jan-2025 23:48:22 UTC] PHP Warning:  Undefined array key "asistenciaMejora" in /home/soluctem/sistema.soluctem.com.co/api/submit-release.php on line 79
[29-Jan-2025 23:48:22 UTC] PHP Warning:  Undefined array key "asistenciaCombinacion" in /home/soluctem/sistema.soluctem.com.co/api/submit-release.php on line 80
[29-Jan-2025 23:48:22 UTC] PHP Warning:  Undefined array key "fallaOperacion" in /home/soluctem/sistema.soluctem.com.co/api/submit-release.php on line 81
[29-Jan-2025 23:48:22 UTC] PHP Warning:  Undefined array key "fallaMecanica" in /home/soluctem/sistema.soluctem.com.co/api/submit-release.php on line 82
[29-Jan-2025 23:48:22 UTC] PHP Warning:  Undefined array key "fallaElectrica" in /home/soluctem/sistema.soluctem.com.co/api/submit-release.php on line 83
[29-Jan-2025 23:48:22 UTC] PHP Warning:  Undefined array key "fallaTerceros" in /home/soluctem/sistema.soluctem.com.co/api/submit-release.php on line 84
[29-Jan-2025 23:48:22 UTC] PHP Warning:  Undefined array key "fallaFabricacion" in /home/soluctem/sistema.soluctem.com.co/api/submit-release.php on line 85
[29-Jan-2025 23:48:22 UTC] PHP Warning:  Undefined array key "firma_digital_cliente" in /home/soluctem/sistema.soluctem.com.co/api/submit-release.php on line 86
[29-Jan-2025 23:48:22 UTC] PHP Warning:  Undefined array key "firma_digital_tecnico" in /home/soluctem/sistema.soluctem.com.co/api/submit-release.php on line 87
[29-Jan-2025 23:50:56 UTC] PHP Warning:  Undefined array key "nombreSolicitante" in /home/soluctem/sistema.soluctem.com.co/api/submit-release.php on line 28
[29-Jan-2025 23:50:56 UTC] PHP Warning:  Undefined array key "cargo" in /home/soluctem/sistema.soluctem.com.co/api/submit-release.php on line 29
[29-Jan-2025 23:50:56 UTC] PHP Warning:  Undefined array key "nombreTienda" in /home/soluctem/sistema.soluctem.com.co/api/submit-release.php on line 30
[29-Jan-2025 23:50:56 UTC] PHP Warning:  Undefined array key "numeroTienda" in /home/soluctem/sistema.soluctem.com.co/api/submit-release.php on line 31
[29-Jan-2025 23:50:56 UTC] PHP Warning:  Undefined array key "numeroTicket" in /home/soluctem/sistema.soluctem.com.co/api/submit-release.php on line 32
[29-Jan-2025 23:50:56 UTC] PHP Warning:  Undefined array key "fecha" in /home/soluctem/sistema.soluctem.com.co/api/submit-release.php on line 33
[29-Jan-2025 23:50:56 UTC] PHP Warning:  Undefined array key "municipio" in /home/soluctem/sistema.soluctem.com.co/api/submit-release.php on line 34
[29-Jan-2025 23:50:56 UTC] PHP Warning:  Undefined array key "departamento" in /home/soluctem/sistema.soluctem.com.co/api/submit-release.php on line 35
[29-Jan-2025 23:50:56 UTC] PHP Warning:  Undefined array key "nombreEquipo" in /home/soluctem/sistema.soluctem.com.co/api/submit-release.php on line 36
[29-Jan-2025 23:50:56 UTC] PHP Warning:  Undefined array key "marca" in /home/soluctem/sistema.soluctem.com.co/api/submit-release.php on line 37
[29-Jan-2025 23:50:56 UTC] PHP Warning:  Undefined array key "serial" in /home/soluctem/sistema.soluctem.com.co/api/submit-release.php on line 38
[29-Jan-2025 23:50:56 UTC] PHP Warning:  Undefined array key "descripcionFalla" in /home/soluctem/sistema.soluctem.com.co/api/submit-release.php on line 39
[29-Jan-2025 23:50:56 UTC] PHP Warning:  Undefined array key "diagnosticoTecnico" in /home/soluctem/sistema.soluctem.com.co/api/submit-release.php on line 40
[29-Jan-2025 23:50:56 UTC] PHP Warning:  Undefined array key "repuestosCambiados" in /home/soluctem/sistema.soluctem.com.co/api/submit-release.php on line 41
[29-Jan-2025 23:50:56 UTC] PHP Warning:  Undefined array key "observaciones" in /home/soluctem/sistema.soluctem.com.co/api/submit-release.php on line 42
[29-Jan-2025 23:50:56 UTC] PHP Warning:  Undefined array key "seguridadRiesgoAccidentalidad" in /home/soluctem/sistema.soluctem.com.co/api/submit-release.php on line 43
[29-Jan-2025 23:50:56 UTC] PHP Warning:  Undefined array key "seguridadRiesgoEquipo" in /home/soluctem/sistema.soluctem.com.co/api/submit-release.php on line 44
[29-Jan-2025 23:50:56 UTC] PHP Warning:  Undefined array key "funcionamientoFallaSolucionada" in /home/soluctem/sistema.soluctem.com.co/api/submit-release.php on line 45
[29-Jan-2025 23:50:56 UTC] PHP Warning:  Undefined array key "funcionamientoPasosNormales" in /home/soluctem/sistema.soluctem.com.co/api/submit-release.php on line 46
[29-Jan-2025 23:50:56 UTC] PHP Warning:  Undefined array key "calidadTrabajo" in /home/soluctem/sistema.soluctem.com.co/api/submit-release.php on line 47
[29-Jan-2025 23:50:56 UTC] PHP Warning:  Undefined array key "limpiezaOrganizacionArmado" in /home/soluctem/sistema.soluctem.com.co/api/submit-release.php on line 48
[29-Jan-2025 23:50:56 UTC] PHP Warning:  Undefined array key "limpiezaOrganizacionAseado" in /home/soluctem/sistema.soluctem.com.co/api/submit-release.php on line 49
[29-Jan-2025 23:50:56 UTC] PHP Warning:  Undefined array key "capacitacionCausa" in /home/soluctem/sistema.soluctem.com.co/api/submit-release.php on line 50
[29-Jan-2025 23:50:56 UTC] PHP Warning:  Undefined array key "capacitacionPrevencion" in /home/soluctem/sistema.soluctem.com.co/api/submit-release.php on line 51
[29-Jan-2025 23:50:56 UTC] PHP Warning:  Undefined array key "capacitacionAccion" in /home/soluctem/sistema.soluctem.com.co/api/submit-release.php on line 52
[29-Jan-2025 23:50:56 UTC] PHP Warning:  Undefined array key "contratista1" in /home/soluctem/sistema.soluctem.com.co/api/submit-release.php on line 53
[29-Jan-2025 23:50:56 UTC] PHP Warning:  Undefined array key "cedula1" in /home/soluctem/sistema.soluctem.com.co/api/submit-release.php on line 54
[29-Jan-2025 23:50:56 UTC] PHP Warning:  Undefined array key "horaEntrada1" in /home/soluctem/sistema.soluctem.com.co/api/submit-release.php on line 55
[29-Jan-2025 23:50:56 UTC] PHP Warning:  Undefined array key "horaSalida1" in /home/soluctem/sistema.soluctem.com.co/api/submit-release.php on line 56
[29-Jan-2025 23:50:56 UTC] PHP Warning:  Undefined array key "contratista2" in /home/soluctem/sistema.soluctem.com.co/api/submit-release.php on line 57
[29-Jan-2025 23:50:56 UTC] PHP Warning:  Undefined array key "cedula2" in /home/soluctem/sistema.soluctem.com.co/api/submit-release.php on line 58
[29-Jan-2025 23:50:56 UTC] PHP Warning:  Undefined array key "horaEntrada2" in /home/soluctem/sistema.soluctem.com.co/api/submit-release.php on line 59
[29-Jan-2025 23:50:56 UTC] PHP Warning:  Undefined array key "horaSalida2" in /home/soluctem/sistema.soluctem.com.co/api/submit-release.php on line 60
[29-Jan-2025 23:50:56 UTC] PHP Warning:  Undefined array key "contratista3" in /home/soluctem/sistema.soluctem.com.co/api/submit-release.php on line 61
[29-Jan-2025 23:50:56 UTC] PHP Warning:  Undefined array key "cedula3" in /home/soluctem/sistema.soluctem.com.co/api/submit-release.php on line 62
[29-Jan-2025 23:50:56 UTC] PHP Warning:  Undefined array key "horaEntrada3" in /home/soluctem/sistema.soluctem.com.co/api/submit-release.php on line 63
[29-Jan-2025 23:50:56 UTC] PHP Warning:  Undefined array key "horaSalida3" in /home/soluctem/sistema.soluctem.com.co/api/submit-release.php on line 64
[29-Jan-2025 23:50:56 UTC] PHP Warning:  Undefined array key "contratista4" in /home/soluctem/sistema.soluctem.com.co/api/submit-release.php on line 65
[29-Jan-2025 23:50:56 UTC] PHP Warning:  Undefined array key "cedula4" in /home/soluctem/sistema.soluctem.com.co/api/submit-release.php on line 66
[29-Jan-2025 23:50:56 UTC] PHP Warning:  Undefined array key "horaEntrada4" in /home/soluctem/sistema.soluctem.com.co/api/submit-release.php on line 67
[29-Jan-2025 23:50:56 UTC] PHP Warning:  Undefined array key "horaSalida4" in /home/soluctem/sistema.soluctem.com.co/api/submit-release.php on line 68
[29-Jan-2025 23:50:56 UTC] PHP Warning:  Undefined array key "nombreFuncionario" in /home/soluctem/sistema.soluctem.com.co/api/submit-release.php on line 69
[29-Jan-2025 23:50:56 UTC] PHP Warning:  Undefined array key "cedulaFuncionario" in /home/soluctem/sistema.soluctem.com.co/api/submit-release.php on line 70
[29-Jan-2025 23:50:56 UTC] PHP Warning:  Undefined array key "cargoFuncionario" in /home/soluctem/sistema.soluctem.com.co/api/submit-release.php on line 71
[29-Jan-2025 23:50:56 UTC] PHP Warning:  Undefined array key "sapFuncionario" in /home/soluctem/sistema.soluctem.com.co/api/submit-release.php on line 72
[29-Jan-2025 23:50:56 UTC] PHP Warning:  Undefined array key "timestamp" in /home/soluctem/sistema.soluctem.com.co/api/submit-release.php on line 73
[29-Jan-2025 23:50:56 UTC] PHP Warning:  Undefined array key "asistenciaReparacion" in /home/soluctem/sistema.soluctem.com.co/api/submit-release.php on line 74
[29-Jan-2025 23:50:56 UTC] PHP Warning:  Undefined array key "asistenciaGarantia" in /home/soluctem/sistema.soluctem.com.co/api/submit-release.php on line 75
[29-Jan-2025 23:50:56 UTC] PHP Warning:  Undefined array key "asistenciaAjuste" in /home/soluctem/sistema.soluctem.com.co/api/submit-release.php on line 76
[29-Jan-2025 23:50:56 UTC] PHP Warning:  Undefined array key "asistenciaModificacion" in /home/soluctem/sistema.soluctem.com.co/api/submit-release.php on line 77
[29-Jan-2025 23:50:56 UTC] PHP Warning:  Undefined array key "asistenciaServicio" in /home/soluctem/sistema.soluctem.com.co/api/submit-release.php on line 78
[29-Jan-2025 23:50:56 UTC] PHP Warning:  Undefined array key "asistenciaMejora" in /home/soluctem/sistema.soluctem.com.co/api/submit-release.php on line 79
[29-Jan-2025 23:50:56 UTC] PHP Warning:  Undefined array key "asistenciaCombinacion" in /home/soluctem/sistema.soluctem.com.co/api/submit-release.php on line 80
[29-Jan-2025 23:50:56 UTC] PHP Warning:  Undefined array key "fallaOperacion" in /home/soluctem/sistema.soluctem.com.co/api/submit-release.php on line 81
[29-Jan-2025 23:50:56 UTC] PHP Warning:  Undefined array key "fallaMecanica" in /home/soluctem/sistema.soluctem.com.co/api/submit-release.php on line 82
[29-Jan-2025 23:50:56 UTC] PHP Warning:  Undefined array key "fallaElectrica" in /home/soluctem/sistema.soluctem.com.co/api/submit-release.php on line 83
[29-Jan-2025 23:50:56 UTC] PHP Warning:  Undefined array key "fallaTerceros" in /home/soluctem/sistema.soluctem.com.co/api/submit-release.php on line 84
[29-Jan-2025 23:50:56 UTC] PHP Warning:  Undefined array key "fallaFabricacion" in /home/soluctem/sistema.soluctem.com.co/api/submit-release.php on line 85
[29-Jan-2025 23:50:56 UTC] PHP Warning:  Undefined array key "firma_digital_cliente" in /home/soluctem/sistema.soluctem.com.co/api/submit-release.php on line 86
[29-Jan-2025 23:50:56 UTC] PHP Warning:  Undefined array key "firma_digital_tecnico" in /home/soluctem/sistema.soluctem.com.co/api/submit-release.php on line 87
[29-Jan-2025 23:51:19 UTC] PHP Warning:  Undefined array key "nombreSolicitante" in /home/soluctem/sistema.soluctem.com.co/api/submit-release.php on line 28
[29-Jan-2025 23:51:19 UTC] PHP Warning:  Undefined array key "cargo" in /home/soluctem/sistema.soluctem.com.co/api/submit-release.php on line 29
[29-Jan-2025 23:51:19 UTC] PHP Warning:  Undefined array key "nombreTienda" in /home/soluctem/sistema.soluctem.com.co/api/submit-release.php on line 30
[29-Jan-2025 23:51:19 UTC] PHP Warning:  Undefined array key "numeroTienda" in /home/soluctem/sistema.soluctem.com.co/api/submit-release.php on line 31
[29-Jan-2025 23:51:19 UTC] PHP Warning:  Undefined array key "numeroTicket" in /home/soluctem/sistema.soluctem.com.co/api/submit-release.php on line 32
[29-Jan-2025 23:51:19 UTC] PHP Warning:  Undefined array key "fecha" in /home/soluctem/sistema.soluctem.com.co/api/submit-release.php on line 33
[29-Jan-2025 23:51:19 UTC] PHP Warning:  Undefined array key "municipio" in /home/soluctem/sistema.soluctem.com.co/api/submit-release.php on line 34
[29-Jan-2025 23:51:19 UTC] PHP Warning:  Undefined array key "departamento" in /home/soluctem/sistema.soluctem.com.co/api/submit-release.php on line 35
[29-Jan-2025 23:51:19 UTC] PHP Warning:  Undefined array key "nombreEquipo" in /home/soluctem/sistema.soluctem.com.co/api/submit-release.php on line 36
[29-Jan-2025 23:51:19 UTC] PHP Warning:  Undefined array key "marca" in /home/soluctem/sistema.soluctem.com.co/api/submit-release.php on line 37
[29-Jan-2025 23:51:19 UTC] PHP Warning:  Undefined array key "serial" in /home/soluctem/sistema.soluctem.com.co/api/submit-release.php on line 38
[29-Jan-2025 23:51:19 UTC] PHP Warning:  Undefined array key "descripcionFalla" in /home/soluctem/sistema.soluctem.com.co/api/submit-release.php on line 39
[29-Jan-2025 23:51:19 UTC] PHP Warning:  Undefined array key "diagnosticoTecnico" in /home/soluctem/sistema.soluctem.com.co/api/submit-release.php on line 40
[29-Jan-2025 23:51:19 UTC] PHP Warning:  Undefined array key "repuestosCambiados" in /home/soluctem/sistema.soluctem.com.co/api/submit-release.php on line 41
[29-Jan-2025 23:51:19 UTC] PHP Warning:  Undefined array key "observaciones" in /home/soluctem/sistema.soluctem.com.co/api/submit-release.php on line 42
[29-Jan-2025 23:51:19 UTC] PHP Warning:  Undefined array key "seguridadRiesgoAccidentalidad" in /home/soluctem/sistema.soluctem.com.co/api/submit-release.php on line 43
[29-Jan-2025 23:51:19 UTC] PHP Warning:  Undefined array key "seguridadRiesgoEquipo" in /home/soluctem/sistema.soluctem.com.co/api/submit-release.php on line 44
[29-Jan-2025 23:51:19 UTC] PHP Warning:  Undefined array key "funcionamientoFallaSolucionada" in /home/soluctem/sistema.soluctem.com.co/api/submit-release.php on line 45
[29-Jan-2025 23:51:19 UTC] PHP Warning:  Undefined array key "funcionamientoPasosNormales" in /home/soluctem/sistema.soluctem.com.co/api/submit-release.php on line 46
[29-Jan-2025 23:51:19 UTC] PHP Warning:  Undefined array key "calidadTrabajo" in /home/soluctem/sistema.soluctem.com.co/api/submit-release.php on line 47
[29-Jan-2025 23:51:19 UTC] PHP Warning:  Undefined array key "limpiezaOrganizacionArmado" in /home/soluctem/sistema.soluctem.com.co/api/submit-release.php on line 48
[29-Jan-2025 23:51:19 UTC] PHP Warning:  Undefined array key "limpiezaOrganizacionAseado" in /home/soluctem/sistema.soluctem.com.co/api/submit-release.php on line 49
[29-Jan-2025 23:51:19 UTC] PHP Warning:  Undefined array key "capacitacionCausa" in /home/soluctem/sistema.soluctem.com.co/api/submit-release.php on line 50
[29-Jan-2025 23:51:19 UTC] PHP Warning:  Undefined array key "capacitacionPrevencion" in /home/soluctem/sistema.soluctem.com.co/api/submit-release.php on line 51
[29-Jan-2025 23:51:19 UTC] PHP Warning:  Undefined array key "capacitacionAccion" in /home/soluctem/sistema.soluctem.com.co/api/submit-release.php on line 52
[29-Jan-2025 23:51:19 UTC] PHP Warning:  Undefined array key "contratista1" in /home/soluctem/sistema.soluctem.com.co/api/submit-release.php on line 53
[29-Jan-2025 23:51:19 UTC] PHP Warning:  Undefined array key "cedula1" in /home/soluctem/sistema.soluctem.com.co/api/submit-release.php on line 54
[29-Jan-2025 23:51:19 UTC] PHP Warning:  Undefined array key "horaEntrada1" in /home/soluctem/sistema.soluctem.com.co/api/submit-release.php on line 55
[29-Jan-2025 23:51:19 UTC] PHP Warning:  Undefined array key "horaSalida1" in /home/soluctem/sistema.soluctem.com.co/api/submit-release.php on line 56
[29-Jan-2025 23:51:19 UTC] PHP Warning:  Undefined array key "contratista2" in /home/soluctem/sistema.soluctem.com.co/api/submit-release.php on line 57
[29-Jan-2025 23:51:19 UTC] PHP Warning:  Undefined array key "cedula2" in /home/soluctem/sistema.soluctem.com.co/api/submit-release.php on line 58
[29-Jan-2025 23:51:19 UTC] PHP Warning:  Undefined array key "horaEntrada2" in /home/soluctem/sistema.soluctem.com.co/api/submit-release.php on line 59
[29-Jan-2025 23:51:19 UTC] PHP Warning:  Undefined array key "horaSalida2" in /home/soluctem/sistema.soluctem.com.co/api/submit-release.php on line 60
[29-Jan-2025 23:51:19 UTC] PHP Warning:  Undefined array key "contratista3" in /home/soluctem/sistema.soluctem.com.co/api/submit-release.php on line 61
[29-Jan-2025 23:51:19 UTC] PHP Warning:  Undefined array key "cedula3" in /home/soluctem/sistema.soluctem.com.co/api/submit-release.php on line 62
[29-Jan-2025 23:51:19 UTC] PHP Warning:  Undefined array key "horaEntrada3" in /home/soluctem/sistema.soluctem.com.co/api/submit-release.php on line 63
[29-Jan-2025 23:51:19 UTC] PHP Warning:  Undefined array key "horaSalida3" in /home/soluctem/sistema.soluctem.com.co/api/submit-release.php on line 64
[29-Jan-2025 23:51:19 UTC] PHP Warning:  Undefined array key "contratista4" in /home/soluctem/sistema.soluctem.com.co/api/submit-release.php on line 65
[29-Jan-2025 23:51:19 UTC] PHP Warning:  Undefined array key "cedula4" in /home/soluctem/sistema.soluctem.com.co/api/submit-release.php on line 66
[29-Jan-2025 23:51:19 UTC] PHP Warning:  Undefined array key "horaEntrada4" in /home/soluctem/sistema.soluctem.com.co/api/submit-release.php on line 67
[29-Jan-2025 23:51:19 UTC] PHP Warning:  Undefined array key "horaSalida4" in /home/soluctem/sistema.soluctem.com.co/api/submit-release.php on line 68
[29-Jan-2025 23:51:19 UTC] PHP Warning:  Undefined array key "nombreFuncionario" in /home/soluctem/sistema.soluctem.com.co/api/submit-release.php on line 69
[29-Jan-2025 23:51:19 UTC] PHP Warning:  Undefined array key "cedulaFuncionario" in /home/soluctem/sistema.soluctem.com.co/api/submit-release.php on line 70
[29-Jan-2025 23:51:19 UTC] PHP Warning:  Undefined array key "cargoFuncionario" in /home/soluctem/sistema.soluctem.com.co/api/submit-release.php on line 71
[29-Jan-2025 23:51:19 UTC] PHP Warning:  Undefined array key "sapFuncionario" in /home/soluctem/sistema.soluctem.com.co/api/submit-release.php on line 72
[29-Jan-2025 23:51:19 UTC] PHP Warning:  Undefined array key "timestamp" in /home/soluctem/sistema.soluctem.com.co/api/submit-release.php on line 73
[29-Jan-2025 23:51:19 UTC] PHP Warning:  Undefined array key "asistenciaReparacion" in /home/soluctem/sistema.soluctem.com.co/api/submit-release.php on line 74
[29-Jan-2025 23:51:19 UTC] PHP Warning:  Undefined array key "asistenciaGarantia" in /home/soluctem/sistema.soluctem.com.co/api/submit-release.php on line 75
[29-Jan-2025 23:51:19 UTC] PHP Warning:  Undefined array key "asistenciaAjuste" in /home/soluctem/sistema.soluctem.com.co/api/submit-release.php on line 76
[29-Jan-2025 23:51:19 UTC] PHP Warning:  Undefined array key "asistenciaModificacion" in /home/soluctem/sistema.soluctem.com.co/api/submit-release.php on line 77
[29-Jan-2025 23:51:19 UTC] PHP Warning:  Undefined array key "asistenciaServicio" in /home/soluctem/sistema.soluctem.com.co/api/submit-release.php on line 78
[29-Jan-2025 23:51:19 UTC] PHP Warning:  Undefined array key "asistenciaMejora" in /home/soluctem/sistema.soluctem.com.co/api/submit-release.php on line 79
[29-Jan-2025 23:51:19 UTC] PHP Warning:  Undefined array key "asistenciaCombinacion" in /home/soluctem/sistema.soluctem.com.co/api/submit-release.php on line 80
[29-Jan-2025 23:51:19 UTC] PHP Warning:  Undefined array key "fallaOperacion" in /home/soluctem/sistema.soluctem.com.co/api/submit-release.php on line 81
[29-Jan-2025 23:51:19 UTC] PHP Warning:  Undefined array key "fallaMecanica" in /home/soluctem/sistema.soluctem.com.co/api/submit-release.php on line 82
[29-Jan-2025 23:51:19 UTC] PHP Warning:  Undefined array key "fallaElectrica" in /home/soluctem/sistema.soluctem.com.co/api/submit-release.php on line 83
[29-Jan-2025 23:51:19 UTC] PHP Warning:  Undefined array key "fallaTerceros" in /home/soluctem/sistema.soluctem.com.co/api/submit-release.php on line 84
[29-Jan-2025 23:51:19 UTC] PHP Warning:  Undefined array key "fallaFabricacion" in /home/soluctem/sistema.soluctem.com.co/api/submit-release.php on line 85
[29-Jan-2025 23:51:19 UTC] PHP Warning:  Undefined array key "firma_digital_cliente" in /home/soluctem/sistema.soluctem.com.co/api/submit-release.php on line 86
[29-Jan-2025 23:51:19 UTC] PHP Warning:  Undefined array key "firma_digital_tecnico" in /home/soluctem/sistema.soluctem.com.co/api/submit-release.php on line 87
[29-Jan-2025 23:56:21 UTC] PHP Warning:  Undefined array key "nombreSolicitante" in /home/soluctem/sistema.soluctem.com.co/api/submit-release.php on line 28
[29-Jan-2025 23:56:21 UTC] PHP Warning:  Undefined array key "cargo" in /home/soluctem/sistema.soluctem.com.co/api/submit-release.php on line 29
[29-Jan-2025 23:56:21 UTC] PHP Warning:  Undefined array key "nombreTienda" in /home/soluctem/sistema.soluctem.com.co/api/submit-release.php on line 30
[29-Jan-2025 23:56:21 UTC] PHP Warning:  Undefined array key "numeroTienda" in /home/soluctem/sistema.soluctem.com.co/api/submit-release.php on line 31
[29-Jan-2025 23:56:21 UTC] PHP Warning:  Undefined array key "numeroTicket" in /home/soluctem/sistema.soluctem.com.co/api/submit-release.php on line 32
[29-Jan-2025 23:56:21 UTC] PHP Warning:  Undefined array key "fecha" in /home/soluctem/sistema.soluctem.com.co/api/submit-release.php on line 33
[29-Jan-2025 23:56:21 UTC] PHP Warning:  Undefined array key "municipio" in /home/soluctem/sistema.soluctem.com.co/api/submit-release.php on line 34
[29-Jan-2025 23:56:21 UTC] PHP Warning:  Undefined array key "departamento" in /home/soluctem/sistema.soluctem.com.co/api/submit-release.php on line 35
[29-Jan-2025 23:56:21 UTC] PHP Warning:  Undefined array key "nombreEquipo" in /home/soluctem/sistema.soluctem.com.co/api/submit-release.php on line 36
[29-Jan-2025 23:56:21 UTC] PHP Warning:  Undefined array key "marca" in /home/soluctem/sistema.soluctem.com.co/api/submit-release.php on line 37
[29-Jan-2025 23:56:21 UTC] PHP Warning:  Undefined array key "serial" in /home/soluctem/sistema.soluctem.com.co/api/submit-release.php on line 38
[29-Jan-2025 23:56:21 UTC] PHP Warning:  Undefined array key "descripcionFalla" in /home/soluctem/sistema.soluctem.com.co/api/submit-release.php on line 39
[29-Jan-2025 23:56:21 UTC] PHP Warning:  Undefined array key "diagnosticoTecnico" in /home/soluctem/sistema.soluctem.com.co/api/submit-release.php on line 40
[29-Jan-2025 23:56:21 UTC] PHP Warning:  Undefined array key "repuestosCambiados" in /home/soluctem/sistema.soluctem.com.co/api/submit-release.php on line 41
[29-Jan-2025 23:56:21 UTC] PHP Warning:  Undefined array key "observaciones" in /home/soluctem/sistema.soluctem.com.co/api/submit-release.php on line 42
[29-Jan-2025 23:56:21 UTC] PHP Warning:  Undefined array key "seguridadRiesgoAccidentalidad" in /home/soluctem/sistema.soluctem.com.co/api/submit-release.php on line 43
[29-Jan-2025 23:56:21 UTC] PHP Warning:  Undefined array key "seguridadRiesgoEquipo" in /home/soluctem/sistema.soluctem.com.co/api/submit-release.php on line 44
[29-Jan-2025 23:56:21 UTC] PHP Warning:  Undefined array key "funcionamientoFallaSolucionada" in /home/soluctem/sistema.soluctem.com.co/api/submit-release.php on line 45
[29-Jan-2025 23:56:21 UTC] PHP Warning:  Undefined array key "funcionamientoPasosNormales" in /home/soluctem/sistema.soluctem.com.co/api/submit-release.php on line 46
[29-Jan-2025 23:56:21 UTC] PHP Warning:  Undefined array key "calidadTrabajo" in /home/soluctem/sistema.soluctem.com.co/api/submit-release.php on line 47
[29-Jan-2025 23:56:21 UTC] PHP Warning:  Undefined array key "limpiezaOrganizacionArmado" in /home/soluctem/sistema.soluctem.com.co/api/submit-release.php on line 48
[29-Jan-2025 23:56:21 UTC] PHP Warning:  Undefined array key "limpiezaOrganizacionAseado" in /home/soluctem/sistema.soluctem.com.co/api/submit-release.php on line 49
[29-Jan-2025 23:56:21 UTC] PHP Warning:  Undefined array key "capacitacionCausa" in /home/soluctem/sistema.soluctem.com.co/api/submit-release.php on line 50
[29-Jan-2025 23:56:21 UTC] PHP Warning:  Undefined array key "capacitacionPrevencion" in /home/soluctem/sistema.soluctem.com.co/api/submit-release.php on line 51
[29-Jan-2025 23:56:21 UTC] PHP Warning:  Undefined array key "capacitacionAccion" in /home/soluctem/sistema.soluctem.com.co/api/submit-release.php on line 52
[29-Jan-2025 23:56:21 UTC] PHP Warning:  Undefined array key "contratista1" in /home/soluctem/sistema.soluctem.com.co/api/submit-release.php on line 53
[29-Jan-2025 23:56:21 UTC] PHP Warning:  Undefined array key "cedula1" in /home/soluctem/sistema.soluctem.com.co/api/submit-release.php on line 54
[29-Jan-2025 23:56:21 UTC] PHP Warning:  Undefined array key "horaEntrada1" in /home/soluctem/sistema.soluctem.com.co/api/submit-release.php on line 55
[29-Jan-2025 23:56:21 UTC] PHP Warning:  Undefined array key "horaSalida1" in /home/soluctem/sistema.soluctem.com.co/api/submit-release.php on line 56
[29-Jan-2025 23:56:21 UTC] PHP Warning:  Undefined array key "contratista2" in /home/soluctem/sistema.soluctem.com.co/api/submit-release.php on line 57
[29-Jan-2025 23:56:21 UTC] PHP Warning:  Undefined array key "cedula2" in /home/soluctem/sistema.soluctem.com.co/api/submit-release.php on line 58
[29-Jan-2025 23:56:21 UTC] PHP Warning:  Undefined array key "horaEntrada2" in /home/soluctem/sistema.soluctem.com.co/api/submit-release.php on line 59
[29-Jan-2025 23:56:21 UTC] PHP Warning:  Undefined array key "horaSalida2" in /home/soluctem/sistema.soluctem.com.co/api/submit-release.php on line 60
[29-Jan-2025 23:56:21 UTC] PHP Warning:  Undefined array key "contratista3" in /home/soluctem/sistema.soluctem.com.co/api/submit-release.php on line 61
[29-Jan-2025 23:56:21 UTC] PHP Warning:  Undefined array key "cedula3" in /home/soluctem/sistema.soluctem.com.co/api/submit-release.php on line 62
[29-Jan-2025 23:56:21 UTC] PHP Warning:  Undefined array key "horaEntrada3" in /home/soluctem/sistema.soluctem.com.co/api/submit-release.php on line 63
[29-Jan-2025 23:56:21 UTC] PHP Warning:  Undefined array key "horaSalida3" in /home/soluctem/sistema.soluctem.com.co/api/submit-release.php on line 64
[29-Jan-2025 23:56:21 UTC] PHP Warning:  Undefined array key "contratista4" in /home/soluctem/sistema.soluctem.com.co/api/submit-release.php on line 65
[29-Jan-2025 23:56:21 UTC] PHP Warning:  Undefined array key "cedula4" in /home/soluctem/sistema.soluctem.com.co/api/submit-release.php on line 66
[29-Jan-2025 23:56:21 UTC] PHP Warning:  Undefined array key "horaEntrada4" in /home/soluctem/sistema.soluctem.com.co/api/submit-release.php on line 67
[29-Jan-2025 23:56:21 UTC] PHP Warning:  Undefined array key "horaSalida4" in /home/soluctem/sistema.soluctem.com.co/api/submit-release.php on line 68
[29-Jan-2025 23:56:21 UTC] PHP Warning:  Undefined array key "nombreFuncionario" in /home/soluctem/sistema.soluctem.com.co/api/submit-release.php on line 69
[29-Jan-2025 23:56:21 UTC] PHP Warning:  Undefined array key "cedulaFuncionario" in /home/soluctem/sistema.soluctem.com.co/api/submit-release.php on line 70
[29-Jan-2025 23:56:21 UTC] PHP Warning:  Undefined array key "cargoFuncionario" in /home/soluctem/sistema.soluctem.com.co/api/submit-release.php on line 71
[29-Jan-2025 23:56:21 UTC] PHP Warning:  Undefined array key "sapFuncionario" in /home/soluctem/sistema.soluctem.com.co/api/submit-release.php on line 72
[29-Jan-2025 23:56:21 UTC] PHP Warning:  Undefined array key "timestamp" in /home/soluctem/sistema.soluctem.com.co/api/submit-release.php on line 73
[29-Jan-2025 23:56:21 UTC] PHP Warning:  Undefined array key "asistenciaReparacion" in /home/soluctem/sistema.soluctem.com.co/api/submit-release.php on line 74
[29-Jan-2025 23:56:21 UTC] PHP Warning:  Undefined array key "asistenciaGarantia" in /home/soluctem/sistema.soluctem.com.co/api/submit-release.php on line 75
[29-Jan-2025 23:56:21 UTC] PHP Warning:  Undefined array key "asistenciaAjuste" in /home/soluctem/sistema.soluctem.com.co/api/submit-release.php on line 76
[29-Jan-2025 23:56:21 UTC] PHP Warning:  Undefined array key "asistenciaModificacion" in /home/soluctem/sistema.soluctem.com.co/api/submit-release.php on line 77
[29-Jan-2025 23:56:21 UTC] PHP Warning:  Undefined array key "asistenciaServicio" in /home/soluctem/sistema.soluctem.com.co/api/submit-release.php on line 78
[29-Jan-2025 23:56:21 UTC] PHP Warning:  Undefined array key "asistenciaMejora" in /home/soluctem/sistema.soluctem.com.co/api/submit-release.php on line 79
[29-Jan-2025 23:56:21 UTC] PHP Warning:  Undefined array key "asistenciaCombinacion" in /home/soluctem/sistema.soluctem.com.co/api/submit-release.php on line 80
[29-Jan-2025 23:56:21 UTC] PHP Warning:  Undefined array key "fallaOperacion" in /home/soluctem/sistema.soluctem.com.co/api/submit-release.php on line 81
[29-Jan-2025 23:56:21 UTC] PHP Warning:  Undefined array key "fallaMecanica" in /home/soluctem/sistema.soluctem.com.co/api/submit-release.php on line 82
[29-Jan-2025 23:56:21 UTC] PHP Warning:  Undefined array key "fallaElectrica" in /home/soluctem/sistema.soluctem.com.co/api/submit-release.php on line 83
[29-Jan-2025 23:56:21 UTC] PHP Warning:  Undefined array key "fallaTerceros" in /home/soluctem/sistema.soluctem.com.co/api/submit-release.php on line 84
[29-Jan-2025 23:56:21 UTC] PHP Warning:  Undefined array key "fallaFabricacion" in /home/soluctem/sistema.soluctem.com.co/api/submit-release.php on line 85
[29-Jan-2025 23:56:21 UTC] PHP Warning:  Undefined array key "firma_digital_cliente" in /home/soluctem/sistema.soluctem.com.co/api/submit-release.php on line 86
[29-Jan-2025 23:56:21 UTC] PHP Warning:  Undefined array key "firma_digital_tecnico" in /home/soluctem/sistema.soluctem.com.co/api/submit-release.php on line 87
[30-Jan-2025 00:01:18 UTC] PHP Warning:  Undefined array key "nombreSolicitante" in /home/soluctem/sistema.soluctem.com.co/api/submit-release.php on line 28
[30-Jan-2025 00:01:18 UTC] PHP Warning:  Undefined array key "cargo" in /home/soluctem/sistema.soluctem.com.co/api/submit-release.php on line 29
[30-Jan-2025 00:01:18 UTC] PHP Warning:  Undefined array key "nombreTienda" in /home/soluctem/sistema.soluctem.com.co/api/submit-release.php on line 30
[30-Jan-2025 00:01:18 UTC] PHP Warning:  Undefined array key "numeroTienda" in /home/soluctem/sistema.soluctem.com.co/api/submit-release.php on line 31
[30-Jan-2025 00:01:18 UTC] PHP Warning:  Undefined array key "numeroTicket" in /home/soluctem/sistema.soluctem.com.co/api/submit-release.php on line 32
[30-Jan-2025 00:01:18 UTC] PHP Warning:  Undefined array key "fecha" in /home/soluctem/sistema.soluctem.com.co/api/submit-release.php on line 33
[30-Jan-2025 00:01:18 UTC] PHP Warning:  Undefined array key "municipio" in /home/soluctem/sistema.soluctem.com.co/api/submit-release.php on line 34
[30-Jan-2025 00:01:18 UTC] PHP Warning:  Undefined array key "departamento" in /home/soluctem/sistema.soluctem.com.co/api/submit-release.php on line 35
[30-Jan-2025 00:01:18 UTC] PHP Warning:  Undefined array key "nombreEquipo" in /home/soluctem/sistema.soluctem.com.co/api/submit-release.php on line 36
[30-Jan-2025 00:01:18 UTC] PHP Warning:  Undefined array key "marca" in /home/soluctem/sistema.soluctem.com.co/api/submit-release.php on line 37
[30-Jan-2025 00:01:18 UTC] PHP Warning:  Undefined array key "serial" in /home/soluctem/sistema.soluctem.com.co/api/submit-release.php on line 38
[30-Jan-2025 00:01:18 UTC] PHP Warning:  Undefined array key "descripcionFalla" in /home/soluctem/sistema.soluctem.com.co/api/submit-release.php on line 39
[30-Jan-2025 00:01:18 UTC] PHP Warning:  Undefined array key "diagnosticoTecnico" in /home/soluctem/sistema.soluctem.com.co/api/submit-release.php on line 40
[30-Jan-2025 00:01:18 UTC] PHP Warning:  Undefined array key "repuestosCambiados" in /home/soluctem/sistema.soluctem.com.co/api/submit-release.php on line 41
[30-Jan-2025 00:01:18 UTC] PHP Warning:  Undefined array key "observaciones" in /home/soluctem/sistema.soluctem.com.co/api/submit-release.php on line 42
[30-Jan-2025 00:01:18 UTC] PHP Warning:  Undefined array key "seguridadRiesgoAccidentalidad" in /home/soluctem/sistema.soluctem.com.co/api/submit-release.php on line 43
[30-Jan-2025 00:01:18 UTC] PHP Warning:  Undefined array key "seguridadRiesgoEquipo" in /home/soluctem/sistema.soluctem.com.co/api/submit-release.php on line 44
[30-Jan-2025 00:01:18 UTC] PHP Warning:  Undefined array key "funcionamientoFallaSolucionada" in /home/soluctem/sistema.soluctem.com.co/api/submit-release.php on line 45
[30-Jan-2025 00:01:18 UTC] PHP Warning:  Undefined array key "funcionamientoPasosNormales" in /home/soluctem/sistema.soluctem.com.co/api/submit-release.php on line 46
[30-Jan-2025 00:01:18 UTC] PHP Warning:  Undefined array key "calidadTrabajo" in /home/soluctem/sistema.soluctem.com.co/api/submit-release.php on line 47
[30-Jan-2025 00:01:18 UTC] PHP Warning:  Undefined array key "limpiezaOrganizacionArmado" in /home/soluctem/sistema.soluctem.com.co/api/submit-release.php on line 48
[30-Jan-2025 00:01:18 UTC] PHP Warning:  Undefined array key "limpiezaOrganizacionAseado" in /home/soluctem/sistema.soluctem.com.co/api/submit-release.php on line 49
[30-Jan-2025 00:01:18 UTC] PHP Warning:  Undefined array key "capacitacionCausa" in /home/soluctem/sistema.soluctem.com.co/api/submit-release.php on line 50
[30-Jan-2025 00:01:18 UTC] PHP Warning:  Undefined array key "capacitacionPrevencion" in /home/soluctem/sistema.soluctem.com.co/api/submit-release.php on line 51
[30-Jan-2025 00:01:18 UTC] PHP Warning:  Undefined array key "capacitacionAccion" in /home/soluctem/sistema.soluctem.com.co/api/submit-release.php on line 52
[30-Jan-2025 00:01:18 UTC] PHP Warning:  Undefined array key "contratista1" in /home/soluctem/sistema.soluctem.com.co/api/submit-release.php on line 53
[30-Jan-2025 00:01:18 UTC] PHP Warning:  Undefined array key "cedula1" in /home/soluctem/sistema.soluctem.com.co/api/submit-release.php on line 54
[30-Jan-2025 00:01:18 UTC] PHP Warning:  Undefined array key "horaEntrada1" in /home/soluctem/sistema.soluctem.com.co/api/submit-release.php on line 55
[30-Jan-2025 00:01:18 UTC] PHP Warning:  Undefined array key "horaSalida1" in /home/soluctem/sistema.soluctem.com.co/api/submit-release.php on line 56
[30-Jan-2025 00:01:18 UTC] PHP Warning:  Undefined array key "contratista2" in /home/soluctem/sistema.soluctem.com.co/api/submit-release.php on line 57
[30-Jan-2025 00:01:18 UTC] PHP Warning:  Undefined array key "cedula2" in /home/soluctem/sistema.soluctem.com.co/api/submit-release.php on line 58
[30-Jan-2025 00:01:18 UTC] PHP Warning:  Undefined array key "horaEntrada2" in /home/soluctem/sistema.soluctem.com.co/api/submit-release.php on line 59
[30-Jan-2025 00:01:18 UTC] PHP Warning:  Undefined array key "horaSalida2" in /home/soluctem/sistema.soluctem.com.co/api/submit-release.php on line 60
[30-Jan-2025 00:01:18 UTC] PHP Warning:  Undefined array key "contratista3" in /home/soluctem/sistema.soluctem.com.co/api/submit-release.php on line 61
[30-Jan-2025 00:01:18 UTC] PHP Warning:  Undefined array key "cedula3" in /home/soluctem/sistema.soluctem.com.co/api/submit-release.php on line 62
[30-Jan-2025 00:01:18 UTC] PHP Warning:  Undefined array key "horaEntrada3" in /home/soluctem/sistema.soluctem.com.co/api/submit-release.php on line 63
[30-Jan-2025 00:01:18 UTC] PHP Warning:  Undefined array key "horaSalida3" in /home/soluctem/sistema.soluctem.com.co/api/submit-release.php on line 64
[30-Jan-2025 00:01:18 UTC] PHP Warning:  Undefined array key "contratista4" in /home/soluctem/sistema.soluctem.com.co/api/submit-release.php on line 65
[30-Jan-2025 00:01:18 UTC] PHP Warning:  Undefined array key "cedula4" in /home/soluctem/sistema.soluctem.com.co/api/submit-release.php on line 66
[30-Jan-2025 00:01:18 UTC] PHP Warning:  Undefined array key "horaEntrada4" in /home/soluctem/sistema.soluctem.com.co/api/submit-release.php on line 67
[30-Jan-2025 00:01:18 UTC] PHP Warning:  Undefined array key "horaSalida4" in /home/soluctem/sistema.soluctem.com.co/api/submit-release.php on line 68
[30-Jan-2025 00:01:18 UTC] PHP Warning:  Undefined array key "nombreFuncionario" in /home/soluctem/sistema.soluctem.com.co/api/submit-release.php on line 69
[30-Jan-2025 00:01:18 UTC] PHP Warning:  Undefined array key "cedulaFuncionario" in /home/soluctem/sistema.soluctem.com.co/api/submit-release.php on line 70
[30-Jan-2025 00:01:18 UTC] PHP Warning:  Undefined array key "cargoFuncionario" in /home/soluctem/sistema.soluctem.com.co/api/submit-release.php on line 71
[30-Jan-2025 00:01:18 UTC] PHP Warning:  Undefined array key "sapFuncionario" in /home/soluctem/sistema.soluctem.com.co/api/submit-release.php on line 72
[30-Jan-2025 00:01:18 UTC] PHP Warning:  Undefined array key "timestamp" in /home/soluctem/sistema.soluctem.com.co/api/submit-release.php on line 73
[30-Jan-2025 00:01:18 UTC] PHP Warning:  Undefined array key "asistenciaReparacion" in /home/soluctem/sistema.soluctem.com.co/api/submit-release.php on line 74
[30-Jan-2025 00:01:18 UTC] PHP Warning:  Undefined array key "asistenciaGarantia" in /home/soluctem/sistema.soluctem.com.co/api/submit-release.php on line 75
[30-Jan-2025 00:01:18 UTC] PHP Warning:  Undefined array key "asistenciaAjuste" in /home/soluctem/sistema.soluctem.com.co/api/submit-release.php on line 76
[30-Jan-2025 00:01:18 UTC] PHP Warning:  Undefined array key "asistenciaModificacion" in /home/soluctem/sistema.soluctem.com.co/api/submit-release.php on line 77
[30-Jan-2025 00:01:18 UTC] PHP Warning:  Undefined array key "asistenciaServicio" in /home/soluctem/sistema.soluctem.com.co/api/submit-release.php on line 78
[30-Jan-2025 00:01:18 UTC] PHP Warning:  Undefined array key "asistenciaMejora" in /home/soluctem/sistema.soluctem.com.co/api/submit-release.php on line 79
[30-Jan-2025 00:01:18 UTC] PHP Warning:  Undefined array key "asistenciaCombinacion" in /home/soluctem/sistema.soluctem.com.co/api/submit-release.php on line 80
[30-Jan-2025 00:01:18 UTC] PHP Warning:  Undefined array key "fallaOperacion" in /home/soluctem/sistema.soluctem.com.co/api/submit-release.php on line 81
[30-Jan-2025 00:01:18 UTC] PHP Warning:  Undefined array key "fallaMecanica" in /home/soluctem/sistema.soluctem.com.co/api/submit-release.php on line 82
[30-Jan-2025 00:01:18 UTC] PHP Warning:  Undefined array key "fallaElectrica" in /home/soluctem/sistema.soluctem.com.co/api/submit-release.php on line 83
[30-Jan-2025 00:01:18 UTC] PHP Warning:  Undefined array key "fallaTerceros" in /home/soluctem/sistema.soluctem.com.co/api/submit-release.php on line 84
[30-Jan-2025 00:01:18 UTC] PHP Warning:  Undefined array key "fallaFabricacion" in /home/soluctem/sistema.soluctem.com.co/api/submit-release.php on line 85
[30-Jan-2025 00:01:18 UTC] PHP Warning:  Undefined array key "firma_digital_cliente" in /home/soluctem/sistema.soluctem.com.co/api/submit-release.php on line 86
[30-Jan-2025 00:01:18 UTC] PHP Warning:  Undefined array key "firma_digital_tecnico" in /home/soluctem/sistema.soluctem.com.co/api/submit-release.php on line 87
[30-Jan-2025 00:05:51 UTC] PHP Warning:  Undefined array key "nombreSolicitante" in /home/soluctem/sistema.soluctem.com.co/api/submit-release.php on line 28
[30-Jan-2025 00:05:51 UTC] PHP Warning:  Undefined array key "cargo" in /home/soluctem/sistema.soluctem.com.co/api/submit-release.php on line 29
[30-Jan-2025 00:05:51 UTC] PHP Warning:  Undefined array key "nombreTienda" in /home/soluctem/sistema.soluctem.com.co/api/submit-release.php on line 30
[30-Jan-2025 00:05:51 UTC] PHP Warning:  Undefined array key "numeroTienda" in /home/soluctem/sistema.soluctem.com.co/api/submit-release.php on line 31
[30-Jan-2025 00:05:51 UTC] PHP Warning:  Undefined array key "numeroTicket" in /home/soluctem/sistema.soluctem.com.co/api/submit-release.php on line 32
[30-Jan-2025 00:05:51 UTC] PHP Warning:  Undefined array key "fecha" in /home/soluctem/sistema.soluctem.com.co/api/submit-release.php on line 33
[30-Jan-2025 00:05:51 UTC] PHP Warning:  Undefined array key "municipio" in /home/soluctem/sistema.soluctem.com.co/api/submit-release.php on line 34
[30-Jan-2025 00:05:51 UTC] PHP Warning:  Undefined array key "departamento" in /home/soluctem/sistema.soluctem.com.co/api/submit-release.php on line 35
[30-Jan-2025 00:05:51 UTC] PHP Warning:  Undefined array key "nombreEquipo" in /home/soluctem/sistema.soluctem.com.co/api/submit-release.php on line 36
[30-Jan-2025 00:05:51 UTC] PHP Warning:  Undefined array key "marca" in /home/soluctem/sistema.soluctem.com.co/api/submit-release.php on line 37
[30-Jan-2025 00:05:51 UTC] PHP Warning:  Undefined array key "serial" in /home/soluctem/sistema.soluctem.com.co/api/submit-release.php on line 38
[30-Jan-2025 00:05:51 UTC] PHP Warning:  Undefined array key "descripcionFalla" in /home/soluctem/sistema.soluctem.com.co/api/submit-release.php on line 39
[30-Jan-2025 00:05:51 UTC] PHP Warning:  Undefined array key "diagnosticoTecnico" in /home/soluctem/sistema.soluctem.com.co/api/submit-release.php on line 40
[30-Jan-2025 00:05:51 UTC] PHP Warning:  Undefined array key "repuestosCambiados" in /home/soluctem/sistema.soluctem.com.co/api/submit-release.php on line 41
[30-Jan-2025 00:05:51 UTC] PHP Warning:  Undefined array key "observaciones" in /home/soluctem/sistema.soluctem.com.co/api/submit-release.php on line 42
[30-Jan-2025 00:05:51 UTC] PHP Warning:  Undefined array key "seguridadRiesgoAccidentalidad" in /home/soluctem/sistema.soluctem.com.co/api/submit-release.php on line 43
[30-Jan-2025 00:05:51 UTC] PHP Warning:  Undefined array key "seguridadRiesgoEquipo" in /home/soluctem/sistema.soluctem.com.co/api/submit-release.php on line 44
[30-Jan-2025 00:05:51 UTC] PHP Warning:  Undefined array key "funcionamientoFallaSolucionada" in /home/soluctem/sistema.soluctem.com.co/api/submit-release.php on line 45
[30-Jan-2025 00:05:51 UTC] PHP Warning:  Undefined array key "funcionamientoPasosNormales" in /home/soluctem/sistema.soluctem.com.co/api/submit-release.php on line 46
[30-Jan-2025 00:05:51 UTC] PHP Warning:  Undefined array key "calidadTrabajo" in /home/soluctem/sistema.soluctem.com.co/api/submit-release.php on line 47
[30-Jan-2025 00:05:51 UTC] PHP Warning:  Undefined array key "limpiezaOrganizacionArmado" in /home/soluctem/sistema.soluctem.com.co/api/submit-release.php on line 48
[30-Jan-2025 00:05:51 UTC] PHP Warning:  Undefined array key "limpiezaOrganizacionAseado" in /home/soluctem/sistema.soluctem.com.co/api/submit-release.php on line 49
[30-Jan-2025 00:05:51 UTC] PHP Warning:  Undefined array key "capacitacionCausa" in /home/soluctem/sistema.soluctem.com.co/api/submit-release.php on line 50
[30-Jan-2025 00:05:51 UTC] PHP Warning:  Undefined array key "capacitacionPrevencion" in /home/soluctem/sistema.soluctem.com.co/api/submit-release.php on line 51
[30-Jan-2025 00:05:51 UTC] PHP Warning:  Undefined array key "capacitacionAccion" in /home/soluctem/sistema.soluctem.com.co/api/submit-release.php on line 52
[30-Jan-2025 00:05:51 UTC] PHP Warning:  Undefined array key "contratista1" in /home/soluctem/sistema.soluctem.com.co/api/submit-release.php on line 53
[30-Jan-2025 00:05:51 UTC] PHP Warning:  Undefined array key "cedula1" in /home/soluctem/sistema.soluctem.com.co/api/submit-release.php on line 54
[30-Jan-2025 00:05:51 UTC] PHP Warning:  Undefined array key "horaEntrada1" in /home/soluctem/sistema.soluctem.com.co/api/submit-release.php on line 55
[30-Jan-2025 00:05:51 UTC] PHP Warning:  Undefined array key "horaSalida1" in /home/soluctem/sistema.soluctem.com.co/api/submit-release.php on line 56
[30-Jan-2025 00:05:51 UTC] PHP Warning:  Undefined array key "contratista2" in /home/soluctem/sistema.soluctem.com.co/api/submit-release.php on line 57
[30-Jan-2025 00:05:51 UTC] PHP Warning:  Undefined array key "cedula2" in /home/soluctem/sistema.soluctem.com.co/api/submit-release.php on line 58
[30-Jan-2025 00:05:51 UTC] PHP Warning:  Undefined array key "horaEntrada2" in /home/soluctem/sistema.soluctem.com.co/api/submit-release.php on line 59
[30-Jan-2025 00:05:51 UTC] PHP Warning:  Undefined array key "horaSalida2" in /home/soluctem/sistema.soluctem.com.co/api/submit-release.php on line 60
[30-Jan-2025 00:05:51 UTC] PHP Warning:  Undefined array key "contratista3" in /home/soluctem/sistema.soluctem.com.co/api/submit-release.php on line 61
[30-Jan-2025 00:05:51 UTC] PHP Warning:  Undefined array key "cedula3" in /home/soluctem/sistema.soluctem.com.co/api/submit-release.php on line 62
[30-Jan-2025 00:05:51 UTC] PHP Warning:  Undefined array key "horaEntrada3" in /home/soluctem/sistema.soluctem.com.co/api/submit-release.php on line 63
[30-Jan-2025 00:05:51 UTC] PHP Warning:  Undefined array key "horaSalida3" in /home/soluctem/sistema.soluctem.com.co/api/submit-release.php on line 64
[30-Jan-2025 00:05:51 UTC] PHP Warning:  Undefined array key "contratista4" in /home/soluctem/sistema.soluctem.com.co/api/submit-release.php on line 65
[30-Jan-2025 00:05:51 UTC] PHP Warning:  Undefined array key "cedula4" in /home/soluctem/sistema.soluctem.com.co/api/submit-release.php on line 66
[30-Jan-2025 00:05:51 UTC] PHP Warning:  Undefined array key "horaEntrada4" in /home/soluctem/sistema.soluctem.com.co/api/submit-release.php on line 67
[30-Jan-2025 00:05:51 UTC] PHP Warning:  Undefined array key "horaSalida4" in /home/soluctem/sistema.soluctem.com.co/api/submit-release.php on line 68
[30-Jan-2025 00:05:51 UTC] PHP Warning:  Undefined array key "nombreFuncionario" in /home/soluctem/sistema.soluctem.com.co/api/submit-release.php on line 69
[30-Jan-2025 00:05:51 UTC] PHP Warning:  Undefined array key "cedulaFuncionario" in /home/soluctem/sistema.soluctem.com.co/api/submit-release.php on line 70
[30-Jan-2025 00:05:51 UTC] PHP Warning:  Undefined array key "cargoFuncionario" in /home/soluctem/sistema.soluctem.com.co/api/submit-release.php on line 71
[30-Jan-2025 00:05:51 UTC] PHP Warning:  Undefined array key "sapFuncionario" in /home/soluctem/sistema.soluctem.com.co/api/submit-release.php on line 72
[30-Jan-2025 00:05:51 UTC] PHP Warning:  Undefined array key "timestamp" in /home/soluctem/sistema.soluctem.com.co/api/submit-release.php on line 73
[30-Jan-2025 00:05:51 UTC] PHP Warning:  Undefined array key "asistenciaReparacion" in /home/soluctem/sistema.soluctem.com.co/api/submit-release.php on line 74
[30-Jan-2025 00:05:51 UTC] PHP Warning:  Undefined array key "asistenciaGarantia" in /home/soluctem/sistema.soluctem.com.co/api/submit-release.php on line 75
[30-Jan-2025 00:05:51 UTC] PHP Warning:  Undefined array key "asistenciaAjuste" in /home/soluctem/sistema.soluctem.com.co/api/submit-release.php on line 76
[30-Jan-2025 00:05:51 UTC] PHP Warning:  Undefined array key "asistenciaModificacion" in /home/soluctem/sistema.soluctem.com.co/api/submit-release.php on line 77
[30-Jan-2025 00:05:51 UTC] PHP Warning:  Undefined array key "asistenciaServicio" in /home/soluctem/sistema.soluctem.com.co/api/submit-release.php on line 78
[30-Jan-2025 00:05:51 UTC] PHP Warning:  Undefined array key "asistenciaMejora" in /home/soluctem/sistema.soluctem.com.co/api/submit-release.php on line 79
[30-Jan-2025 00:05:51 UTC] PHP Warning:  Undefined array key "asistenciaCombinacion" in /home/soluctem/sistema.soluctem.com.co/api/submit-release.php on line 80
[30-Jan-2025 00:05:51 UTC] PHP Warning:  Undefined array key "fallaOperacion" in /home/soluctem/sistema.soluctem.com.co/api/submit-release.php on line 81
[30-Jan-2025 00:05:51 UTC] PHP Warning:  Undefined array key "fallaMecanica" in /home/soluctem/sistema.soluctem.com.co/api/submit-release.php on line 82
[30-Jan-2025 00:05:51 UTC] PHP Warning:  Undefined array key "fallaElectrica" in /home/soluctem/sistema.soluctem.com.co/api/submit-release.php on line 83
[30-Jan-2025 00:05:51 UTC] PHP Warning:  Undefined array key "fallaTerceros" in /home/soluctem/sistema.soluctem.com.co/api/submit-release.php on line 84
[30-Jan-2025 00:05:51 UTC] PHP Warning:  Undefined array key "fallaFabricacion" in /home/soluctem/sistema.soluctem.com.co/api/submit-release.php on line 85
[30-Jan-2025 00:05:51 UTC] PHP Warning:  Undefined array key "firma_digital_cliente" in /home/soluctem/sistema.soluctem.com.co/api/submit-release.php on line 86
[30-Jan-2025 00:05:51 UTC] PHP Warning:  Undefined array key "firma_digital_tecnico" in /home/soluctem/sistema.soluctem.com.co/api/submit-release.php on line 87
[30-Jan-2025 00:09:46 UTC] PHP Warning:  Undefined array key "nombreSolicitante" in /home/soluctem/sistema.soluctem.com.co/api/submit-release.php on line 28
[30-Jan-2025 00:09:46 UTC] PHP Warning:  Undefined array key "cargo" in /home/soluctem/sistema.soluctem.com.co/api/submit-release.php on line 29
[30-Jan-2025 00:09:46 UTC] PHP Warning:  Undefined array key "nombreTienda" in /home/soluctem/sistema.soluctem.com.co/api/submit-release.php on line 30
[30-Jan-2025 00:09:46 UTC] PHP Warning:  Undefined array key "numeroTienda" in /home/soluctem/sistema.soluctem.com.co/api/submit-release.php on line 31
[30-Jan-2025 00:09:46 UTC] PHP Warning:  Undefined array key "numeroTicket" in /home/soluctem/sistema.soluctem.com.co/api/submit-release.php on line 32
[30-Jan-2025 00:09:46 UTC] PHP Warning:  Undefined array key "fecha" in /home/soluctem/sistema.soluctem.com.co/api/submit-release.php on line 33
[30-Jan-2025 00:09:46 UTC] PHP Warning:  Undefined array key "municipio" in /home/soluctem/sistema.soluctem.com.co/api/submit-release.php on line 34
[30-Jan-2025 00:09:46 UTC] PHP Warning:  Undefined array key "departamento" in /home/soluctem/sistema.soluctem.com.co/api/submit-release.php on line 35
[30-Jan-2025 00:09:46 UTC] PHP Warning:  Undefined array key "nombreEquipo" in /home/soluctem/sistema.soluctem.com.co/api/submit-release.php on line 36
[30-Jan-2025 00:09:46 UTC] PHP Warning:  Undefined array key "marca" in /home/soluctem/sistema.soluctem.com.co/api/submit-release.php on line 37
[30-Jan-2025 00:09:46 UTC] PHP Warning:  Undefined array key "serial" in /home/soluctem/sistema.soluctem.com.co/api/submit-release.php on line 38
[30-Jan-2025 00:09:46 UTC] PHP Warning:  Undefined array key "descripcionFalla" in /home/soluctem/sistema.soluctem.com.co/api/submit-release.php on line 39
[30-Jan-2025 00:09:46 UTC] PHP Warning:  Undefined array key "diagnosticoTecnico" in /home/soluctem/sistema.soluctem.com.co/api/submit-release.php on line 40
[30-Jan-2025 00:09:46 UTC] PHP Warning:  Undefined array key "repuestosCambiados" in /home/soluctem/sistema.soluctem.com.co/api/submit-release.php on line 41
[30-Jan-2025 00:09:46 UTC] PHP Warning:  Undefined array key "observaciones" in /home/soluctem/sistema.soluctem.com.co/api/submit-release.php on line 42
[30-Jan-2025 00:09:46 UTC] PHP Warning:  Undefined array key "seguridadRiesgoAccidentalidad" in /home/soluctem/sistema.soluctem.com.co/api/submit-release.php on line 43
[30-Jan-2025 00:09:46 UTC] PHP Warning:  Undefined array key "seguridadRiesgoEquipo" in /home/soluctem/sistema.soluctem.com.co/api/submit-release.php on line 44
[30-Jan-2025 00:09:46 UTC] PHP Warning:  Undefined array key "funcionamientoFallaSolucionada" in /home/soluctem/sistema.soluctem.com.co/api/submit-release.php on line 45
[30-Jan-2025 00:09:46 UTC] PHP Warning:  Undefined array key "funcionamientoPasosNormales" in /home/soluctem/sistema.soluctem.com.co/api/submit-release.php on line 46
[30-Jan-2025 00:09:46 UTC] PHP Warning:  Undefined array key "calidadTrabajo" in /home/soluctem/sistema.soluctem.com.co/api/submit-release.php on line 47
[30-Jan-2025 00:09:46 UTC] PHP Warning:  Undefined array key "limpiezaOrganizacionArmado" in /home/soluctem/sistema.soluctem.com.co/api/submit-release.php on line 48
[30-Jan-2025 00:09:46 UTC] PHP Warning:  Undefined array key "limpiezaOrganizacionAseado" in /home/soluctem/sistema.soluctem.com.co/api/submit-release.php on line 49
[30-Jan-2025 00:09:46 UTC] PHP Warning:  Undefined array key "capacitacionCausa" in /home/soluctem/sistema.soluctem.com.co/api/submit-release.php on line 50
[30-Jan-2025 00:09:46 UTC] PHP Warning:  Undefined array key "capacitacionPrevencion" in /home/soluctem/sistema.soluctem.com.co/api/submit-release.php on line 51
[30-Jan-2025 00:09:46 UTC] PHP Warning:  Undefined array key "capacitacionAccion" in /home/soluctem/sistema.soluctem.com.co/api/submit-release.php on line 52
[30-Jan-2025 00:09:46 UTC] PHP Warning:  Undefined array key "contratista1" in /home/soluctem/sistema.soluctem.com.co/api/submit-release.php on line 53
[30-Jan-2025 00:09:46 UTC] PHP Warning:  Undefined array key "cedula1" in /home/soluctem/sistema.soluctem.com.co/api/submit-release.php on line 54
[30-Jan-2025 00:09:46 UTC] PHP Warning:  Undefined array key "horaEntrada1" in /home/soluctem/sistema.soluctem.com.co/api/submit-release.php on line 55
[30-Jan-2025 00:09:46 UTC] PHP Warning:  Undefined array key "horaSalida1" in /home/soluctem/sistema.soluctem.com.co/api/submit-release.php on line 56
[30-Jan-2025 00:09:46 UTC] PHP Warning:  Undefined array key "contratista2" in /home/soluctem/sistema.soluctem.com.co/api/submit-release.php on line 57
[30-Jan-2025 00:09:46 UTC] PHP Warning:  Undefined array key "cedula2" in /home/soluctem/sistema.soluctem.com.co/api/submit-release.php on line 58
[30-Jan-2025 00:09:46 UTC] PHP Warning:  Undefined array key "horaEntrada2" in /home/soluctem/sistema.soluctem.com.co/api/submit-release.php on line 59
[30-Jan-2025 00:09:46 UTC] PHP Warning:  Undefined array key "horaSalida2" in /home/soluctem/sistema.soluctem.com.co/api/submit-release.php on line 60
[30-Jan-2025 00:09:46 UTC] PHP Warning:  Undefined array key "contratista3" in /home/soluctem/sistema.soluctem.com.co/api/submit-release.php on line 61
[30-Jan-2025 00:09:46 UTC] PHP Warning:  Undefined array key "cedula3" in /home/soluctem/sistema.soluctem.com.co/api/submit-release.php on line 62
[30-Jan-2025 00:09:46 UTC] PHP Warning:  Undefined array key "horaEntrada3" in /home/soluctem/sistema.soluctem.com.co/api/submit-release.php on line 63
[30-Jan-2025 00:09:46 UTC] PHP Warning:  Undefined array key "horaSalida3" in /home/soluctem/sistema.soluctem.com.co/api/submit-release.php on line 64
[30-Jan-2025 00:09:46 UTC] PHP Warning:  Undefined array key "contratista4" in /home/soluctem/sistema.soluctem.com.co/api/submit-release.php on line 65
[30-Jan-2025 00:09:46 UTC] PHP Warning:  Undefined array key "cedula4" in /home/soluctem/sistema.soluctem.com.co/api/submit-release.php on line 66
[30-Jan-2025 00:09:46 UTC] PHP Warning:  Undefined array key "horaEntrada4" in /home/soluctem/sistema.soluctem.com.co/api/submit-release.php on line 67
[30-Jan-2025 00:09:46 UTC] PHP Warning:  Undefined array key "horaSalida4" in /home/soluctem/sistema.soluctem.com.co/api/submit-release.php on line 68
[30-Jan-2025 00:09:46 UTC] PHP Warning:  Undefined array key "nombreFuncionario" in /home/soluctem/sistema.soluctem.com.co/api/submit-release.php on line 69
[30-Jan-2025 00:09:46 UTC] PHP Warning:  Undefined array key "cedulaFuncionario" in /home/soluctem/sistema.soluctem.com.co/api/submit-release.php on line 70
[30-Jan-2025 00:09:46 UTC] PHP Warning:  Undefined array key "cargoFuncionario" in /home/soluctem/sistema.soluctem.com.co/api/submit-release.php on line 71
[30-Jan-2025 00:09:46 UTC] PHP Warning:  Undefined array key "sapFuncionario" in /home/soluctem/sistema.soluctem.com.co/api/submit-release.php on line 72
[30-Jan-2025 00:09:46 UTC] PHP Warning:  Undefined array key "timestamp" in /home/soluctem/sistema.soluctem.com.co/api/submit-release.php on line 73
[30-Jan-2025 00:09:46 UTC] PHP Warning:  Undefined array key "asistenciaReparacion" in /home/soluctem/sistema.soluctem.com.co/api/submit-release.php on line 74
[30-Jan-2025 00:09:46 UTC] PHP Warning:  Undefined array key "asistenciaGarantia" in /home/soluctem/sistema.soluctem.com.co/api/submit-release.php on line 75
[30-Jan-2025 00:09:46 UTC] PHP Warning:  Undefined array key "asistenciaAjuste" in /home/soluctem/sistema.soluctem.com.co/api/submit-release.php on line 76
[30-Jan-2025 00:09:46 UTC] PHP Warning:  Undefined array key "asistenciaModificacion" in /home/soluctem/sistema.soluctem.com.co/api/submit-release.php on line 77
[30-Jan-2025 00:09:46 UTC] PHP Warning:  Undefined array key "asistenciaServicio" in /home/soluctem/sistema.soluctem.com.co/api/submit-release.php on line 78
[30-Jan-2025 00:09:46 UTC] PHP Warning:  Undefined array key "asistenciaMejora" in /home/soluctem/sistema.soluctem.com.co/api/submit-release.php on line 79
[30-Jan-2025 00:09:46 UTC] PHP Warning:  Undefined array key "asistenciaCombinacion" in /home/soluctem/sistema.soluctem.com.co/api/submit-release.php on line 80
[30-Jan-2025 00:09:46 UTC] PHP Warning:  Undefined array key "fallaOperacion" in /home/soluctem/sistema.soluctem.com.co/api/submit-release.php on line 81
[30-Jan-2025 00:09:46 UTC] PHP Warning:  Undefined array key "fallaMecanica" in /home/soluctem/sistema.soluctem.com.co/api/submit-release.php on line 82
[30-Jan-2025 00:09:46 UTC] PHP Warning:  Undefined array key "fallaElectrica" in /home/soluctem/sistema.soluctem.com.co/api/submit-release.php on line 83
[30-Jan-2025 00:09:46 UTC] PHP Warning:  Undefined array key "fallaTerceros" in /home/soluctem/sistema.soluctem.com.co/api/submit-release.php on line 84
[30-Jan-2025 00:09:46 UTC] PHP Warning:  Undefined array key "fallaFabricacion" in /home/soluctem/sistema.soluctem.com.co/api/submit-release.php on line 85
[30-Jan-2025 00:09:46 UTC] PHP Warning:  Undefined array key "firma_digital_cliente" in /home/soluctem/sistema.soluctem.com.co/api/submit-release.php on line 86
[30-Jan-2025 00:09:46 UTC] PHP Warning:  Undefined array key "firma_digital_tecnico" in /home/soluctem/sistema.soluctem.com.co/api/submit-release.php on line 87
[30-Jan-2025 00:10:15 UTC] PHP Warning:  Undefined array key "nombreSolicitante" in /home/soluctem/sistema.soluctem.com.co/api/submit-release.php on line 28
[30-Jan-2025 00:10:15 UTC] PHP Warning:  Undefined array key "cargo" in /home/soluctem/sistema.soluctem.com.co/api/submit-release.php on line 29
[30-Jan-2025 00:10:15 UTC] PHP Warning:  Undefined array key "nombreTienda" in /home/soluctem/sistema.soluctem.com.co/api/submit-release.php on line 30
[30-Jan-2025 00:10:15 UTC] PHP Warning:  Undefined array key "numeroTienda" in /home/soluctem/sistema.soluctem.com.co/api/submit-release.php on line 31
[30-Jan-2025 00:10:15 UTC] PHP Warning:  Undefined array key "numeroTicket" in /home/soluctem/sistema.soluctem.com.co/api/submit-release.php on line 32
[30-Jan-2025 00:10:15 UTC] PHP Warning:  Undefined array key "fecha" in /home/soluctem/sistema.soluctem.com.co/api/submit-release.php on line 33
[30-Jan-2025 00:10:15 UTC] PHP Warning:  Undefined array key "municipio" in /home/soluctem/sistema.soluctem.com.co/api/submit-release.php on line 34
[30-Jan-2025 00:10:15 UTC] PHP Warning:  Undefined array key "departamento" in /home/soluctem/sistema.soluctem.com.co/api/submit-release.php on line 35
[30-Jan-2025 00:10:15 UTC] PHP Warning:  Undefined array key "nombreEquipo" in /home/soluctem/sistema.soluctem.com.co/api/submit-release.php on line 36
[30-Jan-2025 00:10:15 UTC] PHP Warning:  Undefined array key "marca" in /home/soluctem/sistema.soluctem.com.co/api/submit-release.php on line 37
[30-Jan-2025 00:10:15 UTC] PHP Warning:  Undefined array key "serial" in /home/soluctem/sistema.soluctem.com.co/api/submit-release.php on line 38
[30-Jan-2025 00:10:15 UTC] PHP Warning:  Undefined array key "descripcionFalla" in /home/soluctem/sistema.soluctem.com.co/api/submit-release.php on line 39
[30-Jan-2025 00:10:15 UTC] PHP Warning:  Undefined array key "diagnosticoTecnico" in /home/soluctem/sistema.soluctem.com.co/api/submit-release.php on line 40
[30-Jan-2025 00:10:15 UTC] PHP Warning:  Undefined array key "repuestosCambiados" in /home/soluctem/sistema.soluctem.com.co/api/submit-release.php on line 41
[30-Jan-2025 00:10:15 UTC] PHP Warning:  Undefined array key "observaciones" in /home/soluctem/sistema.soluctem.com.co/api/submit-release.php on line 42
[30-Jan-2025 00:10:15 UTC] PHP Warning:  Undefined array key "seguridadRiesgoAccidentalidad" in /home/soluctem/sistema.soluctem.com.co/api/submit-release.php on line 43
[30-Jan-2025 00:10:15 UTC] PHP Warning:  Undefined array key "seguridadRiesgoEquipo" in /home/soluctem/sistema.soluctem.com.co/api/submit-release.php on line 44
[30-Jan-2025 00:10:15 UTC] PHP Warning:  Undefined array key "funcionamientoFallaSolucionada" in /home/soluctem/sistema.soluctem.com.co/api/submit-release.php on line 45
[30-Jan-2025 00:10:15 UTC] PHP Warning:  Undefined array key "funcionamientoPasosNormales" in /home/soluctem/sistema.soluctem.com.co/api/submit-release.php on line 46
[30-Jan-2025 00:10:15 UTC] PHP Warning:  Undefined array key "calidadTrabajo" in /home/soluctem/sistema.soluctem.com.co/api/submit-release.php on line 47
[30-Jan-2025 00:10:15 UTC] PHP Warning:  Undefined array key "limpiezaOrganizacionArmado" in /home/soluctem/sistema.soluctem.com.co/api/submit-release.php on line 48
[30-Jan-2025 00:10:15 UTC] PHP Warning:  Undefined array key "limpiezaOrganizacionAseado" in /home/soluctem/sistema.soluctem.com.co/api/submit-release.php on line 49
[30-Jan-2025 00:10:15 UTC] PHP Warning:  Undefined array key "capacitacionCausa" in /home/soluctem/sistema.soluctem.com.co/api/submit-release.php on line 50
[30-Jan-2025 00:10:15 UTC] PHP Warning:  Undefined array key "capacitacionPrevencion" in /home/soluctem/sistema.soluctem.com.co/api/submit-release.php on line 51
[30-Jan-2025 00:10:15 UTC] PHP Warning:  Undefined array key "capacitacionAccion" in /home/soluctem/sistema.soluctem.com.co/api/submit-release.php on line 52
[30-Jan-2025 00:10:15 UTC] PHP Warning:  Undefined array key "contratista1" in /home/soluctem/sistema.soluctem.com.co/api/submit-release.php on line 53
[30-Jan-2025 00:10:15 UTC] PHP Warning:  Undefined array key "cedula1" in /home/soluctem/sistema.soluctem.com.co/api/submit-release.php on line 54
[30-Jan-2025 00:10:15 UTC] PHP Warning:  Undefined array key "horaEntrada1" in /home/soluctem/sistema.soluctem.com.co/api/submit-release.php on line 55
[30-Jan-2025 00:10:15 UTC] PHP Warning:  Undefined array key "horaSalida1" in /home/soluctem/sistema.soluctem.com.co/api/submit-release.php on line 56
[30-Jan-2025 00:10:15 UTC] PHP Warning:  Undefined array key "contratista2" in /home/soluctem/sistema.soluctem.com.co/api/submit-release.php on line 57
[30-Jan-2025 00:10:15 UTC] PHP Warning:  Undefined array key "cedula2" in /home/soluctem/sistema.soluctem.com.co/api/submit-release.php on line 58
[30-Jan-2025 00:10:15 UTC] PHP Warning:  Undefined array key "horaEntrada2" in /home/soluctem/sistema.soluctem.com.co/api/submit-release.php on line 59
[30-Jan-2025 00:10:15 UTC] PHP Warning:  Undefined array key "horaSalida2" in /home/soluctem/sistema.soluctem.com.co/api/submit-release.php on line 60
[30-Jan-2025 00:10:15 UTC] PHP Warning:  Undefined array key "contratista3" in /home/soluctem/sistema.soluctem.com.co/api/submit-release.php on line 61
[30-Jan-2025 00:10:15 UTC] PHP Warning:  Undefined array key "cedula3" in /home/soluctem/sistema.soluctem.com.co/api/submit-release.php on line 62
[30-Jan-2025 00:10:15 UTC] PHP Warning:  Undefined array key "horaEntrada3" in /home/soluctem/sistema.soluctem.com.co/api/submit-release.php on line 63
[30-Jan-2025 00:10:15 UTC] PHP Warning:  Undefined array key "horaSalida3" in /home/soluctem/sistema.soluctem.com.co/api/submit-release.php on line 64
[30-Jan-2025 00:10:15 UTC] PHP Warning:  Undefined array key "contratista4" in /home/soluctem/sistema.soluctem.com.co/api/submit-release.php on line 65
[30-Jan-2025 00:10:15 UTC] PHP Warning:  Undefined array key "cedula4" in /home/soluctem/sistema.soluctem.com.co/api/submit-release.php on line 66
[30-Jan-2025 00:10:15 UTC] PHP Warning:  Undefined array key "horaEntrada4" in /home/soluctem/sistema.soluctem.com.co/api/submit-release.php on line 67
[30-Jan-2025 00:10:15 UTC] PHP Warning:  Undefined array key "horaSalida4" in /home/soluctem/sistema.soluctem.com.co/api/submit-release.php on line 68
[30-Jan-2025 00:10:15 UTC] PHP Warning:  Undefined array key "nombreFuncionario" in /home/soluctem/sistema.soluctem.com.co/api/submit-release.php on line 69
[30-Jan-2025 00:10:15 UTC] PHP Warning:  Undefined array key "cedulaFuncionario" in /home/soluctem/sistema.soluctem.com.co/api/submit-release.php on line 70
[30-Jan-2025 00:10:15 UTC] PHP Warning:  Undefined array key "cargoFuncionario" in /home/soluctem/sistema.soluctem.com.co/api/submit-release.php on line 71
[30-Jan-2025 00:10:15 UTC] PHP Warning:  Undefined array key "sapFuncionario" in /home/soluctem/sistema.soluctem.com.co/api/submit-release.php on line 72
[30-Jan-2025 00:10:15 UTC] PHP Warning:  Undefined array key "timestamp" in /home/soluctem/sistema.soluctem.com.co/api/submit-release.php on line 73
[30-Jan-2025 00:10:15 UTC] PHP Warning:  Undefined array key "asistenciaReparacion" in /home/soluctem/sistema.soluctem.com.co/api/submit-release.php on line 74
[30-Jan-2025 00:10:15 UTC] PHP Warning:  Undefined array key "asistenciaGarantia" in /home/soluctem/sistema.soluctem.com.co/api/submit-release.php on line 75
[30-Jan-2025 00:10:15 UTC] PHP Warning:  Undefined array key "asistenciaAjuste" in /home/soluctem/sistema.soluctem.com.co/api/submit-release.php on line 76
[30-Jan-2025 00:10:15 UTC] PHP Warning:  Undefined array key "asistenciaModificacion" in /home/soluctem/sistema.soluctem.com.co/api/submit-release.php on line 77
[30-Jan-2025 00:10:15 UTC] PHP Warning:  Undefined array key "asistenciaServicio" in /home/soluctem/sistema.soluctem.com.co/api/submit-release.php on line 78
[30-Jan-2025 00:10:15 UTC] PHP Warning:  Undefined array key "asistenciaMejora" in /home/soluctem/sistema.soluctem.com.co/api/submit-release.php on line 79
[30-Jan-2025 00:10:15 UTC] PHP Warning:  Undefined array key "asistenciaCombinacion" in /home/soluctem/sistema.soluctem.com.co/api/submit-release.php on line 80
[30-Jan-2025 00:10:15 UTC] PHP Warning:  Undefined array key "fallaOperacion" in /home/soluctem/sistema.soluctem.com.co/api/submit-release.php on line 81
[30-Jan-2025 00:10:15 UTC] PHP Warning:  Undefined array key "fallaMecanica" in /home/soluctem/sistema.soluctem.com.co/api/submit-release.php on line 82
[30-Jan-2025 00:10:15 UTC] PHP Warning:  Undefined array key "fallaElectrica" in /home/soluctem/sistema.soluctem.com.co/api/submit-release.php on line 83
[30-Jan-2025 00:10:15 UTC] PHP Warning:  Undefined array key "fallaTerceros" in /home/soluctem/sistema.soluctem.com.co/api/submit-release.php on line 84
[30-Jan-2025 00:10:15 UTC] PHP Warning:  Undefined array key "fallaFabricacion" in /home/soluctem/sistema.soluctem.com.co/api/submit-release.php on line 85
[30-Jan-2025 00:10:15 UTC] PHP Warning:  Undefined array key "firma_digital_cliente" in /home/soluctem/sistema.soluctem.com.co/api/submit-release.php on line 86
[30-Jan-2025 00:10:15 UTC] PHP Warning:  Undefined array key "firma_digital_tecnico" in /home/soluctem/sistema.soluctem.com.co/api/submit-release.php on line 87
[30-Jan-2025 00:10:32 UTC] PHP Warning:  Undefined array key "nombreSolicitante" in /home/soluctem/sistema.soluctem.com.co/api/submit-release.php on line 28
[30-Jan-2025 00:10:32 UTC] PHP Warning:  Undefined array key "cargo" in /home/soluctem/sistema.soluctem.com.co/api/submit-release.php on line 29
[30-Jan-2025 00:10:32 UTC] PHP Warning:  Undefined array key "nombreTienda" in /home/soluctem/sistema.soluctem.com.co/api/submit-release.php on line 30
[30-Jan-2025 00:10:32 UTC] PHP Warning:  Undefined array key "numeroTienda" in /home/soluctem/sistema.soluctem.com.co/api/submit-release.php on line 31
[30-Jan-2025 00:10:32 UTC] PHP Warning:  Undefined array key "numeroTicket" in /home/soluctem/sistema.soluctem.com.co/api/submit-release.php on line 32
[30-Jan-2025 00:10:32 UTC] PHP Warning:  Undefined array key "fecha" in /home/soluctem/sistema.soluctem.com.co/api/submit-release.php on line 33
[30-Jan-2025 00:10:32 UTC] PHP Warning:  Undefined array key "municipio" in /home/soluctem/sistema.soluctem.com.co/api/submit-release.php on line 34
[30-Jan-2025 00:10:32 UTC] PHP Warning:  Undefined array key "departamento" in /home/soluctem/sistema.soluctem.com.co/api/submit-release.php on line 35
[30-Jan-2025 00:10:32 UTC] PHP Warning:  Undefined array key "nombreEquipo" in /home/soluctem/sistema.soluctem.com.co/api/submit-release.php on line 36
[30-Jan-2025 00:10:32 UTC] PHP Warning:  Undefined array key "marca" in /home/soluctem/sistema.soluctem.com.co/api/submit-release.php on line 37
[30-Jan-2025 00:10:32 UTC] PHP Warning:  Undefined array key "serial" in /home/soluctem/sistema.soluctem.com.co/api/submit-release.php on line 38
[30-Jan-2025 00:10:32 UTC] PHP Warning:  Undefined array key "descripcionFalla" in /home/soluctem/sistema.soluctem.com.co/api/submit-release.php on line 39
[30-Jan-2025 00:10:32 UTC] PHP Warning:  Undefined array key "diagnosticoTecnico" in /home/soluctem/sistema.soluctem.com.co/api/submit-release.php on line 40
[30-Jan-2025 00:10:32 UTC] PHP Warning:  Undefined array key "repuestosCambiados" in /home/soluctem/sistema.soluctem.com.co/api/submit-release.php on line 41
[30-Jan-2025 00:10:32 UTC] PHP Warning:  Undefined array key "observaciones" in /home/soluctem/sistema.soluctem.com.co/api/submit-release.php on line 42
[30-Jan-2025 00:10:32 UTC] PHP Warning:  Undefined array key "seguridadRiesgoAccidentalidad" in /home/soluctem/sistema.soluctem.com.co/api/submit-release.php on line 43
[30-Jan-2025 00:10:32 UTC] PHP Warning:  Undefined array key "seguridadRiesgoEquipo" in /home/soluctem/sistema.soluctem.com.co/api/submit-release.php on line 44
[30-Jan-2025 00:10:32 UTC] PHP Warning:  Undefined array key "funcionamientoFallaSolucionada" in /home/soluctem/sistema.soluctem.com.co/api/submit-release.php on line 45
[30-Jan-2025 00:10:32 UTC] PHP Warning:  Undefined array key "funcionamientoPasosNormales" in /home/soluctem/sistema.soluctem.com.co/api/submit-release.php on line 46
[30-Jan-2025 00:10:32 UTC] PHP Warning:  Undefined array key "calidadTrabajo" in /home/soluctem/sistema.soluctem.com.co/api/submit-release.php on line 47
[30-Jan-2025 00:10:32 UTC] PHP Warning:  Undefined array key "limpiezaOrganizacionArmado" in /home/soluctem/sistema.soluctem.com.co/api/submit-release.php on line 48
[30-Jan-2025 00:10:32 UTC] PHP Warning:  Undefined array key "limpiezaOrganizacionAseado" in /home/soluctem/sistema.soluctem.com.co/api/submit-release.php on line 49
[30-Jan-2025 00:10:32 UTC] PHP Warning:  Undefined array key "capacitacionCausa" in /home/soluctem/sistema.soluctem.com.co/api/submit-release.php on line 50
[30-Jan-2025 00:10:32 UTC] PHP Warning:  Undefined array key "capacitacionPrevencion" in /home/soluctem/sistema.soluctem.com.co/api/submit-release.php on line 51
[30-Jan-2025 00:10:32 UTC] PHP Warning:  Undefined array key "capacitacionAccion" in /home/soluctem/sistema.soluctem.com.co/api/submit-release.php on line 52
[30-Jan-2025 00:10:32 UTC] PHP Warning:  Undefined array key "contratista1" in /home/soluctem/sistema.soluctem.com.co/api/submit-release.php on line 53
[30-Jan-2025 00:10:32 UTC] PHP Warning:  Undefined array key "cedula1" in /home/soluctem/sistema.soluctem.com.co/api/submit-release.php on line 54
[30-Jan-2025 00:10:32 UTC] PHP Warning:  Undefined array key "horaEntrada1" in /home/soluctem/sistema.soluctem.com.co/api/submit-release.php on line 55
[30-Jan-2025 00:10:32 UTC] PHP Warning:  Undefined array key "horaSalida1" in /home/soluctem/sistema.soluctem.com.co/api/submit-release.php on line 56
[30-Jan-2025 00:10:32 UTC] PHP Warning:  Undefined array key "contratista2" in /home/soluctem/sistema.soluctem.com.co/api/submit-release.php on line 57
[30-Jan-2025 00:10:32 UTC] PHP Warning:  Undefined array key "cedula2" in /home/soluctem/sistema.soluctem.com.co/api/submit-release.php on line 58
[30-Jan-2025 00:10:32 UTC] PHP Warning:  Undefined array key "horaEntrada2" in /home/soluctem/sistema.soluctem.com.co/api/submit-release.php on line 59
[30-Jan-2025 00:10:32 UTC] PHP Warning:  Undefined array key "horaSalida2" in /home/soluctem/sistema.soluctem.com.co/api/submit-release.php on line 60
[30-Jan-2025 00:10:32 UTC] PHP Warning:  Undefined array key "contratista3" in /home/soluctem/sistema.soluctem.com.co/api/submit-release.php on line 61
[30-Jan-2025 00:10:32 UTC] PHP Warning:  Undefined array key "cedula3" in /home/soluctem/sistema.soluctem.com.co/api/submit-release.php on line 62
[30-Jan-2025 00:10:32 UTC] PHP Warning:  Undefined array key "horaEntrada3" in /home/soluctem/sistema.soluctem.com.co/api/submit-release.php on line 63
[30-Jan-2025 00:10:32 UTC] PHP Warning:  Undefined array key "horaSalida3" in /home/soluctem/sistema.soluctem.com.co/api/submit-release.php on line 64
[30-Jan-2025 00:10:32 UTC] PHP Warning:  Undefined array key "contratista4" in /home/soluctem/sistema.soluctem.com.co/api/submit-release.php on line 65
[30-Jan-2025 00:10:32 UTC] PHP Warning:  Undefined array key "cedula4" in /home/soluctem/sistema.soluctem.com.co/api/submit-release.php on line 66
[30-Jan-2025 00:10:32 UTC] PHP Warning:  Undefined array key "horaEntrada4" in /home/soluctem/sistema.soluctem.com.co/api/submit-release.php on line 67
[30-Jan-2025 00:10:32 UTC] PHP Warning:  Undefined array key "horaSalida4" in /home/soluctem/sistema.soluctem.com.co/api/submit-release.php on line 68
[30-Jan-2025 00:10:32 UTC] PHP Warning:  Undefined array key "nombreFuncionario" in /home/soluctem/sistema.soluctem.com.co/api/submit-release.php on line 69
[30-Jan-2025 00:10:32 UTC] PHP Warning:  Undefined array key "cedulaFuncionario" in /home/soluctem/sistema.soluctem.com.co/api/submit-release.php on line 70
[30-Jan-2025 00:10:32 UTC] PHP Warning:  Undefined array key "cargoFuncionario" in /home/soluctem/sistema.soluctem.com.co/api/submit-release.php on line 71
[30-Jan-2025 00:10:32 UTC] PHP Warning:  Undefined array key "sapFuncionario" in /home/soluctem/sistema.soluctem.com.co/api/submit-release.php on line 72
[30-Jan-2025 00:10:32 UTC] PHP Warning:  Undefined array key "timestamp" in /home/soluctem/sistema.soluctem.com.co/api/submit-release.php on line 73
[30-Jan-2025 00:10:32 UTC] PHP Warning:  Undefined array key "asistenciaReparacion" in /home/soluctem/sistema.soluctem.com.co/api/submit-release.php on line 74
[30-Jan-2025 00:10:32 UTC] PHP Warning:  Undefined array key "asistenciaGarantia" in /home/soluctem/sistema.soluctem.com.co/api/submit-release.php on line 75
[30-Jan-2025 00:10:32 UTC] PHP Warning:  Undefined array key "asistenciaAjuste" in /home/soluctem/sistema.soluctem.com.co/api/submit-release.php on line 76
[30-Jan-2025 00:10:32 UTC] PHP Warning:  Undefined array key "asistenciaModificacion" in /home/soluctem/sistema.soluctem.com.co/api/submit-release.php on line 77
[30-Jan-2025 00:10:32 UTC] PHP Warning:  Undefined array key "asistenciaServicio" in /home/soluctem/sistema.soluctem.com.co/api/submit-release.php on line 78
[30-Jan-2025 00:10:32 UTC] PHP Warning:  Undefined array key "asistenciaMejora" in /home/soluctem/sistema.soluctem.com.co/api/submit-release.php on line 79
[30-Jan-2025 00:10:32 UTC] PHP Warning:  Undefined array key "asistenciaCombinacion" in /home/soluctem/sistema.soluctem.com.co/api/submit-release.php on line 80
[30-Jan-2025 00:10:32 UTC] PHP Warning:  Undefined array key "fallaOperacion" in /home/soluctem/sistema.soluctem.com.co/api/submit-release.php on line 81
[30-Jan-2025 00:10:32 UTC] PHP Warning:  Undefined array key "fallaMecanica" in /home/soluctem/sistema.soluctem.com.co/api/submit-release.php on line 82
[30-Jan-2025 00:10:32 UTC] PHP Warning:  Undefined array key "fallaElectrica" in /home/soluctem/sistema.soluctem.com.co/api/submit-release.php on line 83
[30-Jan-2025 00:10:32 UTC] PHP Warning:  Undefined array key "fallaTerceros" in /home/soluctem/sistema.soluctem.com.co/api/submit-release.php on line 84
[30-Jan-2025 00:10:32 UTC] PHP Warning:  Undefined array key "fallaFabricacion" in /home/soluctem/sistema.soluctem.com.co/api/submit-release.php on line 85
[30-Jan-2025 00:10:32 UTC] PHP Warning:  Undefined array key "firma_digital_cliente" in /home/soluctem/sistema.soluctem.com.co/api/submit-release.php on line 86
[30-Jan-2025 00:10:32 UTC] PHP Warning:  Undefined array key "firma_digital_tecnico" in /home/soluctem/sistema.soluctem.com.co/api/submit-release.php on line 87
[30-Jan-2025 00:10:44 UTC] PHP Warning:  Undefined array key "nombreSolicitante" in /home/soluctem/sistema.soluctem.com.co/api/submit-release.php on line 28
[30-Jan-2025 00:10:44 UTC] PHP Warning:  Undefined array key "cargo" in /home/soluctem/sistema.soluctem.com.co/api/submit-release.php on line 29
[30-Jan-2025 00:10:44 UTC] PHP Warning:  Undefined array key "nombreTienda" in /home/soluctem/sistema.soluctem.com.co/api/submit-release.php on line 30
[30-Jan-2025 00:10:44 UTC] PHP Warning:  Undefined array key "numeroTienda" in /home/soluctem/sistema.soluctem.com.co/api/submit-release.php on line 31
[30-Jan-2025 00:10:44 UTC] PHP Warning:  Undefined array key "numeroTicket" in /home/soluctem/sistema.soluctem.com.co/api/submit-release.php on line 32
[30-Jan-2025 00:10:44 UTC] PHP Warning:  Undefined array key "fecha" in /home/soluctem/sistema.soluctem.com.co/api/submit-release.php on line 33
[30-Jan-2025 00:10:44 UTC] PHP Warning:  Undefined array key "municipio" in /home/soluctem/sistema.soluctem.com.co/api/submit-release.php on line 34
[30-Jan-2025 00:10:44 UTC] PHP Warning:  Undefined array key "departamento" in /home/soluctem/sistema.soluctem.com.co/api/submit-release.php on line 35
[30-Jan-2025 00:10:44 UTC] PHP Warning:  Undefined array key "nombreEquipo" in /home/soluctem/sistema.soluctem.com.co/api/submit-release.php on line 36
[30-Jan-2025 00:10:44 UTC] PHP Warning:  Undefined array key "marca" in /home/soluctem/sistema.soluctem.com.co/api/submit-release.php on line 37
[30-Jan-2025 00:10:44 UTC] PHP Warning:  Undefined array key "serial" in /home/soluctem/sistema.soluctem.com.co/api/submit-release.php on line 38
[30-Jan-2025 00:10:44 UTC] PHP Warning:  Undefined array key "descripcionFalla" in /home/soluctem/sistema.soluctem.com.co/api/submit-release.php on line 39
[30-Jan-2025 00:10:44 UTC] PHP Warning:  Undefined array key "diagnosticoTecnico" in /home/soluctem/sistema.soluctem.com.co/api/submit-release.php on line 40
[30-Jan-2025 00:10:44 UTC] PHP Warning:  Undefined array key "repuestosCambiados" in /home/soluctem/sistema.soluctem.com.co/api/submit-release.php on line 41
[30-Jan-2025 00:10:44 UTC] PHP Warning:  Undefined array key "observaciones" in /home/soluctem/sistema.soluctem.com.co/api/submit-release.php on line 42
[30-Jan-2025 00:10:44 UTC] PHP Warning:  Undefined array key "seguridadRiesgoAccidentalidad" in /home/soluctem/sistema.soluctem.com.co/api/submit-release.php on line 43
[30-Jan-2025 00:10:44 UTC] PHP Warning:  Undefined array key "seguridadRiesgoEquipo" in /home/soluctem/sistema.soluctem.com.co/api/submit-release.php on line 44
[30-Jan-2025 00:10:44 UTC] PHP Warning:  Undefined array key "funcionamientoFallaSolucionada" in /home/soluctem/sistema.soluctem.com.co/api/submit-release.php on line 45
[30-Jan-2025 00:10:44 UTC] PHP Warning:  Undefined array key "funcionamientoPasosNormales" in /home/soluctem/sistema.soluctem.com.co/api/submit-release.php on line 46
[30-Jan-2025 00:10:44 UTC] PHP Warning:  Undefined array key "calidadTrabajo" in /home/soluctem/sistema.soluctem.com.co/api/submit-release.php on line 47
[30-Jan-2025 00:10:44 UTC] PHP Warning:  Undefined array key "limpiezaOrganizacionArmado" in /home/soluctem/sistema.soluctem.com.co/api/submit-release.php on line 48
[30-Jan-2025 00:10:44 UTC] PHP Warning:  Undefined array key "limpiezaOrganizacionAseado" in /home/soluctem/sistema.soluctem.com.co/api/submit-release.php on line 49
[30-Jan-2025 00:10:44 UTC] PHP Warning:  Undefined array key "capacitacionCausa" in /home/soluctem/sistema.soluctem.com.co/api/submit-release.php on line 50
[30-Jan-2025 00:10:44 UTC] PHP Warning:  Undefined array key "capacitacionPrevencion" in /home/soluctem/sistema.soluctem.com.co/api/submit-release.php on line 51
[30-Jan-2025 00:10:44 UTC] PHP Warning:  Undefined array key "capacitacionAccion" in /home/soluctem/sistema.soluctem.com.co/api/submit-release.php on line 52
[30-Jan-2025 00:10:44 UTC] PHP Warning:  Undefined array key "contratista1" in /home/soluctem/sistema.soluctem.com.co/api/submit-release.php on line 53
[30-Jan-2025 00:10:44 UTC] PHP Warning:  Undefined array key "cedula1" in /home/soluctem/sistema.soluctem.com.co/api/submit-release.php on line 54
[30-Jan-2025 00:10:44 UTC] PHP Warning:  Undefined array key "horaEntrada1" in /home/soluctem/sistema.soluctem.com.co/api/submit-release.php on line 55
[30-Jan-2025 00:10:44 UTC] PHP Warning:  Undefined array key "horaSalida1" in /home/soluctem/sistema.soluctem.com.co/api/submit-release.php on line 56
[30-Jan-2025 00:10:44 UTC] PHP Warning:  Undefined array key "contratista2" in /home/soluctem/sistema.soluctem.com.co/api/submit-release.php on line 57
[30-Jan-2025 00:10:44 UTC] PHP Warning:  Undefined array key "cedula2" in /home/soluctem/sistema.soluctem.com.co/api/submit-release.php on line 58
[30-Jan-2025 00:10:44 UTC] PHP Warning:  Undefined array key "horaEntrada2" in /home/soluctem/sistema.soluctem.com.co/api/submit-release.php on line 59
[30-Jan-2025 00:10:44 UTC] PHP Warning:  Undefined array key "horaSalida2" in /home/soluctem/sistema.soluctem.com.co/api/submit-release.php on line 60
[30-Jan-2025 00:10:44 UTC] PHP Warning:  Undefined array key "contratista3" in /home/soluctem/sistema.soluctem.com.co/api/submit-release.php on line 61
[30-Jan-2025 00:10:44 UTC] PHP Warning:  Undefined array key "cedula3" in /home/soluctem/sistema.soluctem.com.co/api/submit-release.php on line 62
[30-Jan-2025 00:10:44 UTC] PHP Warning:  Undefined array key "horaEntrada3" in /home/soluctem/sistema.soluctem.com.co/api/submit-release.php on line 63
[30-Jan-2025 00:10:44 UTC] PHP Warning:  Undefined array key "horaSalida3" in /home/soluctem/sistema.soluctem.com.co/api/submit-release.php on line 64
[30-Jan-2025 00:10:44 UTC] PHP Warning:  Undefined array key "contratista4" in /home/soluctem/sistema.soluctem.com.co/api/submit-release.php on line 65
[30-Jan-2025 00:10:44 UTC] PHP Warning:  Undefined array key "cedula4" in /home/soluctem/sistema.soluctem.com.co/api/submit-release.php on line 66
[30-Jan-2025 00:10:44 UTC] PHP Warning:  Undefined array key "horaEntrada4" in /home/soluctem/sistema.soluctem.com.co/api/submit-release.php on line 67
[30-Jan-2025 00:10:44 UTC] PHP Warning:  Undefined array key "horaSalida4" in /home/soluctem/sistema.soluctem.com.co/api/submit-release.php on line 68
[30-Jan-2025 00:10:44 UTC] PHP Warning:  Undefined array key "nombreFuncionario" in /home/soluctem/sistema.soluctem.com.co/api/submit-release.php on line 69
[30-Jan-2025 00:10:44 UTC] PHP Warning:  Undefined array key "cedulaFuncionario" in /home/soluctem/sistema.soluctem.com.co/api/submit-release.php on line 70
[30-Jan-2025 00:10:44 UTC] PHP Warning:  Undefined array key "cargoFuncionario" in /home/soluctem/sistema.soluctem.com.co/api/submit-release.php on line 71
[30-Jan-2025 00:10:44 UTC] PHP Warning:  Undefined array key "sapFuncionario" in /home/soluctem/sistema.soluctem.com.co/api/submit-release.php on line 72
[30-Jan-2025 00:10:44 UTC] PHP Warning:  Undefined array key "timestamp" in /home/soluctem/sistema.soluctem.com.co/api/submit-release.php on line 73
[30-Jan-2025 00:10:44 UTC] PHP Warning:  Undefined array key "asistenciaReparacion" in /home/soluctem/sistema.soluctem.com.co/api/submit-release.php on line 74
[30-Jan-2025 00:10:44 UTC] PHP Warning:  Undefined array key "asistenciaGarantia" in /home/soluctem/sistema.soluctem.com.co/api/submit-release.php on line 75
[30-Jan-2025 00:10:44 UTC] PHP Warning:  Undefined array key "asistenciaAjuste" in /home/soluctem/sistema.soluctem.com.co/api/submit-release.php on line 76
[30-Jan-2025 00:10:44 UTC] PHP Warning:  Undefined array key "asistenciaModificacion" in /home/soluctem/sistema.soluctem.com.co/api/submit-release.php on line 77
[30-Jan-2025 00:10:44 UTC] PHP Warning:  Undefined array key "asistenciaServicio" in /home/soluctem/sistema.soluctem.com.co/api/submit-release.php on line 78
[30-Jan-2025 00:10:44 UTC] PHP Warning:  Undefined array key "asistenciaMejora" in /home/soluctem/sistema.soluctem.com.co/api/submit-release.php on line 79
[30-Jan-2025 00:10:44 UTC] PHP Warning:  Undefined array key "asistenciaCombinacion" in /home/soluctem/sistema.soluctem.com.co/api/submit-release.php on line 80
[30-Jan-2025 00:10:44 UTC] PHP Warning:  Undefined array key "fallaOperacion" in /home/soluctem/sistema.soluctem.com.co/api/submit-release.php on line 81
[30-Jan-2025 00:10:44 UTC] PHP Warning:  Undefined array key "fallaMecanica" in /home/soluctem/sistema.soluctem.com.co/api/submit-release.php on line 82
[30-Jan-2025 00:10:44 UTC] PHP Warning:  Undefined array key "fallaElectrica" in /home/soluctem/sistema.soluctem.com.co/api/submit-release.php on line 83
[30-Jan-2025 00:10:44 UTC] PHP Warning:  Undefined array key "fallaTerceros" in /home/soluctem/sistema.soluctem.com.co/api/submit-release.php on line 84
[30-Jan-2025 00:10:44 UTC] PHP Warning:  Undefined array key "fallaFabricacion" in /home/soluctem/sistema.soluctem.com.co/api/submit-release.php on line 85
[30-Jan-2025 00:10:44 UTC] PHP Warning:  Undefined array key "firma_digital_cliente" in /home/soluctem/sistema.soluctem.com.co/api/submit-release.php on line 86
[30-Jan-2025 00:10:44 UTC] PHP Warning:  Undefined array key "firma_digital_tecnico" in /home/soluctem/sistema.soluctem.com.co/api/submit-release.php on line 87
[30-Jan-2025 15:35:22 UTC] PHP Warning:  Undefined array key "nombreSolicitante" in /home/soluctem/sistema.soluctem.com.co/api/submit-release.php on line 28
[30-Jan-2025 15:35:22 UTC] PHP Warning:  Undefined array key "cargo" in /home/soluctem/sistema.soluctem.com.co/api/submit-release.php on line 29
[30-Jan-2025 15:35:22 UTC] PHP Warning:  Undefined array key "nombreTienda" in /home/soluctem/sistema.soluctem.com.co/api/submit-release.php on line 30
[30-Jan-2025 15:35:22 UTC] PHP Warning:  Undefined array key "numeroTienda" in /home/soluctem/sistema.soluctem.com.co/api/submit-release.php on line 31
[30-Jan-2025 15:35:22 UTC] PHP Warning:  Undefined array key "numeroTicket" in /home/soluctem/sistema.soluctem.com.co/api/submit-release.php on line 32
[30-Jan-2025 15:35:22 UTC] PHP Warning:  Undefined array key "fecha" in /home/soluctem/sistema.soluctem.com.co/api/submit-release.php on line 33
[30-Jan-2025 15:35:22 UTC] PHP Warning:  Undefined array key "municipio" in /home/soluctem/sistema.soluctem.com.co/api/submit-release.php on line 34
[30-Jan-2025 15:35:22 UTC] PHP Warning:  Undefined array key "departamento" in /home/soluctem/sistema.soluctem.com.co/api/submit-release.php on line 35
[30-Jan-2025 15:35:22 UTC] PHP Warning:  Undefined array key "nombreEquipo" in /home/soluctem/sistema.soluctem.com.co/api/submit-release.php on line 36
[30-Jan-2025 15:35:22 UTC] PHP Warning:  Undefined array key "marca" in /home/soluctem/sistema.soluctem.com.co/api/submit-release.php on line 37
[30-Jan-2025 15:35:22 UTC] PHP Warning:  Undefined array key "serial" in /home/soluctem/sistema.soluctem.com.co/api/submit-release.php on line 38
[30-Jan-2025 15:35:22 UTC] PHP Warning:  Undefined array key "descripcionFalla" in /home/soluctem/sistema.soluctem.com.co/api/submit-release.php on line 39
[30-Jan-2025 15:35:22 UTC] PHP Warning:  Undefined array key "diagnosticoTecnico" in /home/soluctem/sistema.soluctem.com.co/api/submit-release.php on line 40
[30-Jan-2025 15:35:22 UTC] PHP Warning:  Undefined array key "repuestosCambiados" in /home/soluctem/sistema.soluctem.com.co/api/submit-release.php on line 41
[30-Jan-2025 15:35:22 UTC] PHP Warning:  Undefined array key "observaciones" in /home/soluctem/sistema.soluctem.com.co/api/submit-release.php on line 42
[30-Jan-2025 15:35:22 UTC] PHP Warning:  Undefined array key "seguridadRiesgoAccidentalidad" in /home/soluctem/sistema.soluctem.com.co/api/submit-release.php on line 43
[30-Jan-2025 15:35:22 UTC] PHP Warning:  Undefined array key "seguridadRiesgoEquipo" in /home/soluctem/sistema.soluctem.com.co/api/submit-release.php on line 44
[30-Jan-2025 15:35:22 UTC] PHP Warning:  Undefined array key "funcionamientoFallaSolucionada" in /home/soluctem/sistema.soluctem.com.co/api/submit-release.php on line 45
[30-Jan-2025 15:35:22 UTC] PHP Warning:  Undefined array key "funcionamientoPasosNormales" in /home/soluctem/sistema.soluctem.com.co/api/submit-release.php on line 46
[30-Jan-2025 15:35:22 UTC] PHP Warning:  Undefined array key "calidadTrabajo" in /home/soluctem/sistema.soluctem.com.co/api/submit-release.php on line 47
[30-Jan-2025 15:35:22 UTC] PHP Warning:  Undefined array key "limpiezaOrganizacionArmado" in /home/soluctem/sistema.soluctem.com.co/api/submit-release.php on line 48
[30-Jan-2025 15:35:22 UTC] PHP Warning:  Undefined array key "limpiezaOrganizacionAseado" in /home/soluctem/sistema.soluctem.com.co/api/submit-release.php on line 49
[30-Jan-2025 15:35:22 UTC] PHP Warning:  Undefined array key "capacitacionCausa" in /home/soluctem/sistema.soluctem.com.co/api/submit-release.php on line 50
[30-Jan-2025 15:35:22 UTC] PHP Warning:  Undefined array key "capacitacionPrevencion" in /home/soluctem/sistema.soluctem.com.co/api/submit-release.php on line 51
[30-Jan-2025 15:35:22 UTC] PHP Warning:  Undefined array key "capacitacionAccion" in /home/soluctem/sistema.soluctem.com.co/api/submit-release.php on line 52
[30-Jan-2025 15:35:22 UTC] PHP Warning:  Undefined array key "contratista1" in /home/soluctem/sistema.soluctem.com.co/api/submit-release.php on line 53
[30-Jan-2025 15:35:22 UTC] PHP Warning:  Undefined array key "cedula1" in /home/soluctem/sistema.soluctem.com.co/api/submit-release.php on line 54
[30-Jan-2025 15:35:22 UTC] PHP Warning:  Undefined array key "horaEntrada1" in /home/soluctem/sistema.soluctem.com.co/api/submit-release.php on line 55
[30-Jan-2025 15:35:22 UTC] PHP Warning:  Undefined array key "horaSalida1" in /home/soluctem/sistema.soluctem.com.co/api/submit-release.php on line 56
[30-Jan-2025 15:35:22 UTC] PHP Warning:  Undefined array key "contratista2" in /home/soluctem/sistema.soluctem.com.co/api/submit-release.php on line 57
[30-Jan-2025 15:35:22 UTC] PHP Warning:  Undefined array key "cedula2" in /home/soluctem/sistema.soluctem.com.co/api/submit-release.php on line 58
[30-Jan-2025 15:35:22 UTC] PHP Warning:  Undefined array key "horaEntrada2" in /home/soluctem/sistema.soluctem.com.co/api/submit-release.php on line 59
[30-Jan-2025 15:35:22 UTC] PHP Warning:  Undefined array key "horaSalida2" in /home/soluctem/sistema.soluctem.com.co/api/submit-release.php on line 60
[30-Jan-2025 15:35:22 UTC] PHP Warning:  Undefined array key "contratista3" in /home/soluctem/sistema.soluctem.com.co/api/submit-release.php on line 61
[30-Jan-2025 15:35:22 UTC] PHP Warning:  Undefined array key "cedula3" in /home/soluctem/sistema.soluctem.com.co/api/submit-release.php on line 62
[30-Jan-2025 15:35:22 UTC] PHP Warning:  Undefined array key "horaEntrada3" in /home/soluctem/sistema.soluctem.com.co/api/submit-release.php on line 63
[30-Jan-2025 15:35:22 UTC] PHP Warning:  Undefined array key "horaSalida3" in /home/soluctem/sistema.soluctem.com.co/api/submit-release.php on line 64
[30-Jan-2025 15:35:22 UTC] PHP Warning:  Undefined array key "contratista4" in /home/soluctem/sistema.soluctem.com.co/api/submit-release.php on line 65
[30-Jan-2025 15:35:22 UTC] PHP Warning:  Undefined array key "cedula4" in /home/soluctem/sistema.soluctem.com.co/api/submit-release.php on line 66
[30-Jan-2025 15:35:22 UTC] PHP Warning:  Undefined array key "horaEntrada4" in /home/soluctem/sistema.soluctem.com.co/api/submit-release.php on line 67
[30-Jan-2025 15:35:22 UTC] PHP Warning:  Undefined array key "horaSalida4" in /home/soluctem/sistema.soluctem.com.co/api/submit-release.php on line 68
[30-Jan-2025 15:35:22 UTC] PHP Warning:  Undefined array key "nombreFuncionario" in /home/soluctem/sistema.soluctem.com.co/api/submit-release.php on line 69
[30-Jan-2025 15:35:22 UTC] PHP Warning:  Undefined array key "cedulaFuncionario" in /home/soluctem/sistema.soluctem.com.co/api/submit-release.php on line 70
[30-Jan-2025 15:35:22 UTC] PHP Warning:  Undefined array key "cargoFuncionario" in /home/soluctem/sistema.soluctem.com.co/api/submit-release.php on line 71
[30-Jan-2025 15:35:22 UTC] PHP Warning:  Undefined array key "sapFuncionario" in /home/soluctem/sistema.soluctem.com.co/api/submit-release.php on line 72
[30-Jan-2025 15:35:22 UTC] PHP Warning:  Undefined array key "timestamp" in /home/soluctem/sistema.soluctem.com.co/api/submit-release.php on line 73
[30-Jan-2025 15:35:22 UTC] PHP Warning:  Undefined array key "asistenciaReparacion" in /home/soluctem/sistema.soluctem.com.co/api/submit-release.php on line 74
[30-Jan-2025 15:35:22 UTC] PHP Warning:  Undefined array key "asistenciaGarantia" in /home/soluctem/sistema.soluctem.com.co/api/submit-release.php on line 75
[30-Jan-2025 15:35:22 UTC] PHP Warning:  Undefined array key "asistenciaAjuste" in /home/soluctem/sistema.soluctem.com.co/api/submit-release.php on line 76
[30-Jan-2025 15:35:22 UTC] PHP Warning:  Undefined array key "asistenciaModificacion" in /home/soluctem/sistema.soluctem.com.co/api/submit-release.php on line 77
[30-Jan-2025 15:35:22 UTC] PHP Warning:  Undefined array key "asistenciaServicio" in /home/soluctem/sistema.soluctem.com.co/api/submit-release.php on line 78
[30-Jan-2025 15:35:22 UTC] PHP Warning:  Undefined array key "asistenciaMejora" in /home/soluctem/sistema.soluctem.com.co/api/submit-release.php on line 79
[30-Jan-2025 15:35:22 UTC] PHP Warning:  Undefined array key "asistenciaCombinacion" in /home/soluctem/sistema.soluctem.com.co/api/submit-release.php on line 80
[30-Jan-2025 15:35:22 UTC] PHP Warning:  Undefined array key "fallaOperacion" in /home/soluctem/sistema.soluctem.com.co/api/submit-release.php on line 81
[30-Jan-2025 15:35:22 UTC] PHP Warning:  Undefined array key "fallaMecanica" in /home/soluctem/sistema.soluctem.com.co/api/submit-release.php on line 82
[30-Jan-2025 15:35:22 UTC] PHP Warning:  Undefined array key "fallaElectrica" in /home/soluctem/sistema.soluctem.com.co/api/submit-release.php on line 83
[30-Jan-2025 15:35:22 UTC] PHP Warning:  Undefined array key "fallaTerceros" in /home/soluctem/sistema.soluctem.com.co/api/submit-release.php on line 84
[30-Jan-2025 15:35:22 UTC] PHP Warning:  Undefined array key "fallaFabricacion" in /home/soluctem/sistema.soluctem.com.co/api/submit-release.php on line 85
[30-Jan-2025 15:35:22 UTC] PHP Warning:  Undefined array key "firma_digital_cliente" in /home/soluctem/sistema.soluctem.com.co/api/submit-release.php on line 86
[30-Jan-2025 15:35:22 UTC] PHP Warning:  Undefined array key "firma_digital_tecnico" in /home/soluctem/sistema.soluctem.com.co/api/submit-release.php on line 87
[30-Jan-2025 15:37:57 UTC] PHP Warning:  Undefined array key "nombreSolicitante" in /home/soluctem/sistema.soluctem.com.co/api/submit.php on line 28
[30-Jan-2025 15:37:57 UTC] PHP Warning:  Undefined array key "cargo" in /home/soluctem/sistema.soluctem.com.co/api/submit.php on line 29
[30-Jan-2025 15:37:57 UTC] PHP Warning:  Undefined array key "nombreTienda" in /home/soluctem/sistema.soluctem.com.co/api/submit.php on line 30
[30-Jan-2025 15:37:57 UTC] PHP Warning:  Undefined array key "numeroTienda" in /home/soluctem/sistema.soluctem.com.co/api/submit.php on line 31
[30-Jan-2025 15:37:57 UTC] PHP Warning:  Undefined array key "numeroTicket" in /home/soluctem/sistema.soluctem.com.co/api/submit.php on line 32
[30-Jan-2025 15:37:57 UTC] PHP Warning:  Undefined array key "fecha" in /home/soluctem/sistema.soluctem.com.co/api/submit.php on line 33
[30-Jan-2025 15:37:57 UTC] PHP Warning:  Undefined array key "municipio" in /home/soluctem/sistema.soluctem.com.co/api/submit.php on line 34
[30-Jan-2025 15:37:57 UTC] PHP Warning:  Undefined array key "departamento" in /home/soluctem/sistema.soluctem.com.co/api/submit.php on line 35
[30-Jan-2025 15:37:57 UTC] PHP Warning:  Undefined array key "nombreEquipo" in /home/soluctem/sistema.soluctem.com.co/api/submit.php on line 36
[30-Jan-2025 15:37:57 UTC] PHP Warning:  Undefined array key "marca" in /home/soluctem/sistema.soluctem.com.co/api/submit.php on line 37
[30-Jan-2025 15:37:57 UTC] PHP Warning:  Undefined array key "serial" in /home/soluctem/sistema.soluctem.com.co/api/submit.php on line 38
[30-Jan-2025 15:37:57 UTC] PHP Warning:  Undefined array key "descripcionFalla" in /home/soluctem/sistema.soluctem.com.co/api/submit.php on line 39
[30-Jan-2025 15:37:57 UTC] PHP Warning:  Undefined array key "diagnosticoTecnico" in /home/soluctem/sistema.soluctem.com.co/api/submit.php on line 40
[30-Jan-2025 15:37:57 UTC] PHP Warning:  Undefined array key "repuestosCambiados" in /home/soluctem/sistema.soluctem.com.co/api/submit.php on line 41
[30-Jan-2025 15:37:57 UTC] PHP Warning:  Undefined array key "observaciones" in /home/soluctem/sistema.soluctem.com.co/api/submit.php on line 42
[30-Jan-2025 15:37:57 UTC] PHP Warning:  Undefined array key "seguridadRiesgoAccidentalidad" in /home/soluctem/sistema.soluctem.com.co/api/submit.php on line 43
[30-Jan-2025 15:37:57 UTC] PHP Warning:  Undefined array key "seguridadRiesgoEquipo" in /home/soluctem/sistema.soluctem.com.co/api/submit.php on line 44
[30-Jan-2025 15:37:57 UTC] PHP Warning:  Undefined array key "funcionamientoFallaSolucionada" in /home/soluctem/sistema.soluctem.com.co/api/submit.php on line 45
[30-Jan-2025 15:37:57 UTC] PHP Warning:  Undefined array key "funcionamientoPasosNormales" in /home/soluctem/sistema.soluctem.com.co/api/submit.php on line 46
[30-Jan-2025 15:37:57 UTC] PHP Warning:  Undefined array key "calidadTrabajo" in /home/soluctem/sistema.soluctem.com.co/api/submit.php on line 47
[30-Jan-2025 15:37:57 UTC] PHP Warning:  Undefined array key "limpiezaOrganizacionArmado" in /home/soluctem/sistema.soluctem.com.co/api/submit.php on line 48
[30-Jan-2025 15:37:57 UTC] PHP Warning:  Undefined array key "limpiezaOrganizacionAseado" in /home/soluctem/sistema.soluctem.com.co/api/submit.php on line 49
[30-Jan-2025 15:37:57 UTC] PHP Warning:  Undefined array key "capacitacionCausa" in /home/soluctem/sistema.soluctem.com.co/api/submit.php on line 50
[30-Jan-2025 15:37:57 UTC] PHP Warning:  Undefined array key "capacitacionPrevencion" in /home/soluctem/sistema.soluctem.com.co/api/submit.php on line 51
[30-Jan-2025 15:37:57 UTC] PHP Warning:  Undefined array key "capacitacionAccion" in /home/soluctem/sistema.soluctem.com.co/api/submit.php on line 52
[30-Jan-2025 15:37:57 UTC] PHP Warning:  Undefined array key "contratista1" in /home/soluctem/sistema.soluctem.com.co/api/submit.php on line 53
[30-Jan-2025 15:37:57 UTC] PHP Warning:  Undefined array key "cedula1" in /home/soluctem/sistema.soluctem.com.co/api/submit.php on line 54
[30-Jan-2025 15:37:57 UTC] PHP Warning:  Undefined array key "horaEntrada1" in /home/soluctem/sistema.soluctem.com.co/api/submit.php on line 55
[30-Jan-2025 15:37:57 UTC] PHP Warning:  Undefined array key "horaSalida1" in /home/soluctem/sistema.soluctem.com.co/api/submit.php on line 56
[30-Jan-2025 15:37:57 UTC] PHP Warning:  Undefined array key "contratista2" in /home/soluctem/sistema.soluctem.com.co/api/submit.php on line 57
[30-Jan-2025 15:37:57 UTC] PHP Warning:  Undefined array key "cedula2" in /home/soluctem/sistema.soluctem.com.co/api/submit.php on line 58
[30-Jan-2025 15:37:57 UTC] PHP Warning:  Undefined array key "horaEntrada2" in /home/soluctem/sistema.soluctem.com.co/api/submit.php on line 59
[30-Jan-2025 15:37:57 UTC] PHP Warning:  Undefined array key "horaSalida2" in /home/soluctem/sistema.soluctem.com.co/api/submit.php on line 60
[30-Jan-2025 15:37:57 UTC] PHP Warning:  Undefined array key "contratista3" in /home/soluctem/sistema.soluctem.com.co/api/submit.php on line 61
[30-Jan-2025 15:37:57 UTC] PHP Warning:  Undefined array key "cedula3" in /home/soluctem/sistema.soluctem.com.co/api/submit.php on line 62
[30-Jan-2025 15:37:57 UTC] PHP Warning:  Undefined array key "horaEntrada3" in /home/soluctem/sistema.soluctem.com.co/api/submit.php on line 63
[30-Jan-2025 15:37:57 UTC] PHP Warning:  Undefined array key "horaSalida3" in /home/soluctem/sistema.soluctem.com.co/api/submit.php on line 64
[30-Jan-2025 15:37:57 UTC] PHP Warning:  Undefined array key "contratista4" in /home/soluctem/sistema.soluctem.com.co/api/submit.php on line 65
[30-Jan-2025 15:37:57 UTC] PHP Warning:  Undefined array key "cedula4" in /home/soluctem/sistema.soluctem.com.co/api/submit.php on line 66
[30-Jan-2025 15:37:57 UTC] PHP Warning:  Undefined array key "horaEntrada4" in /home/soluctem/sistema.soluctem.com.co/api/submit.php on line 67
[30-Jan-2025 15:37:57 UTC] PHP Warning:  Undefined array key "horaSalida4" in /home/soluctem/sistema.soluctem.com.co/api/submit.php on line 68
[30-Jan-2025 15:37:57 UTC] PHP Warning:  Undefined array key "nombreFuncionario" in /home/soluctem/sistema.soluctem.com.co/api/submit.php on line 69
[30-Jan-2025 15:37:57 UTC] PHP Warning:  Undefined array key "cedulaFuncionario" in /home/soluctem/sistema.soluctem.com.co/api/submit.php on line 70
[30-Jan-2025 15:37:57 UTC] PHP Warning:  Undefined array key "cargoFuncionario" in /home/soluctem/sistema.soluctem.com.co/api/submit.php on line 71
[30-Jan-2025 15:37:57 UTC] PHP Warning:  Undefined array key "sapFuncionario" in /home/soluctem/sistema.soluctem.com.co/api/submit.php on line 72
[30-Jan-2025 15:37:57 UTC] PHP Warning:  Undefined array key "timestamp" in /home/soluctem/sistema.soluctem.com.co/api/submit.php on line 73
[30-Jan-2025 15:37:57 UTC] PHP Warning:  Undefined array key "asistenciaReparacion" in /home/soluctem/sistema.soluctem.com.co/api/submit.php on line 74
[30-Jan-2025 15:37:57 UTC] PHP Warning:  Undefined array key "asistenciaGarantia" in /home/soluctem/sistema.soluctem.com.co/api/submit.php on line 75
[30-Jan-2025 15:37:57 UTC] PHP Warning:  Undefined array key "asistenciaAjuste" in /home/soluctem/sistema.soluctem.com.co/api/submit.php on line 76
[30-Jan-2025 15:37:57 UTC] PHP Warning:  Undefined array key "asistenciaModificacion" in /home/soluctem/sistema.soluctem.com.co/api/submit.php on line 77
[30-Jan-2025 15:37:57 UTC] PHP Warning:  Undefined array key "asistenciaServicio" in /home/soluctem/sistema.soluctem.com.co/api/submit.php on line 78
[30-Jan-2025 15:37:57 UTC] PHP Warning:  Undefined array key "asistenciaMejora" in /home/soluctem/sistema.soluctem.com.co/api/submit.php on line 79
[30-Jan-2025 15:37:57 UTC] PHP Warning:  Undefined array key "asistenciaCombinacion" in /home/soluctem/sistema.soluctem.com.co/api/submit.php on line 80
[30-Jan-2025 15:37:57 UTC] PHP Warning:  Undefined array key "fallaOperacion" in /home/soluctem/sistema.soluctem.com.co/api/submit.php on line 81
[30-Jan-2025 15:37:57 UTC] PHP Warning:  Undefined array key "fallaMecanica" in /home/soluctem/sistema.soluctem.com.co/api/submit.php on line 82
[30-Jan-2025 15:37:57 UTC] PHP Warning:  Undefined array key "fallaElectrica" in /home/soluctem/sistema.soluctem.com.co/api/submit.php on line 83
[30-Jan-2025 15:37:57 UTC] PHP Warning:  Undefined array key "fallaTerceros" in /home/soluctem/sistema.soluctem.com.co/api/submit.php on line 84
[30-Jan-2025 15:37:57 UTC] PHP Warning:  Undefined array key "fallaFabricacion" in /home/soluctem/sistema.soluctem.com.co/api/submit.php on line 85
[30-Jan-2025 15:37:57 UTC] PHP Warning:  Undefined array key "firma_digital_cliente" in /home/soluctem/sistema.soluctem.com.co/api/submit.php on line 86
[30-Jan-2025 15:37:57 UTC] PHP Warning:  Undefined array key "firma_digital_tecnico" in /home/soluctem/sistema.soluctem.com.co/api/submit.php on line 87
[04-Feb-2025 18:50:04 UTC] PHP Warning:  Undefined array key "nombreSolicitante" in /home/soluctem/sistema.soluctem.com.co/api/submit.php on line 28
[04-Feb-2025 18:50:04 UTC] PHP Warning:  Undefined array key "cargo" in /home/soluctem/sistema.soluctem.com.co/api/submit.php on line 29
[04-Feb-2025 18:50:04 UTC] PHP Warning:  Undefined array key "nombreTienda" in /home/soluctem/sistema.soluctem.com.co/api/submit.php on line 30
[04-Feb-2025 18:50:04 UTC] PHP Warning:  Undefined array key "numeroTienda" in /home/soluctem/sistema.soluctem.com.co/api/submit.php on line 31
[04-Feb-2025 18:50:04 UTC] PHP Warning:  Undefined array key "numeroTicket" in /home/soluctem/sistema.soluctem.com.co/api/submit.php on line 32
[04-Feb-2025 18:50:04 UTC] PHP Warning:  Undefined array key "fecha" in /home/soluctem/sistema.soluctem.com.co/api/submit.php on line 33
[04-Feb-2025 18:50:04 UTC] PHP Warning:  Undefined array key "municipio" in /home/soluctem/sistema.soluctem.com.co/api/submit.php on line 34
[04-Feb-2025 18:50:04 UTC] PHP Warning:  Undefined array key "departamento" in /home/soluctem/sistema.soluctem.com.co/api/submit.php on line 35
[04-Feb-2025 18:50:04 UTC] PHP Warning:  Undefined array key "nombreEquipo" in /home/soluctem/sistema.soluctem.com.co/api/submit.php on line 36
[04-Feb-2025 18:50:04 UTC] PHP Warning:  Undefined array key "marca" in /home/soluctem/sistema.soluctem.com.co/api/submit.php on line 37
[04-Feb-2025 18:50:04 UTC] PHP Warning:  Undefined array key "serial" in /home/soluctem/sistema.soluctem.com.co/api/submit.php on line 38
[04-Feb-2025 18:50:04 UTC] PHP Warning:  Undefined array key "descripcionFalla" in /home/soluctem/sistema.soluctem.com.co/api/submit.php on line 39
[04-Feb-2025 18:50:04 UTC] PHP Warning:  Undefined array key "diagnosticoTecnico" in /home/soluctem/sistema.soluctem.com.co/api/submit.php on line 40
[04-Feb-2025 18:50:04 UTC] PHP Warning:  Undefined array key "repuestosCambiados" in /home/soluctem/sistema.soluctem.com.co/api/submit.php on line 41
[04-Feb-2025 18:50:04 UTC] PHP Warning:  Undefined array key "observaciones" in /home/soluctem/sistema.soluctem.com.co/api/submit.php on line 42
[04-Feb-2025 18:50:04 UTC] PHP Warning:  Undefined array key "seguridadRiesgoAccidentalidad" in /home/soluctem/sistema.soluctem.com.co/api/submit.php on line 43
[04-Feb-2025 18:50:04 UTC] PHP Warning:  Undefined array key "seguridadRiesgoEquipo" in /home/soluctem/sistema.soluctem.com.co/api/submit.php on line 44
[04-Feb-2025 18:50:04 UTC] PHP Warning:  Undefined array key "funcionamientoFallaSolucionada" in /home/soluctem/sistema.soluctem.com.co/api/submit.php on line 45
[04-Feb-2025 18:50:04 UTC] PHP Warning:  Undefined array key "funcionamientoPasosNormales" in /home/soluctem/sistema.soluctem.com.co/api/submit.php on line 46
[04-Feb-2025 18:50:04 UTC] PHP Warning:  Undefined array key "calidadTrabajo" in /home/soluctem/sistema.soluctem.com.co/api/submit.php on line 47
[04-Feb-2025 18:50:04 UTC] PHP Warning:  Undefined array key "limpiezaOrganizacionArmado" in /home/soluctem/sistema.soluctem.com.co/api/submit.php on line 48
[04-Feb-2025 18:50:04 UTC] PHP Warning:  Undefined array key "limpiezaOrganizacionAseado" in /home/soluctem/sistema.soluctem.com.co/api/submit.php on line 49
[04-Feb-2025 18:50:04 UTC] PHP Warning:  Undefined array key "capacitacionCausa" in /home/soluctem/sistema.soluctem.com.co/api/submit.php on line 50
[04-Feb-2025 18:50:04 UTC] PHP Warning:  Undefined array key "capacitacionPrevencion" in /home/soluctem/sistema.soluctem.com.co/api/submit.php on line 51
[04-Feb-2025 18:50:04 UTC] PHP Warning:  Undefined array key "capacitacionAccion" in /home/soluctem/sistema.soluctem.com.co/api/submit.php on line 52
[04-Feb-2025 18:50:04 UTC] PHP Warning:  Undefined array key "contratista1" in /home/soluctem/sistema.soluctem.com.co/api/submit.php on line 53
[04-Feb-2025 18:50:04 UTC] PHP Warning:  Undefined array key "cedula1" in /home/soluctem/sistema.soluctem.com.co/api/submit.php on line 54
[04-Feb-2025 18:50:04 UTC] PHP Warning:  Undefined array key "horaEntrada1" in /home/soluctem/sistema.soluctem.com.co/api/submit.php on line 55
[04-Feb-2025 18:50:04 UTC] PHP Warning:  Undefined array key "horaSalida1" in /home/soluctem/sistema.soluctem.com.co/api/submit.php on line 56
[04-Feb-2025 18:50:04 UTC] PHP Warning:  Undefined array key "contratista2" in /home/soluctem/sistema.soluctem.com.co/api/submit.php on line 57
[04-Feb-2025 18:50:04 UTC] PHP Warning:  Undefined array key "cedula2" in /home/soluctem/sistema.soluctem.com.co/api/submit.php on line 58
[04-Feb-2025 18:50:04 UTC] PHP Warning:  Undefined array key "horaEntrada2" in /home/soluctem/sistema.soluctem.com.co/api/submit.php on line 59
[04-Feb-2025 18:50:04 UTC] PHP Warning:  Undefined array key "horaSalida2" in /home/soluctem/sistema.soluctem.com.co/api/submit.php on line 60
[04-Feb-2025 18:50:04 UTC] PHP Warning:  Undefined array key "contratista3" in /home/soluctem/sistema.soluctem.com.co/api/submit.php on line 61
[04-Feb-2025 18:50:04 UTC] PHP Warning:  Undefined array key "cedula3" in /home/soluctem/sistema.soluctem.com.co/api/submit.php on line 62
[04-Feb-2025 18:50:04 UTC] PHP Warning:  Undefined array key "horaEntrada3" in /home/soluctem/sistema.soluctem.com.co/api/submit.php on line 63
[04-Feb-2025 18:50:04 UTC] PHP Warning:  Undefined array key "horaSalida3" in /home/soluctem/sistema.soluctem.com.co/api/submit.php on line 64
[04-Feb-2025 18:50:04 UTC] PHP Warning:  Undefined array key "contratista4" in /home/soluctem/sistema.soluctem.com.co/api/submit.php on line 65
[04-Feb-2025 18:50:04 UTC] PHP Warning:  Undefined array key "cedula4" in /home/soluctem/sistema.soluctem.com.co/api/submit.php on line 66
[04-Feb-2025 18:50:04 UTC] PHP Warning:  Undefined array key "horaEntrada4" in /home/soluctem/sistema.soluctem.com.co/api/submit.php on line 67
[04-Feb-2025 18:50:04 UTC] PHP Warning:  Undefined array key "horaSalida4" in /home/soluctem/sistema.soluctem.com.co/api/submit.php on line 68
[04-Feb-2025 18:50:04 UTC] PHP Warning:  Undefined array key "nombreFuncionario" in /home/soluctem/sistema.soluctem.com.co/api/submit.php on line 69
[04-Feb-2025 18:50:04 UTC] PHP Warning:  Undefined array key "cedulaFuncionario" in /home/soluctem/sistema.soluctem.com.co/api/submit.php on line 70
[04-Feb-2025 18:50:04 UTC] PHP Warning:  Undefined array key "cargoFuncionario" in /home/soluctem/sistema.soluctem.com.co/api/submit.php on line 71
[04-Feb-2025 18:50:04 UTC] PHP Warning:  Undefined array key "sapFuncionario" in /home/soluctem/sistema.soluctem.com.co/api/submit.php on line 72
[04-Feb-2025 18:50:04 UTC] PHP Warning:  Undefined array key "timestamp" in /home/soluctem/sistema.soluctem.com.co/api/submit.php on line 73
[04-Feb-2025 18:50:04 UTC] PHP Warning:  Undefined array key "asistenciaReparacion" in /home/soluctem/sistema.soluctem.com.co/api/submit.php on line 74
[04-Feb-2025 18:50:04 UTC] PHP Warning:  Undefined array key "asistenciaGarantia" in /home/soluctem/sistema.soluctem.com.co/api/submit.php on line 75
[04-Feb-2025 18:50:04 UTC] PHP Warning:  Undefined array key "asistenciaAjuste" in /home/soluctem/sistema.soluctem.com.co/api/submit.php on line 76
[04-Feb-2025 18:50:04 UTC] PHP Warning:  Undefined array key "asistenciaModificacion" in /home/soluctem/sistema.soluctem.com.co/api/submit.php on line 77
[04-Feb-2025 18:50:04 UTC] PHP Warning:  Undefined array key "asistenciaServicio" in /home/soluctem/sistema.soluctem.com.co/api/submit.php on line 78
[04-Feb-2025 18:50:04 UTC] PHP Warning:  Undefined array key "asistenciaMejora" in /home/soluctem/sistema.soluctem.com.co/api/submit.php on line 79
[04-Feb-2025 18:50:04 UTC] PHP Warning:  Undefined array key "asistenciaCombinacion" in /home/soluctem/sistema.soluctem.com.co/api/submit.php on line 80
[04-Feb-2025 18:50:04 UTC] PHP Warning:  Undefined array key "fallaOperacion" in /home/soluctem/sistema.soluctem.com.co/api/submit.php on line 81
[04-Feb-2025 18:50:04 UTC] PHP Warning:  Undefined array key "fallaMecanica" in /home/soluctem/sistema.soluctem.com.co/api/submit.php on line 82
[04-Feb-2025 18:50:04 UTC] PHP Warning:  Undefined array key "fallaElectrica" in /home/soluctem/sistema.soluctem.com.co/api/submit.php on line 83
[04-Feb-2025 18:50:04 UTC] PHP Warning:  Undefined array key "fallaTerceros" in /home/soluctem/sistema.soluctem.com.co/api/submit.php on line 84
[04-Feb-2025 18:50:04 UTC] PHP Warning:  Undefined array key "fallaFabricacion" in /home/soluctem/sistema.soluctem.com.co/api/submit.php on line 85
[04-Feb-2025 18:50:04 UTC] PHP Warning:  Undefined array key "firma_digital_cliente" in /home/soluctem/sistema.soluctem.com.co/api/submit.php on line 86
[04-Feb-2025 18:50:04 UTC] PHP Warning:  Undefined array key "firma_digital_tecnico" in /home/soluctem/sistema.soluctem.com.co/api/submit.php on line 87
[04-Feb-2025 18:52:42 UTC] PHP Warning:  Undefined array key "nombreSolicitante" in /home/soluctem/sistema.soluctem.com.co/api/submit.php on line 28
[04-Feb-2025 18:52:42 UTC] PHP Warning:  Undefined array key "cargo" in /home/soluctem/sistema.soluctem.com.co/api/submit.php on line 29
[04-Feb-2025 18:52:42 UTC] PHP Warning:  Undefined array key "nombreTienda" in /home/soluctem/sistema.soluctem.com.co/api/submit.php on line 30
[04-Feb-2025 18:52:42 UTC] PHP Warning:  Undefined array key "numeroTienda" in /home/soluctem/sistema.soluctem.com.co/api/submit.php on line 31
[04-Feb-2025 18:52:42 UTC] PHP Warning:  Undefined array key "numeroTicket" in /home/soluctem/sistema.soluctem.com.co/api/submit.php on line 32
[04-Feb-2025 18:52:42 UTC] PHP Warning:  Undefined array key "fecha" in /home/soluctem/sistema.soluctem.com.co/api/submit.php on line 33
[04-Feb-2025 18:52:42 UTC] PHP Warning:  Undefined array key "municipio" in /home/soluctem/sistema.soluctem.com.co/api/submit.php on line 34
[04-Feb-2025 18:52:42 UTC] PHP Warning:  Undefined array key "departamento" in /home/soluctem/sistema.soluctem.com.co/api/submit.php on line 35
[04-Feb-2025 18:52:42 UTC] PHP Warning:  Undefined array key "nombreEquipo" in /home/soluctem/sistema.soluctem.com.co/api/submit.php on line 36
[04-Feb-2025 18:52:42 UTC] PHP Warning:  Undefined array key "marca" in /home/soluctem/sistema.soluctem.com.co/api/submit.php on line 37
[04-Feb-2025 18:52:42 UTC] PHP Warning:  Undefined array key "serial" in /home/soluctem/sistema.soluctem.com.co/api/submit.php on line 38
[04-Feb-2025 18:52:42 UTC] PHP Warning:  Undefined array key "descripcionFalla" in /home/soluctem/sistema.soluctem.com.co/api/submit.php on line 39
[04-Feb-2025 18:52:42 UTC] PHP Warning:  Undefined array key "diagnosticoTecnico" in /home/soluctem/sistema.soluctem.com.co/api/submit.php on line 40
[04-Feb-2025 18:52:42 UTC] PHP Warning:  Undefined array key "repuestosCambiados" in /home/soluctem/sistema.soluctem.com.co/api/submit.php on line 41
[04-Feb-2025 18:52:42 UTC] PHP Warning:  Undefined array key "observaciones" in /home/soluctem/sistema.soluctem.com.co/api/submit.php on line 42
[04-Feb-2025 18:52:42 UTC] PHP Warning:  Undefined array key "seguridadRiesgoAccidentalidad" in /home/soluctem/sistema.soluctem.com.co/api/submit.php on line 43
[04-Feb-2025 18:52:42 UTC] PHP Warning:  Undefined array key "seguridadRiesgoEquipo" in /home/soluctem/sistema.soluctem.com.co/api/submit.php on line 44
[04-Feb-2025 18:52:42 UTC] PHP Warning:  Undefined array key "funcionamientoFallaSolucionada" in /home/soluctem/sistema.soluctem.com.co/api/submit.php on line 45
[04-Feb-2025 18:52:42 UTC] PHP Warning:  Undefined array key "funcionamientoPasosNormales" in /home/soluctem/sistema.soluctem.com.co/api/submit.php on line 46
[04-Feb-2025 18:52:42 UTC] PHP Warning:  Undefined array key "calidadTrabajo" in /home/soluctem/sistema.soluctem.com.co/api/submit.php on line 47
[04-Feb-2025 18:52:42 UTC] PHP Warning:  Undefined array key "limpiezaOrganizacionArmado" in /home/soluctem/sistema.soluctem.com.co/api/submit.php on line 48
[04-Feb-2025 18:52:42 UTC] PHP Warning:  Undefined array key "limpiezaOrganizacionAseado" in /home/soluctem/sistema.soluctem.com.co/api/submit.php on line 49
[04-Feb-2025 18:52:42 UTC] PHP Warning:  Undefined array key "capacitacionCausa" in /home/soluctem/sistema.soluctem.com.co/api/submit.php on line 50
[04-Feb-2025 18:52:42 UTC] PHP Warning:  Undefined array key "capacitacionPrevencion" in /home/soluctem/sistema.soluctem.com.co/api/submit.php on line 51
[04-Feb-2025 18:52:42 UTC] PHP Warning:  Undefined array key "capacitacionAccion" in /home/soluctem/sistema.soluctem.com.co/api/submit.php on line 52
[04-Feb-2025 18:52:42 UTC] PHP Warning:  Undefined array key "contratista1" in /home/soluctem/sistema.soluctem.com.co/api/submit.php on line 53
[04-Feb-2025 18:52:42 UTC] PHP Warning:  Undefined array key "cedula1" in /home/soluctem/sistema.soluctem.com.co/api/submit.php on line 54
[04-Feb-2025 18:52:42 UTC] PHP Warning:  Undefined array key "horaEntrada1" in /home/soluctem/sistema.soluctem.com.co/api/submit.php on line 55
[04-Feb-2025 18:52:42 UTC] PHP Warning:  Undefined array key "horaSalida1" in /home/soluctem/sistema.soluctem.com.co/api/submit.php on line 56
[04-Feb-2025 18:52:42 UTC] PHP Warning:  Undefined array key "contratista2" in /home/soluctem/sistema.soluctem.com.co/api/submit.php on line 57
[04-Feb-2025 18:52:42 UTC] PHP Warning:  Undefined array key "cedula2" in /home/soluctem/sistema.soluctem.com.co/api/submit.php on line 58
[04-Feb-2025 18:52:42 UTC] PHP Warning:  Undefined array key "horaEntrada2" in /home/soluctem/sistema.soluctem.com.co/api/submit.php on line 59
[04-Feb-2025 18:52:42 UTC] PHP Warning:  Undefined array key "horaSalida2" in /home/soluctem/sistema.soluctem.com.co/api/submit.php on line 60
[04-Feb-2025 18:52:42 UTC] PHP Warning:  Undefined array key "contratista3" in /home/soluctem/sistema.soluctem.com.co/api/submit.php on line 61
[04-Feb-2025 18:52:42 UTC] PHP Warning:  Undefined array key "cedula3" in /home/soluctem/sistema.soluctem.com.co/api/submit.php on line 62
[04-Feb-2025 18:52:42 UTC] PHP Warning:  Undefined array key "horaEntrada3" in /home/soluctem/sistema.soluctem.com.co/api/submit.php on line 63
[04-Feb-2025 18:52:42 UTC] PHP Warning:  Undefined array key "horaSalida3" in /home/soluctem/sistema.soluctem.com.co/api/submit.php on line 64
[04-Feb-2025 18:52:42 UTC] PHP Warning:  Undefined array key "contratista4" in /home/soluctem/sistema.soluctem.com.co/api/submit.php on line 65
[04-Feb-2025 18:52:42 UTC] PHP Warning:  Undefined array key "cedula4" in /home/soluctem/sistema.soluctem.com.co/api/submit.php on line 66
[04-Feb-2025 18:52:42 UTC] PHP Warning:  Undefined array key "horaEntrada4" in /home/soluctem/sistema.soluctem.com.co/api/submit.php on line 67
[04-Feb-2025 18:52:42 UTC] PHP Warning:  Undefined array key "horaSalida4" in /home/soluctem/sistema.soluctem.com.co/api/submit.php on line 68
[04-Feb-2025 18:52:42 UTC] PHP Warning:  Undefined array key "nombreFuncionario" in /home/soluctem/sistema.soluctem.com.co/api/submit.php on line 69
[04-Feb-2025 18:52:42 UTC] PHP Warning:  Undefined array key "cedulaFuncionario" in /home/soluctem/sistema.soluctem.com.co/api/submit.php on line 70
[04-Feb-2025 18:52:42 UTC] PHP Warning:  Undefined array key "cargoFuncionario" in /home/soluctem/sistema.soluctem.com.co/api/submit.php on line 71
[04-Feb-2025 18:52:42 UTC] PHP Warning:  Undefined array key "sapFuncionario" in /home/soluctem/sistema.soluctem.com.co/api/submit.php on line 72
[04-Feb-2025 18:52:42 UTC] PHP Warning:  Undefined array key "timestamp" in /home/soluctem/sistema.soluctem.com.co/api/submit.php on line 73
[04-Feb-2025 18:52:42 UTC] PHP Warning:  Undefined array key "asistenciaReparacion" in /home/soluctem/sistema.soluctem.com.co/api/submit.php on line 74
[04-Feb-2025 18:52:42 UTC] PHP Warning:  Undefined array key "asistenciaGarantia" in /home/soluctem/sistema.soluctem.com.co/api/submit.php on line 75
[04-Feb-2025 18:52:42 UTC] PHP Warning:  Undefined array key "asistenciaAjuste" in /home/soluctem/sistema.soluctem.com.co/api/submit.php on line 76
[04-Feb-2025 18:52:42 UTC] PHP Warning:  Undefined array key "asistenciaModificacion" in /home/soluctem/sistema.soluctem.com.co/api/submit.php on line 77
[04-Feb-2025 18:52:42 UTC] PHP Warning:  Undefined array key "asistenciaServicio" in /home/soluctem/sistema.soluctem.com.co/api/submit.php on line 78
[04-Feb-2025 18:52:42 UTC] PHP Warning:  Undefined array key "asistenciaMejora" in /home/soluctem/sistema.soluctem.com.co/api/submit.php on line 79
[04-Feb-2025 18:52:42 UTC] PHP Warning:  Undefined array key "asistenciaCombinacion" in /home/soluctem/sistema.soluctem.com.co/api/submit.php on line 80
[04-Feb-2025 18:52:42 UTC] PHP Warning:  Undefined array key "fallaOperacion" in /home/soluctem/sistema.soluctem.com.co/api/submit.php on line 81
[04-Feb-2025 18:52:42 UTC] PHP Warning:  Undefined array key "fallaMecanica" in /home/soluctem/sistema.soluctem.com.co/api/submit.php on line 82
[04-Feb-2025 18:52:42 UTC] PHP Warning:  Undefined array key "fallaElectrica" in /home/soluctem/sistema.soluctem.com.co/api/submit.php on line 83
[04-Feb-2025 18:52:42 UTC] PHP Warning:  Undefined array key "fallaTerceros" in /home/soluctem/sistema.soluctem.com.co/api/submit.php on line 84
[04-Feb-2025 18:52:42 UTC] PHP Warning:  Undefined array key "fallaFabricacion" in /home/soluctem/sistema.soluctem.com.co/api/submit.php on line 85
[04-Feb-2025 18:52:42 UTC] PHP Warning:  Undefined array key "firma_digital_cliente" in /home/soluctem/sistema.soluctem.com.co/api/submit.php on line 86
[04-Feb-2025 18:52:42 UTC] PHP Warning:  Undefined array key "firma_digital_tecnico" in /home/soluctem/sistema.soluctem.com.co/api/submit.php on line 87
[04-Feb-2025 18:55:27 UTC] PHP Warning:  Undefined array key "nombreSolicitante" in /home/soluctem/sistema.soluctem.com.co/api/submit.php on line 28
[04-Feb-2025 18:55:27 UTC] PHP Warning:  Undefined array key "cargo" in /home/soluctem/sistema.soluctem.com.co/api/submit.php on line 29
[04-Feb-2025 18:55:27 UTC] PHP Warning:  Undefined array key "nombreTienda" in /home/soluctem/sistema.soluctem.com.co/api/submit.php on line 30
[04-Feb-2025 18:55:27 UTC] PHP Warning:  Undefined array key "numeroTienda" in /home/soluctem/sistema.soluctem.com.co/api/submit.php on line 31
[04-Feb-2025 18:55:27 UTC] PHP Warning:  Undefined array key "numeroTicket" in /home/soluctem/sistema.soluctem.com.co/api/submit.php on line 32
[04-Feb-2025 18:55:27 UTC] PHP Warning:  Undefined array key "fecha" in /home/soluctem/sistema.soluctem.com.co/api/submit.php on line 33
[04-Feb-2025 18:55:27 UTC] PHP Warning:  Undefined array key "municipio" in /home/soluctem/sistema.soluctem.com.co/api/submit.php on line 34
[04-Feb-2025 18:55:27 UTC] PHP Warning:  Undefined array key "departamento" in /home/soluctem/sistema.soluctem.com.co/api/submit.php on line 35
[04-Feb-2025 18:55:27 UTC] PHP Warning:  Undefined array key "nombreEquipo" in /home/soluctem/sistema.soluctem.com.co/api/submit.php on line 36
[04-Feb-2025 18:55:27 UTC] PHP Warning:  Undefined array key "marca" in /home/soluctem/sistema.soluctem.com.co/api/submit.php on line 37
[04-Feb-2025 18:55:27 UTC] PHP Warning:  Undefined array key "serial" in /home/soluctem/sistema.soluctem.com.co/api/submit.php on line 38
[04-Feb-2025 18:55:27 UTC] PHP Warning:  Undefined array key "descripcionFalla" in /home/soluctem/sistema.soluctem.com.co/api/submit.php on line 39
[04-Feb-2025 18:55:27 UTC] PHP Warning:  Undefined array key "diagnosticoTecnico" in /home/soluctem/sistema.soluctem.com.co/api/submit.php on line 40
[04-Feb-2025 18:55:27 UTC] PHP Warning:  Undefined array key "repuestosCambiados" in /home/soluctem/sistema.soluctem.com.co/api/submit.php on line 41
[04-Feb-2025 18:55:27 UTC] PHP Warning:  Undefined array key "observaciones" in /home/soluctem/sistema.soluctem.com.co/api/submit.php on line 42
[04-Feb-2025 18:55:27 UTC] PHP Warning:  Undefined array key "seguridadRiesgoAccidentalidad" in /home/soluctem/sistema.soluctem.com.co/api/submit.php on line 43
[04-Feb-2025 18:55:27 UTC] PHP Warning:  Undefined array key "seguridadRiesgoEquipo" in /home/soluctem/sistema.soluctem.com.co/api/submit.php on line 44
[04-Feb-2025 18:55:27 UTC] PHP Warning:  Undefined array key "funcionamientoFallaSolucionada" in /home/soluctem/sistema.soluctem.com.co/api/submit.php on line 45
[04-Feb-2025 18:55:27 UTC] PHP Warning:  Undefined array key "funcionamientoPasosNormales" in /home/soluctem/sistema.soluctem.com.co/api/submit.php on line 46
[04-Feb-2025 18:55:27 UTC] PHP Warning:  Undefined array key "calidadTrabajo" in /home/soluctem/sistema.soluctem.com.co/api/submit.php on line 47
[04-Feb-2025 18:55:27 UTC] PHP Warning:  Undefined array key "limpiezaOrganizacionArmado" in /home/soluctem/sistema.soluctem.com.co/api/submit.php on line 48
[04-Feb-2025 18:55:27 UTC] PHP Warning:  Undefined array key "limpiezaOrganizacionAseado" in /home/soluctem/sistema.soluctem.com.co/api/submit.php on line 49
[04-Feb-2025 18:55:27 UTC] PHP Warning:  Undefined array key "capacitacionCausa" in /home/soluctem/sistema.soluctem.com.co/api/submit.php on line 50
[04-Feb-2025 18:55:27 UTC] PHP Warning:  Undefined array key "capacitacionPrevencion" in /home/soluctem/sistema.soluctem.com.co/api/submit.php on line 51
[04-Feb-2025 18:55:27 UTC] PHP Warning:  Undefined array key "capacitacionAccion" in /home/soluctem/sistema.soluctem.com.co/api/submit.php on line 52
[04-Feb-2025 18:55:27 UTC] PHP Warning:  Undefined array key "contratista1" in /home/soluctem/sistema.soluctem.com.co/api/submit.php on line 53
[04-Feb-2025 18:55:27 UTC] PHP Warning:  Undefined array key "cedula1" in /home/soluctem/sistema.soluctem.com.co/api/submit.php on line 54
[04-Feb-2025 18:55:27 UTC] PHP Warning:  Undefined array key "horaEntrada1" in /home/soluctem/sistema.soluctem.com.co/api/submit.php on line 55
[04-Feb-2025 18:55:27 UTC] PHP Warning:  Undefined array key "horaSalida1" in /home/soluctem/sistema.soluctem.com.co/api/submit.php on line 56
[04-Feb-2025 18:55:27 UTC] PHP Warning:  Undefined array key "contratista2" in /home/soluctem/sistema.soluctem.com.co/api/submit.php on line 57
[04-Feb-2025 18:55:27 UTC] PHP Warning:  Undefined array key "cedula2" in /home/soluctem/sistema.soluctem.com.co/api/submit.php on line 58
[04-Feb-2025 18:55:27 UTC] PHP Warning:  Undefined array key "horaEntrada2" in /home/soluctem/sistema.soluctem.com.co/api/submit.php on line 59
[04-Feb-2025 18:55:27 UTC] PHP Warning:  Undefined array key "horaSalida2" in /home/soluctem/sistema.soluctem.com.co/api/submit.php on line 60
[04-Feb-2025 18:55:27 UTC] PHP Warning:  Undefined array key "contratista3" in /home/soluctem/sistema.soluctem.com.co/api/submit.php on line 61
[04-Feb-2025 18:55:27 UTC] PHP Warning:  Undefined array key "cedula3" in /home/soluctem/sistema.soluctem.com.co/api/submit.php on line 62
[04-Feb-2025 18:55:27 UTC] PHP Warning:  Undefined array key "horaEntrada3" in /home/soluctem/sistema.soluctem.com.co/api/submit.php on line 63
[04-Feb-2025 18:55:27 UTC] PHP Warning:  Undefined array key "horaSalida3" in /home/soluctem/sistema.soluctem.com.co/api/submit.php on line 64
[04-Feb-2025 18:55:27 UTC] PHP Warning:  Undefined array key "contratista4" in /home/soluctem/sistema.soluctem.com.co/api/submit.php on line 65
[04-Feb-2025 18:55:27 UTC] PHP Warning:  Undefined array key "cedula4" in /home/soluctem/sistema.soluctem.com.co/api/submit.php on line 66
[04-Feb-2025 18:55:27 UTC] PHP Warning:  Undefined array key "horaEntrada4" in /home/soluctem/sistema.soluctem.com.co/api/submit.php on line 67
[04-Feb-2025 18:55:27 UTC] PHP Warning:  Undefined array key "horaSalida4" in /home/soluctem/sistema.soluctem.com.co/api/submit.php on line 68
[04-Feb-2025 18:55:27 UTC] PHP Warning:  Undefined array key "nombreFuncionario" in /home/soluctem/sistema.soluctem.com.co/api/submit.php on line 69
[04-Feb-2025 18:55:27 UTC] PHP Warning:  Undefined array key "cedulaFuncionario" in /home/soluctem/sistema.soluctem.com.co/api/submit.php on line 70
[04-Feb-2025 18:55:27 UTC] PHP Warning:  Undefined array key "cargoFuncionario" in /home/soluctem/sistema.soluctem.com.co/api/submit.php on line 71
[04-Feb-2025 18:55:27 UTC] PHP Warning:  Undefined array key "sapFuncionario" in /home/soluctem/sistema.soluctem.com.co/api/submit.php on line 72
[04-Feb-2025 18:55:27 UTC] PHP Warning:  Undefined array key "timestamp" in /home/soluctem/sistema.soluctem.com.co/api/submit.php on line 73
[04-Feb-2025 18:55:27 UTC] PHP Warning:  Undefined array key "asistenciaReparacion" in /home/soluctem/sistema.soluctem.com.co/api/submit.php on line 74
[04-Feb-2025 18:55:27 UTC] PHP Warning:  Undefined array key "asistenciaGarantia" in /home/soluctem/sistema.soluctem.com.co/api/submit.php on line 75
[04-Feb-2025 18:55:27 UTC] PHP Warning:  Undefined array key "asistenciaAjuste" in /home/soluctem/sistema.soluctem.com.co/api/submit.php on line 76
[04-Feb-2025 18:55:27 UTC] PHP Warning:  Undefined array key "asistenciaModificacion" in /home/soluctem/sistema.soluctem.com.co/api/submit.php on line 77
[04-Feb-2025 18:55:27 UTC] PHP Warning:  Undefined array key "asistenciaServicio" in /home/soluctem/sistema.soluctem.com.co/api/submit.php on line 78
[04-Feb-2025 18:55:27 UTC] PHP Warning:  Undefined array key "asistenciaMejora" in /home/soluctem/sistema.soluctem.com.co/api/submit.php on line 79
[04-Feb-2025 18:55:27 UTC] PHP Warning:  Undefined array key "asistenciaCombinacion" in /home/soluctem/sistema.soluctem.com.co/api/submit.php on line 80
[04-Feb-2025 18:55:27 UTC] PHP Warning:  Undefined array key "fallaOperacion" in /home/soluctem/sistema.soluctem.com.co/api/submit.php on line 81
[04-Feb-2025 18:55:27 UTC] PHP Warning:  Undefined array key "fallaMecanica" in /home/soluctem/sistema.soluctem.com.co/api/submit.php on line 82
[04-Feb-2025 18:55:27 UTC] PHP Warning:  Undefined array key "fallaElectrica" in /home/soluctem/sistema.soluctem.com.co/api/submit.php on line 83
[04-Feb-2025 18:55:27 UTC] PHP Warning:  Undefined array key "fallaTerceros" in /home/soluctem/sistema.soluctem.com.co/api/submit.php on line 84
[04-Feb-2025 18:55:27 UTC] PHP Warning:  Undefined array key "fallaFabricacion" in /home/soluctem/sistema.soluctem.com.co/api/submit.php on line 85
[04-Feb-2025 18:55:27 UTC] PHP Warning:  Undefined array key "firma_digital_cliente" in /home/soluctem/sistema.soluctem.com.co/api/submit.php on line 86
[04-Feb-2025 18:55:27 UTC] PHP Warning:  Undefined array key "firma_digital_tecnico" in /home/soluctem/sistema.soluctem.com.co/api/submit.php on line 87
[05-Feb-2025 03:09:35 UTC] PHP Warning:  Undefined array key "nombreSolicitante" in /home/soluctem/sistema.soluctem.com.co/api/submit.php on line 28
[05-Feb-2025 03:09:35 UTC] PHP Warning:  Undefined array key "cargo" in /home/soluctem/sistema.soluctem.com.co/api/submit.php on line 29
[05-Feb-2025 03:09:35 UTC] PHP Warning:  Undefined array key "nombreTienda" in /home/soluctem/sistema.soluctem.com.co/api/submit.php on line 30
[05-Feb-2025 03:09:35 UTC] PHP Warning:  Undefined array key "numeroTienda" in /home/soluctem/sistema.soluctem.com.co/api/submit.php on line 31
[05-Feb-2025 03:09:35 UTC] PHP Warning:  Undefined array key "numeroTicket" in /home/soluctem/sistema.soluctem.com.co/api/submit.php on line 32
[05-Feb-2025 03:09:35 UTC] PHP Warning:  Undefined array key "fecha" in /home/soluctem/sistema.soluctem.com.co/api/submit.php on line 33
[05-Feb-2025 03:09:35 UTC] PHP Warning:  Undefined array key "municipio" in /home/soluctem/sistema.soluctem.com.co/api/submit.php on line 34
[05-Feb-2025 03:09:35 UTC] PHP Warning:  Undefined array key "departamento" in /home/soluctem/sistema.soluctem.com.co/api/submit.php on line 35
[05-Feb-2025 03:09:35 UTC] PHP Warning:  Undefined array key "nombreEquipo" in /home/soluctem/sistema.soluctem.com.co/api/submit.php on line 36
[05-Feb-2025 03:09:35 UTC] PHP Warning:  Undefined array key "marca" in /home/soluctem/sistema.soluctem.com.co/api/submit.php on line 37
[05-Feb-2025 03:09:35 UTC] PHP Warning:  Undefined array key "serial" in /home/soluctem/sistema.soluctem.com.co/api/submit.php on line 38
[05-Feb-2025 03:09:35 UTC] PHP Warning:  Undefined array key "descripcionFalla" in /home/soluctem/sistema.soluctem.com.co/api/submit.php on line 39
[05-Feb-2025 03:09:35 UTC] PHP Warning:  Undefined array key "diagnosticoTecnico" in /home/soluctem/sistema.soluctem.com.co/api/submit.php on line 40
[05-Feb-2025 03:09:35 UTC] PHP Warning:  Undefined array key "repuestosCambiados" in /home/soluctem/sistema.soluctem.com.co/api/submit.php on line 41
[05-Feb-2025 03:09:35 UTC] PHP Warning:  Undefined array key "observaciones" in /home/soluctem/sistema.soluctem.com.co/api/submit.php on line 42
[05-Feb-2025 03:09:35 UTC] PHP Warning:  Undefined array key "seguridadRiesgoAccidentalidad" in /home/soluctem/sistema.soluctem.com.co/api/submit.php on line 43
[05-Feb-2025 03:09:35 UTC] PHP Warning:  Undefined array key "seguridadRiesgoEquipo" in /home/soluctem/sistema.soluctem.com.co/api/submit.php on line 44
[05-Feb-2025 03:09:35 UTC] PHP Warning:  Undefined array key "funcionamientoFallaSolucionada" in /home/soluctem/sistema.soluctem.com.co/api/submit.php on line 45
[05-Feb-2025 03:09:35 UTC] PHP Warning:  Undefined array key "funcionamientoPasosNormales" in /home/soluctem/sistema.soluctem.com.co/api/submit.php on line 46
[05-Feb-2025 03:09:35 UTC] PHP Warning:  Undefined array key "calidadTrabajo" in /home/soluctem/sistema.soluctem.com.co/api/submit.php on line 47
[05-Feb-2025 03:09:35 UTC] PHP Warning:  Undefined array key "limpiezaOrganizacionArmado" in /home/soluctem/sistema.soluctem.com.co/api/submit.php on line 48
[05-Feb-2025 03:09:35 UTC] PHP Warning:  Undefined array key "limpiezaOrganizacionAseado" in /home/soluctem/sistema.soluctem.com.co/api/submit.php on line 49
[05-Feb-2025 03:09:35 UTC] PHP Warning:  Undefined array key "capacitacionCausa" in /home/soluctem/sistema.soluctem.com.co/api/submit.php on line 50
[05-Feb-2025 03:09:35 UTC] PHP Warning:  Undefined array key "capacitacionPrevencion" in /home/soluctem/sistema.soluctem.com.co/api/submit.php on line 51
[05-Feb-2025 03:09:35 UTC] PHP Warning:  Undefined array key "capacitacionAccion" in /home/soluctem/sistema.soluctem.com.co/api/submit.php on line 52
[05-Feb-2025 03:09:35 UTC] PHP Warning:  Undefined array key "contratista1" in /home/soluctem/sistema.soluctem.com.co/api/submit.php on line 53
[05-Feb-2025 03:09:35 UTC] PHP Warning:  Undefined array key "cedula1" in /home/soluctem/sistema.soluctem.com.co/api/submit.php on line 54
[05-Feb-2025 03:09:35 UTC] PHP Warning:  Undefined array key "horaEntrada1" in /home/soluctem/sistema.soluctem.com.co/api/submit.php on line 55
[05-Feb-2025 03:09:35 UTC] PHP Warning:  Undefined array key "horaSalida1" in /home/soluctem/sistema.soluctem.com.co/api/submit.php on line 56
[05-Feb-2025 03:09:35 UTC] PHP Warning:  Undefined array key "contratista2" in /home/soluctem/sistema.soluctem.com.co/api/submit.php on line 57
[05-Feb-2025 03:09:35 UTC] PHP Warning:  Undefined array key "cedula2" in /home/soluctem/sistema.soluctem.com.co/api/submit.php on line 58
[05-Feb-2025 03:09:35 UTC] PHP Warning:  Undefined array key "horaEntrada2" in /home/soluctem/sistema.soluctem.com.co/api/submit.php on line 59
[05-Feb-2025 03:09:35 UTC] PHP Warning:  Undefined array key "horaSalida2" in /home/soluctem/sistema.soluctem.com.co/api/submit.php on line 60
[05-Feb-2025 03:09:35 UTC] PHP Warning:  Undefined array key "contratista3" in /home/soluctem/sistema.soluctem.com.co/api/submit.php on line 61
[05-Feb-2025 03:09:35 UTC] PHP Warning:  Undefined array key "cedula3" in /home/soluctem/sistema.soluctem.com.co/api/submit.php on line 62
[05-Feb-2025 03:09:35 UTC] PHP Warning:  Undefined array key "horaEntrada3" in /home/soluctem/sistema.soluctem.com.co/api/submit.php on line 63
[05-Feb-2025 03:09:35 UTC] PHP Warning:  Undefined array key "horaSalida3" in /home/soluctem/sistema.soluctem.com.co/api/submit.php on line 64
[05-Feb-2025 03:09:35 UTC] PHP Warning:  Undefined array key "contratista4" in /home/soluctem/sistema.soluctem.com.co/api/submit.php on line 65
[05-Feb-2025 03:09:35 UTC] PHP Warning:  Undefined array key "cedula4" in /home/soluctem/sistema.soluctem.com.co/api/submit.php on line 66
[05-Feb-2025 03:09:35 UTC] PHP Warning:  Undefined array key "horaEntrada4" in /home/soluctem/sistema.soluctem.com.co/api/submit.php on line 67
[05-Feb-2025 03:09:35 UTC] PHP Warning:  Undefined array key "horaSalida4" in /home/soluctem/sistema.soluctem.com.co/api/submit.php on line 68
[05-Feb-2025 03:09:35 UTC] PHP Warning:  Undefined array key "nombreFuncionario" in /home/soluctem/sistema.soluctem.com.co/api/submit.php on line 69
[05-Feb-2025 03:09:35 UTC] PHP Warning:  Undefined array key "cedulaFuncionario" in /home/soluctem/sistema.soluctem.com.co/api/submit.php on line 70
[05-Feb-2025 03:09:35 UTC] PHP Warning:  Undefined array key "cargoFuncionario" in /home/soluctem/sistema.soluctem.com.co/api/submit.php on line 71
[05-Feb-2025 03:09:35 UTC] PHP Warning:  Undefined array key "sapFuncionario" in /home/soluctem/sistema.soluctem.com.co/api/submit.php on line 72
[05-Feb-2025 03:09:35 UTC] PHP Warning:  Undefined array key "timestamp" in /home/soluctem/sistema.soluctem.com.co/api/submit.php on line 73
[05-Feb-2025 03:09:35 UTC] PHP Warning:  Undefined array key "asistenciaReparacion" in /home/soluctem/sistema.soluctem.com.co/api/submit.php on line 74
[05-Feb-2025 03:09:35 UTC] PHP Warning:  Undefined array key "asistenciaGarantia" in /home/soluctem/sistema.soluctem.com.co/api/submit.php on line 75
[05-Feb-2025 03:09:35 UTC] PHP Warning:  Undefined array key "asistenciaAjuste" in /home/soluctem/sistema.soluctem.com.co/api/submit.php on line 76
[05-Feb-2025 03:09:35 UTC] PHP Warning:  Undefined array key "asistenciaModificacion" in /home/soluctem/sistema.soluctem.com.co/api/submit.php on line 77
[05-Feb-2025 03:09:35 UTC] PHP Warning:  Undefined array key "asistenciaServicio" in /home/soluctem/sistema.soluctem.com.co/api/submit.php on line 78
[05-Feb-2025 03:09:35 UTC] PHP Warning:  Undefined array key "asistenciaMejora" in /home/soluctem/sistema.soluctem.com.co/api/submit.php on line 79
[05-Feb-2025 03:09:35 UTC] PHP Warning:  Undefined array key "asistenciaCombinacion" in /home/soluctem/sistema.soluctem.com.co/api/submit.php on line 80
[05-Feb-2025 03:09:35 UTC] PHP Warning:  Undefined array key "fallaOperacion" in /home/soluctem/sistema.soluctem.com.co/api/submit.php on line 81
[05-Feb-2025 03:09:35 UTC] PHP Warning:  Undefined array key "fallaMecanica" in /home/soluctem/sistema.soluctem.com.co/api/submit.php on line 82
[05-Feb-2025 03:09:35 UTC] PHP Warning:  Undefined array key "fallaElectrica" in /home/soluctem/sistema.soluctem.com.co/api/submit.php on line 83
[05-Feb-2025 03:09:35 UTC] PHP Warning:  Undefined array key "fallaTerceros" in /home/soluctem/sistema.soluctem.com.co/api/submit.php on line 84
[05-Feb-2025 03:09:35 UTC] PHP Warning:  Undefined array key "fallaFabricacion" in /home/soluctem/sistema.soluctem.com.co/api/submit.php on line 85
[05-Feb-2025 03:09:35 UTC] PHP Warning:  Undefined array key "firma_digital_cliente" in /home/soluctem/sistema.soluctem.com.co/api/submit.php on line 86
[05-Feb-2025 03:09:35 UTC] PHP Warning:  Undefined array key "firma_digital_tecnico" in /home/soluctem/sistema.soluctem.com.co/api/submit.php on line 87
[05-Feb-2025 03:25:36 UTC] PHP Warning:  Undefined array key "nombreSolicitante" in /home/soluctem/sistema.soluctem.com.co/api/submit.php on line 28
[05-Feb-2025 03:25:36 UTC] PHP Warning:  Undefined array key "cargo" in /home/soluctem/sistema.soluctem.com.co/api/submit.php on line 29
[05-Feb-2025 03:25:36 UTC] PHP Warning:  Undefined array key "nombreTienda" in /home/soluctem/sistema.soluctem.com.co/api/submit.php on line 30
[05-Feb-2025 03:25:36 UTC] PHP Warning:  Undefined array key "numeroTienda" in /home/soluctem/sistema.soluctem.com.co/api/submit.php on line 31
[05-Feb-2025 03:25:36 UTC] PHP Warning:  Undefined array key "numeroTicket" in /home/soluctem/sistema.soluctem.com.co/api/submit.php on line 32
[05-Feb-2025 03:25:36 UTC] PHP Warning:  Undefined array key "fecha" in /home/soluctem/sistema.soluctem.com.co/api/submit.php on line 33
[05-Feb-2025 03:25:36 UTC] PHP Warning:  Undefined array key "municipio" in /home/soluctem/sistema.soluctem.com.co/api/submit.php on line 34
[05-Feb-2025 03:25:36 UTC] PHP Warning:  Undefined array key "departamento" in /home/soluctem/sistema.soluctem.com.co/api/submit.php on line 35
[05-Feb-2025 03:25:36 UTC] PHP Warning:  Undefined array key "nombreEquipo" in /home/soluctem/sistema.soluctem.com.co/api/submit.php on line 36
[05-Feb-2025 03:25:36 UTC] PHP Warning:  Undefined array key "marca" in /home/soluctem/sistema.soluctem.com.co/api/submit.php on line 37
[05-Feb-2025 03:25:36 UTC] PHP Warning:  Undefined array key "serial" in /home/soluctem/sistema.soluctem.com.co/api/submit.php on line 38
[05-Feb-2025 03:25:36 UTC] PHP Warning:  Undefined array key "descripcionFalla" in /home/soluctem/sistema.soluctem.com.co/api/submit.php on line 39
[05-Feb-2025 03:25:36 UTC] PHP Warning:  Undefined array key "diagnosticoTecnico" in /home/soluctem/sistema.soluctem.com.co/api/submit.php on line 40
[05-Feb-2025 03:25:36 UTC] PHP Warning:  Undefined array key "repuestosCambiados" in /home/soluctem/sistema.soluctem.com.co/api/submit.php on line 41
[05-Feb-2025 03:25:36 UTC] PHP Warning:  Undefined array key "observaciones" in /home/soluctem/sistema.soluctem.com.co/api/submit.php on line 42
[05-Feb-2025 03:25:36 UTC] PHP Warning:  Undefined array key "seguridadRiesgoAccidentalidad" in /home/soluctem/sistema.soluctem.com.co/api/submit.php on line 43
[05-Feb-2025 03:25:36 UTC] PHP Warning:  Undefined array key "seguridadRiesgoEquipo" in /home/soluctem/sistema.soluctem.com.co/api/submit.php on line 44
[05-Feb-2025 03:25:36 UTC] PHP Warning:  Undefined array key "funcionamientoFallaSolucionada" in /home/soluctem/sistema.soluctem.com.co/api/submit.php on line 45
[05-Feb-2025 03:25:36 UTC] PHP Warning:  Undefined array key "funcionamientoPasosNormales" in /home/soluctem/sistema.soluctem.com.co/api/submit.php on line 46
[05-Feb-2025 03:25:36 UTC] PHP Warning:  Undefined array key "calidadTrabajo" in /home/soluctem/sistema.soluctem.com.co/api/submit.php on line 47
[05-Feb-2025 03:25:36 UTC] PHP Warning:  Undefined array key "limpiezaOrganizacionArmado" in /home/soluctem/sistema.soluctem.com.co/api/submit.php on line 48
[05-Feb-2025 03:25:36 UTC] PHP Warning:  Undefined array key "limpiezaOrganizacionAseado" in /home/soluctem/sistema.soluctem.com.co/api/submit.php on line 49
[05-Feb-2025 03:25:36 UTC] PHP Warning:  Undefined array key "capacitacionCausa" in /home/soluctem/sistema.soluctem.com.co/api/submit.php on line 50
[05-Feb-2025 03:25:36 UTC] PHP Warning:  Undefined array key "capacitacionPrevencion" in /home/soluctem/sistema.soluctem.com.co/api/submit.php on line 51
[05-Feb-2025 03:25:36 UTC] PHP Warning:  Undefined array key "capacitacionAccion" in /home/soluctem/sistema.soluctem.com.co/api/submit.php on line 52
[05-Feb-2025 03:25:36 UTC] PHP Warning:  Undefined array key "contratista1" in /home/soluctem/sistema.soluctem.com.co/api/submit.php on line 53
[05-Feb-2025 03:25:36 UTC] PHP Warning:  Undefined array key "cedula1" in /home/soluctem/sistema.soluctem.com.co/api/submit.php on line 54
[05-Feb-2025 03:25:36 UTC] PHP Warning:  Undefined array key "horaEntrada1" in /home/soluctem/sistema.soluctem.com.co/api/submit.php on line 55
[05-Feb-2025 03:25:36 UTC] PHP Warning:  Undefined array key "horaSalida1" in /home/soluctem/sistema.soluctem.com.co/api/submit.php on line 56
[05-Feb-2025 03:25:36 UTC] PHP Warning:  Undefined array key "contratista2" in /home/soluctem/sistema.soluctem.com.co/api/submit.php on line 57
[05-Feb-2025 03:25:36 UTC] PHP Warning:  Undefined array key "cedula2" in /home/soluctem/sistema.soluctem.com.co/api/submit.php on line 58
[05-Feb-2025 03:25:36 UTC] PHP Warning:  Undefined array key "horaEntrada2" in /home/soluctem/sistema.soluctem.com.co/api/submit.php on line 59
[05-Feb-2025 03:25:36 UTC] PHP Warning:  Undefined array key "horaSalida2" in /home/soluctem/sistema.soluctem.com.co/api/submit.php on line 60
[05-Feb-2025 03:25:36 UTC] PHP Warning:  Undefined array key "contratista3" in /home/soluctem/sistema.soluctem.com.co/api/submit.php on line 61
[05-Feb-2025 03:25:36 UTC] PHP Warning:  Undefined array key "cedula3" in /home/soluctem/sistema.soluctem.com.co/api/submit.php on line 62
[05-Feb-2025 03:25:36 UTC] PHP Warning:  Undefined array key "horaEntrada3" in /home/soluctem/sistema.soluctem.com.co/api/submit.php on line 63
[05-Feb-2025 03:25:36 UTC] PHP Warning:  Undefined array key "horaSalida3" in /home/soluctem/sistema.soluctem.com.co/api/submit.php on line 64
[05-Feb-2025 03:25:36 UTC] PHP Warning:  Undefined array key "contratista4" in /home/soluctem/sistema.soluctem.com.co/api/submit.php on line 65
[05-Feb-2025 03:25:36 UTC] PHP Warning:  Undefined array key "cedula4" in /home/soluctem/sistema.soluctem.com.co/api/submit.php on line 66
[05-Feb-2025 03:25:36 UTC] PHP Warning:  Undefined array key "horaEntrada4" in /home/soluctem/sistema.soluctem.com.co/api/submit.php on line 67
[05-Feb-2025 03:25:36 UTC] PHP Warning:  Undefined array key "horaSalida4" in /home/soluctem/sistema.soluctem.com.co/api/submit.php on line 68
[05-Feb-2025 03:25:36 UTC] PHP Warning:  Undefined array key "nombreFuncionario" in /home/soluctem/sistema.soluctem.com.co/api/submit.php on line 69
[05-Feb-2025 03:25:36 UTC] PHP Warning:  Undefined array key "cedulaFuncionario" in /home/soluctem/sistema.soluctem.com.co/api/submit.php on line 70
[05-Feb-2025 03:25:36 UTC] PHP Warning:  Undefined array key "cargoFuncionario" in /home/soluctem/sistema.soluctem.com.co/api/submit.php on line 71
[05-Feb-2025 03:25:36 UTC] PHP Warning:  Undefined array key "sapFuncionario" in /home/soluctem/sistema.soluctem.com.co/api/submit.php on line 72
[05-Feb-2025 03:25:36 UTC] PHP Warning:  Undefined array key "timestamp" in /home/soluctem/sistema.soluctem.com.co/api/submit.php on line 73
[05-Feb-2025 03:25:36 UTC] PHP Warning:  Undefined array key "asistenciaReparacion" in /home/soluctem/sistema.soluctem.com.co/api/submit.php on line 74
[05-Feb-2025 03:25:36 UTC] PHP Warning:  Undefined array key "asistenciaGarantia" in /home/soluctem/sistema.soluctem.com.co/api/submit.php on line 75
[05-Feb-2025 03:25:36 UTC] PHP Warning:  Undefined array key "asistenciaAjuste" in /home/soluctem/sistema.soluctem.com.co/api/submit.php on line 76
[05-Feb-2025 03:25:36 UTC] PHP Warning:  Undefined array key "asistenciaModificacion" in /home/soluctem/sistema.soluctem.com.co/api/submit.php on line 77
[05-Feb-2025 03:25:36 UTC] PHP Warning:  Undefined array key "asistenciaServicio" in /home/soluctem/sistema.soluctem.com.co/api/submit.php on line 78
[05-Feb-2025 03:25:36 UTC] PHP Warning:  Undefined array key "asistenciaMejora" in /home/soluctem/sistema.soluctem.com.co/api/submit.php on line 79
[05-Feb-2025 03:25:36 UTC] PHP Warning:  Undefined array key "asistenciaCombinacion" in /home/soluctem/sistema.soluctem.com.co/api/submit.php on line 80
[05-Feb-2025 03:25:36 UTC] PHP Warning:  Undefined array key "fallaOperacion" in /home/soluctem/sistema.soluctem.com.co/api/submit.php on line 81
[05-Feb-2025 03:25:36 UTC] PHP Warning:  Undefined array key "fallaMecanica" in /home/soluctem/sistema.soluctem.com.co/api/submit.php on line 82
[05-Feb-2025 03:25:36 UTC] PHP Warning:  Undefined array key "fallaElectrica" in /home/soluctem/sistema.soluctem.com.co/api/submit.php on line 83
[05-Feb-2025 03:25:36 UTC] PHP Warning:  Undefined array key "fallaTerceros" in /home/soluctem/sistema.soluctem.com.co/api/submit.php on line 84
[05-Feb-2025 03:25:36 UTC] PHP Warning:  Undefined array key "fallaFabricacion" in /home/soluctem/sistema.soluctem.com.co/api/submit.php on line 85
[05-Feb-2025 03:25:36 UTC] PHP Warning:  Undefined array key "firma_digital_cliente" in /home/soluctem/sistema.soluctem.com.co/api/submit.php on line 86
[05-Feb-2025 03:25:36 UTC] PHP Warning:  Undefined array key "firma_digital_tecnico" in /home/soluctem/sistema.soluctem.com.co/api/submit.php on line 87
[05-Feb-2025 03:42:37 UTC] PHP Warning:  Undefined array key "nombreSolicitante" in /home/soluctem/sistema.soluctem.com.co/api/submit.php on line 28
[05-Feb-2025 03:42:37 UTC] PHP Warning:  Undefined array key "cargo" in /home/soluctem/sistema.soluctem.com.co/api/submit.php on line 29
[05-Feb-2025 03:42:37 UTC] PHP Warning:  Undefined array key "nombreTienda" in /home/soluctem/sistema.soluctem.com.co/api/submit.php on line 30
[05-Feb-2025 03:42:37 UTC] PHP Warning:  Undefined array key "numeroTienda" in /home/soluctem/sistema.soluctem.com.co/api/submit.php on line 31
[05-Feb-2025 03:42:37 UTC] PHP Warning:  Undefined array key "numeroTicket" in /home/soluctem/sistema.soluctem.com.co/api/submit.php on line 32
[05-Feb-2025 03:42:37 UTC] PHP Warning:  Undefined array key "fecha" in /home/soluctem/sistema.soluctem.com.co/api/submit.php on line 33
[05-Feb-2025 03:42:37 UTC] PHP Warning:  Undefined array key "municipio" in /home/soluctem/sistema.soluctem.com.co/api/submit.php on line 34
[05-Feb-2025 03:42:37 UTC] PHP Warning:  Undefined array key "departamento" in /home/soluctem/sistema.soluctem.com.co/api/submit.php on line 35
[05-Feb-2025 03:42:37 UTC] PHP Warning:  Undefined array key "nombreEquipo" in /home/soluctem/sistema.soluctem.com.co/api/submit.php on line 36
[05-Feb-2025 03:42:37 UTC] PHP Warning:  Undefined array key "marca" in /home/soluctem/sistema.soluctem.com.co/api/submit.php on line 37
[05-Feb-2025 03:42:37 UTC] PHP Warning:  Undefined array key "serial" in /home/soluctem/sistema.soluctem.com.co/api/submit.php on line 38
[05-Feb-2025 03:42:37 UTC] PHP Warning:  Undefined array key "descripcionFalla" in /home/soluctem/sistema.soluctem.com.co/api/submit.php on line 39
[05-Feb-2025 03:42:37 UTC] PHP Warning:  Undefined array key "diagnosticoTecnico" in /home/soluctem/sistema.soluctem.com.co/api/submit.php on line 40
[05-Feb-2025 03:42:37 UTC] PHP Warning:  Undefined array key "repuestosCambiados" in /home/soluctem/sistema.soluctem.com.co/api/submit.php on line 41
[05-Feb-2025 03:42:37 UTC] PHP Warning:  Undefined array key "observaciones" in /home/soluctem/sistema.soluctem.com.co/api/submit.php on line 42
[05-Feb-2025 03:42:37 UTC] PHP Warning:  Undefined array key "seguridadRiesgoAccidentalidad" in /home/soluctem/sistema.soluctem.com.co/api/submit.php on line 43
[05-Feb-2025 03:42:37 UTC] PHP Warning:  Undefined array key "seguridadRiesgoEquipo" in /home/soluctem/sistema.soluctem.com.co/api/submit.php on line 44
[05-Feb-2025 03:42:37 UTC] PHP Warning:  Undefined array key "funcionamientoFallaSolucionada" in /home/soluctem/sistema.soluctem.com.co/api/submit.php on line 45
[05-Feb-2025 03:42:37 UTC] PHP Warning:  Undefined array key "funcionamientoPasosNormales" in /home/soluctem/sistema.soluctem.com.co/api/submit.php on line 46
[05-Feb-2025 03:42:37 UTC] PHP Warning:  Undefined array key "calidadTrabajo" in /home/soluctem/sistema.soluctem.com.co/api/submit.php on line 47
[05-Feb-2025 03:42:37 UTC] PHP Warning:  Undefined array key "limpiezaOrganizacionArmado" in /home/soluctem/sistema.soluctem.com.co/api/submit.php on line 48
[05-Feb-2025 03:42:37 UTC] PHP Warning:  Undefined array key "limpiezaOrganizacionAseado" in /home/soluctem/sistema.soluctem.com.co/api/submit.php on line 49
[05-Feb-2025 03:42:37 UTC] PHP Warning:  Undefined array key "capacitacionCausa" in /home/soluctem/sistema.soluctem.com.co/api/submit.php on line 50
[05-Feb-2025 03:42:37 UTC] PHP Warning:  Undefined array key "capacitacionPrevencion" in /home/soluctem/sistema.soluctem.com.co/api/submit.php on line 51
[05-Feb-2025 03:42:37 UTC] PHP Warning:  Undefined array key "capacitacionAccion" in /home/soluctem/sistema.soluctem.com.co/api/submit.php on line 52
[05-Feb-2025 03:42:37 UTC] PHP Warning:  Undefined array key "contratista1" in /home/soluctem/sistema.soluctem.com.co/api/submit.php on line 53
[05-Feb-2025 03:42:37 UTC] PHP Warning:  Undefined array key "cedula1" in /home/soluctem/sistema.soluctem.com.co/api/submit.php on line 54
[05-Feb-2025 03:42:37 UTC] PHP Warning:  Undefined array key "horaEntrada1" in /home/soluctem/sistema.soluctem.com.co/api/submit.php on line 55
[05-Feb-2025 03:42:37 UTC] PHP Warning:  Undefined array key "horaSalida1" in /home/soluctem/sistema.soluctem.com.co/api/submit.php on line 56
[05-Feb-2025 03:42:37 UTC] PHP Warning:  Undefined array key "contratista2" in /home/soluctem/sistema.soluctem.com.co/api/submit.php on line 57
[05-Feb-2025 03:42:37 UTC] PHP Warning:  Undefined array key "cedula2" in /home/soluctem/sistema.soluctem.com.co/api/submit.php on line 58
[05-Feb-2025 03:42:37 UTC] PHP Warning:  Undefined array key "horaEntrada2" in /home/soluctem/sistema.soluctem.com.co/api/submit.php on line 59
[05-Feb-2025 03:42:37 UTC] PHP Warning:  Undefined array key "horaSalida2" in /home/soluctem/sistema.soluctem.com.co/api/submit.php on line 60
[05-Feb-2025 03:42:37 UTC] PHP Warning:  Undefined array key "contratista3" in /home/soluctem/sistema.soluctem.com.co/api/submit.php on line 61
[05-Feb-2025 03:42:37 UTC] PHP Warning:  Undefined array key "cedula3" in /home/soluctem/sistema.soluctem.com.co/api/submit.php on line 62
[05-Feb-2025 03:42:37 UTC] PHP Warning:  Undefined array key "horaEntrada3" in /home/soluctem/sistema.soluctem.com.co/api/submit.php on line 63
[05-Feb-2025 03:42:37 UTC] PHP Warning:  Undefined array key "horaSalida3" in /home/soluctem/sistema.soluctem.com.co/api/submit.php on line 64
[05-Feb-2025 03:42:37 UTC] PHP Warning:  Undefined array key "contratista4" in /home/soluctem/sistema.soluctem.com.co/api/submit.php on line 65
[05-Feb-2025 03:42:37 UTC] PHP Warning:  Undefined array key "cedula4" in /home/soluctem/sistema.soluctem.com.co/api/submit.php on line 66
[05-Feb-2025 03:42:37 UTC] PHP Warning:  Undefined array key "horaEntrada4" in /home/soluctem/sistema.soluctem.com.co/api/submit.php on line 67
[05-Feb-2025 03:42:37 UTC] PHP Warning:  Undefined array key "horaSalida4" in /home/soluctem/sistema.soluctem.com.co/api/submit.php on line 68
[05-Feb-2025 03:42:37 UTC] PHP Warning:  Undefined array key "nombreFuncionario" in /home/soluctem/sistema.soluctem.com.co/api/submit.php on line 69
[05-Feb-2025 03:42:37 UTC] PHP Warning:  Undefined array key "cedulaFuncionario" in /home/soluctem/sistema.soluctem.com.co/api/submit.php on line 70
[05-Feb-2025 03:42:37 UTC] PHP Warning:  Undefined array key "cargoFuncionario" in /home/soluctem/sistema.soluctem.com.co/api/submit.php on line 71
[05-Feb-2025 03:42:37 UTC] PHP Warning:  Undefined array key "sapFuncionario" in /home/soluctem/sistema.soluctem.com.co/api/submit.php on line 72
[05-Feb-2025 03:42:37 UTC] PHP Warning:  Undefined array key "timestamp" in /home/soluctem/sistema.soluctem.com.co/api/submit.php on line 73
[05-Feb-2025 03:42:37 UTC] PHP Warning:  Undefined array key "asistenciaReparacion" in /home/soluctem/sistema.soluctem.com.co/api/submit.php on line 74
[05-Feb-2025 03:42:37 UTC] PHP Warning:  Undefined array key "asistenciaGarantia" in /home/soluctem/sistema.soluctem.com.co/api/submit.php on line 75
[05-Feb-2025 03:42:37 UTC] PHP Warning:  Undefined array key "asistenciaAjuste" in /home/soluctem/sistema.soluctem.com.co/api/submit.php on line 76
[05-Feb-2025 03:42:37 UTC] PHP Warning:  Undefined array key "asistenciaModificacion" in /home/soluctem/sistema.soluctem.com.co/api/submit.php on line 77
[05-Feb-2025 03:42:37 UTC] PHP Warning:  Undefined array key "asistenciaServicio" in /home/soluctem/sistema.soluctem.com.co/api/submit.php on line 78
[05-Feb-2025 03:42:37 UTC] PHP Warning:  Undefined array key "asistenciaMejora" in /home/soluctem/sistema.soluctem.com.co/api/submit.php on line 79
[05-Feb-2025 03:42:37 UTC] PHP Warning:  Undefined array key "asistenciaCombinacion" in /home/soluctem/sistema.soluctem.com.co/api/submit.php on line 80
[05-Feb-2025 03:42:37 UTC] PHP Warning:  Undefined array key "fallaOperacion" in /home/soluctem/sistema.soluctem.com.co/api/submit.php on line 81
[05-Feb-2025 03:42:37 UTC] PHP Warning:  Undefined array key "fallaMecanica" in /home/soluctem/sistema.soluctem.com.co/api/submit.php on line 82
[05-Feb-2025 03:42:37 UTC] PHP Warning:  Undefined array key "fallaElectrica" in /home/soluctem/sistema.soluctem.com.co/api/submit.php on line 83
[05-Feb-2025 03:42:37 UTC] PHP Warning:  Undefined array key "fallaTerceros" in /home/soluctem/sistema.soluctem.com.co/api/submit.php on line 84
[05-Feb-2025 03:42:37 UTC] PHP Warning:  Undefined array key "fallaFabricacion" in /home/soluctem/sistema.soluctem.com.co/api/submit.php on line 85
[05-Feb-2025 03:42:37 UTC] PHP Warning:  Undefined array key "firma_digital_cliente" in /home/soluctem/sistema.soluctem.com.co/api/submit.php on line 86
[05-Feb-2025 03:42:37 UTC] PHP Warning:  Undefined array key "firma_digital_tecnico" in /home/soluctem/sistema.soluctem.com.co/api/submit.php on line 87
[05-Feb-2025 03:48:28 UTC] PHP Warning:  Undefined array key "nombreSolicitante" in /home/soluctem/sistema.soluctem.com.co/api/submit.php on line 28
[05-Feb-2025 03:48:28 UTC] PHP Warning:  Undefined array key "cargo" in /home/soluctem/sistema.soluctem.com.co/api/submit.php on line 29
[05-Feb-2025 03:48:28 UTC] PHP Warning:  Undefined array key "nombreTienda" in /home/soluctem/sistema.soluctem.com.co/api/submit.php on line 30
[05-Feb-2025 03:48:28 UTC] PHP Warning:  Undefined array key "numeroTienda" in /home/soluctem/sistema.soluctem.com.co/api/submit.php on line 31
[05-Feb-2025 03:48:28 UTC] PHP Warning:  Undefined array key "numeroTicket" in /home/soluctem/sistema.soluctem.com.co/api/submit.php on line 32
[05-Feb-2025 03:48:28 UTC] PHP Warning:  Undefined array key "fecha" in /home/soluctem/sistema.soluctem.com.co/api/submit.php on line 33
[05-Feb-2025 03:48:28 UTC] PHP Warning:  Undefined array key "municipio" in /home/soluctem/sistema.soluctem.com.co/api/submit.php on line 34
[05-Feb-2025 03:48:28 UTC] PHP Warning:  Undefined array key "departamento" in /home/soluctem/sistema.soluctem.com.co/api/submit.php on line 35
[05-Feb-2025 03:48:28 UTC] PHP Warning:  Undefined array key "nombreEquipo" in /home/soluctem/sistema.soluctem.com.co/api/submit.php on line 36
[05-Feb-2025 03:48:28 UTC] PHP Warning:  Undefined array key "marca" in /home/soluctem/sistema.soluctem.com.co/api/submit.php on line 37
[05-Feb-2025 03:48:28 UTC] PHP Warning:  Undefined array key "serial" in /home/soluctem/sistema.soluctem.com.co/api/submit.php on line 38
[05-Feb-2025 03:48:28 UTC] PHP Warning:  Undefined array key "descripcionFalla" in /home/soluctem/sistema.soluctem.com.co/api/submit.php on line 39
[05-Feb-2025 03:48:28 UTC] PHP Warning:  Undefined array key "diagnosticoTecnico" in /home/soluctem/sistema.soluctem.com.co/api/submit.php on line 40
[05-Feb-2025 03:48:28 UTC] PHP Warning:  Undefined array key "repuestosCambiados" in /home/soluctem/sistema.soluctem.com.co/api/submit.php on line 41
[05-Feb-2025 03:48:28 UTC] PHP Warning:  Undefined array key "observaciones" in /home/soluctem/sistema.soluctem.com.co/api/submit.php on line 42
[05-Feb-2025 03:48:28 UTC] PHP Warning:  Undefined array key "seguridadRiesgoAccidentalidad" in /home/soluctem/sistema.soluctem.com.co/api/submit.php on line 43
[05-Feb-2025 03:48:28 UTC] PHP Warning:  Undefined array key "seguridadRiesgoEquipo" in /home/soluctem/sistema.soluctem.com.co/api/submit.php on line 44
[05-Feb-2025 03:48:28 UTC] PHP Warning:  Undefined array key "funcionamientoFallaSolucionada" in /home/soluctem/sistema.soluctem.com.co/api/submit.php on line 45
[05-Feb-2025 03:48:28 UTC] PHP Warning:  Undefined array key "funcionamientoPasosNormales" in /home/soluctem/sistema.soluctem.com.co/api/submit.php on line 46
[05-Feb-2025 03:48:28 UTC] PHP Warning:  Undefined array key "calidadTrabajo" in /home/soluctem/sistema.soluctem.com.co/api/submit.php on line 47
[05-Feb-2025 03:48:28 UTC] PHP Warning:  Undefined array key "limpiezaOrganizacionArmado" in /home/soluctem/sistema.soluctem.com.co/api/submit.php on line 48
[05-Feb-2025 03:48:28 UTC] PHP Warning:  Undefined array key "limpiezaOrganizacionAseado" in /home/soluctem/sistema.soluctem.com.co/api/submit.php on line 49
[05-Feb-2025 03:48:28 UTC] PHP Warning:  Undefined array key "capacitacionCausa" in /home/soluctem/sistema.soluctem.com.co/api/submit.php on line 50
[05-Feb-2025 03:48:28 UTC] PHP Warning:  Undefined array key "capacitacionPrevencion" in /home/soluctem/sistema.soluctem.com.co/api/submit.php on line 51
[05-Feb-2025 03:48:28 UTC] PHP Warning:  Undefined array key "capacitacionAccion" in /home/soluctem/sistema.soluctem.com.co/api/submit.php on line 52
[05-Feb-2025 03:48:28 UTC] PHP Warning:  Undefined array key "contratista1" in /home/soluctem/sistema.soluctem.com.co/api/submit.php on line 53
[05-Feb-2025 03:48:28 UTC] PHP Warning:  Undefined array key "cedula1" in /home/soluctem/sistema.soluctem.com.co/api/submit.php on line 54
[05-Feb-2025 03:48:28 UTC] PHP Warning:  Undefined array key "horaEntrada1" in /home/soluctem/sistema.soluctem.com.co/api/submit.php on line 55
[05-Feb-2025 03:48:28 UTC] PHP Warning:  Undefined array key "horaSalida1" in /home/soluctem/sistema.soluctem.com.co/api/submit.php on line 56
[05-Feb-2025 03:48:28 UTC] PHP Warning:  Undefined array key "contratista2" in /home/soluctem/sistema.soluctem.com.co/api/submit.php on line 57
[05-Feb-2025 03:48:28 UTC] PHP Warning:  Undefined array key "cedula2" in /home/soluctem/sistema.soluctem.com.co/api/submit.php on line 58
[05-Feb-2025 03:48:28 UTC] PHP Warning:  Undefined array key "horaEntrada2" in /home/soluctem/sistema.soluctem.com.co/api/submit.php on line 59
[05-Feb-2025 03:48:28 UTC] PHP Warning:  Undefined array key "horaSalida2" in /home/soluctem/sistema.soluctem.com.co/api/submit.php on line 60
[05-Feb-2025 03:48:28 UTC] PHP Warning:  Undefined array key "contratista3" in /home/soluctem/sistema.soluctem.com.co/api/submit.php on line 61
[05-Feb-2025 03:48:28 UTC] PHP Warning:  Undefined array key "cedula3" in /home/soluctem/sistema.soluctem.com.co/api/submit.php on line 62
[05-Feb-2025 03:48:28 UTC] PHP Warning:  Undefined array key "horaEntrada3" in /home/soluctem/sistema.soluctem.com.co/api/submit.php on line 63
[05-Feb-2025 03:48:28 UTC] PHP Warning:  Undefined array key "horaSalida3" in /home/soluctem/sistema.soluctem.com.co/api/submit.php on line 64
[05-Feb-2025 03:48:28 UTC] PHP Warning:  Undefined array key "contratista4" in /home/soluctem/sistema.soluctem.com.co/api/submit.php on line 65
[05-Feb-2025 03:48:28 UTC] PHP Warning:  Undefined array key "cedula4" in /home/soluctem/sistema.soluctem.com.co/api/submit.php on line 66
[05-Feb-2025 03:48:28 UTC] PHP Warning:  Undefined array key "horaEntrada4" in /home/soluctem/sistema.soluctem.com.co/api/submit.php on line 67
[05-Feb-2025 03:48:28 UTC] PHP Warning:  Undefined array key "horaSalida4" in /home/soluctem/sistema.soluctem.com.co/api/submit.php on line 68
[05-Feb-2025 03:48:28 UTC] PHP Warning:  Undefined array key "nombreFuncionario" in /home/soluctem/sistema.soluctem.com.co/api/submit.php on line 69
[05-Feb-2025 03:48:28 UTC] PHP Warning:  Undefined array key "cedulaFuncionario" in /home/soluctem/sistema.soluctem.com.co/api/submit.php on line 70
[05-Feb-2025 03:48:28 UTC] PHP Warning:  Undefined array key "cargoFuncionario" in /home/soluctem/sistema.soluctem.com.co/api/submit.php on line 71
[05-Feb-2025 03:48:28 UTC] PHP Warning:  Undefined array key "sapFuncionario" in /home/soluctem/sistema.soluctem.com.co/api/submit.php on line 72
[05-Feb-2025 03:48:28 UTC] PHP Warning:  Undefined array key "timestamp" in /home/soluctem/sistema.soluctem.com.co/api/submit.php on line 73
[05-Feb-2025 03:48:28 UTC] PHP Warning:  Undefined array key "asistenciaReparacion" in /home/soluctem/sistema.soluctem.com.co/api/submit.php on line 74
[05-Feb-2025 03:48:28 UTC] PHP Warning:  Undefined array key "asistenciaGarantia" in /home/soluctem/sistema.soluctem.com.co/api/submit.php on line 75
[05-Feb-2025 03:48:28 UTC] PHP Warning:  Undefined array key "asistenciaAjuste" in /home/soluctem/sistema.soluctem.com.co/api/submit.php on line 76
[05-Feb-2025 03:48:28 UTC] PHP Warning:  Undefined array key "asistenciaModificacion" in /home/soluctem/sistema.soluctem.com.co/api/submit.php on line 77
[05-Feb-2025 03:48:28 UTC] PHP Warning:  Undefined array key "asistenciaServicio" in /home/soluctem/sistema.soluctem.com.co/api/submit.php on line 78
[05-Feb-2025 03:48:28 UTC] PHP Warning:  Undefined array key "asistenciaMejora" in /home/soluctem/sistema.soluctem.com.co/api/submit.php on line 79
[05-Feb-2025 03:48:28 UTC] PHP Warning:  Undefined array key "asistenciaCombinacion" in /home/soluctem/sistema.soluctem.com.co/api/submit.php on line 80
[05-Feb-2025 03:48:28 UTC] PHP Warning:  Undefined array key "fallaOperacion" in /home/soluctem/sistema.soluctem.com.co/api/submit.php on line 81
[05-Feb-2025 03:48:28 UTC] PHP Warning:  Undefined array key "fallaMecanica" in /home/soluctem/sistema.soluctem.com.co/api/submit.php on line 82
[05-Feb-2025 03:48:28 UTC] PHP Warning:  Undefined array key "fallaElectrica" in /home/soluctem/sistema.soluctem.com.co/api/submit.php on line 83
[05-Feb-2025 03:48:28 UTC] PHP Warning:  Undefined array key "fallaTerceros" in /home/soluctem/sistema.soluctem.com.co/api/submit.php on line 84
[05-Feb-2025 03:48:28 UTC] PHP Warning:  Undefined array key "fallaFabricacion" in /home/soluctem/sistema.soluctem.com.co/api/submit.php on line 85
[05-Feb-2025 03:48:28 UTC] PHP Warning:  Undefined array key "firma_digital_cliente" in /home/soluctem/sistema.soluctem.com.co/api/submit.php on line 86
[05-Feb-2025 03:48:28 UTC] PHP Warning:  Undefined array key "firma_digital_tecnico" in /home/soluctem/sistema.soluctem.com.co/api/submit.php on line 87
[05-Feb-2025 04:16:19 UTC] PHP Warning:  Undefined array key "nombreSolicitante" in /home/soluctem/sistema.soluctem.com.co/api/submit.php on line 28
[05-Feb-2025 04:16:19 UTC] PHP Warning:  Undefined array key "cargo" in /home/soluctem/sistema.soluctem.com.co/api/submit.php on line 29
[05-Feb-2025 04:16:19 UTC] PHP Warning:  Undefined array key "nombreTienda" in /home/soluctem/sistema.soluctem.com.co/api/submit.php on line 30
[05-Feb-2025 04:16:19 UTC] PHP Warning:  Undefined array key "numeroTienda" in /home/soluctem/sistema.soluctem.com.co/api/submit.php on line 31
[05-Feb-2025 04:16:19 UTC] PHP Warning:  Undefined array key "numeroTicket" in /home/soluctem/sistema.soluctem.com.co/api/submit.php on line 32
[05-Feb-2025 04:16:19 UTC] PHP Warning:  Undefined array key "fecha" in /home/soluctem/sistema.soluctem.com.co/api/submit.php on line 33
[05-Feb-2025 04:16:19 UTC] PHP Warning:  Undefined array key "municipio" in /home/soluctem/sistema.soluctem.com.co/api/submit.php on line 34
[05-Feb-2025 04:16:19 UTC] PHP Warning:  Undefined array key "departamento" in /home/soluctem/sistema.soluctem.com.co/api/submit.php on line 35
[05-Feb-2025 04:16:19 UTC] PHP Warning:  Undefined array key "nombreEquipo" in /home/soluctem/sistema.soluctem.com.co/api/submit.php on line 36
[05-Feb-2025 04:16:19 UTC] PHP Warning:  Undefined array key "marca" in /home/soluctem/sistema.soluctem.com.co/api/submit.php on line 37
[05-Feb-2025 04:16:19 UTC] PHP Warning:  Undefined array key "serial" in /home/soluctem/sistema.soluctem.com.co/api/submit.php on line 38
[05-Feb-2025 04:16:19 UTC] PHP Warning:  Undefined array key "descripcionFalla" in /home/soluctem/sistema.soluctem.com.co/api/submit.php on line 39
[05-Feb-2025 04:16:19 UTC] PHP Warning:  Undefined array key "diagnosticoTecnico" in /home/soluctem/sistema.soluctem.com.co/api/submit.php on line 40
[05-Feb-2025 04:16:19 UTC] PHP Warning:  Undefined array key "repuestosCambiados" in /home/soluctem/sistema.soluctem.com.co/api/submit.php on line 41
[05-Feb-2025 04:16:19 UTC] PHP Warning:  Undefined array key "observaciones" in /home/soluctem/sistema.soluctem.com.co/api/submit.php on line 42
[05-Feb-2025 04:16:19 UTC] PHP Warning:  Undefined array key "seguridadRiesgoAccidentalidad" in /home/soluctem/sistema.soluctem.com.co/api/submit.php on line 43
[05-Feb-2025 04:16:19 UTC] PHP Warning:  Undefined array key "seguridadRiesgoEquipo" in /home/soluctem/sistema.soluctem.com.co/api/submit.php on line 44
[05-Feb-2025 04:16:19 UTC] PHP Warning:  Undefined array key "funcionamientoFallaSolucionada" in /home/soluctem/sistema.soluctem.com.co/api/submit.php on line 45
[05-Feb-2025 04:16:19 UTC] PHP Warning:  Undefined array key "funcionamientoPasosNormales" in /home/soluctem/sistema.soluctem.com.co/api/submit.php on line 46
[05-Feb-2025 04:16:19 UTC] PHP Warning:  Undefined array key "calidadTrabajo" in /home/soluctem/sistema.soluctem.com.co/api/submit.php on line 47
[05-Feb-2025 04:16:19 UTC] PHP Warning:  Undefined array key "limpiezaOrganizacionArmado" in /home/soluctem/sistema.soluctem.com.co/api/submit.php on line 48
[05-Feb-2025 04:16:19 UTC] PHP Warning:  Undefined array key "limpiezaOrganizacionAseado" in /home/soluctem/sistema.soluctem.com.co/api/submit.php on line 49
[05-Feb-2025 04:16:19 UTC] PHP Warning:  Undefined array key "capacitacionCausa" in /home/soluctem/sistema.soluctem.com.co/api/submit.php on line 50
[05-Feb-2025 04:16:19 UTC] PHP Warning:  Undefined array key "capacitacionPrevencion" in /home/soluctem/sistema.soluctem.com.co/api/submit.php on line 51
[05-Feb-2025 04:16:19 UTC] PHP Warning:  Undefined array key "capacitacionAccion" in /home/soluctem/sistema.soluctem.com.co/api/submit.php on line 52
[05-Feb-2025 04:16:19 UTC] PHP Warning:  Undefined array key "contratista1" in /home/soluctem/sistema.soluctem.com.co/api/submit.php on line 53
[05-Feb-2025 04:16:19 UTC] PHP Warning:  Undefined array key "cedula1" in /home/soluctem/sistema.soluctem.com.co/api/submit.php on line 54
[05-Feb-2025 04:16:19 UTC] PHP Warning:  Undefined array key "horaEntrada1" in /home/soluctem/sistema.soluctem.com.co/api/submit.php on line 55
[05-Feb-2025 04:16:19 UTC] PHP Warning:  Undefined array key "horaSalida1" in /home/soluctem/sistema.soluctem.com.co/api/submit.php on line 56
[05-Feb-2025 04:16:19 UTC] PHP Warning:  Undefined array key "contratista2" in /home/soluctem/sistema.soluctem.com.co/api/submit.php on line 57
[05-Feb-2025 04:16:19 UTC] PHP Warning:  Undefined array key "cedula2" in /home/soluctem/sistema.soluctem.com.co/api/submit.php on line 58
[05-Feb-2025 04:16:19 UTC] PHP Warning:  Undefined array key "horaEntrada2" in /home/soluctem/sistema.soluctem.com.co/api/submit.php on line 59
[05-Feb-2025 04:16:19 UTC] PHP Warning:  Undefined array key "horaSalida2" in /home/soluctem/sistema.soluctem.com.co/api/submit.php on line 60
[05-Feb-2025 04:16:19 UTC] PHP Warning:  Undefined array key "contratista3" in /home/soluctem/sistema.soluctem.com.co/api/submit.php on line 61
[05-Feb-2025 04:16:19 UTC] PHP Warning:  Undefined array key "cedula3" in /home/soluctem/sistema.soluctem.com.co/api/submit.php on line 62
[05-Feb-2025 04:16:19 UTC] PHP Warning:  Undefined array key "horaEntrada3" in /home/soluctem/sistema.soluctem.com.co/api/submit.php on line 63
[05-Feb-2025 04:16:19 UTC] PHP Warning:  Undefined array key "horaSalida3" in /home/soluctem/sistema.soluctem.com.co/api/submit.php on line 64
[05-Feb-2025 04:16:19 UTC] PHP Warning:  Undefined array key "contratista4" in /home/soluctem/sistema.soluctem.com.co/api/submit.php on line 65
[05-Feb-2025 04:16:19 UTC] PHP Warning:  Undefined array key "cedula4" in /home/soluctem/sistema.soluctem.com.co/api/submit.php on line 66
[05-Feb-2025 04:16:19 UTC] PHP Warning:  Undefined array key "horaEntrada4" in /home/soluctem/sistema.soluctem.com.co/api/submit.php on line 67
[05-Feb-2025 04:16:19 UTC] PHP Warning:  Undefined array key "horaSalida4" in /home/soluctem/sistema.soluctem.com.co/api/submit.php on line 68
[05-Feb-2025 04:16:19 UTC] PHP Warning:  Undefined array key "nombreFuncionario" in /home/soluctem/sistema.soluctem.com.co/api/submit.php on line 69
[05-Feb-2025 04:16:19 UTC] PHP Warning:  Undefined array key "cedulaFuncionario" in /home/soluctem/sistema.soluctem.com.co/api/submit.php on line 70
[05-Feb-2025 04:16:19 UTC] PHP Warning:  Undefined array key "cargoFuncionario" in /home/soluctem/sistema.soluctem.com.co/api/submit.php on line 71
[05-Feb-2025 04:16:19 UTC] PHP Warning:  Undefined array key "sapFuncionario" in /home/soluctem/sistema.soluctem.com.co/api/submit.php on line 72
[05-Feb-2025 04:16:19 UTC] PHP Warning:  Undefined array key "timestamp" in /home/soluctem/sistema.soluctem.com.co/api/submit.php on line 73
[05-Feb-2025 04:16:19 UTC] PHP Warning:  Undefined array key "asistenciaReparacion" in /home/soluctem/sistema.soluctem.com.co/api/submit.php on line 74
[05-Feb-2025 04:16:19 UTC] PHP Warning:  Undefined array key "asistenciaGarantia" in /home/soluctem/sistema.soluctem.com.co/api/submit.php on line 75
[05-Feb-2025 04:16:19 UTC] PHP Warning:  Undefined array key "asistenciaAjuste" in /home/soluctem/sistema.soluctem.com.co/api/submit.php on line 76
[05-Feb-2025 04:16:19 UTC] PHP Warning:  Undefined array key "asistenciaModificacion" in /home/soluctem/sistema.soluctem.com.co/api/submit.php on line 77
[05-Feb-2025 04:16:19 UTC] PHP Warning:  Undefined array key "asistenciaServicio" in /home/soluctem/sistema.soluctem.com.co/api/submit.php on line 78
[05-Feb-2025 04:16:19 UTC] PHP Warning:  Undefined array key "asistenciaMejora" in /home/soluctem/sistema.soluctem.com.co/api/submit.php on line 79
[05-Feb-2025 04:16:19 UTC] PHP Warning:  Undefined array key "asistenciaCombinacion" in /home/soluctem/sistema.soluctem.com.co/api/submit.php on line 80
[05-Feb-2025 04:16:19 UTC] PHP Warning:  Undefined array key "fallaOperacion" in /home/soluctem/sistema.soluctem.com.co/api/submit.php on line 81
[05-Feb-2025 04:16:19 UTC] PHP Warning:  Undefined array key "fallaMecanica" in /home/soluctem/sistema.soluctem.com.co/api/submit.php on line 82
[05-Feb-2025 04:16:19 UTC] PHP Warning:  Undefined array key "fallaElectrica" in /home/soluctem/sistema.soluctem.com.co/api/submit.php on line 83
[05-Feb-2025 04:16:19 UTC] PHP Warning:  Undefined array key "fallaTerceros" in /home/soluctem/sistema.soluctem.com.co/api/submit.php on line 84
[05-Feb-2025 04:16:19 UTC] PHP Warning:  Undefined array key "fallaFabricacion" in /home/soluctem/sistema.soluctem.com.co/api/submit.php on line 85
[05-Feb-2025 04:16:19 UTC] PHP Warning:  Undefined array key "firma_digital_cliente" in /home/soluctem/sistema.soluctem.com.co/api/submit.php on line 86
[05-Feb-2025 04:16:19 UTC] PHP Warning:  Undefined array key "firma_digital_tecnico" in /home/soluctem/sistema.soluctem.com.co/api/submit.php on line 87
[05-Feb-2025 15:29:55 UTC] PHP Warning:  Undefined array key "nombreSolicitante" in /home/soluctem/sistema.soluctem.com.co/api/submit.php on line 28
[05-Feb-2025 15:29:55 UTC] PHP Warning:  Undefined array key "cargo" in /home/soluctem/sistema.soluctem.com.co/api/submit.php on line 29
[05-Feb-2025 15:29:55 UTC] PHP Warning:  Undefined array key "nombreTienda" in /home/soluctem/sistema.soluctem.com.co/api/submit.php on line 30
[05-Feb-2025 15:29:55 UTC] PHP Warning:  Undefined array key "numeroTienda" in /home/soluctem/sistema.soluctem.com.co/api/submit.php on line 31
[05-Feb-2025 15:29:55 UTC] PHP Warning:  Undefined array key "numeroTicket" in /home/soluctem/sistema.soluctem.com.co/api/submit.php on line 32
[05-Feb-2025 15:29:55 UTC] PHP Warning:  Undefined array key "fecha" in /home/soluctem/sistema.soluctem.com.co/api/submit.php on line 33
[05-Feb-2025 15:29:55 UTC] PHP Warning:  Undefined array key "municipio" in /home/soluctem/sistema.soluctem.com.co/api/submit.php on line 34
[05-Feb-2025 15:29:55 UTC] PHP Warning:  Undefined array key "departamento" in /home/soluctem/sistema.soluctem.com.co/api/submit.php on line 35
[05-Feb-2025 15:29:55 UTC] PHP Warning:  Undefined array key "nombreEquipo" in /home/soluctem/sistema.soluctem.com.co/api/submit.php on line 36
[05-Feb-2025 15:29:55 UTC] PHP Warning:  Undefined array key "marca" in /home/soluctem/sistema.soluctem.com.co/api/submit.php on line 37
[05-Feb-2025 15:29:55 UTC] PHP Warning:  Undefined array key "serial" in /home/soluctem/sistema.soluctem.com.co/api/submit.php on line 38
[05-Feb-2025 15:29:55 UTC] PHP Warning:  Undefined array key "descripcionFalla" in /home/soluctem/sistema.soluctem.com.co/api/submit.php on line 39
[05-Feb-2025 15:29:55 UTC] PHP Warning:  Undefined array key "diagnosticoTecnico" in /home/soluctem/sistema.soluctem.com.co/api/submit.php on line 40
[05-Feb-2025 15:29:55 UTC] PHP Warning:  Undefined array key "repuestosCambiados" in /home/soluctem/sistema.soluctem.com.co/api/submit.php on line 41
[05-Feb-2025 15:29:55 UTC] PHP Warning:  Undefined array key "observaciones" in /home/soluctem/sistema.soluctem.com.co/api/submit.php on line 42
[05-Feb-2025 15:29:55 UTC] PHP Warning:  Undefined array key "seguridadRiesgoAccidentalidad" in /home/soluctem/sistema.soluctem.com.co/api/submit.php on line 43
[05-Feb-2025 15:29:55 UTC] PHP Warning:  Undefined array key "seguridadRiesgoEquipo" in /home/soluctem/sistema.soluctem.com.co/api/submit.php on line 44
[05-Feb-2025 15:29:55 UTC] PHP Warning:  Undefined array key "funcionamientoFallaSolucionada" in /home/soluctem/sistema.soluctem.com.co/api/submit.php on line 45
[05-Feb-2025 15:29:55 UTC] PHP Warning:  Undefined array key "funcionamientoPasosNormales" in /home/soluctem/sistema.soluctem.com.co/api/submit.php on line 46
[05-Feb-2025 15:29:55 UTC] PHP Warning:  Undefined array key "calidadTrabajo" in /home/soluctem/sistema.soluctem.com.co/api/submit.php on line 47
[05-Feb-2025 15:29:55 UTC] PHP Warning:  Undefined array key "limpiezaOrganizacionArmado" in /home/soluctem/sistema.soluctem.com.co/api/submit.php on line 48
[05-Feb-2025 15:29:55 UTC] PHP Warning:  Undefined array key "limpiezaOrganizacionAseado" in /home/soluctem/sistema.soluctem.com.co/api/submit.php on line 49
[05-Feb-2025 15:29:55 UTC] PHP Warning:  Undefined array key "capacitacionCausa" in /home/soluctem/sistema.soluctem.com.co/api/submit.php on line 50
[05-Feb-2025 15:29:55 UTC] PHP Warning:  Undefined array key "capacitacionPrevencion" in /home/soluctem/sistema.soluctem.com.co/api/submit.php on line 51
[05-Feb-2025 15:29:55 UTC] PHP Warning:  Undefined array key "capacitacionAccion" in /home/soluctem/sistema.soluctem.com.co/api/submit.php on line 52
[05-Feb-2025 15:29:55 UTC] PHP Warning:  Undefined array key "contratista1" in /home/soluctem/sistema.soluctem.com.co/api/submit.php on line 53
[05-Feb-2025 15:29:55 UTC] PHP Warning:  Undefined array key "cedula1" in /home/soluctem/sistema.soluctem.com.co/api/submit.php on line 54
[05-Feb-2025 15:29:55 UTC] PHP Warning:  Undefined array key "horaEntrada1" in /home/soluctem/sistema.soluctem.com.co/api/submit.php on line 55
[05-Feb-2025 15:29:55 UTC] PHP Warning:  Undefined array key "horaSalida1" in /home/soluctem/sistema.soluctem.com.co/api/submit.php on line 56
[05-Feb-2025 15:29:55 UTC] PHP Warning:  Undefined array key "contratista2" in /home/soluctem/sistema.soluctem.com.co/api/submit.php on line 57
[05-Feb-2025 15:29:55 UTC] PHP Warning:  Undefined array key "cedula2" in /home/soluctem/sistema.soluctem.com.co/api/submit.php on line 58
[05-Feb-2025 15:29:55 UTC] PHP Warning:  Undefined array key "horaEntrada2" in /home/soluctem/sistema.soluctem.com.co/api/submit.php on line 59
[05-Feb-2025 15:29:55 UTC] PHP Warning:  Undefined array key "horaSalida2" in /home/soluctem/sistema.soluctem.com.co/api/submit.php on line 60
[05-Feb-2025 15:29:55 UTC] PHP Warning:  Undefined array key "contratista3" in /home/soluctem/sistema.soluctem.com.co/api/submit.php on line 61
[05-Feb-2025 15:29:55 UTC] PHP Warning:  Undefined array key "cedula3" in /home/soluctem/sistema.soluctem.com.co/api/submit.php on line 62
[05-Feb-2025 15:29:55 UTC] PHP Warning:  Undefined array key "horaEntrada3" in /home/soluctem/sistema.soluctem.com.co/api/submit.php on line 63
[05-Feb-2025 15:29:55 UTC] PHP Warning:  Undefined array key "horaSalida3" in /home/soluctem/sistema.soluctem.com.co/api/submit.php on line 64
[05-Feb-2025 15:29:55 UTC] PHP Warning:  Undefined array key "contratista4" in /home/soluctem/sistema.soluctem.com.co/api/submit.php on line 65
[05-Feb-2025 15:29:55 UTC] PHP Warning:  Undefined array key "cedula4" in /home/soluctem/sistema.soluctem.com.co/api/submit.php on line 66
[05-Feb-2025 15:29:55 UTC] PHP Warning:  Undefined array key "horaEntrada4" in /home/soluctem/sistema.soluctem.com.co/api/submit.php on line 67
[05-Feb-2025 15:29:55 UTC] PHP Warning:  Undefined array key "horaSalida4" in /home/soluctem/sistema.soluctem.com.co/api/submit.php on line 68
[05-Feb-2025 15:29:55 UTC] PHP Warning:  Undefined array key "nombreFuncionario" in /home/soluctem/sistema.soluctem.com.co/api/submit.php on line 69
[05-Feb-2025 15:29:55 UTC] PHP Warning:  Undefined array key "cedulaFuncionario" in /home/soluctem/sistema.soluctem.com.co/api/submit.php on line 70
[05-Feb-2025 15:29:55 UTC] PHP Warning:  Undefined array key "cargoFuncionario" in /home/soluctem/sistema.soluctem.com.co/api/submit.php on line 71
[05-Feb-2025 15:29:55 UTC] PHP Warning:  Undefined array key "sapFuncionario" in /home/soluctem/sistema.soluctem.com.co/api/submit.php on line 72
[05-Feb-2025 15:29:55 UTC] PHP Warning:  Undefined array key "timestamp" in /home/soluctem/sistema.soluctem.com.co/api/submit.php on line 73
[05-Feb-2025 15:29:55 UTC] PHP Warning:  Undefined array key "asistenciaReparacion" in /home/soluctem/sistema.soluctem.com.co/api/submit.php on line 74
[05-Feb-2025 15:29:55 UTC] PHP Warning:  Undefined array key "asistenciaGarantia" in /home/soluctem/sistema.soluctem.com.co/api/submit.php on line 75
[05-Feb-2025 15:29:55 UTC] PHP Warning:  Undefined array key "asistenciaAjuste" in /home/soluctem/sistema.soluctem.com.co/api/submit.php on line 76
[05-Feb-2025 15:29:55 UTC] PHP Warning:  Undefined array key "asistenciaModificacion" in /home/soluctem/sistema.soluctem.com.co/api/submit.php on line 77
[05-Feb-2025 15:29:55 UTC] PHP Warning:  Undefined array key "asistenciaServicio" in /home/soluctem/sistema.soluctem.com.co/api/submit.php on line 78
[05-Feb-2025 15:29:55 UTC] PHP Warning:  Undefined array key "asistenciaMejora" in /home/soluctem/sistema.soluctem.com.co/api/submit.php on line 79
[05-Feb-2025 15:29:55 UTC] PHP Warning:  Undefined array key "asistenciaCombinacion" in /home/soluctem/sistema.soluctem.com.co/api/submit.php on line 80
[05-Feb-2025 15:29:55 UTC] PHP Warning:  Undefined array key "fallaOperacion" in /home/soluctem/sistema.soluctem.com.co/api/submit.php on line 81
[05-Feb-2025 15:29:55 UTC] PHP Warning:  Undefined array key "fallaMecanica" in /home/soluctem/sistema.soluctem.com.co/api/submit.php on line 82
[05-Feb-2025 15:29:55 UTC] PHP Warning:  Undefined array key "fallaElectrica" in /home/soluctem/sistema.soluctem.com.co/api/submit.php on line 83
[05-Feb-2025 15:29:55 UTC] PHP Warning:  Undefined array key "fallaTerceros" in /home/soluctem/sistema.soluctem.com.co/api/submit.php on line 84
[05-Feb-2025 15:29:55 UTC] PHP Warning:  Undefined array key "fallaFabricacion" in /home/soluctem/sistema.soluctem.com.co/api/submit.php on line 85
[05-Feb-2025 15:29:55 UTC] PHP Warning:  Undefined array key "firma_digital_cliente" in /home/soluctem/sistema.soluctem.com.co/api/submit.php on line 86
[05-Feb-2025 15:29:55 UTC] PHP Warning:  Undefined array key "firma_digital_tecnico" in /home/soluctem/sistema.soluctem.com.co/api/submit.php on line 87
[05-Feb-2025 15:40:38 UTC] PHP Warning:  Undefined array key "nombreSolicitante" in /home/soluctem/sistema.soluctem.com.co/api/submit.php on line 28
[05-Feb-2025 15:40:38 UTC] PHP Warning:  Undefined array key "cargo" in /home/soluctem/sistema.soluctem.com.co/api/submit.php on line 29
[05-Feb-2025 15:40:38 UTC] PHP Warning:  Undefined array key "nombreTienda" in /home/soluctem/sistema.soluctem.com.co/api/submit.php on line 30
[05-Feb-2025 15:40:38 UTC] PHP Warning:  Undefined array key "numeroTienda" in /home/soluctem/sistema.soluctem.com.co/api/submit.php on line 31
[05-Feb-2025 15:40:38 UTC] PHP Warning:  Undefined array key "numeroTicket" in /home/soluctem/sistema.soluctem.com.co/api/submit.php on line 32
[05-Feb-2025 15:40:38 UTC] PHP Warning:  Undefined array key "fecha" in /home/soluctem/sistema.soluctem.com.co/api/submit.php on line 33
[05-Feb-2025 15:40:38 UTC] PHP Warning:  Undefined array key "municipio" in /home/soluctem/sistema.soluctem.com.co/api/submit.php on line 34
[05-Feb-2025 15:40:38 UTC] PHP Warning:  Undefined array key "departamento" in /home/soluctem/sistema.soluctem.com.co/api/submit.php on line 35
[05-Feb-2025 15:40:38 UTC] PHP Warning:  Undefined array key "nombreEquipo" in /home/soluctem/sistema.soluctem.com.co/api/submit.php on line 36
[05-Feb-2025 15:40:38 UTC] PHP Warning:  Undefined array key "marca" in /home/soluctem/sistema.soluctem.com.co/api/submit.php on line 37
[05-Feb-2025 15:40:38 UTC] PHP Warning:  Undefined array key "serial" in /home/soluctem/sistema.soluctem.com.co/api/submit.php on line 38
[05-Feb-2025 15:40:38 UTC] PHP Warning:  Undefined array key "descripcionFalla" in /home/soluctem/sistema.soluctem.com.co/api/submit.php on line 39
[05-Feb-2025 15:40:38 UTC] PHP Warning:  Undefined array key "diagnosticoTecnico" in /home/soluctem/sistema.soluctem.com.co/api/submit.php on line 40
[05-Feb-2025 15:40:38 UTC] PHP Warning:  Undefined array key "repuestosCambiados" in /home/soluctem/sistema.soluctem.com.co/api/submit.php on line 41
[05-Feb-2025 15:40:38 UTC] PHP Warning:  Undefined array key "observaciones" in /home/soluctem/sistema.soluctem.com.co/api/submit.php on line 42
[05-Feb-2025 15:40:38 UTC] PHP Warning:  Undefined array key "seguridadRiesgoAccidentalidad" in /home/soluctem/sistema.soluctem.com.co/api/submit.php on line 43
[05-Feb-2025 15:40:38 UTC] PHP Warning:  Undefined array key "seguridadRiesgoEquipo" in /home/soluctem/sistema.soluctem.com.co/api/submit.php on line 44
[05-Feb-2025 15:40:38 UTC] PHP Warning:  Undefined array key "funcionamientoFallaSolucionada" in /home/soluctem/sistema.soluctem.com.co/api/submit.php on line 45
[05-Feb-2025 15:40:38 UTC] PHP Warning:  Undefined array key "funcionamientoPasosNormales" in /home/soluctem/sistema.soluctem.com.co/api/submit.php on line 46
[05-Feb-2025 15:40:38 UTC] PHP Warning:  Undefined array key "calidadTrabajo" in /home/soluctem/sistema.soluctem.com.co/api/submit.php on line 47
[05-Feb-2025 15:40:38 UTC] PHP Warning:  Undefined array key "limpiezaOrganizacionArmado" in /home/soluctem/sistema.soluctem.com.co/api/submit.php on line 48
[05-Feb-2025 15:40:38 UTC] PHP Warning:  Undefined array key "limpiezaOrganizacionAseado" in /home/soluctem/sistema.soluctem.com.co/api/submit.php on line 49
[05-Feb-2025 15:40:38 UTC] PHP Warning:  Undefined array key "capacitacionCausa" in /home/soluctem/sistema.soluctem.com.co/api/submit.php on line 50
[05-Feb-2025 15:40:38 UTC] PHP Warning:  Undefined array key "capacitacionPrevencion" in /home/soluctem/sistema.soluctem.com.co/api/submit.php on line 51
[05-Feb-2025 15:40:38 UTC] PHP Warning:  Undefined array key "capacitacionAccion" in /home/soluctem/sistema.soluctem.com.co/api/submit.php on line 52
[05-Feb-2025 15:40:38 UTC] PHP Warning:  Undefined array key "contratista1" in /home/soluctem/sistema.soluctem.com.co/api/submit.php on line 53
[05-Feb-2025 15:40:38 UTC] PHP Warning:  Undefined array key "cedula1" in /home/soluctem/sistema.soluctem.com.co/api/submit.php on line 54
[05-Feb-2025 15:40:38 UTC] PHP Warning:  Undefined array key "horaEntrada1" in /home/soluctem/sistema.soluctem.com.co/api/submit.php on line 55
[05-Feb-2025 15:40:38 UTC] PHP Warning:  Undefined array key "horaSalida1" in /home/soluctem/sistema.soluctem.com.co/api/submit.php on line 56
[05-Feb-2025 15:40:38 UTC] PHP Warning:  Undefined array key "contratista2" in /home/soluctem/sistema.soluctem.com.co/api/submit.php on line 57
[05-Feb-2025 15:40:38 UTC] PHP Warning:  Undefined array key "cedula2" in /home/soluctem/sistema.soluctem.com.co/api/submit.php on line 58
[05-Feb-2025 15:40:38 UTC] PHP Warning:  Undefined array key "horaEntrada2" in /home/soluctem/sistema.soluctem.com.co/api/submit.php on line 59
[05-Feb-2025 15:40:38 UTC] PHP Warning:  Undefined array key "horaSalida2" in /home/soluctem/sistema.soluctem.com.co/api/submit.php on line 60
[05-Feb-2025 15:40:38 UTC] PHP Warning:  Undefined array key "contratista3" in /home/soluctem/sistema.soluctem.com.co/api/submit.php on line 61
[05-Feb-2025 15:40:38 UTC] PHP Warning:  Undefined array key "cedula3" in /home/soluctem/sistema.soluctem.com.co/api/submit.php on line 62
[05-Feb-2025 15:40:38 UTC] PHP Warning:  Undefined array key "horaEntrada3" in /home/soluctem/sistema.soluctem.com.co/api/submit.php on line 63
[05-Feb-2025 15:40:38 UTC] PHP Warning:  Undefined array key "horaSalida3" in /home/soluctem/sistema.soluctem.com.co/api/submit.php on line 64
[05-Feb-2025 15:40:38 UTC] PHP Warning:  Undefined array key "contratista4" in /home/soluctem/sistema.soluctem.com.co/api/submit.php on line 65
[05-Feb-2025 15:40:38 UTC] PHP Warning:  Undefined array key "cedula4" in /home/soluctem/sistema.soluctem.com.co/api/submit.php on line 66
[05-Feb-2025 15:40:38 UTC] PHP Warning:  Undefined array key "horaEntrada4" in /home/soluctem/sistema.soluctem.com.co/api/submit.php on line 67
[05-Feb-2025 15:40:38 UTC] PHP Warning:  Undefined array key "horaSalida4" in /home/soluctem/sistema.soluctem.com.co/api/submit.php on line 68
[05-Feb-2025 15:40:38 UTC] PHP Warning:  Undefined array key "nombreFuncionario" in /home/soluctem/sistema.soluctem.com.co/api/submit.php on line 69
[05-Feb-2025 15:40:38 UTC] PHP Warning:  Undefined array key "cedulaFuncionario" in /home/soluctem/sistema.soluctem.com.co/api/submit.php on line 70
[05-Feb-2025 15:40:38 UTC] PHP Warning:  Undefined array key "cargoFuncionario" in /home/soluctem/sistema.soluctem.com.co/api/submit.php on line 71
[05-Feb-2025 15:40:38 UTC] PHP Warning:  Undefined array key "sapFuncionario" in /home/soluctem/sistema.soluctem.com.co/api/submit.php on line 72
[05-Feb-2025 15:40:38 UTC] PHP Warning:  Undefined array key "timestamp" in /home/soluctem/sistema.soluctem.com.co/api/submit.php on line 73
[05-Feb-2025 15:40:38 UTC] PHP Warning:  Undefined array key "asistenciaReparacion" in /home/soluctem/sistema.soluctem.com.co/api/submit.php on line 74
[05-Feb-2025 15:40:38 UTC] PHP Warning:  Undefined array key "asistenciaGarantia" in /home/soluctem/sistema.soluctem.com.co/api/submit.php on line 75
[05-Feb-2025 15:40:38 UTC] PHP Warning:  Undefined array key "asistenciaAjuste" in /home/soluctem/sistema.soluctem.com.co/api/submit.php on line 76
[05-Feb-2025 15:40:38 UTC] PHP Warning:  Undefined array key "asistenciaModificacion" in /home/soluctem/sistema.soluctem.com.co/api/submit.php on line 77
[05-Feb-2025 15:40:38 UTC] PHP Warning:  Undefined array key "asistenciaServicio" in /home/soluctem/sistema.soluctem.com.co/api/submit.php on line 78
[05-Feb-2025 15:40:38 UTC] PHP Warning:  Undefined array key "asistenciaMejora" in /home/soluctem/sistema.soluctem.com.co/api/submit.php on line 79
[05-Feb-2025 15:40:38 UTC] PHP Warning:  Undefined array key "asistenciaCombinacion" in /home/soluctem/sistema.soluctem.com.co/api/submit.php on line 80
[05-Feb-2025 15:40:38 UTC] PHP Warning:  Undefined array key "fallaOperacion" in /home/soluctem/sistema.soluctem.com.co/api/submit.php on line 81
[05-Feb-2025 15:40:38 UTC] PHP Warning:  Undefined array key "fallaMecanica" in /home/soluctem/sistema.soluctem.com.co/api/submit.php on line 82
[05-Feb-2025 15:40:38 UTC] PHP Warning:  Undefined array key "fallaElectrica" in /home/soluctem/sistema.soluctem.com.co/api/submit.php on line 83
[05-Feb-2025 15:40:38 UTC] PHP Warning:  Undefined array key "fallaTerceros" in /home/soluctem/sistema.soluctem.com.co/api/submit.php on line 84
[05-Feb-2025 15:40:38 UTC] PHP Warning:  Undefined array key "fallaFabricacion" in /home/soluctem/sistema.soluctem.com.co/api/submit.php on line 85
[05-Feb-2025 15:40:38 UTC] PHP Warning:  Undefined array key "firma_digital_cliente" in /home/soluctem/sistema.soluctem.com.co/api/submit.php on line 86
[05-Feb-2025 15:40:38 UTC] PHP Warning:  Undefined array key "firma_digital_tecnico" in /home/soluctem/sistema.soluctem.com.co/api/submit.php on line 87
[06-Feb-2025 01:04:42 UTC] PHP Warning:  Undefined array key "nombreSolicitante" in /home/soluctem/sistema.soluctem.com.co/api/submit.php on line 28
[06-Feb-2025 01:04:42 UTC] PHP Warning:  Undefined array key "cargo" in /home/soluctem/sistema.soluctem.com.co/api/submit.php on line 29
[06-Feb-2025 01:04:42 UTC] PHP Warning:  Undefined array key "nombreTienda" in /home/soluctem/sistema.soluctem.com.co/api/submit.php on line 30
[06-Feb-2025 01:04:42 UTC] PHP Warning:  Undefined array key "numeroTienda" in /home/soluctem/sistema.soluctem.com.co/api/submit.php on line 31
[06-Feb-2025 01:04:42 UTC] PHP Warning:  Undefined array key "numeroTicket" in /home/soluctem/sistema.soluctem.com.co/api/submit.php on line 32
[06-Feb-2025 01:04:42 UTC] PHP Warning:  Undefined array key "fecha" in /home/soluctem/sistema.soluctem.com.co/api/submit.php on line 33
[06-Feb-2025 01:04:42 UTC] PHP Warning:  Undefined array key "municipio" in /home/soluctem/sistema.soluctem.com.co/api/submit.php on line 34
[06-Feb-2025 01:04:42 UTC] PHP Warning:  Undefined array key "departamento" in /home/soluctem/sistema.soluctem.com.co/api/submit.php on line 35
[06-Feb-2025 01:04:42 UTC] PHP Warning:  Undefined array key "nombreEquipo" in /home/soluctem/sistema.soluctem.com.co/api/submit.php on line 36
[06-Feb-2025 01:04:42 UTC] PHP Warning:  Undefined array key "marca" in /home/soluctem/sistema.soluctem.com.co/api/submit.php on line 37
[06-Feb-2025 01:04:42 UTC] PHP Warning:  Undefined array key "serial" in /home/soluctem/sistema.soluctem.com.co/api/submit.php on line 38
[06-Feb-2025 01:04:42 UTC] PHP Warning:  Undefined array key "descripcionFalla" in /home/soluctem/sistema.soluctem.com.co/api/submit.php on line 39
[06-Feb-2025 01:04:42 UTC] PHP Warning:  Undefined array key "diagnosticoTecnico" in /home/soluctem/sistema.soluctem.com.co/api/submit.php on line 40
[06-Feb-2025 01:04:42 UTC] PHP Warning:  Undefined array key "repuestosCambiados" in /home/soluctem/sistema.soluctem.com.co/api/submit.php on line 41
[06-Feb-2025 01:04:42 UTC] PHP Warning:  Undefined array key "observaciones" in /home/soluctem/sistema.soluctem.com.co/api/submit.php on line 42
[06-Feb-2025 01:04:42 UTC] PHP Warning:  Undefined array key "seguridadRiesgoAccidentalidad" in /home/soluctem/sistema.soluctem.com.co/api/submit.php on line 43
[06-Feb-2025 01:04:42 UTC] PHP Warning:  Undefined array key "seguridadRiesgoEquipo" in /home/soluctem/sistema.soluctem.com.co/api/submit.php on line 44
[06-Feb-2025 01:04:42 UTC] PHP Warning:  Undefined array key "funcionamientoFallaSolucionada" in /home/soluctem/sistema.soluctem.com.co/api/submit.php on line 45
[06-Feb-2025 01:04:42 UTC] PHP Warning:  Undefined array key "funcionamientoPasosNormales" in /home/soluctem/sistema.soluctem.com.co/api/submit.php on line 46
[06-Feb-2025 01:04:42 UTC] PHP Warning:  Undefined array key "calidadTrabajo" in /home/soluctem/sistema.soluctem.com.co/api/submit.php on line 47
[06-Feb-2025 01:04:42 UTC] PHP Warning:  Undefined array key "limpiezaOrganizacionArmado" in /home/soluctem/sistema.soluctem.com.co/api/submit.php on line 48
[06-Feb-2025 01:04:42 UTC] PHP Warning:  Undefined array key "limpiezaOrganizacionAseado" in /home/soluctem/sistema.soluctem.com.co/api/submit.php on line 49
[06-Feb-2025 01:04:42 UTC] PHP Warning:  Undefined array key "capacitacionCausa" in /home/soluctem/sistema.soluctem.com.co/api/submit.php on line 50
[06-Feb-2025 01:04:42 UTC] PHP Warning:  Undefined array key "capacitacionPrevencion" in /home/soluctem/sistema.soluctem.com.co/api/submit.php on line 51
[06-Feb-2025 01:04:42 UTC] PHP Warning:  Undefined array key "capacitacionAccion" in /home/soluctem/sistema.soluctem.com.co/api/submit.php on line 52
[06-Feb-2025 01:04:42 UTC] PHP Warning:  Undefined array key "contratista1" in /home/soluctem/sistema.soluctem.com.co/api/submit.php on line 53
[06-Feb-2025 01:04:42 UTC] PHP Warning:  Undefined array key "cedula1" in /home/soluctem/sistema.soluctem.com.co/api/submit.php on line 54
[06-Feb-2025 01:04:42 UTC] PHP Warning:  Undefined array key "horaEntrada1" in /home/soluctem/sistema.soluctem.com.co/api/submit.php on line 55
[06-Feb-2025 01:04:42 UTC] PHP Warning:  Undefined array key "horaSalida1" in /home/soluctem/sistema.soluctem.com.co/api/submit.php on line 56
[06-Feb-2025 01:04:42 UTC] PHP Warning:  Undefined array key "contratista2" in /home/soluctem/sistema.soluctem.com.co/api/submit.php on line 57
[06-Feb-2025 01:04:42 UTC] PHP Warning:  Undefined array key "cedula2" in /home/soluctem/sistema.soluctem.com.co/api/submit.php on line 58
[06-Feb-2025 01:04:42 UTC] PHP Warning:  Undefined array key "horaEntrada2" in /home/soluctem/sistema.soluctem.com.co/api/submit.php on line 59
[06-Feb-2025 01:04:42 UTC] PHP Warning:  Undefined array key "horaSalida2" in /home/soluctem/sistema.soluctem.com.co/api/submit.php on line 60
[06-Feb-2025 01:04:42 UTC] PHP Warning:  Undefined array key "contratista3" in /home/soluctem/sistema.soluctem.com.co/api/submit.php on line 61
[06-Feb-2025 01:04:42 UTC] PHP Warning:  Undefined array key "cedula3" in /home/soluctem/sistema.soluctem.com.co/api/submit.php on line 62
[06-Feb-2025 01:04:42 UTC] PHP Warning:  Undefined array key "horaEntrada3" in /home/soluctem/sistema.soluctem.com.co/api/submit.php on line 63
[06-Feb-2025 01:04:42 UTC] PHP Warning:  Undefined array key "horaSalida3" in /home/soluctem/sistema.soluctem.com.co/api/submit.php on line 64
[06-Feb-2025 01:04:42 UTC] PHP Warning:  Undefined array key "contratista4" in /home/soluctem/sistema.soluctem.com.co/api/submit.php on line 65
[06-Feb-2025 01:04:42 UTC] PHP Warning:  Undefined array key "cedula4" in /home/soluctem/sistema.soluctem.com.co/api/submit.php on line 66
[06-Feb-2025 01:04:42 UTC] PHP Warning:  Undefined array key "horaEntrada4" in /home/soluctem/sistema.soluctem.com.co/api/submit.php on line 67
[06-Feb-2025 01:04:42 UTC] PHP Warning:  Undefined array key "horaSalida4" in /home/soluctem/sistema.soluctem.com.co/api/submit.php on line 68
[06-Feb-2025 01:04:42 UTC] PHP Warning:  Undefined array key "nombreFuncionario" in /home/soluctem/sistema.soluctem.com.co/api/submit.php on line 69
[06-Feb-2025 01:04:42 UTC] PHP Warning:  Undefined array key "cedulaFuncionario" in /home/soluctem/sistema.soluctem.com.co/api/submit.php on line 70
[06-Feb-2025 01:04:42 UTC] PHP Warning:  Undefined array key "cargoFuncionario" in /home/soluctem/sistema.soluctem.com.co/api/submit.php on line 71
[06-Feb-2025 01:04:42 UTC] PHP Warning:  Undefined array key "sapFuncionario" in /home/soluctem/sistema.soluctem.com.co/api/submit.php on line 72
[06-Feb-2025 01:04:42 UTC] PHP Warning:  Undefined array key "timestamp" in /home/soluctem/sistema.soluctem.com.co/api/submit.php on line 73
[06-Feb-2025 01:04:42 UTC] PHP Warning:  Undefined array key "asistenciaReparacion" in /home/soluctem/sistema.soluctem.com.co/api/submit.php on line 74
[06-Feb-2025 01:04:42 UTC] PHP Warning:  Undefined array key "asistenciaGarantia" in /home/soluctem/sistema.soluctem.com.co/api/submit.php on line 75
[06-Feb-2025 01:04:42 UTC] PHP Warning:  Undefined array key "asistenciaAjuste" in /home/soluctem/sistema.soluctem.com.co/api/submit.php on line 76
[06-Feb-2025 01:04:42 UTC] PHP Warning:  Undefined array key "asistenciaModificacion" in /home/soluctem/sistema.soluctem.com.co/api/submit.php on line 77
[06-Feb-2025 01:04:42 UTC] PHP Warning:  Undefined array key "asistenciaServicio" in /home/soluctem/sistema.soluctem.com.co/api/submit.php on line 78
[06-Feb-2025 01:04:42 UTC] PHP Warning:  Undefined array key "asistenciaMejora" in /home/soluctem/sistema.soluctem.com.co/api/submit.php on line 79
[06-Feb-2025 01:04:42 UTC] PHP Warning:  Undefined array key "asistenciaCombinacion" in /home/soluctem/sistema.soluctem.com.co/api/submit.php on line 80
[06-Feb-2025 01:04:42 UTC] PHP Warning:  Undefined array key "fallaOperacion" in /home/soluctem/sistema.soluctem.com.co/api/submit.php on line 81
[06-Feb-2025 01:04:42 UTC] PHP Warning:  Undefined array key "fallaMecanica" in /home/soluctem/sistema.soluctem.com.co/api/submit.php on line 82
[06-Feb-2025 01:04:42 UTC] PHP Warning:  Undefined array key "fallaElectrica" in /home/soluctem/sistema.soluctem.com.co/api/submit.php on line 83
[06-Feb-2025 01:04:42 UTC] PHP Warning:  Undefined array key "fallaTerceros" in /home/soluctem/sistema.soluctem.com.co/api/submit.php on line 84
[06-Feb-2025 01:04:42 UTC] PHP Warning:  Undefined array key "fallaFabricacion" in /home/soluctem/sistema.soluctem.com.co/api/submit.php on line 85
[06-Feb-2025 01:04:42 UTC] PHP Warning:  Undefined array key "firma_digital_cliente" in /home/soluctem/sistema.soluctem.com.co/api/submit.php on line 86
[06-Feb-2025 01:04:42 UTC] PHP Warning:  Undefined array key "firma_digital_tecnico" in /home/soluctem/sistema.soluctem.com.co/api/submit.php on line 87
[08-Feb-2025 18:42:55 UTC] PHP Warning:  Undefined array key "nombreSolicitante" in /home/soluctem/sistema.soluctem.com.co/api/submit.php on line 28
[08-Feb-2025 18:42:55 UTC] PHP Warning:  Undefined array key "cargo" in /home/soluctem/sistema.soluctem.com.co/api/submit.php on line 29
[08-Feb-2025 18:42:55 UTC] PHP Warning:  Undefined array key "nombreTienda" in /home/soluctem/sistema.soluctem.com.co/api/submit.php on line 30
[08-Feb-2025 18:42:55 UTC] PHP Warning:  Undefined array key "numeroTienda" in /home/soluctem/sistema.soluctem.com.co/api/submit.php on line 31
[08-Feb-2025 18:42:55 UTC] PHP Warning:  Undefined array key "numeroTicket" in /home/soluctem/sistema.soluctem.com.co/api/submit.php on line 32
[08-Feb-2025 18:42:55 UTC] PHP Warning:  Undefined array key "fecha" in /home/soluctem/sistema.soluctem.com.co/api/submit.php on line 33
[08-Feb-2025 18:42:55 UTC] PHP Warning:  Undefined array key "municipio" in /home/soluctem/sistema.soluctem.com.co/api/submit.php on line 34
[08-Feb-2025 18:42:55 UTC] PHP Warning:  Undefined array key "departamento" in /home/soluctem/sistema.soluctem.com.co/api/submit.php on line 35
[08-Feb-2025 18:42:55 UTC] PHP Warning:  Undefined array key "nombreEquipo" in /home/soluctem/sistema.soluctem.com.co/api/submit.php on line 36
[08-Feb-2025 18:42:55 UTC] PHP Warning:  Undefined array key "marca" in /home/soluctem/sistema.soluctem.com.co/api/submit.php on line 37
[08-Feb-2025 18:42:55 UTC] PHP Warning:  Undefined array key "serial" in /home/soluctem/sistema.soluctem.com.co/api/submit.php on line 38
[08-Feb-2025 18:42:55 UTC] PHP Warning:  Undefined array key "descripcionFalla" in /home/soluctem/sistema.soluctem.com.co/api/submit.php on line 39
[08-Feb-2025 18:42:55 UTC] PHP Warning:  Undefined array key "diagnosticoTecnico" in /home/soluctem/sistema.soluctem.com.co/api/submit.php on line 40
[08-Feb-2025 18:42:55 UTC] PHP Warning:  Undefined array key "repuestosCambiados" in /home/soluctem/sistema.soluctem.com.co/api/submit.php on line 41
[08-Feb-2025 18:42:55 UTC] PHP Warning:  Undefined array key "observaciones" in /home/soluctem/sistema.soluctem.com.co/api/submit.php on line 42
[08-Feb-2025 18:42:55 UTC] PHP Warning:  Undefined array key "seguridadRiesgoAccidentalidad" in /home/soluctem/sistema.soluctem.com.co/api/submit.php on line 43
[08-Feb-2025 18:42:55 UTC] PHP Warning:  Undefined array key "seguridadRiesgoEquipo" in /home/soluctem/sistema.soluctem.com.co/api/submit.php on line 44
[08-Feb-2025 18:42:55 UTC] PHP Warning:  Undefined array key "funcionamientoFallaSolucionada" in /home/soluctem/sistema.soluctem.com.co/api/submit.php on line 45
[08-Feb-2025 18:42:55 UTC] PHP Warning:  Undefined array key "funcionamientoPasosNormales" in /home/soluctem/sistema.soluctem.com.co/api/submit.php on line 46
[08-Feb-2025 18:42:55 UTC] PHP Warning:  Undefined array key "calidadTrabajo" in /home/soluctem/sistema.soluctem.com.co/api/submit.php on line 47
[08-Feb-2025 18:42:55 UTC] PHP Warning:  Undefined array key "limpiezaOrganizacionArmado" in /home/soluctem/sistema.soluctem.com.co/api/submit.php on line 48
[08-Feb-2025 18:42:55 UTC] PHP Warning:  Undefined array key "limpiezaOrganizacionAseado" in /home/soluctem/sistema.soluctem.com.co/api/submit.php on line 49
[08-Feb-2025 18:42:55 UTC] PHP Warning:  Undefined array key "capacitacionCausa" in /home/soluctem/sistema.soluctem.com.co/api/submit.php on line 50
[08-Feb-2025 18:42:55 UTC] PHP Warning:  Undefined array key "capacitacionPrevencion" in /home/soluctem/sistema.soluctem.com.co/api/submit.php on line 51
[08-Feb-2025 18:42:55 UTC] PHP Warning:  Undefined array key "capacitacionAccion" in /home/soluctem/sistema.soluctem.com.co/api/submit.php on line 52
[08-Feb-2025 18:42:55 UTC] PHP Warning:  Undefined array key "contratista1" in /home/soluctem/sistema.soluctem.com.co/api/submit.php on line 53
[08-Feb-2025 18:42:55 UTC] PHP Warning:  Undefined array key "cedula1" in /home/soluctem/sistema.soluctem.com.co/api/submit.php on line 54
[08-Feb-2025 18:42:55 UTC] PHP Warning:  Undefined array key "horaEntrada1" in /home/soluctem/sistema.soluctem.com.co/api/submit.php on line 55
[08-Feb-2025 18:42:55 UTC] PHP Warning:  Undefined array key "horaSalida1" in /home/soluctem/sistema.soluctem.com.co/api/submit.php on line 56
[08-Feb-2025 18:42:55 UTC] PHP Warning:  Undefined array key "contratista2" in /home/soluctem/sistema.soluctem.com.co/api/submit.php on line 57
[08-Feb-2025 18:42:55 UTC] PHP Warning:  Undefined array key "cedula2" in /home/soluctem/sistema.soluctem.com.co/api/submit.php on line 58
[08-Feb-2025 18:42:55 UTC] PHP Warning:  Undefined array key "horaEntrada2" in /home/soluctem/sistema.soluctem.com.co/api/submit.php on line 59
[08-Feb-2025 18:42:55 UTC] PHP Warning:  Undefined array key "horaSalida2" in /home/soluctem/sistema.soluctem.com.co/api/submit.php on line 60
[08-Feb-2025 18:42:55 UTC] PHP Warning:  Undefined array key "contratista3" in /home/soluctem/sistema.soluctem.com.co/api/submit.php on line 61
[08-Feb-2025 18:42:55 UTC] PHP Warning:  Undefined array key "cedula3" in /home/soluctem/sistema.soluctem.com.co/api/submit.php on line 62
[08-Feb-2025 18:42:55 UTC] PHP Warning:  Undefined array key "horaEntrada3" in /home/soluctem/sistema.soluctem.com.co/api/submit.php on line 63
[08-Feb-2025 18:42:55 UTC] PHP Warning:  Undefined array key "horaSalida3" in /home/soluctem/sistema.soluctem.com.co/api/submit.php on line 64
[08-Feb-2025 18:42:55 UTC] PHP Warning:  Undefined array key "contratista4" in /home/soluctem/sistema.soluctem.com.co/api/submit.php on line 65
[08-Feb-2025 18:42:55 UTC] PHP Warning:  Undefined array key "cedula4" in /home/soluctem/sistema.soluctem.com.co/api/submit.php on line 66
[08-Feb-2025 18:42:55 UTC] PHP Warning:  Undefined array key "horaEntrada4" in /home/soluctem/sistema.soluctem.com.co/api/submit.php on line 67
[08-Feb-2025 18:42:55 UTC] PHP Warning:  Undefined array key "horaSalida4" in /home/soluctem/sistema.soluctem.com.co/api/submit.php on line 68
[08-Feb-2025 18:42:55 UTC] PHP Warning:  Undefined array key "nombreFuncionario" in /home/soluctem/sistema.soluctem.com.co/api/submit.php on line 69
[08-Feb-2025 18:42:55 UTC] PHP Warning:  Undefined array key "cedulaFuncionario" in /home/soluctem/sistema.soluctem.com.co/api/submit.php on line 70
[08-Feb-2025 18:42:55 UTC] PHP Warning:  Undefined array key "cargoFuncionario" in /home/soluctem/sistema.soluctem.com.co/api/submit.php on line 71
[08-Feb-2025 18:42:55 UTC] PHP Warning:  Undefined array key "sapFuncionario" in /home/soluctem/sistema.soluctem.com.co/api/submit.php on line 72
[08-Feb-2025 18:42:55 UTC] PHP Warning:  Undefined array key "timestamp" in /home/soluctem/sistema.soluctem.com.co/api/submit.php on line 73
[08-Feb-2025 18:42:55 UTC] PHP Warning:  Undefined array key "asistenciaReparacion" in /home/soluctem/sistema.soluctem.com.co/api/submit.php on line 74
[08-Feb-2025 18:42:55 UTC] PHP Warning:  Undefined array key "asistenciaGarantia" in /home/soluctem/sistema.soluctem.com.co/api/submit.php on line 75
[08-Feb-2025 18:42:55 UTC] PHP Warning:  Undefined array key "asistenciaAjuste" in /home/soluctem/sistema.soluctem.com.co/api/submit.php on line 76
[08-Feb-2025 18:42:55 UTC] PHP Warning:  Undefined array key "asistenciaModificacion" in /home/soluctem/sistema.soluctem.com.co/api/submit.php on line 77
[08-Feb-2025 18:42:55 UTC] PHP Warning:  Undefined array key "asistenciaServicio" in /home/soluctem/sistema.soluctem.com.co/api/submit.php on line 78
[08-Feb-2025 18:42:55 UTC] PHP Warning:  Undefined array key "asistenciaMejora" in /home/soluctem/sistema.soluctem.com.co/api/submit.php on line 79
[08-Feb-2025 18:42:55 UTC] PHP Warning:  Undefined array key "asistenciaCombinacion" in /home/soluctem/sistema.soluctem.com.co/api/submit.php on line 80
[08-Feb-2025 18:42:55 UTC] PHP Warning:  Undefined array key "fallaOperacion" in /home/soluctem/sistema.soluctem.com.co/api/submit.php on line 81
[08-Feb-2025 18:42:55 UTC] PHP Warning:  Undefined array key "fallaMecanica" in /home/soluctem/sistema.soluctem.com.co/api/submit.php on line 82
[08-Feb-2025 18:42:55 UTC] PHP Warning:  Undefined array key "fallaElectrica" in /home/soluctem/sistema.soluctem.com.co/api/submit.php on line 83
[08-Feb-2025 18:42:55 UTC] PHP Warning:  Undefined array key "fallaTerceros" in /home/soluctem/sistema.soluctem.com.co/api/submit.php on line 84
[08-Feb-2025 18:42:55 UTC] PHP Warning:  Undefined array key "fallaFabricacion" in /home/soluctem/sistema.soluctem.com.co/api/submit.php on line 85
[08-Feb-2025 18:42:55 UTC] PHP Warning:  Undefined array key "firma_digital_cliente" in /home/soluctem/sistema.soluctem.com.co/api/submit.php on line 86
[08-Feb-2025 18:42:55 UTC] PHP Warning:  Undefined array key "firma_digital_tecnico" in /home/soluctem/sistema.soluctem.com.co/api/submit.php on line 87
[11-Feb-2025 14:15:41 UTC] PHP Warning:  Undefined array key "nombreSolicitante" in /home/soluctem/sistema.soluctem.com.co/api/submit.php on line 28
[11-Feb-2025 14:15:41 UTC] PHP Warning:  Undefined array key "cargo" in /home/soluctem/sistema.soluctem.com.co/api/submit.php on line 29
[11-Feb-2025 14:15:41 UTC] PHP Warning:  Undefined array key "nombreTienda" in /home/soluctem/sistema.soluctem.com.co/api/submit.php on line 30
[11-Feb-2025 14:15:41 UTC] PHP Warning:  Undefined array key "numeroTienda" in /home/soluctem/sistema.soluctem.com.co/api/submit.php on line 31
[11-Feb-2025 14:15:41 UTC] PHP Warning:  Undefined array key "numeroTicket" in /home/soluctem/sistema.soluctem.com.co/api/submit.php on line 32
[11-Feb-2025 14:15:41 UTC] PHP Warning:  Undefined array key "fecha" in /home/soluctem/sistema.soluctem.com.co/api/submit.php on line 33
[11-Feb-2025 14:15:41 UTC] PHP Warning:  Undefined array key "municipio" in /home/soluctem/sistema.soluctem.com.co/api/submit.php on line 34
[11-Feb-2025 14:15:41 UTC] PHP Warning:  Undefined array key "departamento" in /home/soluctem/sistema.soluctem.com.co/api/submit.php on line 35
[11-Feb-2025 14:15:41 UTC] PHP Warning:  Undefined array key "nombreEquipo" in /home/soluctem/sistema.soluctem.com.co/api/submit.php on line 36
[11-Feb-2025 14:15:41 UTC] PHP Warning:  Undefined array key "marca" in /home/soluctem/sistema.soluctem.com.co/api/submit.php on line 37
[11-Feb-2025 14:15:41 UTC] PHP Warning:  Undefined array key "serial" in /home/soluctem/sistema.soluctem.com.co/api/submit.php on line 38
[11-Feb-2025 14:15:41 UTC] PHP Warning:  Undefined array key "descripcionFalla" in /home/soluctem/sistema.soluctem.com.co/api/submit.php on line 39
[11-Feb-2025 14:15:41 UTC] PHP Warning:  Undefined array key "diagnosticoTecnico" in /home/soluctem/sistema.soluctem.com.co/api/submit.php on line 40
[11-Feb-2025 14:15:41 UTC] PHP Warning:  Undefined array key "repuestosCambiados" in /home/soluctem/sistema.soluctem.com.co/api/submit.php on line 41
[11-Feb-2025 14:15:41 UTC] PHP Warning:  Undefined array key "observaciones" in /home/soluctem/sistema.soluctem.com.co/api/submit.php on line 42
[11-Feb-2025 14:15:41 UTC] PHP Warning:  Undefined array key "seguridadRiesgoAccidentalidad" in /home/soluctem/sistema.soluctem.com.co/api/submit.php on line 43
[11-Feb-2025 14:15:41 UTC] PHP Warning:  Undefined array key "seguridadRiesgoEquipo" in /home/soluctem/sistema.soluctem.com.co/api/submit.php on line 44
[11-Feb-2025 14:15:41 UTC] PHP Warning:  Undefined array key "funcionamientoFallaSolucionada" in /home/soluctem/sistema.soluctem.com.co/api/submit.php on line 45
[11-Feb-2025 14:15:41 UTC] PHP Warning:  Undefined array key "funcionamientoPasosNormales" in /home/soluctem/sistema.soluctem.com.co/api/submit.php on line 46
[11-Feb-2025 14:15:41 UTC] PHP Warning:  Undefined array key "calidadTrabajo" in /home/soluctem/sistema.soluctem.com.co/api/submit.php on line 47
[11-Feb-2025 14:15:41 UTC] PHP Warning:  Undefined array key "limpiezaOrganizacionArmado" in /home/soluctem/sistema.soluctem.com.co/api/submit.php on line 48
[11-Feb-2025 14:15:41 UTC] PHP Warning:  Undefined array key "limpiezaOrganizacionAseado" in /home/soluctem/sistema.soluctem.com.co/api/submit.php on line 49
[11-Feb-2025 14:15:41 UTC] PHP Warning:  Undefined array key "capacitacionCausa" in /home/soluctem/sistema.soluctem.com.co/api/submit.php on line 50
[11-Feb-2025 14:15:41 UTC] PHP Warning:  Undefined array key "capacitacionPrevencion" in /home/soluctem/sistema.soluctem.com.co/api/submit.php on line 51
[11-Feb-2025 14:15:41 UTC] PHP Warning:  Undefined array key "capacitacionAccion" in /home/soluctem/sistema.soluctem.com.co/api/submit.php on line 52
[11-Feb-2025 14:15:41 UTC] PHP Warning:  Undefined array key "contratista1" in /home/soluctem/sistema.soluctem.com.co/api/submit.php on line 53
[11-Feb-2025 14:15:41 UTC] PHP Warning:  Undefined array key "cedula1" in /home/soluctem/sistema.soluctem.com.co/api/submit.php on line 54
[11-Feb-2025 14:15:41 UTC] PHP Warning:  Undefined array key "horaEntrada1" in /home/soluctem/sistema.soluctem.com.co/api/submit.php on line 55
[11-Feb-2025 14:15:41 UTC] PHP Warning:  Undefined array key "horaSalida1" in /home/soluctem/sistema.soluctem.com.co/api/submit.php on line 56
[11-Feb-2025 14:15:41 UTC] PHP Warning:  Undefined array key "contratista2" in /home/soluctem/sistema.soluctem.com.co/api/submit.php on line 57
[11-Feb-2025 14:15:41 UTC] PHP Warning:  Undefined array key "cedula2" in /home/soluctem/sistema.soluctem.com.co/api/submit.php on line 58
[11-Feb-2025 14:15:41 UTC] PHP Warning:  Undefined array key "horaEntrada2" in /home/soluctem/sistema.soluctem.com.co/api/submit.php on line 59
[11-Feb-2025 14:15:41 UTC] PHP Warning:  Undefined array key "horaSalida2" in /home/soluctem/sistema.soluctem.com.co/api/submit.php on line 60
[11-Feb-2025 14:15:41 UTC] PHP Warning:  Undefined array key "contratista3" in /home/soluctem/sistema.soluctem.com.co/api/submit.php on line 61
[11-Feb-2025 14:15:41 UTC] PHP Warning:  Undefined array key "cedula3" in /home/soluctem/sistema.soluctem.com.co/api/submit.php on line 62
[11-Feb-2025 14:15:41 UTC] PHP Warning:  Undefined array key "horaEntrada3" in /home/soluctem/sistema.soluctem.com.co/api/submit.php on line 63
[11-Feb-2025 14:15:41 UTC] PHP Warning:  Undefined array key "horaSalida3" in /home/soluctem/sistema.soluctem.com.co/api/submit.php on line 64
[11-Feb-2025 14:15:41 UTC] PHP Warning:  Undefined array key "contratista4" in /home/soluctem/sistema.soluctem.com.co/api/submit.php on line 65
[11-Feb-2025 14:15:41 UTC] PHP Warning:  Undefined array key "cedula4" in /home/soluctem/sistema.soluctem.com.co/api/submit.php on line 66
[11-Feb-2025 14:15:41 UTC] PHP Warning:  Undefined array key "horaEntrada4" in /home/soluctem/sistema.soluctem.com.co/api/submit.php on line 67
[11-Feb-2025 14:15:41 UTC] PHP Warning:  Undefined array key "horaSalida4" in /home/soluctem/sistema.soluctem.com.co/api/submit.php on line 68
[11-Feb-2025 14:15:41 UTC] PHP Warning:  Undefined array key "nombreFuncionario" in /home/soluctem/sistema.soluctem.com.co/api/submit.php on line 69
[11-Feb-2025 14:15:41 UTC] PHP Warning:  Undefined array key "cedulaFuncionario" in /home/soluctem/sistema.soluctem.com.co/api/submit.php on line 70
[11-Feb-2025 14:15:41 UTC] PHP Warning:  Undefined array key "cargoFuncionario" in /home/soluctem/sistema.soluctem.com.co/api/submit.php on line 71
[11-Feb-2025 14:15:41 UTC] PHP Warning:  Undefined array key "sapFuncionario" in /home/soluctem/sistema.soluctem.com.co/api/submit.php on line 72
[11-Feb-2025 14:15:41 UTC] PHP Warning:  Undefined array key "timestamp" in /home/soluctem/sistema.soluctem.com.co/api/submit.php on line 73
[11-Feb-2025 14:15:41 UTC] PHP Warning:  Undefined array key "asistenciaReparacion" in /home/soluctem/sistema.soluctem.com.co/api/submit.php on line 74
[11-Feb-2025 14:15:41 UTC] PHP Warning:  Undefined array key "asistenciaGarantia" in /home/soluctem/sistema.soluctem.com.co/api/submit.php on line 75
[11-Feb-2025 14:15:41 UTC] PHP Warning:  Undefined array key "asistenciaAjuste" in /home/soluctem/sistema.soluctem.com.co/api/submit.php on line 76
[11-Feb-2025 14:15:41 UTC] PHP Warning:  Undefined array key "asistenciaModificacion" in /home/soluctem/sistema.soluctem.com.co/api/submit.php on line 77
[11-Feb-2025 14:15:41 UTC] PHP Warning:  Undefined array key "asistenciaServicio" in /home/soluctem/sistema.soluctem.com.co/api/submit.php on line 78
[11-Feb-2025 14:15:41 UTC] PHP Warning:  Undefined array key "asistenciaMejora" in /home/soluctem/sistema.soluctem.com.co/api/submit.php on line 79
[11-Feb-2025 14:15:41 UTC] PHP Warning:  Undefined array key "asistenciaCombinacion" in /home/soluctem/sistema.soluctem.com.co/api/submit.php on line 80
[11-Feb-2025 14:15:41 UTC] PHP Warning:  Undefined array key "fallaOperacion" in /home/soluctem/sistema.soluctem.com.co/api/submit.php on line 81
[11-Feb-2025 14:15:41 UTC] PHP Warning:  Undefined array key "fallaMecanica" in /home/soluctem/sistema.soluctem.com.co/api/submit.php on line 82
[11-Feb-2025 14:15:41 UTC] PHP Warning:  Undefined array key "fallaElectrica" in /home/soluctem/sistema.soluctem.com.co/api/submit.php on line 83
[11-Feb-2025 14:15:41 UTC] PHP Warning:  Undefined array key "fallaTerceros" in /home/soluctem/sistema.soluctem.com.co/api/submit.php on line 84
[11-Feb-2025 14:15:41 UTC] PHP Warning:  Undefined array key "fallaFabricacion" in /home/soluctem/sistema.soluctem.com.co/api/submit.php on line 85
[11-Feb-2025 14:15:41 UTC] PHP Warning:  Undefined array key "firma_digital_cliente" in /home/soluctem/sistema.soluctem.com.co/api/submit.php on line 86
[11-Feb-2025 14:15:41 UTC] PHP Warning:  Undefined array key "firma_digital_tecnico" in /home/soluctem/sistema.soluctem.com.co/api/submit.php on line 87
[11-Feb-2025 19:26:51 UTC] PHP Warning:  Undefined array key "nombreSolicitante" in /home/soluctem/sistema.soluctem.com.co/api/submit.php on line 28
[11-Feb-2025 19:26:51 UTC] PHP Warning:  Undefined array key "cargo" in /home/soluctem/sistema.soluctem.com.co/api/submit.php on line 29
[11-Feb-2025 19:26:51 UTC] PHP Warning:  Undefined array key "nombreTienda" in /home/soluctem/sistema.soluctem.com.co/api/submit.php on line 30
[11-Feb-2025 19:26:51 UTC] PHP Warning:  Undefined array key "numeroTienda" in /home/soluctem/sistema.soluctem.com.co/api/submit.php on line 31
[11-Feb-2025 19:26:51 UTC] PHP Warning:  Undefined array key "numeroTicket" in /home/soluctem/sistema.soluctem.com.co/api/submit.php on line 32
[11-Feb-2025 19:26:51 UTC] PHP Warning:  Undefined array key "fecha" in /home/soluctem/sistema.soluctem.com.co/api/submit.php on line 33
[11-Feb-2025 19:26:51 UTC] PHP Warning:  Undefined array key "municipio" in /home/soluctem/sistema.soluctem.com.co/api/submit.php on line 34
[11-Feb-2025 19:26:51 UTC] PHP Warning:  Undefined array key "departamento" in /home/soluctem/sistema.soluctem.com.co/api/submit.php on line 35
[11-Feb-2025 19:26:51 UTC] PHP Warning:  Undefined array key "nombreEquipo" in /home/soluctem/sistema.soluctem.com.co/api/submit.php on line 36
[11-Feb-2025 19:26:51 UTC] PHP Warning:  Undefined array key "marca" in /home/soluctem/sistema.soluctem.com.co/api/submit.php on line 37
[11-Feb-2025 19:26:51 UTC] PHP Warning:  Undefined array key "serial" in /home/soluctem/sistema.soluctem.com.co/api/submit.php on line 38
[11-Feb-2025 19:26:51 UTC] PHP Warning:  Undefined array key "descripcionFalla" in /home/soluctem/sistema.soluctem.com.co/api/submit.php on line 39
[11-Feb-2025 19:26:51 UTC] PHP Warning:  Undefined array key "diagnosticoTecnico" in /home/soluctem/sistema.soluctem.com.co/api/submit.php on line 40
[11-Feb-2025 19:26:51 UTC] PHP Warning:  Undefined array key "repuestosCambiados" in /home/soluctem/sistema.soluctem.com.co/api/submit.php on line 41
[11-Feb-2025 19:26:51 UTC] PHP Warning:  Undefined array key "observaciones" in /home/soluctem/sistema.soluctem.com.co/api/submit.php on line 42
[11-Feb-2025 19:26:51 UTC] PHP Warning:  Undefined array key "seguridadRiesgoAccidentalidad" in /home/soluctem/sistema.soluctem.com.co/api/submit.php on line 43
[11-Feb-2025 19:26:51 UTC] PHP Warning:  Undefined array key "seguridadRiesgoEquipo" in /home/soluctem/sistema.soluctem.com.co/api/submit.php on line 44
[11-Feb-2025 19:26:51 UTC] PHP Warning:  Undefined array key "funcionamientoFallaSolucionada" in /home/soluctem/sistema.soluctem.com.co/api/submit.php on line 45
[11-Feb-2025 19:26:51 UTC] PHP Warning:  Undefined array key "funcionamientoPasosNormales" in /home/soluctem/sistema.soluctem.com.co/api/submit.php on line 46
[11-Feb-2025 19:26:51 UTC] PHP Warning:  Undefined array key "calidadTrabajo" in /home/soluctem/sistema.soluctem.com.co/api/submit.php on line 47
[11-Feb-2025 19:26:51 UTC] PHP Warning:  Undefined array key "limpiezaOrganizacionArmado" in /home/soluctem/sistema.soluctem.com.co/api/submit.php on line 48
[11-Feb-2025 19:26:51 UTC] PHP Warning:  Undefined array key "limpiezaOrganizacionAseado" in /home/soluctem/sistema.soluctem.com.co/api/submit.php on line 49
[11-Feb-2025 19:26:51 UTC] PHP Warning:  Undefined array key "capacitacionCausa" in /home/soluctem/sistema.soluctem.com.co/api/submit.php on line 50
[11-Feb-2025 19:26:51 UTC] PHP Warning:  Undefined array key "capacitacionPrevencion" in /home/soluctem/sistema.soluctem.com.co/api/submit.php on line 51
[11-Feb-2025 19:26:51 UTC] PHP Warning:  Undefined array key "capacitacionAccion" in /home/soluctem/sistema.soluctem.com.co/api/submit.php on line 52
[11-Feb-2025 19:26:51 UTC] PHP Warning:  Undefined array key "contratista1" in /home/soluctem/sistema.soluctem.com.co/api/submit.php on line 53
[11-Feb-2025 19:26:51 UTC] PHP Warning:  Undefined array key "cedula1" in /home/soluctem/sistema.soluctem.com.co/api/submit.php on line 54
[11-Feb-2025 19:26:51 UTC] PHP Warning:  Undefined array key "horaEntrada1" in /home/soluctem/sistema.soluctem.com.co/api/submit.php on line 55
[11-Feb-2025 19:26:51 UTC] PHP Warning:  Undefined array key "horaSalida1" in /home/soluctem/sistema.soluctem.com.co/api/submit.php on line 56
[11-Feb-2025 19:26:51 UTC] PHP Warning:  Undefined array key "contratista2" in /home/soluctem/sistema.soluctem.com.co/api/submit.php on line 57
[11-Feb-2025 19:26:51 UTC] PHP Warning:  Undefined array key "cedula2" in /home/soluctem/sistema.soluctem.com.co/api/submit.php on line 58
[11-Feb-2025 19:26:51 UTC] PHP Warning:  Undefined array key "horaEntrada2" in /home/soluctem/sistema.soluctem.com.co/api/submit.php on line 59
[11-Feb-2025 19:26:51 UTC] PHP Warning:  Undefined array key "horaSalida2" in /home/soluctem/sistema.soluctem.com.co/api/submit.php on line 60
[11-Feb-2025 19:26:51 UTC] PHP Warning:  Undefined array key "contratista3" in /home/soluctem/sistema.soluctem.com.co/api/submit.php on line 61
[11-Feb-2025 19:26:51 UTC] PHP Warning:  Undefined array key "cedula3" in /home/soluctem/sistema.soluctem.com.co/api/submit.php on line 62
[11-Feb-2025 19:26:51 UTC] PHP Warning:  Undefined array key "horaEntrada3" in /home/soluctem/sistema.soluctem.com.co/api/submit.php on line 63
[11-Feb-2025 19:26:51 UTC] PHP Warning:  Undefined array key "horaSalida3" in /home/soluctem/sistema.soluctem.com.co/api/submit.php on line 64
[11-Feb-2025 19:26:51 UTC] PHP Warning:  Undefined array key "contratista4" in /home/soluctem/sistema.soluctem.com.co/api/submit.php on line 65
[11-Feb-2025 19:26:51 UTC] PHP Warning:  Undefined array key "cedula4" in /home/soluctem/sistema.soluctem.com.co/api/submit.php on line 66
[11-Feb-2025 19:26:51 UTC] PHP Warning:  Undefined array key "horaEntrada4" in /home/soluctem/sistema.soluctem.com.co/api/submit.php on line 67
[11-Feb-2025 19:26:51 UTC] PHP Warning:  Undefined array key "horaSalida4" in /home/soluctem/sistema.soluctem.com.co/api/submit.php on line 68
[11-Feb-2025 19:26:51 UTC] PHP Warning:  Undefined array key "nombreFuncionario" in /home/soluctem/sistema.soluctem.com.co/api/submit.php on line 69
[11-Feb-2025 19:26:51 UTC] PHP Warning:  Undefined array key "cedulaFuncionario" in /home/soluctem/sistema.soluctem.com.co/api/submit.php on line 70
[11-Feb-2025 19:26:51 UTC] PHP Warning:  Undefined array key "cargoFuncionario" in /home/soluctem/sistema.soluctem.com.co/api/submit.php on line 71
[11-Feb-2025 19:26:51 UTC] PHP Warning:  Undefined array key "sapFuncionario" in /home/soluctem/sistema.soluctem.com.co/api/submit.php on line 72
[11-Feb-2025 19:26:51 UTC] PHP Warning:  Undefined array key "timestamp" in /home/soluctem/sistema.soluctem.com.co/api/submit.php on line 73
[11-Feb-2025 19:26:51 UTC] PHP Warning:  Undefined array key "asistenciaReparacion" in /home/soluctem/sistema.soluctem.com.co/api/submit.php on line 74
[11-Feb-2025 19:26:51 UTC] PHP Warning:  Undefined array key "asistenciaGarantia" in /home/soluctem/sistema.soluctem.com.co/api/submit.php on line 75
[11-Feb-2025 19:26:51 UTC] PHP Warning:  Undefined array key "asistenciaAjuste" in /home/soluctem/sistema.soluctem.com.co/api/submit.php on line 76
[11-Feb-2025 19:26:51 UTC] PHP Warning:  Undefined array key "asistenciaModificacion" in /home/soluctem/sistema.soluctem.com.co/api/submit.php on line 77
[11-Feb-2025 19:26:51 UTC] PHP Warning:  Undefined array key "asistenciaServicio" in /home/soluctem/sistema.soluctem.com.co/api/submit.php on line 78
[11-Feb-2025 19:26:51 UTC] PHP Warning:  Undefined array key "asistenciaMejora" in /home/soluctem/sistema.soluctem.com.co/api/submit.php on line 79
[11-Feb-2025 19:26:51 UTC] PHP Warning:  Undefined array key "asistenciaCombinacion" in /home/soluctem/sistema.soluctem.com.co/api/submit.php on line 80
[11-Feb-2025 19:26:51 UTC] PHP Warning:  Undefined array key "fallaOperacion" in /home/soluctem/sistema.soluctem.com.co/api/submit.php on line 81
[11-Feb-2025 19:26:51 UTC] PHP Warning:  Undefined array key "fallaMecanica" in /home/soluctem/sistema.soluctem.com.co/api/submit.php on line 82
[11-Feb-2025 19:26:51 UTC] PHP Warning:  Undefined array key "fallaElectrica" in /home/soluctem/sistema.soluctem.com.co/api/submit.php on line 83
[11-Feb-2025 19:26:51 UTC] PHP Warning:  Undefined array key "fallaTerceros" in /home/soluctem/sistema.soluctem.com.co/api/submit.php on line 84
[11-Feb-2025 19:26:51 UTC] PHP Warning:  Undefined array key "fallaFabricacion" in /home/soluctem/sistema.soluctem.com.co/api/submit.php on line 85
[11-Feb-2025 19:26:51 UTC] PHP Warning:  Undefined array key "firma_digital_cliente" in /home/soluctem/sistema.soluctem.com.co/api/submit.php on line 86
[11-Feb-2025 19:26:51 UTC] PHP Warning:  Undefined array key "firma_digital_tecnico" in /home/soluctem/sistema.soluctem.com.co/api/submit.php on line 87
[12-Feb-2025 17:32:11 UTC] PHP Warning:  Undefined array key "nombreSolicitante" in /home/soluctem/sistema.soluctem.com.co/api/submit.php on line 28
[12-Feb-2025 17:32:11 UTC] PHP Warning:  Undefined array key "cargo" in /home/soluctem/sistema.soluctem.com.co/api/submit.php on line 29
[12-Feb-2025 17:32:11 UTC] PHP Warning:  Undefined array key "nombreTienda" in /home/soluctem/sistema.soluctem.com.co/api/submit.php on line 30
[12-Feb-2025 17:32:11 UTC] PHP Warning:  Undefined array key "numeroTienda" in /home/soluctem/sistema.soluctem.com.co/api/submit.php on line 31
[12-Feb-2025 17:32:11 UTC] PHP Warning:  Undefined array key "numeroTicket" in /home/soluctem/sistema.soluctem.com.co/api/submit.php on line 32
[12-Feb-2025 17:32:11 UTC] PHP Warning:  Undefined array key "fecha" in /home/soluctem/sistema.soluctem.com.co/api/submit.php on line 33
[12-Feb-2025 17:32:11 UTC] PHP Warning:  Undefined array key "municipio" in /home/soluctem/sistema.soluctem.com.co/api/submit.php on line 34
[12-Feb-2025 17:32:11 UTC] PHP Warning:  Undefined array key "departamento" in /home/soluctem/sistema.soluctem.com.co/api/submit.php on line 35
[12-Feb-2025 17:32:11 UTC] PHP Warning:  Undefined array key "nombreEquipo" in /home/soluctem/sistema.soluctem.com.co/api/submit.php on line 36
[12-Feb-2025 17:32:11 UTC] PHP Warning:  Undefined array key "marca" in /home/soluctem/sistema.soluctem.com.co/api/submit.php on line 37
[12-Feb-2025 17:32:11 UTC] PHP Warning:  Undefined array key "serial" in /home/soluctem/sistema.soluctem.com.co/api/submit.php on line 38
[12-Feb-2025 17:32:11 UTC] PHP Warning:  Undefined array key "descripcionFalla" in /home/soluctem/sistema.soluctem.com.co/api/submit.php on line 39
[12-Feb-2025 17:32:11 UTC] PHP Warning:  Undefined array key "diagnosticoTecnico" in /home/soluctem/sistema.soluctem.com.co/api/submit.php on line 40
[12-Feb-2025 17:32:11 UTC] PHP Warning:  Undefined array key "repuestosCambiados" in /home/soluctem/sistema.soluctem.com.co/api/submit.php on line 41
[12-Feb-2025 17:32:11 UTC] PHP Warning:  Undefined array key "observaciones" in /home/soluctem/sistema.soluctem.com.co/api/submit.php on line 42
[12-Feb-2025 17:32:11 UTC] PHP Warning:  Undefined array key "seguridadRiesgoAccidentalidad" in /home/soluctem/sistema.soluctem.com.co/api/submit.php on line 43
[12-Feb-2025 17:32:11 UTC] PHP Warning:  Undefined array key "seguridadRiesgoEquipo" in /home/soluctem/sistema.soluctem.com.co/api/submit.php on line 44
[12-Feb-2025 17:32:11 UTC] PHP Warning:  Undefined array key "funcionamientoFallaSolucionada" in /home/soluctem/sistema.soluctem.com.co/api/submit.php on line 45
[12-Feb-2025 17:32:11 UTC] PHP Warning:  Undefined array key "funcionamientoPasosNormales" in /home/soluctem/sistema.soluctem.com.co/api/submit.php on line 46
[12-Feb-2025 17:32:11 UTC] PHP Warning:  Undefined array key "calidadTrabajo" in /home/soluctem/sistema.soluctem.com.co/api/submit.php on line 47
[12-Feb-2025 17:32:11 UTC] PHP Warning:  Undefined array key "limpiezaOrganizacionArmado" in /home/soluctem/sistema.soluctem.com.co/api/submit.php on line 48
[12-Feb-2025 17:32:11 UTC] PHP Warning:  Undefined array key "limpiezaOrganizacionAseado" in /home/soluctem/sistema.soluctem.com.co/api/submit.php on line 49
[12-Feb-2025 17:32:11 UTC] PHP Warning:  Undefined array key "capacitacionCausa" in /home/soluctem/sistema.soluctem.com.co/api/submit.php on line 50
[12-Feb-2025 17:32:11 UTC] PHP Warning:  Undefined array key "capacitacionPrevencion" in /home/soluctem/sistema.soluctem.com.co/api/submit.php on line 51
[12-Feb-2025 17:32:11 UTC] PHP Warning:  Undefined array key "capacitacionAccion" in /home/soluctem/sistema.soluctem.com.co/api/submit.php on line 52
[12-Feb-2025 17:32:11 UTC] PHP Warning:  Undefined array key "contratista1" in /home/soluctem/sistema.soluctem.com.co/api/submit.php on line 53
[12-Feb-2025 17:32:11 UTC] PHP Warning:  Undefined array key "cedula1" in /home/soluctem/sistema.soluctem.com.co/api/submit.php on line 54
[12-Feb-2025 17:32:11 UTC] PHP Warning:  Undefined array key "horaEntrada1" in /home/soluctem/sistema.soluctem.com.co/api/submit.php on line 55
[12-Feb-2025 17:32:11 UTC] PHP Warning:  Undefined array key "horaSalida1" in /home/soluctem/sistema.soluctem.com.co/api/submit.php on line 56
[12-Feb-2025 17:32:11 UTC] PHP Warning:  Undefined array key "contratista2" in /home/soluctem/sistema.soluctem.com.co/api/submit.php on line 57
[12-Feb-2025 17:32:11 UTC] PHP Warning:  Undefined array key "cedula2" in /home/soluctem/sistema.soluctem.com.co/api/submit.php on line 58
[12-Feb-2025 17:32:11 UTC] PHP Warning:  Undefined array key "horaEntrada2" in /home/soluctem/sistema.soluctem.com.co/api/submit.php on line 59
[12-Feb-2025 17:32:11 UTC] PHP Warning:  Undefined array key "horaSalida2" in /home/soluctem/sistema.soluctem.com.co/api/submit.php on line 60
[12-Feb-2025 17:32:11 UTC] PHP Warning:  Undefined array key "contratista3" in /home/soluctem/sistema.soluctem.com.co/api/submit.php on line 61
[12-Feb-2025 17:32:11 UTC] PHP Warning:  Undefined array key "cedula3" in /home/soluctem/sistema.soluctem.com.co/api/submit.php on line 62
[12-Feb-2025 17:32:11 UTC] PHP Warning:  Undefined array key "horaEntrada3" in /home/soluctem/sistema.soluctem.com.co/api/submit.php on line 63
[12-Feb-2025 17:32:11 UTC] PHP Warning:  Undefined array key "horaSalida3" in /home/soluctem/sistema.soluctem.com.co/api/submit.php on line 64
[12-Feb-2025 17:32:11 UTC] PHP Warning:  Undefined array key "contratista4" in /home/soluctem/sistema.soluctem.com.co/api/submit.php on line 65
[12-Feb-2025 17:32:11 UTC] PHP Warning:  Undefined array key "cedula4" in /home/soluctem/sistema.soluctem.com.co/api/submit.php on line 66
[12-Feb-2025 17:32:11 UTC] PHP Warning:  Undefined array key "horaEntrada4" in /home/soluctem/sistema.soluctem.com.co/api/submit.php on line 67
[12-Feb-2025 17:32:11 UTC] PHP Warning:  Undefined array key "horaSalida4" in /home/soluctem/sistema.soluctem.com.co/api/submit.php on line 68
[12-Feb-2025 17:32:11 UTC] PHP Warning:  Undefined array key "nombreFuncionario" in /home/soluctem/sistema.soluctem.com.co/api/submit.php on line 69
[12-Feb-2025 17:32:11 UTC] PHP Warning:  Undefined array key "cedulaFuncionario" in /home/soluctem/sistema.soluctem.com.co/api/submit.php on line 70
[12-Feb-2025 17:32:11 UTC] PHP Warning:  Undefined array key "cargoFuncionario" in /home/soluctem/sistema.soluctem.com.co/api/submit.php on line 71
[12-Feb-2025 17:32:11 UTC] PHP Warning:  Undefined array key "sapFuncionario" in /home/soluctem/sistema.soluctem.com.co/api/submit.php on line 72
[12-Feb-2025 17:32:11 UTC] PHP Warning:  Undefined array key "timestamp" in /home/soluctem/sistema.soluctem.com.co/api/submit.php on line 73
[12-Feb-2025 17:32:11 UTC] PHP Warning:  Undefined array key "asistenciaReparacion" in /home/soluctem/sistema.soluctem.com.co/api/submit.php on line 74
[12-Feb-2025 17:32:11 UTC] PHP Warning:  Undefined array key "asistenciaGarantia" in /home/soluctem/sistema.soluctem.com.co/api/submit.php on line 75
[12-Feb-2025 17:32:11 UTC] PHP Warning:  Undefined array key "asistenciaAjuste" in /home/soluctem/sistema.soluctem.com.co/api/submit.php on line 76
[12-Feb-2025 17:32:11 UTC] PHP Warning:  Undefined array key "asistenciaModificacion" in /home/soluctem/sistema.soluctem.com.co/api/submit.php on line 77
[12-Feb-2025 17:32:11 UTC] PHP Warning:  Undefined array key "asistenciaServicio" in /home/soluctem/sistema.soluctem.com.co/api/submit.php on line 78
[12-Feb-2025 17:32:11 UTC] PHP Warning:  Undefined array key "asistenciaMejora" in /home/soluctem/sistema.soluctem.com.co/api/submit.php on line 79
[12-Feb-2025 17:32:11 UTC] PHP Warning:  Undefined array key "asistenciaCombinacion" in /home/soluctem/sistema.soluctem.com.co/api/submit.php on line 80
[12-Feb-2025 17:32:11 UTC] PHP Warning:  Undefined array key "fallaOperacion" in /home/soluctem/sistema.soluctem.com.co/api/submit.php on line 81
[12-Feb-2025 17:32:11 UTC] PHP Warning:  Undefined array key "fallaMecanica" in /home/soluctem/sistema.soluctem.com.co/api/submit.php on line 82
[12-Feb-2025 17:32:11 UTC] PHP Warning:  Undefined array key "fallaElectrica" in /home/soluctem/sistema.soluctem.com.co/api/submit.php on line 83
[12-Feb-2025 17:32:11 UTC] PHP Warning:  Undefined array key "fallaTerceros" in /home/soluctem/sistema.soluctem.com.co/api/submit.php on line 84
[12-Feb-2025 17:32:11 UTC] PHP Warning:  Undefined array key "fallaFabricacion" in /home/soluctem/sistema.soluctem.com.co/api/submit.php on line 85
[12-Feb-2025 17:32:11 UTC] PHP Warning:  Undefined array key "firma_digital_cliente" in /home/soluctem/sistema.soluctem.com.co/api/submit.php on line 86
[12-Feb-2025 17:32:11 UTC] PHP Warning:  Undefined array key "firma_digital_tecnico" in /home/soluctem/sistema.soluctem.com.co/api/submit.php on line 87
[13-Feb-2025 14:26:27 UTC] PHP Warning:  Undefined array key "nombreSolicitante" in /home/soluctem/sistema.soluctem.com.co/api/submit.php on line 28
[13-Feb-2025 14:26:27 UTC] PHP Warning:  Undefined array key "cargo" in /home/soluctem/sistema.soluctem.com.co/api/submit.php on line 29
[13-Feb-2025 14:26:27 UTC] PHP Warning:  Undefined array key "nombreTienda" in /home/soluctem/sistema.soluctem.com.co/api/submit.php on line 30
[13-Feb-2025 14:26:27 UTC] PHP Warning:  Undefined array key "numeroTienda" in /home/soluctem/sistema.soluctem.com.co/api/submit.php on line 31
[13-Feb-2025 14:26:27 UTC] PHP Warning:  Undefined array key "numeroTicket" in /home/soluctem/sistema.soluctem.com.co/api/submit.php on line 32
[13-Feb-2025 14:26:27 UTC] PHP Warning:  Undefined array key "fecha" in /home/soluctem/sistema.soluctem.com.co/api/submit.php on line 33
[13-Feb-2025 14:26:27 UTC] PHP Warning:  Undefined array key "municipio" in /home/soluctem/sistema.soluctem.com.co/api/submit.php on line 34
[13-Feb-2025 14:26:27 UTC] PHP Warning:  Undefined array key "departamento" in /home/soluctem/sistema.soluctem.com.co/api/submit.php on line 35
[13-Feb-2025 14:26:27 UTC] PHP Warning:  Undefined array key "nombreEquipo" in /home/soluctem/sistema.soluctem.com.co/api/submit.php on line 36
[13-Feb-2025 14:26:27 UTC] PHP Warning:  Undefined array key "marca" in /home/soluctem/sistema.soluctem.com.co/api/submit.php on line 37
[13-Feb-2025 14:26:27 UTC] PHP Warning:  Undefined array key "serial" in /home/soluctem/sistema.soluctem.com.co/api/submit.php on line 38
[13-Feb-2025 14:26:27 UTC] PHP Warning:  Undefined array key "descripcionFalla" in /home/soluctem/sistema.soluctem.com.co/api/submit.php on line 39
[13-Feb-2025 14:26:27 UTC] PHP Warning:  Undefined array key "diagnosticoTecnico" in /home/soluctem/sistema.soluctem.com.co/api/submit.php on line 40
[13-Feb-2025 14:26:27 UTC] PHP Warning:  Undefined array key "repuestosCambiados" in /home/soluctem/sistema.soluctem.com.co/api/submit.php on line 41
[13-Feb-2025 14:26:27 UTC] PHP Warning:  Undefined array key "observaciones" in /home/soluctem/sistema.soluctem.com.co/api/submit.php on line 42
[13-Feb-2025 14:26:27 UTC] PHP Warning:  Undefined array key "seguridadRiesgoAccidentalidad" in /home/soluctem/sistema.soluctem.com.co/api/submit.php on line 43
[13-Feb-2025 14:26:27 UTC] PHP Warning:  Undefined array key "seguridadRiesgoEquipo" in /home/soluctem/sistema.soluctem.com.co/api/submit.php on line 44
[13-Feb-2025 14:26:27 UTC] PHP Warning:  Undefined array key "funcionamientoFallaSolucionada" in /home/soluctem/sistema.soluctem.com.co/api/submit.php on line 45
[13-Feb-2025 14:26:27 UTC] PHP Warning:  Undefined array key "funcionamientoPasosNormales" in /home/soluctem/sistema.soluctem.com.co/api/submit.php on line 46
[13-Feb-2025 14:26:27 UTC] PHP Warning:  Undefined array key "calidadTrabajo" in /home/soluctem/sistema.soluctem.com.co/api/submit.php on line 47
[13-Feb-2025 14:26:27 UTC] PHP Warning:  Undefined array key "limpiezaOrganizacionArmado" in /home/soluctem/sistema.soluctem.com.co/api/submit.php on line 48
[13-Feb-2025 14:26:27 UTC] PHP Warning:  Undefined array key "limpiezaOrganizacionAseado" in /home/soluctem/sistema.soluctem.com.co/api/submit.php on line 49
[13-Feb-2025 14:26:27 UTC] PHP Warning:  Undefined array key "capacitacionCausa" in /home/soluctem/sistema.soluctem.com.co/api/submit.php on line 50
[13-Feb-2025 14:26:27 UTC] PHP Warning:  Undefined array key "capacitacionPrevencion" in /home/soluctem/sistema.soluctem.com.co/api/submit.php on line 51
[13-Feb-2025 14:26:27 UTC] PHP Warning:  Undefined array key "capacitacionAccion" in /home/soluctem/sistema.soluctem.com.co/api/submit.php on line 52
[13-Feb-2025 14:26:27 UTC] PHP Warning:  Undefined array key "contratista1" in /home/soluctem/sistema.soluctem.com.co/api/submit.php on line 53
[13-Feb-2025 14:26:27 UTC] PHP Warning:  Undefined array key "cedula1" in /home/soluctem/sistema.soluctem.com.co/api/submit.php on line 54
[13-Feb-2025 14:26:27 UTC] PHP Warning:  Undefined array key "horaEntrada1" in /home/soluctem/sistema.soluctem.com.co/api/submit.php on line 55
[13-Feb-2025 14:26:27 UTC] PHP Warning:  Undefined array key "horaSalida1" in /home/soluctem/sistema.soluctem.com.co/api/submit.php on line 56
[13-Feb-2025 14:26:27 UTC] PHP Warning:  Undefined array key "contratista2" in /home/soluctem/sistema.soluctem.com.co/api/submit.php on line 57
[13-Feb-2025 14:26:27 UTC] PHP Warning:  Undefined array key "cedula2" in /home/soluctem/sistema.soluctem.com.co/api/submit.php on line 58
[13-Feb-2025 14:26:27 UTC] PHP Warning:  Undefined array key "horaEntrada2" in /home/soluctem/sistema.soluctem.com.co/api/submit.php on line 59
[13-Feb-2025 14:26:27 UTC] PHP Warning:  Undefined array key "horaSalida2" in /home/soluctem/sistema.soluctem.com.co/api/submit.php on line 60
[13-Feb-2025 14:26:27 UTC] PHP Warning:  Undefined array key "contratista3" in /home/soluctem/sistema.soluctem.com.co/api/submit.php on line 61
[13-Feb-2025 14:26:27 UTC] PHP Warning:  Undefined array key "cedula3" in /home/soluctem/sistema.soluctem.com.co/api/submit.php on line 62
[13-Feb-2025 14:26:27 UTC] PHP Warning:  Undefined array key "horaEntrada3" in /home/soluctem/sistema.soluctem.com.co/api/submit.php on line 63
[13-Feb-2025 14:26:27 UTC] PHP Warning:  Undefined array key "horaSalida3" in /home/soluctem/sistema.soluctem.com.co/api/submit.php on line 64
[13-Feb-2025 14:26:27 UTC] PHP Warning:  Undefined array key "contratista4" in /home/soluctem/sistema.soluctem.com.co/api/submit.php on line 65
[13-Feb-2025 14:26:27 UTC] PHP Warning:  Undefined array key "cedula4" in /home/soluctem/sistema.soluctem.com.co/api/submit.php on line 66
[13-Feb-2025 14:26:27 UTC] PHP Warning:  Undefined array key "horaEntrada4" in /home/soluctem/sistema.soluctem.com.co/api/submit.php on line 67
[13-Feb-2025 14:26:27 UTC] PHP Warning:  Undefined array key "horaSalida4" in /home/soluctem/sistema.soluctem.com.co/api/submit.php on line 68
[13-Feb-2025 14:26:27 UTC] PHP Warning:  Undefined array key "nombreFuncionario" in /home/soluctem/sistema.soluctem.com.co/api/submit.php on line 69
[13-Feb-2025 14:26:27 UTC] PHP Warning:  Undefined array key "cedulaFuncionario" in /home/soluctem/sistema.soluctem.com.co/api/submit.php on line 70
[13-Feb-2025 14:26:27 UTC] PHP Warning:  Undefined array key "cargoFuncionario" in /home/soluctem/sistema.soluctem.com.co/api/submit.php on line 71
[13-Feb-2025 14:26:27 UTC] PHP Warning:  Undefined array key "sapFuncionario" in /home/soluctem/sistema.soluctem.com.co/api/submit.php on line 72
[13-Feb-2025 14:26:27 UTC] PHP Warning:  Undefined array key "timestamp" in /home/soluctem/sistema.soluctem.com.co/api/submit.php on line 73
[13-Feb-2025 14:26:27 UTC] PHP Warning:  Undefined array key "asistenciaReparacion" in /home/soluctem/sistema.soluctem.com.co/api/submit.php on line 74
[13-Feb-2025 14:26:27 UTC] PHP Warning:  Undefined array key "asistenciaGarantia" in /home/soluctem/sistema.soluctem.com.co/api/submit.php on line 75
[13-Feb-2025 14:26:27 UTC] PHP Warning:  Undefined array key "asistenciaAjuste" in /home/soluctem/sistema.soluctem.com.co/api/submit.php on line 76
[13-Feb-2025 14:26:27 UTC] PHP Warning:  Undefined array key "asistenciaModificacion" in /home/soluctem/sistema.soluctem.com.co/api/submit.php on line 77
[13-Feb-2025 14:26:27 UTC] PHP Warning:  Undefined array key "asistenciaServicio" in /home/soluctem/sistema.soluctem.com.co/api/submit.php on line 78
[13-Feb-2025 14:26:27 UTC] PHP Warning:  Undefined array key "asistenciaMejora" in /home/soluctem/sistema.soluctem.com.co/api/submit.php on line 79
[13-Feb-2025 14:26:27 UTC] PHP Warning:  Undefined array key "asistenciaCombinacion" in /home/soluctem/sistema.soluctem.com.co/api/submit.php on line 80
[13-Feb-2025 14:26:27 UTC] PHP Warning:  Undefined array key "fallaOperacion" in /home/soluctem/sistema.soluctem.com.co/api/submit.php on line 81
[13-Feb-2025 14:26:27 UTC] PHP Warning:  Undefined array key "fallaMecanica" in /home/soluctem/sistema.soluctem.com.co/api/submit.php on line 82
[13-Feb-2025 14:26:27 UTC] PHP Warning:  Undefined array key "fallaElectrica" in /home/soluctem/sistema.soluctem.com.co/api/submit.php on line 83
[13-Feb-2025 14:26:27 UTC] PHP Warning:  Undefined array key "fallaTerceros" in /home/soluctem/sistema.soluctem.com.co/api/submit.php on line 84
[13-Feb-2025 14:26:27 UTC] PHP Warning:  Undefined array key "fallaFabricacion" in /home/soluctem/sistema.soluctem.com.co/api/submit.php on line 85
[13-Feb-2025 14:26:27 UTC] PHP Warning:  Undefined array key "firma_digital_cliente" in /home/soluctem/sistema.soluctem.com.co/api/submit.php on line 86
[13-Feb-2025 14:26:27 UTC] PHP Warning:  Undefined array key "firma_digital_tecnico" in /home/soluctem/sistema.soluctem.com.co/api/submit.php on line 87
[13-Feb-2025 15:15:02 UTC] PHP Warning:  Undefined array key "nombreSolicitante" in /home/soluctem/sistema.soluctem.com.co/api/submit.php on line 28
[13-Feb-2025 15:15:02 UTC] PHP Warning:  Undefined array key "cargo" in /home/soluctem/sistema.soluctem.com.co/api/submit.php on line 29
[13-Feb-2025 15:15:02 UTC] PHP Warning:  Undefined array key "nombreTienda" in /home/soluctem/sistema.soluctem.com.co/api/submit.php on line 30
[13-Feb-2025 15:15:02 UTC] PHP Warning:  Undefined array key "numeroTienda" in /home/soluctem/sistema.soluctem.com.co/api/submit.php on line 31
[13-Feb-2025 15:15:02 UTC] PHP Warning:  Undefined array key "numeroTicket" in /home/soluctem/sistema.soluctem.com.co/api/submit.php on line 32
[13-Feb-2025 15:15:02 UTC] PHP Warning:  Undefined array key "fecha" in /home/soluctem/sistema.soluctem.com.co/api/submit.php on line 33
[13-Feb-2025 15:15:02 UTC] PHP Warning:  Undefined array key "municipio" in /home/soluctem/sistema.soluctem.com.co/api/submit.php on line 34
[13-Feb-2025 15:15:02 UTC] PHP Warning:  Undefined array key "departamento" in /home/soluctem/sistema.soluctem.com.co/api/submit.php on line 35
[13-Feb-2025 15:15:02 UTC] PHP Warning:  Undefined array key "nombreEquipo" in /home/soluctem/sistema.soluctem.com.co/api/submit.php on line 36
[13-Feb-2025 15:15:02 UTC] PHP Warning:  Undefined array key "marca" in /home/soluctem/sistema.soluctem.com.co/api/submit.php on line 37
[13-Feb-2025 15:15:02 UTC] PHP Warning:  Undefined array key "serial" in /home/soluctem/sistema.soluctem.com.co/api/submit.php on line 38
[13-Feb-2025 15:15:02 UTC] PHP Warning:  Undefined array key "descripcionFalla" in /home/soluctem/sistema.soluctem.com.co/api/submit.php on line 39
[13-Feb-2025 15:15:02 UTC] PHP Warning:  Undefined array key "diagnosticoTecnico" in /home/soluctem/sistema.soluctem.com.co/api/submit.php on line 40
[13-Feb-2025 15:15:02 UTC] PHP Warning:  Undefined array key "repuestosCambiados" in /home/soluctem/sistema.soluctem.com.co/api/submit.php on line 41
[13-Feb-2025 15:15:02 UTC] PHP Warning:  Undefined array key "observaciones" in /home/soluctem/sistema.soluctem.com.co/api/submit.php on line 42
[13-Feb-2025 15:15:02 UTC] PHP Warning:  Undefined array key "seguridadRiesgoAccidentalidad" in /home/soluctem/sistema.soluctem.com.co/api/submit.php on line 43
[13-Feb-2025 15:15:02 UTC] PHP Warning:  Undefined array key "seguridadRiesgoEquipo" in /home/soluctem/sistema.soluctem.com.co/api/submit.php on line 44
[13-Feb-2025 15:15:02 UTC] PHP Warning:  Undefined array key "funcionamientoFallaSolucionada" in /home/soluctem/sistema.soluctem.com.co/api/submit.php on line 45
[13-Feb-2025 15:15:02 UTC] PHP Warning:  Undefined array key "funcionamientoPasosNormales" in /home/soluctem/sistema.soluctem.com.co/api/submit.php on line 46
[13-Feb-2025 15:15:02 UTC] PHP Warning:  Undefined array key "calidadTrabajo" in /home/soluctem/sistema.soluctem.com.co/api/submit.php on line 47
[13-Feb-2025 15:15:02 UTC] PHP Warning:  Undefined array key "limpiezaOrganizacionArmado" in /home/soluctem/sistema.soluctem.com.co/api/submit.php on line 48
[13-Feb-2025 15:15:02 UTC] PHP Warning:  Undefined array key "limpiezaOrganizacionAseado" in /home/soluctem/sistema.soluctem.com.co/api/submit.php on line 49
[13-Feb-2025 15:15:02 UTC] PHP Warning:  Undefined array key "capacitacionCausa" in /home/soluctem/sistema.soluctem.com.co/api/submit.php on line 50
[13-Feb-2025 15:15:02 UTC] PHP Warning:  Undefined array key "capacitacionPrevencion" in /home/soluctem/sistema.soluctem.com.co/api/submit.php on line 51
[13-Feb-2025 15:15:02 UTC] PHP Warning:  Undefined array key "capacitacionAccion" in /home/soluctem/sistema.soluctem.com.co/api/submit.php on line 52
[13-Feb-2025 15:15:02 UTC] PHP Warning:  Undefined array key "contratista1" in /home/soluctem/sistema.soluctem.com.co/api/submit.php on line 53
[13-Feb-2025 15:15:02 UTC] PHP Warning:  Undefined array key "cedula1" in /home/soluctem/sistema.soluctem.com.co/api/submit.php on line 54
[13-Feb-2025 15:15:02 UTC] PHP Warning:  Undefined array key "horaEntrada1" in /home/soluctem/sistema.soluctem.com.co/api/submit.php on line 55
[13-Feb-2025 15:15:02 UTC] PHP Warning:  Undefined array key "horaSalida1" in /home/soluctem/sistema.soluctem.com.co/api/submit.php on line 56
[13-Feb-2025 15:15:02 UTC] PHP Warning:  Undefined array key "contratista2" in /home/soluctem/sistema.soluctem.com.co/api/submit.php on line 57
[13-Feb-2025 15:15:02 UTC] PHP Warning:  Undefined array key "cedula2" in /home/soluctem/sistema.soluctem.com.co/api/submit.php on line 58
[13-Feb-2025 15:15:02 UTC] PHP Warning:  Undefined array key "horaEntrada2" in /home/soluctem/sistema.soluctem.com.co/api/submit.php on line 59
[13-Feb-2025 15:15:02 UTC] PHP Warning:  Undefined array key "horaSalida2" in /home/soluctem/sistema.soluctem.com.co/api/submit.php on line 60
[13-Feb-2025 15:15:02 UTC] PHP Warning:  Undefined array key "contratista3" in /home/soluctem/sistema.soluctem.com.co/api/submit.php on line 61
[13-Feb-2025 15:15:02 UTC] PHP Warning:  Undefined array key "cedula3" in /home/soluctem/sistema.soluctem.com.co/api/submit.php on line 62
[13-Feb-2025 15:15:02 UTC] PHP Warning:  Undefined array key "horaEntrada3" in /home/soluctem/sistema.soluctem.com.co/api/submit.php on line 63
[13-Feb-2025 15:15:02 UTC] PHP Warning:  Undefined array key "horaSalida3" in /home/soluctem/sistema.soluctem.com.co/api/submit.php on line 64
[13-Feb-2025 15:15:02 UTC] PHP Warning:  Undefined array key "contratista4" in /home/soluctem/sistema.soluctem.com.co/api/submit.php on line 65
[13-Feb-2025 15:15:02 UTC] PHP Warning:  Undefined array key "cedula4" in /home/soluctem/sistema.soluctem.com.co/api/submit.php on line 66
[13-Feb-2025 15:15:02 UTC] PHP Warning:  Undefined array key "horaEntrada4" in /home/soluctem/sistema.soluctem.com.co/api/submit.php on line 67
[13-Feb-2025 15:15:02 UTC] PHP Warning:  Undefined array key "horaSalida4" in /home/soluctem/sistema.soluctem.com.co/api/submit.php on line 68
[13-Feb-2025 15:15:02 UTC] PHP Warning:  Undefined array key "nombreFuncionario" in /home/soluctem/sistema.soluctem.com.co/api/submit.php on line 69
[13-Feb-2025 15:15:02 UTC] PHP Warning:  Undefined array key "cedulaFuncionario" in /home/soluctem/sistema.soluctem.com.co/api/submit.php on line 70
[13-Feb-2025 15:15:02 UTC] PHP Warning:  Undefined array key "cargoFuncionario" in /home/soluctem/sistema.soluctem.com.co/api/submit.php on line 71
[13-Feb-2025 15:15:02 UTC] PHP Warning:  Undefined array key "sapFuncionario" in /home/soluctem/sistema.soluctem.com.co/api/submit.php on line 72
[13-Feb-2025 15:15:02 UTC] PHP Warning:  Undefined array key "timestamp" in /home/soluctem/sistema.soluctem.com.co/api/submit.php on line 73
[13-Feb-2025 15:15:02 UTC] PHP Warning:  Undefined array key "asistenciaReparacion" in /home/soluctem/sistema.soluctem.com.co/api/submit.php on line 74
[13-Feb-2025 15:15:02 UTC] PHP Warning:  Undefined array key "asistenciaGarantia" in /home/soluctem/sistema.soluctem.com.co/api/submit.php on line 75
[13-Feb-2025 15:15:02 UTC] PHP Warning:  Undefined array key "asistenciaAjuste" in /home/soluctem/sistema.soluctem.com.co/api/submit.php on line 76
[13-Feb-2025 15:15:02 UTC] PHP Warning:  Undefined array key "asistenciaModificacion" in /home/soluctem/sistema.soluctem.com.co/api/submit.php on line 77
[13-Feb-2025 15:15:02 UTC] PHP Warning:  Undefined array key "asistenciaServicio" in /home/soluctem/sistema.soluctem.com.co/api/submit.php on line 78
[13-Feb-2025 15:15:02 UTC] PHP Warning:  Undefined array key "asistenciaMejora" in /home/soluctem/sistema.soluctem.com.co/api/submit.php on line 79
[13-Feb-2025 15:15:02 UTC] PHP Warning:  Undefined array key "asistenciaCombinacion" in /home/soluctem/sistema.soluctem.com.co/api/submit.php on line 80
[13-Feb-2025 15:15:02 UTC] PHP Warning:  Undefined array key "fallaOperacion" in /home/soluctem/sistema.soluctem.com.co/api/submit.php on line 81
[13-Feb-2025 15:15:02 UTC] PHP Warning:  Undefined array key "fallaMecanica" in /home/soluctem/sistema.soluctem.com.co/api/submit.php on line 82
[13-Feb-2025 15:15:02 UTC] PHP Warning:  Undefined array key "fallaElectrica" in /home/soluctem/sistema.soluctem.com.co/api/submit.php on line 83
[13-Feb-2025 15:15:02 UTC] PHP Warning:  Undefined array key "fallaTerceros" in /home/soluctem/sistema.soluctem.com.co/api/submit.php on line 84
[13-Feb-2025 15:15:02 UTC] PHP Warning:  Undefined array key "fallaFabricacion" in /home/soluctem/sistema.soluctem.com.co/api/submit.php on line 85
[13-Feb-2025 15:15:02 UTC] PHP Warning:  Undefined array key "firma_digital_cliente" in /home/soluctem/sistema.soluctem.com.co/api/submit.php on line 86
[13-Feb-2025 15:15:02 UTC] PHP Warning:  Undefined array key "firma_digital_tecnico" in /home/soluctem/sistema.soluctem.com.co/api/submit.php on line 87
[13-Feb-2025 15:23:37 UTC] PHP Warning:  Undefined array key "nombreSolicitante" in /home/soluctem/sistema.soluctem.com.co/api/submit.php on line 28
[13-Feb-2025 15:23:37 UTC] PHP Warning:  Undefined array key "cargo" in /home/soluctem/sistema.soluctem.com.co/api/submit.php on line 29
[13-Feb-2025 15:23:37 UTC] PHP Warning:  Undefined array key "nombreTienda" in /home/soluctem/sistema.soluctem.com.co/api/submit.php on line 30
[13-Feb-2025 15:23:37 UTC] PHP Warning:  Undefined array key "numeroTienda" in /home/soluctem/sistema.soluctem.com.co/api/submit.php on line 31
[13-Feb-2025 15:23:37 UTC] PHP Warning:  Undefined array key "numeroTicket" in /home/soluctem/sistema.soluctem.com.co/api/submit.php on line 32
[13-Feb-2025 15:23:37 UTC] PHP Warning:  Undefined array key "fecha" in /home/soluctem/sistema.soluctem.com.co/api/submit.php on line 33
[13-Feb-2025 15:23:37 UTC] PHP Warning:  Undefined array key "municipio" in /home/soluctem/sistema.soluctem.com.co/api/submit.php on line 34
[13-Feb-2025 15:23:37 UTC] PHP Warning:  Undefined array key "departamento" in /home/soluctem/sistema.soluctem.com.co/api/submit.php on line 35
[13-Feb-2025 15:23:37 UTC] PHP Warning:  Undefined array key "nombreEquipo" in /home/soluctem/sistema.soluctem.com.co/api/submit.php on line 36
[13-Feb-2025 15:23:37 UTC] PHP Warning:  Undefined array key "marca" in /home/soluctem/sistema.soluctem.com.co/api/submit.php on line 37
[13-Feb-2025 15:23:37 UTC] PHP Warning:  Undefined array key "serial" in /home/soluctem/sistema.soluctem.com.co/api/submit.php on line 38
[13-Feb-2025 15:23:37 UTC] PHP Warning:  Undefined array key "descripcionFalla" in /home/soluctem/sistema.soluctem.com.co/api/submit.php on line 39
[13-Feb-2025 15:23:37 UTC] PHP Warning:  Undefined array key "diagnosticoTecnico" in /home/soluctem/sistema.soluctem.com.co/api/submit.php on line 40
[13-Feb-2025 15:23:37 UTC] PHP Warning:  Undefined array key "repuestosCambiados" in /home/soluctem/sistema.soluctem.com.co/api/submit.php on line 41
[13-Feb-2025 15:23:37 UTC] PHP Warning:  Undefined array key "observaciones" in /home/soluctem/sistema.soluctem.com.co/api/submit.php on line 42
[13-Feb-2025 15:23:37 UTC] PHP Warning:  Undefined array key "seguridadRiesgoAccidentalidad" in /home/soluctem/sistema.soluctem.com.co/api/submit.php on line 43
[13-Feb-2025 15:23:37 UTC] PHP Warning:  Undefined array key "seguridadRiesgoEquipo" in /home/soluctem/sistema.soluctem.com.co/api/submit.php on line 44
[13-Feb-2025 15:23:37 UTC] PHP Warning:  Undefined array key "funcionamientoFallaSolucionada" in /home/soluctem/sistema.soluctem.com.co/api/submit.php on line 45
[13-Feb-2025 15:23:37 UTC] PHP Warning:  Undefined array key "funcionamientoPasosNormales" in /home/soluctem/sistema.soluctem.com.co/api/submit.php on line 46
[13-Feb-2025 15:23:37 UTC] PHP Warning:  Undefined array key "calidadTrabajo" in /home/soluctem/sistema.soluctem.com.co/api/submit.php on line 47
[13-Feb-2025 15:23:37 UTC] PHP Warning:  Undefined array key "limpiezaOrganizacionArmado" in /home/soluctem/sistema.soluctem.com.co/api/submit.php on line 48
[13-Feb-2025 15:23:37 UTC] PHP Warning:  Undefined array key "limpiezaOrganizacionAseado" in /home/soluctem/sistema.soluctem.com.co/api/submit.php on line 49
[13-Feb-2025 15:23:37 UTC] PHP Warning:  Undefined array key "capacitacionCausa" in /home/soluctem/sistema.soluctem.com.co/api/submit.php on line 50
[13-Feb-2025 15:23:37 UTC] PHP Warning:  Undefined array key "capacitacionPrevencion" in /home/soluctem/sistema.soluctem.com.co/api/submit.php on line 51
[13-Feb-2025 15:23:37 UTC] PHP Warning:  Undefined array key "capacitacionAccion" in /home/soluctem/sistema.soluctem.com.co/api/submit.php on line 52
[13-Feb-2025 15:23:37 UTC] PHP Warning:  Undefined array key "contratista1" in /home/soluctem/sistema.soluctem.com.co/api/submit.php on line 53
[13-Feb-2025 15:23:37 UTC] PHP Warning:  Undefined array key "cedula1" in /home/soluctem/sistema.soluctem.com.co/api/submit.php on line 54
[13-Feb-2025 15:23:37 UTC] PHP Warning:  Undefined array key "horaEntrada1" in /home/soluctem/sistema.soluctem.com.co/api/submit.php on line 55
[13-Feb-2025 15:23:37 UTC] PHP Warning:  Undefined array key "horaSalida1" in /home/soluctem/sistema.soluctem.com.co/api/submit.php on line 56
[13-Feb-2025 15:23:37 UTC] PHP Warning:  Undefined array key "contratista2" in /home/soluctem/sistema.soluctem.com.co/api/submit.php on line 57
[13-Feb-2025 15:23:37 UTC] PHP Warning:  Undefined array key "cedula2" in /home/soluctem/sistema.soluctem.com.co/api/submit.php on line 58
[13-Feb-2025 15:23:37 UTC] PHP Warning:  Undefined array key "horaEntrada2" in /home/soluctem/sistema.soluctem.com.co/api/submit.php on line 59
[13-Feb-2025 15:23:37 UTC] PHP Warning:  Undefined array key "horaSalida2" in /home/soluctem/sistema.soluctem.com.co/api/submit.php on line 60
[13-Feb-2025 15:23:37 UTC] PHP Warning:  Undefined array key "contratista3" in /home/soluctem/sistema.soluctem.com.co/api/submit.php on line 61
[13-Feb-2025 15:23:37 UTC] PHP Warning:  Undefined array key "cedula3" in /home/soluctem/sistema.soluctem.com.co/api/submit.php on line 62
[13-Feb-2025 15:23:37 UTC] PHP Warning:  Undefined array key "horaEntrada3" in /home/soluctem/sistema.soluctem.com.co/api/submit.php on line 63
[13-Feb-2025 15:23:37 UTC] PHP Warning:  Undefined array key "horaSalida3" in /home/soluctem/sistema.soluctem.com.co/api/submit.php on line 64
[13-Feb-2025 15:23:37 UTC] PHP Warning:  Undefined array key "contratista4" in /home/soluctem/sistema.soluctem.com.co/api/submit.php on line 65
[13-Feb-2025 15:23:37 UTC] PHP Warning:  Undefined array key "cedula4" in /home/soluctem/sistema.soluctem.com.co/api/submit.php on line 66
[13-Feb-2025 15:23:37 UTC] PHP Warning:  Undefined array key "horaEntrada4" in /home/soluctem/sistema.soluctem.com.co/api/submit.php on line 67
[13-Feb-2025 15:23:37 UTC] PHP Warning:  Undefined array key "horaSalida4" in /home/soluctem/sistema.soluctem.com.co/api/submit.php on line 68
[13-Feb-2025 15:23:37 UTC] PHP Warning:  Undefined array key "nombreFuncionario" in /home/soluctem/sistema.soluctem.com.co/api/submit.php on line 69
[13-Feb-2025 15:23:37 UTC] PHP Warning:  Undefined array key "cedulaFuncionario" in /home/soluctem/sistema.soluctem.com.co/api/submit.php on line 70
[13-Feb-2025 15:23:37 UTC] PHP Warning:  Undefined array key "cargoFuncionario" in /home/soluctem/sistema.soluctem.com.co/api/submit.php on line 71
[13-Feb-2025 15:23:37 UTC] PHP Warning:  Undefined array key "sapFuncionario" in /home/soluctem/sistema.soluctem.com.co/api/submit.php on line 72
[13-Feb-2025 15:23:37 UTC] PHP Warning:  Undefined array key "timestamp" in /home/soluctem/sistema.soluctem.com.co/api/submit.php on line 73
[13-Feb-2025 15:23:37 UTC] PHP Warning:  Undefined array key "asistenciaReparacion" in /home/soluctem/sistema.soluctem.com.co/api/submit.php on line 74
[13-Feb-2025 15:23:37 UTC] PHP Warning:  Undefined array key "asistenciaGarantia" in /home/soluctem/sistema.soluctem.com.co/api/submit.php on line 75
[13-Feb-2025 15:23:37 UTC] PHP Warning:  Undefined array key "asistenciaAjuste" in /home/soluctem/sistema.soluctem.com.co/api/submit.php on line 76
[13-Feb-2025 15:23:37 UTC] PHP Warning:  Undefined array key "asistenciaModificacion" in /home/soluctem/sistema.soluctem.com.co/api/submit.php on line 77
[13-Feb-2025 15:23:37 UTC] PHP Warning:  Undefined array key "asistenciaServicio" in /home/soluctem/sistema.soluctem.com.co/api/submit.php on line 78
[13-Feb-2025 15:23:37 UTC] PHP Warning:  Undefined array key "asistenciaMejora" in /home/soluctem/sistema.soluctem.com.co/api/submit.php on line 79
[13-Feb-2025 15:23:37 UTC] PHP Warning:  Undefined array key "asistenciaCombinacion" in /home/soluctem/sistema.soluctem.com.co/api/submit.php on line 80
[13-Feb-2025 15:23:37 UTC] PHP Warning:  Undefined array key "fallaOperacion" in /home/soluctem/sistema.soluctem.com.co/api/submit.php on line 81
[13-Feb-2025 15:23:37 UTC] PHP Warning:  Undefined array key "fallaMecanica" in /home/soluctem/sistema.soluctem.com.co/api/submit.php on line 82
[13-Feb-2025 15:23:37 UTC] PHP Warning:  Undefined array key "fallaElectrica" in /home/soluctem/sistema.soluctem.com.co/api/submit.php on line 83
[13-Feb-2025 15:23:37 UTC] PHP Warning:  Undefined array key "fallaTerceros" in /home/soluctem/sistema.soluctem.com.co/api/submit.php on line 84
[13-Feb-2025 15:23:37 UTC] PHP Warning:  Undefined array key "fallaFabricacion" in /home/soluctem/sistema.soluctem.com.co/api/submit.php on line 85
[13-Feb-2025 15:23:37 UTC] PHP Warning:  Undefined array key "firma_digital_cliente" in /home/soluctem/sistema.soluctem.com.co/api/submit.php on line 86
[13-Feb-2025 15:23:37 UTC] PHP Warning:  Undefined array key "firma_digital_tecnico" in /home/soluctem/sistema.soluctem.com.co/api/submit.php on line 87
[13-Feb-2025 20:27:05 UTC] PHP Warning:  Undefined array key "nombreSolicitante" in /home/soluctem/sistema.soluctem.com.co/api/submit.php on line 28
[13-Feb-2025 20:27:05 UTC] PHP Warning:  Undefined array key "cargo" in /home/soluctem/sistema.soluctem.com.co/api/submit.php on line 29
[13-Feb-2025 20:27:05 UTC] PHP Warning:  Undefined array key "nombreTienda" in /home/soluctem/sistema.soluctem.com.co/api/submit.php on line 30
[13-Feb-2025 20:27:05 UTC] PHP Warning:  Undefined array key "numeroTienda" in /home/soluctem/sistema.soluctem.com.co/api/submit.php on line 31
[13-Feb-2025 20:27:05 UTC] PHP Warning:  Undefined array key "numeroTicket" in /home/soluctem/sistema.soluctem.com.co/api/submit.php on line 32
[13-Feb-2025 20:27:05 UTC] PHP Warning:  Undefined array key "fecha" in /home/soluctem/sistema.soluctem.com.co/api/submit.php on line 33
[13-Feb-2025 20:27:05 UTC] PHP Warning:  Undefined array key "municipio" in /home/soluctem/sistema.soluctem.com.co/api/submit.php on line 34
[13-Feb-2025 20:27:05 UTC] PHP Warning:  Undefined array key "departamento" in /home/soluctem/sistema.soluctem.com.co/api/submit.php on line 35
[13-Feb-2025 20:27:05 UTC] PHP Warning:  Undefined array key "nombreEquipo" in /home/soluctem/sistema.soluctem.com.co/api/submit.php on line 36
[13-Feb-2025 20:27:05 UTC] PHP Warning:  Undefined array key "marca" in /home/soluctem/sistema.soluctem.com.co/api/submit.php on line 37
[13-Feb-2025 20:27:05 UTC] PHP Warning:  Undefined array key "serial" in /home/soluctem/sistema.soluctem.com.co/api/submit.php on line 38
[13-Feb-2025 20:27:05 UTC] PHP Warning:  Undefined array key "descripcionFalla" in /home/soluctem/sistema.soluctem.com.co/api/submit.php on line 39
[13-Feb-2025 20:27:05 UTC] PHP Warning:  Undefined array key "diagnosticoTecnico" in /home/soluctem/sistema.soluctem.com.co/api/submit.php on line 40
[13-Feb-2025 20:27:05 UTC] PHP Warning:  Undefined array key "repuestosCambiados" in /home/soluctem/sistema.soluctem.com.co/api/submit.php on line 41
[13-Feb-2025 20:27:05 UTC] PHP Warning:  Undefined array key "observaciones" in /home/soluctem/sistema.soluctem.com.co/api/submit.php on line 42
[13-Feb-2025 20:27:05 UTC] PHP Warning:  Undefined array key "seguridadRiesgoAccidentalidad" in /home/soluctem/sistema.soluctem.com.co/api/submit.php on line 43
[13-Feb-2025 20:27:05 UTC] PHP Warning:  Undefined array key "seguridadRiesgoEquipo" in /home/soluctem/sistema.soluctem.com.co/api/submit.php on line 44
[13-Feb-2025 20:27:05 UTC] PHP Warning:  Undefined array key "funcionamientoFallaSolucionada" in /home/soluctem/sistema.soluctem.com.co/api/submit.php on line 45
[13-Feb-2025 20:27:05 UTC] PHP Warning:  Undefined array key "funcionamientoPasosNormales" in /home/soluctem/sistema.soluctem.com.co/api/submit.php on line 46
[13-Feb-2025 20:27:05 UTC] PHP Warning:  Undefined array key "calidadTrabajo" in /home/soluctem/sistema.soluctem.com.co/api/submit.php on line 47
[13-Feb-2025 20:27:05 UTC] PHP Warning:  Undefined array key "limpiezaOrganizacionArmado" in /home/soluctem/sistema.soluctem.com.co/api/submit.php on line 48
[13-Feb-2025 20:27:05 UTC] PHP Warning:  Undefined array key "limpiezaOrganizacionAseado" in /home/soluctem/sistema.soluctem.com.co/api/submit.php on line 49
[13-Feb-2025 20:27:05 UTC] PHP Warning:  Undefined array key "capacitacionCausa" in /home/soluctem/sistema.soluctem.com.co/api/submit.php on line 50
[13-Feb-2025 20:27:05 UTC] PHP Warning:  Undefined array key "capacitacionPrevencion" in /home/soluctem/sistema.soluctem.com.co/api/submit.php on line 51
[13-Feb-2025 20:27:05 UTC] PHP Warning:  Undefined array key "capacitacionAccion" in /home/soluctem/sistema.soluctem.com.co/api/submit.php on line 52
[13-Feb-2025 20:27:05 UTC] PHP Warning:  Undefined array key "contratista1" in /home/soluctem/sistema.soluctem.com.co/api/submit.php on line 53
[13-Feb-2025 20:27:05 UTC] PHP Warning:  Undefined array key "cedula1" in /home/soluctem/sistema.soluctem.com.co/api/submit.php on line 54
[13-Feb-2025 20:27:05 UTC] PHP Warning:  Undefined array key "horaEntrada1" in /home/soluctem/sistema.soluctem.com.co/api/submit.php on line 55
[13-Feb-2025 20:27:05 UTC] PHP Warning:  Undefined array key "horaSalida1" in /home/soluctem/sistema.soluctem.com.co/api/submit.php on line 56
[13-Feb-2025 20:27:05 UTC] PHP Warning:  Undefined array key "contratista2" in /home/soluctem/sistema.soluctem.com.co/api/submit.php on line 57
[13-Feb-2025 20:27:05 UTC] PHP Warning:  Undefined array key "cedula2" in /home/soluctem/sistema.soluctem.com.co/api/submit.php on line 58
[13-Feb-2025 20:27:05 UTC] PHP Warning:  Undefined array key "horaEntrada2" in /home/soluctem/sistema.soluctem.com.co/api/submit.php on line 59
[13-Feb-2025 20:27:05 UTC] PHP Warning:  Undefined array key "horaSalida2" in /home/soluctem/sistema.soluctem.com.co/api/submit.php on line 60
[13-Feb-2025 20:27:05 UTC] PHP Warning:  Undefined array key "contratista3" in /home/soluctem/sistema.soluctem.com.co/api/submit.php on line 61
[13-Feb-2025 20:27:05 UTC] PHP Warning:  Undefined array key "cedula3" in /home/soluctem/sistema.soluctem.com.co/api/submit.php on line 62
[13-Feb-2025 20:27:05 UTC] PHP Warning:  Undefined array key "horaEntrada3" in /home/soluctem/sistema.soluctem.com.co/api/submit.php on line 63
[13-Feb-2025 20:27:05 UTC] PHP Warning:  Undefined array key "horaSalida3" in /home/soluctem/sistema.soluctem.com.co/api/submit.php on line 64
[13-Feb-2025 20:27:05 UTC] PHP Warning:  Undefined array key "contratista4" in /home/soluctem/sistema.soluctem.com.co/api/submit.php on line 65
[13-Feb-2025 20:27:05 UTC] PHP Warning:  Undefined array key "cedula4" in /home/soluctem/sistema.soluctem.com.co/api/submit.php on line 66
[13-Feb-2025 20:27:05 UTC] PHP Warning:  Undefined array key "horaEntrada4" in /home/soluctem/sistema.soluctem.com.co/api/submit.php on line 67
[13-Feb-2025 20:27:05 UTC] PHP Warning:  Undefined array key "horaSalida4" in /home/soluctem/sistema.soluctem.com.co/api/submit.php on line 68
[13-Feb-2025 20:27:05 UTC] PHP Warning:  Undefined array key "nombreFuncionario" in /home/soluctem/sistema.soluctem.com.co/api/submit.php on line 69
[13-Feb-2025 20:27:05 UTC] PHP Warning:  Undefined array key "cedulaFuncionario" in /home/soluctem/sistema.soluctem.com.co/api/submit.php on line 70
[13-Feb-2025 20:27:05 UTC] PHP Warning:  Undefined array key "cargoFuncionario" in /home/soluctem/sistema.soluctem.com.co/api/submit.php on line 71
[13-Feb-2025 20:27:05 UTC] PHP Warning:  Undefined array key "sapFuncionario" in /home/soluctem/sistema.soluctem.com.co/api/submit.php on line 72
[13-Feb-2025 20:27:05 UTC] PHP Warning:  Undefined array key "timestamp" in /home/soluctem/sistema.soluctem.com.co/api/submit.php on line 73
[13-Feb-2025 20:27:05 UTC] PHP Warning:  Undefined array key "asistenciaReparacion" in /home/soluctem/sistema.soluctem.com.co/api/submit.php on line 74
[13-Feb-2025 20:27:05 UTC] PHP Warning:  Undefined array key "asistenciaGarantia" in /home/soluctem/sistema.soluctem.com.co/api/submit.php on line 75
[13-Feb-2025 20:27:05 UTC] PHP Warning:  Undefined array key "asistenciaAjuste" in /home/soluctem/sistema.soluctem.com.co/api/submit.php on line 76
[13-Feb-2025 20:27:05 UTC] PHP Warning:  Undefined array key "asistenciaModificacion" in /home/soluctem/sistema.soluctem.com.co/api/submit.php on line 77
[13-Feb-2025 20:27:05 UTC] PHP Warning:  Undefined array key "asistenciaServicio" in /home/soluctem/sistema.soluctem.com.co/api/submit.php on line 78
[13-Feb-2025 20:27:05 UTC] PHP Warning:  Undefined array key "asistenciaMejora" in /home/soluctem/sistema.soluctem.com.co/api/submit.php on line 79
[13-Feb-2025 20:27:05 UTC] PHP Warning:  Undefined array key "asistenciaCombinacion" in /home/soluctem/sistema.soluctem.com.co/api/submit.php on line 80
[13-Feb-2025 20:27:05 UTC] PHP Warning:  Undefined array key "fallaOperacion" in /home/soluctem/sistema.soluctem.com.co/api/submit.php on line 81
[13-Feb-2025 20:27:05 UTC] PHP Warning:  Undefined array key "fallaMecanica" in /home/soluctem/sistema.soluctem.com.co/api/submit.php on line 82
[13-Feb-2025 20:27:05 UTC] PHP Warning:  Undefined array key "fallaElectrica" in /home/soluctem/sistema.soluctem.com.co/api/submit.php on line 83
[13-Feb-2025 20:27:05 UTC] PHP Warning:  Undefined array key "fallaTerceros" in /home/soluctem/sistema.soluctem.com.co/api/submit.php on line 84
[13-Feb-2025 20:27:05 UTC] PHP Warning:  Undefined array key "fallaFabricacion" in /home/soluctem/sistema.soluctem.com.co/api/submit.php on line 85
[13-Feb-2025 20:27:05 UTC] PHP Warning:  Undefined array key "firma_digital_cliente" in /home/soluctem/sistema.soluctem.com.co/api/submit.php on line 86
[13-Feb-2025 20:27:05 UTC] PHP Warning:  Undefined array key "firma_digital_tecnico" in /home/soluctem/sistema.soluctem.com.co/api/submit.php on line 87
[13-Feb-2025 20:42:08 UTC] PHP Warning:  Undefined array key "nombreSolicitante" in /home/soluctem/sistema.soluctem.com.co/api/submit.php on line 28
[13-Feb-2025 20:42:08 UTC] PHP Warning:  Undefined array key "cargo" in /home/soluctem/sistema.soluctem.com.co/api/submit.php on line 29
[13-Feb-2025 20:42:08 UTC] PHP Warning:  Undefined array key "nombreTienda" in /home/soluctem/sistema.soluctem.com.co/api/submit.php on line 30
[13-Feb-2025 20:42:08 UTC] PHP Warning:  Undefined array key "numeroTienda" in /home/soluctem/sistema.soluctem.com.co/api/submit.php on line 31
[13-Feb-2025 20:42:08 UTC] PHP Warning:  Undefined array key "numeroTicket" in /home/soluctem/sistema.soluctem.com.co/api/submit.php on line 32
[13-Feb-2025 20:42:08 UTC] PHP Warning:  Undefined array key "fecha" in /home/soluctem/sistema.soluctem.com.co/api/submit.php on line 33
[13-Feb-2025 20:42:08 UTC] PHP Warning:  Undefined array key "municipio" in /home/soluctem/sistema.soluctem.com.co/api/submit.php on line 34
[13-Feb-2025 20:42:08 UTC] PHP Warning:  Undefined array key "departamento" in /home/soluctem/sistema.soluctem.com.co/api/submit.php on line 35
[13-Feb-2025 20:42:08 UTC] PHP Warning:  Undefined array key "nombreEquipo" in /home/soluctem/sistema.soluctem.com.co/api/submit.php on line 36
[13-Feb-2025 20:42:08 UTC] PHP Warning:  Undefined array key "marca" in /home/soluctem/sistema.soluctem.com.co/api/submit.php on line 37
[13-Feb-2025 20:42:08 UTC] PHP Warning:  Undefined array key "serial" in /home/soluctem/sistema.soluctem.com.co/api/submit.php on line 38
[13-Feb-2025 20:42:08 UTC] PHP Warning:  Undefined array key "descripcionFalla" in /home/soluctem/sistema.soluctem.com.co/api/submit.php on line 39
[13-Feb-2025 20:42:08 UTC] PHP Warning:  Undefined array key "diagnosticoTecnico" in /home/soluctem/sistema.soluctem.com.co/api/submit.php on line 40
[13-Feb-2025 20:42:08 UTC] PHP Warning:  Undefined array key "repuestosCambiados" in /home/soluctem/sistema.soluctem.com.co/api/submit.php on line 41
[13-Feb-2025 20:42:08 UTC] PHP Warning:  Undefined array key "observaciones" in /home/soluctem/sistema.soluctem.com.co/api/submit.php on line 42
[13-Feb-2025 20:42:08 UTC] PHP Warning:  Undefined array key "seguridadRiesgoAccidentalidad" in /home/soluctem/sistema.soluctem.com.co/api/submit.php on line 43
[13-Feb-2025 20:42:08 UTC] PHP Warning:  Undefined array key "seguridadRiesgoEquipo" in /home/soluctem/sistema.soluctem.com.co/api/submit.php on line 44
[13-Feb-2025 20:42:08 UTC] PHP Warning:  Undefined array key "funcionamientoFallaSolucionada" in /home/soluctem/sistema.soluctem.com.co/api/submit.php on line 45
[13-Feb-2025 20:42:08 UTC] PHP Warning:  Undefined array key "funcionamientoPasosNormales" in /home/soluctem/sistema.soluctem.com.co/api/submit.php on line 46
[13-Feb-2025 20:42:08 UTC] PHP Warning:  Undefined array key "calidadTrabajo" in /home/soluctem/sistema.soluctem.com.co/api/submit.php on line 47
[13-Feb-2025 20:42:08 UTC] PHP Warning:  Undefined array key "limpiezaOrganizacionArmado" in /home/soluctem/sistema.soluctem.com.co/api/submit.php on line 48
[13-Feb-2025 20:42:08 UTC] PHP Warning:  Undefined array key "limpiezaOrganizacionAseado" in /home/soluctem/sistema.soluctem.com.co/api/submit.php on line 49
[13-Feb-2025 20:42:08 UTC] PHP Warning:  Undefined array key "capacitacionCausa" in /home/soluctem/sistema.soluctem.com.co/api/submit.php on line 50
[13-Feb-2025 20:42:08 UTC] PHP Warning:  Undefined array key "capacitacionPrevencion" in /home/soluctem/sistema.soluctem.com.co/api/submit.php on line 51
[13-Feb-2025 20:42:08 UTC] PHP Warning:  Undefined array key "capacitacionAccion" in /home/soluctem/sistema.soluctem.com.co/api/submit.php on line 52
[13-Feb-2025 20:42:08 UTC] PHP Warning:  Undefined array key "contratista1" in /home/soluctem/sistema.soluctem.com.co/api/submit.php on line 53
[13-Feb-2025 20:42:08 UTC] PHP Warning:  Undefined array key "cedula1" in /home/soluctem/sistema.soluctem.com.co/api/submit.php on line 54
[13-Feb-2025 20:42:08 UTC] PHP Warning:  Undefined array key "horaEntrada1" in /home/soluctem/sistema.soluctem.com.co/api/submit.php on line 55
[13-Feb-2025 20:42:08 UTC] PHP Warning:  Undefined array key "horaSalida1" in /home/soluctem/sistema.soluctem.com.co/api/submit.php on line 56
[13-Feb-2025 20:42:08 UTC] PHP Warning:  Undefined array key "contratista2" in /home/soluctem/sistema.soluctem.com.co/api/submit.php on line 57
[13-Feb-2025 20:42:08 UTC] PHP Warning:  Undefined array key "cedula2" in /home/soluctem/sistema.soluctem.com.co/api/submit.php on line 58
[13-Feb-2025 20:42:08 UTC] PHP Warning:  Undefined array key "horaEntrada2" in /home/soluctem/sistema.soluctem.com.co/api/submit.php on line 59
[13-Feb-2025 20:42:08 UTC] PHP Warning:  Undefined array key "horaSalida2" in /home/soluctem/sistema.soluctem.com.co/api/submit.php on line 60
[13-Feb-2025 20:42:08 UTC] PHP Warning:  Undefined array key "contratista3" in /home/soluctem/sistema.soluctem.com.co/api/submit.php on line 61
[13-Feb-2025 20:42:08 UTC] PHP Warning:  Undefined array key "cedula3" in /home/soluctem/sistema.soluctem.com.co/api/submit.php on line 62
[13-Feb-2025 20:42:08 UTC] PHP Warning:  Undefined array key "horaEntrada3" in /home/soluctem/sistema.soluctem.com.co/api/submit.php on line 63
[13-Feb-2025 20:42:08 UTC] PHP Warning:  Undefined array key "horaSalida3" in /home/soluctem/sistema.soluctem.com.co/api/submit.php on line 64
[13-Feb-2025 20:42:08 UTC] PHP Warning:  Undefined array key "contratista4" in /home/soluctem/sistema.soluctem.com.co/api/submit.php on line 65
[13-Feb-2025 20:42:08 UTC] PHP Warning:  Undefined array key "cedula4" in /home/soluctem/sistema.soluctem.com.co/api/submit.php on line 66
[13-Feb-2025 20:42:08 UTC] PHP Warning:  Undefined array key "horaEntrada4" in /home/soluctem/sistema.soluctem.com.co/api/submit.php on line 67
[13-Feb-2025 20:42:08 UTC] PHP Warning:  Undefined array key "horaSalida4" in /home/soluctem/sistema.soluctem.com.co/api/submit.php on line 68
[13-Feb-2025 20:42:08 UTC] PHP Warning:  Undefined array key "nombreFuncionario" in /home/soluctem/sistema.soluctem.com.co/api/submit.php on line 69
[13-Feb-2025 20:42:08 UTC] PHP Warning:  Undefined array key "cedulaFuncionario" in /home/soluctem/sistema.soluctem.com.co/api/submit.php on line 70
[13-Feb-2025 20:42:08 UTC] PHP Warning:  Undefined array key "cargoFuncionario" in /home/soluctem/sistema.soluctem.com.co/api/submit.php on line 71
[13-Feb-2025 20:42:08 UTC] PHP Warning:  Undefined array key "sapFuncionario" in /home/soluctem/sistema.soluctem.com.co/api/submit.php on line 72
[13-Feb-2025 20:42:08 UTC] PHP Warning:  Undefined array key "timestamp" in /home/soluctem/sistema.soluctem.com.co/api/submit.php on line 73
[13-Feb-2025 20:42:08 UTC] PHP Warning:  Undefined array key "asistenciaReparacion" in /home/soluctem/sistema.soluctem.com.co/api/submit.php on line 74
[13-Feb-2025 20:42:08 UTC] PHP Warning:  Undefined array key "asistenciaGarantia" in /home/soluctem/sistema.soluctem.com.co/api/submit.php on line 75
[13-Feb-2025 20:42:08 UTC] PHP Warning:  Undefined array key "asistenciaAjuste" in /home/soluctem/sistema.soluctem.com.co/api/submit.php on line 76
[13-Feb-2025 20:42:08 UTC] PHP Warning:  Undefined array key "asistenciaModificacion" in /home/soluctem/sistema.soluctem.com.co/api/submit.php on line 77
[13-Feb-2025 20:42:08 UTC] PHP Warning:  Undefined array key "asistenciaServicio" in /home/soluctem/sistema.soluctem.com.co/api/submit.php on line 78
[13-Feb-2025 20:42:08 UTC] PHP Warning:  Undefined array key "asistenciaMejora" in /home/soluctem/sistema.soluctem.com.co/api/submit.php on line 79
[13-Feb-2025 20:42:08 UTC] PHP Warning:  Undefined array key "asistenciaCombinacion" in /home/soluctem/sistema.soluctem.com.co/api/submit.php on line 80
[13-Feb-2025 20:42:08 UTC] PHP Warning:  Undefined array key "fallaOperacion" in /home/soluctem/sistema.soluctem.com.co/api/submit.php on line 81
[13-Feb-2025 20:42:08 UTC] PHP Warning:  Undefined array key "fallaMecanica" in /home/soluctem/sistema.soluctem.com.co/api/submit.php on line 82
[13-Feb-2025 20:42:08 UTC] PHP Warning:  Undefined array key "fallaElectrica" in /home/soluctem/sistema.soluctem.com.co/api/submit.php on line 83
[13-Feb-2025 20:42:08 UTC] PHP Warning:  Undefined array key "fallaTerceros" in /home/soluctem/sistema.soluctem.com.co/api/submit.php on line 84
[13-Feb-2025 20:42:08 UTC] PHP Warning:  Undefined array key "fallaFabricacion" in /home/soluctem/sistema.soluctem.com.co/api/submit.php on line 85
[13-Feb-2025 20:42:08 UTC] PHP Warning:  Undefined array key "firma_digital_cliente" in /home/soluctem/sistema.soluctem.com.co/api/submit.php on line 86
[13-Feb-2025 20:42:08 UTC] PHP Warning:  Undefined array key "firma_digital_tecnico" in /home/soluctem/sistema.soluctem.com.co/api/submit.php on line 87
[13-Feb-2025 20:58:04 UTC] PHP Warning:  Undefined array key "nombreSolicitante" in /home/soluctem/sistema.soluctem.com.co/api/submit.php on line 28
[13-Feb-2025 20:58:04 UTC] PHP Warning:  Undefined array key "cargo" in /home/soluctem/sistema.soluctem.com.co/api/submit.php on line 29
[13-Feb-2025 20:58:04 UTC] PHP Warning:  Undefined array key "nombreTienda" in /home/soluctem/sistema.soluctem.com.co/api/submit.php on line 30
[13-Feb-2025 20:58:04 UTC] PHP Warning:  Undefined array key "numeroTienda" in /home/soluctem/sistema.soluctem.com.co/api/submit.php on line 31
[13-Feb-2025 20:58:04 UTC] PHP Warning:  Undefined array key "numeroTicket" in /home/soluctem/sistema.soluctem.com.co/api/submit.php on line 32
[13-Feb-2025 20:58:04 UTC] PHP Warning:  Undefined array key "fecha" in /home/soluctem/sistema.soluctem.com.co/api/submit.php on line 33
[13-Feb-2025 20:58:04 UTC] PHP Warning:  Undefined array key "municipio" in /home/soluctem/sistema.soluctem.com.co/api/submit.php on line 34
[13-Feb-2025 20:58:04 UTC] PHP Warning:  Undefined array key "departamento" in /home/soluctem/sistema.soluctem.com.co/api/submit.php on line 35
[13-Feb-2025 20:58:04 UTC] PHP Warning:  Undefined array key "nombreEquipo" in /home/soluctem/sistema.soluctem.com.co/api/submit.php on line 36
[13-Feb-2025 20:58:04 UTC] PHP Warning:  Undefined array key "marca" in /home/soluctem/sistema.soluctem.com.co/api/submit.php on line 37
[13-Feb-2025 20:58:04 UTC] PHP Warning:  Undefined array key "serial" in /home/soluctem/sistema.soluctem.com.co/api/submit.php on line 38
[13-Feb-2025 20:58:04 UTC] PHP Warning:  Undefined array key "descripcionFalla" in /home/soluctem/sistema.soluctem.com.co/api/submit.php on line 39
[13-Feb-2025 20:58:04 UTC] PHP Warning:  Undefined array key "diagnosticoTecnico" in /home/soluctem/sistema.soluctem.com.co/api/submit.php on line 40
[13-Feb-2025 20:58:04 UTC] PHP Warning:  Undefined array key "repuestosCambiados" in /home/soluctem/sistema.soluctem.com.co/api/submit.php on line 41
[13-Feb-2025 20:58:04 UTC] PHP Warning:  Undefined array key "observaciones" in /home/soluctem/sistema.soluctem.com.co/api/submit.php on line 42
[13-Feb-2025 20:58:04 UTC] PHP Warning:  Undefined array key "seguridadRiesgoAccidentalidad" in /home/soluctem/sistema.soluctem.com.co/api/submit.php on line 43
[13-Feb-2025 20:58:04 UTC] PHP Warning:  Undefined array key "seguridadRiesgoEquipo" in /home/soluctem/sistema.soluctem.com.co/api/submit.php on line 44
[13-Feb-2025 20:58:04 UTC] PHP Warning:  Undefined array key "funcionamientoFallaSolucionada" in /home/soluctem/sistema.soluctem.com.co/api/submit.php on line 45
[13-Feb-2025 20:58:04 UTC] PHP Warning:  Undefined array key "funcionamientoPasosNormales" in /home/soluctem/sistema.soluctem.com.co/api/submit.php on line 46
[13-Feb-2025 20:58:04 UTC] PHP Warning:  Undefined array key "calidadTrabajo" in /home/soluctem/sistema.soluctem.com.co/api/submit.php on line 47
[13-Feb-2025 20:58:04 UTC] PHP Warning:  Undefined array key "limpiezaOrganizacionArmado" in /home/soluctem/sistema.soluctem.com.co/api/submit.php on line 48
[13-Feb-2025 20:58:04 UTC] PHP Warning:  Undefined array key "limpiezaOrganizacionAseado" in /home/soluctem/sistema.soluctem.com.co/api/submit.php on line 49
[13-Feb-2025 20:58:04 UTC] PHP Warning:  Undefined array key "capacitacionCausa" in /home/soluctem/sistema.soluctem.com.co/api/submit.php on line 50
[13-Feb-2025 20:58:04 UTC] PHP Warning:  Undefined array key "capacitacionPrevencion" in /home/soluctem/sistema.soluctem.com.co/api/submit.php on line 51
[13-Feb-2025 20:58:04 UTC] PHP Warning:  Undefined array key "capacitacionAccion" in /home/soluctem/sistema.soluctem.com.co/api/submit.php on line 52
[13-Feb-2025 20:58:04 UTC] PHP Warning:  Undefined array key "contratista1" in /home/soluctem/sistema.soluctem.com.co/api/submit.php on line 53
[13-Feb-2025 20:58:04 UTC] PHP Warning:  Undefined array key "cedula1" in /home/soluctem/sistema.soluctem.com.co/api/submit.php on line 54
[13-Feb-2025 20:58:04 UTC] PHP Warning:  Undefined array key "horaEntrada1" in /home/soluctem/sistema.soluctem.com.co/api/submit.php on line 55
[13-Feb-2025 20:58:04 UTC] PHP Warning:  Undefined array key "horaSalida1" in /home/soluctem/sistema.soluctem.com.co/api/submit.php on line 56
[13-Feb-2025 20:58:04 UTC] PHP Warning:  Undefined array key "contratista2" in /home/soluctem/sistema.soluctem.com.co/api/submit.php on line 57
[13-Feb-2025 20:58:04 UTC] PHP Warning:  Undefined array key "cedula2" in /home/soluctem/sistema.soluctem.com.co/api/submit.php on line 58
[13-Feb-2025 20:58:04 UTC] PHP Warning:  Undefined array key "horaEntrada2" in /home/soluctem/sistema.soluctem.com.co/api/submit.php on line 59
[13-Feb-2025 20:58:04 UTC] PHP Warning:  Undefined array key "horaSalida2" in /home/soluctem/sistema.soluctem.com.co/api/submit.php on line 60
[13-Feb-2025 20:58:04 UTC] PHP Warning:  Undefined array key "contratista3" in /home/soluctem/sistema.soluctem.com.co/api/submit.php on line 61
[13-Feb-2025 20:58:04 UTC] PHP Warning:  Undefined array key "cedula3" in /home/soluctem/sistema.soluctem.com.co/api/submit.php on line 62
[13-Feb-2025 20:58:04 UTC] PHP Warning:  Undefined array key "horaEntrada3" in /home/soluctem/sistema.soluctem.com.co/api/submit.php on line 63
[13-Feb-2025 20:58:04 UTC] PHP Warning:  Undefined array key "horaSalida3" in /home/soluctem/sistema.soluctem.com.co/api/submit.php on line 64
[13-Feb-2025 20:58:04 UTC] PHP Warning:  Undefined array key "contratista4" in /home/soluctem/sistema.soluctem.com.co/api/submit.php on line 65
[13-Feb-2025 20:58:04 UTC] PHP Warning:  Undefined array key "cedula4" in /home/soluctem/sistema.soluctem.com.co/api/submit.php on line 66
[13-Feb-2025 20:58:04 UTC] PHP Warning:  Undefined array key "horaEntrada4" in /home/soluctem/sistema.soluctem.com.co/api/submit.php on line 67
[13-Feb-2025 20:58:04 UTC] PHP Warning:  Undefined array key "horaSalida4" in /home/soluctem/sistema.soluctem.com.co/api/submit.php on line 68
[13-Feb-2025 20:58:04 UTC] PHP Warning:  Undefined array key "nombreFuncionario" in /home/soluctem/sistema.soluctem.com.co/api/submit.php on line 69
[13-Feb-2025 20:58:04 UTC] PHP Warning:  Undefined array key "cedulaFuncionario" in /home/soluctem/sistema.soluctem.com.co/api/submit.php on line 70
[13-Feb-2025 20:58:04 UTC] PHP Warning:  Undefined array key "cargoFuncionario" in /home/soluctem/sistema.soluctem.com.co/api/submit.php on line 71
[13-Feb-2025 20:58:04 UTC] PHP Warning:  Undefined array key "sapFuncionario" in /home/soluctem/sistema.soluctem.com.co/api/submit.php on line 72
[13-Feb-2025 20:58:04 UTC] PHP Warning:  Undefined array key "timestamp" in /home/soluctem/sistema.soluctem.com.co/api/submit.php on line 73
[13-Feb-2025 20:58:04 UTC] PHP Warning:  Undefined array key "asistenciaReparacion" in /home/soluctem/sistema.soluctem.com.co/api/submit.php on line 74
[13-Feb-2025 20:58:04 UTC] PHP Warning:  Undefined array key "asistenciaGarantia" in /home/soluctem/sistema.soluctem.com.co/api/submit.php on line 75
[13-Feb-2025 20:58:04 UTC] PHP Warning:  Undefined array key "asistenciaAjuste" in /home/soluctem/sistema.soluctem.com.co/api/submit.php on line 76
[13-Feb-2025 20:58:04 UTC] PHP Warning:  Undefined array key "asistenciaModificacion" in /home/soluctem/sistema.soluctem.com.co/api/submit.php on line 77
[13-Feb-2025 20:58:04 UTC] PHP Warning:  Undefined array key "asistenciaServicio" in /home/soluctem/sistema.soluctem.com.co/api/submit.php on line 78
[13-Feb-2025 20:58:04 UTC] PHP Warning:  Undefined array key "asistenciaMejora" in /home/soluctem/sistema.soluctem.com.co/api/submit.php on line 79
[13-Feb-2025 20:58:04 UTC] PHP Warning:  Undefined array key "asistenciaCombinacion" in /home/soluctem/sistema.soluctem.com.co/api/submit.php on line 80
[13-Feb-2025 20:58:04 UTC] PHP Warning:  Undefined array key "fallaOperacion" in /home/soluctem/sistema.soluctem.com.co/api/submit.php on line 81
[13-Feb-2025 20:58:04 UTC] PHP Warning:  Undefined array key "fallaMecanica" in /home/soluctem/sistema.soluctem.com.co/api/submit.php on line 82
[13-Feb-2025 20:58:04 UTC] PHP Warning:  Undefined array key "fallaElectrica" in /home/soluctem/sistema.soluctem.com.co/api/submit.php on line 83
[13-Feb-2025 20:58:04 UTC] PHP Warning:  Undefined array key "fallaTerceros" in /home/soluctem/sistema.soluctem.com.co/api/submit.php on line 84
[13-Feb-2025 20:58:04 UTC] PHP Warning:  Undefined array key "fallaFabricacion" in /home/soluctem/sistema.soluctem.com.co/api/submit.php on line 85
[13-Feb-2025 20:58:04 UTC] PHP Warning:  Undefined array key "firma_digital_cliente" in /home/soluctem/sistema.soluctem.com.co/api/submit.php on line 86
[13-Feb-2025 20:58:04 UTC] PHP Warning:  Undefined array key "firma_digital_tecnico" in /home/soluctem/sistema.soluctem.com.co/api/submit.php on line 87
[13-Feb-2025 21:59:22 UTC] PHP Warning:  Undefined array key "nombreSolicitante" in /home/soluctem/sistema.soluctem.com.co/api/submit.php on line 28
[13-Feb-2025 21:59:22 UTC] PHP Warning:  Undefined array key "cargo" in /home/soluctem/sistema.soluctem.com.co/api/submit.php on line 29
[13-Feb-2025 21:59:22 UTC] PHP Warning:  Undefined array key "nombreTienda" in /home/soluctem/sistema.soluctem.com.co/api/submit.php on line 30
[13-Feb-2025 21:59:22 UTC] PHP Warning:  Undefined array key "numeroTienda" in /home/soluctem/sistema.soluctem.com.co/api/submit.php on line 31
[13-Feb-2025 21:59:22 UTC] PHP Warning:  Undefined array key "numeroTicket" in /home/soluctem/sistema.soluctem.com.co/api/submit.php on line 32
[13-Feb-2025 21:59:22 UTC] PHP Warning:  Undefined array key "fecha" in /home/soluctem/sistema.soluctem.com.co/api/submit.php on line 33
[13-Feb-2025 21:59:22 UTC] PHP Warning:  Undefined array key "municipio" in /home/soluctem/sistema.soluctem.com.co/api/submit.php on line 34
[13-Feb-2025 21:59:22 UTC] PHP Warning:  Undefined array key "departamento" in /home/soluctem/sistema.soluctem.com.co/api/submit.php on line 35
[13-Feb-2025 21:59:22 UTC] PHP Warning:  Undefined array key "nombreEquipo" in /home/soluctem/sistema.soluctem.com.co/api/submit.php on line 36
[13-Feb-2025 21:59:22 UTC] PHP Warning:  Undefined array key "marca" in /home/soluctem/sistema.soluctem.com.co/api/submit.php on line 37
[13-Feb-2025 21:59:22 UTC] PHP Warning:  Undefined array key "serial" in /home/soluctem/sistema.soluctem.com.co/api/submit.php on line 38
[13-Feb-2025 21:59:22 UTC] PHP Warning:  Undefined array key "descripcionFalla" in /home/soluctem/sistema.soluctem.com.co/api/submit.php on line 39
[13-Feb-2025 21:59:22 UTC] PHP Warning:  Undefined array key "diagnosticoTecnico" in /home/soluctem/sistema.soluctem.com.co/api/submit.php on line 40
[13-Feb-2025 21:59:22 UTC] PHP Warning:  Undefined array key "repuestosCambiados" in /home/soluctem/sistema.soluctem.com.co/api/submit.php on line 41
[13-Feb-2025 21:59:22 UTC] PHP Warning:  Undefined array key "observaciones" in /home/soluctem/sistema.soluctem.com.co/api/submit.php on line 42
[13-Feb-2025 21:59:22 UTC] PHP Warning:  Undefined array key "seguridadRiesgoAccidentalidad" in /home/soluctem/sistema.soluctem.com.co/api/submit.php on line 43
[13-Feb-2025 21:59:22 UTC] PHP Warning:  Undefined array key "seguridadRiesgoEquipo" in /home/soluctem/sistema.soluctem.com.co/api/submit.php on line 44
[13-Feb-2025 21:59:22 UTC] PHP Warning:  Undefined array key "funcionamientoFallaSolucionada" in /home/soluctem/sistema.soluctem.com.co/api/submit.php on line 45
[13-Feb-2025 21:59:22 UTC] PHP Warning:  Undefined array key "funcionamientoPasosNormales" in /home/soluctem/sistema.soluctem.com.co/api/submit.php on line 46
[13-Feb-2025 21:59:22 UTC] PHP Warning:  Undefined array key "calidadTrabajo" in /home/soluctem/sistema.soluctem.com.co/api/submit.php on line 47
[13-Feb-2025 21:59:22 UTC] PHP Warning:  Undefined array key "limpiezaOrganizacionArmado" in /home/soluctem/sistema.soluctem.com.co/api/submit.php on line 48
[13-Feb-2025 21:59:22 UTC] PHP Warning:  Undefined array key "limpiezaOrganizacionAseado" in /home/soluctem/sistema.soluctem.com.co/api/submit.php on line 49
[13-Feb-2025 21:59:22 UTC] PHP Warning:  Undefined array key "capacitacionCausa" in /home/soluctem/sistema.soluctem.com.co/api/submit.php on line 50
[13-Feb-2025 21:59:22 UTC] PHP Warning:  Undefined array key "capacitacionPrevencion" in /home/soluctem/sistema.soluctem.com.co/api/submit.php on line 51
[13-Feb-2025 21:59:22 UTC] PHP Warning:  Undefined array key "capacitacionAccion" in /home/soluctem/sistema.soluctem.com.co/api/submit.php on line 52
[13-Feb-2025 21:59:22 UTC] PHP Warning:  Undefined array key "contratista1" in /home/soluctem/sistema.soluctem.com.co/api/submit.php on line 53
[13-Feb-2025 21:59:22 UTC] PHP Warning:  Undefined array key "cedula1" in /home/soluctem/sistema.soluctem.com.co/api/submit.php on line 54
[13-Feb-2025 21:59:22 UTC] PHP Warning:  Undefined array key "horaEntrada1" in /home/soluctem/sistema.soluctem.com.co/api/submit.php on line 55
[13-Feb-2025 21:59:22 UTC] PHP Warning:  Undefined array key "horaSalida1" in /home/soluctem/sistema.soluctem.com.co/api/submit.php on line 56
[13-Feb-2025 21:59:22 UTC] PHP Warning:  Undefined array key "contratista2" in /home/soluctem/sistema.soluctem.com.co/api/submit.php on line 57
[13-Feb-2025 21:59:22 UTC] PHP Warning:  Undefined array key "cedula2" in /home/soluctem/sistema.soluctem.com.co/api/submit.php on line 58
[13-Feb-2025 21:59:22 UTC] PHP Warning:  Undefined array key "horaEntrada2" in /home/soluctem/sistema.soluctem.com.co/api/submit.php on line 59
[13-Feb-2025 21:59:22 UTC] PHP Warning:  Undefined array key "horaSalida2" in /home/soluctem/sistema.soluctem.com.co/api/submit.php on line 60
[13-Feb-2025 21:59:22 UTC] PHP Warning:  Undefined array key "contratista3" in /home/soluctem/sistema.soluctem.com.co/api/submit.php on line 61
[13-Feb-2025 21:59:22 UTC] PHP Warning:  Undefined array key "cedula3" in /home/soluctem/sistema.soluctem.com.co/api/submit.php on line 62
[13-Feb-2025 21:59:22 UTC] PHP Warning:  Undefined array key "horaEntrada3" in /home/soluctem/sistema.soluctem.com.co/api/submit.php on line 63
[13-Feb-2025 21:59:22 UTC] PHP Warning:  Undefined array key "horaSalida3" in /home/soluctem/sistema.soluctem.com.co/api/submit.php on line 64
[13-Feb-2025 21:59:22 UTC] PHP Warning:  Undefined array key "contratista4" in /home/soluctem/sistema.soluctem.com.co/api/submit.php on line 65
[13-Feb-2025 21:59:22 UTC] PHP Warning:  Undefined array key "cedula4" in /home/soluctem/sistema.soluctem.com.co/api/submit.php on line 66
[13-Feb-2025 21:59:22 UTC] PHP Warning:  Undefined array key "horaEntrada4" in /home/soluctem/sistema.soluctem.com.co/api/submit.php on line 67
[13-Feb-2025 21:59:22 UTC] PHP Warning:  Undefined array key "horaSalida4" in /home/soluctem/sistema.soluctem.com.co/api/submit.php on line 68
[13-Feb-2025 21:59:22 UTC] PHP Warning:  Undefined array key "nombreFuncionario" in /home/soluctem/sistema.soluctem.com.co/api/submit.php on line 69
[13-Feb-2025 21:59:22 UTC] PHP Warning:  Undefined array key "cedulaFuncionario" in /home/soluctem/sistema.soluctem.com.co/api/submit.php on line 70
[13-Feb-2025 21:59:22 UTC] PHP Warning:  Undefined array key "cargoFuncionario" in /home/soluctem/sistema.soluctem.com.co/api/submit.php on line 71
[13-Feb-2025 21:59:22 UTC] PHP Warning:  Undefined array key "sapFuncionario" in /home/soluctem/sistema.soluctem.com.co/api/submit.php on line 72
[13-Feb-2025 21:59:22 UTC] PHP Warning:  Undefined array key "timestamp" in /home/soluctem/sistema.soluctem.com.co/api/submit.php on line 73
[13-Feb-2025 21:59:22 UTC] PHP Warning:  Undefined array key "asistenciaReparacion" in /home/soluctem/sistema.soluctem.com.co/api/submit.php on line 74
[13-Feb-2025 21:59:22 UTC] PHP Warning:  Undefined array key "asistenciaGarantia" in /home/soluctem/sistema.soluctem.com.co/api/submit.php on line 75
[13-Feb-2025 21:59:22 UTC] PHP Warning:  Undefined array key "asistenciaAjuste" in /home/soluctem/sistema.soluctem.com.co/api/submit.php on line 76
[13-Feb-2025 21:59:22 UTC] PHP Warning:  Undefined array key "asistenciaModificacion" in /home/soluctem/sistema.soluctem.com.co/api/submit.php on line 77
[13-Feb-2025 21:59:22 UTC] PHP Warning:  Undefined array key "asistenciaServicio" in /home/soluctem/sistema.soluctem.com.co/api/submit.php on line 78
[13-Feb-2025 21:59:22 UTC] PHP Warning:  Undefined array key "asistenciaMejora" in /home/soluctem/sistema.soluctem.com.co/api/submit.php on line 79
[13-Feb-2025 21:59:22 UTC] PHP Warning:  Undefined array key "asistenciaCombinacion" in /home/soluctem/sistema.soluctem.com.co/api/submit.php on line 80
[13-Feb-2025 21:59:22 UTC] PHP Warning:  Undefined array key "fallaOperacion" in /home/soluctem/sistema.soluctem.com.co/api/submit.php on line 81
[13-Feb-2025 21:59:22 UTC] PHP Warning:  Undefined array key "fallaMecanica" in /home/soluctem/sistema.soluctem.com.co/api/submit.php on line 82
[13-Feb-2025 21:59:22 UTC] PHP Warning:  Undefined array key "fallaElectrica" in /home/soluctem/sistema.soluctem.com.co/api/submit.php on line 83
[13-Feb-2025 21:59:22 UTC] PHP Warning:  Undefined array key "fallaTerceros" in /home/soluctem/sistema.soluctem.com.co/api/submit.php on line 84
[13-Feb-2025 21:59:22 UTC] PHP Warning:  Undefined array key "fallaFabricacion" in /home/soluctem/sistema.soluctem.com.co/api/submit.php on line 85
[13-Feb-2025 21:59:22 UTC] PHP Warning:  Undefined array key "firma_digital_cliente" in /home/soluctem/sistema.soluctem.com.co/api/submit.php on line 86
[13-Feb-2025 21:59:22 UTC] PHP Warning:  Undefined array key "firma_digital_tecnico" in /home/soluctem/sistema.soluctem.com.co/api/submit.php on line 87
[13-Feb-2025 22:33:21 UTC] PHP Warning:  Undefined array key "nombreSolicitante" in /home/soluctem/sistema.soluctem.com.co/api/submit.php on line 28
[13-Feb-2025 22:33:21 UTC] PHP Warning:  Undefined array key "cargo" in /home/soluctem/sistema.soluctem.com.co/api/submit.php on line 29
[13-Feb-2025 22:33:21 UTC] PHP Warning:  Undefined array key "nombreTienda" in /home/soluctem/sistema.soluctem.com.co/api/submit.php on line 30
[13-Feb-2025 22:33:21 UTC] PHP Warning:  Undefined array key "numeroTienda" in /home/soluctem/sistema.soluctem.com.co/api/submit.php on line 31
[13-Feb-2025 22:33:21 UTC] PHP Warning:  Undefined array key "numeroTicket" in /home/soluctem/sistema.soluctem.com.co/api/submit.php on line 32
[13-Feb-2025 22:33:21 UTC] PHP Warning:  Undefined array key "fecha" in /home/soluctem/sistema.soluctem.com.co/api/submit.php on line 33
[13-Feb-2025 22:33:21 UTC] PHP Warning:  Undefined array key "municipio" in /home/soluctem/sistema.soluctem.com.co/api/submit.php on line 34
[13-Feb-2025 22:33:21 UTC] PHP Warning:  Undefined array key "departamento" in /home/soluctem/sistema.soluctem.com.co/api/submit.php on line 35
[13-Feb-2025 22:33:21 UTC] PHP Warning:  Undefined array key "nombreEquipo" in /home/soluctem/sistema.soluctem.com.co/api/submit.php on line 36
[13-Feb-2025 22:33:21 UTC] PHP Warning:  Undefined array key "marca" in /home/soluctem/sistema.soluctem.com.co/api/submit.php on line 37
[13-Feb-2025 22:33:21 UTC] PHP Warning:  Undefined array key "serial" in /home/soluctem/sistema.soluctem.com.co/api/submit.php on line 38
[13-Feb-2025 22:33:21 UTC] PHP Warning:  Undefined array key "descripcionFalla" in /home/soluctem/sistema.soluctem.com.co/api/submit.php on line 39
[13-Feb-2025 22:33:21 UTC] PHP Warning:  Undefined array key "diagnosticoTecnico" in /home/soluctem/sistema.soluctem.com.co/api/submit.php on line 40
[13-Feb-2025 22:33:21 UTC] PHP Warning:  Undefined array key "repuestosCambiados" in /home/soluctem/sistema.soluctem.com.co/api/submit.php on line 41
[13-Feb-2025 22:33:21 UTC] PHP Warning:  Undefined array key "observaciones" in /home/soluctem/sistema.soluctem.com.co/api/submit.php on line 42
[13-Feb-2025 22:33:21 UTC] PHP Warning:  Undefined array key "seguridadRiesgoAccidentalidad" in /home/soluctem/sistema.soluctem.com.co/api/submit.php on line 43
[13-Feb-2025 22:33:21 UTC] PHP Warning:  Undefined array key "seguridadRiesgoEquipo" in /home/soluctem/sistema.soluctem.com.co/api/submit.php on line 44
[13-Feb-2025 22:33:21 UTC] PHP Warning:  Undefined array key "funcionamientoFallaSolucionada" in /home/soluctem/sistema.soluctem.com.co/api/submit.php on line 45
[13-Feb-2025 22:33:21 UTC] PHP Warning:  Undefined array key "funcionamientoPasosNormales" in /home/soluctem/sistema.soluctem.com.co/api/submit.php on line 46
[13-Feb-2025 22:33:21 UTC] PHP Warning:  Undefined array key "calidadTrabajo" in /home/soluctem/sistema.soluctem.com.co/api/submit.php on line 47
[13-Feb-2025 22:33:21 UTC] PHP Warning:  Undefined array key "limpiezaOrganizacionArmado" in /home/soluctem/sistema.soluctem.com.co/api/submit.php on line 48
[13-Feb-2025 22:33:21 UTC] PHP Warning:  Undefined array key "limpiezaOrganizacionAseado" in /home/soluctem/sistema.soluctem.com.co/api/submit.php on line 49
[13-Feb-2025 22:33:21 UTC] PHP Warning:  Undefined array key "capacitacionCausa" in /home/soluctem/sistema.soluctem.com.co/api/submit.php on line 50
[13-Feb-2025 22:33:21 UTC] PHP Warning:  Undefined array key "capacitacionPrevencion" in /home/soluctem/sistema.soluctem.com.co/api/submit.php on line 51
[13-Feb-2025 22:33:21 UTC] PHP Warning:  Undefined array key "capacitacionAccion" in /home/soluctem/sistema.soluctem.com.co/api/submit.php on line 52
[13-Feb-2025 22:33:21 UTC] PHP Warning:  Undefined array key "contratista1" in /home/soluctem/sistema.soluctem.com.co/api/submit.php on line 53
[13-Feb-2025 22:33:21 UTC] PHP Warning:  Undefined array key "cedula1" in /home/soluctem/sistema.soluctem.com.co/api/submit.php on line 54
[13-Feb-2025 22:33:21 UTC] PHP Warning:  Undefined array key "horaEntrada1" in /home/soluctem/sistema.soluctem.com.co/api/submit.php on line 55
[13-Feb-2025 22:33:21 UTC] PHP Warning:  Undefined array key "horaSalida1" in /home/soluctem/sistema.soluctem.com.co/api/submit.php on line 56
[13-Feb-2025 22:33:21 UTC] PHP Warning:  Undefined array key "contratista2" in /home/soluctem/sistema.soluctem.com.co/api/submit.php on line 57
[13-Feb-2025 22:33:21 UTC] PHP Warning:  Undefined array key "cedula2" in /home/soluctem/sistema.soluctem.com.co/api/submit.php on line 58
[13-Feb-2025 22:33:21 UTC] PHP Warning:  Undefined array key "horaEntrada2" in /home/soluctem/sistema.soluctem.com.co/api/submit.php on line 59
[13-Feb-2025 22:33:21 UTC] PHP Warning:  Undefined array key "horaSalida2" in /home/soluctem/sistema.soluctem.com.co/api/submit.php on line 60
[13-Feb-2025 22:33:21 UTC] PHP Warning:  Undefined array key "contratista3" in /home/soluctem/sistema.soluctem.com.co/api/submit.php on line 61
[13-Feb-2025 22:33:21 UTC] PHP Warning:  Undefined array key "cedula3" in /home/soluctem/sistema.soluctem.com.co/api/submit.php on line 62
[13-Feb-2025 22:33:21 UTC] PHP Warning:  Undefined array key "horaEntrada3" in /home/soluctem/sistema.soluctem.com.co/api/submit.php on line 63
[13-Feb-2025 22:33:21 UTC] PHP Warning:  Undefined array key "horaSalida3" in /home/soluctem/sistema.soluctem.com.co/api/submit.php on line 64
[13-Feb-2025 22:33:21 UTC] PHP Warning:  Undefined array key "contratista4" in /home/soluctem/sistema.soluctem.com.co/api/submit.php on line 65
[13-Feb-2025 22:33:21 UTC] PHP Warning:  Undefined array key "cedula4" in /home/soluctem/sistema.soluctem.com.co/api/submit.php on line 66
[13-Feb-2025 22:33:21 UTC] PHP Warning:  Undefined array key "horaEntrada4" in /home/soluctem/sistema.soluctem.com.co/api/submit.php on line 67
[13-Feb-2025 22:33:21 UTC] PHP Warning:  Undefined array key "horaSalida4" in /home/soluctem/sistema.soluctem.com.co/api/submit.php on line 68
[13-Feb-2025 22:33:21 UTC] PHP Warning:  Undefined array key "nombreFuncionario" in /home/soluctem/sistema.soluctem.com.co/api/submit.php on line 69
[13-Feb-2025 22:33:21 UTC] PHP Warning:  Undefined array key "cedulaFuncionario" in /home/soluctem/sistema.soluctem.com.co/api/submit.php on line 70
[13-Feb-2025 22:33:21 UTC] PHP Warning:  Undefined array key "cargoFuncionario" in /home/soluctem/sistema.soluctem.com.co/api/submit.php on line 71
[13-Feb-2025 22:33:21 UTC] PHP Warning:  Undefined array key "sapFuncionario" in /home/soluctem/sistema.soluctem.com.co/api/submit.php on line 72
[13-Feb-2025 22:33:21 UTC] PHP Warning:  Undefined array key "timestamp" in /home/soluctem/sistema.soluctem.com.co/api/submit.php on line 73
[13-Feb-2025 22:33:21 UTC] PHP Warning:  Undefined array key "asistenciaReparacion" in /home/soluctem/sistema.soluctem.com.co/api/submit.php on line 74
[13-Feb-2025 22:33:21 UTC] PHP Warning:  Undefined array key "asistenciaGarantia" in /home/soluctem/sistema.soluctem.com.co/api/submit.php on line 75
[13-Feb-2025 22:33:21 UTC] PHP Warning:  Undefined array key "asistenciaAjuste" in /home/soluctem/sistema.soluctem.com.co/api/submit.php on line 76
[13-Feb-2025 22:33:21 UTC] PHP Warning:  Undefined array key "asistenciaModificacion" in /home/soluctem/sistema.soluctem.com.co/api/submit.php on line 77
[13-Feb-2025 22:33:21 UTC] PHP Warning:  Undefined array key "asistenciaServicio" in /home/soluctem/sistema.soluctem.com.co/api/submit.php on line 78
[13-Feb-2025 22:33:21 UTC] PHP Warning:  Undefined array key "asistenciaMejora" in /home/soluctem/sistema.soluctem.com.co/api/submit.php on line 79
[13-Feb-2025 22:33:21 UTC] PHP Warning:  Undefined array key "asistenciaCombinacion" in /home/soluctem/sistema.soluctem.com.co/api/submit.php on line 80
[13-Feb-2025 22:33:21 UTC] PHP Warning:  Undefined array key "fallaOperacion" in /home/soluctem/sistema.soluctem.com.co/api/submit.php on line 81
[13-Feb-2025 22:33:21 UTC] PHP Warning:  Undefined array key "fallaMecanica" in /home/soluctem/sistema.soluctem.com.co/api/submit.php on line 82
[13-Feb-2025 22:33:21 UTC] PHP Warning:  Undefined array key "fallaElectrica" in /home/soluctem/sistema.soluctem.com.co/api/submit.php on line 83
[13-Feb-2025 22:33:21 UTC] PHP Warning:  Undefined array key "fallaTerceros" in /home/soluctem/sistema.soluctem.com.co/api/submit.php on line 84
[13-Feb-2025 22:33:21 UTC] PHP Warning:  Undefined array key "fallaFabricacion" in /home/soluctem/sistema.soluctem.com.co/api/submit.php on line 85
[13-Feb-2025 22:33:21 UTC] PHP Warning:  Undefined array key "firma_digital_cliente" in /home/soluctem/sistema.soluctem.com.co/api/submit.php on line 86
[13-Feb-2025 22:33:21 UTC] PHP Warning:  Undefined array key "firma_digital_tecnico" in /home/soluctem/sistema.soluctem.com.co/api/submit.php on line 87
[14-Feb-2025 13:17:57 UTC] PHP Warning:  Undefined array key "nombreSolicitante" in /home/soluctem/sistema.soluctem.com.co/api/submit.php on line 28
[14-Feb-2025 13:17:57 UTC] PHP Warning:  Undefined array key "cargo" in /home/soluctem/sistema.soluctem.com.co/api/submit.php on line 29
[14-Feb-2025 13:17:57 UTC] PHP Warning:  Undefined array key "nombreTienda" in /home/soluctem/sistema.soluctem.com.co/api/submit.php on line 30
[14-Feb-2025 13:17:57 UTC] PHP Warning:  Undefined array key "numeroTienda" in /home/soluctem/sistema.soluctem.com.co/api/submit.php on line 31
[14-Feb-2025 13:17:57 UTC] PHP Warning:  Undefined array key "numeroTicket" in /home/soluctem/sistema.soluctem.com.co/api/submit.php on line 32
[14-Feb-2025 13:17:57 UTC] PHP Warning:  Undefined array key "fecha" in /home/soluctem/sistema.soluctem.com.co/api/submit.php on line 33
[14-Feb-2025 13:17:57 UTC] PHP Warning:  Undefined array key "municipio" in /home/soluctem/sistema.soluctem.com.co/api/submit.php on line 34
[14-Feb-2025 13:17:57 UTC] PHP Warning:  Undefined array key "departamento" in /home/soluctem/sistema.soluctem.com.co/api/submit.php on line 35
[14-Feb-2025 13:17:57 UTC] PHP Warning:  Undefined array key "nombreEquipo" in /home/soluctem/sistema.soluctem.com.co/api/submit.php on line 36
[14-Feb-2025 13:17:57 UTC] PHP Warning:  Undefined array key "marca" in /home/soluctem/sistema.soluctem.com.co/api/submit.php on line 37
[14-Feb-2025 13:17:57 UTC] PHP Warning:  Undefined array key "serial" in /home/soluctem/sistema.soluctem.com.co/api/submit.php on line 38
[14-Feb-2025 13:17:57 UTC] PHP Warning:  Undefined array key "descripcionFalla" in /home/soluctem/sistema.soluctem.com.co/api/submit.php on line 39
[14-Feb-2025 13:17:57 UTC] PHP Warning:  Undefined array key "diagnosticoTecnico" in /home/soluctem/sistema.soluctem.com.co/api/submit.php on line 40
[14-Feb-2025 13:17:57 UTC] PHP Warning:  Undefined array key "repuestosCambiados" in /home/soluctem/sistema.soluctem.com.co/api/submit.php on line 41
[14-Feb-2025 13:17:57 UTC] PHP Warning:  Undefined array key "observaciones" in /home/soluctem/sistema.soluctem.com.co/api/submit.php on line 42
[14-Feb-2025 13:17:57 UTC] PHP Warning:  Undefined array key "seguridadRiesgoAccidentalidad" in /home/soluctem/sistema.soluctem.com.co/api/submit.php on line 43
[14-Feb-2025 13:17:57 UTC] PHP Warning:  Undefined array key "seguridadRiesgoEquipo" in /home/soluctem/sistema.soluctem.com.co/api/submit.php on line 44
[14-Feb-2025 13:17:57 UTC] PHP Warning:  Undefined array key "funcionamientoFallaSolucionada" in /home/soluctem/sistema.soluctem.com.co/api/submit.php on line 45
[14-Feb-2025 13:17:57 UTC] PHP Warning:  Undefined array key "funcionamientoPasosNormales" in /home/soluctem/sistema.soluctem.com.co/api/submit.php on line 46
[14-Feb-2025 13:17:57 UTC] PHP Warning:  Undefined array key "calidadTrabajo" in /home/soluctem/sistema.soluctem.com.co/api/submit.php on line 47
[14-Feb-2025 13:17:57 UTC] PHP Warning:  Undefined array key "limpiezaOrganizacionArmado" in /home/soluctem/sistema.soluctem.com.co/api/submit.php on line 48
[14-Feb-2025 13:17:57 UTC] PHP Warning:  Undefined array key "limpiezaOrganizacionAseado" in /home/soluctem/sistema.soluctem.com.co/api/submit.php on line 49
[14-Feb-2025 13:17:57 UTC] PHP Warning:  Undefined array key "capacitacionCausa" in /home/soluctem/sistema.soluctem.com.co/api/submit.php on line 50
[14-Feb-2025 13:17:57 UTC] PHP Warning:  Undefined array key "capacitacionPrevencion" in /home/soluctem/sistema.soluctem.com.co/api/submit.php on line 51
[14-Feb-2025 13:17:57 UTC] PHP Warning:  Undefined array key "capacitacionAccion" in /home/soluctem/sistema.soluctem.com.co/api/submit.php on line 52
[14-Feb-2025 13:17:57 UTC] PHP Warning:  Undefined array key "contratista1" in /home/soluctem/sistema.soluctem.com.co/api/submit.php on line 53
[14-Feb-2025 13:17:57 UTC] PHP Warning:  Undefined array key "cedula1" in /home/soluctem/sistema.soluctem.com.co/api/submit.php on line 54
[14-Feb-2025 13:17:57 UTC] PHP Warning:  Undefined array key "horaEntrada1" in /home/soluctem/sistema.soluctem.com.co/api/submit.php on line 55
[14-Feb-2025 13:17:57 UTC] PHP Warning:  Undefined array key "horaSalida1" in /home/soluctem/sistema.soluctem.com.co/api/submit.php on line 56
[14-Feb-2025 13:17:57 UTC] PHP Warning:  Undefined array key "contratista2" in /home/soluctem/sistema.soluctem.com.co/api/submit.php on line 57
[14-Feb-2025 13:17:57 UTC] PHP Warning:  Undefined array key "cedula2" in /home/soluctem/sistema.soluctem.com.co/api/submit.php on line 58
[14-Feb-2025 13:17:57 UTC] PHP Warning:  Undefined array key "horaEntrada2" in /home/soluctem/sistema.soluctem.com.co/api/submit.php on line 59
[14-Feb-2025 13:17:57 UTC] PHP Warning:  Undefined array key "horaSalida2" in /home/soluctem/sistema.soluctem.com.co/api/submit.php on line 60
[14-Feb-2025 13:17:57 UTC] PHP Warning:  Undefined array key "contratista3" in /home/soluctem/sistema.soluctem.com.co/api/submit.php on line 61
[14-Feb-2025 13:17:57 UTC] PHP Warning:  Undefined array key "cedula3" in /home/soluctem/sistema.soluctem.com.co/api/submit.php on line 62
[14-Feb-2025 13:17:57 UTC] PHP Warning:  Undefined array key "horaEntrada3" in /home/soluctem/sistema.soluctem.com.co/api/submit.php on line 63
[14-Feb-2025 13:17:57 UTC] PHP Warning:  Undefined array key "horaSalida3" in /home/soluctem/sistema.soluctem.com.co/api/submit.php on line 64
[14-Feb-2025 13:17:57 UTC] PHP Warning:  Undefined array key "contratista4" in /home/soluctem/sistema.soluctem.com.co/api/submit.php on line 65
[14-Feb-2025 13:17:57 UTC] PHP Warning:  Undefined array key "cedula4" in /home/soluctem/sistema.soluctem.com.co/api/submit.php on line 66
[14-Feb-2025 13:17:57 UTC] PHP Warning:  Undefined array key "horaEntrada4" in /home/soluctem/sistema.soluctem.com.co/api/submit.php on line 67
[14-Feb-2025 13:17:57 UTC] PHP Warning:  Undefined array key "horaSalida4" in /home/soluctem/sistema.soluctem.com.co/api/submit.php on line 68
[14-Feb-2025 13:17:57 UTC] PHP Warning:  Undefined array key "nombreFuncionario" in /home/soluctem/sistema.soluctem.com.co/api/submit.php on line 69
[14-Feb-2025 13:17:57 UTC] PHP Warning:  Undefined array key "cedulaFuncionario" in /home/soluctem/sistema.soluctem.com.co/api/submit.php on line 70
[14-Feb-2025 13:17:57 UTC] PHP Warning:  Undefined array key "cargoFuncionario" in /home/soluctem/sistema.soluctem.com.co/api/submit.php on line 71
[14-Feb-2025 13:17:57 UTC] PHP Warning:  Undefined array key "sapFuncionario" in /home/soluctem/sistema.soluctem.com.co/api/submit.php on line 72
[14-Feb-2025 13:17:57 UTC] PHP Warning:  Undefined array key "timestamp" in /home/soluctem/sistema.soluctem.com.co/api/submit.php on line 73
[14-Feb-2025 13:17:57 UTC] PHP Warning:  Undefined array key "asistenciaReparacion" in /home/soluctem/sistema.soluctem.com.co/api/submit.php on line 74
[14-Feb-2025 13:17:57 UTC] PHP Warning:  Undefined array key "asistenciaGarantia" in /home/soluctem/sistema.soluctem.com.co/api/submit.php on line 75
[14-Feb-2025 13:17:57 UTC] PHP Warning:  Undefined array key "asistenciaAjuste" in /home/soluctem/sistema.soluctem.com.co/api/submit.php on line 76
[14-Feb-2025 13:17:57 UTC] PHP Warning:  Undefined array key "asistenciaModificacion" in /home/soluctem/sistema.soluctem.com.co/api/submit.php on line 77
[14-Feb-2025 13:17:57 UTC] PHP Warning:  Undefined array key "asistenciaServicio" in /home/soluctem/sistema.soluctem.com.co/api/submit.php on line 78
[14-Feb-2025 13:17:57 UTC] PHP Warning:  Undefined array key "asistenciaMejora" in /home/soluctem/sistema.soluctem.com.co/api/submit.php on line 79
[14-Feb-2025 13:17:57 UTC] PHP Warning:  Undefined array key "asistenciaCombinacion" in /home/soluctem/sistema.soluctem.com.co/api/submit.php on line 80
[14-Feb-2025 13:17:57 UTC] PHP Warning:  Undefined array key "fallaOperacion" in /home/soluctem/sistema.soluctem.com.co/api/submit.php on line 81
[14-Feb-2025 13:17:57 UTC] PHP Warning:  Undefined array key "fallaMecanica" in /home/soluctem/sistema.soluctem.com.co/api/submit.php on line 82
[14-Feb-2025 13:17:57 UTC] PHP Warning:  Undefined array key "fallaElectrica" in /home/soluctem/sistema.soluctem.com.co/api/submit.php on line 83
[14-Feb-2025 13:17:57 UTC] PHP Warning:  Undefined array key "fallaTerceros" in /home/soluctem/sistema.soluctem.com.co/api/submit.php on line 84
[14-Feb-2025 13:17:57 UTC] PHP Warning:  Undefined array key "fallaFabricacion" in /home/soluctem/sistema.soluctem.com.co/api/submit.php on line 85
[14-Feb-2025 13:17:57 UTC] PHP Warning:  Undefined array key "firma_digital_cliente" in /home/soluctem/sistema.soluctem.com.co/api/submit.php on line 86
[14-Feb-2025 13:17:57 UTC] PHP Warning:  Undefined array key "firma_digital_tecnico" in /home/soluctem/sistema.soluctem.com.co/api/submit.php on line 87
[18-Feb-2025 14:28:44 UTC] PHP Warning:  Undefined array key "nombreSolicitante" in /home/soluctem/sistema.soluctem.com.co/api/submit.php on line 28
[18-Feb-2025 14:28:44 UTC] PHP Warning:  Undefined array key "cargo" in /home/soluctem/sistema.soluctem.com.co/api/submit.php on line 29
[18-Feb-2025 14:28:44 UTC] PHP Warning:  Undefined array key "nombreTienda" in /home/soluctem/sistema.soluctem.com.co/api/submit.php on line 30
[18-Feb-2025 14:28:44 UTC] PHP Warning:  Undefined array key "numeroTienda" in /home/soluctem/sistema.soluctem.com.co/api/submit.php on line 31
[18-Feb-2025 14:28:44 UTC] PHP Warning:  Undefined array key "numeroTicket" in /home/soluctem/sistema.soluctem.com.co/api/submit.php on line 32
[18-Feb-2025 14:28:44 UTC] PHP Warning:  Undefined array key "fecha" in /home/soluctem/sistema.soluctem.com.co/api/submit.php on line 33
[18-Feb-2025 14:28:44 UTC] PHP Warning:  Undefined array key "municipio" in /home/soluctem/sistema.soluctem.com.co/api/submit.php on line 34
[18-Feb-2025 14:28:44 UTC] PHP Warning:  Undefined array key "departamento" in /home/soluctem/sistema.soluctem.com.co/api/submit.php on line 35
[18-Feb-2025 14:28:44 UTC] PHP Warning:  Undefined array key "nombreEquipo" in /home/soluctem/sistema.soluctem.com.co/api/submit.php on line 36
[18-Feb-2025 14:28:44 UTC] PHP Warning:  Undefined array key "marca" in /home/soluctem/sistema.soluctem.com.co/api/submit.php on line 37
[18-Feb-2025 14:28:44 UTC] PHP Warning:  Undefined array key "serial" in /home/soluctem/sistema.soluctem.com.co/api/submit.php on line 38
[18-Feb-2025 14:28:44 UTC] PHP Warning:  Undefined array key "descripcionFalla" in /home/soluctem/sistema.soluctem.com.co/api/submit.php on line 39
[18-Feb-2025 14:28:44 UTC] PHP Warning:  Undefined array key "diagnosticoTecnico" in /home/soluctem/sistema.soluctem.com.co/api/submit.php on line 40
[18-Feb-2025 14:28:44 UTC] PHP Warning:  Undefined array key "repuestosCambiados" in /home/soluctem/sistema.soluctem.com.co/api/submit.php on line 41
[18-Feb-2025 14:28:44 UTC] PHP Warning:  Undefined array key "observaciones" in /home/soluctem/sistema.soluctem.com.co/api/submit.php on line 42
[18-Feb-2025 14:28:44 UTC] PHP Warning:  Undefined array key "seguridadRiesgoAccidentalidad" in /home/soluctem/sistema.soluctem.com.co/api/submit.php on line 43
[18-Feb-2025 14:28:44 UTC] PHP Warning:  Undefined array key "seguridadRiesgoEquipo" in /home/soluctem/sistema.soluctem.com.co/api/submit.php on line 44
[18-Feb-2025 14:28:44 UTC] PHP Warning:  Undefined array key "funcionamientoFallaSolucionada" in /home/soluctem/sistema.soluctem.com.co/api/submit.php on line 45
[18-Feb-2025 14:28:44 UTC] PHP Warning:  Undefined array key "funcionamientoPasosNormales" in /home/soluctem/sistema.soluctem.com.co/api/submit.php on line 46
[18-Feb-2025 14:28:44 UTC] PHP Warning:  Undefined array key "calidadTrabajo" in /home/soluctem/sistema.soluctem.com.co/api/submit.php on line 47
[18-Feb-2025 14:28:44 UTC] PHP Warning:  Undefined array key "limpiezaOrganizacionArmado" in /home/soluctem/sistema.soluctem.com.co/api/submit.php on line 48
[18-Feb-2025 14:28:44 UTC] PHP Warning:  Undefined array key "limpiezaOrganizacionAseado" in /home/soluctem/sistema.soluctem.com.co/api/submit.php on line 49
[18-Feb-2025 14:28:44 UTC] PHP Warning:  Undefined array key "capacitacionCausa" in /home/soluctem/sistema.soluctem.com.co/api/submit.php on line 50
[18-Feb-2025 14:28:44 UTC] PHP Warning:  Undefined array key "capacitacionPrevencion" in /home/soluctem/sistema.soluctem.com.co/api/submit.php on line 51
[18-Feb-2025 14:28:44 UTC] PHP Warning:  Undefined array key "capacitacionAccion" in /home/soluctem/sistema.soluctem.com.co/api/submit.php on line 52
[18-Feb-2025 14:28:44 UTC] PHP Warning:  Undefined array key "contratista1" in /home/soluctem/sistema.soluctem.com.co/api/submit.php on line 53
[18-Feb-2025 14:28:44 UTC] PHP Warning:  Undefined array key "cedula1" in /home/soluctem/sistema.soluctem.com.co/api/submit.php on line 54
[18-Feb-2025 14:28:44 UTC] PHP Warning:  Undefined array key "horaEntrada1" in /home/soluctem/sistema.soluctem.com.co/api/submit.php on line 55
[18-Feb-2025 14:28:44 UTC] PHP Warning:  Undefined array key "horaSalida1" in /home/soluctem/sistema.soluctem.com.co/api/submit.php on line 56
[18-Feb-2025 14:28:44 UTC] PHP Warning:  Undefined array key "contratista2" in /home/soluctem/sistema.soluctem.com.co/api/submit.php on line 57
[18-Feb-2025 14:28:44 UTC] PHP Warning:  Undefined array key "cedula2" in /home/soluctem/sistema.soluctem.com.co/api/submit.php on line 58
[18-Feb-2025 14:28:44 UTC] PHP Warning:  Undefined array key "horaEntrada2" in /home/soluctem/sistema.soluctem.com.co/api/submit.php on line 59
[18-Feb-2025 14:28:44 UTC] PHP Warning:  Undefined array key "horaSalida2" in /home/soluctem/sistema.soluctem.com.co/api/submit.php on line 60
[18-Feb-2025 14:28:44 UTC] PHP Warning:  Undefined array key "contratista3" in /home/soluctem/sistema.soluctem.com.co/api/submit.php on line 61
[18-Feb-2025 14:28:44 UTC] PHP Warning:  Undefined array key "cedula3" in /home/soluctem/sistema.soluctem.com.co/api/submit.php on line 62
[18-Feb-2025 14:28:44 UTC] PHP Warning:  Undefined array key "horaEntrada3" in /home/soluctem/sistema.soluctem.com.co/api/submit.php on line 63
[18-Feb-2025 14:28:44 UTC] PHP Warning:  Undefined array key "horaSalida3" in /home/soluctem/sistema.soluctem.com.co/api/submit.php on line 64
[18-Feb-2025 14:28:44 UTC] PHP Warning:  Undefined array key "contratista4" in /home/soluctem/sistema.soluctem.com.co/api/submit.php on line 65
[18-Feb-2025 14:28:44 UTC] PHP Warning:  Undefined array key "cedula4" in /home/soluctem/sistema.soluctem.com.co/api/submit.php on line 66
[18-Feb-2025 14:28:44 UTC] PHP Warning:  Undefined array key "horaEntrada4" in /home/soluctem/sistema.soluctem.com.co/api/submit.php on line 67
[18-Feb-2025 14:28:44 UTC] PHP Warning:  Undefined array key "horaSalida4" in /home/soluctem/sistema.soluctem.com.co/api/submit.php on line 68
[18-Feb-2025 14:28:44 UTC] PHP Warning:  Undefined array key "nombreFuncionario" in /home/soluctem/sistema.soluctem.com.co/api/submit.php on line 69
[18-Feb-2025 14:28:44 UTC] PHP Warning:  Undefined array key "cedulaFuncionario" in /home/soluctem/sistema.soluctem.com.co/api/submit.php on line 70
[18-Feb-2025 14:28:44 UTC] PHP Warning:  Undefined array key "cargoFuncionario" in /home/soluctem/sistema.soluctem.com.co/api/submit.php on line 71
[18-Feb-2025 14:28:44 UTC] PHP Warning:  Undefined array key "sapFuncionario" in /home/soluctem/sistema.soluctem.com.co/api/submit.php on line 72
[18-Feb-2025 14:28:44 UTC] PHP Warning:  Undefined array key "timestamp" in /home/soluctem/sistema.soluctem.com.co/api/submit.php on line 73
[18-Feb-2025 14:28:44 UTC] PHP Warning:  Undefined array key "asistenciaReparacion" in /home/soluctem/sistema.soluctem.com.co/api/submit.php on line 74
[18-Feb-2025 14:28:44 UTC] PHP Warning:  Undefined array key "asistenciaGarantia" in /home/soluctem/sistema.soluctem.com.co/api/submit.php on line 75
[18-Feb-2025 14:28:44 UTC] PHP Warning:  Undefined array key "asistenciaAjuste" in /home/soluctem/sistema.soluctem.com.co/api/submit.php on line 76
[18-Feb-2025 14:28:44 UTC] PHP Warning:  Undefined array key "asistenciaModificacion" in /home/soluctem/sistema.soluctem.com.co/api/submit.php on line 77
[18-Feb-2025 14:28:44 UTC] PHP Warning:  Undefined array key "asistenciaServicio" in /home/soluctem/sistema.soluctem.com.co/api/submit.php on line 78
[18-Feb-2025 14:28:44 UTC] PHP Warning:  Undefined array key "asistenciaMejora" in /home/soluctem/sistema.soluctem.com.co/api/submit.php on line 79
[18-Feb-2025 14:28:44 UTC] PHP Warning:  Undefined array key "asistenciaCombinacion" in /home/soluctem/sistema.soluctem.com.co/api/submit.php on line 80
[18-Feb-2025 14:28:44 UTC] PHP Warning:  Undefined array key "fallaOperacion" in /home/soluctem/sistema.soluctem.com.co/api/submit.php on line 81
[18-Feb-2025 14:28:44 UTC] PHP Warning:  Undefined array key "fallaMecanica" in /home/soluctem/sistema.soluctem.com.co/api/submit.php on line 82
[18-Feb-2025 14:28:44 UTC] PHP Warning:  Undefined array key "fallaElectrica" in /home/soluctem/sistema.soluctem.com.co/api/submit.php on line 83
[18-Feb-2025 14:28:44 UTC] PHP Warning:  Undefined array key "fallaTerceros" in /home/soluctem/sistema.soluctem.com.co/api/submit.php on line 84
[18-Feb-2025 14:28:44 UTC] PHP Warning:  Undefined array key "fallaFabricacion" in /home/soluctem/sistema.soluctem.com.co/api/submit.php on line 85
[18-Feb-2025 14:28:44 UTC] PHP Warning:  Undefined array key "firma_digital_cliente" in /home/soluctem/sistema.soluctem.com.co/api/submit.php on line 86
[18-Feb-2025 14:28:44 UTC] PHP Warning:  Undefined array key "firma_digital_tecnico" in /home/soluctem/sistema.soluctem.com.co/api/submit.php on line 87
[18-Feb-2025 15:17:13 UTC] PHP Warning:  Undefined array key "nombreSolicitante" in /home/soluctem/sistema.soluctem.com.co/api/submit.php on line 28
[18-Feb-2025 15:17:13 UTC] PHP Warning:  Undefined array key "cargo" in /home/soluctem/sistema.soluctem.com.co/api/submit.php on line 29
[18-Feb-2025 15:17:13 UTC] PHP Warning:  Undefined array key "nombreTienda" in /home/soluctem/sistema.soluctem.com.co/api/submit.php on line 30
[18-Feb-2025 15:17:13 UTC] PHP Warning:  Undefined array key "numeroTienda" in /home/soluctem/sistema.soluctem.com.co/api/submit.php on line 31
[18-Feb-2025 15:17:13 UTC] PHP Warning:  Undefined array key "numeroTicket" in /home/soluctem/sistema.soluctem.com.co/api/submit.php on line 32
[18-Feb-2025 15:17:13 UTC] PHP Warning:  Undefined array key "fecha" in /home/soluctem/sistema.soluctem.com.co/api/submit.php on line 33
[18-Feb-2025 15:17:13 UTC] PHP Warning:  Undefined array key "municipio" in /home/soluctem/sistema.soluctem.com.co/api/submit.php on line 34
[18-Feb-2025 15:17:13 UTC] PHP Warning:  Undefined array key "departamento" in /home/soluctem/sistema.soluctem.com.co/api/submit.php on line 35
[18-Feb-2025 15:17:13 UTC] PHP Warning:  Undefined array key "nombreEquipo" in /home/soluctem/sistema.soluctem.com.co/api/submit.php on line 36
[18-Feb-2025 15:17:13 UTC] PHP Warning:  Undefined array key "marca" in /home/soluctem/sistema.soluctem.com.co/api/submit.php on line 37
[18-Feb-2025 15:17:13 UTC] PHP Warning:  Undefined array key "serial" in /home/soluctem/sistema.soluctem.com.co/api/submit.php on line 38
[18-Feb-2025 15:17:13 UTC] PHP Warning:  Undefined array key "descripcionFalla" in /home/soluctem/sistema.soluctem.com.co/api/submit.php on line 39
[18-Feb-2025 15:17:13 UTC] PHP Warning:  Undefined array key "diagnosticoTecnico" in /home/soluctem/sistema.soluctem.com.co/api/submit.php on line 40
[18-Feb-2025 15:17:13 UTC] PHP Warning:  Undefined array key "repuestosCambiados" in /home/soluctem/sistema.soluctem.com.co/api/submit.php on line 41
[18-Feb-2025 15:17:13 UTC] PHP Warning:  Undefined array key "observaciones" in /home/soluctem/sistema.soluctem.com.co/api/submit.php on line 42
[18-Feb-2025 15:17:13 UTC] PHP Warning:  Undefined array key "seguridadRiesgoAccidentalidad" in /home/soluctem/sistema.soluctem.com.co/api/submit.php on line 43
[18-Feb-2025 15:17:13 UTC] PHP Warning:  Undefined array key "seguridadRiesgoEquipo" in /home/soluctem/sistema.soluctem.com.co/api/submit.php on line 44
[18-Feb-2025 15:17:13 UTC] PHP Warning:  Undefined array key "funcionamientoFallaSolucionada" in /home/soluctem/sistema.soluctem.com.co/api/submit.php on line 45
[18-Feb-2025 15:17:13 UTC] PHP Warning:  Undefined array key "funcionamientoPasosNormales" in /home/soluctem/sistema.soluctem.com.co/api/submit.php on line 46
[18-Feb-2025 15:17:13 UTC] PHP Warning:  Undefined array key "calidadTrabajo" in /home/soluctem/sistema.soluctem.com.co/api/submit.php on line 47
[18-Feb-2025 15:17:13 UTC] PHP Warning:  Undefined array key "limpiezaOrganizacionArmado" in /home/soluctem/sistema.soluctem.com.co/api/submit.php on line 48
[18-Feb-2025 15:17:13 UTC] PHP Warning:  Undefined array key "limpiezaOrganizacionAseado" in /home/soluctem/sistema.soluctem.com.co/api/submit.php on line 49
[18-Feb-2025 15:17:13 UTC] PHP Warning:  Undefined array key "capacitacionCausa" in /home/soluctem/sistema.soluctem.com.co/api/submit.php on line 50
[18-Feb-2025 15:17:13 UTC] PHP Warning:  Undefined array key "capacitacionPrevencion" in /home/soluctem/sistema.soluctem.com.co/api/submit.php on line 51
[18-Feb-2025 15:17:13 UTC] PHP Warning:  Undefined array key "capacitacionAccion" in /home/soluctem/sistema.soluctem.com.co/api/submit.php on line 52
[18-Feb-2025 15:17:13 UTC] PHP Warning:  Undefined array key "contratista1" in /home/soluctem/sistema.soluctem.com.co/api/submit.php on line 53
[18-Feb-2025 15:17:13 UTC] PHP Warning:  Undefined array key "cedula1" in /home/soluctem/sistema.soluctem.com.co/api/submit.php on line 54
[18-Feb-2025 15:17:13 UTC] PHP Warning:  Undefined array key "horaEntrada1" in /home/soluctem/sistema.soluctem.com.co/api/submit.php on line 55
[18-Feb-2025 15:17:13 UTC] PHP Warning:  Undefined array key "horaSalida1" in /home/soluctem/sistema.soluctem.com.co/api/submit.php on line 56
[18-Feb-2025 15:17:13 UTC] PHP Warning:  Undefined array key "contratista2" in /home/soluctem/sistema.soluctem.com.co/api/submit.php on line 57
[18-Feb-2025 15:17:13 UTC] PHP Warning:  Undefined array key "cedula2" in /home/soluctem/sistema.soluctem.com.co/api/submit.php on line 58
[18-Feb-2025 15:17:13 UTC] PHP Warning:  Undefined array key "horaEntrada2" in /home/soluctem/sistema.soluctem.com.co/api/submit.php on line 59
[18-Feb-2025 15:17:13 UTC] PHP Warning:  Undefined array key "horaSalida2" in /home/soluctem/sistema.soluctem.com.co/api/submit.php on line 60
[18-Feb-2025 15:17:13 UTC] PHP Warning:  Undefined array key "contratista3" in /home/soluctem/sistema.soluctem.com.co/api/submit.php on line 61
[18-Feb-2025 15:17:13 UTC] PHP Warning:  Undefined array key "cedula3" in /home/soluctem/sistema.soluctem.com.co/api/submit.php on line 62
[18-Feb-2025 15:17:13 UTC] PHP Warning:  Undefined array key "horaEntrada3" in /home/soluctem/sistema.soluctem.com.co/api/submit.php on line 63
[18-Feb-2025 15:17:13 UTC] PHP Warning:  Undefined array key "horaSalida3" in /home/soluctem/sistema.soluctem.com.co/api/submit.php on line 64
[18-Feb-2025 15:17:13 UTC] PHP Warning:  Undefined array key "contratista4" in /home/soluctem/sistema.soluctem.com.co/api/submit.php on line 65
[18-Feb-2025 15:17:13 UTC] PHP Warning:  Undefined array key "cedula4" in /home/soluctem/sistema.soluctem.com.co/api/submit.php on line 66
[18-Feb-2025 15:17:13 UTC] PHP Warning:  Undefined array key "horaEntrada4" in /home/soluctem/sistema.soluctem.com.co/api/submit.php on line 67
[18-Feb-2025 15:17:13 UTC] PHP Warning:  Undefined array key "horaSalida4" in /home/soluctem/sistema.soluctem.com.co/api/submit.php on line 68
[18-Feb-2025 15:17:13 UTC] PHP Warning:  Undefined array key "nombreFuncionario" in /home/soluctem/sistema.soluctem.com.co/api/submit.php on line 69
[18-Feb-2025 15:17:13 UTC] PHP Warning:  Undefined array key "cedulaFuncionario" in /home/soluctem/sistema.soluctem.com.co/api/submit.php on line 70
[18-Feb-2025 15:17:13 UTC] PHP Warning:  Undefined array key "cargoFuncionario" in /home/soluctem/sistema.soluctem.com.co/api/submit.php on line 71
[18-Feb-2025 15:17:13 UTC] PHP Warning:  Undefined array key "sapFuncionario" in /home/soluctem/sistema.soluctem.com.co/api/submit.php on line 72
[18-Feb-2025 15:17:13 UTC] PHP Warning:  Undefined array key "timestamp" in /home/soluctem/sistema.soluctem.com.co/api/submit.php on line 73
[18-Feb-2025 15:17:13 UTC] PHP Warning:  Undefined array key "asistenciaReparacion" in /home/soluctem/sistema.soluctem.com.co/api/submit.php on line 74
[18-Feb-2025 15:17:13 UTC] PHP Warning:  Undefined array key "asistenciaGarantia" in /home/soluctem/sistema.soluctem.com.co/api/submit.php on line 75
[18-Feb-2025 15:17:13 UTC] PHP Warning:  Undefined array key "asistenciaAjuste" in /home/soluctem/sistema.soluctem.com.co/api/submit.php on line 76
[18-Feb-2025 15:17:13 UTC] PHP Warning:  Undefined array key "asistenciaModificacion" in /home/soluctem/sistema.soluctem.com.co/api/submit.php on line 77
[18-Feb-2025 15:17:13 UTC] PHP Warning:  Undefined array key "asistenciaServicio" in /home/soluctem/sistema.soluctem.com.co/api/submit.php on line 78
[18-Feb-2025 15:17:13 UTC] PHP Warning:  Undefined array key "asistenciaMejora" in /home/soluctem/sistema.soluctem.com.co/api/submit.php on line 79
[18-Feb-2025 15:17:13 UTC] PHP Warning:  Undefined array key "asistenciaCombinacion" in /home/soluctem/sistema.soluctem.com.co/api/submit.php on line 80
[18-Feb-2025 15:17:13 UTC] PHP Warning:  Undefined array key "fallaOperacion" in /home/soluctem/sistema.soluctem.com.co/api/submit.php on line 81
[18-Feb-2025 15:17:13 UTC] PHP Warning:  Undefined array key "fallaMecanica" in /home/soluctem/sistema.soluctem.com.co/api/submit.php on line 82
[18-Feb-2025 15:17:13 UTC] PHP Warning:  Undefined array key "fallaElectrica" in /home/soluctem/sistema.soluctem.com.co/api/submit.php on line 83
[18-Feb-2025 15:17:13 UTC] PHP Warning:  Undefined array key "fallaTerceros" in /home/soluctem/sistema.soluctem.com.co/api/submit.php on line 84
[18-Feb-2025 15:17:13 UTC] PHP Warning:  Undefined array key "fallaFabricacion" in /home/soluctem/sistema.soluctem.com.co/api/submit.php on line 85
[18-Feb-2025 15:17:13 UTC] PHP Warning:  Undefined array key "firma_digital_cliente" in /home/soluctem/sistema.soluctem.com.co/api/submit.php on line 86
[18-Feb-2025 15:17:13 UTC] PHP Warning:  Undefined array key "firma_digital_tecnico" in /home/soluctem/sistema.soluctem.com.co/api/submit.php on line 87
[18-Feb-2025 16:12:18 UTC] PHP Warning:  Undefined array key "nombreSolicitante" in /home/soluctem/sistema.soluctem.com.co/api/submit.php on line 28
[18-Feb-2025 16:12:18 UTC] PHP Warning:  Undefined array key "cargo" in /home/soluctem/sistema.soluctem.com.co/api/submit.php on line 29
[18-Feb-2025 16:12:18 UTC] PHP Warning:  Undefined array key "nombreTienda" in /home/soluctem/sistema.soluctem.com.co/api/submit.php on line 30
[18-Feb-2025 16:12:18 UTC] PHP Warning:  Undefined array key "numeroTienda" in /home/soluctem/sistema.soluctem.com.co/api/submit.php on line 31
[18-Feb-2025 16:12:18 UTC] PHP Warning:  Undefined array key "numeroTicket" in /home/soluctem/sistema.soluctem.com.co/api/submit.php on line 32
[18-Feb-2025 16:12:18 UTC] PHP Warning:  Undefined array key "fecha" in /home/soluctem/sistema.soluctem.com.co/api/submit.php on line 33
[18-Feb-2025 16:12:18 UTC] PHP Warning:  Undefined array key "municipio" in /home/soluctem/sistema.soluctem.com.co/api/submit.php on line 34
[18-Feb-2025 16:12:18 UTC] PHP Warning:  Undefined array key "departamento" in /home/soluctem/sistema.soluctem.com.co/api/submit.php on line 35
[18-Feb-2025 16:12:18 UTC] PHP Warning:  Undefined array key "nombreEquipo" in /home/soluctem/sistema.soluctem.com.co/api/submit.php on line 36
[18-Feb-2025 16:12:18 UTC] PHP Warning:  Undefined array key "marca" in /home/soluctem/sistema.soluctem.com.co/api/submit.php on line 37
[18-Feb-2025 16:12:18 UTC] PHP Warning:  Undefined array key "serial" in /home/soluctem/sistema.soluctem.com.co/api/submit.php on line 38
[18-Feb-2025 16:12:18 UTC] PHP Warning:  Undefined array key "descripcionFalla" in /home/soluctem/sistema.soluctem.com.co/api/submit.php on line 39
[18-Feb-2025 16:12:18 UTC] PHP Warning:  Undefined array key "diagnosticoTecnico" in /home/soluctem/sistema.soluctem.com.co/api/submit.php on line 40
[18-Feb-2025 16:12:18 UTC] PHP Warning:  Undefined array key "repuestosCambiados" in /home/soluctem/sistema.soluctem.com.co/api/submit.php on line 41
[18-Feb-2025 16:12:18 UTC] PHP Warning:  Undefined array key "observaciones" in /home/soluctem/sistema.soluctem.com.co/api/submit.php on line 42
[18-Feb-2025 16:12:18 UTC] PHP Warning:  Undefined array key "seguridadRiesgoAccidentalidad" in /home/soluctem/sistema.soluctem.com.co/api/submit.php on line 43
[18-Feb-2025 16:12:18 UTC] PHP Warning:  Undefined array key "seguridadRiesgoEquipo" in /home/soluctem/sistema.soluctem.com.co/api/submit.php on line 44
[18-Feb-2025 16:12:18 UTC] PHP Warning:  Undefined array key "funcionamientoFallaSolucionada" in /home/soluctem/sistema.soluctem.com.co/api/submit.php on line 45
[18-Feb-2025 16:12:18 UTC] PHP Warning:  Undefined array key "funcionamientoPasosNormales" in /home/soluctem/sistema.soluctem.com.co/api/submit.php on line 46
[18-Feb-2025 16:12:18 UTC] PHP Warning:  Undefined array key "calidadTrabajo" in /home/soluctem/sistema.soluctem.com.co/api/submit.php on line 47
[18-Feb-2025 16:12:18 UTC] PHP Warning:  Undefined array key "limpiezaOrganizacionArmado" in /home/soluctem/sistema.soluctem.com.co/api/submit.php on line 48
[18-Feb-2025 16:12:18 UTC] PHP Warning:  Undefined array key "limpiezaOrganizacionAseado" in /home/soluctem/sistema.soluctem.com.co/api/submit.php on line 49
[18-Feb-2025 16:12:18 UTC] PHP Warning:  Undefined array key "capacitacionCausa" in /home/soluctem/sistema.soluctem.com.co/api/submit.php on line 50
[18-Feb-2025 16:12:18 UTC] PHP Warning:  Undefined array key "capacitacionPrevencion" in /home/soluctem/sistema.soluctem.com.co/api/submit.php on line 51
[18-Feb-2025 16:12:18 UTC] PHP Warning:  Undefined array key "capacitacionAccion" in /home/soluctem/sistema.soluctem.com.co/api/submit.php on line 52
[18-Feb-2025 16:12:18 UTC] PHP Warning:  Undefined array key "contratista1" in /home/soluctem/sistema.soluctem.com.co/api/submit.php on line 53
[18-Feb-2025 16:12:18 UTC] PHP Warning:  Undefined array key "cedula1" in /home/soluctem/sistema.soluctem.com.co/api/submit.php on line 54
[18-Feb-2025 16:12:18 UTC] PHP Warning:  Undefined array key "horaEntrada1" in /home/soluctem/sistema.soluctem.com.co/api/submit.php on line 55
[18-Feb-2025 16:12:18 UTC] PHP Warning:  Undefined array key "horaSalida1" in /home/soluctem/sistema.soluctem.com.co/api/submit.php on line 56
[18-Feb-2025 16:12:18 UTC] PHP Warning:  Undefined array key "contratista2" in /home/soluctem/sistema.soluctem.com.co/api/submit.php on line 57
[18-Feb-2025 16:12:18 UTC] PHP Warning:  Undefined array key "cedula2" in /home/soluctem/sistema.soluctem.com.co/api/submit.php on line 58
[18-Feb-2025 16:12:18 UTC] PHP Warning:  Undefined array key "horaEntrada2" in /home/soluctem/sistema.soluctem.com.co/api/submit.php on line 59
[18-Feb-2025 16:12:18 UTC] PHP Warning:  Undefined array key "horaSalida2" in /home/soluctem/sistema.soluctem.com.co/api/submit.php on line 60
[18-Feb-2025 16:12:18 UTC] PHP Warning:  Undefined array key "contratista3" in /home/soluctem/sistema.soluctem.com.co/api/submit.php on line 61
[18-Feb-2025 16:12:18 UTC] PHP Warning:  Undefined array key "cedula3" in /home/soluctem/sistema.soluctem.com.co/api/submit.php on line 62
[18-Feb-2025 16:12:18 UTC] PHP Warning:  Undefined array key "horaEntrada3" in /home/soluctem/sistema.soluctem.com.co/api/submit.php on line 63
[18-Feb-2025 16:12:18 UTC] PHP Warning:  Undefined array key "horaSalida3" in /home/soluctem/sistema.soluctem.com.co/api/submit.php on line 64
[18-Feb-2025 16:12:18 UTC] PHP Warning:  Undefined array key "contratista4" in /home/soluctem/sistema.soluctem.com.co/api/submit.php on line 65
[18-Feb-2025 16:12:18 UTC] PHP Warning:  Undefined array key "cedula4" in /home/soluctem/sistema.soluctem.com.co/api/submit.php on line 66
[18-Feb-2025 16:12:18 UTC] PHP Warning:  Undefined array key "horaEntrada4" in /home/soluctem/sistema.soluctem.com.co/api/submit.php on line 67
[18-Feb-2025 16:12:18 UTC] PHP Warning:  Undefined array key "horaSalida4" in /home/soluctem/sistema.soluctem.com.co/api/submit.php on line 68
[18-Feb-2025 16:12:18 UTC] PHP Warning:  Undefined array key "nombreFuncionario" in /home/soluctem/sistema.soluctem.com.co/api/submit.php on line 69
[18-Feb-2025 16:12:18 UTC] PHP Warning:  Undefined array key "cedulaFuncionario" in /home/soluctem/sistema.soluctem.com.co/api/submit.php on line 70
[18-Feb-2025 16:12:18 UTC] PHP Warning:  Undefined array key "cargoFuncionario" in /home/soluctem/sistema.soluctem.com.co/api/submit.php on line 71
[18-Feb-2025 16:12:18 UTC] PHP Warning:  Undefined array key "sapFuncionario" in /home/soluctem/sistema.soluctem.com.co/api/submit.php on line 72
[18-Feb-2025 16:12:18 UTC] PHP Warning:  Undefined array key "timestamp" in /home/soluctem/sistema.soluctem.com.co/api/submit.php on line 73
[18-Feb-2025 16:12:18 UTC] PHP Warning:  Undefined array key "asistenciaReparacion" in /home/soluctem/sistema.soluctem.com.co/api/submit.php on line 74
[18-Feb-2025 16:12:18 UTC] PHP Warning:  Undefined array key "asistenciaGarantia" in /home/soluctem/sistema.soluctem.com.co/api/submit.php on line 75
[18-Feb-2025 16:12:18 UTC] PHP Warning:  Undefined array key "asistenciaAjuste" in /home/soluctem/sistema.soluctem.com.co/api/submit.php on line 76
[18-Feb-2025 16:12:18 UTC] PHP Warning:  Undefined array key "asistenciaModificacion" in /home/soluctem/sistema.soluctem.com.co/api/submit.php on line 77
[18-Feb-2025 16:12:18 UTC] PHP Warning:  Undefined array key "asistenciaServicio" in /home/soluctem/sistema.soluctem.com.co/api/submit.php on line 78
[18-Feb-2025 16:12:18 UTC] PHP Warning:  Undefined array key "asistenciaMejora" in /home/soluctem/sistema.soluctem.com.co/api/submit.php on line 79
[18-Feb-2025 16:12:18 UTC] PHP Warning:  Undefined array key "asistenciaCombinacion" in /home/soluctem/sistema.soluctem.com.co/api/submit.php on line 80
[18-Feb-2025 16:12:18 UTC] PHP Warning:  Undefined array key "fallaOperacion" in /home/soluctem/sistema.soluctem.com.co/api/submit.php on line 81
[18-Feb-2025 16:12:18 UTC] PHP Warning:  Undefined array key "fallaMecanica" in /home/soluctem/sistema.soluctem.com.co/api/submit.php on line 82
[18-Feb-2025 16:12:18 UTC] PHP Warning:  Undefined array key "fallaElectrica" in /home/soluctem/sistema.soluctem.com.co/api/submit.php on line 83
[18-Feb-2025 16:12:18 UTC] PHP Warning:  Undefined array key "fallaTerceros" in /home/soluctem/sistema.soluctem.com.co/api/submit.php on line 84
[18-Feb-2025 16:12:18 UTC] PHP Warning:  Undefined array key "fallaFabricacion" in /home/soluctem/sistema.soluctem.com.co/api/submit.php on line 85
[18-Feb-2025 16:12:18 UTC] PHP Warning:  Undefined array key "firma_digital_cliente" in /home/soluctem/sistema.soluctem.com.co/api/submit.php on line 86
[18-Feb-2025 16:12:18 UTC] PHP Warning:  Undefined array key "firma_digital_tecnico" in /home/soluctem/sistema.soluctem.com.co/api/submit.php on line 87
[18-Feb-2025 19:04:13 UTC] PHP Warning:  Undefined array key "nombreSolicitante" in /home/soluctem/sistema.soluctem.com.co/api/submit.php on line 28
[18-Feb-2025 19:04:13 UTC] PHP Warning:  Undefined array key "cargo" in /home/soluctem/sistema.soluctem.com.co/api/submit.php on line 29
[18-Feb-2025 19:04:13 UTC] PHP Warning:  Undefined array key "nombreTienda" in /home/soluctem/sistema.soluctem.com.co/api/submit.php on line 30
[18-Feb-2025 19:04:13 UTC] PHP Warning:  Undefined array key "numeroTienda" in /home/soluctem/sistema.soluctem.com.co/api/submit.php on line 31
[18-Feb-2025 19:04:13 UTC] PHP Warning:  Undefined array key "numeroTicket" in /home/soluctem/sistema.soluctem.com.co/api/submit.php on line 32
[18-Feb-2025 19:04:13 UTC] PHP Warning:  Undefined array key "fecha" in /home/soluctem/sistema.soluctem.com.co/api/submit.php on line 33
[18-Feb-2025 19:04:13 UTC] PHP Warning:  Undefined array key "municipio" in /home/soluctem/sistema.soluctem.com.co/api/submit.php on line 34
[18-Feb-2025 19:04:13 UTC] PHP Warning:  Undefined array key "departamento" in /home/soluctem/sistema.soluctem.com.co/api/submit.php on line 35
[18-Feb-2025 19:04:13 UTC] PHP Warning:  Undefined array key "nombreEquipo" in /home/soluctem/sistema.soluctem.com.co/api/submit.php on line 36
[18-Feb-2025 19:04:13 UTC] PHP Warning:  Undefined array key "marca" in /home/soluctem/sistema.soluctem.com.co/api/submit.php on line 37
[18-Feb-2025 19:04:13 UTC] PHP Warning:  Undefined array key "serial" in /home/soluctem/sistema.soluctem.com.co/api/submit.php on line 38
[18-Feb-2025 19:04:13 UTC] PHP Warning:  Undefined array key "descripcionFalla" in /home/soluctem/sistema.soluctem.com.co/api/submit.php on line 39
[18-Feb-2025 19:04:13 UTC] PHP Warning:  Undefined array key "diagnosticoTecnico" in /home/soluctem/sistema.soluctem.com.co/api/submit.php on line 40
[18-Feb-2025 19:04:13 UTC] PHP Warning:  Undefined array key "repuestosCambiados" in /home/soluctem/sistema.soluctem.com.co/api/submit.php on line 41
[18-Feb-2025 19:04:13 UTC] PHP Warning:  Undefined array key "observaciones" in /home/soluctem/sistema.soluctem.com.co/api/submit.php on line 42
[18-Feb-2025 19:04:13 UTC] PHP Warning:  Undefined array key "seguridadRiesgoAccidentalidad" in /home/soluctem/sistema.soluctem.com.co/api/submit.php on line 43
[18-Feb-2025 19:04:13 UTC] PHP Warning:  Undefined array key "seguridadRiesgoEquipo" in /home/soluctem/sistema.soluctem.com.co/api/submit.php on line 44
[18-Feb-2025 19:04:13 UTC] PHP Warning:  Undefined array key "funcionamientoFallaSolucionada" in /home/soluctem/sistema.soluctem.com.co/api/submit.php on line 45
[18-Feb-2025 19:04:13 UTC] PHP Warning:  Undefined array key "funcionamientoPasosNormales" in /home/soluctem/sistema.soluctem.com.co/api/submit.php on line 46
[18-Feb-2025 19:04:13 UTC] PHP Warning:  Undefined array key "calidadTrabajo" in /home/soluctem/sistema.soluctem.com.co/api/submit.php on line 47
[18-Feb-2025 19:04:13 UTC] PHP Warning:  Undefined array key "limpiezaOrganizacionArmado" in /home/soluctem/sistema.soluctem.com.co/api/submit.php on line 48
[18-Feb-2025 19:04:13 UTC] PHP Warning:  Undefined array key "limpiezaOrganizacionAseado" in /home/soluctem/sistema.soluctem.com.co/api/submit.php on line 49
[18-Feb-2025 19:04:13 UTC] PHP Warning:  Undefined array key "capacitacionCausa" in /home/soluctem/sistema.soluctem.com.co/api/submit.php on line 50
[18-Feb-2025 19:04:13 UTC] PHP Warning:  Undefined array key "capacitacionPrevencion" in /home/soluctem/sistema.soluctem.com.co/api/submit.php on line 51
[18-Feb-2025 19:04:13 UTC] PHP Warning:  Undefined array key "capacitacionAccion" in /home/soluctem/sistema.soluctem.com.co/api/submit.php on line 52
[18-Feb-2025 19:04:13 UTC] PHP Warning:  Undefined array key "contratista1" in /home/soluctem/sistema.soluctem.com.co/api/submit.php on line 53
[18-Feb-2025 19:04:13 UTC] PHP Warning:  Undefined array key "cedula1" in /home/soluctem/sistema.soluctem.com.co/api/submit.php on line 54
[18-Feb-2025 19:04:13 UTC] PHP Warning:  Undefined array key "horaEntrada1" in /home/soluctem/sistema.soluctem.com.co/api/submit.php on line 55
[18-Feb-2025 19:04:13 UTC] PHP Warning:  Undefined array key "horaSalida1" in /home/soluctem/sistema.soluctem.com.co/api/submit.php on line 56
[18-Feb-2025 19:04:13 UTC] PHP Warning:  Undefined array key "contratista2" in /home/soluctem/sistema.soluctem.com.co/api/submit.php on line 57
[18-Feb-2025 19:04:13 UTC] PHP Warning:  Undefined array key "cedula2" in /home/soluctem/sistema.soluctem.com.co/api/submit.php on line 58
[18-Feb-2025 19:04:13 UTC] PHP Warning:  Undefined array key "horaEntrada2" in /home/soluctem/sistema.soluctem.com.co/api/submit.php on line 59
[18-Feb-2025 19:04:13 UTC] PHP Warning:  Undefined array key "horaSalida2" in /home/soluctem/sistema.soluctem.com.co/api/submit.php on line 60
[18-Feb-2025 19:04:13 UTC] PHP Warning:  Undefined array key "contratista3" in /home/soluctem/sistema.soluctem.com.co/api/submit.php on line 61
[18-Feb-2025 19:04:13 UTC] PHP Warning:  Undefined array key "cedula3" in /home/soluctem/sistema.soluctem.com.co/api/submit.php on line 62
[18-Feb-2025 19:04:13 UTC] PHP Warning:  Undefined array key "horaEntrada3" in /home/soluctem/sistema.soluctem.com.co/api/submit.php on line 63
[18-Feb-2025 19:04:13 UTC] PHP Warning:  Undefined array key "horaSalida3" in /home/soluctem/sistema.soluctem.com.co/api/submit.php on line 64
[18-Feb-2025 19:04:13 UTC] PHP Warning:  Undefined array key "contratista4" in /home/soluctem/sistema.soluctem.com.co/api/submit.php on line 65
[18-Feb-2025 19:04:13 UTC] PHP Warning:  Undefined array key "cedula4" in /home/soluctem/sistema.soluctem.com.co/api/submit.php on line 66
[18-Feb-2025 19:04:13 UTC] PHP Warning:  Undefined array key "horaEntrada4" in /home/soluctem/sistema.soluctem.com.co/api/submit.php on line 67
[18-Feb-2025 19:04:13 UTC] PHP Warning:  Undefined array key "horaSalida4" in /home/soluctem/sistema.soluctem.com.co/api/submit.php on line 68
[18-Feb-2025 19:04:13 UTC] PHP Warning:  Undefined array key "nombreFuncionario" in /home/soluctem/sistema.soluctem.com.co/api/submit.php on line 69
[18-Feb-2025 19:04:13 UTC] PHP Warning:  Undefined array key "cedulaFuncionario" in /home/soluctem/sistema.soluctem.com.co/api/submit.php on line 70
[18-Feb-2025 19:04:13 UTC] PHP Warning:  Undefined array key "cargoFuncionario" in /home/soluctem/sistema.soluctem.com.co/api/submit.php on line 71
[18-Feb-2025 19:04:13 UTC] PHP Warning:  Undefined array key "sapFuncionario" in /home/soluctem/sistema.soluctem.com.co/api/submit.php on line 72
[18-Feb-2025 19:04:13 UTC] PHP Warning:  Undefined array key "timestamp" in /home/soluctem/sistema.soluctem.com.co/api/submit.php on line 73
[18-Feb-2025 19:04:13 UTC] PHP Warning:  Undefined array key "asistenciaReparacion" in /home/soluctem/sistema.soluctem.com.co/api/submit.php on line 74
[18-Feb-2025 19:04:13 UTC] PHP Warning:  Undefined array key "asistenciaGarantia" in /home/soluctem/sistema.soluctem.com.co/api/submit.php on line 75
[18-Feb-2025 19:04:13 UTC] PHP Warning:  Undefined array key "asistenciaAjuste" in /home/soluctem/sistema.soluctem.com.co/api/submit.php on line 76
[18-Feb-2025 19:04:13 UTC] PHP Warning:  Undefined array key "asistenciaModificacion" in /home/soluctem/sistema.soluctem.com.co/api/submit.php on line 77
[18-Feb-2025 19:04:13 UTC] PHP Warning:  Undefined array key "asistenciaServicio" in /home/soluctem/sistema.soluctem.com.co/api/submit.php on line 78
[18-Feb-2025 19:04:13 UTC] PHP Warning:  Undefined array key "asistenciaMejora" in /home/soluctem/sistema.soluctem.com.co/api/submit.php on line 79
[18-Feb-2025 19:04:13 UTC] PHP Warning:  Undefined array key "asistenciaCombinacion" in /home/soluctem/sistema.soluctem.com.co/api/submit.php on line 80
[18-Feb-2025 19:04:13 UTC] PHP Warning:  Undefined array key "fallaOperacion" in /home/soluctem/sistema.soluctem.com.co/api/submit.php on line 81
[18-Feb-2025 19:04:13 UTC] PHP Warning:  Undefined array key "fallaMecanica" in /home/soluctem/sistema.soluctem.com.co/api/submit.php on line 82
[18-Feb-2025 19:04:13 UTC] PHP Warning:  Undefined array key "fallaElectrica" in /home/soluctem/sistema.soluctem.com.co/api/submit.php on line 83
[18-Feb-2025 19:04:13 UTC] PHP Warning:  Undefined array key "fallaTerceros" in /home/soluctem/sistema.soluctem.com.co/api/submit.php on line 84
[18-Feb-2025 19:04:13 UTC] PHP Warning:  Undefined array key "fallaFabricacion" in /home/soluctem/sistema.soluctem.com.co/api/submit.php on line 85
[18-Feb-2025 19:04:13 UTC] PHP Warning:  Undefined array key "firma_digital_cliente" in /home/soluctem/sistema.soluctem.com.co/api/submit.php on line 86
[18-Feb-2025 19:04:13 UTC] PHP Warning:  Undefined array key "firma_digital_tecnico" in /home/soluctem/sistema.soluctem.com.co/api/submit.php on line 87
[19-Feb-2025 20:40:38 UTC] PHP Warning:  Undefined array key "nombreSolicitante" in /home/soluctem/sistema.soluctem.com.co/api/submit.php on line 28
[19-Feb-2025 20:40:38 UTC] PHP Warning:  Undefined array key "cargo" in /home/soluctem/sistema.soluctem.com.co/api/submit.php on line 29
[19-Feb-2025 20:40:38 UTC] PHP Warning:  Undefined array key "nombreTienda" in /home/soluctem/sistema.soluctem.com.co/api/submit.php on line 30
[19-Feb-2025 20:40:38 UTC] PHP Warning:  Undefined array key "numeroTienda" in /home/soluctem/sistema.soluctem.com.co/api/submit.php on line 31
[19-Feb-2025 20:40:38 UTC] PHP Warning:  Undefined array key "numeroTicket" in /home/soluctem/sistema.soluctem.com.co/api/submit.php on line 32
[19-Feb-2025 20:40:38 UTC] PHP Warning:  Undefined array key "fecha" in /home/soluctem/sistema.soluctem.com.co/api/submit.php on line 33
[19-Feb-2025 20:40:38 UTC] PHP Warning:  Undefined array key "municipio" in /home/soluctem/sistema.soluctem.com.co/api/submit.php on line 34
[19-Feb-2025 20:40:38 UTC] PHP Warning:  Undefined array key "departamento" in /home/soluctem/sistema.soluctem.com.co/api/submit.php on line 35
[19-Feb-2025 20:40:38 UTC] PHP Warning:  Undefined array key "nombreEquipo" in /home/soluctem/sistema.soluctem.com.co/api/submit.php on line 36
[19-Feb-2025 20:40:38 UTC] PHP Warning:  Undefined array key "marca" in /home/soluctem/sistema.soluctem.com.co/api/submit.php on line 37
[19-Feb-2025 20:40:38 UTC] PHP Warning:  Undefined array key "serial" in /home/soluctem/sistema.soluctem.com.co/api/submit.php on line 38
[19-Feb-2025 20:40:38 UTC] PHP Warning:  Undefined array key "descripcionFalla" in /home/soluctem/sistema.soluctem.com.co/api/submit.php on line 39
[19-Feb-2025 20:40:38 UTC] PHP Warning:  Undefined array key "diagnosticoTecnico" in /home/soluctem/sistema.soluctem.com.co/api/submit.php on line 40
[19-Feb-2025 20:40:38 UTC] PHP Warning:  Undefined array key "repuestosCambiados" in /home/soluctem/sistema.soluctem.com.co/api/submit.php on line 41
[19-Feb-2025 20:40:38 UTC] PHP Warning:  Undefined array key "observaciones" in /home/soluctem/sistema.soluctem.com.co/api/submit.php on line 42
[19-Feb-2025 20:40:38 UTC] PHP Warning:  Undefined array key "seguridadRiesgoAccidentalidad" in /home/soluctem/sistema.soluctem.com.co/api/submit.php on line 43
[19-Feb-2025 20:40:38 UTC] PHP Warning:  Undefined array key "seguridadRiesgoEquipo" in /home/soluctem/sistema.soluctem.com.co/api/submit.php on line 44
[19-Feb-2025 20:40:38 UTC] PHP Warning:  Undefined array key "funcionamientoFallaSolucionada" in /home/soluctem/sistema.soluctem.com.co/api/submit.php on line 45
[19-Feb-2025 20:40:38 UTC] PHP Warning:  Undefined array key "funcionamientoPasosNormales" in /home/soluctem/sistema.soluctem.com.co/api/submit.php on line 46
[19-Feb-2025 20:40:38 UTC] PHP Warning:  Undefined array key "calidadTrabajo" in /home/soluctem/sistema.soluctem.com.co/api/submit.php on line 47
[19-Feb-2025 20:40:38 UTC] PHP Warning:  Undefined array key "limpiezaOrganizacionArmado" in /home/soluctem/sistema.soluctem.com.co/api/submit.php on line 48
[19-Feb-2025 20:40:38 UTC] PHP Warning:  Undefined array key "limpiezaOrganizacionAseado" in /home/soluctem/sistema.soluctem.com.co/api/submit.php on line 49
[19-Feb-2025 20:40:38 UTC] PHP Warning:  Undefined array key "capacitacionCausa" in /home/soluctem/sistema.soluctem.com.co/api/submit.php on line 50
[19-Feb-2025 20:40:38 UTC] PHP Warning:  Undefined array key "capacitacionPrevencion" in /home/soluctem/sistema.soluctem.com.co/api/submit.php on line 51
[19-Feb-2025 20:40:38 UTC] PHP Warning:  Undefined array key "capacitacionAccion" in /home/soluctem/sistema.soluctem.com.co/api/submit.php on line 52
[19-Feb-2025 20:40:38 UTC] PHP Warning:  Undefined array key "contratista1" in /home/soluctem/sistema.soluctem.com.co/api/submit.php on line 53
[19-Feb-2025 20:40:38 UTC] PHP Warning:  Undefined array key "cedula1" in /home/soluctem/sistema.soluctem.com.co/api/submit.php on line 54
[19-Feb-2025 20:40:38 UTC] PHP Warning:  Undefined array key "horaEntrada1" in /home/soluctem/sistema.soluctem.com.co/api/submit.php on line 55
[19-Feb-2025 20:40:38 UTC] PHP Warning:  Undefined array key "horaSalida1" in /home/soluctem/sistema.soluctem.com.co/api/submit.php on line 56
[19-Feb-2025 20:40:38 UTC] PHP Warning:  Undefined array key "contratista2" in /home/soluctem/sistema.soluctem.com.co/api/submit.php on line 57
[19-Feb-2025 20:40:38 UTC] PHP Warning:  Undefined array key "cedula2" in /home/soluctem/sistema.soluctem.com.co/api/submit.php on line 58
[19-Feb-2025 20:40:38 UTC] PHP Warning:  Undefined array key "horaEntrada2" in /home/soluctem/sistema.soluctem.com.co/api/submit.php on line 59
[19-Feb-2025 20:40:38 UTC] PHP Warning:  Undefined array key "horaSalida2" in /home/soluctem/sistema.soluctem.com.co/api/submit.php on line 60
[19-Feb-2025 20:40:38 UTC] PHP Warning:  Undefined array key "contratista3" in /home/soluctem/sistema.soluctem.com.co/api/submit.php on line 61
[19-Feb-2025 20:40:38 UTC] PHP Warning:  Undefined array key "cedula3" in /home/soluctem/sistema.soluctem.com.co/api/submit.php on line 62
[19-Feb-2025 20:40:38 UTC] PHP Warning:  Undefined array key "horaEntrada3" in /home/soluctem/sistema.soluctem.com.co/api/submit.php on line 63
[19-Feb-2025 20:40:38 UTC] PHP Warning:  Undefined array key "horaSalida3" in /home/soluctem/sistema.soluctem.com.co/api/submit.php on line 64
[19-Feb-2025 20:40:38 UTC] PHP Warning:  Undefined array key "contratista4" in /home/soluctem/sistema.soluctem.com.co/api/submit.php on line 65
[19-Feb-2025 20:40:38 UTC] PHP Warning:  Undefined array key "cedula4" in /home/soluctem/sistema.soluctem.com.co/api/submit.php on line 66
[19-Feb-2025 20:40:38 UTC] PHP Warning:  Undefined array key "horaEntrada4" in /home/soluctem/sistema.soluctem.com.co/api/submit.php on line 67
[19-Feb-2025 20:40:38 UTC] PHP Warning:  Undefined array key "horaSalida4" in /home/soluctem/sistema.soluctem.com.co/api/submit.php on line 68
[19-Feb-2025 20:40:38 UTC] PHP Warning:  Undefined array key "nombreFuncionario" in /home/soluctem/sistema.soluctem.com.co/api/submit.php on line 69
[19-Feb-2025 20:40:38 UTC] PHP Warning:  Undefined array key "cedulaFuncionario" in /home/soluctem/sistema.soluctem.com.co/api/submit.php on line 70
[19-Feb-2025 20:40:38 UTC] PHP Warning:  Undefined array key "cargoFuncionario" in /home/soluctem/sistema.soluctem.com.co/api/submit.php on line 71
[19-Feb-2025 20:40:38 UTC] PHP Warning:  Undefined array key "sapFuncionario" in /home/soluctem/sistema.soluctem.com.co/api/submit.php on line 72
[19-Feb-2025 20:40:38 UTC] PHP Warning:  Undefined array key "timestamp" in /home/soluctem/sistema.soluctem.com.co/api/submit.php on line 73
[19-Feb-2025 20:40:38 UTC] PHP Warning:  Undefined array key "asistenciaReparacion" in /home/soluctem/sistema.soluctem.com.co/api/submit.php on line 74
[19-Feb-2025 20:40:38 UTC] PHP Warning:  Undefined array key "asistenciaGarantia" in /home/soluctem/sistema.soluctem.com.co/api/submit.php on line 75
[19-Feb-2025 20:40:38 UTC] PHP Warning:  Undefined array key "asistenciaAjuste" in /home/soluctem/sistema.soluctem.com.co/api/submit.php on line 76
[19-Feb-2025 20:40:38 UTC] PHP Warning:  Undefined array key "asistenciaModificacion" in /home/soluctem/sistema.soluctem.com.co/api/submit.php on line 77
[19-Feb-2025 20:40:38 UTC] PHP Warning:  Undefined array key "asistenciaServicio" in /home/soluctem/sistema.soluctem.com.co/api/submit.php on line 78
[19-Feb-2025 20:40:38 UTC] PHP Warning:  Undefined array key "asistenciaMejora" in /home/soluctem/sistema.soluctem.com.co/api/submit.php on line 79
[19-Feb-2025 20:40:38 UTC] PHP Warning:  Undefined array key "asistenciaCombinacion" in /home/soluctem/sistema.soluctem.com.co/api/submit.php on line 80
[19-Feb-2025 20:40:38 UTC] PHP Warning:  Undefined array key "fallaOperacion" in /home/soluctem/sistema.soluctem.com.co/api/submit.php on line 81
[19-Feb-2025 20:40:38 UTC] PHP Warning:  Undefined array key "fallaMecanica" in /home/soluctem/sistema.soluctem.com.co/api/submit.php on line 82
[19-Feb-2025 20:40:38 UTC] PHP Warning:  Undefined array key "fallaElectrica" in /home/soluctem/sistema.soluctem.com.co/api/submit.php on line 83
[19-Feb-2025 20:40:38 UTC] PHP Warning:  Undefined array key "fallaTerceros" in /home/soluctem/sistema.soluctem.com.co/api/submit.php on line 84
[19-Feb-2025 20:40:38 UTC] PHP Warning:  Undefined array key "fallaFabricacion" in /home/soluctem/sistema.soluctem.com.co/api/submit.php on line 85
[19-Feb-2025 20:40:38 UTC] PHP Warning:  Undefined array key "firma_digital_cliente" in /home/soluctem/sistema.soluctem.com.co/api/submit.php on line 86
[19-Feb-2025 20:40:38 UTC] PHP Warning:  Undefined array key "firma_digital_tecnico" in /home/soluctem/sistema.soluctem.com.co/api/submit.php on line 87
[19-Feb-2025 20:46:53 UTC] PHP Warning:  Undefined array key "nombreSolicitante" in /home/soluctem/sistema.soluctem.com.co/api/submit.php on line 28
[19-Feb-2025 20:46:53 UTC] PHP Warning:  Undefined array key "cargo" in /home/soluctem/sistema.soluctem.com.co/api/submit.php on line 29
[19-Feb-2025 20:46:53 UTC] PHP Warning:  Undefined array key "nombreTienda" in /home/soluctem/sistema.soluctem.com.co/api/submit.php on line 30
[19-Feb-2025 20:46:53 UTC] PHP Warning:  Undefined array key "numeroTienda" in /home/soluctem/sistema.soluctem.com.co/api/submit.php on line 31
[19-Feb-2025 20:46:53 UTC] PHP Warning:  Undefined array key "numeroTicket" in /home/soluctem/sistema.soluctem.com.co/api/submit.php on line 32
[19-Feb-2025 20:46:53 UTC] PHP Warning:  Undefined array key "fecha" in /home/soluctem/sistema.soluctem.com.co/api/submit.php on line 33
[19-Feb-2025 20:46:53 UTC] PHP Warning:  Undefined array key "municipio" in /home/soluctem/sistema.soluctem.com.co/api/submit.php on line 34
[19-Feb-2025 20:46:53 UTC] PHP Warning:  Undefined array key "departamento" in /home/soluctem/sistema.soluctem.com.co/api/submit.php on line 35
[19-Feb-2025 20:46:53 UTC] PHP Warning:  Undefined array key "nombreEquipo" in /home/soluctem/sistema.soluctem.com.co/api/submit.php on line 36
[19-Feb-2025 20:46:53 UTC] PHP Warning:  Undefined array key "marca" in /home/soluctem/sistema.soluctem.com.co/api/submit.php on line 37
[19-Feb-2025 20:46:53 UTC] PHP Warning:  Undefined array key "serial" in /home/soluctem/sistema.soluctem.com.co/api/submit.php on line 38
[19-Feb-2025 20:46:53 UTC] PHP Warning:  Undefined array key "descripcionFalla" in /home/soluctem/sistema.soluctem.com.co/api/submit.php on line 39
[19-Feb-2025 20:46:53 UTC] PHP Warning:  Undefined array key "diagnosticoTecnico" in /home/soluctem/sistema.soluctem.com.co/api/submit.php on line 40
[19-Feb-2025 20:46:53 UTC] PHP Warning:  Undefined array key "repuestosCambiados" in /home/soluctem/sistema.soluctem.com.co/api/submit.php on line 41
[19-Feb-2025 20:46:53 UTC] PHP Warning:  Undefined array key "observaciones" in /home/soluctem/sistema.soluctem.com.co/api/submit.php on line 42
[19-Feb-2025 20:46:53 UTC] PHP Warning:  Undefined array key "seguridadRiesgoAccidentalidad" in /home/soluctem/sistema.soluctem.com.co/api/submit.php on line 43
[19-Feb-2025 20:46:53 UTC] PHP Warning:  Undefined array key "seguridadRiesgoEquipo" in /home/soluctem/sistema.soluctem.com.co/api/submit.php on line 44
[19-Feb-2025 20:46:53 UTC] PHP Warning:  Undefined array key "funcionamientoFallaSolucionada" in /home/soluctem/sistema.soluctem.com.co/api/submit.php on line 45
[19-Feb-2025 20:46:53 UTC] PHP Warning:  Undefined array key "funcionamientoPasosNormales" in /home/soluctem/sistema.soluctem.com.co/api/submit.php on line 46
[19-Feb-2025 20:46:53 UTC] PHP Warning:  Undefined array key "calidadTrabajo" in /home/soluctem/sistema.soluctem.com.co/api/submit.php on line 47
[19-Feb-2025 20:46:53 UTC] PHP Warning:  Undefined array key "limpiezaOrganizacionArmado" in /home/soluctem/sistema.soluctem.com.co/api/submit.php on line 48
[19-Feb-2025 20:46:53 UTC] PHP Warning:  Undefined array key "limpiezaOrganizacionAseado" in /home/soluctem/sistema.soluctem.com.co/api/submit.php on line 49
[19-Feb-2025 20:46:53 UTC] PHP Warning:  Undefined array key "capacitacionCausa" in /home/soluctem/sistema.soluctem.com.co/api/submit.php on line 50
[19-Feb-2025 20:46:53 UTC] PHP Warning:  Undefined array key "capacitacionPrevencion" in /home/soluctem/sistema.soluctem.com.co/api/submit.php on line 51
[19-Feb-2025 20:46:53 UTC] PHP Warning:  Undefined array key "capacitacionAccion" in /home/soluctem/sistema.soluctem.com.co/api/submit.php on line 52
[19-Feb-2025 20:46:53 UTC] PHP Warning:  Undefined array key "contratista1" in /home/soluctem/sistema.soluctem.com.co/api/submit.php on line 53
[19-Feb-2025 20:46:53 UTC] PHP Warning:  Undefined array key "cedula1" in /home/soluctem/sistema.soluctem.com.co/api/submit.php on line 54
[19-Feb-2025 20:46:53 UTC] PHP Warning:  Undefined array key "horaEntrada1" in /home/soluctem/sistema.soluctem.com.co/api/submit.php on line 55
[19-Feb-2025 20:46:53 UTC] PHP Warning:  Undefined array key "horaSalida1" in /home/soluctem/sistema.soluctem.com.co/api/submit.php on line 56
[19-Feb-2025 20:46:53 UTC] PHP Warning:  Undefined array key "contratista2" in /home/soluctem/sistema.soluctem.com.co/api/submit.php on line 57
[19-Feb-2025 20:46:53 UTC] PHP Warning:  Undefined array key "cedula2" in /home/soluctem/sistema.soluctem.com.co/api/submit.php on line 58
[19-Feb-2025 20:46:53 UTC] PHP Warning:  Undefined array key "horaEntrada2" in /home/soluctem/sistema.soluctem.com.co/api/submit.php on line 59
[19-Feb-2025 20:46:53 UTC] PHP Warning:  Undefined array key "horaSalida2" in /home/soluctem/sistema.soluctem.com.co/api/submit.php on line 60
[19-Feb-2025 20:46:53 UTC] PHP Warning:  Undefined array key "contratista3" in /home/soluctem/sistema.soluctem.com.co/api/submit.php on line 61
[19-Feb-2025 20:46:53 UTC] PHP Warning:  Undefined array key "cedula3" in /home/soluctem/sistema.soluctem.com.co/api/submit.php on line 62
[19-Feb-2025 20:46:53 UTC] PHP Warning:  Undefined array key "horaEntrada3" in /home/soluctem/sistema.soluctem.com.co/api/submit.php on line 63
[19-Feb-2025 20:46:53 UTC] PHP Warning:  Undefined array key "horaSalida3" in /home/soluctem/sistema.soluctem.com.co/api/submit.php on line 64
[19-Feb-2025 20:46:53 UTC] PHP Warning:  Undefined array key "contratista4" in /home/soluctem/sistema.soluctem.com.co/api/submit.php on line 65
[19-Feb-2025 20:46:53 UTC] PHP Warning:  Undefined array key "cedula4" in /home/soluctem/sistema.soluctem.com.co/api/submit.php on line 66
[19-Feb-2025 20:46:53 UTC] PHP Warning:  Undefined array key "horaEntrada4" in /home/soluctem/sistema.soluctem.com.co/api/submit.php on line 67
[19-Feb-2025 20:46:53 UTC] PHP Warning:  Undefined array key "horaSalida4" in /home/soluctem/sistema.soluctem.com.co/api/submit.php on line 68
[19-Feb-2025 20:46:53 UTC] PHP Warning:  Undefined array key "nombreFuncionario" in /home/soluctem/sistema.soluctem.com.co/api/submit.php on line 69
[19-Feb-2025 20:46:53 UTC] PHP Warning:  Undefined array key "cedulaFuncionario" in /home/soluctem/sistema.soluctem.com.co/api/submit.php on line 70
[19-Feb-2025 20:46:53 UTC] PHP Warning:  Undefined array key "cargoFuncionario" in /home/soluctem/sistema.soluctem.com.co/api/submit.php on line 71
[19-Feb-2025 20:46:53 UTC] PHP Warning:  Undefined array key "sapFuncionario" in /home/soluctem/sistema.soluctem.com.co/api/submit.php on line 72
[19-Feb-2025 20:46:53 UTC] PHP Warning:  Undefined array key "timestamp" in /home/soluctem/sistema.soluctem.com.co/api/submit.php on line 73
[19-Feb-2025 20:46:53 UTC] PHP Warning:  Undefined array key "asistenciaReparacion" in /home/soluctem/sistema.soluctem.com.co/api/submit.php on line 74
[19-Feb-2025 20:46:53 UTC] PHP Warning:  Undefined array key "asistenciaGarantia" in /home/soluctem/sistema.soluctem.com.co/api/submit.php on line 75
[19-Feb-2025 20:46:53 UTC] PHP Warning:  Undefined array key "asistenciaAjuste" in /home/soluctem/sistema.soluctem.com.co/api/submit.php on line 76
[19-Feb-2025 20:46:53 UTC] PHP Warning:  Undefined array key "asistenciaModificacion" in /home/soluctem/sistema.soluctem.com.co/api/submit.php on line 77
[19-Feb-2025 20:46:53 UTC] PHP Warning:  Undefined array key "asistenciaServicio" in /home/soluctem/sistema.soluctem.com.co/api/submit.php on line 78
[19-Feb-2025 20:46:53 UTC] PHP Warning:  Undefined array key "asistenciaMejora" in /home/soluctem/sistema.soluctem.com.co/api/submit.php on line 79
[19-Feb-2025 20:46:53 UTC] PHP Warning:  Undefined array key "asistenciaCombinacion" in /home/soluctem/sistema.soluctem.com.co/api/submit.php on line 80
[19-Feb-2025 20:46:53 UTC] PHP Warning:  Undefined array key "fallaOperacion" in /home/soluctem/sistema.soluctem.com.co/api/submit.php on line 81
[19-Feb-2025 20:46:53 UTC] PHP Warning:  Undefined array key "fallaMecanica" in /home/soluctem/sistema.soluctem.com.co/api/submit.php on line 82
[19-Feb-2025 20:46:53 UTC] PHP Warning:  Undefined array key "fallaElectrica" in /home/soluctem/sistema.soluctem.com.co/api/submit.php on line 83
[19-Feb-2025 20:46:53 UTC] PHP Warning:  Undefined array key "fallaTerceros" in /home/soluctem/sistema.soluctem.com.co/api/submit.php on line 84
[19-Feb-2025 20:46:53 UTC] PHP Warning:  Undefined array key "fallaFabricacion" in /home/soluctem/sistema.soluctem.com.co/api/submit.php on line 85
[19-Feb-2025 20:46:53 UTC] PHP Warning:  Undefined array key "firma_digital_cliente" in /home/soluctem/sistema.soluctem.com.co/api/submit.php on line 86
[19-Feb-2025 20:46:53 UTC] PHP Warning:  Undefined array key "firma_digital_tecnico" in /home/soluctem/sistema.soluctem.com.co/api/submit.php on line 87
[21-Feb-2025 03:27:44 UTC] PHP Warning:  Undefined array key "nombreSolicitante" in /home/soluctem/sistema.soluctem.com.co/api/submit.php on line 28
[21-Feb-2025 03:27:44 UTC] PHP Warning:  Undefined array key "cargo" in /home/soluctem/sistema.soluctem.com.co/api/submit.php on line 29
[21-Feb-2025 03:27:44 UTC] PHP Warning:  Undefined array key "nombreTienda" in /home/soluctem/sistema.soluctem.com.co/api/submit.php on line 30
[21-Feb-2025 03:27:44 UTC] PHP Warning:  Undefined array key "numeroTienda" in /home/soluctem/sistema.soluctem.com.co/api/submit.php on line 31
[21-Feb-2025 03:27:44 UTC] PHP Warning:  Undefined array key "numeroTicket" in /home/soluctem/sistema.soluctem.com.co/api/submit.php on line 32
[21-Feb-2025 03:27:44 UTC] PHP Warning:  Undefined array key "fecha" in /home/soluctem/sistema.soluctem.com.co/api/submit.php on line 33
[21-Feb-2025 03:27:44 UTC] PHP Warning:  Undefined array key "municipio" in /home/soluctem/sistema.soluctem.com.co/api/submit.php on line 34
[21-Feb-2025 03:27:44 UTC] PHP Warning:  Undefined array key "departamento" in /home/soluctem/sistema.soluctem.com.co/api/submit.php on line 35
[21-Feb-2025 03:27:44 UTC] PHP Warning:  Undefined array key "nombreEquipo" in /home/soluctem/sistema.soluctem.com.co/api/submit.php on line 36
[21-Feb-2025 03:27:44 UTC] PHP Warning:  Undefined array key "marca" in /home/soluctem/sistema.soluctem.com.co/api/submit.php on line 37
[21-Feb-2025 03:27:44 UTC] PHP Warning:  Undefined array key "serial" in /home/soluctem/sistema.soluctem.com.co/api/submit.php on line 38
[21-Feb-2025 03:27:44 UTC] PHP Warning:  Undefined array key "descripcionFalla" in /home/soluctem/sistema.soluctem.com.co/api/submit.php on line 39
[21-Feb-2025 03:27:44 UTC] PHP Warning:  Undefined array key "diagnosticoTecnico" in /home/soluctem/sistema.soluctem.com.co/api/submit.php on line 40
[21-Feb-2025 03:27:44 UTC] PHP Warning:  Undefined array key "repuestosCambiados" in /home/soluctem/sistema.soluctem.com.co/api/submit.php on line 41
[21-Feb-2025 03:27:44 UTC] PHP Warning:  Undefined array key "observaciones" in /home/soluctem/sistema.soluctem.com.co/api/submit.php on line 42
[21-Feb-2025 03:27:44 UTC] PHP Warning:  Undefined array key "seguridadRiesgoAccidentalidad" in /home/soluctem/sistema.soluctem.com.co/api/submit.php on line 43
[21-Feb-2025 03:27:44 UTC] PHP Warning:  Undefined array key "seguridadRiesgoEquipo" in /home/soluctem/sistema.soluctem.com.co/api/submit.php on line 44
[21-Feb-2025 03:27:44 UTC] PHP Warning:  Undefined array key "funcionamientoFallaSolucionada" in /home/soluctem/sistema.soluctem.com.co/api/submit.php on line 45
[21-Feb-2025 03:27:44 UTC] PHP Warning:  Undefined array key "funcionamientoPasosNormales" in /home/soluctem/sistema.soluctem.com.co/api/submit.php on line 46
[21-Feb-2025 03:27:44 UTC] PHP Warning:  Undefined array key "calidadTrabajo" in /home/soluctem/sistema.soluctem.com.co/api/submit.php on line 47
[21-Feb-2025 03:27:44 UTC] PHP Warning:  Undefined array key "limpiezaOrganizacionArmado" in /home/soluctem/sistema.soluctem.com.co/api/submit.php on line 48
[21-Feb-2025 03:27:44 UTC] PHP Warning:  Undefined array key "limpiezaOrganizacionAseado" in /home/soluctem/sistema.soluctem.com.co/api/submit.php on line 49
[21-Feb-2025 03:27:44 UTC] PHP Warning:  Undefined array key "capacitacionCausa" in /home/soluctem/sistema.soluctem.com.co/api/submit.php on line 50
[21-Feb-2025 03:27:44 UTC] PHP Warning:  Undefined array key "capacitacionPrevencion" in /home/soluctem/sistema.soluctem.com.co/api/submit.php on line 51
[21-Feb-2025 03:27:44 UTC] PHP Warning:  Undefined array key "capacitacionAccion" in /home/soluctem/sistema.soluctem.com.co/api/submit.php on line 52
[21-Feb-2025 03:27:44 UTC] PHP Warning:  Undefined array key "contratista1" in /home/soluctem/sistema.soluctem.com.co/api/submit.php on line 53
[21-Feb-2025 03:27:44 UTC] PHP Warning:  Undefined array key "cedula1" in /home/soluctem/sistema.soluctem.com.co/api/submit.php on line 54
[21-Feb-2025 03:27:44 UTC] PHP Warning:  Undefined array key "horaEntrada1" in /home/soluctem/sistema.soluctem.com.co/api/submit.php on line 55
[21-Feb-2025 03:27:44 UTC] PHP Warning:  Undefined array key "horaSalida1" in /home/soluctem/sistema.soluctem.com.co/api/submit.php on line 56
[21-Feb-2025 03:27:44 UTC] PHP Warning:  Undefined array key "contratista2" in /home/soluctem/sistema.soluctem.com.co/api/submit.php on line 57
[21-Feb-2025 03:27:44 UTC] PHP Warning:  Undefined array key "cedula2" in /home/soluctem/sistema.soluctem.com.co/api/submit.php on line 58
[21-Feb-2025 03:27:44 UTC] PHP Warning:  Undefined array key "horaEntrada2" in /home/soluctem/sistema.soluctem.com.co/api/submit.php on line 59
[21-Feb-2025 03:27:44 UTC] PHP Warning:  Undefined array key "horaSalida2" in /home/soluctem/sistema.soluctem.com.co/api/submit.php on line 60
[21-Feb-2025 03:27:44 UTC] PHP Warning:  Undefined array key "contratista3" in /home/soluctem/sistema.soluctem.com.co/api/submit.php on line 61
[21-Feb-2025 03:27:44 UTC] PHP Warning:  Undefined array key "cedula3" in /home/soluctem/sistema.soluctem.com.co/api/submit.php on line 62
[21-Feb-2025 03:27:44 UTC] PHP Warning:  Undefined array key "horaEntrada3" in /home/soluctem/sistema.soluctem.com.co/api/submit.php on line 63
[21-Feb-2025 03:27:44 UTC] PHP Warning:  Undefined array key "horaSalida3" in /home/soluctem/sistema.soluctem.com.co/api/submit.php on line 64
[21-Feb-2025 03:27:44 UTC] PHP Warning:  Undefined array key "contratista4" in /home/soluctem/sistema.soluctem.com.co/api/submit.php on line 65
[21-Feb-2025 03:27:44 UTC] PHP Warning:  Undefined array key "cedula4" in /home/soluctem/sistema.soluctem.com.co/api/submit.php on line 66
[21-Feb-2025 03:27:44 UTC] PHP Warning:  Undefined array key "horaEntrada4" in /home/soluctem/sistema.soluctem.com.co/api/submit.php on line 67
[21-Feb-2025 03:27:44 UTC] PHP Warning:  Undefined array key "horaSalida4" in /home/soluctem/sistema.soluctem.com.co/api/submit.php on line 68
[21-Feb-2025 03:27:44 UTC] PHP Warning:  Undefined array key "nombreFuncionario" in /home/soluctem/sistema.soluctem.com.co/api/submit.php on line 69
[21-Feb-2025 03:27:44 UTC] PHP Warning:  Undefined array key "cedulaFuncionario" in /home/soluctem/sistema.soluctem.com.co/api/submit.php on line 70
[21-Feb-2025 03:27:44 UTC] PHP Warning:  Undefined array key "cargoFuncionario" in /home/soluctem/sistema.soluctem.com.co/api/submit.php on line 71
[21-Feb-2025 03:27:44 UTC] PHP Warning:  Undefined array key "sapFuncionario" in /home/soluctem/sistema.soluctem.com.co/api/submit.php on line 72
[21-Feb-2025 03:27:44 UTC] PHP Warning:  Undefined array key "timestamp" in /home/soluctem/sistema.soluctem.com.co/api/submit.php on line 73
[21-Feb-2025 03:27:44 UTC] PHP Warning:  Undefined array key "asistenciaReparacion" in /home/soluctem/sistema.soluctem.com.co/api/submit.php on line 74
[21-Feb-2025 03:27:44 UTC] PHP Warning:  Undefined array key "asistenciaGarantia" in /home/soluctem/sistema.soluctem.com.co/api/submit.php on line 75
[21-Feb-2025 03:27:44 UTC] PHP Warning:  Undefined array key "asistenciaAjuste" in /home/soluctem/sistema.soluctem.com.co/api/submit.php on line 76
[21-Feb-2025 03:27:44 UTC] PHP Warning:  Undefined array key "asistenciaModificacion" in /home/soluctem/sistema.soluctem.com.co/api/submit.php on line 77
[21-Feb-2025 03:27:44 UTC] PHP Warning:  Undefined array key "asistenciaServicio" in /home/soluctem/sistema.soluctem.com.co/api/submit.php on line 78
[21-Feb-2025 03:27:44 UTC] PHP Warning:  Undefined array key "asistenciaMejora" in /home/soluctem/sistema.soluctem.com.co/api/submit.php on line 79
[21-Feb-2025 03:27:44 UTC] PHP Warning:  Undefined array key "asistenciaCombinacion" in /home/soluctem/sistema.soluctem.com.co/api/submit.php on line 80
[21-Feb-2025 03:27:44 UTC] PHP Warning:  Undefined array key "fallaOperacion" in /home/soluctem/sistema.soluctem.com.co/api/submit.php on line 81
[21-Feb-2025 03:27:44 UTC] PHP Warning:  Undefined array key "fallaMecanica" in /home/soluctem/sistema.soluctem.com.co/api/submit.php on line 82
[21-Feb-2025 03:27:44 UTC] PHP Warning:  Undefined array key "fallaElectrica" in /home/soluctem/sistema.soluctem.com.co/api/submit.php on line 83
[21-Feb-2025 03:27:44 UTC] PHP Warning:  Undefined array key "fallaTerceros" in /home/soluctem/sistema.soluctem.com.co/api/submit.php on line 84
[21-Feb-2025 03:27:44 UTC] PHP Warning:  Undefined array key "fallaFabricacion" in /home/soluctem/sistema.soluctem.com.co/api/submit.php on line 85
[21-Feb-2025 03:27:44 UTC] PHP Warning:  Undefined array key "firma_digital_cliente" in /home/soluctem/sistema.soluctem.com.co/api/submit.php on line 86
[21-Feb-2025 03:27:44 UTC] PHP Warning:  Undefined array key "firma_digital_tecnico" in /home/soluctem/sistema.soluctem.com.co/api/submit.php on line 87
[21-Feb-2025 03:31:43 UTC] PHP Warning:  Undefined array key "nombreSolicitante" in /home/soluctem/sistema.soluctem.com.co/api/submit.php on line 28
[21-Feb-2025 03:31:43 UTC] PHP Warning:  Undefined array key "cargo" in /home/soluctem/sistema.soluctem.com.co/api/submit.php on line 29
[21-Feb-2025 03:31:43 UTC] PHP Warning:  Undefined array key "nombreTienda" in /home/soluctem/sistema.soluctem.com.co/api/submit.php on line 30
[21-Feb-2025 03:31:43 UTC] PHP Warning:  Undefined array key "numeroTienda" in /home/soluctem/sistema.soluctem.com.co/api/submit.php on line 31
[21-Feb-2025 03:31:43 UTC] PHP Warning:  Undefined array key "numeroTicket" in /home/soluctem/sistema.soluctem.com.co/api/submit.php on line 32
[21-Feb-2025 03:31:43 UTC] PHP Warning:  Undefined array key "fecha" in /home/soluctem/sistema.soluctem.com.co/api/submit.php on line 33
[21-Feb-2025 03:31:43 UTC] PHP Warning:  Undefined array key "municipio" in /home/soluctem/sistema.soluctem.com.co/api/submit.php on line 34
[21-Feb-2025 03:31:43 UTC] PHP Warning:  Undefined array key "departamento" in /home/soluctem/sistema.soluctem.com.co/api/submit.php on line 35
[21-Feb-2025 03:31:43 UTC] PHP Warning:  Undefined array key "nombreEquipo" in /home/soluctem/sistema.soluctem.com.co/api/submit.php on line 36
[21-Feb-2025 03:31:43 UTC] PHP Warning:  Undefined array key "marca" in /home/soluctem/sistema.soluctem.com.co/api/submit.php on line 37
[21-Feb-2025 03:31:43 UTC] PHP Warning:  Undefined array key "serial" in /home/soluctem/sistema.soluctem.com.co/api/submit.php on line 38
[21-Feb-2025 03:31:43 UTC] PHP Warning:  Undefined array key "descripcionFalla" in /home/soluctem/sistema.soluctem.com.co/api/submit.php on line 39
[21-Feb-2025 03:31:43 UTC] PHP Warning:  Undefined array key "diagnosticoTecnico" in /home/soluctem/sistema.soluctem.com.co/api/submit.php on line 40
[21-Feb-2025 03:31:43 UTC] PHP Warning:  Undefined array key "repuestosCambiados" in /home/soluctem/sistema.soluctem.com.co/api/submit.php on line 41
[21-Feb-2025 03:31:43 UTC] PHP Warning:  Undefined array key "observaciones" in /home/soluctem/sistema.soluctem.com.co/api/submit.php on line 42
[21-Feb-2025 03:31:43 UTC] PHP Warning:  Undefined array key "seguridadRiesgoAccidentalidad" in /home/soluctem/sistema.soluctem.com.co/api/submit.php on line 43
[21-Feb-2025 03:31:43 UTC] PHP Warning:  Undefined array key "seguridadRiesgoEquipo" in /home/soluctem/sistema.soluctem.com.co/api/submit.php on line 44
[21-Feb-2025 03:31:43 UTC] PHP Warning:  Undefined array key "funcionamientoFallaSolucionada" in /home/soluctem/sistema.soluctem.com.co/api/submit.php on line 45
[21-Feb-2025 03:31:43 UTC] PHP Warning:  Undefined array key "funcionamientoPasosNormales" in /home/soluctem/sistema.soluctem.com.co/api/submit.php on line 46
[21-Feb-2025 03:31:43 UTC] PHP Warning:  Undefined array key "calidadTrabajo" in /home/soluctem/sistema.soluctem.com.co/api/submit.php on line 47
[21-Feb-2025 03:31:43 UTC] PHP Warning:  Undefined array key "limpiezaOrganizacionArmado" in /home/soluctem/sistema.soluctem.com.co/api/submit.php on line 48
[21-Feb-2025 03:31:43 UTC] PHP Warning:  Undefined array key "limpiezaOrganizacionAseado" in /home/soluctem/sistema.soluctem.com.co/api/submit.php on line 49
[21-Feb-2025 03:31:43 UTC] PHP Warning:  Undefined array key "capacitacionCausa" in /home/soluctem/sistema.soluctem.com.co/api/submit.php on line 50
[21-Feb-2025 03:31:43 UTC] PHP Warning:  Undefined array key "capacitacionPrevencion" in /home/soluctem/sistema.soluctem.com.co/api/submit.php on line 51
[21-Feb-2025 03:31:43 UTC] PHP Warning:  Undefined array key "capacitacionAccion" in /home/soluctem/sistema.soluctem.com.co/api/submit.php on line 52
[21-Feb-2025 03:31:43 UTC] PHP Warning:  Undefined array key "contratista1" in /home/soluctem/sistema.soluctem.com.co/api/submit.php on line 53
[21-Feb-2025 03:31:43 UTC] PHP Warning:  Undefined array key "cedula1" in /home/soluctem/sistema.soluctem.com.co/api/submit.php on line 54
[21-Feb-2025 03:31:43 UTC] PHP Warning:  Undefined array key "horaEntrada1" in /home/soluctem/sistema.soluctem.com.co/api/submit.php on line 55
[21-Feb-2025 03:31:43 UTC] PHP Warning:  Undefined array key "horaSalida1" in /home/soluctem/sistema.soluctem.com.co/api/submit.php on line 56
[21-Feb-2025 03:31:43 UTC] PHP Warning:  Undefined array key "contratista2" in /home/soluctem/sistema.soluctem.com.co/api/submit.php on line 57
[21-Feb-2025 03:31:43 UTC] PHP Warning:  Undefined array key "cedula2" in /home/soluctem/sistema.soluctem.com.co/api/submit.php on line 58
[21-Feb-2025 03:31:43 UTC] PHP Warning:  Undefined array key "horaEntrada2" in /home/soluctem/sistema.soluctem.com.co/api/submit.php on line 59
[21-Feb-2025 03:31:43 UTC] PHP Warning:  Undefined array key "horaSalida2" in /home/soluctem/sistema.soluctem.com.co/api/submit.php on line 60
[21-Feb-2025 03:31:43 UTC] PHP Warning:  Undefined array key "contratista3" in /home/soluctem/sistema.soluctem.com.co/api/submit.php on line 61
[21-Feb-2025 03:31:43 UTC] PHP Warning:  Undefined array key "cedula3" in /home/soluctem/sistema.soluctem.com.co/api/submit.php on line 62
[21-Feb-2025 03:31:43 UTC] PHP Warning:  Undefined array key "horaEntrada3" in /home/soluctem/sistema.soluctem.com.co/api/submit.php on line 63
[21-Feb-2025 03:31:43 UTC] PHP Warning:  Undefined array key "horaSalida3" in /home/soluctem/sistema.soluctem.com.co/api/submit.php on line 64
[21-Feb-2025 03:31:43 UTC] PHP Warning:  Undefined array key "contratista4" in /home/soluctem/sistema.soluctem.com.co/api/submit.php on line 65
[21-Feb-2025 03:31:43 UTC] PHP Warning:  Undefined array key "cedula4" in /home/soluctem/sistema.soluctem.com.co/api/submit.php on line 66
[21-Feb-2025 03:31:43 UTC] PHP Warning:  Undefined array key "horaEntrada4" in /home/soluctem/sistema.soluctem.com.co/api/submit.php on line 67
[21-Feb-2025 03:31:43 UTC] PHP Warning:  Undefined array key "horaSalida4" in /home/soluctem/sistema.soluctem.com.co/api/submit.php on line 68
[21-Feb-2025 03:31:43 UTC] PHP Warning:  Undefined array key "nombreFuncionario" in /home/soluctem/sistema.soluctem.com.co/api/submit.php on line 69
[21-Feb-2025 03:31:43 UTC] PHP Warning:  Undefined array key "cedulaFuncionario" in /home/soluctem/sistema.soluctem.com.co/api/submit.php on line 70
[21-Feb-2025 03:31:43 UTC] PHP Warning:  Undefined array key "cargoFuncionario" in /home/soluctem/sistema.soluctem.com.co/api/submit.php on line 71
[21-Feb-2025 03:31:43 UTC] PHP Warning:  Undefined array key "sapFuncionario" in /home/soluctem/sistema.soluctem.com.co/api/submit.php on line 72
[21-Feb-2025 03:31:43 UTC] PHP Warning:  Undefined array key "timestamp" in /home/soluctem/sistema.soluctem.com.co/api/submit.php on line 73
[21-Feb-2025 03:31:43 UTC] PHP Warning:  Undefined array key "asistenciaReparacion" in /home/soluctem/sistema.soluctem.com.co/api/submit.php on line 74
[21-Feb-2025 03:31:43 UTC] PHP Warning:  Undefined array key "asistenciaGarantia" in /home/soluctem/sistema.soluctem.com.co/api/submit.php on line 75
[21-Feb-2025 03:31:43 UTC] PHP Warning:  Undefined array key "asistenciaAjuste" in /home/soluctem/sistema.soluctem.com.co/api/submit.php on line 76
[21-Feb-2025 03:31:43 UTC] PHP Warning:  Undefined array key "asistenciaModificacion" in /home/soluctem/sistema.soluctem.com.co/api/submit.php on line 77
[21-Feb-2025 03:31:43 UTC] PHP Warning:  Undefined array key "asistenciaServicio" in /home/soluctem/sistema.soluctem.com.co/api/submit.php on line 78
[21-Feb-2025 03:31:43 UTC] PHP Warning:  Undefined array key "asistenciaMejora" in /home/soluctem/sistema.soluctem.com.co/api/submit.php on line 79
[21-Feb-2025 03:31:43 UTC] PHP Warning:  Undefined array key "asistenciaCombinacion" in /home/soluctem/sistema.soluctem.com.co/api/submit.php on line 80
[21-Feb-2025 03:31:43 UTC] PHP Warning:  Undefined array key "fallaOperacion" in /home/soluctem/sistema.soluctem.com.co/api/submit.php on line 81
[21-Feb-2025 03:31:43 UTC] PHP Warning:  Undefined array key "fallaMecanica" in /home/soluctem/sistema.soluctem.com.co/api/submit.php on line 82
[21-Feb-2025 03:31:43 UTC] PHP Warning:  Undefined array key "fallaElectrica" in /home/soluctem/sistema.soluctem.com.co/api/submit.php on line 83
[21-Feb-2025 03:31:43 UTC] PHP Warning:  Undefined array key "fallaTerceros" in /home/soluctem/sistema.soluctem.com.co/api/submit.php on line 84
[21-Feb-2025 03:31:43 UTC] PHP Warning:  Undefined array key "fallaFabricacion" in /home/soluctem/sistema.soluctem.com.co/api/submit.php on line 85
[21-Feb-2025 03:31:43 UTC] PHP Warning:  Undefined array key "firma_digital_cliente" in /home/soluctem/sistema.soluctem.com.co/api/submit.php on line 86
[21-Feb-2025 03:31:43 UTC] PHP Warning:  Undefined array key "firma_digital_tecnico" in /home/soluctem/sistema.soluctem.com.co/api/submit.php on line 87
[21-Feb-2025 12:07:37 UTC] PHP Warning:  Undefined array key "nombreSolicitante" in /home/soluctem/sistema.soluctem.com.co/api/submit.php on line 28
[21-Feb-2025 12:07:37 UTC] PHP Warning:  Undefined array key "cargo" in /home/soluctem/sistema.soluctem.com.co/api/submit.php on line 29
[21-Feb-2025 12:07:37 UTC] PHP Warning:  Undefined array key "nombreTienda" in /home/soluctem/sistema.soluctem.com.co/api/submit.php on line 30
[21-Feb-2025 12:07:37 UTC] PHP Warning:  Undefined array key "numeroTienda" in /home/soluctem/sistema.soluctem.com.co/api/submit.php on line 31
[21-Feb-2025 12:07:37 UTC] PHP Warning:  Undefined array key "numeroTicket" in /home/soluctem/sistema.soluctem.com.co/api/submit.php on line 32
[21-Feb-2025 12:07:37 UTC] PHP Warning:  Undefined array key "fecha" in /home/soluctem/sistema.soluctem.com.co/api/submit.php on line 33
[21-Feb-2025 12:07:37 UTC] PHP Warning:  Undefined array key "municipio" in /home/soluctem/sistema.soluctem.com.co/api/submit.php on line 34
[21-Feb-2025 12:07:37 UTC] PHP Warning:  Undefined array key "departamento" in /home/soluctem/sistema.soluctem.com.co/api/submit.php on line 35
[21-Feb-2025 12:07:37 UTC] PHP Warning:  Undefined array key "nombreEquipo" in /home/soluctem/sistema.soluctem.com.co/api/submit.php on line 36
[21-Feb-2025 12:07:37 UTC] PHP Warning:  Undefined array key "marca" in /home/soluctem/sistema.soluctem.com.co/api/submit.php on line 37
[21-Feb-2025 12:07:37 UTC] PHP Warning:  Undefined array key "serial" in /home/soluctem/sistema.soluctem.com.co/api/submit.php on line 38
[21-Feb-2025 12:07:37 UTC] PHP Warning:  Undefined array key "descripcionFalla" in /home/soluctem/sistema.soluctem.com.co/api/submit.php on line 39
[21-Feb-2025 12:07:37 UTC] PHP Warning:  Undefined array key "diagnosticoTecnico" in /home/soluctem/sistema.soluctem.com.co/api/submit.php on line 40
[21-Feb-2025 12:07:37 UTC] PHP Warning:  Undefined array key "repuestosCambiados" in /home/soluctem/sistema.soluctem.com.co/api/submit.php on line 41
[21-Feb-2025 12:07:37 UTC] PHP Warning:  Undefined array key "observaciones" in /home/soluctem/sistema.soluctem.com.co/api/submit.php on line 42
[21-Feb-2025 12:07:37 UTC] PHP Warning:  Undefined array key "seguridadRiesgoAccidentalidad" in /home/soluctem/sistema.soluctem.com.co/api/submit.php on line 43
[21-Feb-2025 12:07:37 UTC] PHP Warning:  Undefined array key "seguridadRiesgoEquipo" in /home/soluctem/sistema.soluctem.com.co/api/submit.php on line 44
[21-Feb-2025 12:07:37 UTC] PHP Warning:  Undefined array key "funcionamientoFallaSolucionada" in /home/soluctem/sistema.soluctem.com.co/api/submit.php on line 45
[21-Feb-2025 12:07:37 UTC] PHP Warning:  Undefined array key "funcionamientoPasosNormales" in /home/soluctem/sistema.soluctem.com.co/api/submit.php on line 46
[21-Feb-2025 12:07:37 UTC] PHP Warning:  Undefined array key "calidadTrabajo" in /home/soluctem/sistema.soluctem.com.co/api/submit.php on line 47
[21-Feb-2025 12:07:37 UTC] PHP Warning:  Undefined array key "limpiezaOrganizacionArmado" in /home/soluctem/sistema.soluctem.com.co/api/submit.php on line 48
[21-Feb-2025 12:07:37 UTC] PHP Warning:  Undefined array key "limpiezaOrganizacionAseado" in /home/soluctem/sistema.soluctem.com.co/api/submit.php on line 49
[21-Feb-2025 12:07:37 UTC] PHP Warning:  Undefined array key "capacitacionCausa" in /home/soluctem/sistema.soluctem.com.co/api/submit.php on line 50
[21-Feb-2025 12:07:37 UTC] PHP Warning:  Undefined array key "capacitacionPrevencion" in /home/soluctem/sistema.soluctem.com.co/api/submit.php on line 51
[21-Feb-2025 12:07:37 UTC] PHP Warning:  Undefined array key "capacitacionAccion" in /home/soluctem/sistema.soluctem.com.co/api/submit.php on line 52
[21-Feb-2025 12:07:37 UTC] PHP Warning:  Undefined array key "contratista1" in /home/soluctem/sistema.soluctem.com.co/api/submit.php on line 53
[21-Feb-2025 12:07:37 UTC] PHP Warning:  Undefined array key "cedula1" in /home/soluctem/sistema.soluctem.com.co/api/submit.php on line 54
[21-Feb-2025 12:07:37 UTC] PHP Warning:  Undefined array key "horaEntrada1" in /home/soluctem/sistema.soluctem.com.co/api/submit.php on line 55
[21-Feb-2025 12:07:37 UTC] PHP Warning:  Undefined array key "horaSalida1" in /home/soluctem/sistema.soluctem.com.co/api/submit.php on line 56
[21-Feb-2025 12:07:37 UTC] PHP Warning:  Undefined array key "contratista2" in /home/soluctem/sistema.soluctem.com.co/api/submit.php on line 57
[21-Feb-2025 12:07:37 UTC] PHP Warning:  Undefined array key "cedula2" in /home/soluctem/sistema.soluctem.com.co/api/submit.php on line 58
[21-Feb-2025 12:07:37 UTC] PHP Warning:  Undefined array key "horaEntrada2" in /home/soluctem/sistema.soluctem.com.co/api/submit.php on line 59
[21-Feb-2025 12:07:37 UTC] PHP Warning:  Undefined array key "horaSalida2" in /home/soluctem/sistema.soluctem.com.co/api/submit.php on line 60
[21-Feb-2025 12:07:37 UTC] PHP Warning:  Undefined array key "contratista3" in /home/soluctem/sistema.soluctem.com.co/api/submit.php on line 61
[21-Feb-2025 12:07:37 UTC] PHP Warning:  Undefined array key "cedula3" in /home/soluctem/sistema.soluctem.com.co/api/submit.php on line 62
[21-Feb-2025 12:07:37 UTC] PHP Warning:  Undefined array key "horaEntrada3" in /home/soluctem/sistema.soluctem.com.co/api/submit.php on line 63
[21-Feb-2025 12:07:37 UTC] PHP Warning:  Undefined array key "horaSalida3" in /home/soluctem/sistema.soluctem.com.co/api/submit.php on line 64
[21-Feb-2025 12:07:37 UTC] PHP Warning:  Undefined array key "contratista4" in /home/soluctem/sistema.soluctem.com.co/api/submit.php on line 65
[21-Feb-2025 12:07:37 UTC] PHP Warning:  Undefined array key "cedula4" in /home/soluctem/sistema.soluctem.com.co/api/submit.php on line 66
[21-Feb-2025 12:07:37 UTC] PHP Warning:  Undefined array key "horaEntrada4" in /home/soluctem/sistema.soluctem.com.co/api/submit.php on line 67
[21-Feb-2025 12:07:37 UTC] PHP Warning:  Undefined array key "horaSalida4" in /home/soluctem/sistema.soluctem.com.co/api/submit.php on line 68
[21-Feb-2025 12:07:37 UTC] PHP Warning:  Undefined array key "nombreFuncionario" in /home/soluctem/sistema.soluctem.com.co/api/submit.php on line 69
[21-Feb-2025 12:07:37 UTC] PHP Warning:  Undefined array key "cedulaFuncionario" in /home/soluctem/sistema.soluctem.com.co/api/submit.php on line 70
[21-Feb-2025 12:07:37 UTC] PHP Warning:  Undefined array key "cargoFuncionario" in /home/soluctem/sistema.soluctem.com.co/api/submit.php on line 71
[21-Feb-2025 12:07:37 UTC] PHP Warning:  Undefined array key "sapFuncionario" in /home/soluctem/sistema.soluctem.com.co/api/submit.php on line 72
[21-Feb-2025 12:07:37 UTC] PHP Warning:  Undefined array key "timestamp" in /home/soluctem/sistema.soluctem.com.co/api/submit.php on line 73
[21-Feb-2025 12:07:37 UTC] PHP Warning:  Undefined array key "asistenciaReparacion" in /home/soluctem/sistema.soluctem.com.co/api/submit.php on line 74
[21-Feb-2025 12:07:37 UTC] PHP Warning:  Undefined array key "asistenciaGarantia" in /home/soluctem/sistema.soluctem.com.co/api/submit.php on line 75
[21-Feb-2025 12:07:37 UTC] PHP Warning:  Undefined array key "asistenciaAjuste" in /home/soluctem/sistema.soluctem.com.co/api/submit.php on line 76
[21-Feb-2025 12:07:37 UTC] PHP Warning:  Undefined array key "asistenciaModificacion" in /home/soluctem/sistema.soluctem.com.co/api/submit.php on line 77
[21-Feb-2025 12:07:37 UTC] PHP Warning:  Undefined array key "asistenciaServicio" in /home/soluctem/sistema.soluctem.com.co/api/submit.php on line 78
[21-Feb-2025 12:07:37 UTC] PHP Warning:  Undefined array key "asistenciaMejora" in /home/soluctem/sistema.soluctem.com.co/api/submit.php on line 79
[21-Feb-2025 12:07:37 UTC] PHP Warning:  Undefined array key "asistenciaCombinacion" in /home/soluctem/sistema.soluctem.com.co/api/submit.php on line 80
[21-Feb-2025 12:07:37 UTC] PHP Warning:  Undefined array key "fallaOperacion" in /home/soluctem/sistema.soluctem.com.co/api/submit.php on line 81
[21-Feb-2025 12:07:37 UTC] PHP Warning:  Undefined array key "fallaMecanica" in /home/soluctem/sistema.soluctem.com.co/api/submit.php on line 82
[21-Feb-2025 12:07:37 UTC] PHP Warning:  Undefined array key "fallaElectrica" in /home/soluctem/sistema.soluctem.com.co/api/submit.php on line 83
[21-Feb-2025 12:07:37 UTC] PHP Warning:  Undefined array key "fallaTerceros" in /home/soluctem/sistema.soluctem.com.co/api/submit.php on line 84
[21-Feb-2025 12:07:37 UTC] PHP Warning:  Undefined array key "fallaFabricacion" in /home/soluctem/sistema.soluctem.com.co/api/submit.php on line 85
[21-Feb-2025 12:07:37 UTC] PHP Warning:  Undefined array key "firma_digital_cliente" in /home/soluctem/sistema.soluctem.com.co/api/submit.php on line 86
[21-Feb-2025 12:07:37 UTC] PHP Warning:  Undefined array key "firma_digital_tecnico" in /home/soluctem/sistema.soluctem.com.co/api/submit.php on line 87
[22-Feb-2025 13:01:39 UTC] PHP Warning:  Undefined array key "nombreSolicitante" in /home/soluctem/sistema.soluctem.com.co/api/submit.php on line 28
[22-Feb-2025 13:01:39 UTC] PHP Warning:  Undefined array key "cargo" in /home/soluctem/sistema.soluctem.com.co/api/submit.php on line 29
[22-Feb-2025 13:01:39 UTC] PHP Warning:  Undefined array key "nombreTienda" in /home/soluctem/sistema.soluctem.com.co/api/submit.php on line 30
[22-Feb-2025 13:01:39 UTC] PHP Warning:  Undefined array key "numeroTienda" in /home/soluctem/sistema.soluctem.com.co/api/submit.php on line 31
[22-Feb-2025 13:01:39 UTC] PHP Warning:  Undefined array key "numeroTicket" in /home/soluctem/sistema.soluctem.com.co/api/submit.php on line 32
[22-Feb-2025 13:01:39 UTC] PHP Warning:  Undefined array key "fecha" in /home/soluctem/sistema.soluctem.com.co/api/submit.php on line 33
[22-Feb-2025 13:01:39 UTC] PHP Warning:  Undefined array key "municipio" in /home/soluctem/sistema.soluctem.com.co/api/submit.php on line 34
[22-Feb-2025 13:01:39 UTC] PHP Warning:  Undefined array key "departamento" in /home/soluctem/sistema.soluctem.com.co/api/submit.php on line 35
[22-Feb-2025 13:01:39 UTC] PHP Warning:  Undefined array key "nombreEquipo" in /home/soluctem/sistema.soluctem.com.co/api/submit.php on line 36
[22-Feb-2025 13:01:39 UTC] PHP Warning:  Undefined array key "marca" in /home/soluctem/sistema.soluctem.com.co/api/submit.php on line 37
[22-Feb-2025 13:01:39 UTC] PHP Warning:  Undefined array key "serial" in /home/soluctem/sistema.soluctem.com.co/api/submit.php on line 38
[22-Feb-2025 13:01:39 UTC] PHP Warning:  Undefined array key "descripcionFalla" in /home/soluctem/sistema.soluctem.com.co/api/submit.php on line 39
[22-Feb-2025 13:01:39 UTC] PHP Warning:  Undefined array key "diagnosticoTecnico" in /home/soluctem/sistema.soluctem.com.co/api/submit.php on line 40
[22-Feb-2025 13:01:39 UTC] PHP Warning:  Undefined array key "repuestosCambiados" in /home/soluctem/sistema.soluctem.com.co/api/submit.php on line 41
[22-Feb-2025 13:01:39 UTC] PHP Warning:  Undefined array key "observaciones" in /home/soluctem/sistema.soluctem.com.co/api/submit.php on line 42
[22-Feb-2025 13:01:39 UTC] PHP Warning:  Undefined array key "seguridadRiesgoAccidentalidad" in /home/soluctem/sistema.soluctem.com.co/api/submit.php on line 43
[22-Feb-2025 13:01:39 UTC] PHP Warning:  Undefined array key "seguridadRiesgoEquipo" in /home/soluctem/sistema.soluctem.com.co/api/submit.php on line 44
[22-Feb-2025 13:01:39 UTC] PHP Warning:  Undefined array key "funcionamientoFallaSolucionada" in /home/soluctem/sistema.soluctem.com.co/api/submit.php on line 45
[22-Feb-2025 13:01:39 UTC] PHP Warning:  Undefined array key "funcionamientoPasosNormales" in /home/soluctem/sistema.soluctem.com.co/api/submit.php on line 46
[22-Feb-2025 13:01:39 UTC] PHP Warning:  Undefined array key "calidadTrabajo" in /home/soluctem/sistema.soluctem.com.co/api/submit.php on line 47
[22-Feb-2025 13:01:39 UTC] PHP Warning:  Undefined array key "limpiezaOrganizacionArmado" in /home/soluctem/sistema.soluctem.com.co/api/submit.php on line 48
[22-Feb-2025 13:01:39 UTC] PHP Warning:  Undefined array key "limpiezaOrganizacionAseado" in /home/soluctem/sistema.soluctem.com.co/api/submit.php on line 49
[22-Feb-2025 13:01:39 UTC] PHP Warning:  Undefined array key "capacitacionCausa" in /home/soluctem/sistema.soluctem.com.co/api/submit.php on line 50
[22-Feb-2025 13:01:39 UTC] PHP Warning:  Undefined array key "capacitacionPrevencion" in /home/soluctem/sistema.soluctem.com.co/api/submit.php on line 51
[22-Feb-2025 13:01:39 UTC] PHP Warning:  Undefined array key "capacitacionAccion" in /home/soluctem/sistema.soluctem.com.co/api/submit.php on line 52
[22-Feb-2025 13:01:39 UTC] PHP Warning:  Undefined array key "contratista1" in /home/soluctem/sistema.soluctem.com.co/api/submit.php on line 53
[22-Feb-2025 13:01:39 UTC] PHP Warning:  Undefined array key "cedula1" in /home/soluctem/sistema.soluctem.com.co/api/submit.php on line 54
[22-Feb-2025 13:01:39 UTC] PHP Warning:  Undefined array key "horaEntrada1" in /home/soluctem/sistema.soluctem.com.co/api/submit.php on line 55
[22-Feb-2025 13:01:39 UTC] PHP Warning:  Undefined array key "horaSalida1" in /home/soluctem/sistema.soluctem.com.co/api/submit.php on line 56
[22-Feb-2025 13:01:39 UTC] PHP Warning:  Undefined array key "contratista2" in /home/soluctem/sistema.soluctem.com.co/api/submit.php on line 57
[22-Feb-2025 13:01:39 UTC] PHP Warning:  Undefined array key "cedula2" in /home/soluctem/sistema.soluctem.com.co/api/submit.php on line 58
[22-Feb-2025 13:01:39 UTC] PHP Warning:  Undefined array key "horaEntrada2" in /home/soluctem/sistema.soluctem.com.co/api/submit.php on line 59
[22-Feb-2025 13:01:39 UTC] PHP Warning:  Undefined array key "horaSalida2" in /home/soluctem/sistema.soluctem.com.co/api/submit.php on line 60
[22-Feb-2025 13:01:39 UTC] PHP Warning:  Undefined array key "contratista3" in /home/soluctem/sistema.soluctem.com.co/api/submit.php on line 61
[22-Feb-2025 13:01:39 UTC] PHP Warning:  Undefined array key "cedula3" in /home/soluctem/sistema.soluctem.com.co/api/submit.php on line 62
[22-Feb-2025 13:01:39 UTC] PHP Warning:  Undefined array key "horaEntrada3" in /home/soluctem/sistema.soluctem.com.co/api/submit.php on line 63
[22-Feb-2025 13:01:39 UTC] PHP Warning:  Undefined array key "horaSalida3" in /home/soluctem/sistema.soluctem.com.co/api/submit.php on line 64
[22-Feb-2025 13:01:39 UTC] PHP Warning:  Undefined array key "contratista4" in /home/soluctem/sistema.soluctem.com.co/api/submit.php on line 65
[22-Feb-2025 13:01:39 UTC] PHP Warning:  Undefined array key "cedula4" in /home/soluctem/sistema.soluctem.com.co/api/submit.php on line 66
[22-Feb-2025 13:01:39 UTC] PHP Warning:  Undefined array key "horaEntrada4" in /home/soluctem/sistema.soluctem.com.co/api/submit.php on line 67
[22-Feb-2025 13:01:39 UTC] PHP Warning:  Undefined array key "horaSalida4" in /home/soluctem/sistema.soluctem.com.co/api/submit.php on line 68
[22-Feb-2025 13:01:39 UTC] PHP Warning:  Undefined array key "nombreFuncionario" in /home/soluctem/sistema.soluctem.com.co/api/submit.php on line 69
[22-Feb-2025 13:01:39 UTC] PHP Warning:  Undefined array key "cedulaFuncionario" in /home/soluctem/sistema.soluctem.com.co/api/submit.php on line 70
[22-Feb-2025 13:01:39 UTC] PHP Warning:  Undefined array key "cargoFuncionario" in /home/soluctem/sistema.soluctem.com.co/api/submit.php on line 71
[22-Feb-2025 13:01:39 UTC] PHP Warning:  Undefined array key "sapFuncionario" in /home/soluctem/sistema.soluctem.com.co/api/submit.php on line 72
[22-Feb-2025 13:01:39 UTC] PHP Warning:  Undefined array key "timestamp" in /home/soluctem/sistema.soluctem.com.co/api/submit.php on line 73
[22-Feb-2025 13:01:39 UTC] PHP Warning:  Undefined array key "asistenciaReparacion" in /home/soluctem/sistema.soluctem.com.co/api/submit.php on line 74
[22-Feb-2025 13:01:39 UTC] PHP Warning:  Undefined array key "asistenciaGarantia" in /home/soluctem/sistema.soluctem.com.co/api/submit.php on line 75
[22-Feb-2025 13:01:39 UTC] PHP Warning:  Undefined array key "asistenciaAjuste" in /home/soluctem/sistema.soluctem.com.co/api/submit.php on line 76
[22-Feb-2025 13:01:39 UTC] PHP Warning:  Undefined array key "asistenciaModificacion" in /home/soluctem/sistema.soluctem.com.co/api/submit.php on line 77
[22-Feb-2025 13:01:39 UTC] PHP Warning:  Undefined array key "asistenciaServicio" in /home/soluctem/sistema.soluctem.com.co/api/submit.php on line 78
[22-Feb-2025 13:01:39 UTC] PHP Warning:  Undefined array key "asistenciaMejora" in /home/soluctem/sistema.soluctem.com.co/api/submit.php on line 79
[22-Feb-2025 13:01:39 UTC] PHP Warning:  Undefined array key "asistenciaCombinacion" in /home/soluctem/sistema.soluctem.com.co/api/submit.php on line 80
[22-Feb-2025 13:01:39 UTC] PHP Warning:  Undefined array key "fallaOperacion" in /home/soluctem/sistema.soluctem.com.co/api/submit.php on line 81
[22-Feb-2025 13:01:39 UTC] PHP Warning:  Undefined array key "fallaMecanica" in /home/soluctem/sistema.soluctem.com.co/api/submit.php on line 82
[22-Feb-2025 13:01:39 UTC] PHP Warning:  Undefined array key "fallaElectrica" in /home/soluctem/sistema.soluctem.com.co/api/submit.php on line 83
[22-Feb-2025 13:01:39 UTC] PHP Warning:  Undefined array key "fallaTerceros" in /home/soluctem/sistema.soluctem.com.co/api/submit.php on line 84
[22-Feb-2025 13:01:39 UTC] PHP Warning:  Undefined array key "fallaFabricacion" in /home/soluctem/sistema.soluctem.com.co/api/submit.php on line 85
[22-Feb-2025 13:01:39 UTC] PHP Warning:  Undefined array key "firma_digital_cliente" in /home/soluctem/sistema.soluctem.com.co/api/submit.php on line 86
[22-Feb-2025 13:01:39 UTC] PHP Warning:  Undefined array key "firma_digital_tecnico" in /home/soluctem/sistema.soluctem.com.co/api/submit.php on line 87
[22-Feb-2025 13:21:16 UTC] PHP Warning:  Undefined array key "nombreSolicitante" in /home/soluctem/sistema.soluctem.com.co/api/submit.php on line 28
[22-Feb-2025 13:21:16 UTC] PHP Warning:  Undefined array key "cargo" in /home/soluctem/sistema.soluctem.com.co/api/submit.php on line 29
[22-Feb-2025 13:21:16 UTC] PHP Warning:  Undefined array key "nombreTienda" in /home/soluctem/sistema.soluctem.com.co/api/submit.php on line 30
[22-Feb-2025 13:21:16 UTC] PHP Warning:  Undefined array key "numeroTienda" in /home/soluctem/sistema.soluctem.com.co/api/submit.php on line 31
[22-Feb-2025 13:21:16 UTC] PHP Warning:  Undefined array key "numeroTicket" in /home/soluctem/sistema.soluctem.com.co/api/submit.php on line 32
[22-Feb-2025 13:21:16 UTC] PHP Warning:  Undefined array key "fecha" in /home/soluctem/sistema.soluctem.com.co/api/submit.php on line 33
[22-Feb-2025 13:21:16 UTC] PHP Warning:  Undefined array key "municipio" in /home/soluctem/sistema.soluctem.com.co/api/submit.php on line 34
[22-Feb-2025 13:21:16 UTC] PHP Warning:  Undefined array key "departamento" in /home/soluctem/sistema.soluctem.com.co/api/submit.php on line 35
[22-Feb-2025 13:21:16 UTC] PHP Warning:  Undefined array key "nombreEquipo" in /home/soluctem/sistema.soluctem.com.co/api/submit.php on line 36
[22-Feb-2025 13:21:16 UTC] PHP Warning:  Undefined array key "marca" in /home/soluctem/sistema.soluctem.com.co/api/submit.php on line 37
[22-Feb-2025 13:21:16 UTC] PHP Warning:  Undefined array key "serial" in /home/soluctem/sistema.soluctem.com.co/api/submit.php on line 38
[22-Feb-2025 13:21:16 UTC] PHP Warning:  Undefined array key "descripcionFalla" in /home/soluctem/sistema.soluctem.com.co/api/submit.php on line 39
[22-Feb-2025 13:21:16 UTC] PHP Warning:  Undefined array key "diagnosticoTecnico" in /home/soluctem/sistema.soluctem.com.co/api/submit.php on line 40
[22-Feb-2025 13:21:16 UTC] PHP Warning:  Undefined array key "repuestosCambiados" in /home/soluctem/sistema.soluctem.com.co/api/submit.php on line 41
[22-Feb-2025 13:21:16 UTC] PHP Warning:  Undefined array key "observaciones" in /home/soluctem/sistema.soluctem.com.co/api/submit.php on line 42
[22-Feb-2025 13:21:16 UTC] PHP Warning:  Undefined array key "seguridadRiesgoAccidentalidad" in /home/soluctem/sistema.soluctem.com.co/api/submit.php on line 43
[22-Feb-2025 13:21:16 UTC] PHP Warning:  Undefined array key "seguridadRiesgoEquipo" in /home/soluctem/sistema.soluctem.com.co/api/submit.php on line 44
[22-Feb-2025 13:21:16 UTC] PHP Warning:  Undefined array key "funcionamientoFallaSolucionada" in /home/soluctem/sistema.soluctem.com.co/api/submit.php on line 45
[22-Feb-2025 13:21:16 UTC] PHP Warning:  Undefined array key "funcionamientoPasosNormales" in /home/soluctem/sistema.soluctem.com.co/api/submit.php on line 46
[22-Feb-2025 13:21:16 UTC] PHP Warning:  Undefined array key "calidadTrabajo" in /home/soluctem/sistema.soluctem.com.co/api/submit.php on line 47
[22-Feb-2025 13:21:16 UTC] PHP Warning:  Undefined array key "limpiezaOrganizacionArmado" in /home/soluctem/sistema.soluctem.com.co/api/submit.php on line 48
[22-Feb-2025 13:21:16 UTC] PHP Warning:  Undefined array key "limpiezaOrganizacionAseado" in /home/soluctem/sistema.soluctem.com.co/api/submit.php on line 49
[22-Feb-2025 13:21:16 UTC] PHP Warning:  Undefined array key "capacitacionCausa" in /home/soluctem/sistema.soluctem.com.co/api/submit.php on line 50
[22-Feb-2025 13:21:16 UTC] PHP Warning:  Undefined array key "capacitacionPrevencion" in /home/soluctem/sistema.soluctem.com.co/api/submit.php on line 51
[22-Feb-2025 13:21:16 UTC] PHP Warning:  Undefined array key "capacitacionAccion" in /home/soluctem/sistema.soluctem.com.co/api/submit.php on line 52
[22-Feb-2025 13:21:16 UTC] PHP Warning:  Undefined array key "contratista1" in /home/soluctem/sistema.soluctem.com.co/api/submit.php on line 53
[22-Feb-2025 13:21:16 UTC] PHP Warning:  Undefined array key "cedula1" in /home/soluctem/sistema.soluctem.com.co/api/submit.php on line 54
[22-Feb-2025 13:21:16 UTC] PHP Warning:  Undefined array key "horaEntrada1" in /home/soluctem/sistema.soluctem.com.co/api/submit.php on line 55
[22-Feb-2025 13:21:16 UTC] PHP Warning:  Undefined array key "horaSalida1" in /home/soluctem/sistema.soluctem.com.co/api/submit.php on line 56
[22-Feb-2025 13:21:16 UTC] PHP Warning:  Undefined array key "contratista2" in /home/soluctem/sistema.soluctem.com.co/api/submit.php on line 57
[22-Feb-2025 13:21:16 UTC] PHP Warning:  Undefined array key "cedula2" in /home/soluctem/sistema.soluctem.com.co/api/submit.php on line 58
[22-Feb-2025 13:21:16 UTC] PHP Warning:  Undefined array key "horaEntrada2" in /home/soluctem/sistema.soluctem.com.co/api/submit.php on line 59
[22-Feb-2025 13:21:16 UTC] PHP Warning:  Undefined array key "horaSalida2" in /home/soluctem/sistema.soluctem.com.co/api/submit.php on line 60
[22-Feb-2025 13:21:16 UTC] PHP Warning:  Undefined array key "contratista3" in /home/soluctem/sistema.soluctem.com.co/api/submit.php on line 61
[22-Feb-2025 13:21:16 UTC] PHP Warning:  Undefined array key "cedula3" in /home/soluctem/sistema.soluctem.com.co/api/submit.php on line 62
[22-Feb-2025 13:21:16 UTC] PHP Warning:  Undefined array key "horaEntrada3" in /home/soluctem/sistema.soluctem.com.co/api/submit.php on line 63
[22-Feb-2025 13:21:16 UTC] PHP Warning:  Undefined array key "horaSalida3" in /home/soluctem/sistema.soluctem.com.co/api/submit.php on line 64
[22-Feb-2025 13:21:16 UTC] PHP Warning:  Undefined array key "contratista4" in /home/soluctem/sistema.soluctem.com.co/api/submit.php on line 65
[22-Feb-2025 13:21:16 UTC] PHP Warning:  Undefined array key "cedula4" in /home/soluctem/sistema.soluctem.com.co/api/submit.php on line 66
[22-Feb-2025 13:21:16 UTC] PHP Warning:  Undefined array key "horaEntrada4" in /home/soluctem/sistema.soluctem.com.co/api/submit.php on line 67
[22-Feb-2025 13:21:16 UTC] PHP Warning:  Undefined array key "horaSalida4" in /home/soluctem/sistema.soluctem.com.co/api/submit.php on line 68
[22-Feb-2025 13:21:16 UTC] PHP Warning:  Undefined array key "nombreFuncionario" in /home/soluctem/sistema.soluctem.com.co/api/submit.php on line 69
[22-Feb-2025 13:21:16 UTC] PHP Warning:  Undefined array key "cedulaFuncionario" in /home/soluctem/sistema.soluctem.com.co/api/submit.php on line 70
[22-Feb-2025 13:21:16 UTC] PHP Warning:  Undefined array key "cargoFuncionario" in /home/soluctem/sistema.soluctem.com.co/api/submit.php on line 71
[22-Feb-2025 13:21:16 UTC] PHP Warning:  Undefined array key "sapFuncionario" in /home/soluctem/sistema.soluctem.com.co/api/submit.php on line 72
[22-Feb-2025 13:21:16 UTC] PHP Warning:  Undefined array key "timestamp" in /home/soluctem/sistema.soluctem.com.co/api/submit.php on line 73
[22-Feb-2025 13:21:16 UTC] PHP Warning:  Undefined array key "asistenciaReparacion" in /home/soluctem/sistema.soluctem.com.co/api/submit.php on line 74
[22-Feb-2025 13:21:16 UTC] PHP Warning:  Undefined array key "asistenciaGarantia" in /home/soluctem/sistema.soluctem.com.co/api/submit.php on line 75
[22-Feb-2025 13:21:16 UTC] PHP Warning:  Undefined array key "asistenciaAjuste" in /home/soluctem/sistema.soluctem.com.co/api/submit.php on line 76
[22-Feb-2025 13:21:16 UTC] PHP Warning:  Undefined array key "asistenciaModificacion" in /home/soluctem/sistema.soluctem.com.co/api/submit.php on line 77
[22-Feb-2025 13:21:16 UTC] PHP Warning:  Undefined array key "asistenciaServicio" in /home/soluctem/sistema.soluctem.com.co/api/submit.php on line 78
[22-Feb-2025 13:21:16 UTC] PHP Warning:  Undefined array key "asistenciaMejora" in /home/soluctem/sistema.soluctem.com.co/api/submit.php on line 79
[22-Feb-2025 13:21:16 UTC] PHP Warning:  Undefined array key "asistenciaCombinacion" in /home/soluctem/sistema.soluctem.com.co/api/submit.php on line 80
[22-Feb-2025 13:21:16 UTC] PHP Warning:  Undefined array key "fallaOperacion" in /home/soluctem/sistema.soluctem.com.co/api/submit.php on line 81
[22-Feb-2025 13:21:16 UTC] PHP Warning:  Undefined array key "fallaMecanica" in /home/soluctem/sistema.soluctem.com.co/api/submit.php on line 82
[22-Feb-2025 13:21:16 UTC] PHP Warning:  Undefined array key "fallaElectrica" in /home/soluctem/sistema.soluctem.com.co/api/submit.php on line 83
[22-Feb-2025 13:21:16 UTC] PHP Warning:  Undefined array key "fallaTerceros" in /home/soluctem/sistema.soluctem.com.co/api/submit.php on line 84
[22-Feb-2025 13:21:16 UTC] PHP Warning:  Undefined array key "fallaFabricacion" in /home/soluctem/sistema.soluctem.com.co/api/submit.php on line 85
[22-Feb-2025 13:21:16 UTC] PHP Warning:  Undefined array key "firma_digital_cliente" in /home/soluctem/sistema.soluctem.com.co/api/submit.php on line 86
[22-Feb-2025 13:21:16 UTC] PHP Warning:  Undefined array key "firma_digital_tecnico" in /home/soluctem/sistema.soluctem.com.co/api/submit.php on line 87
[24-Feb-2025 22:04:20 UTC] PHP Warning:  Undefined array key "nombreSolicitante" in /home/soluctem/sistema.soluctem.com.co/api/submit.php on line 28
[24-Feb-2025 22:04:20 UTC] PHP Warning:  Undefined array key "cargo" in /home/soluctem/sistema.soluctem.com.co/api/submit.php on line 29
[24-Feb-2025 22:04:20 UTC] PHP Warning:  Undefined array key "nombreTienda" in /home/soluctem/sistema.soluctem.com.co/api/submit.php on line 30
[24-Feb-2025 22:04:20 UTC] PHP Warning:  Undefined array key "numeroTienda" in /home/soluctem/sistema.soluctem.com.co/api/submit.php on line 31
[24-Feb-2025 22:04:20 UTC] PHP Warning:  Undefined array key "numeroTicket" in /home/soluctem/sistema.soluctem.com.co/api/submit.php on line 32
[24-Feb-2025 22:04:20 UTC] PHP Warning:  Undefined array key "fecha" in /home/soluctem/sistema.soluctem.com.co/api/submit.php on line 33
[24-Feb-2025 22:04:20 UTC] PHP Warning:  Undefined array key "municipio" in /home/soluctem/sistema.soluctem.com.co/api/submit.php on line 34
[24-Feb-2025 22:04:20 UTC] PHP Warning:  Undefined array key "departamento" in /home/soluctem/sistema.soluctem.com.co/api/submit.php on line 35
[24-Feb-2025 22:04:20 UTC] PHP Warning:  Undefined array key "nombreEquipo" in /home/soluctem/sistema.soluctem.com.co/api/submit.php on line 36
[24-Feb-2025 22:04:20 UTC] PHP Warning:  Undefined array key "marca" in /home/soluctem/sistema.soluctem.com.co/api/submit.php on line 37
[24-Feb-2025 22:04:20 UTC] PHP Warning:  Undefined array key "serial" in /home/soluctem/sistema.soluctem.com.co/api/submit.php on line 38
[24-Feb-2025 22:04:20 UTC] PHP Warning:  Undefined array key "descripcionFalla" in /home/soluctem/sistema.soluctem.com.co/api/submit.php on line 39
[24-Feb-2025 22:04:20 UTC] PHP Warning:  Undefined array key "diagnosticoTecnico" in /home/soluctem/sistema.soluctem.com.co/api/submit.php on line 40
[24-Feb-2025 22:04:20 UTC] PHP Warning:  Undefined array key "repuestosCambiados" in /home/soluctem/sistema.soluctem.com.co/api/submit.php on line 41
[24-Feb-2025 22:04:20 UTC] PHP Warning:  Undefined array key "observaciones" in /home/soluctem/sistema.soluctem.com.co/api/submit.php on line 42
[24-Feb-2025 22:04:20 UTC] PHP Warning:  Undefined array key "seguridadRiesgoAccidentalidad" in /home/soluctem/sistema.soluctem.com.co/api/submit.php on line 43
[24-Feb-2025 22:04:20 UTC] PHP Warning:  Undefined array key "seguridadRiesgoEquipo" in /home/soluctem/sistema.soluctem.com.co/api/submit.php on line 44
[24-Feb-2025 22:04:20 UTC] PHP Warning:  Undefined array key "funcionamientoFallaSolucionada" in /home/soluctem/sistema.soluctem.com.co/api/submit.php on line 45
[24-Feb-2025 22:04:20 UTC] PHP Warning:  Undefined array key "funcionamientoPasosNormales" in /home/soluctem/sistema.soluctem.com.co/api/submit.php on line 46
[24-Feb-2025 22:04:20 UTC] PHP Warning:  Undefined array key "calidadTrabajo" in /home/soluctem/sistema.soluctem.com.co/api/submit.php on line 47
[24-Feb-2025 22:04:20 UTC] PHP Warning:  Undefined array key "limpiezaOrganizacionArmado" in /home/soluctem/sistema.soluctem.com.co/api/submit.php on line 48
[24-Feb-2025 22:04:20 UTC] PHP Warning:  Undefined array key "limpiezaOrganizacionAseado" in /home/soluctem/sistema.soluctem.com.co/api/submit.php on line 49
[24-Feb-2025 22:04:20 UTC] PHP Warning:  Undefined array key "capacitacionCausa" in /home/soluctem/sistema.soluctem.com.co/api/submit.php on line 50
[24-Feb-2025 22:04:20 UTC] PHP Warning:  Undefined array key "capacitacionPrevencion" in /home/soluctem/sistema.soluctem.com.co/api/submit.php on line 51
[24-Feb-2025 22:04:20 UTC] PHP Warning:  Undefined array key "capacitacionAccion" in /home/soluctem/sistema.soluctem.com.co/api/submit.php on line 52
[24-Feb-2025 22:04:20 UTC] PHP Warning:  Undefined array key "contratista1" in /home/soluctem/sistema.soluctem.com.co/api/submit.php on line 53
[24-Feb-2025 22:04:20 UTC] PHP Warning:  Undefined array key "cedula1" in /home/soluctem/sistema.soluctem.com.co/api/submit.php on line 54
[24-Feb-2025 22:04:20 UTC] PHP Warning:  Undefined array key "horaEntrada1" in /home/soluctem/sistema.soluctem.com.co/api/submit.php on line 55
[24-Feb-2025 22:04:20 UTC] PHP Warning:  Undefined array key "horaSalida1" in /home/soluctem/sistema.soluctem.com.co/api/submit.php on line 56
[24-Feb-2025 22:04:20 UTC] PHP Warning:  Undefined array key "contratista2" in /home/soluctem/sistema.soluctem.com.co/api/submit.php on line 57
[24-Feb-2025 22:04:20 UTC] PHP Warning:  Undefined array key "cedula2" in /home/soluctem/sistema.soluctem.com.co/api/submit.php on line 58
[24-Feb-2025 22:04:20 UTC] PHP Warning:  Undefined array key "horaEntrada2" in /home/soluctem/sistema.soluctem.com.co/api/submit.php on line 59
[24-Feb-2025 22:04:20 UTC] PHP Warning:  Undefined array key "horaSalida2" in /home/soluctem/sistema.soluctem.com.co/api/submit.php on line 60
[24-Feb-2025 22:04:20 UTC] PHP Warning:  Undefined array key "contratista3" in /home/soluctem/sistema.soluctem.com.co/api/submit.php on line 61
[24-Feb-2025 22:04:20 UTC] PHP Warning:  Undefined array key "cedula3" in /home/soluctem/sistema.soluctem.com.co/api/submit.php on line 62
[24-Feb-2025 22:04:20 UTC] PHP Warning:  Undefined array key "horaEntrada3" in /home/soluctem/sistema.soluctem.com.co/api/submit.php on line 63
[24-Feb-2025 22:04:20 UTC] PHP Warning:  Undefined array key "horaSalida3" in /home/soluctem/sistema.soluctem.com.co/api/submit.php on line 64
[24-Feb-2025 22:04:20 UTC] PHP Warning:  Undefined array key "contratista4" in /home/soluctem/sistema.soluctem.com.co/api/submit.php on line 65
[24-Feb-2025 22:04:20 UTC] PHP Warning:  Undefined array key "cedula4" in /home/soluctem/sistema.soluctem.com.co/api/submit.php on line 66
[24-Feb-2025 22:04:20 UTC] PHP Warning:  Undefined array key "horaEntrada4" in /home/soluctem/sistema.soluctem.com.co/api/submit.php on line 67
[24-Feb-2025 22:04:20 UTC] PHP Warning:  Undefined array key "horaSalida4" in /home/soluctem/sistema.soluctem.com.co/api/submit.php on line 68
[24-Feb-2025 22:04:20 UTC] PHP Warning:  Undefined array key "nombreFuncionario" in /home/soluctem/sistema.soluctem.com.co/api/submit.php on line 69
[24-Feb-2025 22:04:20 UTC] PHP Warning:  Undefined array key "cedulaFuncionario" in /home/soluctem/sistema.soluctem.com.co/api/submit.php on line 70
[24-Feb-2025 22:04:20 UTC] PHP Warning:  Undefined array key "cargoFuncionario" in /home/soluctem/sistema.soluctem.com.co/api/submit.php on line 71
[24-Feb-2025 22:04:20 UTC] PHP Warning:  Undefined array key "sapFuncionario" in /home/soluctem/sistema.soluctem.com.co/api/submit.php on line 72
[24-Feb-2025 22:04:20 UTC] PHP Warning:  Undefined array key "timestamp" in /home/soluctem/sistema.soluctem.com.co/api/submit.php on line 73
[24-Feb-2025 22:04:20 UTC] PHP Warning:  Undefined array key "asistenciaReparacion" in /home/soluctem/sistema.soluctem.com.co/api/submit.php on line 74
[24-Feb-2025 22:04:20 UTC] PHP Warning:  Undefined array key "asistenciaGarantia" in /home/soluctem/sistema.soluctem.com.co/api/submit.php on line 75
[24-Feb-2025 22:04:20 UTC] PHP Warning:  Undefined array key "asistenciaAjuste" in /home/soluctem/sistema.soluctem.com.co/api/submit.php on line 76
[24-Feb-2025 22:04:20 UTC] PHP Warning:  Undefined array key "asistenciaModificacion" in /home/soluctem/sistema.soluctem.com.co/api/submit.php on line 77
[24-Feb-2025 22:04:20 UTC] PHP Warning:  Undefined array key "asistenciaServicio" in /home/soluctem/sistema.soluctem.com.co/api/submit.php on line 78
[24-Feb-2025 22:04:20 UTC] PHP Warning:  Undefined array key "asistenciaMejora" in /home/soluctem/sistema.soluctem.com.co/api/submit.php on line 79
[24-Feb-2025 22:04:20 UTC] PHP Warning:  Undefined array key "asistenciaCombinacion" in /home/soluctem/sistema.soluctem.com.co/api/submit.php on line 80
[24-Feb-2025 22:04:20 UTC] PHP Warning:  Undefined array key "fallaOperacion" in /home/soluctem/sistema.soluctem.com.co/api/submit.php on line 81
[24-Feb-2025 22:04:20 UTC] PHP Warning:  Undefined array key "fallaMecanica" in /home/soluctem/sistema.soluctem.com.co/api/submit.php on line 82
[24-Feb-2025 22:04:20 UTC] PHP Warning:  Undefined array key "fallaElectrica" in /home/soluctem/sistema.soluctem.com.co/api/submit.php on line 83
[24-Feb-2025 22:04:20 UTC] PHP Warning:  Undefined array key "fallaTerceros" in /home/soluctem/sistema.soluctem.com.co/api/submit.php on line 84
[24-Feb-2025 22:04:20 UTC] PHP Warning:  Undefined array key "fallaFabricacion" in /home/soluctem/sistema.soluctem.com.co/api/submit.php on line 85
[24-Feb-2025 22:04:20 UTC] PHP Warning:  Undefined array key "firma_digital_cliente" in /home/soluctem/sistema.soluctem.com.co/api/submit.php on line 86
[24-Feb-2025 22:04:20 UTC] PHP Warning:  Undefined array key "firma_digital_tecnico" in /home/soluctem/sistema.soluctem.com.co/api/submit.php on line 87
[25-Feb-2025 20:56:19 UTC] PHP Warning:  Undefined array key "nombreSolicitante" in /home/soluctem/sistema.soluctem.com.co/api/submit.php on line 28
[25-Feb-2025 20:56:19 UTC] PHP Warning:  Undefined array key "cargo" in /home/soluctem/sistema.soluctem.com.co/api/submit.php on line 29
[25-Feb-2025 20:56:19 UTC] PHP Warning:  Undefined array key "nombreTienda" in /home/soluctem/sistema.soluctem.com.co/api/submit.php on line 30
[25-Feb-2025 20:56:19 UTC] PHP Warning:  Undefined array key "numeroTienda" in /home/soluctem/sistema.soluctem.com.co/api/submit.php on line 31
[25-Feb-2025 20:56:19 UTC] PHP Warning:  Undefined array key "numeroTicket" in /home/soluctem/sistema.soluctem.com.co/api/submit.php on line 32
[25-Feb-2025 20:56:19 UTC] PHP Warning:  Undefined array key "fecha" in /home/soluctem/sistema.soluctem.com.co/api/submit.php on line 33
[25-Feb-2025 20:56:19 UTC] PHP Warning:  Undefined array key "municipio" in /home/soluctem/sistema.soluctem.com.co/api/submit.php on line 34
[25-Feb-2025 20:56:19 UTC] PHP Warning:  Undefined array key "departamento" in /home/soluctem/sistema.soluctem.com.co/api/submit.php on line 35
[25-Feb-2025 20:56:19 UTC] PHP Warning:  Undefined array key "nombreEquipo" in /home/soluctem/sistema.soluctem.com.co/api/submit.php on line 36
[25-Feb-2025 20:56:19 UTC] PHP Warning:  Undefined array key "marca" in /home/soluctem/sistema.soluctem.com.co/api/submit.php on line 37
[25-Feb-2025 20:56:19 UTC] PHP Warning:  Undefined array key "serial" in /home/soluctem/sistema.soluctem.com.co/api/submit.php on line 38
[25-Feb-2025 20:56:19 UTC] PHP Warning:  Undefined array key "descripcionFalla" in /home/soluctem/sistema.soluctem.com.co/api/submit.php on line 39
[25-Feb-2025 20:56:19 UTC] PHP Warning:  Undefined array key "diagnosticoTecnico" in /home/soluctem/sistema.soluctem.com.co/api/submit.php on line 40
[25-Feb-2025 20:56:19 UTC] PHP Warning:  Undefined array key "repuestosCambiados" in /home/soluctem/sistema.soluctem.com.co/api/submit.php on line 41
[25-Feb-2025 20:56:19 UTC] PHP Warning:  Undefined array key "observaciones" in /home/soluctem/sistema.soluctem.com.co/api/submit.php on line 42
[25-Feb-2025 20:56:19 UTC] PHP Warning:  Undefined array key "seguridadRiesgoAccidentalidad" in /home/soluctem/sistema.soluctem.com.co/api/submit.php on line 43
[25-Feb-2025 20:56:19 UTC] PHP Warning:  Undefined array key "seguridadRiesgoEquipo" in /home/soluctem/sistema.soluctem.com.co/api/submit.php on line 44
[25-Feb-2025 20:56:19 UTC] PHP Warning:  Undefined array key "funcionamientoFallaSolucionada" in /home/soluctem/sistema.soluctem.com.co/api/submit.php on line 45
[25-Feb-2025 20:56:19 UTC] PHP Warning:  Undefined array key "funcionamientoPasosNormales" in /home/soluctem/sistema.soluctem.com.co/api/submit.php on line 46
[25-Feb-2025 20:56:19 UTC] PHP Warning:  Undefined array key "calidadTrabajo" in /home/soluctem/sistema.soluctem.com.co/api/submit.php on line 47
[25-Feb-2025 20:56:19 UTC] PHP Warning:  Undefined array key "limpiezaOrganizacionArmado" in /home/soluctem/sistema.soluctem.com.co/api/submit.php on line 48
[25-Feb-2025 20:56:19 UTC] PHP Warning:  Undefined array key "limpiezaOrganizacionAseado" in /home/soluctem/sistema.soluctem.com.co/api/submit.php on line 49
[25-Feb-2025 20:56:19 UTC] PHP Warning:  Undefined array key "capacitacionCausa" in /home/soluctem/sistema.soluctem.com.co/api/submit.php on line 50
[25-Feb-2025 20:56:19 UTC] PHP Warning:  Undefined array key "capacitacionPrevencion" in /home/soluctem/sistema.soluctem.com.co/api/submit.php on line 51
[25-Feb-2025 20:56:19 UTC] PHP Warning:  Undefined array key "capacitacionAccion" in /home/soluctem/sistema.soluctem.com.co/api/submit.php on line 52
[25-Feb-2025 20:56:19 UTC] PHP Warning:  Undefined array key "contratista1" in /home/soluctem/sistema.soluctem.com.co/api/submit.php on line 53
[25-Feb-2025 20:56:19 UTC] PHP Warning:  Undefined array key "cedula1" in /home/soluctem/sistema.soluctem.com.co/api/submit.php on line 54
[25-Feb-2025 20:56:19 UTC] PHP Warning:  Undefined array key "horaEntrada1" in /home/soluctem/sistema.soluctem.com.co/api/submit.php on line 55
[25-Feb-2025 20:56:19 UTC] PHP Warning:  Undefined array key "horaSalida1" in /home/soluctem/sistema.soluctem.com.co/api/submit.php on line 56
[25-Feb-2025 20:56:19 UTC] PHP Warning:  Undefined array key "contratista2" in /home/soluctem/sistema.soluctem.com.co/api/submit.php on line 57
[25-Feb-2025 20:56:19 UTC] PHP Warning:  Undefined array key "cedula2" in /home/soluctem/sistema.soluctem.com.co/api/submit.php on line 58
[25-Feb-2025 20:56:19 UTC] PHP Warning:  Undefined array key "horaEntrada2" in /home/soluctem/sistema.soluctem.com.co/api/submit.php on line 59
[25-Feb-2025 20:56:19 UTC] PHP Warning:  Undefined array key "horaSalida2" in /home/soluctem/sistema.soluctem.com.co/api/submit.php on line 60
[25-Feb-2025 20:56:19 UTC] PHP Warning:  Undefined array key "contratista3" in /home/soluctem/sistema.soluctem.com.co/api/submit.php on line 61
[25-Feb-2025 20:56:19 UTC] PHP Warning:  Undefined array key "cedula3" in /home/soluctem/sistema.soluctem.com.co/api/submit.php on line 62
[25-Feb-2025 20:56:19 UTC] PHP Warning:  Undefined array key "horaEntrada3" in /home/soluctem/sistema.soluctem.com.co/api/submit.php on line 63
[25-Feb-2025 20:56:19 UTC] PHP Warning:  Undefined array key "horaSalida3" in /home/soluctem/sistema.soluctem.com.co/api/submit.php on line 64
[25-Feb-2025 20:56:19 UTC] PHP Warning:  Undefined array key "contratista4" in /home/soluctem/sistema.soluctem.com.co/api/submit.php on line 65
[25-Feb-2025 20:56:19 UTC] PHP Warning:  Undefined array key "cedula4" in /home/soluctem/sistema.soluctem.com.co/api/submit.php on line 66
[25-Feb-2025 20:56:19 UTC] PHP Warning:  Undefined array key "horaEntrada4" in /home/soluctem/sistema.soluctem.com.co/api/submit.php on line 67
[25-Feb-2025 20:56:19 UTC] PHP Warning:  Undefined array key "horaSalida4" in /home/soluctem/sistema.soluctem.com.co/api/submit.php on line 68
[25-Feb-2025 20:56:19 UTC] PHP Warning:  Undefined array key "nombreFuncionario" in /home/soluctem/sistema.soluctem.com.co/api/submit.php on line 69
[25-Feb-2025 20:56:19 UTC] PHP Warning:  Undefined array key "cedulaFuncionario" in /home/soluctem/sistema.soluctem.com.co/api/submit.php on line 70
[25-Feb-2025 20:56:19 UTC] PHP Warning:  Undefined array key "cargoFuncionario" in /home/soluctem/sistema.soluctem.com.co/api/submit.php on line 71
[25-Feb-2025 20:56:19 UTC] PHP Warning:  Undefined array key "sapFuncionario" in /home/soluctem/sistema.soluctem.com.co/api/submit.php on line 72
[25-Feb-2025 20:56:19 UTC] PHP Warning:  Undefined array key "timestamp" in /home/soluctem/sistema.soluctem.com.co/api/submit.php on line 73
[25-Feb-2025 20:56:19 UTC] PHP Warning:  Undefined array key "asistenciaReparacion" in /home/soluctem/sistema.soluctem.com.co/api/submit.php on line 74
[25-Feb-2025 20:56:19 UTC] PHP Warning:  Undefined array key "asistenciaGarantia" in /home/soluctem/sistema.soluctem.com.co/api/submit.php on line 75
[25-Feb-2025 20:56:19 UTC] PHP Warning:  Undefined array key "asistenciaAjuste" in /home/soluctem/sistema.soluctem.com.co/api/submit.php on line 76
[25-Feb-2025 20:56:19 UTC] PHP Warning:  Undefined array key "asistenciaModificacion" in /home/soluctem/sistema.soluctem.com.co/api/submit.php on line 77
[25-Feb-2025 20:56:19 UTC] PHP Warning:  Undefined array key "asistenciaServicio" in /home/soluctem/sistema.soluctem.com.co/api/submit.php on line 78
[25-Feb-2025 20:56:19 UTC] PHP Warning:  Undefined array key "asistenciaMejora" in /home/soluctem/sistema.soluctem.com.co/api/submit.php on line 79
[25-Feb-2025 20:56:19 UTC] PHP Warning:  Undefined array key "asistenciaCombinacion" in /home/soluctem/sistema.soluctem.com.co/api/submit.php on line 80
[25-Feb-2025 20:56:19 UTC] PHP Warning:  Undefined array key "fallaOperacion" in /home/soluctem/sistema.soluctem.com.co/api/submit.php on line 81
[25-Feb-2025 20:56:19 UTC] PHP Warning:  Undefined array key "fallaMecanica" in /home/soluctem/sistema.soluctem.com.co/api/submit.php on line 82
[25-Feb-2025 20:56:19 UTC] PHP Warning:  Undefined array key "fallaElectrica" in /home/soluctem/sistema.soluctem.com.co/api/submit.php on line 83
[25-Feb-2025 20:56:19 UTC] PHP Warning:  Undefined array key "fallaTerceros" in /home/soluctem/sistema.soluctem.com.co/api/submit.php on line 84
[25-Feb-2025 20:56:19 UTC] PHP Warning:  Undefined array key "fallaFabricacion" in /home/soluctem/sistema.soluctem.com.co/api/submit.php on line 85
[25-Feb-2025 20:56:19 UTC] PHP Warning:  Undefined array key "firma_digital_cliente" in /home/soluctem/sistema.soluctem.com.co/api/submit.php on line 86
[25-Feb-2025 20:56:19 UTC] PHP Warning:  Undefined array key "firma_digital_tecnico" in /home/soluctem/sistema.soluctem.com.co/api/submit.php on line 87
[25-Feb-2025 21:08:55 UTC] PHP Warning:  Undefined array key "nombreSolicitante" in /home/soluctem/sistema.soluctem.com.co/api/submit.php on line 28
[25-Feb-2025 21:08:55 UTC] PHP Warning:  Undefined array key "cargo" in /home/soluctem/sistema.soluctem.com.co/api/submit.php on line 29
[25-Feb-2025 21:08:55 UTC] PHP Warning:  Undefined array key "nombreTienda" in /home/soluctem/sistema.soluctem.com.co/api/submit.php on line 30
[25-Feb-2025 21:08:55 UTC] PHP Warning:  Undefined array key "numeroTienda" in /home/soluctem/sistema.soluctem.com.co/api/submit.php on line 31
[25-Feb-2025 21:08:55 UTC] PHP Warning:  Undefined array key "numeroTicket" in /home/soluctem/sistema.soluctem.com.co/api/submit.php on line 32
[25-Feb-2025 21:08:55 UTC] PHP Warning:  Undefined array key "fecha" in /home/soluctem/sistema.soluctem.com.co/api/submit.php on line 33
[25-Feb-2025 21:08:55 UTC] PHP Warning:  Undefined array key "municipio" in /home/soluctem/sistema.soluctem.com.co/api/submit.php on line 34
[25-Feb-2025 21:08:55 UTC] PHP Warning:  Undefined array key "departamento" in /home/soluctem/sistema.soluctem.com.co/api/submit.php on line 35
[25-Feb-2025 21:08:55 UTC] PHP Warning:  Undefined array key "nombreEquipo" in /home/soluctem/sistema.soluctem.com.co/api/submit.php on line 36
[25-Feb-2025 21:08:55 UTC] PHP Warning:  Undefined array key "marca" in /home/soluctem/sistema.soluctem.com.co/api/submit.php on line 37
[25-Feb-2025 21:08:55 UTC] PHP Warning:  Undefined array key "serial" in /home/soluctem/sistema.soluctem.com.co/api/submit.php on line 38
[25-Feb-2025 21:08:55 UTC] PHP Warning:  Undefined array key "descripcionFalla" in /home/soluctem/sistema.soluctem.com.co/api/submit.php on line 39
[25-Feb-2025 21:08:55 UTC] PHP Warning:  Undefined array key "diagnosticoTecnico" in /home/soluctem/sistema.soluctem.com.co/api/submit.php on line 40
[25-Feb-2025 21:08:55 UTC] PHP Warning:  Undefined array key "repuestosCambiados" in /home/soluctem/sistema.soluctem.com.co/api/submit.php on line 41
[25-Feb-2025 21:08:55 UTC] PHP Warning:  Undefined array key "observaciones" in /home/soluctem/sistema.soluctem.com.co/api/submit.php on line 42
[25-Feb-2025 21:08:55 UTC] PHP Warning:  Undefined array key "seguridadRiesgoAccidentalidad" in /home/soluctem/sistema.soluctem.com.co/api/submit.php on line 43
[25-Feb-2025 21:08:55 UTC] PHP Warning:  Undefined array key "seguridadRiesgoEquipo" in /home/soluctem/sistema.soluctem.com.co/api/submit.php on line 44
[25-Feb-2025 21:08:55 UTC] PHP Warning:  Undefined array key "funcionamientoFallaSolucionada" in /home/soluctem/sistema.soluctem.com.co/api/submit.php on line 45
[25-Feb-2025 21:08:55 UTC] PHP Warning:  Undefined array key "funcionamientoPasosNormales" in /home/soluctem/sistema.soluctem.com.co/api/submit.php on line 46
[25-Feb-2025 21:08:55 UTC] PHP Warning:  Undefined array key "calidadTrabajo" in /home/soluctem/sistema.soluctem.com.co/api/submit.php on line 47
[25-Feb-2025 21:08:55 UTC] PHP Warning:  Undefined array key "limpiezaOrganizacionArmado" in /home/soluctem/sistema.soluctem.com.co/api/submit.php on line 48
[25-Feb-2025 21:08:55 UTC] PHP Warning:  Undefined array key "limpiezaOrganizacionAseado" in /home/soluctem/sistema.soluctem.com.co/api/submit.php on line 49
[25-Feb-2025 21:08:55 UTC] PHP Warning:  Undefined array key "capacitacionCausa" in /home/soluctem/sistema.soluctem.com.co/api/submit.php on line 50
[25-Feb-2025 21:08:55 UTC] PHP Warning:  Undefined array key "capacitacionPrevencion" in /home/soluctem/sistema.soluctem.com.co/api/submit.php on line 51
[25-Feb-2025 21:08:55 UTC] PHP Warning:  Undefined array key "capacitacionAccion" in /home/soluctem/sistema.soluctem.com.co/api/submit.php on line 52
[25-Feb-2025 21:08:55 UTC] PHP Warning:  Undefined array key "contratista1" in /home/soluctem/sistema.soluctem.com.co/api/submit.php on line 53
[25-Feb-2025 21:08:55 UTC] PHP Warning:  Undefined array key "cedula1" in /home/soluctem/sistema.soluctem.com.co/api/submit.php on line 54
[25-Feb-2025 21:08:55 UTC] PHP Warning:  Undefined array key "horaEntrada1" in /home/soluctem/sistema.soluctem.com.co/api/submit.php on line 55
[25-Feb-2025 21:08:55 UTC] PHP Warning:  Undefined array key "horaSalida1" in /home/soluctem/sistema.soluctem.com.co/api/submit.php on line 56
[25-Feb-2025 21:08:55 UTC] PHP Warning:  Undefined array key "contratista2" in /home/soluctem/sistema.soluctem.com.co/api/submit.php on line 57
[25-Feb-2025 21:08:55 UTC] PHP Warning:  Undefined array key "cedula2" in /home/soluctem/sistema.soluctem.com.co/api/submit.php on line 58
[25-Feb-2025 21:08:55 UTC] PHP Warning:  Undefined array key "horaEntrada2" in /home/soluctem/sistema.soluctem.com.co/api/submit.php on line 59
[25-Feb-2025 21:08:55 UTC] PHP Warning:  Undefined array key "horaSalida2" in /home/soluctem/sistema.soluctem.com.co/api/submit.php on line 60
[25-Feb-2025 21:08:55 UTC] PHP Warning:  Undefined array key "contratista3" in /home/soluctem/sistema.soluctem.com.co/api/submit.php on line 61
[25-Feb-2025 21:08:55 UTC] PHP Warning:  Undefined array key "cedula3" in /home/soluctem/sistema.soluctem.com.co/api/submit.php on line 62
[25-Feb-2025 21:08:55 UTC] PHP Warning:  Undefined array key "horaEntrada3" in /home/soluctem/sistema.soluctem.com.co/api/submit.php on line 63
[25-Feb-2025 21:08:55 UTC] PHP Warning:  Undefined array key "horaSalida3" in /home/soluctem/sistema.soluctem.com.co/api/submit.php on line 64
[25-Feb-2025 21:08:55 UTC] PHP Warning:  Undefined array key "contratista4" in /home/soluctem/sistema.soluctem.com.co/api/submit.php on line 65
[25-Feb-2025 21:08:55 UTC] PHP Warning:  Undefined array key "cedula4" in /home/soluctem/sistema.soluctem.com.co/api/submit.php on line 66
[25-Feb-2025 21:08:55 UTC] PHP Warning:  Undefined array key "horaEntrada4" in /home/soluctem/sistema.soluctem.com.co/api/submit.php on line 67
[25-Feb-2025 21:08:55 UTC] PHP Warning:  Undefined array key "horaSalida4" in /home/soluctem/sistema.soluctem.com.co/api/submit.php on line 68
[25-Feb-2025 21:08:55 UTC] PHP Warning:  Undefined array key "nombreFuncionario" in /home/soluctem/sistema.soluctem.com.co/api/submit.php on line 69
[25-Feb-2025 21:08:55 UTC] PHP Warning:  Undefined array key "cedulaFuncionario" in /home/soluctem/sistema.soluctem.com.co/api/submit.php on line 70
[25-Feb-2025 21:08:55 UTC] PHP Warning:  Undefined array key "cargoFuncionario" in /home/soluctem/sistema.soluctem.com.co/api/submit.php on line 71
[25-Feb-2025 21:08:55 UTC] PHP Warning:  Undefined array key "sapFuncionario" in /home/soluctem/sistema.soluctem.com.co/api/submit.php on line 72
[25-Feb-2025 21:08:55 UTC] PHP Warning:  Undefined array key "timestamp" in /home/soluctem/sistema.soluctem.com.co/api/submit.php on line 73
[25-Feb-2025 21:08:55 UTC] PHP Warning:  Undefined array key "asistenciaReparacion" in /home/soluctem/sistema.soluctem.com.co/api/submit.php on line 74
[25-Feb-2025 21:08:55 UTC] PHP Warning:  Undefined array key "asistenciaGarantia" in /home/soluctem/sistema.soluctem.com.co/api/submit.php on line 75
[25-Feb-2025 21:08:55 UTC] PHP Warning:  Undefined array key "asistenciaAjuste" in /home/soluctem/sistema.soluctem.com.co/api/submit.php on line 76
[25-Feb-2025 21:08:55 UTC] PHP Warning:  Undefined array key "asistenciaModificacion" in /home/soluctem/sistema.soluctem.com.co/api/submit.php on line 77
[25-Feb-2025 21:08:55 UTC] PHP Warning:  Undefined array key "asistenciaServicio" in /home/soluctem/sistema.soluctem.com.co/api/submit.php on line 78
[25-Feb-2025 21:08:55 UTC] PHP Warning:  Undefined array key "asistenciaMejora" in /home/soluctem/sistema.soluctem.com.co/api/submit.php on line 79
[25-Feb-2025 21:08:55 UTC] PHP Warning:  Undefined array key "asistenciaCombinacion" in /home/soluctem/sistema.soluctem.com.co/api/submit.php on line 80
[25-Feb-2025 21:08:55 UTC] PHP Warning:  Undefined array key "fallaOperacion" in /home/soluctem/sistema.soluctem.com.co/api/submit.php on line 81
[25-Feb-2025 21:08:55 UTC] PHP Warning:  Undefined array key "fallaMecanica" in /home/soluctem/sistema.soluctem.com.co/api/submit.php on line 82
[25-Feb-2025 21:08:55 UTC] PHP Warning:  Undefined array key "fallaElectrica" in /home/soluctem/sistema.soluctem.com.co/api/submit.php on line 83
[25-Feb-2025 21:08:55 UTC] PHP Warning:  Undefined array key "fallaTerceros" in /home/soluctem/sistema.soluctem.com.co/api/submit.php on line 84
[25-Feb-2025 21:08:55 UTC] PHP Warning:  Undefined array key "fallaFabricacion" in /home/soluctem/sistema.soluctem.com.co/api/submit.php on line 85
[25-Feb-2025 21:08:55 UTC] PHP Warning:  Undefined array key "firma_digital_cliente" in /home/soluctem/sistema.soluctem.com.co/api/submit.php on line 86
[25-Feb-2025 21:08:55 UTC] PHP Warning:  Undefined array key "firma_digital_tecnico" in /home/soluctem/sistema.soluctem.com.co/api/submit.php on line 87
[25-Feb-2025 21:47:51 UTC] PHP Warning:  Undefined array key "nombreSolicitante" in /home/soluctem/sistema.soluctem.com.co/api/submit.php on line 28
[25-Feb-2025 21:47:51 UTC] PHP Warning:  Undefined array key "cargo" in /home/soluctem/sistema.soluctem.com.co/api/submit.php on line 29
[25-Feb-2025 21:47:51 UTC] PHP Warning:  Undefined array key "nombreTienda" in /home/soluctem/sistema.soluctem.com.co/api/submit.php on line 30
[25-Feb-2025 21:47:51 UTC] PHP Warning:  Undefined array key "numeroTienda" in /home/soluctem/sistema.soluctem.com.co/api/submit.php on line 31
[25-Feb-2025 21:47:51 UTC] PHP Warning:  Undefined array key "numeroTicket" in /home/soluctem/sistema.soluctem.com.co/api/submit.php on line 32
[25-Feb-2025 21:47:51 UTC] PHP Warning:  Undefined array key "fecha" in /home/soluctem/sistema.soluctem.com.co/api/submit.php on line 33
[25-Feb-2025 21:47:51 UTC] PHP Warning:  Undefined array key "municipio" in /home/soluctem/sistema.soluctem.com.co/api/submit.php on line 34
[25-Feb-2025 21:47:51 UTC] PHP Warning:  Undefined array key "departamento" in /home/soluctem/sistema.soluctem.com.co/api/submit.php on line 35
[25-Feb-2025 21:47:51 UTC] PHP Warning:  Undefined array key "nombreEquipo" in /home/soluctem/sistema.soluctem.com.co/api/submit.php on line 36
[25-Feb-2025 21:47:51 UTC] PHP Warning:  Undefined array key "marca" in /home/soluctem/sistema.soluctem.com.co/api/submit.php on line 37
[25-Feb-2025 21:47:51 UTC] PHP Warning:  Undefined array key "serial" in /home/soluctem/sistema.soluctem.com.co/api/submit.php on line 38
[25-Feb-2025 21:47:51 UTC] PHP Warning:  Undefined array key "descripcionFalla" in /home/soluctem/sistema.soluctem.com.co/api/submit.php on line 39
[25-Feb-2025 21:47:51 UTC] PHP Warning:  Undefined array key "diagnosticoTecnico" in /home/soluctem/sistema.soluctem.com.co/api/submit.php on line 40
[25-Feb-2025 21:47:51 UTC] PHP Warning:  Undefined array key "repuestosCambiados" in /home/soluctem/sistema.soluctem.com.co/api/submit.php on line 41
[25-Feb-2025 21:47:51 UTC] PHP Warning:  Undefined array key "observaciones" in /home/soluctem/sistema.soluctem.com.co/api/submit.php on line 42
[25-Feb-2025 21:47:51 UTC] PHP Warning:  Undefined array key "seguridadRiesgoAccidentalidad" in /home/soluctem/sistema.soluctem.com.co/api/submit.php on line 43
[25-Feb-2025 21:47:51 UTC] PHP Warning:  Undefined array key "seguridadRiesgoEquipo" in /home/soluctem/sistema.soluctem.com.co/api/submit.php on line 44
[25-Feb-2025 21:47:51 UTC] PHP Warning:  Undefined array key "funcionamientoFallaSolucionada" in /home/soluctem/sistema.soluctem.com.co/api/submit.php on line 45
[25-Feb-2025 21:47:51 UTC] PHP Warning:  Undefined array key "funcionamientoPasosNormales" in /home/soluctem/sistema.soluctem.com.co/api/submit.php on line 46
[25-Feb-2025 21:47:51 UTC] PHP Warning:  Undefined array key "calidadTrabajo" in /home/soluctem/sistema.soluctem.com.co/api/submit.php on line 47
[25-Feb-2025 21:47:51 UTC] PHP Warning:  Undefined array key "limpiezaOrganizacionArmado" in /home/soluctem/sistema.soluctem.com.co/api/submit.php on line 48
[25-Feb-2025 21:47:51 UTC] PHP Warning:  Undefined array key "limpiezaOrganizacionAseado" in /home/soluctem/sistema.soluctem.com.co/api/submit.php on line 49
[25-Feb-2025 21:47:51 UTC] PHP Warning:  Undefined array key "capacitacionCausa" in /home/soluctem/sistema.soluctem.com.co/api/submit.php on line 50
[25-Feb-2025 21:47:51 UTC] PHP Warning:  Undefined array key "capacitacionPrevencion" in /home/soluctem/sistema.soluctem.com.co/api/submit.php on line 51
[25-Feb-2025 21:47:51 UTC] PHP Warning:  Undefined array key "capacitacionAccion" in /home/soluctem/sistema.soluctem.com.co/api/submit.php on line 52
[25-Feb-2025 21:47:51 UTC] PHP Warning:  Undefined array key "contratista1" in /home/soluctem/sistema.soluctem.com.co/api/submit.php on line 53
[25-Feb-2025 21:47:51 UTC] PHP Warning:  Undefined array key "cedula1" in /home/soluctem/sistema.soluctem.com.co/api/submit.php on line 54
[25-Feb-2025 21:47:51 UTC] PHP Warning:  Undefined array key "horaEntrada1" in /home/soluctem/sistema.soluctem.com.co/api/submit.php on line 55
[25-Feb-2025 21:47:51 UTC] PHP Warning:  Undefined array key "horaSalida1" in /home/soluctem/sistema.soluctem.com.co/api/submit.php on line 56
[25-Feb-2025 21:47:51 UTC] PHP Warning:  Undefined array key "contratista2" in /home/soluctem/sistema.soluctem.com.co/api/submit.php on line 57
[25-Feb-2025 21:47:51 UTC] PHP Warning:  Undefined array key "cedula2" in /home/soluctem/sistema.soluctem.com.co/api/submit.php on line 58
[25-Feb-2025 21:47:51 UTC] PHP Warning:  Undefined array key "horaEntrada2" in /home/soluctem/sistema.soluctem.com.co/api/submit.php on line 59
[25-Feb-2025 21:47:51 UTC] PHP Warning:  Undefined array key "horaSalida2" in /home/soluctem/sistema.soluctem.com.co/api/submit.php on line 60
[25-Feb-2025 21:47:51 UTC] PHP Warning:  Undefined array key "contratista3" in /home/soluctem/sistema.soluctem.com.co/api/submit.php on line 61
[25-Feb-2025 21:47:51 UTC] PHP Warning:  Undefined array key "cedula3" in /home/soluctem/sistema.soluctem.com.co/api/submit.php on line 62
[25-Feb-2025 21:47:51 UTC] PHP Warning:  Undefined array key "horaEntrada3" in /home/soluctem/sistema.soluctem.com.co/api/submit.php on line 63
[25-Feb-2025 21:47:51 UTC] PHP Warning:  Undefined array key "horaSalida3" in /home/soluctem/sistema.soluctem.com.co/api/submit.php on line 64
[25-Feb-2025 21:47:51 UTC] PHP Warning:  Undefined array key "contratista4" in /home/soluctem/sistema.soluctem.com.co/api/submit.php on line 65
[25-Feb-2025 21:47:51 UTC] PHP Warning:  Undefined array key "cedula4" in /home/soluctem/sistema.soluctem.com.co/api/submit.php on line 66
[25-Feb-2025 21:47:51 UTC] PHP Warning:  Undefined array key "horaEntrada4" in /home/soluctem/sistema.soluctem.com.co/api/submit.php on line 67
[25-Feb-2025 21:47:51 UTC] PHP Warning:  Undefined array key "horaSalida4" in /home/soluctem/sistema.soluctem.com.co/api/submit.php on line 68
[25-Feb-2025 21:47:51 UTC] PHP Warning:  Undefined array key "nombreFuncionario" in /home/soluctem/sistema.soluctem.com.co/api/submit.php on line 69
[25-Feb-2025 21:47:51 UTC] PHP Warning:  Undefined array key "cedulaFuncionario" in /home/soluctem/sistema.soluctem.com.co/api/submit.php on line 70
[25-Feb-2025 21:47:51 UTC] PHP Warning:  Undefined array key "cargoFuncionario" in /home/soluctem/sistema.soluctem.com.co/api/submit.php on line 71
[25-Feb-2025 21:47:51 UTC] PHP Warning:  Undefined array key "sapFuncionario" in /home/soluctem/sistema.soluctem.com.co/api/submit.php on line 72
[25-Feb-2025 21:47:51 UTC] PHP Warning:  Undefined array key "timestamp" in /home/soluctem/sistema.soluctem.com.co/api/submit.php on line 73
[25-Feb-2025 21:47:51 UTC] PHP Warning:  Undefined array key "asistenciaReparacion" in /home/soluctem/sistema.soluctem.com.co/api/submit.php on line 74
[25-Feb-2025 21:47:51 UTC] PHP Warning:  Undefined array key "asistenciaGarantia" in /home/soluctem/sistema.soluctem.com.co/api/submit.php on line 75
[25-Feb-2025 21:47:51 UTC] PHP Warning:  Undefined array key "asistenciaAjuste" in /home/soluctem/sistema.soluctem.com.co/api/submit.php on line 76
[25-Feb-2025 21:47:51 UTC] PHP Warning:  Undefined array key "asistenciaModificacion" in /home/soluctem/sistema.soluctem.com.co/api/submit.php on line 77
[25-Feb-2025 21:47:51 UTC] PHP Warning:  Undefined array key "asistenciaServicio" in /home/soluctem/sistema.soluctem.com.co/api/submit.php on line 78
[25-Feb-2025 21:47:51 UTC] PHP Warning:  Undefined array key "asistenciaMejora" in /home/soluctem/sistema.soluctem.com.co/api/submit.php on line 79
[25-Feb-2025 21:47:51 UTC] PHP Warning:  Undefined array key "asistenciaCombinacion" in /home/soluctem/sistema.soluctem.com.co/api/submit.php on line 80
[25-Feb-2025 21:47:51 UTC] PHP Warning:  Undefined array key "fallaOperacion" in /home/soluctem/sistema.soluctem.com.co/api/submit.php on line 81
[25-Feb-2025 21:47:51 UTC] PHP Warning:  Undefined array key "fallaMecanica" in /home/soluctem/sistema.soluctem.com.co/api/submit.php on line 82
[25-Feb-2025 21:47:51 UTC] PHP Warning:  Undefined array key "fallaElectrica" in /home/soluctem/sistema.soluctem.com.co/api/submit.php on line 83
[25-Feb-2025 21:47:51 UTC] PHP Warning:  Undefined array key "fallaTerceros" in /home/soluctem/sistema.soluctem.com.co/api/submit.php on line 84
[25-Feb-2025 21:47:51 UTC] PHP Warning:  Undefined array key "fallaFabricacion" in /home/soluctem/sistema.soluctem.com.co/api/submit.php on line 85
[25-Feb-2025 21:47:51 UTC] PHP Warning:  Undefined array key "firma_digital_cliente" in /home/soluctem/sistema.soluctem.com.co/api/submit.php on line 86
[25-Feb-2025 21:47:51 UTC] PHP Warning:  Undefined array key "firma_digital_tecnico" in /home/soluctem/sistema.soluctem.com.co/api/submit.php on line 87
[25-Feb-2025 22:06:19 UTC] PHP Warning:  Undefined array key "nombreSolicitante" in /home/soluctem/sistema.soluctem.com.co/api/submit.php on line 28
[25-Feb-2025 22:06:19 UTC] PHP Warning:  Undefined array key "cargo" in /home/soluctem/sistema.soluctem.com.co/api/submit.php on line 29
[25-Feb-2025 22:06:19 UTC] PHP Warning:  Undefined array key "nombreTienda" in /home/soluctem/sistema.soluctem.com.co/api/submit.php on line 30
[25-Feb-2025 22:06:19 UTC] PHP Warning:  Undefined array key "numeroTienda" in /home/soluctem/sistema.soluctem.com.co/api/submit.php on line 31
[25-Feb-2025 22:06:19 UTC] PHP Warning:  Undefined array key "numeroTicket" in /home/soluctem/sistema.soluctem.com.co/api/submit.php on line 32
[25-Feb-2025 22:06:19 UTC] PHP Warning:  Undefined array key "fecha" in /home/soluctem/sistema.soluctem.com.co/api/submit.php on line 33
[25-Feb-2025 22:06:19 UTC] PHP Warning:  Undefined array key "municipio" in /home/soluctem/sistema.soluctem.com.co/api/submit.php on line 34
[25-Feb-2025 22:06:19 UTC] PHP Warning:  Undefined array key "departamento" in /home/soluctem/sistema.soluctem.com.co/api/submit.php on line 35
[25-Feb-2025 22:06:19 UTC] PHP Warning:  Undefined array key "nombreEquipo" in /home/soluctem/sistema.soluctem.com.co/api/submit.php on line 36
[25-Feb-2025 22:06:19 UTC] PHP Warning:  Undefined array key "marca" in /home/soluctem/sistema.soluctem.com.co/api/submit.php on line 37
[25-Feb-2025 22:06:19 UTC] PHP Warning:  Undefined array key "serial" in /home/soluctem/sistema.soluctem.com.co/api/submit.php on line 38
[25-Feb-2025 22:06:19 UTC] PHP Warning:  Undefined array key "descripcionFalla" in /home/soluctem/sistema.soluctem.com.co/api/submit.php on line 39
[25-Feb-2025 22:06:19 UTC] PHP Warning:  Undefined array key "diagnosticoTecnico" in /home/soluctem/sistema.soluctem.com.co/api/submit.php on line 40
[25-Feb-2025 22:06:19 UTC] PHP Warning:  Undefined array key "repuestosCambiados" in /home/soluctem/sistema.soluctem.com.co/api/submit.php on line 41
[25-Feb-2025 22:06:19 UTC] PHP Warning:  Undefined array key "observaciones" in /home/soluctem/sistema.soluctem.com.co/api/submit.php on line 42
[25-Feb-2025 22:06:19 UTC] PHP Warning:  Undefined array key "seguridadRiesgoAccidentalidad" in /home/soluctem/sistema.soluctem.com.co/api/submit.php on line 43
[25-Feb-2025 22:06:19 UTC] PHP Warning:  Undefined array key "seguridadRiesgoEquipo" in /home/soluctem/sistema.soluctem.com.co/api/submit.php on line 44
[25-Feb-2025 22:06:19 UTC] PHP Warning:  Undefined array key "funcionamientoFallaSolucionada" in /home/soluctem/sistema.soluctem.com.co/api/submit.php on line 45
[25-Feb-2025 22:06:19 UTC] PHP Warning:  Undefined array key "funcionamientoPasosNormales" in /home/soluctem/sistema.soluctem.com.co/api/submit.php on line 46
[25-Feb-2025 22:06:19 UTC] PHP Warning:  Undefined array key "calidadTrabajo" in /home/soluctem/sistema.soluctem.com.co/api/submit.php on line 47
[25-Feb-2025 22:06:19 UTC] PHP Warning:  Undefined array key "limpiezaOrganizacionArmado" in /home/soluctem/sistema.soluctem.com.co/api/submit.php on line 48
[25-Feb-2025 22:06:19 UTC] PHP Warning:  Undefined array key "limpiezaOrganizacionAseado" in /home/soluctem/sistema.soluctem.com.co/api/submit.php on line 49
[25-Feb-2025 22:06:19 UTC] PHP Warning:  Undefined array key "capacitacionCausa" in /home/soluctem/sistema.soluctem.com.co/api/submit.php on line 50
[25-Feb-2025 22:06:19 UTC] PHP Warning:  Undefined array key "capacitacionPrevencion" in /home/soluctem/sistema.soluctem.com.co/api/submit.php on line 51
[25-Feb-2025 22:06:19 UTC] PHP Warning:  Undefined array key "capacitacionAccion" in /home/soluctem/sistema.soluctem.com.co/api/submit.php on line 52
[25-Feb-2025 22:06:19 UTC] PHP Warning:  Undefined array key "contratista1" in /home/soluctem/sistema.soluctem.com.co/api/submit.php on line 53
[25-Feb-2025 22:06:19 UTC] PHP Warning:  Undefined array key "cedula1" in /home/soluctem/sistema.soluctem.com.co/api/submit.php on line 54
[25-Feb-2025 22:06:19 UTC] PHP Warning:  Undefined array key "horaEntrada1" in /home/soluctem/sistema.soluctem.com.co/api/submit.php on line 55
[25-Feb-2025 22:06:19 UTC] PHP Warning:  Undefined array key "horaSalida1" in /home/soluctem/sistema.soluctem.com.co/api/submit.php on line 56
[25-Feb-2025 22:06:19 UTC] PHP Warning:  Undefined array key "contratista2" in /home/soluctem/sistema.soluctem.com.co/api/submit.php on line 57
[25-Feb-2025 22:06:19 UTC] PHP Warning:  Undefined array key "cedula2" in /home/soluctem/sistema.soluctem.com.co/api/submit.php on line 58
[25-Feb-2025 22:06:19 UTC] PHP Warning:  Undefined array key "horaEntrada2" in /home/soluctem/sistema.soluctem.com.co/api/submit.php on line 59
[25-Feb-2025 22:06:19 UTC] PHP Warning:  Undefined array key "horaSalida2" in /home/soluctem/sistema.soluctem.com.co/api/submit.php on line 60
[25-Feb-2025 22:06:19 UTC] PHP Warning:  Undefined array key "contratista3" in /home/soluctem/sistema.soluctem.com.co/api/submit.php on line 61
[25-Feb-2025 22:06:19 UTC] PHP Warning:  Undefined array key "cedula3" in /home/soluctem/sistema.soluctem.com.co/api/submit.php on line 62
[25-Feb-2025 22:06:19 UTC] PHP Warning:  Undefined array key "horaEntrada3" in /home/soluctem/sistema.soluctem.com.co/api/submit.php on line 63
[25-Feb-2025 22:06:19 UTC] PHP Warning:  Undefined array key "horaSalida3" in /home/soluctem/sistema.soluctem.com.co/api/submit.php on line 64
[25-Feb-2025 22:06:19 UTC] PHP Warning:  Undefined array key "contratista4" in /home/soluctem/sistema.soluctem.com.co/api/submit.php on line 65
[25-Feb-2025 22:06:19 UTC] PHP Warning:  Undefined array key "cedula4" in /home/soluctem/sistema.soluctem.com.co/api/submit.php on line 66
[25-Feb-2025 22:06:19 UTC] PHP Warning:  Undefined array key "horaEntrada4" in /home/soluctem/sistema.soluctem.com.co/api/submit.php on line 67
[25-Feb-2025 22:06:19 UTC] PHP Warning:  Undefined array key "horaSalida4" in /home/soluctem/sistema.soluctem.com.co/api/submit.php on line 68
[25-Feb-2025 22:06:19 UTC] PHP Warning:  Undefined array key "nombreFuncionario" in /home/soluctem/sistema.soluctem.com.co/api/submit.php on line 69
[25-Feb-2025 22:06:19 UTC] PHP Warning:  Undefined array key "cedulaFuncionario" in /home/soluctem/sistema.soluctem.com.co/api/submit.php on line 70
[25-Feb-2025 22:06:19 UTC] PHP Warning:  Undefined array key "cargoFuncionario" in /home/soluctem/sistema.soluctem.com.co/api/submit.php on line 71
[25-Feb-2025 22:06:19 UTC] PHP Warning:  Undefined array key "sapFuncionario" in /home/soluctem/sistema.soluctem.com.co/api/submit.php on line 72
[25-Feb-2025 22:06:19 UTC] PHP Warning:  Undefined array key "timestamp" in /home/soluctem/sistema.soluctem.com.co/api/submit.php on line 73
[25-Feb-2025 22:06:19 UTC] PHP Warning:  Undefined array key "asistenciaReparacion" in /home/soluctem/sistema.soluctem.com.co/api/submit.php on line 74
[25-Feb-2025 22:06:19 UTC] PHP Warning:  Undefined array key "asistenciaGarantia" in /home/soluctem/sistema.soluctem.com.co/api/submit.php on line 75
[25-Feb-2025 22:06:19 UTC] PHP Warning:  Undefined array key "asistenciaAjuste" in /home/soluctem/sistema.soluctem.com.co/api/submit.php on line 76
[25-Feb-2025 22:06:19 UTC] PHP Warning:  Undefined array key "asistenciaModificacion" in /home/soluctem/sistema.soluctem.com.co/api/submit.php on line 77
[25-Feb-2025 22:06:19 UTC] PHP Warning:  Undefined array key "asistenciaServicio" in /home/soluctem/sistema.soluctem.com.co/api/submit.php on line 78
[25-Feb-2025 22:06:19 UTC] PHP Warning:  Undefined array key "asistenciaMejora" in /home/soluctem/sistema.soluctem.com.co/api/submit.php on line 79
[25-Feb-2025 22:06:19 UTC] PHP Warning:  Undefined array key "asistenciaCombinacion" in /home/soluctem/sistema.soluctem.com.co/api/submit.php on line 80
[25-Feb-2025 22:06:19 UTC] PHP Warning:  Undefined array key "fallaOperacion" in /home/soluctem/sistema.soluctem.com.co/api/submit.php on line 81
[25-Feb-2025 22:06:19 UTC] PHP Warning:  Undefined array key "fallaMecanica" in /home/soluctem/sistema.soluctem.com.co/api/submit.php on line 82
[25-Feb-2025 22:06:19 UTC] PHP Warning:  Undefined array key "fallaElectrica" in /home/soluctem/sistema.soluctem.com.co/api/submit.php on line 83
[25-Feb-2025 22:06:19 UTC] PHP Warning:  Undefined array key "fallaTerceros" in /home/soluctem/sistema.soluctem.com.co/api/submit.php on line 84
[25-Feb-2025 22:06:19 UTC] PHP Warning:  Undefined array key "fallaFabricacion" in /home/soluctem/sistema.soluctem.com.co/api/submit.php on line 85
[25-Feb-2025 22:06:19 UTC] PHP Warning:  Undefined array key "firma_digital_cliente" in /home/soluctem/sistema.soluctem.com.co/api/submit.php on line 86
[25-Feb-2025 22:06:19 UTC] PHP Warning:  Undefined array key "firma_digital_tecnico" in /home/soluctem/sistema.soluctem.com.co/api/submit.php on line 87
[25-Feb-2025 22:14:13 UTC] PHP Warning:  Undefined array key "nombreSolicitante" in /home/soluctem/sistema.soluctem.com.co/api/submit.php on line 28
[25-Feb-2025 22:14:13 UTC] PHP Warning:  Undefined array key "cargo" in /home/soluctem/sistema.soluctem.com.co/api/submit.php on line 29
[25-Feb-2025 22:14:13 UTC] PHP Warning:  Undefined array key "nombreTienda" in /home/soluctem/sistema.soluctem.com.co/api/submit.php on line 30
[25-Feb-2025 22:14:13 UTC] PHP Warning:  Undefined array key "numeroTienda" in /home/soluctem/sistema.soluctem.com.co/api/submit.php on line 31
[25-Feb-2025 22:14:13 UTC] PHP Warning:  Undefined array key "numeroTicket" in /home/soluctem/sistema.soluctem.com.co/api/submit.php on line 32
[25-Feb-2025 22:14:13 UTC] PHP Warning:  Undefined array key "fecha" in /home/soluctem/sistema.soluctem.com.co/api/submit.php on line 33
[25-Feb-2025 22:14:13 UTC] PHP Warning:  Undefined array key "municipio" in /home/soluctem/sistema.soluctem.com.co/api/submit.php on line 34
[25-Feb-2025 22:14:13 UTC] PHP Warning:  Undefined array key "departamento" in /home/soluctem/sistema.soluctem.com.co/api/submit.php on line 35
[25-Feb-2025 22:14:13 UTC] PHP Warning:  Undefined array key "nombreEquipo" in /home/soluctem/sistema.soluctem.com.co/api/submit.php on line 36
[25-Feb-2025 22:14:13 UTC] PHP Warning:  Undefined array key "marca" in /home/soluctem/sistema.soluctem.com.co/api/submit.php on line 37
[25-Feb-2025 22:14:13 UTC] PHP Warning:  Undefined array key "serial" in /home/soluctem/sistema.soluctem.com.co/api/submit.php on line 38
[25-Feb-2025 22:14:13 UTC] PHP Warning:  Undefined array key "descripcionFalla" in /home/soluctem/sistema.soluctem.com.co/api/submit.php on line 39
[25-Feb-2025 22:14:13 UTC] PHP Warning:  Undefined array key "diagnosticoTecnico" in /home/soluctem/sistema.soluctem.com.co/api/submit.php on line 40
[25-Feb-2025 22:14:13 UTC] PHP Warning:  Undefined array key "repuestosCambiados" in /home/soluctem/sistema.soluctem.com.co/api/submit.php on line 41
[25-Feb-2025 22:14:13 UTC] PHP Warning:  Undefined array key "observaciones" in /home/soluctem/sistema.soluctem.com.co/api/submit.php on line 42
[25-Feb-2025 22:14:13 UTC] PHP Warning:  Undefined array key "seguridadRiesgoAccidentalidad" in /home/soluctem/sistema.soluctem.com.co/api/submit.php on line 43
[25-Feb-2025 22:14:13 UTC] PHP Warning:  Undefined array key "seguridadRiesgoEquipo" in /home/soluctem/sistema.soluctem.com.co/api/submit.php on line 44
[25-Feb-2025 22:14:13 UTC] PHP Warning:  Undefined array key "funcionamientoFallaSolucionada" in /home/soluctem/sistema.soluctem.com.co/api/submit.php on line 45
[25-Feb-2025 22:14:13 UTC] PHP Warning:  Undefined array key "funcionamientoPasosNormales" in /home/soluctem/sistema.soluctem.com.co/api/submit.php on line 46
[25-Feb-2025 22:14:13 UTC] PHP Warning:  Undefined array key "calidadTrabajo" in /home/soluctem/sistema.soluctem.com.co/api/submit.php on line 47
[25-Feb-2025 22:14:13 UTC] PHP Warning:  Undefined array key "limpiezaOrganizacionArmado" in /home/soluctem/sistema.soluctem.com.co/api/submit.php on line 48
[25-Feb-2025 22:14:13 UTC] PHP Warning:  Undefined array key "limpiezaOrganizacionAseado" in /home/soluctem/sistema.soluctem.com.co/api/submit.php on line 49
[25-Feb-2025 22:14:13 UTC] PHP Warning:  Undefined array key "capacitacionCausa" in /home/soluctem/sistema.soluctem.com.co/api/submit.php on line 50
[25-Feb-2025 22:14:13 UTC] PHP Warning:  Undefined array key "capacitacionPrevencion" in /home/soluctem/sistema.soluctem.com.co/api/submit.php on line 51
[25-Feb-2025 22:14:13 UTC] PHP Warning:  Undefined array key "capacitacionAccion" in /home/soluctem/sistema.soluctem.com.co/api/submit.php on line 52
[25-Feb-2025 22:14:13 UTC] PHP Warning:  Undefined array key "contratista1" in /home/soluctem/sistema.soluctem.com.co/api/submit.php on line 53
[25-Feb-2025 22:14:13 UTC] PHP Warning:  Undefined array key "cedula1" in /home/soluctem/sistema.soluctem.com.co/api/submit.php on line 54
[25-Feb-2025 22:14:13 UTC] PHP Warning:  Undefined array key "horaEntrada1" in /home/soluctem/sistema.soluctem.com.co/api/submit.php on line 55
[25-Feb-2025 22:14:13 UTC] PHP Warning:  Undefined array key "horaSalida1" in /home/soluctem/sistema.soluctem.com.co/api/submit.php on line 56
[25-Feb-2025 22:14:13 UTC] PHP Warning:  Undefined array key "contratista2" in /home/soluctem/sistema.soluctem.com.co/api/submit.php on line 57
[25-Feb-2025 22:14:13 UTC] PHP Warning:  Undefined array key "cedula2" in /home/soluctem/sistema.soluctem.com.co/api/submit.php on line 58
[25-Feb-2025 22:14:13 UTC] PHP Warning:  Undefined array key "horaEntrada2" in /home/soluctem/sistema.soluctem.com.co/api/submit.php on line 59
[25-Feb-2025 22:14:13 UTC] PHP Warning:  Undefined array key "horaSalida2" in /home/soluctem/sistema.soluctem.com.co/api/submit.php on line 60
[25-Feb-2025 22:14:13 UTC] PHP Warning:  Undefined array key "contratista3" in /home/soluctem/sistema.soluctem.com.co/api/submit.php on line 61
[25-Feb-2025 22:14:13 UTC] PHP Warning:  Undefined array key "cedula3" in /home/soluctem/sistema.soluctem.com.co/api/submit.php on line 62
[25-Feb-2025 22:14:13 UTC] PHP Warning:  Undefined array key "horaEntrada3" in /home/soluctem/sistema.soluctem.com.co/api/submit.php on line 63
[25-Feb-2025 22:14:13 UTC] PHP Warning:  Undefined array key "horaSalida3" in /home/soluctem/sistema.soluctem.com.co/api/submit.php on line 64
[25-Feb-2025 22:14:13 UTC] PHP Warning:  Undefined array key "contratista4" in /home/soluctem/sistema.soluctem.com.co/api/submit.php on line 65
[25-Feb-2025 22:14:13 UTC] PHP Warning:  Undefined array key "cedula4" in /home/soluctem/sistema.soluctem.com.co/api/submit.php on line 66
[25-Feb-2025 22:14:13 UTC] PHP Warning:  Undefined array key "horaEntrada4" in /home/soluctem/sistema.soluctem.com.co/api/submit.php on line 67
[25-Feb-2025 22:14:13 UTC] PHP Warning:  Undefined array key "horaSalida4" in /home/soluctem/sistema.soluctem.com.co/api/submit.php on line 68
[25-Feb-2025 22:14:13 UTC] PHP Warning:  Undefined array key "nombreFuncionario" in /home/soluctem/sistema.soluctem.com.co/api/submit.php on line 69
[25-Feb-2025 22:14:13 UTC] PHP Warning:  Undefined array key "cedulaFuncionario" in /home/soluctem/sistema.soluctem.com.co/api/submit.php on line 70
[25-Feb-2025 22:14:13 UTC] PHP Warning:  Undefined array key "cargoFuncionario" in /home/soluctem/sistema.soluctem.com.co/api/submit.php on line 71
[25-Feb-2025 22:14:13 UTC] PHP Warning:  Undefined array key "sapFuncionario" in /home/soluctem/sistema.soluctem.com.co/api/submit.php on line 72
[25-Feb-2025 22:14:13 UTC] PHP Warning:  Undefined array key "timestamp" in /home/soluctem/sistema.soluctem.com.co/api/submit.php on line 73
[25-Feb-2025 22:14:13 UTC] PHP Warning:  Undefined array key "asistenciaReparacion" in /home/soluctem/sistema.soluctem.com.co/api/submit.php on line 74
[25-Feb-2025 22:14:13 UTC] PHP Warning:  Undefined array key "asistenciaGarantia" in /home/soluctem/sistema.soluctem.com.co/api/submit.php on line 75
[25-Feb-2025 22:14:13 UTC] PHP Warning:  Undefined array key "asistenciaAjuste" in /home/soluctem/sistema.soluctem.com.co/api/submit.php on line 76
[25-Feb-2025 22:14:13 UTC] PHP Warning:  Undefined array key "asistenciaModificacion" in /home/soluctem/sistema.soluctem.com.co/api/submit.php on line 77
[25-Feb-2025 22:14:13 UTC] PHP Warning:  Undefined array key "asistenciaServicio" in /home/soluctem/sistema.soluctem.com.co/api/submit.php on line 78
[25-Feb-2025 22:14:13 UTC] PHP Warning:  Undefined array key "asistenciaMejora" in /home/soluctem/sistema.soluctem.com.co/api/submit.php on line 79
[25-Feb-2025 22:14:13 UTC] PHP Warning:  Undefined array key "asistenciaCombinacion" in /home/soluctem/sistema.soluctem.com.co/api/submit.php on line 80
[25-Feb-2025 22:14:13 UTC] PHP Warning:  Undefined array key "fallaOperacion" in /home/soluctem/sistema.soluctem.com.co/api/submit.php on line 81
[25-Feb-2025 22:14:13 UTC] PHP Warning:  Undefined array key "fallaMecanica" in /home/soluctem/sistema.soluctem.com.co/api/submit.php on line 82
[25-Feb-2025 22:14:13 UTC] PHP Warning:  Undefined array key "fallaElectrica" in /home/soluctem/sistema.soluctem.com.co/api/submit.php on line 83
[25-Feb-2025 22:14:13 UTC] PHP Warning:  Undefined array key "fallaTerceros" in /home/soluctem/sistema.soluctem.com.co/api/submit.php on line 84
[25-Feb-2025 22:14:13 UTC] PHP Warning:  Undefined array key "fallaFabricacion" in /home/soluctem/sistema.soluctem.com.co/api/submit.php on line 85
[25-Feb-2025 22:14:13 UTC] PHP Warning:  Undefined array key "firma_digital_cliente" in /home/soluctem/sistema.soluctem.com.co/api/submit.php on line 86
[25-Feb-2025 22:14:13 UTC] PHP Warning:  Undefined array key "firma_digital_tecnico" in /home/soluctem/sistema.soluctem.com.co/api/submit.php on line 87
[25-Feb-2025 22:28:57 UTC] PHP Warning:  Undefined array key "nombreSolicitante" in /home/soluctem/sistema.soluctem.com.co/api/submit.php on line 28
[25-Feb-2025 22:28:57 UTC] PHP Warning:  Undefined array key "cargo" in /home/soluctem/sistema.soluctem.com.co/api/submit.php on line 29
[25-Feb-2025 22:28:57 UTC] PHP Warning:  Undefined array key "nombreTienda" in /home/soluctem/sistema.soluctem.com.co/api/submit.php on line 30
[25-Feb-2025 22:28:57 UTC] PHP Warning:  Undefined array key "numeroTienda" in /home/soluctem/sistema.soluctem.com.co/api/submit.php on line 31
[25-Feb-2025 22:28:57 UTC] PHP Warning:  Undefined array key "numeroTicket" in /home/soluctem/sistema.soluctem.com.co/api/submit.php on line 32
[25-Feb-2025 22:28:57 UTC] PHP Warning:  Undefined array key "fecha" in /home/soluctem/sistema.soluctem.com.co/api/submit.php on line 33
[25-Feb-2025 22:28:57 UTC] PHP Warning:  Undefined array key "municipio" in /home/soluctem/sistema.soluctem.com.co/api/submit.php on line 34
[25-Feb-2025 22:28:57 UTC] PHP Warning:  Undefined array key "departamento" in /home/soluctem/sistema.soluctem.com.co/api/submit.php on line 35
[25-Feb-2025 22:28:57 UTC] PHP Warning:  Undefined array key "nombreEquipo" in /home/soluctem/sistema.soluctem.com.co/api/submit.php on line 36
[25-Feb-2025 22:28:57 UTC] PHP Warning:  Undefined array key "marca" in /home/soluctem/sistema.soluctem.com.co/api/submit.php on line 37
[25-Feb-2025 22:28:57 UTC] PHP Warning:  Undefined array key "serial" in /home/soluctem/sistema.soluctem.com.co/api/submit.php on line 38
[25-Feb-2025 22:28:57 UTC] PHP Warning:  Undefined array key "descripcionFalla" in /home/soluctem/sistema.soluctem.com.co/api/submit.php on line 39
[25-Feb-2025 22:28:57 UTC] PHP Warning:  Undefined array key "diagnosticoTecnico" in /home/soluctem/sistema.soluctem.com.co/api/submit.php on line 40
[25-Feb-2025 22:28:57 UTC] PHP Warning:  Undefined array key "repuestosCambiados" in /home/soluctem/sistema.soluctem.com.co/api/submit.php on line 41
[25-Feb-2025 22:28:57 UTC] PHP Warning:  Undefined array key "observaciones" in /home/soluctem/sistema.soluctem.com.co/api/submit.php on line 42
[25-Feb-2025 22:28:57 UTC] PHP Warning:  Undefined array key "seguridadRiesgoAccidentalidad" in /home/soluctem/sistema.soluctem.com.co/api/submit.php on line 43
[25-Feb-2025 22:28:57 UTC] PHP Warning:  Undefined array key "seguridadRiesgoEquipo" in /home/soluctem/sistema.soluctem.com.co/api/submit.php on line 44
[25-Feb-2025 22:28:57 UTC] PHP Warning:  Undefined array key "funcionamientoFallaSolucionada" in /home/soluctem/sistema.soluctem.com.co/api/submit.php on line 45
[25-Feb-2025 22:28:57 UTC] PHP Warning:  Undefined array key "funcionamientoPasosNormales" in /home/soluctem/sistema.soluctem.com.co/api/submit.php on line 46
[25-Feb-2025 22:28:57 UTC] PHP Warning:  Undefined array key "calidadTrabajo" in /home/soluctem/sistema.soluctem.com.co/api/submit.php on line 47
[25-Feb-2025 22:28:57 UTC] PHP Warning:  Undefined array key "limpiezaOrganizacionArmado" in /home/soluctem/sistema.soluctem.com.co/api/submit.php on line 48
[25-Feb-2025 22:28:57 UTC] PHP Warning:  Undefined array key "limpiezaOrganizacionAseado" in /home/soluctem/sistema.soluctem.com.co/api/submit.php on line 49
[25-Feb-2025 22:28:57 UTC] PHP Warning:  Undefined array key "capacitacionCausa" in /home/soluctem/sistema.soluctem.com.co/api/submit.php on line 50
[25-Feb-2025 22:28:57 UTC] PHP Warning:  Undefined array key "capacitacionPrevencion" in /home/soluctem/sistema.soluctem.com.co/api/submit.php on line 51
[25-Feb-2025 22:28:57 UTC] PHP Warning:  Undefined array key "capacitacionAccion" in /home/soluctem/sistema.soluctem.com.co/api/submit.php on line 52
[25-Feb-2025 22:28:57 UTC] PHP Warning:  Undefined array key "contratista1" in /home/soluctem/sistema.soluctem.com.co/api/submit.php on line 53
[25-Feb-2025 22:28:57 UTC] PHP Warning:  Undefined array key "cedula1" in /home/soluctem/sistema.soluctem.com.co/api/submit.php on line 54
[25-Feb-2025 22:28:57 UTC] PHP Warning:  Undefined array key "horaEntrada1" in /home/soluctem/sistema.soluctem.com.co/api/submit.php on line 55
[25-Feb-2025 22:28:57 UTC] PHP Warning:  Undefined array key "horaSalida1" in /home/soluctem/sistema.soluctem.com.co/api/submit.php on line 56
[25-Feb-2025 22:28:57 UTC] PHP Warning:  Undefined array key "contratista2" in /home/soluctem/sistema.soluctem.com.co/api/submit.php on line 57
[25-Feb-2025 22:28:57 UTC] PHP Warning:  Undefined array key "cedula2" in /home/soluctem/sistema.soluctem.com.co/api/submit.php on line 58
[25-Feb-2025 22:28:57 UTC] PHP Warning:  Undefined array key "horaEntrada2" in /home/soluctem/sistema.soluctem.com.co/api/submit.php on line 59
[25-Feb-2025 22:28:57 UTC] PHP Warning:  Undefined array key "horaSalida2" in /home/soluctem/sistema.soluctem.com.co/api/submit.php on line 60
[25-Feb-2025 22:28:57 UTC] PHP Warning:  Undefined array key "contratista3" in /home/soluctem/sistema.soluctem.com.co/api/submit.php on line 61
[25-Feb-2025 22:28:57 UTC] PHP Warning:  Undefined array key "cedula3" in /home/soluctem/sistema.soluctem.com.co/api/submit.php on line 62
[25-Feb-2025 22:28:57 UTC] PHP Warning:  Undefined array key "horaEntrada3" in /home/soluctem/sistema.soluctem.com.co/api/submit.php on line 63
[25-Feb-2025 22:28:57 UTC] PHP Warning:  Undefined array key "horaSalida3" in /home/soluctem/sistema.soluctem.com.co/api/submit.php on line 64
[25-Feb-2025 22:28:57 UTC] PHP Warning:  Undefined array key "contratista4" in /home/soluctem/sistema.soluctem.com.co/api/submit.php on line 65
[25-Feb-2025 22:28:57 UTC] PHP Warning:  Undefined array key "cedula4" in /home/soluctem/sistema.soluctem.com.co/api/submit.php on line 66
[25-Feb-2025 22:28:57 UTC] PHP Warning:  Undefined array key "horaEntrada4" in /home/soluctem/sistema.soluctem.com.co/api/submit.php on line 67
[25-Feb-2025 22:28:57 UTC] PHP Warning:  Undefined array key "horaSalida4" in /home/soluctem/sistema.soluctem.com.co/api/submit.php on line 68
[25-Feb-2025 22:28:57 UTC] PHP Warning:  Undefined array key "nombreFuncionario" in /home/soluctem/sistema.soluctem.com.co/api/submit.php on line 69
[25-Feb-2025 22:28:57 UTC] PHP Warning:  Undefined array key "cedulaFuncionario" in /home/soluctem/sistema.soluctem.com.co/api/submit.php on line 70
[25-Feb-2025 22:28:57 UTC] PHP Warning:  Undefined array key "cargoFuncionario" in /home/soluctem/sistema.soluctem.com.co/api/submit.php on line 71
[25-Feb-2025 22:28:57 UTC] PHP Warning:  Undefined array key "sapFuncionario" in /home/soluctem/sistema.soluctem.com.co/api/submit.php on line 72
[25-Feb-2025 22:28:57 UTC] PHP Warning:  Undefined array key "timestamp" in /home/soluctem/sistema.soluctem.com.co/api/submit.php on line 73
[25-Feb-2025 22:28:57 UTC] PHP Warning:  Undefined array key "asistenciaReparacion" in /home/soluctem/sistema.soluctem.com.co/api/submit.php on line 74
[25-Feb-2025 22:28:57 UTC] PHP Warning:  Undefined array key "asistenciaGarantia" in /home/soluctem/sistema.soluctem.com.co/api/submit.php on line 75
[25-Feb-2025 22:28:57 UTC] PHP Warning:  Undefined array key "asistenciaAjuste" in /home/soluctem/sistema.soluctem.com.co/api/submit.php on line 76
[25-Feb-2025 22:28:57 UTC] PHP Warning:  Undefined array key "asistenciaModificacion" in /home/soluctem/sistema.soluctem.com.co/api/submit.php on line 77
[25-Feb-2025 22:28:57 UTC] PHP Warning:  Undefined array key "asistenciaServicio" in /home/soluctem/sistema.soluctem.com.co/api/submit.php on line 78
[25-Feb-2025 22:28:57 UTC] PHP Warning:  Undefined array key "asistenciaMejora" in /home/soluctem/sistema.soluctem.com.co/api/submit.php on line 79
[25-Feb-2025 22:28:57 UTC] PHP Warning:  Undefined array key "asistenciaCombinacion" in /home/soluctem/sistema.soluctem.com.co/api/submit.php on line 80
[25-Feb-2025 22:28:57 UTC] PHP Warning:  Undefined array key "fallaOperacion" in /home/soluctem/sistema.soluctem.com.co/api/submit.php on line 81
[25-Feb-2025 22:28:57 UTC] PHP Warning:  Undefined array key "fallaMecanica" in /home/soluctem/sistema.soluctem.com.co/api/submit.php on line 82
[25-Feb-2025 22:28:57 UTC] PHP Warning:  Undefined array key "fallaElectrica" in /home/soluctem/sistema.soluctem.com.co/api/submit.php on line 83
[25-Feb-2025 22:28:57 UTC] PHP Warning:  Undefined array key "fallaTerceros" in /home/soluctem/sistema.soluctem.com.co/api/submit.php on line 84
[25-Feb-2025 22:28:57 UTC] PHP Warning:  Undefined array key "fallaFabricacion" in /home/soluctem/sistema.soluctem.com.co/api/submit.php on line 85
[25-Feb-2025 22:28:57 UTC] PHP Warning:  Undefined array key "firma_digital_cliente" in /home/soluctem/sistema.soluctem.com.co/api/submit.php on line 86
[25-Feb-2025 22:28:57 UTC] PHP Warning:  Undefined array key "firma_digital_tecnico" in /home/soluctem/sistema.soluctem.com.co/api/submit.php on line 87
[27-Feb-2025 23:31:25 UTC] PHP Warning:  Undefined array key "nombreSolicitante" in /home/soluctem/sistema.soluctem.com.co/api/submit.php on line 28
[27-Feb-2025 23:31:25 UTC] PHP Warning:  Undefined array key "cargo" in /home/soluctem/sistema.soluctem.com.co/api/submit.php on line 29
[27-Feb-2025 23:31:25 UTC] PHP Warning:  Undefined array key "nombreTienda" in /home/soluctem/sistema.soluctem.com.co/api/submit.php on line 30
[27-Feb-2025 23:31:25 UTC] PHP Warning:  Undefined array key "numeroTienda" in /home/soluctem/sistema.soluctem.com.co/api/submit.php on line 31
[27-Feb-2025 23:31:25 UTC] PHP Warning:  Undefined array key "numeroTicket" in /home/soluctem/sistema.soluctem.com.co/api/submit.php on line 32
[27-Feb-2025 23:31:25 UTC] PHP Warning:  Undefined array key "fecha" in /home/soluctem/sistema.soluctem.com.co/api/submit.php on line 33
[27-Feb-2025 23:31:25 UTC] PHP Warning:  Undefined array key "municipio" in /home/soluctem/sistema.soluctem.com.co/api/submit.php on line 34
[27-Feb-2025 23:31:25 UTC] PHP Warning:  Undefined array key "departamento" in /home/soluctem/sistema.soluctem.com.co/api/submit.php on line 35
[27-Feb-2025 23:31:25 UTC] PHP Warning:  Undefined array key "nombreEquipo" in /home/soluctem/sistema.soluctem.com.co/api/submit.php on line 36
[27-Feb-2025 23:31:25 UTC] PHP Warning:  Undefined array key "marca" in /home/soluctem/sistema.soluctem.com.co/api/submit.php on line 37
[27-Feb-2025 23:31:25 UTC] PHP Warning:  Undefined array key "serial" in /home/soluctem/sistema.soluctem.com.co/api/submit.php on line 38
[27-Feb-2025 23:31:25 UTC] PHP Warning:  Undefined array key "descripcionFalla" in /home/soluctem/sistema.soluctem.com.co/api/submit.php on line 39
[27-Feb-2025 23:31:25 UTC] PHP Warning:  Undefined array key "diagnosticoTecnico" in /home/soluctem/sistema.soluctem.com.co/api/submit.php on line 40
[27-Feb-2025 23:31:25 UTC] PHP Warning:  Undefined array key "repuestosCambiados" in /home/soluctem/sistema.soluctem.com.co/api/submit.php on line 41
[27-Feb-2025 23:31:25 UTC] PHP Warning:  Undefined array key "observaciones" in /home/soluctem/sistema.soluctem.com.co/api/submit.php on line 42
[27-Feb-2025 23:31:25 UTC] PHP Warning:  Undefined array key "seguridadRiesgoAccidentalidad" in /home/soluctem/sistema.soluctem.com.co/api/submit.php on line 43
[27-Feb-2025 23:31:25 UTC] PHP Warning:  Undefined array key "seguridadRiesgoEquipo" in /home/soluctem/sistema.soluctem.com.co/api/submit.php on line 44
[27-Feb-2025 23:31:25 UTC] PHP Warning:  Undefined array key "funcionamientoFallaSolucionada" in /home/soluctem/sistema.soluctem.com.co/api/submit.php on line 45
[27-Feb-2025 23:31:25 UTC] PHP Warning:  Undefined array key "funcionamientoPasosNormales" in /home/soluctem/sistema.soluctem.com.co/api/submit.php on line 46
[27-Feb-2025 23:31:25 UTC] PHP Warning:  Undefined array key "calidadTrabajo" in /home/soluctem/sistema.soluctem.com.co/api/submit.php on line 47
[27-Feb-2025 23:31:25 UTC] PHP Warning:  Undefined array key "limpiezaOrganizacionArmado" in /home/soluctem/sistema.soluctem.com.co/api/submit.php on line 48
[27-Feb-2025 23:31:25 UTC] PHP Warning:  Undefined array key "limpiezaOrganizacionAseado" in /home/soluctem/sistema.soluctem.com.co/api/submit.php on line 49
[27-Feb-2025 23:31:25 UTC] PHP Warning:  Undefined array key "capacitacionCausa" in /home/soluctem/sistema.soluctem.com.co/api/submit.php on line 50
[27-Feb-2025 23:31:25 UTC] PHP Warning:  Undefined array key "capacitacionPrevencion" in /home/soluctem/sistema.soluctem.com.co/api/submit.php on line 51
[27-Feb-2025 23:31:25 UTC] PHP Warning:  Undefined array key "capacitacionAccion" in /home/soluctem/sistema.soluctem.com.co/api/submit.php on line 52
[27-Feb-2025 23:31:25 UTC] PHP Warning:  Undefined array key "contratista1" in /home/soluctem/sistema.soluctem.com.co/api/submit.php on line 53
[27-Feb-2025 23:31:25 UTC] PHP Warning:  Undefined array key "cedula1" in /home/soluctem/sistema.soluctem.com.co/api/submit.php on line 54
[27-Feb-2025 23:31:25 UTC] PHP Warning:  Undefined array key "horaEntrada1" in /home/soluctem/sistema.soluctem.com.co/api/submit.php on line 55
[27-Feb-2025 23:31:25 UTC] PHP Warning:  Undefined array key "horaSalida1" in /home/soluctem/sistema.soluctem.com.co/api/submit.php on line 56
[27-Feb-2025 23:31:25 UTC] PHP Warning:  Undefined array key "contratista2" in /home/soluctem/sistema.soluctem.com.co/api/submit.php on line 57
[27-Feb-2025 23:31:25 UTC] PHP Warning:  Undefined array key "cedula2" in /home/soluctem/sistema.soluctem.com.co/api/submit.php on line 58
[27-Feb-2025 23:31:25 UTC] PHP Warning:  Undefined array key "horaEntrada2" in /home/soluctem/sistema.soluctem.com.co/api/submit.php on line 59
[27-Feb-2025 23:31:25 UTC] PHP Warning:  Undefined array key "horaSalida2" in /home/soluctem/sistema.soluctem.com.co/api/submit.php on line 60
[27-Feb-2025 23:31:25 UTC] PHP Warning:  Undefined array key "contratista3" in /home/soluctem/sistema.soluctem.com.co/api/submit.php on line 61
[27-Feb-2025 23:31:25 UTC] PHP Warning:  Undefined array key "cedula3" in /home/soluctem/sistema.soluctem.com.co/api/submit.php on line 62
[27-Feb-2025 23:31:25 UTC] PHP Warning:  Undefined array key "horaEntrada3" in /home/soluctem/sistema.soluctem.com.co/api/submit.php on line 63
[27-Feb-2025 23:31:25 UTC] PHP Warning:  Undefined array key "horaSalida3" in /home/soluctem/sistema.soluctem.com.co/api/submit.php on line 64
[27-Feb-2025 23:31:25 UTC] PHP Warning:  Undefined array key "contratista4" in /home/soluctem/sistema.soluctem.com.co/api/submit.php on line 65
[27-Feb-2025 23:31:25 UTC] PHP Warning:  Undefined array key "cedula4" in /home/soluctem/sistema.soluctem.com.co/api/submit.php on line 66
[27-Feb-2025 23:31:25 UTC] PHP Warning:  Undefined array key "horaEntrada4" in /home/soluctem/sistema.soluctem.com.co/api/submit.php on line 67
[27-Feb-2025 23:31:25 UTC] PHP Warning:  Undefined array key "horaSalida4" in /home/soluctem/sistema.soluctem.com.co/api/submit.php on line 68
[27-Feb-2025 23:31:25 UTC] PHP Warning:  Undefined array key "nombreFuncionario" in /home/soluctem/sistema.soluctem.com.co/api/submit.php on line 69
[27-Feb-2025 23:31:25 UTC] PHP Warning:  Undefined array key "cedulaFuncionario" in /home/soluctem/sistema.soluctem.com.co/api/submit.php on line 70
[27-Feb-2025 23:31:25 UTC] PHP Warning:  Undefined array key "cargoFuncionario" in /home/soluctem/sistema.soluctem.com.co/api/submit.php on line 71
[27-Feb-2025 23:31:25 UTC] PHP Warning:  Undefined array key "sapFuncionario" in /home/soluctem/sistema.soluctem.com.co/api/submit.php on line 72
[27-Feb-2025 23:31:25 UTC] PHP Warning:  Undefined array key "timestamp" in /home/soluctem/sistema.soluctem.com.co/api/submit.php on line 73
[27-Feb-2025 23:31:25 UTC] PHP Warning:  Undefined array key "asistenciaReparacion" in /home/soluctem/sistema.soluctem.com.co/api/submit.php on line 74
[27-Feb-2025 23:31:25 UTC] PHP Warning:  Undefined array key "asistenciaGarantia" in /home/soluctem/sistema.soluctem.com.co/api/submit.php on line 75
[27-Feb-2025 23:31:25 UTC] PHP Warning:  Undefined array key "asistenciaAjuste" in /home/soluctem/sistema.soluctem.com.co/api/submit.php on line 76
[27-Feb-2025 23:31:25 UTC] PHP Warning:  Undefined array key "asistenciaModificacion" in /home/soluctem/sistema.soluctem.com.co/api/submit.php on line 77
[27-Feb-2025 23:31:25 UTC] PHP Warning:  Undefined array key "asistenciaServicio" in /home/soluctem/sistema.soluctem.com.co/api/submit.php on line 78
[27-Feb-2025 23:31:25 UTC] PHP Warning:  Undefined array key "asistenciaMejora" in /home/soluctem/sistema.soluctem.com.co/api/submit.php on line 79
[27-Feb-2025 23:31:25 UTC] PHP Warning:  Undefined array key "asistenciaCombinacion" in /home/soluctem/sistema.soluctem.com.co/api/submit.php on line 80
[27-Feb-2025 23:31:25 UTC] PHP Warning:  Undefined array key "fallaOperacion" in /home/soluctem/sistema.soluctem.com.co/api/submit.php on line 81
[27-Feb-2025 23:31:25 UTC] PHP Warning:  Undefined array key "fallaMecanica" in /home/soluctem/sistema.soluctem.com.co/api/submit.php on line 82
[27-Feb-2025 23:31:25 UTC] PHP Warning:  Undefined array key "fallaElectrica" in /home/soluctem/sistema.soluctem.com.co/api/submit.php on line 83
[27-Feb-2025 23:31:25 UTC] PHP Warning:  Undefined array key "fallaTerceros" in /home/soluctem/sistema.soluctem.com.co/api/submit.php on line 84
[27-Feb-2025 23:31:25 UTC] PHP Warning:  Undefined array key "fallaFabricacion" in /home/soluctem/sistema.soluctem.com.co/api/submit.php on line 85
[27-Feb-2025 23:31:25 UTC] PHP Warning:  Undefined array key "firma_digital_cliente" in /home/soluctem/sistema.soluctem.com.co/api/submit.php on line 86
[27-Feb-2025 23:31:25 UTC] PHP Warning:  Undefined array key "firma_digital_tecnico" in /home/soluctem/sistema.soluctem.com.co/api/submit.php on line 87
[07-Mar-2025 22:43:07 UTC] PHP Warning:  Undefined array key "nombreSolicitante" in /home/soluctem/sistema.soluctem.com.co/api/submit.php on line 28
[07-Mar-2025 22:43:07 UTC] PHP Warning:  Undefined array key "cargo" in /home/soluctem/sistema.soluctem.com.co/api/submit.php on line 29
[07-Mar-2025 22:43:07 UTC] PHP Warning:  Undefined array key "nombreTienda" in /home/soluctem/sistema.soluctem.com.co/api/submit.php on line 30
[07-Mar-2025 22:43:07 UTC] PHP Warning:  Undefined array key "numeroTienda" in /home/soluctem/sistema.soluctem.com.co/api/submit.php on line 31
[07-Mar-2025 22:43:07 UTC] PHP Warning:  Undefined array key "numeroTicket" in /home/soluctem/sistema.soluctem.com.co/api/submit.php on line 32
[07-Mar-2025 22:43:07 UTC] PHP Warning:  Undefined array key "fecha" in /home/soluctem/sistema.soluctem.com.co/api/submit.php on line 33
[07-Mar-2025 22:43:07 UTC] PHP Warning:  Undefined array key "municipio" in /home/soluctem/sistema.soluctem.com.co/api/submit.php on line 34
[07-Mar-2025 22:43:07 UTC] PHP Warning:  Undefined array key "departamento" in /home/soluctem/sistema.soluctem.com.co/api/submit.php on line 35
[07-Mar-2025 22:43:07 UTC] PHP Warning:  Undefined array key "nombreEquipo" in /home/soluctem/sistema.soluctem.com.co/api/submit.php on line 36
[07-Mar-2025 22:43:07 UTC] PHP Warning:  Undefined array key "marca" in /home/soluctem/sistema.soluctem.com.co/api/submit.php on line 37
[07-Mar-2025 22:43:07 UTC] PHP Warning:  Undefined array key "serial" in /home/soluctem/sistema.soluctem.com.co/api/submit.php on line 38
[07-Mar-2025 22:43:07 UTC] PHP Warning:  Undefined array key "descripcionFalla" in /home/soluctem/sistema.soluctem.com.co/api/submit.php on line 39
[07-Mar-2025 22:43:07 UTC] PHP Warning:  Undefined array key "diagnosticoTecnico" in /home/soluctem/sistema.soluctem.com.co/api/submit.php on line 40
[07-Mar-2025 22:43:07 UTC] PHP Warning:  Undefined array key "repuestosCambiados" in /home/soluctem/sistema.soluctem.com.co/api/submit.php on line 41
[07-Mar-2025 22:43:07 UTC] PHP Warning:  Undefined array key "observaciones" in /home/soluctem/sistema.soluctem.com.co/api/submit.php on line 42
[07-Mar-2025 22:43:07 UTC] PHP Warning:  Undefined array key "seguridadRiesgoAccidentalidad" in /home/soluctem/sistema.soluctem.com.co/api/submit.php on line 43
[07-Mar-2025 22:43:07 UTC] PHP Warning:  Undefined array key "seguridadRiesgoEquipo" in /home/soluctem/sistema.soluctem.com.co/api/submit.php on line 44
[07-Mar-2025 22:43:07 UTC] PHP Warning:  Undefined array key "funcionamientoFallaSolucionada" in /home/soluctem/sistema.soluctem.com.co/api/submit.php on line 45
[07-Mar-2025 22:43:07 UTC] PHP Warning:  Undefined array key "funcionamientoPasosNormales" in /home/soluctem/sistema.soluctem.com.co/api/submit.php on line 46
[07-Mar-2025 22:43:07 UTC] PHP Warning:  Undefined array key "calidadTrabajo" in /home/soluctem/sistema.soluctem.com.co/api/submit.php on line 47
[07-Mar-2025 22:43:07 UTC] PHP Warning:  Undefined array key "limpiezaOrganizacionArmado" in /home/soluctem/sistema.soluctem.com.co/api/submit.php on line 48
[07-Mar-2025 22:43:07 UTC] PHP Warning:  Undefined array key "limpiezaOrganizacionAseado" in /home/soluctem/sistema.soluctem.com.co/api/submit.php on line 49
[07-Mar-2025 22:43:07 UTC] PHP Warning:  Undefined array key "capacitacionCausa" in /home/soluctem/sistema.soluctem.com.co/api/submit.php on line 50
[07-Mar-2025 22:43:07 UTC] PHP Warning:  Undefined array key "capacitacionPrevencion" in /home/soluctem/sistema.soluctem.com.co/api/submit.php on line 51
[07-Mar-2025 22:43:07 UTC] PHP Warning:  Undefined array key "capacitacionAccion" in /home/soluctem/sistema.soluctem.com.co/api/submit.php on line 52
[07-Mar-2025 22:43:07 UTC] PHP Warning:  Undefined array key "contratista1" in /home/soluctem/sistema.soluctem.com.co/api/submit.php on line 53
[07-Mar-2025 22:43:07 UTC] PHP Warning:  Undefined array key "cedula1" in /home/soluctem/sistema.soluctem.com.co/api/submit.php on line 54
[07-Mar-2025 22:43:07 UTC] PHP Warning:  Undefined array key "horaEntrada1" in /home/soluctem/sistema.soluctem.com.co/api/submit.php on line 55
[07-Mar-2025 22:43:07 UTC] PHP Warning:  Undefined array key "horaSalida1" in /home/soluctem/sistema.soluctem.com.co/api/submit.php on line 56
[07-Mar-2025 22:43:07 UTC] PHP Warning:  Undefined array key "contratista2" in /home/soluctem/sistema.soluctem.com.co/api/submit.php on line 57
[07-Mar-2025 22:43:07 UTC] PHP Warning:  Undefined array key "cedula2" in /home/soluctem/sistema.soluctem.com.co/api/submit.php on line 58
[07-Mar-2025 22:43:07 UTC] PHP Warning:  Undefined array key "horaEntrada2" in /home/soluctem/sistema.soluctem.com.co/api/submit.php on line 59
[07-Mar-2025 22:43:07 UTC] PHP Warning:  Undefined array key "horaSalida2" in /home/soluctem/sistema.soluctem.com.co/api/submit.php on line 60
[07-Mar-2025 22:43:07 UTC] PHP Warning:  Undefined array key "contratista3" in /home/soluctem/sistema.soluctem.com.co/api/submit.php on line 61
[07-Mar-2025 22:43:07 UTC] PHP Warning:  Undefined array key "cedula3" in /home/soluctem/sistema.soluctem.com.co/api/submit.php on line 62
[07-Mar-2025 22:43:07 UTC] PHP Warning:  Undefined array key "horaEntrada3" in /home/soluctem/sistema.soluctem.com.co/api/submit.php on line 63
[07-Mar-2025 22:43:07 UTC] PHP Warning:  Undefined array key "horaSalida3" in /home/soluctem/sistema.soluctem.com.co/api/submit.php on line 64
[07-Mar-2025 22:43:07 UTC] PHP Warning:  Undefined array key "contratista4" in /home/soluctem/sistema.soluctem.com.co/api/submit.php on line 65
[07-Mar-2025 22:43:07 UTC] PHP Warning:  Undefined array key "cedula4" in /home/soluctem/sistema.soluctem.com.co/api/submit.php on line 66
[07-Mar-2025 22:43:07 UTC] PHP Warning:  Undefined array key "horaEntrada4" in /home/soluctem/sistema.soluctem.com.co/api/submit.php on line 67
[07-Mar-2025 22:43:07 UTC] PHP Warning:  Undefined array key "horaSalida4" in /home/soluctem/sistema.soluctem.com.co/api/submit.php on line 68
[07-Mar-2025 22:43:07 UTC] PHP Warning:  Undefined array key "nombreFuncionario" in /home/soluctem/sistema.soluctem.com.co/api/submit.php on line 69
[07-Mar-2025 22:43:07 UTC] PHP Warning:  Undefined array key "cedulaFuncionario" in /home/soluctem/sistema.soluctem.com.co/api/submit.php on line 70
[07-Mar-2025 22:43:07 UTC] PHP Warning:  Undefined array key "cargoFuncionario" in /home/soluctem/sistema.soluctem.com.co/api/submit.php on line 71
[07-Mar-2025 22:43:07 UTC] PHP Warning:  Undefined array key "sapFuncionario" in /home/soluctem/sistema.soluctem.com.co/api/submit.php on line 72
[07-Mar-2025 22:43:07 UTC] PHP Warning:  Undefined array key "timestamp" in /home/soluctem/sistema.soluctem.com.co/api/submit.php on line 73
[07-Mar-2025 22:43:07 UTC] PHP Warning:  Undefined array key "asistenciaReparacion" in /home/soluctem/sistema.soluctem.com.co/api/submit.php on line 74
[07-Mar-2025 22:43:07 UTC] PHP Warning:  Undefined array key "asistenciaGarantia" in /home/soluctem/sistema.soluctem.com.co/api/submit.php on line 75
[07-Mar-2025 22:43:07 UTC] PHP Warning:  Undefined array key "asistenciaAjuste" in /home/soluctem/sistema.soluctem.com.co/api/submit.php on line 76
[07-Mar-2025 22:43:07 UTC] PHP Warning:  Undefined array key "asistenciaModificacion" in /home/soluctem/sistema.soluctem.com.co/api/submit.php on line 77
[07-Mar-2025 22:43:07 UTC] PHP Warning:  Undefined array key "asistenciaServicio" in /home/soluctem/sistema.soluctem.com.co/api/submit.php on line 78
[07-Mar-2025 22:43:07 UTC] PHP Warning:  Undefined array key "asistenciaMejora" in /home/soluctem/sistema.soluctem.com.co/api/submit.php on line 79
[07-Mar-2025 22:43:07 UTC] PHP Warning:  Undefined array key "asistenciaCombinacion" in /home/soluctem/sistema.soluctem.com.co/api/submit.php on line 80
[07-Mar-2025 22:43:07 UTC] PHP Warning:  Undefined array key "fallaOperacion" in /home/soluctem/sistema.soluctem.com.co/api/submit.php on line 81
[07-Mar-2025 22:43:07 UTC] PHP Warning:  Undefined array key "fallaMecanica" in /home/soluctem/sistema.soluctem.com.co/api/submit.php on line 82
[07-Mar-2025 22:43:07 UTC] PHP Warning:  Undefined array key "fallaElectrica" in /home/soluctem/sistema.soluctem.com.co/api/submit.php on line 83
[07-Mar-2025 22:43:07 UTC] PHP Warning:  Undefined array key "fallaTerceros" in /home/soluctem/sistema.soluctem.com.co/api/submit.php on line 84
[07-Mar-2025 22:43:07 UTC] PHP Warning:  Undefined array key "fallaFabricacion" in /home/soluctem/sistema.soluctem.com.co/api/submit.php on line 85
[07-Mar-2025 22:43:07 UTC] PHP Warning:  Undefined array key "firma_digital_cliente" in /home/soluctem/sistema.soluctem.com.co/api/submit.php on line 86
[07-Mar-2025 22:43:07 UTC] PHP Warning:  Undefined array key "firma_digital_tecnico" in /home/soluctem/sistema.soluctem.com.co/api/submit.php on line 87
[08-Mar-2025 14:46:38 UTC] PHP Warning:  Undefined array key "nombreSolicitante" in /home/soluctem/sistema.soluctem.com.co/api/submit.php on line 28
[08-Mar-2025 14:46:38 UTC] PHP Warning:  Undefined array key "cargo" in /home/soluctem/sistema.soluctem.com.co/api/submit.php on line 29
[08-Mar-2025 14:46:38 UTC] PHP Warning:  Undefined array key "nombreTienda" in /home/soluctem/sistema.soluctem.com.co/api/submit.php on line 30
[08-Mar-2025 14:46:38 UTC] PHP Warning:  Undefined array key "numeroTienda" in /home/soluctem/sistema.soluctem.com.co/api/submit.php on line 31
[08-Mar-2025 14:46:38 UTC] PHP Warning:  Undefined array key "numeroTicket" in /home/soluctem/sistema.soluctem.com.co/api/submit.php on line 32
[08-Mar-2025 14:46:38 UTC] PHP Warning:  Undefined array key "fecha" in /home/soluctem/sistema.soluctem.com.co/api/submit.php on line 33
[08-Mar-2025 14:46:38 UTC] PHP Warning:  Undefined array key "municipio" in /home/soluctem/sistema.soluctem.com.co/api/submit.php on line 34
[08-Mar-2025 14:46:38 UTC] PHP Warning:  Undefined array key "departamento" in /home/soluctem/sistema.soluctem.com.co/api/submit.php on line 35
[08-Mar-2025 14:46:38 UTC] PHP Warning:  Undefined array key "nombreEquipo" in /home/soluctem/sistema.soluctem.com.co/api/submit.php on line 36
[08-Mar-2025 14:46:38 UTC] PHP Warning:  Undefined array key "marca" in /home/soluctem/sistema.soluctem.com.co/api/submit.php on line 37
[08-Mar-2025 14:46:38 UTC] PHP Warning:  Undefined array key "serial" in /home/soluctem/sistema.soluctem.com.co/api/submit.php on line 38
[08-Mar-2025 14:46:38 UTC] PHP Warning:  Undefined array key "descripcionFalla" in /home/soluctem/sistema.soluctem.com.co/api/submit.php on line 39
[08-Mar-2025 14:46:38 UTC] PHP Warning:  Undefined array key "diagnosticoTecnico" in /home/soluctem/sistema.soluctem.com.co/api/submit.php on line 40
[08-Mar-2025 14:46:38 UTC] PHP Warning:  Undefined array key "repuestosCambiados" in /home/soluctem/sistema.soluctem.com.co/api/submit.php on line 41
[08-Mar-2025 14:46:38 UTC] PHP Warning:  Undefined array key "observaciones" in /home/soluctem/sistema.soluctem.com.co/api/submit.php on line 42
[08-Mar-2025 14:46:38 UTC] PHP Warning:  Undefined array key "seguridadRiesgoAccidentalidad" in /home/soluctem/sistema.soluctem.com.co/api/submit.php on line 43
[08-Mar-2025 14:46:38 UTC] PHP Warning:  Undefined array key "seguridadRiesgoEquipo" in /home/soluctem/sistema.soluctem.com.co/api/submit.php on line 44
[08-Mar-2025 14:46:38 UTC] PHP Warning:  Undefined array key "funcionamientoFallaSolucionada" in /home/soluctem/sistema.soluctem.com.co/api/submit.php on line 45
[08-Mar-2025 14:46:38 UTC] PHP Warning:  Undefined array key "funcionamientoPasosNormales" in /home/soluctem/sistema.soluctem.com.co/api/submit.php on line 46
[08-Mar-2025 14:46:38 UTC] PHP Warning:  Undefined array key "calidadTrabajo" in /home/soluctem/sistema.soluctem.com.co/api/submit.php on line 47
[08-Mar-2025 14:46:38 UTC] PHP Warning:  Undefined array key "limpiezaOrganizacionArmado" in /home/soluctem/sistema.soluctem.com.co/api/submit.php on line 48
[08-Mar-2025 14:46:38 UTC] PHP Warning:  Undefined array key "limpiezaOrganizacionAseado" in /home/soluctem/sistema.soluctem.com.co/api/submit.php on line 49
[08-Mar-2025 14:46:38 UTC] PHP Warning:  Undefined array key "capacitacionCausa" in /home/soluctem/sistema.soluctem.com.co/api/submit.php on line 50
[08-Mar-2025 14:46:38 UTC] PHP Warning:  Undefined array key "capacitacionPrevencion" in /home/soluctem/sistema.soluctem.com.co/api/submit.php on line 51
[08-Mar-2025 14:46:38 UTC] PHP Warning:  Undefined array key "capacitacionAccion" in /home/soluctem/sistema.soluctem.com.co/api/submit.php on line 52
[08-Mar-2025 14:46:38 UTC] PHP Warning:  Undefined array key "contratista1" in /home/soluctem/sistema.soluctem.com.co/api/submit.php on line 53
[08-Mar-2025 14:46:38 UTC] PHP Warning:  Undefined array key "cedula1" in /home/soluctem/sistema.soluctem.com.co/api/submit.php on line 54
[08-Mar-2025 14:46:38 UTC] PHP Warning:  Undefined array key "horaEntrada1" in /home/soluctem/sistema.soluctem.com.co/api/submit.php on line 55
[08-Mar-2025 14:46:38 UTC] PHP Warning:  Undefined array key "horaSalida1" in /home/soluctem/sistema.soluctem.com.co/api/submit.php on line 56
[08-Mar-2025 14:46:38 UTC] PHP Warning:  Undefined array key "contratista2" in /home/soluctem/sistema.soluctem.com.co/api/submit.php on line 57
[08-Mar-2025 14:46:38 UTC] PHP Warning:  Undefined array key "cedula2" in /home/soluctem/sistema.soluctem.com.co/api/submit.php on line 58
[08-Mar-2025 14:46:38 UTC] PHP Warning:  Undefined array key "horaEntrada2" in /home/soluctem/sistema.soluctem.com.co/api/submit.php on line 59
[08-Mar-2025 14:46:38 UTC] PHP Warning:  Undefined array key "horaSalida2" in /home/soluctem/sistema.soluctem.com.co/api/submit.php on line 60
[08-Mar-2025 14:46:38 UTC] PHP Warning:  Undefined array key "contratista3" in /home/soluctem/sistema.soluctem.com.co/api/submit.php on line 61
[08-Mar-2025 14:46:38 UTC] PHP Warning:  Undefined array key "cedula3" in /home/soluctem/sistema.soluctem.com.co/api/submit.php on line 62
[08-Mar-2025 14:46:38 UTC] PHP Warning:  Undefined array key "horaEntrada3" in /home/soluctem/sistema.soluctem.com.co/api/submit.php on line 63
[08-Mar-2025 14:46:38 UTC] PHP Warning:  Undefined array key "horaSalida3" in /home/soluctem/sistema.soluctem.com.co/api/submit.php on line 64
[08-Mar-2025 14:46:38 UTC] PHP Warning:  Undefined array key "contratista4" in /home/soluctem/sistema.soluctem.com.co/api/submit.php on line 65
[08-Mar-2025 14:46:38 UTC] PHP Warning:  Undefined array key "cedula4" in /home/soluctem/sistema.soluctem.com.co/api/submit.php on line 66
[08-Mar-2025 14:46:38 UTC] PHP Warning:  Undefined array key "horaEntrada4" in /home/soluctem/sistema.soluctem.com.co/api/submit.php on line 67
[08-Mar-2025 14:46:38 UTC] PHP Warning:  Undefined array key "horaSalida4" in /home/soluctem/sistema.soluctem.com.co/api/submit.php on line 68
[08-Mar-2025 14:46:38 UTC] PHP Warning:  Undefined array key "nombreFuncionario" in /home/soluctem/sistema.soluctem.com.co/api/submit.php on line 69
[08-Mar-2025 14:46:38 UTC] PHP Warning:  Undefined array key "cedulaFuncionario" in /home/soluctem/sistema.soluctem.com.co/api/submit.php on line 70
[08-Mar-2025 14:46:38 UTC] PHP Warning:  Undefined array key "cargoFuncionario" in /home/soluctem/sistema.soluctem.com.co/api/submit.php on line 71
[08-Mar-2025 14:46:38 UTC] PHP Warning:  Undefined array key "sapFuncionario" in /home/soluctem/sistema.soluctem.com.co/api/submit.php on line 72
[08-Mar-2025 14:46:38 UTC] PHP Warning:  Undefined array key "timestamp" in /home/soluctem/sistema.soluctem.com.co/api/submit.php on line 73
[08-Mar-2025 14:46:38 UTC] PHP Warning:  Undefined array key "asistenciaReparacion" in /home/soluctem/sistema.soluctem.com.co/api/submit.php on line 74
[08-Mar-2025 14:46:38 UTC] PHP Warning:  Undefined array key "asistenciaGarantia" in /home/soluctem/sistema.soluctem.com.co/api/submit.php on line 75
[08-Mar-2025 14:46:38 UTC] PHP Warning:  Undefined array key "asistenciaAjuste" in /home/soluctem/sistema.soluctem.com.co/api/submit.php on line 76
[08-Mar-2025 14:46:38 UTC] PHP Warning:  Undefined array key "asistenciaModificacion" in /home/soluctem/sistema.soluctem.com.co/api/submit.php on line 77
[08-Mar-2025 14:46:38 UTC] PHP Warning:  Undefined array key "asistenciaServicio" in /home/soluctem/sistema.soluctem.com.co/api/submit.php on line 78
[08-Mar-2025 14:46:38 UTC] PHP Warning:  Undefined array key "asistenciaMejora" in /home/soluctem/sistema.soluctem.com.co/api/submit.php on line 79
[08-Mar-2025 14:46:38 UTC] PHP Warning:  Undefined array key "asistenciaCombinacion" in /home/soluctem/sistema.soluctem.com.co/api/submit.php on line 80
[08-Mar-2025 14:46:38 UTC] PHP Warning:  Undefined array key "fallaOperacion" in /home/soluctem/sistema.soluctem.com.co/api/submit.php on line 81
[08-Mar-2025 14:46:38 UTC] PHP Warning:  Undefined array key "fallaMecanica" in /home/soluctem/sistema.soluctem.com.co/api/submit.php on line 82
[08-Mar-2025 14:46:38 UTC] PHP Warning:  Undefined array key "fallaElectrica" in /home/soluctem/sistema.soluctem.com.co/api/submit.php on line 83
[08-Mar-2025 14:46:38 UTC] PHP Warning:  Undefined array key "fallaTerceros" in /home/soluctem/sistema.soluctem.com.co/api/submit.php on line 84
[08-Mar-2025 14:46:38 UTC] PHP Warning:  Undefined array key "fallaFabricacion" in /home/soluctem/sistema.soluctem.com.co/api/submit.php on line 85
[08-Mar-2025 14:46:38 UTC] PHP Warning:  Undefined array key "firma_digital_cliente" in /home/soluctem/sistema.soluctem.com.co/api/submit.php on line 86
[08-Mar-2025 14:46:38 UTC] PHP Warning:  Undefined array key "firma_digital_tecnico" in /home/soluctem/sistema.soluctem.com.co/api/submit.php on line 87
[08-Mar-2025 15:18:37 UTC] PHP Warning:  Undefined array key "nombreSolicitante" in /home/soluctem/sistema.soluctem.com.co/api/submit.php on line 28
[08-Mar-2025 15:18:37 UTC] PHP Warning:  Undefined array key "cargo" in /home/soluctem/sistema.soluctem.com.co/api/submit.php on line 29
[08-Mar-2025 15:18:37 UTC] PHP Warning:  Undefined array key "nombreTienda" in /home/soluctem/sistema.soluctem.com.co/api/submit.php on line 30
[08-Mar-2025 15:18:37 UTC] PHP Warning:  Undefined array key "numeroTienda" in /home/soluctem/sistema.soluctem.com.co/api/submit.php on line 31
[08-Mar-2025 15:18:37 UTC] PHP Warning:  Undefined array key "numeroTicket" in /home/soluctem/sistema.soluctem.com.co/api/submit.php on line 32
[08-Mar-2025 15:18:37 UTC] PHP Warning:  Undefined array key "fecha" in /home/soluctem/sistema.soluctem.com.co/api/submit.php on line 33
[08-Mar-2025 15:18:37 UTC] PHP Warning:  Undefined array key "municipio" in /home/soluctem/sistema.soluctem.com.co/api/submit.php on line 34
[08-Mar-2025 15:18:37 UTC] PHP Warning:  Undefined array key "departamento" in /home/soluctem/sistema.soluctem.com.co/api/submit.php on line 35
[08-Mar-2025 15:18:37 UTC] PHP Warning:  Undefined array key "nombreEquipo" in /home/soluctem/sistema.soluctem.com.co/api/submit.php on line 36
[08-Mar-2025 15:18:37 UTC] PHP Warning:  Undefined array key "marca" in /home/soluctem/sistema.soluctem.com.co/api/submit.php on line 37
[08-Mar-2025 15:18:37 UTC] PHP Warning:  Undefined array key "serial" in /home/soluctem/sistema.soluctem.com.co/api/submit.php on line 38
[08-Mar-2025 15:18:37 UTC] PHP Warning:  Undefined array key "descripcionFalla" in /home/soluctem/sistema.soluctem.com.co/api/submit.php on line 39
[08-Mar-2025 15:18:37 UTC] PHP Warning:  Undefined array key "diagnosticoTecnico" in /home/soluctem/sistema.soluctem.com.co/api/submit.php on line 40
[08-Mar-2025 15:18:37 UTC] PHP Warning:  Undefined array key "repuestosCambiados" in /home/soluctem/sistema.soluctem.com.co/api/submit.php on line 41
[08-Mar-2025 15:18:37 UTC] PHP Warning:  Undefined array key "observaciones" in /home/soluctem/sistema.soluctem.com.co/api/submit.php on line 42
[08-Mar-2025 15:18:37 UTC] PHP Warning:  Undefined array key "seguridadRiesgoAccidentalidad" in /home/soluctem/sistema.soluctem.com.co/api/submit.php on line 43
[08-Mar-2025 15:18:37 UTC] PHP Warning:  Undefined array key "seguridadRiesgoEquipo" in /home/soluctem/sistema.soluctem.com.co/api/submit.php on line 44
[08-Mar-2025 15:18:37 UTC] PHP Warning:  Undefined array key "funcionamientoFallaSolucionada" in /home/soluctem/sistema.soluctem.com.co/api/submit.php on line 45
[08-Mar-2025 15:18:37 UTC] PHP Warning:  Undefined array key "funcionamientoPasosNormales" in /home/soluctem/sistema.soluctem.com.co/api/submit.php on line 46
[08-Mar-2025 15:18:37 UTC] PHP Warning:  Undefined array key "calidadTrabajo" in /home/soluctem/sistema.soluctem.com.co/api/submit.php on line 47
[08-Mar-2025 15:18:37 UTC] PHP Warning:  Undefined array key "limpiezaOrganizacionArmado" in /home/soluctem/sistema.soluctem.com.co/api/submit.php on line 48
[08-Mar-2025 15:18:37 UTC] PHP Warning:  Undefined array key "limpiezaOrganizacionAseado" in /home/soluctem/sistema.soluctem.com.co/api/submit.php on line 49
[08-Mar-2025 15:18:37 UTC] PHP Warning:  Undefined array key "capacitacionCausa" in /home/soluctem/sistema.soluctem.com.co/api/submit.php on line 50
[08-Mar-2025 15:18:37 UTC] PHP Warning:  Undefined array key "capacitacionPrevencion" in /home/soluctem/sistema.soluctem.com.co/api/submit.php on line 51
[08-Mar-2025 15:18:37 UTC] PHP Warning:  Undefined array key "capacitacionAccion" in /home/soluctem/sistema.soluctem.com.co/api/submit.php on line 52
[08-Mar-2025 15:18:37 UTC] PHP Warning:  Undefined array key "contratista1" in /home/soluctem/sistema.soluctem.com.co/api/submit.php on line 53
[08-Mar-2025 15:18:37 UTC] PHP Warning:  Undefined array key "cedula1" in /home/soluctem/sistema.soluctem.com.co/api/submit.php on line 54
[08-Mar-2025 15:18:37 UTC] PHP Warning:  Undefined array key "horaEntrada1" in /home/soluctem/sistema.soluctem.com.co/api/submit.php on line 55
[08-Mar-2025 15:18:37 UTC] PHP Warning:  Undefined array key "horaSalida1" in /home/soluctem/sistema.soluctem.com.co/api/submit.php on line 56
[08-Mar-2025 15:18:37 UTC] PHP Warning:  Undefined array key "contratista2" in /home/soluctem/sistema.soluctem.com.co/api/submit.php on line 57
[08-Mar-2025 15:18:37 UTC] PHP Warning:  Undefined array key "cedula2" in /home/soluctem/sistema.soluctem.com.co/api/submit.php on line 58
[08-Mar-2025 15:18:37 UTC] PHP Warning:  Undefined array key "horaEntrada2" in /home/soluctem/sistema.soluctem.com.co/api/submit.php on line 59
[08-Mar-2025 15:18:37 UTC] PHP Warning:  Undefined array key "horaSalida2" in /home/soluctem/sistema.soluctem.com.co/api/submit.php on line 60
[08-Mar-2025 15:18:37 UTC] PHP Warning:  Undefined array key "contratista3" in /home/soluctem/sistema.soluctem.com.co/api/submit.php on line 61
[08-Mar-2025 15:18:37 UTC] PHP Warning:  Undefined array key "cedula3" in /home/soluctem/sistema.soluctem.com.co/api/submit.php on line 62
[08-Mar-2025 15:18:37 UTC] PHP Warning:  Undefined array key "horaEntrada3" in /home/soluctem/sistema.soluctem.com.co/api/submit.php on line 63
[08-Mar-2025 15:18:37 UTC] PHP Warning:  Undefined array key "horaSalida3" in /home/soluctem/sistema.soluctem.com.co/api/submit.php on line 64
[08-Mar-2025 15:18:37 UTC] PHP Warning:  Undefined array key "contratista4" in /home/soluctem/sistema.soluctem.com.co/api/submit.php on line 65
[08-Mar-2025 15:18:37 UTC] PHP Warning:  Undefined array key "cedula4" in /home/soluctem/sistema.soluctem.com.co/api/submit.php on line 66
[08-Mar-2025 15:18:37 UTC] PHP Warning:  Undefined array key "horaEntrada4" in /home/soluctem/sistema.soluctem.com.co/api/submit.php on line 67
[08-Mar-2025 15:18:37 UTC] PHP Warning:  Undefined array key "horaSalida4" in /home/soluctem/sistema.soluctem.com.co/api/submit.php on line 68
[08-Mar-2025 15:18:37 UTC] PHP Warning:  Undefined array key "nombreFuncionario" in /home/soluctem/sistema.soluctem.com.co/api/submit.php on line 69
[08-Mar-2025 15:18:37 UTC] PHP Warning:  Undefined array key "cedulaFuncionario" in /home/soluctem/sistema.soluctem.com.co/api/submit.php on line 70
[08-Mar-2025 15:18:37 UTC] PHP Warning:  Undefined array key "cargoFuncionario" in /home/soluctem/sistema.soluctem.com.co/api/submit.php on line 71
[08-Mar-2025 15:18:37 UTC] PHP Warning:  Undefined array key "sapFuncionario" in /home/soluctem/sistema.soluctem.com.co/api/submit.php on line 72
[08-Mar-2025 15:18:37 UTC] PHP Warning:  Undefined array key "timestamp" in /home/soluctem/sistema.soluctem.com.co/api/submit.php on line 73
[08-Mar-2025 15:18:37 UTC] PHP Warning:  Undefined array key "asistenciaReparacion" in /home/soluctem/sistema.soluctem.com.co/api/submit.php on line 74
[08-Mar-2025 15:18:37 UTC] PHP Warning:  Undefined array key "asistenciaGarantia" in /home/soluctem/sistema.soluctem.com.co/api/submit.php on line 75
[08-Mar-2025 15:18:37 UTC] PHP Warning:  Undefined array key "asistenciaAjuste" in /home/soluctem/sistema.soluctem.com.co/api/submit.php on line 76
[08-Mar-2025 15:18:37 UTC] PHP Warning:  Undefined array key "asistenciaModificacion" in /home/soluctem/sistema.soluctem.com.co/api/submit.php on line 77
[08-Mar-2025 15:18:37 UTC] PHP Warning:  Undefined array key "asistenciaServicio" in /home/soluctem/sistema.soluctem.com.co/api/submit.php on line 78
[08-Mar-2025 15:18:37 UTC] PHP Warning:  Undefined array key "asistenciaMejora" in /home/soluctem/sistema.soluctem.com.co/api/submit.php on line 79
[08-Mar-2025 15:18:37 UTC] PHP Warning:  Undefined array key "asistenciaCombinacion" in /home/soluctem/sistema.soluctem.com.co/api/submit.php on line 80
[08-Mar-2025 15:18:37 UTC] PHP Warning:  Undefined array key "fallaOperacion" in /home/soluctem/sistema.soluctem.com.co/api/submit.php on line 81
[08-Mar-2025 15:18:37 UTC] PHP Warning:  Undefined array key "fallaMecanica" in /home/soluctem/sistema.soluctem.com.co/api/submit.php on line 82
[08-Mar-2025 15:18:37 UTC] PHP Warning:  Undefined array key "fallaElectrica" in /home/soluctem/sistema.soluctem.com.co/api/submit.php on line 83
[08-Mar-2025 15:18:37 UTC] PHP Warning:  Undefined array key "fallaTerceros" in /home/soluctem/sistema.soluctem.com.co/api/submit.php on line 84
[08-Mar-2025 15:18:37 UTC] PHP Warning:  Undefined array key "fallaFabricacion" in /home/soluctem/sistema.soluctem.com.co/api/submit.php on line 85
[08-Mar-2025 15:18:37 UTC] PHP Warning:  Undefined array key "firma_digital_cliente" in /home/soluctem/sistema.soluctem.com.co/api/submit.php on line 86
[08-Mar-2025 15:18:37 UTC] PHP Warning:  Undefined array key "firma_digital_tecnico" in /home/soluctem/sistema.soluctem.com.co/api/submit.php on line 87
[08-Mar-2025 15:25:55 UTC] PHP Warning:  Undefined array key "nombreSolicitante" in /home/soluctem/sistema.soluctem.com.co/api/submit.php on line 28
[08-Mar-2025 15:25:55 UTC] PHP Warning:  Undefined array key "cargo" in /home/soluctem/sistema.soluctem.com.co/api/submit.php on line 29
[08-Mar-2025 15:25:55 UTC] PHP Warning:  Undefined array key "nombreTienda" in /home/soluctem/sistema.soluctem.com.co/api/submit.php on line 30
[08-Mar-2025 15:25:55 UTC] PHP Warning:  Undefined array key "numeroTienda" in /home/soluctem/sistema.soluctem.com.co/api/submit.php on line 31
[08-Mar-2025 15:25:55 UTC] PHP Warning:  Undefined array key "numeroTicket" in /home/soluctem/sistema.soluctem.com.co/api/submit.php on line 32
[08-Mar-2025 15:25:55 UTC] PHP Warning:  Undefined array key "fecha" in /home/soluctem/sistema.soluctem.com.co/api/submit.php on line 33
[08-Mar-2025 15:25:55 UTC] PHP Warning:  Undefined array key "municipio" in /home/soluctem/sistema.soluctem.com.co/api/submit.php on line 34
[08-Mar-2025 15:25:55 UTC] PHP Warning:  Undefined array key "departamento" in /home/soluctem/sistema.soluctem.com.co/api/submit.php on line 35
[08-Mar-2025 15:25:55 UTC] PHP Warning:  Undefined array key "nombreEquipo" in /home/soluctem/sistema.soluctem.com.co/api/submit.php on line 36
[08-Mar-2025 15:25:55 UTC] PHP Warning:  Undefined array key "marca" in /home/soluctem/sistema.soluctem.com.co/api/submit.php on line 37
[08-Mar-2025 15:25:55 UTC] PHP Warning:  Undefined array key "serial" in /home/soluctem/sistema.soluctem.com.co/api/submit.php on line 38
[08-Mar-2025 15:25:55 UTC] PHP Warning:  Undefined array key "descripcionFalla" in /home/soluctem/sistema.soluctem.com.co/api/submit.php on line 39
[08-Mar-2025 15:25:55 UTC] PHP Warning:  Undefined array key "diagnosticoTecnico" in /home/soluctem/sistema.soluctem.com.co/api/submit.php on line 40
[08-Mar-2025 15:25:55 UTC] PHP Warning:  Undefined array key "repuestosCambiados" in /home/soluctem/sistema.soluctem.com.co/api/submit.php on line 41
[08-Mar-2025 15:25:55 UTC] PHP Warning:  Undefined array key "observaciones" in /home/soluctem/sistema.soluctem.com.co/api/submit.php on line 42
[08-Mar-2025 15:25:55 UTC] PHP Warning:  Undefined array key "seguridadRiesgoAccidentalidad" in /home/soluctem/sistema.soluctem.com.co/api/submit.php on line 43
[08-Mar-2025 15:25:55 UTC] PHP Warning:  Undefined array key "seguridadRiesgoEquipo" in /home/soluctem/sistema.soluctem.com.co/api/submit.php on line 44
[08-Mar-2025 15:25:55 UTC] PHP Warning:  Undefined array key "funcionamientoFallaSolucionada" in /home/soluctem/sistema.soluctem.com.co/api/submit.php on line 45
[08-Mar-2025 15:25:55 UTC] PHP Warning:  Undefined array key "funcionamientoPasosNormales" in /home/soluctem/sistema.soluctem.com.co/api/submit.php on line 46
[08-Mar-2025 15:25:55 UTC] PHP Warning:  Undefined array key "calidadTrabajo" in /home/soluctem/sistema.soluctem.com.co/api/submit.php on line 47
[08-Mar-2025 15:25:55 UTC] PHP Warning:  Undefined array key "limpiezaOrganizacionArmado" in /home/soluctem/sistema.soluctem.com.co/api/submit.php on line 48
[08-Mar-2025 15:25:55 UTC] PHP Warning:  Undefined array key "limpiezaOrganizacionAseado" in /home/soluctem/sistema.soluctem.com.co/api/submit.php on line 49
[08-Mar-2025 15:25:55 UTC] PHP Warning:  Undefined array key "capacitacionCausa" in /home/soluctem/sistema.soluctem.com.co/api/submit.php on line 50
[08-Mar-2025 15:25:55 UTC] PHP Warning:  Undefined array key "capacitacionPrevencion" in /home/soluctem/sistema.soluctem.com.co/api/submit.php on line 51
[08-Mar-2025 15:25:55 UTC] PHP Warning:  Undefined array key "capacitacionAccion" in /home/soluctem/sistema.soluctem.com.co/api/submit.php on line 52
[08-Mar-2025 15:25:55 UTC] PHP Warning:  Undefined array key "contratista1" in /home/soluctem/sistema.soluctem.com.co/api/submit.php on line 53
[08-Mar-2025 15:25:55 UTC] PHP Warning:  Undefined array key "cedula1" in /home/soluctem/sistema.soluctem.com.co/api/submit.php on line 54
[08-Mar-2025 15:25:55 UTC] PHP Warning:  Undefined array key "horaEntrada1" in /home/soluctem/sistema.soluctem.com.co/api/submit.php on line 55
[08-Mar-2025 15:25:55 UTC] PHP Warning:  Undefined array key "horaSalida1" in /home/soluctem/sistema.soluctem.com.co/api/submit.php on line 56
[08-Mar-2025 15:25:55 UTC] PHP Warning:  Undefined array key "contratista2" in /home/soluctem/sistema.soluctem.com.co/api/submit.php on line 57
[08-Mar-2025 15:25:55 UTC] PHP Warning:  Undefined array key "cedula2" in /home/soluctem/sistema.soluctem.com.co/api/submit.php on line 58
[08-Mar-2025 15:25:55 UTC] PHP Warning:  Undefined array key "horaEntrada2" in /home/soluctem/sistema.soluctem.com.co/api/submit.php on line 59
[08-Mar-2025 15:25:55 UTC] PHP Warning:  Undefined array key "horaSalida2" in /home/soluctem/sistema.soluctem.com.co/api/submit.php on line 60
[08-Mar-2025 15:25:55 UTC] PHP Warning:  Undefined array key "contratista3" in /home/soluctem/sistema.soluctem.com.co/api/submit.php on line 61
[08-Mar-2025 15:25:55 UTC] PHP Warning:  Undefined array key "cedula3" in /home/soluctem/sistema.soluctem.com.co/api/submit.php on line 62
[08-Mar-2025 15:25:55 UTC] PHP Warning:  Undefined array key "horaEntrada3" in /home/soluctem/sistema.soluctem.com.co/api/submit.php on line 63
[08-Mar-2025 15:25:55 UTC] PHP Warning:  Undefined array key "horaSalida3" in /home/soluctem/sistema.soluctem.com.co/api/submit.php on line 64
[08-Mar-2025 15:25:55 UTC] PHP Warning:  Undefined array key "contratista4" in /home/soluctem/sistema.soluctem.com.co/api/submit.php on line 65
[08-Mar-2025 15:25:55 UTC] PHP Warning:  Undefined array key "cedula4" in /home/soluctem/sistema.soluctem.com.co/api/submit.php on line 66
[08-Mar-2025 15:25:55 UTC] PHP Warning:  Undefined array key "horaEntrada4" in /home/soluctem/sistema.soluctem.com.co/api/submit.php on line 67
[08-Mar-2025 15:25:55 UTC] PHP Warning:  Undefined array key "horaSalida4" in /home/soluctem/sistema.soluctem.com.co/api/submit.php on line 68
[08-Mar-2025 15:25:55 UTC] PHP Warning:  Undefined array key "nombreFuncionario" in /home/soluctem/sistema.soluctem.com.co/api/submit.php on line 69
[08-Mar-2025 15:25:55 UTC] PHP Warning:  Undefined array key "cedulaFuncionario" in /home/soluctem/sistema.soluctem.com.co/api/submit.php on line 70
[08-Mar-2025 15:25:55 UTC] PHP Warning:  Undefined array key "cargoFuncionario" in /home/soluctem/sistema.soluctem.com.co/api/submit.php on line 71
[08-Mar-2025 15:25:55 UTC] PHP Warning:  Undefined array key "sapFuncionario" in /home/soluctem/sistema.soluctem.com.co/api/submit.php on line 72
[08-Mar-2025 15:25:55 UTC] PHP Warning:  Undefined array key "timestamp" in /home/soluctem/sistema.soluctem.com.co/api/submit.php on line 73
[08-Mar-2025 15:25:55 UTC] PHP Warning:  Undefined array key "asistenciaReparacion" in /home/soluctem/sistema.soluctem.com.co/api/submit.php on line 74
[08-Mar-2025 15:25:55 UTC] PHP Warning:  Undefined array key "asistenciaGarantia" in /home/soluctem/sistema.soluctem.com.co/api/submit.php on line 75
[08-Mar-2025 15:25:55 UTC] PHP Warning:  Undefined array key "asistenciaAjuste" in /home/soluctem/sistema.soluctem.com.co/api/submit.php on line 76
[08-Mar-2025 15:25:55 UTC] PHP Warning:  Undefined array key "asistenciaModificacion" in /home/soluctem/sistema.soluctem.com.co/api/submit.php on line 77
[08-Mar-2025 15:25:55 UTC] PHP Warning:  Undefined array key "asistenciaServicio" in /home/soluctem/sistema.soluctem.com.co/api/submit.php on line 78
[08-Mar-2025 15:25:55 UTC] PHP Warning:  Undefined array key "asistenciaMejora" in /home/soluctem/sistema.soluctem.com.co/api/submit.php on line 79
[08-Mar-2025 15:25:55 UTC] PHP Warning:  Undefined array key "asistenciaCombinacion" in /home/soluctem/sistema.soluctem.com.co/api/submit.php on line 80
[08-Mar-2025 15:25:55 UTC] PHP Warning:  Undefined array key "fallaOperacion" in /home/soluctem/sistema.soluctem.com.co/api/submit.php on line 81
[08-Mar-2025 15:25:55 UTC] PHP Warning:  Undefined array key "fallaMecanica" in /home/soluctem/sistema.soluctem.com.co/api/submit.php on line 82
[08-Mar-2025 15:25:55 UTC] PHP Warning:  Undefined array key "fallaElectrica" in /home/soluctem/sistema.soluctem.com.co/api/submit.php on line 83
[08-Mar-2025 15:25:55 UTC] PHP Warning:  Undefined array key "fallaTerceros" in /home/soluctem/sistema.soluctem.com.co/api/submit.php on line 84
[08-Mar-2025 15:25:55 UTC] PHP Warning:  Undefined array key "fallaFabricacion" in /home/soluctem/sistema.soluctem.com.co/api/submit.php on line 85
[08-Mar-2025 15:25:55 UTC] PHP Warning:  Undefined array key "firma_digital_cliente" in /home/soluctem/sistema.soluctem.com.co/api/submit.php on line 86
[08-Mar-2025 15:25:55 UTC] PHP Warning:  Undefined array key "firma_digital_tecnico" in /home/soluctem/sistema.soluctem.com.co/api/submit.php on line 87
[08-Mar-2025 15:30:53 UTC] PHP Warning:  Undefined array key "nombreSolicitante" in /home/soluctem/sistema.soluctem.com.co/api/submit.php on line 28
[08-Mar-2025 15:30:53 UTC] PHP Warning:  Undefined array key "cargo" in /home/soluctem/sistema.soluctem.com.co/api/submit.php on line 29
[08-Mar-2025 15:30:53 UTC] PHP Warning:  Undefined array key "nombreTienda" in /home/soluctem/sistema.soluctem.com.co/api/submit.php on line 30
[08-Mar-2025 15:30:53 UTC] PHP Warning:  Undefined array key "numeroTienda" in /home/soluctem/sistema.soluctem.com.co/api/submit.php on line 31
[08-Mar-2025 15:30:53 UTC] PHP Warning:  Undefined array key "numeroTicket" in /home/soluctem/sistema.soluctem.com.co/api/submit.php on line 32
[08-Mar-2025 15:30:53 UTC] PHP Warning:  Undefined array key "fecha" in /home/soluctem/sistema.soluctem.com.co/api/submit.php on line 33
[08-Mar-2025 15:30:53 UTC] PHP Warning:  Undefined array key "municipio" in /home/soluctem/sistema.soluctem.com.co/api/submit.php on line 34
[08-Mar-2025 15:30:53 UTC] PHP Warning:  Undefined array key "departamento" in /home/soluctem/sistema.soluctem.com.co/api/submit.php on line 35
[08-Mar-2025 15:30:53 UTC] PHP Warning:  Undefined array key "nombreEquipo" in /home/soluctem/sistema.soluctem.com.co/api/submit.php on line 36
[08-Mar-2025 15:30:53 UTC] PHP Warning:  Undefined array key "marca" in /home/soluctem/sistema.soluctem.com.co/api/submit.php on line 37
[08-Mar-2025 15:30:53 UTC] PHP Warning:  Undefined array key "serial" in /home/soluctem/sistema.soluctem.com.co/api/submit.php on line 38
[08-Mar-2025 15:30:53 UTC] PHP Warning:  Undefined array key "descripcionFalla" in /home/soluctem/sistema.soluctem.com.co/api/submit.php on line 39
[08-Mar-2025 15:30:53 UTC] PHP Warning:  Undefined array key "diagnosticoTecnico" in /home/soluctem/sistema.soluctem.com.co/api/submit.php on line 40
[08-Mar-2025 15:30:53 UTC] PHP Warning:  Undefined array key "repuestosCambiados" in /home/soluctem/sistema.soluctem.com.co/api/submit.php on line 41
[08-Mar-2025 15:30:53 UTC] PHP Warning:  Undefined array key "observaciones" in /home/soluctem/sistema.soluctem.com.co/api/submit.php on line 42
[08-Mar-2025 15:30:53 UTC] PHP Warning:  Undefined array key "seguridadRiesgoAccidentalidad" in /home/soluctem/sistema.soluctem.com.co/api/submit.php on line 43
[08-Mar-2025 15:30:53 UTC] PHP Warning:  Undefined array key "seguridadRiesgoEquipo" in /home/soluctem/sistema.soluctem.com.co/api/submit.php on line 44
[08-Mar-2025 15:30:53 UTC] PHP Warning:  Undefined array key "funcionamientoFallaSolucionada" in /home/soluctem/sistema.soluctem.com.co/api/submit.php on line 45
[08-Mar-2025 15:30:53 UTC] PHP Warning:  Undefined array key "funcionamientoPasosNormales" in /home/soluctem/sistema.soluctem.com.co/api/submit.php on line 46
[08-Mar-2025 15:30:53 UTC] PHP Warning:  Undefined array key "calidadTrabajo" in /home/soluctem/sistema.soluctem.com.co/api/submit.php on line 47
[08-Mar-2025 15:30:53 UTC] PHP Warning:  Undefined array key "limpiezaOrganizacionArmado" in /home/soluctem/sistema.soluctem.com.co/api/submit.php on line 48
[08-Mar-2025 15:30:53 UTC] PHP Warning:  Undefined array key "limpiezaOrganizacionAseado" in /home/soluctem/sistema.soluctem.com.co/api/submit.php on line 49
[08-Mar-2025 15:30:53 UTC] PHP Warning:  Undefined array key "capacitacionCausa" in /home/soluctem/sistema.soluctem.com.co/api/submit.php on line 50
[08-Mar-2025 15:30:53 UTC] PHP Warning:  Undefined array key "capacitacionPrevencion" in /home/soluctem/sistema.soluctem.com.co/api/submit.php on line 51
[08-Mar-2025 15:30:53 UTC] PHP Warning:  Undefined array key "capacitacionAccion" in /home/soluctem/sistema.soluctem.com.co/api/submit.php on line 52
[08-Mar-2025 15:30:53 UTC] PHP Warning:  Undefined array key "contratista1" in /home/soluctem/sistema.soluctem.com.co/api/submit.php on line 53
[08-Mar-2025 15:30:53 UTC] PHP Warning:  Undefined array key "cedula1" in /home/soluctem/sistema.soluctem.com.co/api/submit.php on line 54
[08-Mar-2025 15:30:53 UTC] PHP Warning:  Undefined array key "horaEntrada1" in /home/soluctem/sistema.soluctem.com.co/api/submit.php on line 55
[08-Mar-2025 15:30:53 UTC] PHP Warning:  Undefined array key "horaSalida1" in /home/soluctem/sistema.soluctem.com.co/api/submit.php on line 56
[08-Mar-2025 15:30:53 UTC] PHP Warning:  Undefined array key "contratista2" in /home/soluctem/sistema.soluctem.com.co/api/submit.php on line 57
[08-Mar-2025 15:30:53 UTC] PHP Warning:  Undefined array key "cedula2" in /home/soluctem/sistema.soluctem.com.co/api/submit.php on line 58
[08-Mar-2025 15:30:53 UTC] PHP Warning:  Undefined array key "horaEntrada2" in /home/soluctem/sistema.soluctem.com.co/api/submit.php on line 59
[08-Mar-2025 15:30:53 UTC] PHP Warning:  Undefined array key "horaSalida2" in /home/soluctem/sistema.soluctem.com.co/api/submit.php on line 60
[08-Mar-2025 15:30:53 UTC] PHP Warning:  Undefined array key "contratista3" in /home/soluctem/sistema.soluctem.com.co/api/submit.php on line 61
[08-Mar-2025 15:30:53 UTC] PHP Warning:  Undefined array key "cedula3" in /home/soluctem/sistema.soluctem.com.co/api/submit.php on line 62
[08-Mar-2025 15:30:53 UTC] PHP Warning:  Undefined array key "horaEntrada3" in /home/soluctem/sistema.soluctem.com.co/api/submit.php on line 63
[08-Mar-2025 15:30:53 UTC] PHP Warning:  Undefined array key "horaSalida3" in /home/soluctem/sistema.soluctem.com.co/api/submit.php on line 64
[08-Mar-2025 15:30:53 UTC] PHP Warning:  Undefined array key "contratista4" in /home/soluctem/sistema.soluctem.com.co/api/submit.php on line 65
[08-Mar-2025 15:30:53 UTC] PHP Warning:  Undefined array key "cedula4" in /home/soluctem/sistema.soluctem.com.co/api/submit.php on line 66
[08-Mar-2025 15:30:53 UTC] PHP Warning:  Undefined array key "horaEntrada4" in /home/soluctem/sistema.soluctem.com.co/api/submit.php on line 67
[08-Mar-2025 15:30:53 UTC] PHP Warning:  Undefined array key "horaSalida4" in /home/soluctem/sistema.soluctem.com.co/api/submit.php on line 68
[08-Mar-2025 15:30:53 UTC] PHP Warning:  Undefined array key "nombreFuncionario" in /home/soluctem/sistema.soluctem.com.co/api/submit.php on line 69
[08-Mar-2025 15:30:53 UTC] PHP Warning:  Undefined array key "cedulaFuncionario" in /home/soluctem/sistema.soluctem.com.co/api/submit.php on line 70
[08-Mar-2025 15:30:53 UTC] PHP Warning:  Undefined array key "cargoFuncionario" in /home/soluctem/sistema.soluctem.com.co/api/submit.php on line 71
[08-Mar-2025 15:30:53 UTC] PHP Warning:  Undefined array key "sapFuncionario" in /home/soluctem/sistema.soluctem.com.co/api/submit.php on line 72
[08-Mar-2025 15:30:53 UTC] PHP Warning:  Undefined array key "timestamp" in /home/soluctem/sistema.soluctem.com.co/api/submit.php on line 73
[08-Mar-2025 15:30:53 UTC] PHP Warning:  Undefined array key "asistenciaReparacion" in /home/soluctem/sistema.soluctem.com.co/api/submit.php on line 74
[08-Mar-2025 15:30:53 UTC] PHP Warning:  Undefined array key "asistenciaGarantia" in /home/soluctem/sistema.soluctem.com.co/api/submit.php on line 75
[08-Mar-2025 15:30:53 UTC] PHP Warning:  Undefined array key "asistenciaAjuste" in /home/soluctem/sistema.soluctem.com.co/api/submit.php on line 76
[08-Mar-2025 15:30:53 UTC] PHP Warning:  Undefined array key "asistenciaModificacion" in /home/soluctem/sistema.soluctem.com.co/api/submit.php on line 77
[08-Mar-2025 15:30:53 UTC] PHP Warning:  Undefined array key "asistenciaServicio" in /home/soluctem/sistema.soluctem.com.co/api/submit.php on line 78
[08-Mar-2025 15:30:53 UTC] PHP Warning:  Undefined array key "asistenciaMejora" in /home/soluctem/sistema.soluctem.com.co/api/submit.php on line 79
[08-Mar-2025 15:30:53 UTC] PHP Warning:  Undefined array key "asistenciaCombinacion" in /home/soluctem/sistema.soluctem.com.co/api/submit.php on line 80
[08-Mar-2025 15:30:53 UTC] PHP Warning:  Undefined array key "fallaOperacion" in /home/soluctem/sistema.soluctem.com.co/api/submit.php on line 81
[08-Mar-2025 15:30:53 UTC] PHP Warning:  Undefined array key "fallaMecanica" in /home/soluctem/sistema.soluctem.com.co/api/submit.php on line 82
[08-Mar-2025 15:30:53 UTC] PHP Warning:  Undefined array key "fallaElectrica" in /home/soluctem/sistema.soluctem.com.co/api/submit.php on line 83
[08-Mar-2025 15:30:53 UTC] PHP Warning:  Undefined array key "fallaTerceros" in /home/soluctem/sistema.soluctem.com.co/api/submit.php on line 84
[08-Mar-2025 15:30:53 UTC] PHP Warning:  Undefined array key "fallaFabricacion" in /home/soluctem/sistema.soluctem.com.co/api/submit.php on line 85
[08-Mar-2025 15:30:53 UTC] PHP Warning:  Undefined array key "firma_digital_cliente" in /home/soluctem/sistema.soluctem.com.co/api/submit.php on line 86
[08-Mar-2025 15:30:53 UTC] PHP Warning:  Undefined array key "firma_digital_tecnico" in /home/soluctem/sistema.soluctem.com.co/api/submit.php on line 87
[08-Mar-2025 15:45:16 UTC] PHP Warning:  Undefined array key "nombreSolicitante" in /home/soluctem/sistema.soluctem.com.co/api/submit.php on line 28
[08-Mar-2025 15:45:16 UTC] PHP Warning:  Undefined array key "cargo" in /home/soluctem/sistema.soluctem.com.co/api/submit.php on line 29
[08-Mar-2025 15:45:16 UTC] PHP Warning:  Undefined array key "nombreTienda" in /home/soluctem/sistema.soluctem.com.co/api/submit.php on line 30
[08-Mar-2025 15:45:16 UTC] PHP Warning:  Undefined array key "numeroTienda" in /home/soluctem/sistema.soluctem.com.co/api/submit.php on line 31
[08-Mar-2025 15:45:16 UTC] PHP Warning:  Undefined array key "numeroTicket" in /home/soluctem/sistema.soluctem.com.co/api/submit.php on line 32
[08-Mar-2025 15:45:16 UTC] PHP Warning:  Undefined array key "fecha" in /home/soluctem/sistema.soluctem.com.co/api/submit.php on line 33
[08-Mar-2025 15:45:16 UTC] PHP Warning:  Undefined array key "municipio" in /home/soluctem/sistema.soluctem.com.co/api/submit.php on line 34
[08-Mar-2025 15:45:16 UTC] PHP Warning:  Undefined array key "departamento" in /home/soluctem/sistema.soluctem.com.co/api/submit.php on line 35
[08-Mar-2025 15:45:16 UTC] PHP Warning:  Undefined array key "nombreEquipo" in /home/soluctem/sistema.soluctem.com.co/api/submit.php on line 36
[08-Mar-2025 15:45:16 UTC] PHP Warning:  Undefined array key "marca" in /home/soluctem/sistema.soluctem.com.co/api/submit.php on line 37
[08-Mar-2025 15:45:16 UTC] PHP Warning:  Undefined array key "serial" in /home/soluctem/sistema.soluctem.com.co/api/submit.php on line 38
[08-Mar-2025 15:45:16 UTC] PHP Warning:  Undefined array key "descripcionFalla" in /home/soluctem/sistema.soluctem.com.co/api/submit.php on line 39
[08-Mar-2025 15:45:16 UTC] PHP Warning:  Undefined array key "diagnosticoTecnico" in /home/soluctem/sistema.soluctem.com.co/api/submit.php on line 40
[08-Mar-2025 15:45:16 UTC] PHP Warning:  Undefined array key "repuestosCambiados" in /home/soluctem/sistema.soluctem.com.co/api/submit.php on line 41
[08-Mar-2025 15:45:16 UTC] PHP Warning:  Undefined array key "observaciones" in /home/soluctem/sistema.soluctem.com.co/api/submit.php on line 42
[08-Mar-2025 15:45:16 UTC] PHP Warning:  Undefined array key "seguridadRiesgoAccidentalidad" in /home/soluctem/sistema.soluctem.com.co/api/submit.php on line 43
[08-Mar-2025 15:45:16 UTC] PHP Warning:  Undefined array key "seguridadRiesgoEquipo" in /home/soluctem/sistema.soluctem.com.co/api/submit.php on line 44
[08-Mar-2025 15:45:16 UTC] PHP Warning:  Undefined array key "funcionamientoFallaSolucionada" in /home/soluctem/sistema.soluctem.com.co/api/submit.php on line 45
[08-Mar-2025 15:45:16 UTC] PHP Warning:  Undefined array key "funcionamientoPasosNormales" in /home/soluctem/sistema.soluctem.com.co/api/submit.php on line 46
[08-Mar-2025 15:45:16 UTC] PHP Warning:  Undefined array key "calidadTrabajo" in /home/soluctem/sistema.soluctem.com.co/api/submit.php on line 47
[08-Mar-2025 15:45:16 UTC] PHP Warning:  Undefined array key "limpiezaOrganizacionArmado" in /home/soluctem/sistema.soluctem.com.co/api/submit.php on line 48
[08-Mar-2025 15:45:16 UTC] PHP Warning:  Undefined array key "limpiezaOrganizacionAseado" in /home/soluctem/sistema.soluctem.com.co/api/submit.php on line 49
[08-Mar-2025 15:45:16 UTC] PHP Warning:  Undefined array key "capacitacionCausa" in /home/soluctem/sistema.soluctem.com.co/api/submit.php on line 50
[08-Mar-2025 15:45:16 UTC] PHP Warning:  Undefined array key "capacitacionPrevencion" in /home/soluctem/sistema.soluctem.com.co/api/submit.php on line 51
[08-Mar-2025 15:45:16 UTC] PHP Warning:  Undefined array key "capacitacionAccion" in /home/soluctem/sistema.soluctem.com.co/api/submit.php on line 52
[08-Mar-2025 15:45:16 UTC] PHP Warning:  Undefined array key "contratista1" in /home/soluctem/sistema.soluctem.com.co/api/submit.php on line 53
[08-Mar-2025 15:45:16 UTC] PHP Warning:  Undefined array key "cedula1" in /home/soluctem/sistema.soluctem.com.co/api/submit.php on line 54
[08-Mar-2025 15:45:16 UTC] PHP Warning:  Undefined array key "horaEntrada1" in /home/soluctem/sistema.soluctem.com.co/api/submit.php on line 55
[08-Mar-2025 15:45:16 UTC] PHP Warning:  Undefined array key "horaSalida1" in /home/soluctem/sistema.soluctem.com.co/api/submit.php on line 56
[08-Mar-2025 15:45:16 UTC] PHP Warning:  Undefined array key "contratista2" in /home/soluctem/sistema.soluctem.com.co/api/submit.php on line 57
[08-Mar-2025 15:45:16 UTC] PHP Warning:  Undefined array key "cedula2" in /home/soluctem/sistema.soluctem.com.co/api/submit.php on line 58
[08-Mar-2025 15:45:16 UTC] PHP Warning:  Undefined array key "horaEntrada2" in /home/soluctem/sistema.soluctem.com.co/api/submit.php on line 59
[08-Mar-2025 15:45:16 UTC] PHP Warning:  Undefined array key "horaSalida2" in /home/soluctem/sistema.soluctem.com.co/api/submit.php on line 60
[08-Mar-2025 15:45:16 UTC] PHP Warning:  Undefined array key "contratista3" in /home/soluctem/sistema.soluctem.com.co/api/submit.php on line 61
[08-Mar-2025 15:45:16 UTC] PHP Warning:  Undefined array key "cedula3" in /home/soluctem/sistema.soluctem.com.co/api/submit.php on line 62
[08-Mar-2025 15:45:16 UTC] PHP Warning:  Undefined array key "horaEntrada3" in /home/soluctem/sistema.soluctem.com.co/api/submit.php on line 63
[08-Mar-2025 15:45:16 UTC] PHP Warning:  Undefined array key "horaSalida3" in /home/soluctem/sistema.soluctem.com.co/api/submit.php on line 64
[08-Mar-2025 15:45:16 UTC] PHP Warning:  Undefined array key "contratista4" in /home/soluctem/sistema.soluctem.com.co/api/submit.php on line 65
[08-Mar-2025 15:45:16 UTC] PHP Warning:  Undefined array key "cedula4" in /home/soluctem/sistema.soluctem.com.co/api/submit.php on line 66
[08-Mar-2025 15:45:16 UTC] PHP Warning:  Undefined array key "horaEntrada4" in /home/soluctem/sistema.soluctem.com.co/api/submit.php on line 67
[08-Mar-2025 15:45:16 UTC] PHP Warning:  Undefined array key "horaSalida4" in /home/soluctem/sistema.soluctem.com.co/api/submit.php on line 68
[08-Mar-2025 15:45:16 UTC] PHP Warning:  Undefined array key "nombreFuncionario" in /home/soluctem/sistema.soluctem.com.co/api/submit.php on line 69
[08-Mar-2025 15:45:16 UTC] PHP Warning:  Undefined array key "cedulaFuncionario" in /home/soluctem/sistema.soluctem.com.co/api/submit.php on line 70
[08-Mar-2025 15:45:16 UTC] PHP Warning:  Undefined array key "cargoFuncionario" in /home/soluctem/sistema.soluctem.com.co/api/submit.php on line 71
[08-Mar-2025 15:45:16 UTC] PHP Warning:  Undefined array key "sapFuncionario" in /home/soluctem/sistema.soluctem.com.co/api/submit.php on line 72
[08-Mar-2025 15:45:16 UTC] PHP Warning:  Undefined array key "timestamp" in /home/soluctem/sistema.soluctem.com.co/api/submit.php on line 73
[08-Mar-2025 15:45:16 UTC] PHP Warning:  Undefined array key "asistenciaReparacion" in /home/soluctem/sistema.soluctem.com.co/api/submit.php on line 74
[08-Mar-2025 15:45:16 UTC] PHP Warning:  Undefined array key "asistenciaGarantia" in /home/soluctem/sistema.soluctem.com.co/api/submit.php on line 75
[08-Mar-2025 15:45:16 UTC] PHP Warning:  Undefined array key "asistenciaAjuste" in /home/soluctem/sistema.soluctem.com.co/api/submit.php on line 76
[08-Mar-2025 15:45:16 UTC] PHP Warning:  Undefined array key "asistenciaModificacion" in /home/soluctem/sistema.soluctem.com.co/api/submit.php on line 77
[08-Mar-2025 15:45:16 UTC] PHP Warning:  Undefined array key "asistenciaServicio" in /home/soluctem/sistema.soluctem.com.co/api/submit.php on line 78
[08-Mar-2025 15:45:16 UTC] PHP Warning:  Undefined array key "asistenciaMejora" in /home/soluctem/sistema.soluctem.com.co/api/submit.php on line 79
[08-Mar-2025 15:45:16 UTC] PHP Warning:  Undefined array key "asistenciaCombinacion" in /home/soluctem/sistema.soluctem.com.co/api/submit.php on line 80
[08-Mar-2025 15:45:16 UTC] PHP Warning:  Undefined array key "fallaOperacion" in /home/soluctem/sistema.soluctem.com.co/api/submit.php on line 81
[08-Mar-2025 15:45:16 UTC] PHP Warning:  Undefined array key "fallaMecanica" in /home/soluctem/sistema.soluctem.com.co/api/submit.php on line 82
[08-Mar-2025 15:45:16 UTC] PHP Warning:  Undefined array key "fallaElectrica" in /home/soluctem/sistema.soluctem.com.co/api/submit.php on line 83
[08-Mar-2025 15:45:16 UTC] PHP Warning:  Undefined array key "fallaTerceros" in /home/soluctem/sistema.soluctem.com.co/api/submit.php on line 84
[08-Mar-2025 15:45:16 UTC] PHP Warning:  Undefined array key "fallaFabricacion" in /home/soluctem/sistema.soluctem.com.co/api/submit.php on line 85
[08-Mar-2025 15:45:16 UTC] PHP Warning:  Undefined array key "firma_digital_cliente" in /home/soluctem/sistema.soluctem.com.co/api/submit.php on line 86
[08-Mar-2025 15:45:16 UTC] PHP Warning:  Undefined array key "firma_digital_tecnico" in /home/soluctem/sistema.soluctem.com.co/api/submit.php on line 87
[08-Mar-2025 16:06:13 UTC] PHP Warning:  Undefined array key "nombreSolicitante" in /home/soluctem/sistema.soluctem.com.co/api/submit.php on line 28
[08-Mar-2025 16:06:13 UTC] PHP Warning:  Undefined array key "cargo" in /home/soluctem/sistema.soluctem.com.co/api/submit.php on line 29
[08-Mar-2025 16:06:13 UTC] PHP Warning:  Undefined array key "nombreTienda" in /home/soluctem/sistema.soluctem.com.co/api/submit.php on line 30
[08-Mar-2025 16:06:13 UTC] PHP Warning:  Undefined array key "numeroTienda" in /home/soluctem/sistema.soluctem.com.co/api/submit.php on line 31
[08-Mar-2025 16:06:13 UTC] PHP Warning:  Undefined array key "numeroTicket" in /home/soluctem/sistema.soluctem.com.co/api/submit.php on line 32
[08-Mar-2025 16:06:13 UTC] PHP Warning:  Undefined array key "fecha" in /home/soluctem/sistema.soluctem.com.co/api/submit.php on line 33
[08-Mar-2025 16:06:13 UTC] PHP Warning:  Undefined array key "municipio" in /home/soluctem/sistema.soluctem.com.co/api/submit.php on line 34
[08-Mar-2025 16:06:13 UTC] PHP Warning:  Undefined array key "departamento" in /home/soluctem/sistema.soluctem.com.co/api/submit.php on line 35
[08-Mar-2025 16:06:13 UTC] PHP Warning:  Undefined array key "nombreEquipo" in /home/soluctem/sistema.soluctem.com.co/api/submit.php on line 36
[08-Mar-2025 16:06:13 UTC] PHP Warning:  Undefined array key "marca" in /home/soluctem/sistema.soluctem.com.co/api/submit.php on line 37
[08-Mar-2025 16:06:13 UTC] PHP Warning:  Undefined array key "serial" in /home/soluctem/sistema.soluctem.com.co/api/submit.php on line 38
[08-Mar-2025 16:06:13 UTC] PHP Warning:  Undefined array key "descripcionFalla" in /home/soluctem/sistema.soluctem.com.co/api/submit.php on line 39
[08-Mar-2025 16:06:13 UTC] PHP Warning:  Undefined array key "diagnosticoTecnico" in /home/soluctem/sistema.soluctem.com.co/api/submit.php on line 40
[08-Mar-2025 16:06:13 UTC] PHP Warning:  Undefined array key "repuestosCambiados" in /home/soluctem/sistema.soluctem.com.co/api/submit.php on line 41
[08-Mar-2025 16:06:13 UTC] PHP Warning:  Undefined array key "observaciones" in /home/soluctem/sistema.soluctem.com.co/api/submit.php on line 42
[08-Mar-2025 16:06:13 UTC] PHP Warning:  Undefined array key "seguridadRiesgoAccidentalidad" in /home/soluctem/sistema.soluctem.com.co/api/submit.php on line 43
[08-Mar-2025 16:06:13 UTC] PHP Warning:  Undefined array key "seguridadRiesgoEquipo" in /home/soluctem/sistema.soluctem.com.co/api/submit.php on line 44
[08-Mar-2025 16:06:13 UTC] PHP Warning:  Undefined array key "funcionamientoFallaSolucionada" in /home/soluctem/sistema.soluctem.com.co/api/submit.php on line 45
[08-Mar-2025 16:06:13 UTC] PHP Warning:  Undefined array key "funcionamientoPasosNormales" in /home/soluctem/sistema.soluctem.com.co/api/submit.php on line 46
[08-Mar-2025 16:06:13 UTC] PHP Warning:  Undefined array key "calidadTrabajo" in /home/soluctem/sistema.soluctem.com.co/api/submit.php on line 47
[08-Mar-2025 16:06:13 UTC] PHP Warning:  Undefined array key "limpiezaOrganizacionArmado" in /home/soluctem/sistema.soluctem.com.co/api/submit.php on line 48
[08-Mar-2025 16:06:13 UTC] PHP Warning:  Undefined array key "limpiezaOrganizacionAseado" in /home/soluctem/sistema.soluctem.com.co/api/submit.php on line 49
[08-Mar-2025 16:06:13 UTC] PHP Warning:  Undefined array key "capacitacionCausa" in /home/soluctem/sistema.soluctem.com.co/api/submit.php on line 50
[08-Mar-2025 16:06:13 UTC] PHP Warning:  Undefined array key "capacitacionPrevencion" in /home/soluctem/sistema.soluctem.com.co/api/submit.php on line 51
[08-Mar-2025 16:06:13 UTC] PHP Warning:  Undefined array key "capacitacionAccion" in /home/soluctem/sistema.soluctem.com.co/api/submit.php on line 52
[08-Mar-2025 16:06:13 UTC] PHP Warning:  Undefined array key "contratista1" in /home/soluctem/sistema.soluctem.com.co/api/submit.php on line 53
[08-Mar-2025 16:06:13 UTC] PHP Warning:  Undefined array key "cedula1" in /home/soluctem/sistema.soluctem.com.co/api/submit.php on line 54
[08-Mar-2025 16:06:13 UTC] PHP Warning:  Undefined array key "horaEntrada1" in /home/soluctem/sistema.soluctem.com.co/api/submit.php on line 55
[08-Mar-2025 16:06:13 UTC] PHP Warning:  Undefined array key "horaSalida1" in /home/soluctem/sistema.soluctem.com.co/api/submit.php on line 56
[08-Mar-2025 16:06:13 UTC] PHP Warning:  Undefined array key "contratista2" in /home/soluctem/sistema.soluctem.com.co/api/submit.php on line 57
[08-Mar-2025 16:06:13 UTC] PHP Warning:  Undefined array key "cedula2" in /home/soluctem/sistema.soluctem.com.co/api/submit.php on line 58
[08-Mar-2025 16:06:13 UTC] PHP Warning:  Undefined array key "horaEntrada2" in /home/soluctem/sistema.soluctem.com.co/api/submit.php on line 59
[08-Mar-2025 16:06:13 UTC] PHP Warning:  Undefined array key "horaSalida2" in /home/soluctem/sistema.soluctem.com.co/api/submit.php on line 60
[08-Mar-2025 16:06:13 UTC] PHP Warning:  Undefined array key "contratista3" in /home/soluctem/sistema.soluctem.com.co/api/submit.php on line 61
[08-Mar-2025 16:06:13 UTC] PHP Warning:  Undefined array key "cedula3" in /home/soluctem/sistema.soluctem.com.co/api/submit.php on line 62
[08-Mar-2025 16:06:13 UTC] PHP Warning:  Undefined array key "horaEntrada3" in /home/soluctem/sistema.soluctem.com.co/api/submit.php on line 63
[08-Mar-2025 16:06:13 UTC] PHP Warning:  Undefined array key "horaSalida3" in /home/soluctem/sistema.soluctem.com.co/api/submit.php on line 64
[08-Mar-2025 16:06:13 UTC] PHP Warning:  Undefined array key "contratista4" in /home/soluctem/sistema.soluctem.com.co/api/submit.php on line 65
[08-Mar-2025 16:06:13 UTC] PHP Warning:  Undefined array key "cedula4" in /home/soluctem/sistema.soluctem.com.co/api/submit.php on line 66
[08-Mar-2025 16:06:13 UTC] PHP Warning:  Undefined array key "horaEntrada4" in /home/soluctem/sistema.soluctem.com.co/api/submit.php on line 67
[08-Mar-2025 16:06:13 UTC] PHP Warning:  Undefined array key "horaSalida4" in /home/soluctem/sistema.soluctem.com.co/api/submit.php on line 68
[08-Mar-2025 16:06:13 UTC] PHP Warning:  Undefined array key "nombreFuncionario" in /home/soluctem/sistema.soluctem.com.co/api/submit.php on line 69
[08-Mar-2025 16:06:13 UTC] PHP Warning:  Undefined array key "cedulaFuncionario" in /home/soluctem/sistema.soluctem.com.co/api/submit.php on line 70
[08-Mar-2025 16:06:13 UTC] PHP Warning:  Undefined array key "cargoFuncionario" in /home/soluctem/sistema.soluctem.com.co/api/submit.php on line 71
[08-Mar-2025 16:06:13 UTC] PHP Warning:  Undefined array key "sapFuncionario" in /home/soluctem/sistema.soluctem.com.co/api/submit.php on line 72
[08-Mar-2025 16:06:13 UTC] PHP Warning:  Undefined array key "timestamp" in /home/soluctem/sistema.soluctem.com.co/api/submit.php on line 73
[08-Mar-2025 16:06:13 UTC] PHP Warning:  Undefined array key "asistenciaReparacion" in /home/soluctem/sistema.soluctem.com.co/api/submit.php on line 74
[08-Mar-2025 16:06:13 UTC] PHP Warning:  Undefined array key "asistenciaGarantia" in /home/soluctem/sistema.soluctem.com.co/api/submit.php on line 75
[08-Mar-2025 16:06:13 UTC] PHP Warning:  Undefined array key "asistenciaAjuste" in /home/soluctem/sistema.soluctem.com.co/api/submit.php on line 76
[08-Mar-2025 16:06:13 UTC] PHP Warning:  Undefined array key "asistenciaModificacion" in /home/soluctem/sistema.soluctem.com.co/api/submit.php on line 77
[08-Mar-2025 16:06:13 UTC] PHP Warning:  Undefined array key "asistenciaServicio" in /home/soluctem/sistema.soluctem.com.co/api/submit.php on line 78
[08-Mar-2025 16:06:13 UTC] PHP Warning:  Undefined array key "asistenciaMejora" in /home/soluctem/sistema.soluctem.com.co/api/submit.php on line 79
[08-Mar-2025 16:06:13 UTC] PHP Warning:  Undefined array key "asistenciaCombinacion" in /home/soluctem/sistema.soluctem.com.co/api/submit.php on line 80
[08-Mar-2025 16:06:13 UTC] PHP Warning:  Undefined array key "fallaOperacion" in /home/soluctem/sistema.soluctem.com.co/api/submit.php on line 81
[08-Mar-2025 16:06:13 UTC] PHP Warning:  Undefined array key "fallaMecanica" in /home/soluctem/sistema.soluctem.com.co/api/submit.php on line 82
[08-Mar-2025 16:06:13 UTC] PHP Warning:  Undefined array key "fallaElectrica" in /home/soluctem/sistema.soluctem.com.co/api/submit.php on line 83
[08-Mar-2025 16:06:13 UTC] PHP Warning:  Undefined array key "fallaTerceros" in /home/soluctem/sistema.soluctem.com.co/api/submit.php on line 84
[08-Mar-2025 16:06:13 UTC] PHP Warning:  Undefined array key "fallaFabricacion" in /home/soluctem/sistema.soluctem.com.co/api/submit.php on line 85
[08-Mar-2025 16:06:13 UTC] PHP Warning:  Undefined array key "firma_digital_cliente" in /home/soluctem/sistema.soluctem.com.co/api/submit.php on line 86
[08-Mar-2025 16:06:13 UTC] PHP Warning:  Undefined array key "firma_digital_tecnico" in /home/soluctem/sistema.soluctem.com.co/api/submit.php on line 87
[08-Mar-2025 16:46:05 UTC] PHP Warning:  Undefined array key "nombreSolicitante" in /home/soluctem/sistema.soluctem.com.co/api/submit.php on line 28
[08-Mar-2025 16:46:05 UTC] PHP Warning:  Undefined array key "cargo" in /home/soluctem/sistema.soluctem.com.co/api/submit.php on line 29
[08-Mar-2025 16:46:05 UTC] PHP Warning:  Undefined array key "nombreTienda" in /home/soluctem/sistema.soluctem.com.co/api/submit.php on line 30
[08-Mar-2025 16:46:05 UTC] PHP Warning:  Undefined array key "numeroTienda" in /home/soluctem/sistema.soluctem.com.co/api/submit.php on line 31
[08-Mar-2025 16:46:05 UTC] PHP Warning:  Undefined array key "numeroTicket" in /home/soluctem/sistema.soluctem.com.co/api/submit.php on line 32
[08-Mar-2025 16:46:05 UTC] PHP Warning:  Undefined array key "fecha" in /home/soluctem/sistema.soluctem.com.co/api/submit.php on line 33
[08-Mar-2025 16:46:05 UTC] PHP Warning:  Undefined array key "municipio" in /home/soluctem/sistema.soluctem.com.co/api/submit.php on line 34
[08-Mar-2025 16:46:05 UTC] PHP Warning:  Undefined array key "departamento" in /home/soluctem/sistema.soluctem.com.co/api/submit.php on line 35
[08-Mar-2025 16:46:05 UTC] PHP Warning:  Undefined array key "nombreEquipo" in /home/soluctem/sistema.soluctem.com.co/api/submit.php on line 36
[08-Mar-2025 16:46:05 UTC] PHP Warning:  Undefined array key "marca" in /home/soluctem/sistema.soluctem.com.co/api/submit.php on line 37
[08-Mar-2025 16:46:05 UTC] PHP Warning:  Undefined array key "serial" in /home/soluctem/sistema.soluctem.com.co/api/submit.php on line 38
[08-Mar-2025 16:46:05 UTC] PHP Warning:  Undefined array key "descripcionFalla" in /home/soluctem/sistema.soluctem.com.co/api/submit.php on line 39
[08-Mar-2025 16:46:05 UTC] PHP Warning:  Undefined array key "diagnosticoTecnico" in /home/soluctem/sistema.soluctem.com.co/api/submit.php on line 40
[08-Mar-2025 16:46:05 UTC] PHP Warning:  Undefined array key "repuestosCambiados" in /home/soluctem/sistema.soluctem.com.co/api/submit.php on line 41
[08-Mar-2025 16:46:05 UTC] PHP Warning:  Undefined array key "observaciones" in /home/soluctem/sistema.soluctem.com.co/api/submit.php on line 42
[08-Mar-2025 16:46:05 UTC] PHP Warning:  Undefined array key "seguridadRiesgoAccidentalidad" in /home/soluctem/sistema.soluctem.com.co/api/submit.php on line 43
[08-Mar-2025 16:46:05 UTC] PHP Warning:  Undefined array key "seguridadRiesgoEquipo" in /home/soluctem/sistema.soluctem.com.co/api/submit.php on line 44
[08-Mar-2025 16:46:05 UTC] PHP Warning:  Undefined array key "funcionamientoFallaSolucionada" in /home/soluctem/sistema.soluctem.com.co/api/submit.php on line 45
[08-Mar-2025 16:46:05 UTC] PHP Warning:  Undefined array key "funcionamientoPasosNormales" in /home/soluctem/sistema.soluctem.com.co/api/submit.php on line 46
[08-Mar-2025 16:46:05 UTC] PHP Warning:  Undefined array key "calidadTrabajo" in /home/soluctem/sistema.soluctem.com.co/api/submit.php on line 47
[08-Mar-2025 16:46:05 UTC] PHP Warning:  Undefined array key "limpiezaOrganizacionArmado" in /home/soluctem/sistema.soluctem.com.co/api/submit.php on line 48
[08-Mar-2025 16:46:05 UTC] PHP Warning:  Undefined array key "limpiezaOrganizacionAseado" in /home/soluctem/sistema.soluctem.com.co/api/submit.php on line 49
[08-Mar-2025 16:46:05 UTC] PHP Warning:  Undefined array key "capacitacionCausa" in /home/soluctem/sistema.soluctem.com.co/api/submit.php on line 50
[08-Mar-2025 16:46:05 UTC] PHP Warning:  Undefined array key "capacitacionPrevencion" in /home/soluctem/sistema.soluctem.com.co/api/submit.php on line 51
[08-Mar-2025 16:46:05 UTC] PHP Warning:  Undefined array key "capacitacionAccion" in /home/soluctem/sistema.soluctem.com.co/api/submit.php on line 52
[08-Mar-2025 16:46:05 UTC] PHP Warning:  Undefined array key "contratista1" in /home/soluctem/sistema.soluctem.com.co/api/submit.php on line 53
[08-Mar-2025 16:46:05 UTC] PHP Warning:  Undefined array key "cedula1" in /home/soluctem/sistema.soluctem.com.co/api/submit.php on line 54
[08-Mar-2025 16:46:05 UTC] PHP Warning:  Undefined array key "horaEntrada1" in /home/soluctem/sistema.soluctem.com.co/api/submit.php on line 55
[08-Mar-2025 16:46:05 UTC] PHP Warning:  Undefined array key "horaSalida1" in /home/soluctem/sistema.soluctem.com.co/api/submit.php on line 56
[08-Mar-2025 16:46:05 UTC] PHP Warning:  Undefined array key "contratista2" in /home/soluctem/sistema.soluctem.com.co/api/submit.php on line 57
[08-Mar-2025 16:46:05 UTC] PHP Warning:  Undefined array key "cedula2" in /home/soluctem/sistema.soluctem.com.co/api/submit.php on line 58
[08-Mar-2025 16:46:05 UTC] PHP Warning:  Undefined array key "horaEntrada2" in /home/soluctem/sistema.soluctem.com.co/api/submit.php on line 59
[08-Mar-2025 16:46:05 UTC] PHP Warning:  Undefined array key "horaSalida2" in /home/soluctem/sistema.soluctem.com.co/api/submit.php on line 60
[08-Mar-2025 16:46:05 UTC] PHP Warning:  Undefined array key "contratista3" in /home/soluctem/sistema.soluctem.com.co/api/submit.php on line 61
[08-Mar-2025 16:46:05 UTC] PHP Warning:  Undefined array key "cedula3" in /home/soluctem/sistema.soluctem.com.co/api/submit.php on line 62
[08-Mar-2025 16:46:05 UTC] PHP Warning:  Undefined array key "horaEntrada3" in /home/soluctem/sistema.soluctem.com.co/api/submit.php on line 63
[08-Mar-2025 16:46:05 UTC] PHP Warning:  Undefined array key "horaSalida3" in /home/soluctem/sistema.soluctem.com.co/api/submit.php on line 64
[08-Mar-2025 16:46:05 UTC] PHP Warning:  Undefined array key "contratista4" in /home/soluctem/sistema.soluctem.com.co/api/submit.php on line 65
[08-Mar-2025 16:46:05 UTC] PHP Warning:  Undefined array key "cedula4" in /home/soluctem/sistema.soluctem.com.co/api/submit.php on line 66
[08-Mar-2025 16:46:05 UTC] PHP Warning:  Undefined array key "horaEntrada4" in /home/soluctem/sistema.soluctem.com.co/api/submit.php on line 67
[08-Mar-2025 16:46:05 UTC] PHP Warning:  Undefined array key "horaSalida4" in /home/soluctem/sistema.soluctem.com.co/api/submit.php on line 68
[08-Mar-2025 16:46:05 UTC] PHP Warning:  Undefined array key "nombreFuncionario" in /home/soluctem/sistema.soluctem.com.co/api/submit.php on line 69
[08-Mar-2025 16:46:05 UTC] PHP Warning:  Undefined array key "cedulaFuncionario" in /home/soluctem/sistema.soluctem.com.co/api/submit.php on line 70
[08-Mar-2025 16:46:05 UTC] PHP Warning:  Undefined array key "cargoFuncionario" in /home/soluctem/sistema.soluctem.com.co/api/submit.php on line 71
[08-Mar-2025 16:46:05 UTC] PHP Warning:  Undefined array key "sapFuncionario" in /home/soluctem/sistema.soluctem.com.co/api/submit.php on line 72
[08-Mar-2025 16:46:05 UTC] PHP Warning:  Undefined array key "timestamp" in /home/soluctem/sistema.soluctem.com.co/api/submit.php on line 73
[08-Mar-2025 16:46:05 UTC] PHP Warning:  Undefined array key "asistenciaReparacion" in /home/soluctem/sistema.soluctem.com.co/api/submit.php on line 74
[08-Mar-2025 16:46:05 UTC] PHP Warning:  Undefined array key "asistenciaGarantia" in /home/soluctem/sistema.soluctem.com.co/api/submit.php on line 75
[08-Mar-2025 16:46:05 UTC] PHP Warning:  Undefined array key "asistenciaAjuste" in /home/soluctem/sistema.soluctem.com.co/api/submit.php on line 76
[08-Mar-2025 16:46:05 UTC] PHP Warning:  Undefined array key "asistenciaModificacion" in /home/soluctem/sistema.soluctem.com.co/api/submit.php on line 77
[08-Mar-2025 16:46:05 UTC] PHP Warning:  Undefined array key "asistenciaServicio" in /home/soluctem/sistema.soluctem.com.co/api/submit.php on line 78
[08-Mar-2025 16:46:05 UTC] PHP Warning:  Undefined array key "asistenciaMejora" in /home/soluctem/sistema.soluctem.com.co/api/submit.php on line 79
[08-Mar-2025 16:46:05 UTC] PHP Warning:  Undefined array key "asistenciaCombinacion" in /home/soluctem/sistema.soluctem.com.co/api/submit.php on line 80
[08-Mar-2025 16:46:05 UTC] PHP Warning:  Undefined array key "fallaOperacion" in /home/soluctem/sistema.soluctem.com.co/api/submit.php on line 81
[08-Mar-2025 16:46:05 UTC] PHP Warning:  Undefined array key "fallaMecanica" in /home/soluctem/sistema.soluctem.com.co/api/submit.php on line 82
[08-Mar-2025 16:46:05 UTC] PHP Warning:  Undefined array key "fallaElectrica" in /home/soluctem/sistema.soluctem.com.co/api/submit.php on line 83
[08-Mar-2025 16:46:05 UTC] PHP Warning:  Undefined array key "fallaTerceros" in /home/soluctem/sistema.soluctem.com.co/api/submit.php on line 84
[08-Mar-2025 16:46:05 UTC] PHP Warning:  Undefined array key "fallaFabricacion" in /home/soluctem/sistema.soluctem.com.co/api/submit.php on line 85
[08-Mar-2025 16:46:05 UTC] PHP Warning:  Undefined array key "firma_digital_cliente" in /home/soluctem/sistema.soluctem.com.co/api/submit.php on line 86
[08-Mar-2025 16:46:05 UTC] PHP Warning:  Undefined array key "firma_digital_tecnico" in /home/soluctem/sistema.soluctem.com.co/api/submit.php on line 87
[08-Mar-2025 19:02:06 UTC] PHP Warning:  Undefined array key "nombreSolicitante" in /home/soluctem/sistema.soluctem.com.co/api/submit.php on line 28
[08-Mar-2025 19:02:06 UTC] PHP Warning:  Undefined array key "cargo" in /home/soluctem/sistema.soluctem.com.co/api/submit.php on line 29
[08-Mar-2025 19:02:06 UTC] PHP Warning:  Undefined array key "nombreTienda" in /home/soluctem/sistema.soluctem.com.co/api/submit.php on line 30
[08-Mar-2025 19:02:06 UTC] PHP Warning:  Undefined array key "numeroTienda" in /home/soluctem/sistema.soluctem.com.co/api/submit.php on line 31
[08-Mar-2025 19:02:06 UTC] PHP Warning:  Undefined array key "numeroTicket" in /home/soluctem/sistema.soluctem.com.co/api/submit.php on line 32
[08-Mar-2025 19:02:06 UTC] PHP Warning:  Undefined array key "fecha" in /home/soluctem/sistema.soluctem.com.co/api/submit.php on line 33
[08-Mar-2025 19:02:06 UTC] PHP Warning:  Undefined array key "municipio" in /home/soluctem/sistema.soluctem.com.co/api/submit.php on line 34
[08-Mar-2025 19:02:06 UTC] PHP Warning:  Undefined array key "departamento" in /home/soluctem/sistema.soluctem.com.co/api/submit.php on line 35
[08-Mar-2025 19:02:06 UTC] PHP Warning:  Undefined array key "nombreEquipo" in /home/soluctem/sistema.soluctem.com.co/api/submit.php on line 36
[08-Mar-2025 19:02:06 UTC] PHP Warning:  Undefined array key "marca" in /home/soluctem/sistema.soluctem.com.co/api/submit.php on line 37
[08-Mar-2025 19:02:06 UTC] PHP Warning:  Undefined array key "serial" in /home/soluctem/sistema.soluctem.com.co/api/submit.php on line 38
[08-Mar-2025 19:02:06 UTC] PHP Warning:  Undefined array key "descripcionFalla" in /home/soluctem/sistema.soluctem.com.co/api/submit.php on line 39
[08-Mar-2025 19:02:06 UTC] PHP Warning:  Undefined array key "diagnosticoTecnico" in /home/soluctem/sistema.soluctem.com.co/api/submit.php on line 40
[08-Mar-2025 19:02:06 UTC] PHP Warning:  Undefined array key "repuestosCambiados" in /home/soluctem/sistema.soluctem.com.co/api/submit.php on line 41
[08-Mar-2025 19:02:06 UTC] PHP Warning:  Undefined array key "observaciones" in /home/soluctem/sistema.soluctem.com.co/api/submit.php on line 42
[08-Mar-2025 19:02:06 UTC] PHP Warning:  Undefined array key "seguridadRiesgoAccidentalidad" in /home/soluctem/sistema.soluctem.com.co/api/submit.php on line 43
[08-Mar-2025 19:02:06 UTC] PHP Warning:  Undefined array key "seguridadRiesgoEquipo" in /home/soluctem/sistema.soluctem.com.co/api/submit.php on line 44
[08-Mar-2025 19:02:06 UTC] PHP Warning:  Undefined array key "funcionamientoFallaSolucionada" in /home/soluctem/sistema.soluctem.com.co/api/submit.php on line 45
[08-Mar-2025 19:02:06 UTC] PHP Warning:  Undefined array key "funcionamientoPasosNormales" in /home/soluctem/sistema.soluctem.com.co/api/submit.php on line 46
[08-Mar-2025 19:02:06 UTC] PHP Warning:  Undefined array key "calidadTrabajo" in /home/soluctem/sistema.soluctem.com.co/api/submit.php on line 47
[08-Mar-2025 19:02:06 UTC] PHP Warning:  Undefined array key "limpiezaOrganizacionArmado" in /home/soluctem/sistema.soluctem.com.co/api/submit.php on line 48
[08-Mar-2025 19:02:06 UTC] PHP Warning:  Undefined array key "limpiezaOrganizacionAseado" in /home/soluctem/sistema.soluctem.com.co/api/submit.php on line 49
[08-Mar-2025 19:02:06 UTC] PHP Warning:  Undefined array key "capacitacionCausa" in /home/soluctem/sistema.soluctem.com.co/api/submit.php on line 50
[08-Mar-2025 19:02:06 UTC] PHP Warning:  Undefined array key "capacitacionPrevencion" in /home/soluctem/sistema.soluctem.com.co/api/submit.php on line 51
[08-Mar-2025 19:02:06 UTC] PHP Warning:  Undefined array key "capacitacionAccion" in /home/soluctem/sistema.soluctem.com.co/api/submit.php on line 52
[08-Mar-2025 19:02:06 UTC] PHP Warning:  Undefined array key "contratista1" in /home/soluctem/sistema.soluctem.com.co/api/submit.php on line 53
[08-Mar-2025 19:02:06 UTC] PHP Warning:  Undefined array key "cedula1" in /home/soluctem/sistema.soluctem.com.co/api/submit.php on line 54
[08-Mar-2025 19:02:06 UTC] PHP Warning:  Undefined array key "horaEntrada1" in /home/soluctem/sistema.soluctem.com.co/api/submit.php on line 55
[08-Mar-2025 19:02:06 UTC] PHP Warning:  Undefined array key "horaSalida1" in /home/soluctem/sistema.soluctem.com.co/api/submit.php on line 56
[08-Mar-2025 19:02:06 UTC] PHP Warning:  Undefined array key "contratista2" in /home/soluctem/sistema.soluctem.com.co/api/submit.php on line 57
[08-Mar-2025 19:02:06 UTC] PHP Warning:  Undefined array key "cedula2" in /home/soluctem/sistema.soluctem.com.co/api/submit.php on line 58
[08-Mar-2025 19:02:06 UTC] PHP Warning:  Undefined array key "horaEntrada2" in /home/soluctem/sistema.soluctem.com.co/api/submit.php on line 59
[08-Mar-2025 19:02:06 UTC] PHP Warning:  Undefined array key "horaSalida2" in /home/soluctem/sistema.soluctem.com.co/api/submit.php on line 60
[08-Mar-2025 19:02:06 UTC] PHP Warning:  Undefined array key "contratista3" in /home/soluctem/sistema.soluctem.com.co/api/submit.php on line 61
[08-Mar-2025 19:02:06 UTC] PHP Warning:  Undefined array key "cedula3" in /home/soluctem/sistema.soluctem.com.co/api/submit.php on line 62
[08-Mar-2025 19:02:06 UTC] PHP Warning:  Undefined array key "horaEntrada3" in /home/soluctem/sistema.soluctem.com.co/api/submit.php on line 63
[08-Mar-2025 19:02:06 UTC] PHP Warning:  Undefined array key "horaSalida3" in /home/soluctem/sistema.soluctem.com.co/api/submit.php on line 64
[08-Mar-2025 19:02:06 UTC] PHP Warning:  Undefined array key "contratista4" in /home/soluctem/sistema.soluctem.com.co/api/submit.php on line 65
[08-Mar-2025 19:02:06 UTC] PHP Warning:  Undefined array key "cedula4" in /home/soluctem/sistema.soluctem.com.co/api/submit.php on line 66
[08-Mar-2025 19:02:06 UTC] PHP Warning:  Undefined array key "horaEntrada4" in /home/soluctem/sistema.soluctem.com.co/api/submit.php on line 67
[08-Mar-2025 19:02:06 UTC] PHP Warning:  Undefined array key "horaSalida4" in /home/soluctem/sistema.soluctem.com.co/api/submit.php on line 68
[08-Mar-2025 19:02:06 UTC] PHP Warning:  Undefined array key "nombreFuncionario" in /home/soluctem/sistema.soluctem.com.co/api/submit.php on line 69
[08-Mar-2025 19:02:06 UTC] PHP Warning:  Undefined array key "cedulaFuncionario" in /home/soluctem/sistema.soluctem.com.co/api/submit.php on line 70
[08-Mar-2025 19:02:06 UTC] PHP Warning:  Undefined array key "cargoFuncionario" in /home/soluctem/sistema.soluctem.com.co/api/submit.php on line 71
[08-Mar-2025 19:02:06 UTC] PHP Warning:  Undefined array key "sapFuncionario" in /home/soluctem/sistema.soluctem.com.co/api/submit.php on line 72
[08-Mar-2025 19:02:06 UTC] PHP Warning:  Undefined array key "timestamp" in /home/soluctem/sistema.soluctem.com.co/api/submit.php on line 73
[08-Mar-2025 19:02:06 UTC] PHP Warning:  Undefined array key "asistenciaReparacion" in /home/soluctem/sistema.soluctem.com.co/api/submit.php on line 74
[08-Mar-2025 19:02:06 UTC] PHP Warning:  Undefined array key "asistenciaGarantia" in /home/soluctem/sistema.soluctem.com.co/api/submit.php on line 75
[08-Mar-2025 19:02:06 UTC] PHP Warning:  Undefined array key "asistenciaAjuste" in /home/soluctem/sistema.soluctem.com.co/api/submit.php on line 76
[08-Mar-2025 19:02:06 UTC] PHP Warning:  Undefined array key "asistenciaModificacion" in /home/soluctem/sistema.soluctem.com.co/api/submit.php on line 77
[08-Mar-2025 19:02:06 UTC] PHP Warning:  Undefined array key "asistenciaServicio" in /home/soluctem/sistema.soluctem.com.co/api/submit.php on line 78
[08-Mar-2025 19:02:06 UTC] PHP Warning:  Undefined array key "asistenciaMejora" in /home/soluctem/sistema.soluctem.com.co/api/submit.php on line 79
[08-Mar-2025 19:02:06 UTC] PHP Warning:  Undefined array key "asistenciaCombinacion" in /home/soluctem/sistema.soluctem.com.co/api/submit.php on line 80
[08-Mar-2025 19:02:06 UTC] PHP Warning:  Undefined array key "fallaOperacion" in /home/soluctem/sistema.soluctem.com.co/api/submit.php on line 81
[08-Mar-2025 19:02:06 UTC] PHP Warning:  Undefined array key "fallaMecanica" in /home/soluctem/sistema.soluctem.com.co/api/submit.php on line 82
[08-Mar-2025 19:02:06 UTC] PHP Warning:  Undefined array key "fallaElectrica" in /home/soluctem/sistema.soluctem.com.co/api/submit.php on line 83
[08-Mar-2025 19:02:06 UTC] PHP Warning:  Undefined array key "fallaTerceros" in /home/soluctem/sistema.soluctem.com.co/api/submit.php on line 84
[08-Mar-2025 19:02:06 UTC] PHP Warning:  Undefined array key "fallaFabricacion" in /home/soluctem/sistema.soluctem.com.co/api/submit.php on line 85
[08-Mar-2025 19:02:06 UTC] PHP Warning:  Undefined array key "firma_digital_cliente" in /home/soluctem/sistema.soluctem.com.co/api/submit.php on line 86
[08-Mar-2025 19:02:06 UTC] PHP Warning:  Undefined array key "firma_digital_tecnico" in /home/soluctem/sistema.soluctem.com.co/api/submit.php on line 87
[09-Mar-2025 05:58:31 UTC] PHP Warning:  Undefined array key "nombreSolicitante" in /home/soluctem/sistema.soluctem.com.co/api/submit.php on line 28
[09-Mar-2025 05:58:31 UTC] PHP Warning:  Undefined array key "cargo" in /home/soluctem/sistema.soluctem.com.co/api/submit.php on line 29
[09-Mar-2025 05:58:31 UTC] PHP Warning:  Undefined array key "nombreTienda" in /home/soluctem/sistema.soluctem.com.co/api/submit.php on line 30
[09-Mar-2025 05:58:31 UTC] PHP Warning:  Undefined array key "numeroTienda" in /home/soluctem/sistema.soluctem.com.co/api/submit.php on line 31
[09-Mar-2025 05:58:31 UTC] PHP Warning:  Undefined array key "numeroTicket" in /home/soluctem/sistema.soluctem.com.co/api/submit.php on line 32
[09-Mar-2025 05:58:31 UTC] PHP Warning:  Undefined array key "fecha" in /home/soluctem/sistema.soluctem.com.co/api/submit.php on line 33
[09-Mar-2025 05:58:31 UTC] PHP Warning:  Undefined array key "municipio" in /home/soluctem/sistema.soluctem.com.co/api/submit.php on line 34
[09-Mar-2025 05:58:31 UTC] PHP Warning:  Undefined array key "departamento" in /home/soluctem/sistema.soluctem.com.co/api/submit.php on line 35
[09-Mar-2025 05:58:31 UTC] PHP Warning:  Undefined array key "nombreEquipo" in /home/soluctem/sistema.soluctem.com.co/api/submit.php on line 36
[09-Mar-2025 05:58:31 UTC] PHP Warning:  Undefined array key "marca" in /home/soluctem/sistema.soluctem.com.co/api/submit.php on line 37
[09-Mar-2025 05:58:31 UTC] PHP Warning:  Undefined array key "serial" in /home/soluctem/sistema.soluctem.com.co/api/submit.php on line 38
[09-Mar-2025 05:58:31 UTC] PHP Warning:  Undefined array key "descripcionFalla" in /home/soluctem/sistema.soluctem.com.co/api/submit.php on line 39
[09-Mar-2025 05:58:31 UTC] PHP Warning:  Undefined array key "diagnosticoTecnico" in /home/soluctem/sistema.soluctem.com.co/api/submit.php on line 40
[09-Mar-2025 05:58:31 UTC] PHP Warning:  Undefined array key "repuestosCambiados" in /home/soluctem/sistema.soluctem.com.co/api/submit.php on line 41
[09-Mar-2025 05:58:31 UTC] PHP Warning:  Undefined array key "observaciones" in /home/soluctem/sistema.soluctem.com.co/api/submit.php on line 42
[09-Mar-2025 05:58:31 UTC] PHP Warning:  Undefined array key "seguridadRiesgoAccidentalidad" in /home/soluctem/sistema.soluctem.com.co/api/submit.php on line 43
[09-Mar-2025 05:58:31 UTC] PHP Warning:  Undefined array key "seguridadRiesgoEquipo" in /home/soluctem/sistema.soluctem.com.co/api/submit.php on line 44
[09-Mar-2025 05:58:31 UTC] PHP Warning:  Undefined array key "funcionamientoFallaSolucionada" in /home/soluctem/sistema.soluctem.com.co/api/submit.php on line 45
[09-Mar-2025 05:58:31 UTC] PHP Warning:  Undefined array key "funcionamientoPasosNormales" in /home/soluctem/sistema.soluctem.com.co/api/submit.php on line 46
[09-Mar-2025 05:58:31 UTC] PHP Warning:  Undefined array key "calidadTrabajo" in /home/soluctem/sistema.soluctem.com.co/api/submit.php on line 47
[09-Mar-2025 05:58:31 UTC] PHP Warning:  Undefined array key "limpiezaOrganizacionArmado" in /home/soluctem/sistema.soluctem.com.co/api/submit.php on line 48
[09-Mar-2025 05:58:31 UTC] PHP Warning:  Undefined array key "limpiezaOrganizacionAseado" in /home/soluctem/sistema.soluctem.com.co/api/submit.php on line 49
[09-Mar-2025 05:58:31 UTC] PHP Warning:  Undefined array key "capacitacionCausa" in /home/soluctem/sistema.soluctem.com.co/api/submit.php on line 50
[09-Mar-2025 05:58:31 UTC] PHP Warning:  Undefined array key "capacitacionPrevencion" in /home/soluctem/sistema.soluctem.com.co/api/submit.php on line 51
[09-Mar-2025 05:58:31 UTC] PHP Warning:  Undefined array key "capacitacionAccion" in /home/soluctem/sistema.soluctem.com.co/api/submit.php on line 52
[09-Mar-2025 05:58:31 UTC] PHP Warning:  Undefined array key "contratista1" in /home/soluctem/sistema.soluctem.com.co/api/submit.php on line 53
[09-Mar-2025 05:58:31 UTC] PHP Warning:  Undefined array key "cedula1" in /home/soluctem/sistema.soluctem.com.co/api/submit.php on line 54
[09-Mar-2025 05:58:31 UTC] PHP Warning:  Undefined array key "horaEntrada1" in /home/soluctem/sistema.soluctem.com.co/api/submit.php on line 55
[09-Mar-2025 05:58:31 UTC] PHP Warning:  Undefined array key "horaSalida1" in /home/soluctem/sistema.soluctem.com.co/api/submit.php on line 56
[09-Mar-2025 05:58:31 UTC] PHP Warning:  Undefined array key "contratista2" in /home/soluctem/sistema.soluctem.com.co/api/submit.php on line 57
[09-Mar-2025 05:58:31 UTC] PHP Warning:  Undefined array key "cedula2" in /home/soluctem/sistema.soluctem.com.co/api/submit.php on line 58
[09-Mar-2025 05:58:31 UTC] PHP Warning:  Undefined array key "horaEntrada2" in /home/soluctem/sistema.soluctem.com.co/api/submit.php on line 59
[09-Mar-2025 05:58:31 UTC] PHP Warning:  Undefined array key "horaSalida2" in /home/soluctem/sistema.soluctem.com.co/api/submit.php on line 60
[09-Mar-2025 05:58:31 UTC] PHP Warning:  Undefined array key "contratista3" in /home/soluctem/sistema.soluctem.com.co/api/submit.php on line 61
[09-Mar-2025 05:58:31 UTC] PHP Warning:  Undefined array key "cedula3" in /home/soluctem/sistema.soluctem.com.co/api/submit.php on line 62
[09-Mar-2025 05:58:31 UTC] PHP Warning:  Undefined array key "horaEntrada3" in /home/soluctem/sistema.soluctem.com.co/api/submit.php on line 63
[09-Mar-2025 05:58:31 UTC] PHP Warning:  Undefined array key "horaSalida3" in /home/soluctem/sistema.soluctem.com.co/api/submit.php on line 64
[09-Mar-2025 05:58:31 UTC] PHP Warning:  Undefined array key "contratista4" in /home/soluctem/sistema.soluctem.com.co/api/submit.php on line 65
[09-Mar-2025 05:58:31 UTC] PHP Warning:  Undefined array key "cedula4" in /home/soluctem/sistema.soluctem.com.co/api/submit.php on line 66
[09-Mar-2025 05:58:31 UTC] PHP Warning:  Undefined array key "horaEntrada4" in /home/soluctem/sistema.soluctem.com.co/api/submit.php on line 67
[09-Mar-2025 05:58:31 UTC] PHP Warning:  Undefined array key "horaSalida4" in /home/soluctem/sistema.soluctem.com.co/api/submit.php on line 68
[09-Mar-2025 05:58:31 UTC] PHP Warning:  Undefined array key "nombreFuncionario" in /home/soluctem/sistema.soluctem.com.co/api/submit.php on line 69
[09-Mar-2025 05:58:31 UTC] PHP Warning:  Undefined array key "cedulaFuncionario" in /home/soluctem/sistema.soluctem.com.co/api/submit.php on line 70
[09-Mar-2025 05:58:31 UTC] PHP Warning:  Undefined array key "cargoFuncionario" in /home/soluctem/sistema.soluctem.com.co/api/submit.php on line 71
[09-Mar-2025 05:58:31 UTC] PHP Warning:  Undefined array key "sapFuncionario" in /home/soluctem/sistema.soluctem.com.co/api/submit.php on line 72
[09-Mar-2025 05:58:31 UTC] PHP Warning:  Undefined array key "timestamp" in /home/soluctem/sistema.soluctem.com.co/api/submit.php on line 73
[09-Mar-2025 05:58:31 UTC] PHP Warning:  Undefined array key "asistenciaReparacion" in /home/soluctem/sistema.soluctem.com.co/api/submit.php on line 74
[09-Mar-2025 05:58:31 UTC] PHP Warning:  Undefined array key "asistenciaGarantia" in /home/soluctem/sistema.soluctem.com.co/api/submit.php on line 75
[09-Mar-2025 05:58:31 UTC] PHP Warning:  Undefined array key "asistenciaAjuste" in /home/soluctem/sistema.soluctem.com.co/api/submit.php on line 76
[09-Mar-2025 05:58:31 UTC] PHP Warning:  Undefined array key "asistenciaModificacion" in /home/soluctem/sistema.soluctem.com.co/api/submit.php on line 77
[09-Mar-2025 05:58:31 UTC] PHP Warning:  Undefined array key "asistenciaServicio" in /home/soluctem/sistema.soluctem.com.co/api/submit.php on line 78
[09-Mar-2025 05:58:31 UTC] PHP Warning:  Undefined array key "asistenciaMejora" in /home/soluctem/sistema.soluctem.com.co/api/submit.php on line 79
[09-Mar-2025 05:58:31 UTC] PHP Warning:  Undefined array key "asistenciaCombinacion" in /home/soluctem/sistema.soluctem.com.co/api/submit.php on line 80
[09-Mar-2025 05:58:31 UTC] PHP Warning:  Undefined array key "fallaOperacion" in /home/soluctem/sistema.soluctem.com.co/api/submit.php on line 81
[09-Mar-2025 05:58:31 UTC] PHP Warning:  Undefined array key "fallaMecanica" in /home/soluctem/sistema.soluctem.com.co/api/submit.php on line 82
[09-Mar-2025 05:58:31 UTC] PHP Warning:  Undefined array key "fallaElectrica" in /home/soluctem/sistema.soluctem.com.co/api/submit.php on line 83
[09-Mar-2025 05:58:31 UTC] PHP Warning:  Undefined array key "fallaTerceros" in /home/soluctem/sistema.soluctem.com.co/api/submit.php on line 84
[09-Mar-2025 05:58:31 UTC] PHP Warning:  Undefined array key "fallaFabricacion" in /home/soluctem/sistema.soluctem.com.co/api/submit.php on line 85
[09-Mar-2025 05:58:31 UTC] PHP Warning:  Undefined array key "firma_digital_cliente" in /home/soluctem/sistema.soluctem.com.co/api/submit.php on line 86
[09-Mar-2025 05:58:31 UTC] PHP Warning:  Undefined array key "firma_digital_tecnico" in /home/soluctem/sistema.soluctem.com.co/api/submit.php on line 87
[09-Mar-2025 13:13:40 UTC] PHP Warning:  Undefined array key "nombreSolicitante" in /home/soluctem/sistema.soluctem.com.co/api/submit.php on line 28
[09-Mar-2025 13:13:40 UTC] PHP Warning:  Undefined array key "cargo" in /home/soluctem/sistema.soluctem.com.co/api/submit.php on line 29
[09-Mar-2025 13:13:40 UTC] PHP Warning:  Undefined array key "nombreTienda" in /home/soluctem/sistema.soluctem.com.co/api/submit.php on line 30
[09-Mar-2025 13:13:40 UTC] PHP Warning:  Undefined array key "numeroTienda" in /home/soluctem/sistema.soluctem.com.co/api/submit.php on line 31
[09-Mar-2025 13:13:40 UTC] PHP Warning:  Undefined array key "numeroTicket" in /home/soluctem/sistema.soluctem.com.co/api/submit.php on line 32
[09-Mar-2025 13:13:40 UTC] PHP Warning:  Undefined array key "fecha" in /home/soluctem/sistema.soluctem.com.co/api/submit.php on line 33
[09-Mar-2025 13:13:40 UTC] PHP Warning:  Undefined array key "municipio" in /home/soluctem/sistema.soluctem.com.co/api/submit.php on line 34
[09-Mar-2025 13:13:40 UTC] PHP Warning:  Undefined array key "departamento" in /home/soluctem/sistema.soluctem.com.co/api/submit.php on line 35
[09-Mar-2025 13:13:40 UTC] PHP Warning:  Undefined array key "nombreEquipo" in /home/soluctem/sistema.soluctem.com.co/api/submit.php on line 36
[09-Mar-2025 13:13:40 UTC] PHP Warning:  Undefined array key "marca" in /home/soluctem/sistema.soluctem.com.co/api/submit.php on line 37
[09-Mar-2025 13:13:40 UTC] PHP Warning:  Undefined array key "serial" in /home/soluctem/sistema.soluctem.com.co/api/submit.php on line 38
[09-Mar-2025 13:13:40 UTC] PHP Warning:  Undefined array key "descripcionFalla" in /home/soluctem/sistema.soluctem.com.co/api/submit.php on line 39
[09-Mar-2025 13:13:40 UTC] PHP Warning:  Undefined array key "diagnosticoTecnico" in /home/soluctem/sistema.soluctem.com.co/api/submit.php on line 40
[09-Mar-2025 13:13:40 UTC] PHP Warning:  Undefined array key "repuestosCambiados" in /home/soluctem/sistema.soluctem.com.co/api/submit.php on line 41
[09-Mar-2025 13:13:40 UTC] PHP Warning:  Undefined array key "observaciones" in /home/soluctem/sistema.soluctem.com.co/api/submit.php on line 42
[09-Mar-2025 13:13:40 UTC] PHP Warning:  Undefined array key "seguridadRiesgoAccidentalidad" in /home/soluctem/sistema.soluctem.com.co/api/submit.php on line 43
[09-Mar-2025 13:13:40 UTC] PHP Warning:  Undefined array key "seguridadRiesgoEquipo" in /home/soluctem/sistema.soluctem.com.co/api/submit.php on line 44
[09-Mar-2025 13:13:40 UTC] PHP Warning:  Undefined array key "funcionamientoFallaSolucionada" in /home/soluctem/sistema.soluctem.com.co/api/submit.php on line 45
[09-Mar-2025 13:13:40 UTC] PHP Warning:  Undefined array key "funcionamientoPasosNormales" in /home/soluctem/sistema.soluctem.com.co/api/submit.php on line 46
[09-Mar-2025 13:13:40 UTC] PHP Warning:  Undefined array key "calidadTrabajo" in /home/soluctem/sistema.soluctem.com.co/api/submit.php on line 47
[09-Mar-2025 13:13:40 UTC] PHP Warning:  Undefined array key "limpiezaOrganizacionArmado" in /home/soluctem/sistema.soluctem.com.co/api/submit.php on line 48
[09-Mar-2025 13:13:40 UTC] PHP Warning:  Undefined array key "limpiezaOrganizacionAseado" in /home/soluctem/sistema.soluctem.com.co/api/submit.php on line 49
[09-Mar-2025 13:13:40 UTC] PHP Warning:  Undefined array key "capacitacionCausa" in /home/soluctem/sistema.soluctem.com.co/api/submit.php on line 50
[09-Mar-2025 13:13:40 UTC] PHP Warning:  Undefined array key "capacitacionPrevencion" in /home/soluctem/sistema.soluctem.com.co/api/submit.php on line 51
[09-Mar-2025 13:13:40 UTC] PHP Warning:  Undefined array key "capacitacionAccion" in /home/soluctem/sistema.soluctem.com.co/api/submit.php on line 52
[09-Mar-2025 13:13:40 UTC] PHP Warning:  Undefined array key "contratista1" in /home/soluctem/sistema.soluctem.com.co/api/submit.php on line 53
[09-Mar-2025 13:13:40 UTC] PHP Warning:  Undefined array key "cedula1" in /home/soluctem/sistema.soluctem.com.co/api/submit.php on line 54
[09-Mar-2025 13:13:40 UTC] PHP Warning:  Undefined array key "horaEntrada1" in /home/soluctem/sistema.soluctem.com.co/api/submit.php on line 55
[09-Mar-2025 13:13:40 UTC] PHP Warning:  Undefined array key "horaSalida1" in /home/soluctem/sistema.soluctem.com.co/api/submit.php on line 56
[09-Mar-2025 13:13:40 UTC] PHP Warning:  Undefined array key "contratista2" in /home/soluctem/sistema.soluctem.com.co/api/submit.php on line 57
[09-Mar-2025 13:13:40 UTC] PHP Warning:  Undefined array key "cedula2" in /home/soluctem/sistema.soluctem.com.co/api/submit.php on line 58
[09-Mar-2025 13:13:40 UTC] PHP Warning:  Undefined array key "horaEntrada2" in /home/soluctem/sistema.soluctem.com.co/api/submit.php on line 59
[09-Mar-2025 13:13:40 UTC] PHP Warning:  Undefined array key "horaSalida2" in /home/soluctem/sistema.soluctem.com.co/api/submit.php on line 60
[09-Mar-2025 13:13:40 UTC] PHP Warning:  Undefined array key "contratista3" in /home/soluctem/sistema.soluctem.com.co/api/submit.php on line 61
[09-Mar-2025 13:13:40 UTC] PHP Warning:  Undefined array key "cedula3" in /home/soluctem/sistema.soluctem.com.co/api/submit.php on line 62
[09-Mar-2025 13:13:40 UTC] PHP Warning:  Undefined array key "horaEntrada3" in /home/soluctem/sistema.soluctem.com.co/api/submit.php on line 63
[09-Mar-2025 13:13:40 UTC] PHP Warning:  Undefined array key "horaSalida3" in /home/soluctem/sistema.soluctem.com.co/api/submit.php on line 64
[09-Mar-2025 13:13:40 UTC] PHP Warning:  Undefined array key "contratista4" in /home/soluctem/sistema.soluctem.com.co/api/submit.php on line 65
[09-Mar-2025 13:13:40 UTC] PHP Warning:  Undefined array key "cedula4" in /home/soluctem/sistema.soluctem.com.co/api/submit.php on line 66
[09-Mar-2025 13:13:40 UTC] PHP Warning:  Undefined array key "horaEntrada4" in /home/soluctem/sistema.soluctem.com.co/api/submit.php on line 67
[09-Mar-2025 13:13:40 UTC] PHP Warning:  Undefined array key "horaSalida4" in /home/soluctem/sistema.soluctem.com.co/api/submit.php on line 68
[09-Mar-2025 13:13:40 UTC] PHP Warning:  Undefined array key "nombreFuncionario" in /home/soluctem/sistema.soluctem.com.co/api/submit.php on line 69
[09-Mar-2025 13:13:40 UTC] PHP Warning:  Undefined array key "cedulaFuncionario" in /home/soluctem/sistema.soluctem.com.co/api/submit.php on line 70
[09-Mar-2025 13:13:40 UTC] PHP Warning:  Undefined array key "cargoFuncionario" in /home/soluctem/sistema.soluctem.com.co/api/submit.php on line 71
[09-Mar-2025 13:13:40 UTC] PHP Warning:  Undefined array key "sapFuncionario" in /home/soluctem/sistema.soluctem.com.co/api/submit.php on line 72
[09-Mar-2025 13:13:40 UTC] PHP Warning:  Undefined array key "timestamp" in /home/soluctem/sistema.soluctem.com.co/api/submit.php on line 73
[09-Mar-2025 13:13:40 UTC] PHP Warning:  Undefined array key "asistenciaReparacion" in /home/soluctem/sistema.soluctem.com.co/api/submit.php on line 74
[09-Mar-2025 13:13:40 UTC] PHP Warning:  Undefined array key "asistenciaGarantia" in /home/soluctem/sistema.soluctem.com.co/api/submit.php on line 75
[09-Mar-2025 13:13:40 UTC] PHP Warning:  Undefined array key "asistenciaAjuste" in /home/soluctem/sistema.soluctem.com.co/api/submit.php on line 76
[09-Mar-2025 13:13:40 UTC] PHP Warning:  Undefined array key "asistenciaModificacion" in /home/soluctem/sistema.soluctem.com.co/api/submit.php on line 77
[09-Mar-2025 13:13:40 UTC] PHP Warning:  Undefined array key "asistenciaServicio" in /home/soluctem/sistema.soluctem.com.co/api/submit.php on line 78
[09-Mar-2025 13:13:40 UTC] PHP Warning:  Undefined array key "asistenciaMejora" in /home/soluctem/sistema.soluctem.com.co/api/submit.php on line 79
[09-Mar-2025 13:13:40 UTC] PHP Warning:  Undefined array key "asistenciaCombinacion" in /home/soluctem/sistema.soluctem.com.co/api/submit.php on line 80
[09-Mar-2025 13:13:40 UTC] PHP Warning:  Undefined array key "fallaOperacion" in /home/soluctem/sistema.soluctem.com.co/api/submit.php on line 81
[09-Mar-2025 13:13:40 UTC] PHP Warning:  Undefined array key "fallaMecanica" in /home/soluctem/sistema.soluctem.com.co/api/submit.php on line 82
[09-Mar-2025 13:13:40 UTC] PHP Warning:  Undefined array key "fallaElectrica" in /home/soluctem/sistema.soluctem.com.co/api/submit.php on line 83
[09-Mar-2025 13:13:40 UTC] PHP Warning:  Undefined array key "fallaTerceros" in /home/soluctem/sistema.soluctem.com.co/api/submit.php on line 84
[09-Mar-2025 13:13:40 UTC] PHP Warning:  Undefined array key "fallaFabricacion" in /home/soluctem/sistema.soluctem.com.co/api/submit.php on line 85
[09-Mar-2025 13:13:40 UTC] PHP Warning:  Undefined array key "firma_digital_cliente" in /home/soluctem/sistema.soluctem.com.co/api/submit.php on line 86
[09-Mar-2025 13:13:40 UTC] PHP Warning:  Undefined array key "firma_digital_tecnico" in /home/soluctem/sistema.soluctem.com.co/api/submit.php on line 87
[10-Mar-2025 18:20:35 UTC] PHP Warning:  Undefined array key "nombreSolicitante" in /home/soluctem/sistema.soluctem.com.co/api/submit.php on line 28
[10-Mar-2025 18:20:35 UTC] PHP Warning:  Undefined array key "cargo" in /home/soluctem/sistema.soluctem.com.co/api/submit.php on line 29
[10-Mar-2025 18:20:35 UTC] PHP Warning:  Undefined array key "nombreTienda" in /home/soluctem/sistema.soluctem.com.co/api/submit.php on line 30
[10-Mar-2025 18:20:35 UTC] PHP Warning:  Undefined array key "numeroTienda" in /home/soluctem/sistema.soluctem.com.co/api/submit.php on line 31
[10-Mar-2025 18:20:35 UTC] PHP Warning:  Undefined array key "numeroTicket" in /home/soluctem/sistema.soluctem.com.co/api/submit.php on line 32
[10-Mar-2025 18:20:35 UTC] PHP Warning:  Undefined array key "fecha" in /home/soluctem/sistema.soluctem.com.co/api/submit.php on line 33
[10-Mar-2025 18:20:35 UTC] PHP Warning:  Undefined array key "municipio" in /home/soluctem/sistema.soluctem.com.co/api/submit.php on line 34
[10-Mar-2025 18:20:35 UTC] PHP Warning:  Undefined array key "departamento" in /home/soluctem/sistema.soluctem.com.co/api/submit.php on line 35
[10-Mar-2025 18:20:35 UTC] PHP Warning:  Undefined array key "nombreEquipo" in /home/soluctem/sistema.soluctem.com.co/api/submit.php on line 36
[10-Mar-2025 18:20:35 UTC] PHP Warning:  Undefined array key "marca" in /home/soluctem/sistema.soluctem.com.co/api/submit.php on line 37
[10-Mar-2025 18:20:35 UTC] PHP Warning:  Undefined array key "serial" in /home/soluctem/sistema.soluctem.com.co/api/submit.php on line 38
[10-Mar-2025 18:20:35 UTC] PHP Warning:  Undefined array key "descripcionFalla" in /home/soluctem/sistema.soluctem.com.co/api/submit.php on line 39
[10-Mar-2025 18:20:35 UTC] PHP Warning:  Undefined array key "diagnosticoTecnico" in /home/soluctem/sistema.soluctem.com.co/api/submit.php on line 40
[10-Mar-2025 18:20:35 UTC] PHP Warning:  Undefined array key "repuestosCambiados" in /home/soluctem/sistema.soluctem.com.co/api/submit.php on line 41
[10-Mar-2025 18:20:35 UTC] PHP Warning:  Undefined array key "observaciones" in /home/soluctem/sistema.soluctem.com.co/api/submit.php on line 42
[10-Mar-2025 18:20:35 UTC] PHP Warning:  Undefined array key "seguridadRiesgoAccidentalidad" in /home/soluctem/sistema.soluctem.com.co/api/submit.php on line 43
[10-Mar-2025 18:20:35 UTC] PHP Warning:  Undefined array key "seguridadRiesgoEquipo" in /home/soluctem/sistema.soluctem.com.co/api/submit.php on line 44
[10-Mar-2025 18:20:35 UTC] PHP Warning:  Undefined array key "funcionamientoFallaSolucionada" in /home/soluctem/sistema.soluctem.com.co/api/submit.php on line 45
[10-Mar-2025 18:20:35 UTC] PHP Warning:  Undefined array key "funcionamientoPasosNormales" in /home/soluctem/sistema.soluctem.com.co/api/submit.php on line 46
[10-Mar-2025 18:20:35 UTC] PHP Warning:  Undefined array key "calidadTrabajo" in /home/soluctem/sistema.soluctem.com.co/api/submit.php on line 47
[10-Mar-2025 18:20:35 UTC] PHP Warning:  Undefined array key "limpiezaOrganizacionArmado" in /home/soluctem/sistema.soluctem.com.co/api/submit.php on line 48
[10-Mar-2025 18:20:35 UTC] PHP Warning:  Undefined array key "limpiezaOrganizacionAseado" in /home/soluctem/sistema.soluctem.com.co/api/submit.php on line 49
[10-Mar-2025 18:20:35 UTC] PHP Warning:  Undefined array key "capacitacionCausa" in /home/soluctem/sistema.soluctem.com.co/api/submit.php on line 50
[10-Mar-2025 18:20:35 UTC] PHP Warning:  Undefined array key "capacitacionPrevencion" in /home/soluctem/sistema.soluctem.com.co/api/submit.php on line 51
[10-Mar-2025 18:20:35 UTC] PHP Warning:  Undefined array key "capacitacionAccion" in /home/soluctem/sistema.soluctem.com.co/api/submit.php on line 52
[10-Mar-2025 18:20:35 UTC] PHP Warning:  Undefined array key "contratista1" in /home/soluctem/sistema.soluctem.com.co/api/submit.php on line 53
[10-Mar-2025 18:20:35 UTC] PHP Warning:  Undefined array key "cedula1" in /home/soluctem/sistema.soluctem.com.co/api/submit.php on line 54
[10-Mar-2025 18:20:35 UTC] PHP Warning:  Undefined array key "horaEntrada1" in /home/soluctem/sistema.soluctem.com.co/api/submit.php on line 55
[10-Mar-2025 18:20:35 UTC] PHP Warning:  Undefined array key "horaSalida1" in /home/soluctem/sistema.soluctem.com.co/api/submit.php on line 56
[10-Mar-2025 18:20:35 UTC] PHP Warning:  Undefined array key "contratista2" in /home/soluctem/sistema.soluctem.com.co/api/submit.php on line 57
[10-Mar-2025 18:20:35 UTC] PHP Warning:  Undefined array key "cedula2" in /home/soluctem/sistema.soluctem.com.co/api/submit.php on line 58
[10-Mar-2025 18:20:35 UTC] PHP Warning:  Undefined array key "horaEntrada2" in /home/soluctem/sistema.soluctem.com.co/api/submit.php on line 59
[10-Mar-2025 18:20:35 UTC] PHP Warning:  Undefined array key "horaSalida2" in /home/soluctem/sistema.soluctem.com.co/api/submit.php on line 60
[10-Mar-2025 18:20:35 UTC] PHP Warning:  Undefined array key "contratista3" in /home/soluctem/sistema.soluctem.com.co/api/submit.php on line 61
[10-Mar-2025 18:20:35 UTC] PHP Warning:  Undefined array key "cedula3" in /home/soluctem/sistema.soluctem.com.co/api/submit.php on line 62
[10-Mar-2025 18:20:35 UTC] PHP Warning:  Undefined array key "horaEntrada3" in /home/soluctem/sistema.soluctem.com.co/api/submit.php on line 63
[10-Mar-2025 18:20:35 UTC] PHP Warning:  Undefined array key "horaSalida3" in /home/soluctem/sistema.soluctem.com.co/api/submit.php on line 64
[10-Mar-2025 18:20:35 UTC] PHP Warning:  Undefined array key "contratista4" in /home/soluctem/sistema.soluctem.com.co/api/submit.php on line 65
[10-Mar-2025 18:20:35 UTC] PHP Warning:  Undefined array key "cedula4" in /home/soluctem/sistema.soluctem.com.co/api/submit.php on line 66
[10-Mar-2025 18:20:35 UTC] PHP Warning:  Undefined array key "horaEntrada4" in /home/soluctem/sistema.soluctem.com.co/api/submit.php on line 67
[10-Mar-2025 18:20:35 UTC] PHP Warning:  Undefined array key "horaSalida4" in /home/soluctem/sistema.soluctem.com.co/api/submit.php on line 68
[10-Mar-2025 18:20:35 UTC] PHP Warning:  Undefined array key "nombreFuncionario" in /home/soluctem/sistema.soluctem.com.co/api/submit.php on line 69
[10-Mar-2025 18:20:35 UTC] PHP Warning:  Undefined array key "cedulaFuncionario" in /home/soluctem/sistema.soluctem.com.co/api/submit.php on line 70
[10-Mar-2025 18:20:35 UTC] PHP Warning:  Undefined array key "cargoFuncionario" in /home/soluctem/sistema.soluctem.com.co/api/submit.php on line 71
[10-Mar-2025 18:20:35 UTC] PHP Warning:  Undefined array key "sapFuncionario" in /home/soluctem/sistema.soluctem.com.co/api/submit.php on line 72
[10-Mar-2025 18:20:35 UTC] PHP Warning:  Undefined array key "timestamp" in /home/soluctem/sistema.soluctem.com.co/api/submit.php on line 73
[10-Mar-2025 18:20:35 UTC] PHP Warning:  Undefined array key "asistenciaReparacion" in /home/soluctem/sistema.soluctem.com.co/api/submit.php on line 74
[10-Mar-2025 18:20:35 UTC] PHP Warning:  Undefined array key "asistenciaGarantia" in /home/soluctem/sistema.soluctem.com.co/api/submit.php on line 75
[10-Mar-2025 18:20:35 UTC] PHP Warning:  Undefined array key "asistenciaAjuste" in /home/soluctem/sistema.soluctem.com.co/api/submit.php on line 76
[10-Mar-2025 18:20:35 UTC] PHP Warning:  Undefined array key "asistenciaModificacion" in /home/soluctem/sistema.soluctem.com.co/api/submit.php on line 77
[10-Mar-2025 18:20:35 UTC] PHP Warning:  Undefined array key "asistenciaServicio" in /home/soluctem/sistema.soluctem.com.co/api/submit.php on line 78
[10-Mar-2025 18:20:35 UTC] PHP Warning:  Undefined array key "asistenciaMejora" in /home/soluctem/sistema.soluctem.com.co/api/submit.php on line 79
[10-Mar-2025 18:20:35 UTC] PHP Warning:  Undefined array key "asistenciaCombinacion" in /home/soluctem/sistema.soluctem.com.co/api/submit.php on line 80
[10-Mar-2025 18:20:35 UTC] PHP Warning:  Undefined array key "fallaOperacion" in /home/soluctem/sistema.soluctem.com.co/api/submit.php on line 81
[10-Mar-2025 18:20:35 UTC] PHP Warning:  Undefined array key "fallaMecanica" in /home/soluctem/sistema.soluctem.com.co/api/submit.php on line 82
[10-Mar-2025 18:20:35 UTC] PHP Warning:  Undefined array key "fallaElectrica" in /home/soluctem/sistema.soluctem.com.co/api/submit.php on line 83
[10-Mar-2025 18:20:35 UTC] PHP Warning:  Undefined array key "fallaTerceros" in /home/soluctem/sistema.soluctem.com.co/api/submit.php on line 84
[10-Mar-2025 18:20:35 UTC] PHP Warning:  Undefined array key "fallaFabricacion" in /home/soluctem/sistema.soluctem.com.co/api/submit.php on line 85
[10-Mar-2025 18:20:35 UTC] PHP Warning:  Undefined array key "firma_digital_cliente" in /home/soluctem/sistema.soluctem.com.co/api/submit.php on line 86
[10-Mar-2025 18:20:35 UTC] PHP Warning:  Undefined array key "firma_digital_tecnico" in /home/soluctem/sistema.soluctem.com.co/api/submit.php on line 87
[10-Mar-2025 19:26:28 UTC] PHP Warning:  Undefined array key "nombreSolicitante" in /home/soluctem/sistema.soluctem.com.co/api/submit.php on line 28
[10-Mar-2025 19:26:28 UTC] PHP Warning:  Undefined array key "cargo" in /home/soluctem/sistema.soluctem.com.co/api/submit.php on line 29
[10-Mar-2025 19:26:28 UTC] PHP Warning:  Undefined array key "nombreTienda" in /home/soluctem/sistema.soluctem.com.co/api/submit.php on line 30
[10-Mar-2025 19:26:28 UTC] PHP Warning:  Undefined array key "numeroTienda" in /home/soluctem/sistema.soluctem.com.co/api/submit.php on line 31
[10-Mar-2025 19:26:28 UTC] PHP Warning:  Undefined array key "numeroTicket" in /home/soluctem/sistema.soluctem.com.co/api/submit.php on line 32
[10-Mar-2025 19:26:28 UTC] PHP Warning:  Undefined array key "fecha" in /home/soluctem/sistema.soluctem.com.co/api/submit.php on line 33
[10-Mar-2025 19:26:28 UTC] PHP Warning:  Undefined array key "municipio" in /home/soluctem/sistema.soluctem.com.co/api/submit.php on line 34
[10-Mar-2025 19:26:28 UTC] PHP Warning:  Undefined array key "departamento" in /home/soluctem/sistema.soluctem.com.co/api/submit.php on line 35
[10-Mar-2025 19:26:28 UTC] PHP Warning:  Undefined array key "nombreEquipo" in /home/soluctem/sistema.soluctem.com.co/api/submit.php on line 36
[10-Mar-2025 19:26:28 UTC] PHP Warning:  Undefined array key "marca" in /home/soluctem/sistema.soluctem.com.co/api/submit.php on line 37
[10-Mar-2025 19:26:28 UTC] PHP Warning:  Undefined array key "serial" in /home/soluctem/sistema.soluctem.com.co/api/submit.php on line 38
[10-Mar-2025 19:26:28 UTC] PHP Warning:  Undefined array key "descripcionFalla" in /home/soluctem/sistema.soluctem.com.co/api/submit.php on line 39
[10-Mar-2025 19:26:28 UTC] PHP Warning:  Undefined array key "diagnosticoTecnico" in /home/soluctem/sistema.soluctem.com.co/api/submit.php on line 40
[10-Mar-2025 19:26:28 UTC] PHP Warning:  Undefined array key "repuestosCambiados" in /home/soluctem/sistema.soluctem.com.co/api/submit.php on line 41
[10-Mar-2025 19:26:28 UTC] PHP Warning:  Undefined array key "observaciones" in /home/soluctem/sistema.soluctem.com.co/api/submit.php on line 42
[10-Mar-2025 19:26:28 UTC] PHP Warning:  Undefined array key "seguridadRiesgoAccidentalidad" in /home/soluctem/sistema.soluctem.com.co/api/submit.php on line 43
[10-Mar-2025 19:26:28 UTC] PHP Warning:  Undefined array key "seguridadRiesgoEquipo" in /home/soluctem/sistema.soluctem.com.co/api/submit.php on line 44
[10-Mar-2025 19:26:28 UTC] PHP Warning:  Undefined array key "funcionamientoFallaSolucionada" in /home/soluctem/sistema.soluctem.com.co/api/submit.php on line 45
[10-Mar-2025 19:26:28 UTC] PHP Warning:  Undefined array key "funcionamientoPasosNormales" in /home/soluctem/sistema.soluctem.com.co/api/submit.php on line 46
[10-Mar-2025 19:26:28 UTC] PHP Warning:  Undefined array key "calidadTrabajo" in /home/soluctem/sistema.soluctem.com.co/api/submit.php on line 47
[10-Mar-2025 19:26:28 UTC] PHP Warning:  Undefined array key "limpiezaOrganizacionArmado" in /home/soluctem/sistema.soluctem.com.co/api/submit.php on line 48
[10-Mar-2025 19:26:28 UTC] PHP Warning:  Undefined array key "limpiezaOrganizacionAseado" in /home/soluctem/sistema.soluctem.com.co/api/submit.php on line 49
[10-Mar-2025 19:26:28 UTC] PHP Warning:  Undefined array key "capacitacionCausa" in /home/soluctem/sistema.soluctem.com.co/api/submit.php on line 50
[10-Mar-2025 19:26:28 UTC] PHP Warning:  Undefined array key "capacitacionPrevencion" in /home/soluctem/sistema.soluctem.com.co/api/submit.php on line 51
[10-Mar-2025 19:26:28 UTC] PHP Warning:  Undefined array key "capacitacionAccion" in /home/soluctem/sistema.soluctem.com.co/api/submit.php on line 52
[10-Mar-2025 19:26:28 UTC] PHP Warning:  Undefined array key "contratista1" in /home/soluctem/sistema.soluctem.com.co/api/submit.php on line 53
[10-Mar-2025 19:26:28 UTC] PHP Warning:  Undefined array key "cedula1" in /home/soluctem/sistema.soluctem.com.co/api/submit.php on line 54
[10-Mar-2025 19:26:28 UTC] PHP Warning:  Undefined array key "horaEntrada1" in /home/soluctem/sistema.soluctem.com.co/api/submit.php on line 55
[10-Mar-2025 19:26:28 UTC] PHP Warning:  Undefined array key "horaSalida1" in /home/soluctem/sistema.soluctem.com.co/api/submit.php on line 56
[10-Mar-2025 19:26:28 UTC] PHP Warning:  Undefined array key "contratista2" in /home/soluctem/sistema.soluctem.com.co/api/submit.php on line 57
[10-Mar-2025 19:26:28 UTC] PHP Warning:  Undefined array key "cedula2" in /home/soluctem/sistema.soluctem.com.co/api/submit.php on line 58
[10-Mar-2025 19:26:28 UTC] PHP Warning:  Undefined array key "horaEntrada2" in /home/soluctem/sistema.soluctem.com.co/api/submit.php on line 59
[10-Mar-2025 19:26:28 UTC] PHP Warning:  Undefined array key "horaSalida2" in /home/soluctem/sistema.soluctem.com.co/api/submit.php on line 60
[10-Mar-2025 19:26:28 UTC] PHP Warning:  Undefined array key "contratista3" in /home/soluctem/sistema.soluctem.com.co/api/submit.php on line 61
[10-Mar-2025 19:26:28 UTC] PHP Warning:  Undefined array key "cedula3" in /home/soluctem/sistema.soluctem.com.co/api/submit.php on line 62
[10-Mar-2025 19:26:28 UTC] PHP Warning:  Undefined array key "horaEntrada3" in /home/soluctem/sistema.soluctem.com.co/api/submit.php on line 63
[10-Mar-2025 19:26:28 UTC] PHP Warning:  Undefined array key "horaSalida3" in /home/soluctem/sistema.soluctem.com.co/api/submit.php on line 64
[10-Mar-2025 19:26:28 UTC] PHP Warning:  Undefined array key "contratista4" in /home/soluctem/sistema.soluctem.com.co/api/submit.php on line 65
[10-Mar-2025 19:26:28 UTC] PHP Warning:  Undefined array key "cedula4" in /home/soluctem/sistema.soluctem.com.co/api/submit.php on line 66
[10-Mar-2025 19:26:28 UTC] PHP Warning:  Undefined array key "horaEntrada4" in /home/soluctem/sistema.soluctem.com.co/api/submit.php on line 67
[10-Mar-2025 19:26:28 UTC] PHP Warning:  Undefined array key "horaSalida4" in /home/soluctem/sistema.soluctem.com.co/api/submit.php on line 68
[10-Mar-2025 19:26:28 UTC] PHP Warning:  Undefined array key "nombreFuncionario" in /home/soluctem/sistema.soluctem.com.co/api/submit.php on line 69
[10-Mar-2025 19:26:28 UTC] PHP Warning:  Undefined array key "cedulaFuncionario" in /home/soluctem/sistema.soluctem.com.co/api/submit.php on line 70
[10-Mar-2025 19:26:28 UTC] PHP Warning:  Undefined array key "cargoFuncionario" in /home/soluctem/sistema.soluctem.com.co/api/submit.php on line 71
[10-Mar-2025 19:26:28 UTC] PHP Warning:  Undefined array key "sapFuncionario" in /home/soluctem/sistema.soluctem.com.co/api/submit.php on line 72
[10-Mar-2025 19:26:28 UTC] PHP Warning:  Undefined array key "timestamp" in /home/soluctem/sistema.soluctem.com.co/api/submit.php on line 73
[10-Mar-2025 19:26:28 UTC] PHP Warning:  Undefined array key "asistenciaReparacion" in /home/soluctem/sistema.soluctem.com.co/api/submit.php on line 74
[10-Mar-2025 19:26:28 UTC] PHP Warning:  Undefined array key "asistenciaGarantia" in /home/soluctem/sistema.soluctem.com.co/api/submit.php on line 75
[10-Mar-2025 19:26:28 UTC] PHP Warning:  Undefined array key "asistenciaAjuste" in /home/soluctem/sistema.soluctem.com.co/api/submit.php on line 76
[10-Mar-2025 19:26:28 UTC] PHP Warning:  Undefined array key "asistenciaModificacion" in /home/soluctem/sistema.soluctem.com.co/api/submit.php on line 77
[10-Mar-2025 19:26:28 UTC] PHP Warning:  Undefined array key "asistenciaServicio" in /home/soluctem/sistema.soluctem.com.co/api/submit.php on line 78
[10-Mar-2025 19:26:28 UTC] PHP Warning:  Undefined array key "asistenciaMejora" in /home/soluctem/sistema.soluctem.com.co/api/submit.php on line 79
[10-Mar-2025 19:26:28 UTC] PHP Warning:  Undefined array key "asistenciaCombinacion" in /home/soluctem/sistema.soluctem.com.co/api/submit.php on line 80
[10-Mar-2025 19:26:28 UTC] PHP Warning:  Undefined array key "fallaOperacion" in /home/soluctem/sistema.soluctem.com.co/api/submit.php on line 81
[10-Mar-2025 19:26:28 UTC] PHP Warning:  Undefined array key "fallaMecanica" in /home/soluctem/sistema.soluctem.com.co/api/submit.php on line 82
[10-Mar-2025 19:26:28 UTC] PHP Warning:  Undefined array key "fallaElectrica" in /home/soluctem/sistema.soluctem.com.co/api/submit.php on line 83
[10-Mar-2025 19:26:28 UTC] PHP Warning:  Undefined array key "fallaTerceros" in /home/soluctem/sistema.soluctem.com.co/api/submit.php on line 84
[10-Mar-2025 19:26:28 UTC] PHP Warning:  Undefined array key "fallaFabricacion" in /home/soluctem/sistema.soluctem.com.co/api/submit.php on line 85
[10-Mar-2025 19:26:28 UTC] PHP Warning:  Undefined array key "firma_digital_cliente" in /home/soluctem/sistema.soluctem.com.co/api/submit.php on line 86
[10-Mar-2025 19:26:28 UTC] PHP Warning:  Undefined array key "firma_digital_tecnico" in /home/soluctem/sistema.soluctem.com.co/api/submit.php on line 87
[10-Mar-2025 22:45:57 UTC] PHP Warning:  Undefined array key "nombreSolicitante" in /home/soluctem/sistema.soluctem.com.co/api/submit.php on line 28
[10-Mar-2025 22:45:57 UTC] PHP Warning:  Undefined array key "cargo" in /home/soluctem/sistema.soluctem.com.co/api/submit.php on line 29
[10-Mar-2025 22:45:57 UTC] PHP Warning:  Undefined array key "nombreTienda" in /home/soluctem/sistema.soluctem.com.co/api/submit.php on line 30
[10-Mar-2025 22:45:57 UTC] PHP Warning:  Undefined array key "numeroTienda" in /home/soluctem/sistema.soluctem.com.co/api/submit.php on line 31
[10-Mar-2025 22:45:57 UTC] PHP Warning:  Undefined array key "numeroTicket" in /home/soluctem/sistema.soluctem.com.co/api/submit.php on line 32
[10-Mar-2025 22:45:57 UTC] PHP Warning:  Undefined array key "fecha" in /home/soluctem/sistema.soluctem.com.co/api/submit.php on line 33
[10-Mar-2025 22:45:57 UTC] PHP Warning:  Undefined array key "municipio" in /home/soluctem/sistema.soluctem.com.co/api/submit.php on line 34
[10-Mar-2025 22:45:57 UTC] PHP Warning:  Undefined array key "departamento" in /home/soluctem/sistema.soluctem.com.co/api/submit.php on line 35
[10-Mar-2025 22:45:57 UTC] PHP Warning:  Undefined array key "nombreEquipo" in /home/soluctem/sistema.soluctem.com.co/api/submit.php on line 36
[10-Mar-2025 22:45:57 UTC] PHP Warning:  Undefined array key "marca" in /home/soluctem/sistema.soluctem.com.co/api/submit.php on line 37
[10-Mar-2025 22:45:57 UTC] PHP Warning:  Undefined array key "serial" in /home/soluctem/sistema.soluctem.com.co/api/submit.php on line 38
[10-Mar-2025 22:45:57 UTC] PHP Warning:  Undefined array key "descripcionFalla" in /home/soluctem/sistema.soluctem.com.co/api/submit.php on line 39
[10-Mar-2025 22:45:57 UTC] PHP Warning:  Undefined array key "diagnosticoTecnico" in /home/soluctem/sistema.soluctem.com.co/api/submit.php on line 40
[10-Mar-2025 22:45:57 UTC] PHP Warning:  Undefined array key "repuestosCambiados" in /home/soluctem/sistema.soluctem.com.co/api/submit.php on line 41
[10-Mar-2025 22:45:57 UTC] PHP Warning:  Undefined array key "observaciones" in /home/soluctem/sistema.soluctem.com.co/api/submit.php on line 42
[10-Mar-2025 22:45:57 UTC] PHP Warning:  Undefined array key "seguridadRiesgoAccidentalidad" in /home/soluctem/sistema.soluctem.com.co/api/submit.php on line 43
[10-Mar-2025 22:45:57 UTC] PHP Warning:  Undefined array key "seguridadRiesgoEquipo" in /home/soluctem/sistema.soluctem.com.co/api/submit.php on line 44
[10-Mar-2025 22:45:57 UTC] PHP Warning:  Undefined array key "funcionamientoFallaSolucionada" in /home/soluctem/sistema.soluctem.com.co/api/submit.php on line 45
[10-Mar-2025 22:45:57 UTC] PHP Warning:  Undefined array key "funcionamientoPasosNormales" in /home/soluctem/sistema.soluctem.com.co/api/submit.php on line 46
[10-Mar-2025 22:45:57 UTC] PHP Warning:  Undefined array key "calidadTrabajo" in /home/soluctem/sistema.soluctem.com.co/api/submit.php on line 47
[10-Mar-2025 22:45:57 UTC] PHP Warning:  Undefined array key "limpiezaOrganizacionArmado" in /home/soluctem/sistema.soluctem.com.co/api/submit.php on line 48
[10-Mar-2025 22:45:57 UTC] PHP Warning:  Undefined array key "limpiezaOrganizacionAseado" in /home/soluctem/sistema.soluctem.com.co/api/submit.php on line 49
[10-Mar-2025 22:45:57 UTC] PHP Warning:  Undefined array key "capacitacionCausa" in /home/soluctem/sistema.soluctem.com.co/api/submit.php on line 50
[10-Mar-2025 22:45:57 UTC] PHP Warning:  Undefined array key "capacitacionPrevencion" in /home/soluctem/sistema.soluctem.com.co/api/submit.php on line 51
[10-Mar-2025 22:45:57 UTC] PHP Warning:  Undefined array key "capacitacionAccion" in /home/soluctem/sistema.soluctem.com.co/api/submit.php on line 52
[10-Mar-2025 22:45:57 UTC] PHP Warning:  Undefined array key "contratista1" in /home/soluctem/sistema.soluctem.com.co/api/submit.php on line 53
[10-Mar-2025 22:45:57 UTC] PHP Warning:  Undefined array key "cedula1" in /home/soluctem/sistema.soluctem.com.co/api/submit.php on line 54
[10-Mar-2025 22:45:57 UTC] PHP Warning:  Undefined array key "horaEntrada1" in /home/soluctem/sistema.soluctem.com.co/api/submit.php on line 55
[10-Mar-2025 22:45:57 UTC] PHP Warning:  Undefined array key "horaSalida1" in /home/soluctem/sistema.soluctem.com.co/api/submit.php on line 56
[10-Mar-2025 22:45:57 UTC] PHP Warning:  Undefined array key "contratista2" in /home/soluctem/sistema.soluctem.com.co/api/submit.php on line 57
[10-Mar-2025 22:45:57 UTC] PHP Warning:  Undefined array key "cedula2" in /home/soluctem/sistema.soluctem.com.co/api/submit.php on line 58
[10-Mar-2025 22:45:57 UTC] PHP Warning:  Undefined array key "horaEntrada2" in /home/soluctem/sistema.soluctem.com.co/api/submit.php on line 59
[10-Mar-2025 22:45:57 UTC] PHP Warning:  Undefined array key "horaSalida2" in /home/soluctem/sistema.soluctem.com.co/api/submit.php on line 60
[10-Mar-2025 22:45:57 UTC] PHP Warning:  Undefined array key "contratista3" in /home/soluctem/sistema.soluctem.com.co/api/submit.php on line 61
[10-Mar-2025 22:45:57 UTC] PHP Warning:  Undefined array key "cedula3" in /home/soluctem/sistema.soluctem.com.co/api/submit.php on line 62
[10-Mar-2025 22:45:57 UTC] PHP Warning:  Undefined array key "horaEntrada3" in /home/soluctem/sistema.soluctem.com.co/api/submit.php on line 63
[10-Mar-2025 22:45:57 UTC] PHP Warning:  Undefined array key "horaSalida3" in /home/soluctem/sistema.soluctem.com.co/api/submit.php on line 64
[10-Mar-2025 22:45:57 UTC] PHP Warning:  Undefined array key "contratista4" in /home/soluctem/sistema.soluctem.com.co/api/submit.php on line 65
[10-Mar-2025 22:45:57 UTC] PHP Warning:  Undefined array key "cedula4" in /home/soluctem/sistema.soluctem.com.co/api/submit.php on line 66
[10-Mar-2025 22:45:57 UTC] PHP Warning:  Undefined array key "horaEntrada4" in /home/soluctem/sistema.soluctem.com.co/api/submit.php on line 67
[10-Mar-2025 22:45:57 UTC] PHP Warning:  Undefined array key "horaSalida4" in /home/soluctem/sistema.soluctem.com.co/api/submit.php on line 68
[10-Mar-2025 22:45:57 UTC] PHP Warning:  Undefined array key "nombreFuncionario" in /home/soluctem/sistema.soluctem.com.co/api/submit.php on line 69
[10-Mar-2025 22:45:57 UTC] PHP Warning:  Undefined array key "cedulaFuncionario" in /home/soluctem/sistema.soluctem.com.co/api/submit.php on line 70
[10-Mar-2025 22:45:57 UTC] PHP Warning:  Undefined array key "cargoFuncionario" in /home/soluctem/sistema.soluctem.com.co/api/submit.php on line 71
[10-Mar-2025 22:45:57 UTC] PHP Warning:  Undefined array key "sapFuncionario" in /home/soluctem/sistema.soluctem.com.co/api/submit.php on line 72
[10-Mar-2025 22:45:57 UTC] PHP Warning:  Undefined array key "timestamp" in /home/soluctem/sistema.soluctem.com.co/api/submit.php on line 73
[10-Mar-2025 22:45:57 UTC] PHP Warning:  Undefined array key "asistenciaReparacion" in /home/soluctem/sistema.soluctem.com.co/api/submit.php on line 74
[10-Mar-2025 22:45:57 UTC] PHP Warning:  Undefined array key "asistenciaGarantia" in /home/soluctem/sistema.soluctem.com.co/api/submit.php on line 75
[10-Mar-2025 22:45:57 UTC] PHP Warning:  Undefined array key "asistenciaAjuste" in /home/soluctem/sistema.soluctem.com.co/api/submit.php on line 76
[10-Mar-2025 22:45:57 UTC] PHP Warning:  Undefined array key "asistenciaModificacion" in /home/soluctem/sistema.soluctem.com.co/api/submit.php on line 77
[10-Mar-2025 22:45:57 UTC] PHP Warning:  Undefined array key "asistenciaServicio" in /home/soluctem/sistema.soluctem.com.co/api/submit.php on line 78
[10-Mar-2025 22:45:57 UTC] PHP Warning:  Undefined array key "asistenciaMejora" in /home/soluctem/sistema.soluctem.com.co/api/submit.php on line 79
[10-Mar-2025 22:45:57 UTC] PHP Warning:  Undefined array key "asistenciaCombinacion" in /home/soluctem/sistema.soluctem.com.co/api/submit.php on line 80
[10-Mar-2025 22:45:57 UTC] PHP Warning:  Undefined array key "fallaOperacion" in /home/soluctem/sistema.soluctem.com.co/api/submit.php on line 81
[10-Mar-2025 22:45:57 UTC] PHP Warning:  Undefined array key "fallaMecanica" in /home/soluctem/sistema.soluctem.com.co/api/submit.php on line 82
[10-Mar-2025 22:45:57 UTC] PHP Warning:  Undefined array key "fallaElectrica" in /home/soluctem/sistema.soluctem.com.co/api/submit.php on line 83
[10-Mar-2025 22:45:57 UTC] PHP Warning:  Undefined array key "fallaTerceros" in /home/soluctem/sistema.soluctem.com.co/api/submit.php on line 84
[10-Mar-2025 22:45:57 UTC] PHP Warning:  Undefined array key "fallaFabricacion" in /home/soluctem/sistema.soluctem.com.co/api/submit.php on line 85
[10-Mar-2025 22:45:57 UTC] PHP Warning:  Undefined array key "firma_digital_cliente" in /home/soluctem/sistema.soluctem.com.co/api/submit.php on line 86
[10-Mar-2025 22:45:57 UTC] PHP Warning:  Undefined array key "firma_digital_tecnico" in /home/soluctem/sistema.soluctem.com.co/api/submit.php on line 87
[11-Mar-2025 04:54:23 UTC] PHP Warning:  Undefined array key "nombreSolicitante" in /home/soluctem/sistema.soluctem.com.co/api/submit.php on line 28
[11-Mar-2025 04:54:23 UTC] PHP Warning:  Undefined array key "cargo" in /home/soluctem/sistema.soluctem.com.co/api/submit.php on line 29
[11-Mar-2025 04:54:23 UTC] PHP Warning:  Undefined array key "nombreTienda" in /home/soluctem/sistema.soluctem.com.co/api/submit.php on line 30
[11-Mar-2025 04:54:23 UTC] PHP Warning:  Undefined array key "numeroTienda" in /home/soluctem/sistema.soluctem.com.co/api/submit.php on line 31
[11-Mar-2025 04:54:23 UTC] PHP Warning:  Undefined array key "numeroTicket" in /home/soluctem/sistema.soluctem.com.co/api/submit.php on line 32
[11-Mar-2025 04:54:23 UTC] PHP Warning:  Undefined array key "fecha" in /home/soluctem/sistema.soluctem.com.co/api/submit.php on line 33
[11-Mar-2025 04:54:23 UTC] PHP Warning:  Undefined array key "municipio" in /home/soluctem/sistema.soluctem.com.co/api/submit.php on line 34
[11-Mar-2025 04:54:23 UTC] PHP Warning:  Undefined array key "departamento" in /home/soluctem/sistema.soluctem.com.co/api/submit.php on line 35
[11-Mar-2025 04:54:23 UTC] PHP Warning:  Undefined array key "nombreEquipo" in /home/soluctem/sistema.soluctem.com.co/api/submit.php on line 36
[11-Mar-2025 04:54:23 UTC] PHP Warning:  Undefined array key "marca" in /home/soluctem/sistema.soluctem.com.co/api/submit.php on line 37
[11-Mar-2025 04:54:23 UTC] PHP Warning:  Undefined array key "serial" in /home/soluctem/sistema.soluctem.com.co/api/submit.php on line 38
[11-Mar-2025 04:54:23 UTC] PHP Warning:  Undefined array key "descripcionFalla" in /home/soluctem/sistema.soluctem.com.co/api/submit.php on line 39
[11-Mar-2025 04:54:23 UTC] PHP Warning:  Undefined array key "diagnosticoTecnico" in /home/soluctem/sistema.soluctem.com.co/api/submit.php on line 40
[11-Mar-2025 04:54:23 UTC] PHP Warning:  Undefined array key "repuestosCambiados" in /home/soluctem/sistema.soluctem.com.co/api/submit.php on line 41
[11-Mar-2025 04:54:23 UTC] PHP Warning:  Undefined array key "observaciones" in /home/soluctem/sistema.soluctem.com.co/api/submit.php on line 42
[11-Mar-2025 04:54:23 UTC] PHP Warning:  Undefined array key "seguridadRiesgoAccidentalidad" in /home/soluctem/sistema.soluctem.com.co/api/submit.php on line 43
[11-Mar-2025 04:54:23 UTC] PHP Warning:  Undefined array key "seguridadRiesgoEquipo" in /home/soluctem/sistema.soluctem.com.co/api/submit.php on line 44
[11-Mar-2025 04:54:23 UTC] PHP Warning:  Undefined array key "funcionamientoFallaSolucionada" in /home/soluctem/sistema.soluctem.com.co/api/submit.php on line 45
[11-Mar-2025 04:54:23 UTC] PHP Warning:  Undefined array key "funcionamientoPasosNormales" in /home/soluctem/sistema.soluctem.com.co/api/submit.php on line 46
[11-Mar-2025 04:54:23 UTC] PHP Warning:  Undefined array key "calidadTrabajo" in /home/soluctem/sistema.soluctem.com.co/api/submit.php on line 47
[11-Mar-2025 04:54:23 UTC] PHP Warning:  Undefined array key "limpiezaOrganizacionArmado" in /home/soluctem/sistema.soluctem.com.co/api/submit.php on line 48
[11-Mar-2025 04:54:23 UTC] PHP Warning:  Undefined array key "limpiezaOrganizacionAseado" in /home/soluctem/sistema.soluctem.com.co/api/submit.php on line 49
[11-Mar-2025 04:54:23 UTC] PHP Warning:  Undefined array key "capacitacionCausa" in /home/soluctem/sistema.soluctem.com.co/api/submit.php on line 50
[11-Mar-2025 04:54:23 UTC] PHP Warning:  Undefined array key "capacitacionPrevencion" in /home/soluctem/sistema.soluctem.com.co/api/submit.php on line 51
[11-Mar-2025 04:54:23 UTC] PHP Warning:  Undefined array key "capacitacionAccion" in /home/soluctem/sistema.soluctem.com.co/api/submit.php on line 52
[11-Mar-2025 04:54:23 UTC] PHP Warning:  Undefined array key "contratista1" in /home/soluctem/sistema.soluctem.com.co/api/submit.php on line 53
[11-Mar-2025 04:54:23 UTC] PHP Warning:  Undefined array key "cedula1" in /home/soluctem/sistema.soluctem.com.co/api/submit.php on line 54
[11-Mar-2025 04:54:23 UTC] PHP Warning:  Undefined array key "horaEntrada1" in /home/soluctem/sistema.soluctem.com.co/api/submit.php on line 55
[11-Mar-2025 04:54:23 UTC] PHP Warning:  Undefined array key "horaSalida1" in /home/soluctem/sistema.soluctem.com.co/api/submit.php on line 56
[11-Mar-2025 04:54:23 UTC] PHP Warning:  Undefined array key "contratista2" in /home/soluctem/sistema.soluctem.com.co/api/submit.php on line 57
[11-Mar-2025 04:54:23 UTC] PHP Warning:  Undefined array key "cedula2" in /home/soluctem/sistema.soluctem.com.co/api/submit.php on line 58
[11-Mar-2025 04:54:23 UTC] PHP Warning:  Undefined array key "horaEntrada2" in /home/soluctem/sistema.soluctem.com.co/api/submit.php on line 59
[11-Mar-2025 04:54:23 UTC] PHP Warning:  Undefined array key "horaSalida2" in /home/soluctem/sistema.soluctem.com.co/api/submit.php on line 60
[11-Mar-2025 04:54:23 UTC] PHP Warning:  Undefined array key "contratista3" in /home/soluctem/sistema.soluctem.com.co/api/submit.php on line 61
[11-Mar-2025 04:54:23 UTC] PHP Warning:  Undefined array key "cedula3" in /home/soluctem/sistema.soluctem.com.co/api/submit.php on line 62
[11-Mar-2025 04:54:23 UTC] PHP Warning:  Undefined array key "horaEntrada3" in /home/soluctem/sistema.soluctem.com.co/api/submit.php on line 63
[11-Mar-2025 04:54:23 UTC] PHP Warning:  Undefined array key "horaSalida3" in /home/soluctem/sistema.soluctem.com.co/api/submit.php on line 64
[11-Mar-2025 04:54:23 UTC] PHP Warning:  Undefined array key "contratista4" in /home/soluctem/sistema.soluctem.com.co/api/submit.php on line 65
[11-Mar-2025 04:54:23 UTC] PHP Warning:  Undefined array key "cedula4" in /home/soluctem/sistema.soluctem.com.co/api/submit.php on line 66
[11-Mar-2025 04:54:23 UTC] PHP Warning:  Undefined array key "horaEntrada4" in /home/soluctem/sistema.soluctem.com.co/api/submit.php on line 67
[11-Mar-2025 04:54:23 UTC] PHP Warning:  Undefined array key "horaSalida4" in /home/soluctem/sistema.soluctem.com.co/api/submit.php on line 68
[11-Mar-2025 04:54:23 UTC] PHP Warning:  Undefined array key "nombreFuncionario" in /home/soluctem/sistema.soluctem.com.co/api/submit.php on line 69
[11-Mar-2025 04:54:23 UTC] PHP Warning:  Undefined array key "cedulaFuncionario" in /home/soluctem/sistema.soluctem.com.co/api/submit.php on line 70
[11-Mar-2025 04:54:23 UTC] PHP Warning:  Undefined array key "cargoFuncionario" in /home/soluctem/sistema.soluctem.com.co/api/submit.php on line 71
[11-Mar-2025 04:54:23 UTC] PHP Warning:  Undefined array key "sapFuncionario" in /home/soluctem/sistema.soluctem.com.co/api/submit.php on line 72
[11-Mar-2025 04:54:23 UTC] PHP Warning:  Undefined array key "timestamp" in /home/soluctem/sistema.soluctem.com.co/api/submit.php on line 73
[11-Mar-2025 04:54:23 UTC] PHP Warning:  Undefined array key "asistenciaReparacion" in /home/soluctem/sistema.soluctem.com.co/api/submit.php on line 74
[11-Mar-2025 04:54:23 UTC] PHP Warning:  Undefined array key "asistenciaGarantia" in /home/soluctem/sistema.soluctem.com.co/api/submit.php on line 75
[11-Mar-2025 04:54:23 UTC] PHP Warning:  Undefined array key "asistenciaAjuste" in /home/soluctem/sistema.soluctem.com.co/api/submit.php on line 76
[11-Mar-2025 04:54:23 UTC] PHP Warning:  Undefined array key "asistenciaModificacion" in /home/soluctem/sistema.soluctem.com.co/api/submit.php on line 77
[11-Mar-2025 04:54:23 UTC] PHP Warning:  Undefined array key "asistenciaServicio" in /home/soluctem/sistema.soluctem.com.co/api/submit.php on line 78
[11-Mar-2025 04:54:23 UTC] PHP Warning:  Undefined array key "asistenciaMejora" in /home/soluctem/sistema.soluctem.com.co/api/submit.php on line 79
[11-Mar-2025 04:54:23 UTC] PHP Warning:  Undefined array key "asistenciaCombinacion" in /home/soluctem/sistema.soluctem.com.co/api/submit.php on line 80
[11-Mar-2025 04:54:23 UTC] PHP Warning:  Undefined array key "fallaOperacion" in /home/soluctem/sistema.soluctem.com.co/api/submit.php on line 81
[11-Mar-2025 04:54:23 UTC] PHP Warning:  Undefined array key "fallaMecanica" in /home/soluctem/sistema.soluctem.com.co/api/submit.php on line 82
[11-Mar-2025 04:54:23 UTC] PHP Warning:  Undefined array key "fallaElectrica" in /home/soluctem/sistema.soluctem.com.co/api/submit.php on line 83
[11-Mar-2025 04:54:23 UTC] PHP Warning:  Undefined array key "fallaTerceros" in /home/soluctem/sistema.soluctem.com.co/api/submit.php on line 84
[11-Mar-2025 04:54:23 UTC] PHP Warning:  Undefined array key "fallaFabricacion" in /home/soluctem/sistema.soluctem.com.co/api/submit.php on line 85
[11-Mar-2025 04:54:23 UTC] PHP Warning:  Undefined array key "firma_digital_cliente" in /home/soluctem/sistema.soluctem.com.co/api/submit.php on line 86
[11-Mar-2025 04:54:23 UTC] PHP Warning:  Undefined array key "firma_digital_tecnico" in /home/soluctem/sistema.soluctem.com.co/api/submit.php on line 87
[11-Mar-2025 14:42:44 UTC] PHP Warning:  Undefined array key "nombreSolicitante" in /home/soluctem/sistema.soluctem.com.co/api/submit.php on line 28
[11-Mar-2025 14:42:44 UTC] PHP Warning:  Undefined array key "cargo" in /home/soluctem/sistema.soluctem.com.co/api/submit.php on line 29
[11-Mar-2025 14:42:44 UTC] PHP Warning:  Undefined array key "nombreTienda" in /home/soluctem/sistema.soluctem.com.co/api/submit.php on line 30
[11-Mar-2025 14:42:44 UTC] PHP Warning:  Undefined array key "numeroTienda" in /home/soluctem/sistema.soluctem.com.co/api/submit.php on line 31
[11-Mar-2025 14:42:44 UTC] PHP Warning:  Undefined array key "numeroTicket" in /home/soluctem/sistema.soluctem.com.co/api/submit.php on line 32
[11-Mar-2025 14:42:44 UTC] PHP Warning:  Undefined array key "fecha" in /home/soluctem/sistema.soluctem.com.co/api/submit.php on line 33
[11-Mar-2025 14:42:44 UTC] PHP Warning:  Undefined array key "municipio" in /home/soluctem/sistema.soluctem.com.co/api/submit.php on line 34
[11-Mar-2025 14:42:44 UTC] PHP Warning:  Undefined array key "departamento" in /home/soluctem/sistema.soluctem.com.co/api/submit.php on line 35
[11-Mar-2025 14:42:44 UTC] PHP Warning:  Undefined array key "nombreEquipo" in /home/soluctem/sistema.soluctem.com.co/api/submit.php on line 36
[11-Mar-2025 14:42:44 UTC] PHP Warning:  Undefined array key "marca" in /home/soluctem/sistema.soluctem.com.co/api/submit.php on line 37
[11-Mar-2025 14:42:44 UTC] PHP Warning:  Undefined array key "serial" in /home/soluctem/sistema.soluctem.com.co/api/submit.php on line 38
[11-Mar-2025 14:42:44 UTC] PHP Warning:  Undefined array key "descripcionFalla" in /home/soluctem/sistema.soluctem.com.co/api/submit.php on line 39
[11-Mar-2025 14:42:44 UTC] PHP Warning:  Undefined array key "diagnosticoTecnico" in /home/soluctem/sistema.soluctem.com.co/api/submit.php on line 40
[11-Mar-2025 14:42:44 UTC] PHP Warning:  Undefined array key "repuestosCambiados" in /home/soluctem/sistema.soluctem.com.co/api/submit.php on line 41
[11-Mar-2025 14:42:44 UTC] PHP Warning:  Undefined array key "observaciones" in /home/soluctem/sistema.soluctem.com.co/api/submit.php on line 42
[11-Mar-2025 14:42:44 UTC] PHP Warning:  Undefined array key "seguridadRiesgoAccidentalidad" in /home/soluctem/sistema.soluctem.com.co/api/submit.php on line 43
[11-Mar-2025 14:42:44 UTC] PHP Warning:  Undefined array key "seguridadRiesgoEquipo" in /home/soluctem/sistema.soluctem.com.co/api/submit.php on line 44
[11-Mar-2025 14:42:44 UTC] PHP Warning:  Undefined array key "funcionamientoFallaSolucionada" in /home/soluctem/sistema.soluctem.com.co/api/submit.php on line 45
[11-Mar-2025 14:42:44 UTC] PHP Warning:  Undefined array key "funcionamientoPasosNormales" in /home/soluctem/sistema.soluctem.com.co/api/submit.php on line 46
[11-Mar-2025 14:42:44 UTC] PHP Warning:  Undefined array key "calidadTrabajo" in /home/soluctem/sistema.soluctem.com.co/api/submit.php on line 47
[11-Mar-2025 14:42:44 UTC] PHP Warning:  Undefined array key "limpiezaOrganizacionArmado" in /home/soluctem/sistema.soluctem.com.co/api/submit.php on line 48
[11-Mar-2025 14:42:44 UTC] PHP Warning:  Undefined array key "limpiezaOrganizacionAseado" in /home/soluctem/sistema.soluctem.com.co/api/submit.php on line 49
[11-Mar-2025 14:42:44 UTC] PHP Warning:  Undefined array key "capacitacionCausa" in /home/soluctem/sistema.soluctem.com.co/api/submit.php on line 50
[11-Mar-2025 14:42:44 UTC] PHP Warning:  Undefined array key "capacitacionPrevencion" in /home/soluctem/sistema.soluctem.com.co/api/submit.php on line 51
[11-Mar-2025 14:42:44 UTC] PHP Warning:  Undefined array key "capacitacionAccion" in /home/soluctem/sistema.soluctem.com.co/api/submit.php on line 52
[11-Mar-2025 14:42:44 UTC] PHP Warning:  Undefined array key "contratista1" in /home/soluctem/sistema.soluctem.com.co/api/submit.php on line 53
[11-Mar-2025 14:42:44 UTC] PHP Warning:  Undefined array key "cedula1" in /home/soluctem/sistema.soluctem.com.co/api/submit.php on line 54
[11-Mar-2025 14:42:44 UTC] PHP Warning:  Undefined array key "horaEntrada1" in /home/soluctem/sistema.soluctem.com.co/api/submit.php on line 55
[11-Mar-2025 14:42:44 UTC] PHP Warning:  Undefined array key "horaSalida1" in /home/soluctem/sistema.soluctem.com.co/api/submit.php on line 56
[11-Mar-2025 14:42:44 UTC] PHP Warning:  Undefined array key "contratista2" in /home/soluctem/sistema.soluctem.com.co/api/submit.php on line 57
[11-Mar-2025 14:42:44 UTC] PHP Warning:  Undefined array key "cedula2" in /home/soluctem/sistema.soluctem.com.co/api/submit.php on line 58
[11-Mar-2025 14:42:44 UTC] PHP Warning:  Undefined array key "horaEntrada2" in /home/soluctem/sistema.soluctem.com.co/api/submit.php on line 59
[11-Mar-2025 14:42:44 UTC] PHP Warning:  Undefined array key "horaSalida2" in /home/soluctem/sistema.soluctem.com.co/api/submit.php on line 60
[11-Mar-2025 14:42:44 UTC] PHP Warning:  Undefined array key "contratista3" in /home/soluctem/sistema.soluctem.com.co/api/submit.php on line 61
[11-Mar-2025 14:42:44 UTC] PHP Warning:  Undefined array key "cedula3" in /home/soluctem/sistema.soluctem.com.co/api/submit.php on line 62
[11-Mar-2025 14:42:44 UTC] PHP Warning:  Undefined array key "horaEntrada3" in /home/soluctem/sistema.soluctem.com.co/api/submit.php on line 63
[11-Mar-2025 14:42:44 UTC] PHP Warning:  Undefined array key "horaSalida3" in /home/soluctem/sistema.soluctem.com.co/api/submit.php on line 64
[11-Mar-2025 14:42:44 UTC] PHP Warning:  Undefined array key "contratista4" in /home/soluctem/sistema.soluctem.com.co/api/submit.php on line 65
[11-Mar-2025 14:42:44 UTC] PHP Warning:  Undefined array key "cedula4" in /home/soluctem/sistema.soluctem.com.co/api/submit.php on line 66
[11-Mar-2025 14:42:44 UTC] PHP Warning:  Undefined array key "horaEntrada4" in /home/soluctem/sistema.soluctem.com.co/api/submit.php on line 67
[11-Mar-2025 14:42:44 UTC] PHP Warning:  Undefined array key "horaSalida4" in /home/soluctem/sistema.soluctem.com.co/api/submit.php on line 68
[11-Mar-2025 14:42:44 UTC] PHP Warning:  Undefined array key "nombreFuncionario" in /home/soluctem/sistema.soluctem.com.co/api/submit.php on line 69
[11-Mar-2025 14:42:44 UTC] PHP Warning:  Undefined array key "cedulaFuncionario" in /home/soluctem/sistema.soluctem.com.co/api/submit.php on line 70
[11-Mar-2025 14:42:44 UTC] PHP Warning:  Undefined array key "cargoFuncionario" in /home/soluctem/sistema.soluctem.com.co/api/submit.php on line 71
[11-Mar-2025 14:42:44 UTC] PHP Warning:  Undefined array key "sapFuncionario" in /home/soluctem/sistema.soluctem.com.co/api/submit.php on line 72
[11-Mar-2025 14:42:44 UTC] PHP Warning:  Undefined array key "timestamp" in /home/soluctem/sistema.soluctem.com.co/api/submit.php on line 73
[11-Mar-2025 14:42:44 UTC] PHP Warning:  Undefined array key "asistenciaReparacion" in /home/soluctem/sistema.soluctem.com.co/api/submit.php on line 74
[11-Mar-2025 14:42:44 UTC] PHP Warning:  Undefined array key "asistenciaGarantia" in /home/soluctem/sistema.soluctem.com.co/api/submit.php on line 75
[11-Mar-2025 14:42:44 UTC] PHP Warning:  Undefined array key "asistenciaAjuste" in /home/soluctem/sistema.soluctem.com.co/api/submit.php on line 76
[11-Mar-2025 14:42:44 UTC] PHP Warning:  Undefined array key "asistenciaModificacion" in /home/soluctem/sistema.soluctem.com.co/api/submit.php on line 77
[11-Mar-2025 14:42:44 UTC] PHP Warning:  Undefined array key "asistenciaServicio" in /home/soluctem/sistema.soluctem.com.co/api/submit.php on line 78
[11-Mar-2025 14:42:44 UTC] PHP Warning:  Undefined array key "asistenciaMejora" in /home/soluctem/sistema.soluctem.com.co/api/submit.php on line 79
[11-Mar-2025 14:42:44 UTC] PHP Warning:  Undefined array key "asistenciaCombinacion" in /home/soluctem/sistema.soluctem.com.co/api/submit.php on line 80
[11-Mar-2025 14:42:44 UTC] PHP Warning:  Undefined array key "fallaOperacion" in /home/soluctem/sistema.soluctem.com.co/api/submit.php on line 81
[11-Mar-2025 14:42:44 UTC] PHP Warning:  Undefined array key "fallaMecanica" in /home/soluctem/sistema.soluctem.com.co/api/submit.php on line 82
[11-Mar-2025 14:42:44 UTC] PHP Warning:  Undefined array key "fallaElectrica" in /home/soluctem/sistema.soluctem.com.co/api/submit.php on line 83
[11-Mar-2025 14:42:44 UTC] PHP Warning:  Undefined array key "fallaTerceros" in /home/soluctem/sistema.soluctem.com.co/api/submit.php on line 84
[11-Mar-2025 14:42:44 UTC] PHP Warning:  Undefined array key "fallaFabricacion" in /home/soluctem/sistema.soluctem.com.co/api/submit.php on line 85
[11-Mar-2025 14:42:44 UTC] PHP Warning:  Undefined array key "firma_digital_cliente" in /home/soluctem/sistema.soluctem.com.co/api/submit.php on line 86
[11-Mar-2025 14:42:44 UTC] PHP Warning:  Undefined array key "firma_digital_tecnico" in /home/soluctem/sistema.soluctem.com.co/api/submit.php on line 87
[11-Mar-2025 15:47:37 UTC] PHP Warning:  Undefined array key "nombreSolicitante" in /home/soluctem/sistema.soluctem.com.co/api/submit.php on line 28
[11-Mar-2025 15:47:37 UTC] PHP Warning:  Undefined array key "cargo" in /home/soluctem/sistema.soluctem.com.co/api/submit.php on line 29
[11-Mar-2025 15:47:37 UTC] PHP Warning:  Undefined array key "nombreTienda" in /home/soluctem/sistema.soluctem.com.co/api/submit.php on line 30
[11-Mar-2025 15:47:37 UTC] PHP Warning:  Undefined array key "numeroTienda" in /home/soluctem/sistema.soluctem.com.co/api/submit.php on line 31
[11-Mar-2025 15:47:37 UTC] PHP Warning:  Undefined array key "numeroTicket" in /home/soluctem/sistema.soluctem.com.co/api/submit.php on line 32
[11-Mar-2025 15:47:37 UTC] PHP Warning:  Undefined array key "fecha" in /home/soluctem/sistema.soluctem.com.co/api/submit.php on line 33
[11-Mar-2025 15:47:37 UTC] PHP Warning:  Undefined array key "municipio" in /home/soluctem/sistema.soluctem.com.co/api/submit.php on line 34
[11-Mar-2025 15:47:37 UTC] PHP Warning:  Undefined array key "departamento" in /home/soluctem/sistema.soluctem.com.co/api/submit.php on line 35
[11-Mar-2025 15:47:37 UTC] PHP Warning:  Undefined array key "nombreEquipo" in /home/soluctem/sistema.soluctem.com.co/api/submit.php on line 36
[11-Mar-2025 15:47:37 UTC] PHP Warning:  Undefined array key "marca" in /home/soluctem/sistema.soluctem.com.co/api/submit.php on line 37
[11-Mar-2025 15:47:37 UTC] PHP Warning:  Undefined array key "serial" in /home/soluctem/sistema.soluctem.com.co/api/submit.php on line 38
[11-Mar-2025 15:47:37 UTC] PHP Warning:  Undefined array key "descripcionFalla" in /home/soluctem/sistema.soluctem.com.co/api/submit.php on line 39
[11-Mar-2025 15:47:37 UTC] PHP Warning:  Undefined array key "diagnosticoTecnico" in /home/soluctem/sistema.soluctem.com.co/api/submit.php on line 40
[11-Mar-2025 15:47:37 UTC] PHP Warning:  Undefined array key "repuestosCambiados" in /home/soluctem/sistema.soluctem.com.co/api/submit.php on line 41
[11-Mar-2025 15:47:37 UTC] PHP Warning:  Undefined array key "observaciones" in /home/soluctem/sistema.soluctem.com.co/api/submit.php on line 42
[11-Mar-2025 15:47:37 UTC] PHP Warning:  Undefined array key "seguridadRiesgoAccidentalidad" in /home/soluctem/sistema.soluctem.com.co/api/submit.php on line 43
[11-Mar-2025 15:47:37 UTC] PHP Warning:  Undefined array key "seguridadRiesgoEquipo" in /home/soluctem/sistema.soluctem.com.co/api/submit.php on line 44
[11-Mar-2025 15:47:37 UTC] PHP Warning:  Undefined array key "funcionamientoFallaSolucionada" in /home/soluctem/sistema.soluctem.com.co/api/submit.php on line 45
[11-Mar-2025 15:47:37 UTC] PHP Warning:  Undefined array key "funcionamientoPasosNormales" in /home/soluctem/sistema.soluctem.com.co/api/submit.php on line 46
[11-Mar-2025 15:47:37 UTC] PHP Warning:  Undefined array key "calidadTrabajo" in /home/soluctem/sistema.soluctem.com.co/api/submit.php on line 47
[11-Mar-2025 15:47:37 UTC] PHP Warning:  Undefined array key "limpiezaOrganizacionArmado" in /home/soluctem/sistema.soluctem.com.co/api/submit.php on line 48
[11-Mar-2025 15:47:37 UTC] PHP Warning:  Undefined array key "limpiezaOrganizacionAseado" in /home/soluctem/sistema.soluctem.com.co/api/submit.php on line 49
[11-Mar-2025 15:47:37 UTC] PHP Warning:  Undefined array key "capacitacionCausa" in /home/soluctem/sistema.soluctem.com.co/api/submit.php on line 50
[11-Mar-2025 15:47:37 UTC] PHP Warning:  Undefined array key "capacitacionPrevencion" in /home/soluctem/sistema.soluctem.com.co/api/submit.php on line 51
[11-Mar-2025 15:47:37 UTC] PHP Warning:  Undefined array key "capacitacionAccion" in /home/soluctem/sistema.soluctem.com.co/api/submit.php on line 52
[11-Mar-2025 15:47:37 UTC] PHP Warning:  Undefined array key "contratista1" in /home/soluctem/sistema.soluctem.com.co/api/submit.php on line 53
[11-Mar-2025 15:47:37 UTC] PHP Warning:  Undefined array key "cedula1" in /home/soluctem/sistema.soluctem.com.co/api/submit.php on line 54
[11-Mar-2025 15:47:37 UTC] PHP Warning:  Undefined array key "horaEntrada1" in /home/soluctem/sistema.soluctem.com.co/api/submit.php on line 55
[11-Mar-2025 15:47:37 UTC] PHP Warning:  Undefined array key "horaSalida1" in /home/soluctem/sistema.soluctem.com.co/api/submit.php on line 56
[11-Mar-2025 15:47:37 UTC] PHP Warning:  Undefined array key "contratista2" in /home/soluctem/sistema.soluctem.com.co/api/submit.php on line 57
[11-Mar-2025 15:47:37 UTC] PHP Warning:  Undefined array key "cedula2" in /home/soluctem/sistema.soluctem.com.co/api/submit.php on line 58
[11-Mar-2025 15:47:37 UTC] PHP Warning:  Undefined array key "horaEntrada2" in /home/soluctem/sistema.soluctem.com.co/api/submit.php on line 59
[11-Mar-2025 15:47:37 UTC] PHP Warning:  Undefined array key "horaSalida2" in /home/soluctem/sistema.soluctem.com.co/api/submit.php on line 60
[11-Mar-2025 15:47:37 UTC] PHP Warning:  Undefined array key "contratista3" in /home/soluctem/sistema.soluctem.com.co/api/submit.php on line 61
[11-Mar-2025 15:47:37 UTC] PHP Warning:  Undefined array key "cedula3" in /home/soluctem/sistema.soluctem.com.co/api/submit.php on line 62
[11-Mar-2025 15:47:37 UTC] PHP Warning:  Undefined array key "horaEntrada3" in /home/soluctem/sistema.soluctem.com.co/api/submit.php on line 63
[11-Mar-2025 15:47:37 UTC] PHP Warning:  Undefined array key "horaSalida3" in /home/soluctem/sistema.soluctem.com.co/api/submit.php on line 64
[11-Mar-2025 15:47:37 UTC] PHP Warning:  Undefined array key "contratista4" in /home/soluctem/sistema.soluctem.com.co/api/submit.php on line 65
[11-Mar-2025 15:47:37 UTC] PHP Warning:  Undefined array key "cedula4" in /home/soluctem/sistema.soluctem.com.co/api/submit.php on line 66
[11-Mar-2025 15:47:37 UTC] PHP Warning:  Undefined array key "horaEntrada4" in /home/soluctem/sistema.soluctem.com.co/api/submit.php on line 67
[11-Mar-2025 15:47:37 UTC] PHP Warning:  Undefined array key "horaSalida4" in /home/soluctem/sistema.soluctem.com.co/api/submit.php on line 68
[11-Mar-2025 15:47:37 UTC] PHP Warning:  Undefined array key "nombreFuncionario" in /home/soluctem/sistema.soluctem.com.co/api/submit.php on line 69
[11-Mar-2025 15:47:37 UTC] PHP Warning:  Undefined array key "cedulaFuncionario" in /home/soluctem/sistema.soluctem.com.co/api/submit.php on line 70
[11-Mar-2025 15:47:37 UTC] PHP Warning:  Undefined array key "cargoFuncionario" in /home/soluctem/sistema.soluctem.com.co/api/submit.php on line 71
[11-Mar-2025 15:47:37 UTC] PHP Warning:  Undefined array key "sapFuncionario" in /home/soluctem/sistema.soluctem.com.co/api/submit.php on line 72
[11-Mar-2025 15:47:37 UTC] PHP Warning:  Undefined array key "timestamp" in /home/soluctem/sistema.soluctem.com.co/api/submit.php on line 73
[11-Mar-2025 15:47:37 UTC] PHP Warning:  Undefined array key "asistenciaReparacion" in /home/soluctem/sistema.soluctem.com.co/api/submit.php on line 74
[11-Mar-2025 15:47:37 UTC] PHP Warning:  Undefined array key "asistenciaGarantia" in /home/soluctem/sistema.soluctem.com.co/api/submit.php on line 75
[11-Mar-2025 15:47:37 UTC] PHP Warning:  Undefined array key "asistenciaAjuste" in /home/soluctem/sistema.soluctem.com.co/api/submit.php on line 76
[11-Mar-2025 15:47:37 UTC] PHP Warning:  Undefined array key "asistenciaModificacion" in /home/soluctem/sistema.soluctem.com.co/api/submit.php on line 77
[11-Mar-2025 15:47:37 UTC] PHP Warning:  Undefined array key "asistenciaServicio" in /home/soluctem/sistema.soluctem.com.co/api/submit.php on line 78
[11-Mar-2025 15:47:37 UTC] PHP Warning:  Undefined array key "asistenciaMejora" in /home/soluctem/sistema.soluctem.com.co/api/submit.php on line 79
[11-Mar-2025 15:47:37 UTC] PHP Warning:  Undefined array key "asistenciaCombinacion" in /home/soluctem/sistema.soluctem.com.co/api/submit.php on line 80
[11-Mar-2025 15:47:37 UTC] PHP Warning:  Undefined array key "fallaOperacion" in /home/soluctem/sistema.soluctem.com.co/api/submit.php on line 81
[11-Mar-2025 15:47:37 UTC] PHP Warning:  Undefined array key "fallaMecanica" in /home/soluctem/sistema.soluctem.com.co/api/submit.php on line 82
[11-Mar-2025 15:47:37 UTC] PHP Warning:  Undefined array key "fallaElectrica" in /home/soluctem/sistema.soluctem.com.co/api/submit.php on line 83
[11-Mar-2025 15:47:37 UTC] PHP Warning:  Undefined array key "fallaTerceros" in /home/soluctem/sistema.soluctem.com.co/api/submit.php on line 84
[11-Mar-2025 15:47:37 UTC] PHP Warning:  Undefined array key "fallaFabricacion" in /home/soluctem/sistema.soluctem.com.co/api/submit.php on line 85
[11-Mar-2025 15:47:37 UTC] PHP Warning:  Undefined array key "firma_digital_cliente" in /home/soluctem/sistema.soluctem.com.co/api/submit.php on line 86
[11-Mar-2025 15:47:37 UTC] PHP Warning:  Undefined array key "firma_digital_tecnico" in /home/soluctem/sistema.soluctem.com.co/api/submit.php on line 87
[11-Mar-2025 16:12:34 UTC] PHP Warning:  Undefined array key "nombreSolicitante" in /home/soluctem/sistema.soluctem.com.co/api/submit.php on line 28
[11-Mar-2025 16:12:34 UTC] PHP Warning:  Undefined array key "cargo" in /home/soluctem/sistema.soluctem.com.co/api/submit.php on line 29
[11-Mar-2025 16:12:34 UTC] PHP Warning:  Undefined array key "nombreTienda" in /home/soluctem/sistema.soluctem.com.co/api/submit.php on line 30
[11-Mar-2025 16:12:34 UTC] PHP Warning:  Undefined array key "numeroTienda" in /home/soluctem/sistema.soluctem.com.co/api/submit.php on line 31
[11-Mar-2025 16:12:34 UTC] PHP Warning:  Undefined array key "numeroTicket" in /home/soluctem/sistema.soluctem.com.co/api/submit.php on line 32
[11-Mar-2025 16:12:34 UTC] PHP Warning:  Undefined array key "fecha" in /home/soluctem/sistema.soluctem.com.co/api/submit.php on line 33
[11-Mar-2025 16:12:34 UTC] PHP Warning:  Undefined array key "municipio" in /home/soluctem/sistema.soluctem.com.co/api/submit.php on line 34
[11-Mar-2025 16:12:34 UTC] PHP Warning:  Undefined array key "departamento" in /home/soluctem/sistema.soluctem.com.co/api/submit.php on line 35
[11-Mar-2025 16:12:34 UTC] PHP Warning:  Undefined array key "nombreEquipo" in /home/soluctem/sistema.soluctem.com.co/api/submit.php on line 36
[11-Mar-2025 16:12:34 UTC] PHP Warning:  Undefined array key "marca" in /home/soluctem/sistema.soluctem.com.co/api/submit.php on line 37
[11-Mar-2025 16:12:34 UTC] PHP Warning:  Undefined array key "serial" in /home/soluctem/sistema.soluctem.com.co/api/submit.php on line 38
[11-Mar-2025 16:12:34 UTC] PHP Warning:  Undefined array key "descripcionFalla" in /home/soluctem/sistema.soluctem.com.co/api/submit.php on line 39
[11-Mar-2025 16:12:34 UTC] PHP Warning:  Undefined array key "diagnosticoTecnico" in /home/soluctem/sistema.soluctem.com.co/api/submit.php on line 40
[11-Mar-2025 16:12:34 UTC] PHP Warning:  Undefined array key "repuestosCambiados" in /home/soluctem/sistema.soluctem.com.co/api/submit.php on line 41
[11-Mar-2025 16:12:34 UTC] PHP Warning:  Undefined array key "observaciones" in /home/soluctem/sistema.soluctem.com.co/api/submit.php on line 42
[11-Mar-2025 16:12:34 UTC] PHP Warning:  Undefined array key "seguridadRiesgoAccidentalidad" in /home/soluctem/sistema.soluctem.com.co/api/submit.php on line 43
[11-Mar-2025 16:12:34 UTC] PHP Warning:  Undefined array key "seguridadRiesgoEquipo" in /home/soluctem/sistema.soluctem.com.co/api/submit.php on line 44
[11-Mar-2025 16:12:34 UTC] PHP Warning:  Undefined array key "funcionamientoFallaSolucionada" in /home/soluctem/sistema.soluctem.com.co/api/submit.php on line 45
[11-Mar-2025 16:12:34 UTC] PHP Warning:  Undefined array key "funcionamientoPasosNormales" in /home/soluctem/sistema.soluctem.com.co/api/submit.php on line 46
[11-Mar-2025 16:12:34 UTC] PHP Warning:  Undefined array key "calidadTrabajo" in /home/soluctem/sistema.soluctem.com.co/api/submit.php on line 47
[11-Mar-2025 16:12:34 UTC] PHP Warning:  Undefined array key "limpiezaOrganizacionArmado" in /home/soluctem/sistema.soluctem.com.co/api/submit.php on line 48
[11-Mar-2025 16:12:34 UTC] PHP Warning:  Undefined array key "limpiezaOrganizacionAseado" in /home/soluctem/sistema.soluctem.com.co/api/submit.php on line 49
[11-Mar-2025 16:12:34 UTC] PHP Warning:  Undefined array key "capacitacionCausa" in /home/soluctem/sistema.soluctem.com.co/api/submit.php on line 50
[11-Mar-2025 16:12:34 UTC] PHP Warning:  Undefined array key "capacitacionPrevencion" in /home/soluctem/sistema.soluctem.com.co/api/submit.php on line 51
[11-Mar-2025 16:12:34 UTC] PHP Warning:  Undefined array key "capacitacionAccion" in /home/soluctem/sistema.soluctem.com.co/api/submit.php on line 52
[11-Mar-2025 16:12:34 UTC] PHP Warning:  Undefined array key "contratista1" in /home/soluctem/sistema.soluctem.com.co/api/submit.php on line 53
[11-Mar-2025 16:12:34 UTC] PHP Warning:  Undefined array key "cedula1" in /home/soluctem/sistema.soluctem.com.co/api/submit.php on line 54
[11-Mar-2025 16:12:34 UTC] PHP Warning:  Undefined array key "horaEntrada1" in /home/soluctem/sistema.soluctem.com.co/api/submit.php on line 55
[11-Mar-2025 16:12:34 UTC] PHP Warning:  Undefined array key "horaSalida1" in /home/soluctem/sistema.soluctem.com.co/api/submit.php on line 56
[11-Mar-2025 16:12:34 UTC] PHP Warning:  Undefined array key "contratista2" in /home/soluctem/sistema.soluctem.com.co/api/submit.php on line 57
[11-Mar-2025 16:12:34 UTC] PHP Warning:  Undefined array key "cedula2" in /home/soluctem/sistema.soluctem.com.co/api/submit.php on line 58
[11-Mar-2025 16:12:34 UTC] PHP Warning:  Undefined array key "horaEntrada2" in /home/soluctem/sistema.soluctem.com.co/api/submit.php on line 59
[11-Mar-2025 16:12:34 UTC] PHP Warning:  Undefined array key "horaSalida2" in /home/soluctem/sistema.soluctem.com.co/api/submit.php on line 60
[11-Mar-2025 16:12:34 UTC] PHP Warning:  Undefined array key "contratista3" in /home/soluctem/sistema.soluctem.com.co/api/submit.php on line 61
[11-Mar-2025 16:12:34 UTC] PHP Warning:  Undefined array key "cedula3" in /home/soluctem/sistema.soluctem.com.co/api/submit.php on line 62
[11-Mar-2025 16:12:34 UTC] PHP Warning:  Undefined array key "horaEntrada3" in /home/soluctem/sistema.soluctem.com.co/api/submit.php on line 63
[11-Mar-2025 16:12:34 UTC] PHP Warning:  Undefined array key "horaSalida3" in /home/soluctem/sistema.soluctem.com.co/api/submit.php on line 64
[11-Mar-2025 16:12:34 UTC] PHP Warning:  Undefined array key "contratista4" in /home/soluctem/sistema.soluctem.com.co/api/submit.php on line 65
[11-Mar-2025 16:12:34 UTC] PHP Warning:  Undefined array key "cedula4" in /home/soluctem/sistema.soluctem.com.co/api/submit.php on line 66
[11-Mar-2025 16:12:34 UTC] PHP Warning:  Undefined array key "horaEntrada4" in /home/soluctem/sistema.soluctem.com.co/api/submit.php on line 67
[11-Mar-2025 16:12:34 UTC] PHP Warning:  Undefined array key "horaSalida4" in /home/soluctem/sistema.soluctem.com.co/api/submit.php on line 68
[11-Mar-2025 16:12:34 UTC] PHP Warning:  Undefined array key "nombreFuncionario" in /home/soluctem/sistema.soluctem.com.co/api/submit.php on line 69
[11-Mar-2025 16:12:34 UTC] PHP Warning:  Undefined array key "cedulaFuncionario" in /home/soluctem/sistema.soluctem.com.co/api/submit.php on line 70
[11-Mar-2025 16:12:34 UTC] PHP Warning:  Undefined array key "cargoFuncionario" in /home/soluctem/sistema.soluctem.com.co/api/submit.php on line 71
[11-Mar-2025 16:12:34 UTC] PHP Warning:  Undefined array key "sapFuncionario" in /home/soluctem/sistema.soluctem.com.co/api/submit.php on line 72
[11-Mar-2025 16:12:34 UTC] PHP Warning:  Undefined array key "timestamp" in /home/soluctem/sistema.soluctem.com.co/api/submit.php on line 73
[11-Mar-2025 16:12:34 UTC] PHP Warning:  Undefined array key "asistenciaReparacion" in /home/soluctem/sistema.soluctem.com.co/api/submit.php on line 74
[11-Mar-2025 16:12:34 UTC] PHP Warning:  Undefined array key "asistenciaGarantia" in /home/soluctem/sistema.soluctem.com.co/api/submit.php on line 75
[11-Mar-2025 16:12:34 UTC] PHP Warning:  Undefined array key "asistenciaAjuste" in /home/soluctem/sistema.soluctem.com.co/api/submit.php on line 76
[11-Mar-2025 16:12:34 UTC] PHP Warning:  Undefined array key "asistenciaModificacion" in /home/soluctem/sistema.soluctem.com.co/api/submit.php on line 77
[11-Mar-2025 16:12:34 UTC] PHP Warning:  Undefined array key "asistenciaServicio" in /home/soluctem/sistema.soluctem.com.co/api/submit.php on line 78
[11-Mar-2025 16:12:34 UTC] PHP Warning:  Undefined array key "asistenciaMejora" in /home/soluctem/sistema.soluctem.com.co/api/submit.php on line 79
[11-Mar-2025 16:12:34 UTC] PHP Warning:  Undefined array key "asistenciaCombinacion" in /home/soluctem/sistema.soluctem.com.co/api/submit.php on line 80
[11-Mar-2025 16:12:34 UTC] PHP Warning:  Undefined array key "fallaOperacion" in /home/soluctem/sistema.soluctem.com.co/api/submit.php on line 81
[11-Mar-2025 16:12:34 UTC] PHP Warning:  Undefined array key "fallaMecanica" in /home/soluctem/sistema.soluctem.com.co/api/submit.php on line 82
[11-Mar-2025 16:12:34 UTC] PHP Warning:  Undefined array key "fallaElectrica" in /home/soluctem/sistema.soluctem.com.co/api/submit.php on line 83
[11-Mar-2025 16:12:34 UTC] PHP Warning:  Undefined array key "fallaTerceros" in /home/soluctem/sistema.soluctem.com.co/api/submit.php on line 84
[11-Mar-2025 16:12:34 UTC] PHP Warning:  Undefined array key "fallaFabricacion" in /home/soluctem/sistema.soluctem.com.co/api/submit.php on line 85
[11-Mar-2025 16:12:34 UTC] PHP Warning:  Undefined array key "firma_digital_cliente" in /home/soluctem/sistema.soluctem.com.co/api/submit.php on line 86
[11-Mar-2025 16:12:34 UTC] PHP Warning:  Undefined array key "firma_digital_tecnico" in /home/soluctem/sistema.soluctem.com.co/api/submit.php on line 87
[11-Mar-2025 20:20:43 UTC] PHP Warning:  Undefined array key "nombreSolicitante" in /home/soluctem/sistema.soluctem.com.co/api/submit.php on line 28
[11-Mar-2025 20:20:43 UTC] PHP Warning:  Undefined array key "cargo" in /home/soluctem/sistema.soluctem.com.co/api/submit.php on line 29
[11-Mar-2025 20:20:43 UTC] PHP Warning:  Undefined array key "nombreTienda" in /home/soluctem/sistema.soluctem.com.co/api/submit.php on line 30
[11-Mar-2025 20:20:43 UTC] PHP Warning:  Undefined array key "numeroTienda" in /home/soluctem/sistema.soluctem.com.co/api/submit.php on line 31
[11-Mar-2025 20:20:43 UTC] PHP Warning:  Undefined array key "numeroTicket" in /home/soluctem/sistema.soluctem.com.co/api/submit.php on line 32
[11-Mar-2025 20:20:43 UTC] PHP Warning:  Undefined array key "fecha" in /home/soluctem/sistema.soluctem.com.co/api/submit.php on line 33
[11-Mar-2025 20:20:43 UTC] PHP Warning:  Undefined array key "municipio" in /home/soluctem/sistema.soluctem.com.co/api/submit.php on line 34
[11-Mar-2025 20:20:43 UTC] PHP Warning:  Undefined array key "departamento" in /home/soluctem/sistema.soluctem.com.co/api/submit.php on line 35
[11-Mar-2025 20:20:43 UTC] PHP Warning:  Undefined array key "nombreEquipo" in /home/soluctem/sistema.soluctem.com.co/api/submit.php on line 36
[11-Mar-2025 20:20:43 UTC] PHP Warning:  Undefined array key "marca" in /home/soluctem/sistema.soluctem.com.co/api/submit.php on line 37
[11-Mar-2025 20:20:43 UTC] PHP Warning:  Undefined array key "serial" in /home/soluctem/sistema.soluctem.com.co/api/submit.php on line 38
[11-Mar-2025 20:20:43 UTC] PHP Warning:  Undefined array key "descripcionFalla" in /home/soluctem/sistema.soluctem.com.co/api/submit.php on line 39
[11-Mar-2025 20:20:43 UTC] PHP Warning:  Undefined array key "diagnosticoTecnico" in /home/soluctem/sistema.soluctem.com.co/api/submit.php on line 40
[11-Mar-2025 20:20:43 UTC] PHP Warning:  Undefined array key "repuestosCambiados" in /home/soluctem/sistema.soluctem.com.co/api/submit.php on line 41
[11-Mar-2025 20:20:43 UTC] PHP Warning:  Undefined array key "observaciones" in /home/soluctem/sistema.soluctem.com.co/api/submit.php on line 42
[11-Mar-2025 20:20:43 UTC] PHP Warning:  Undefined array key "seguridadRiesgoAccidentalidad" in /home/soluctem/sistema.soluctem.com.co/api/submit.php on line 43
[11-Mar-2025 20:20:43 UTC] PHP Warning:  Undefined array key "seguridadRiesgoEquipo" in /home/soluctem/sistema.soluctem.com.co/api/submit.php on line 44
[11-Mar-2025 20:20:43 UTC] PHP Warning:  Undefined array key "funcionamientoFallaSolucionada" in /home/soluctem/sistema.soluctem.com.co/api/submit.php on line 45
[11-Mar-2025 20:20:43 UTC] PHP Warning:  Undefined array key "funcionamientoPasosNormales" in /home/soluctem/sistema.soluctem.com.co/api/submit.php on line 46
[11-Mar-2025 20:20:43 UTC] PHP Warning:  Undefined array key "calidadTrabajo" in /home/soluctem/sistema.soluctem.com.co/api/submit.php on line 47
[11-Mar-2025 20:20:43 UTC] PHP Warning:  Undefined array key "limpiezaOrganizacionArmado" in /home/soluctem/sistema.soluctem.com.co/api/submit.php on line 48
[11-Mar-2025 20:20:43 UTC] PHP Warning:  Undefined array key "limpiezaOrganizacionAseado" in /home/soluctem/sistema.soluctem.com.co/api/submit.php on line 49
[11-Mar-2025 20:20:43 UTC] PHP Warning:  Undefined array key "capacitacionCausa" in /home/soluctem/sistema.soluctem.com.co/api/submit.php on line 50
[11-Mar-2025 20:20:43 UTC] PHP Warning:  Undefined array key "capacitacionPrevencion" in /home/soluctem/sistema.soluctem.com.co/api/submit.php on line 51
[11-Mar-2025 20:20:43 UTC] PHP Warning:  Undefined array key "capacitacionAccion" in /home/soluctem/sistema.soluctem.com.co/api/submit.php on line 52
[11-Mar-2025 20:20:43 UTC] PHP Warning:  Undefined array key "contratista1" in /home/soluctem/sistema.soluctem.com.co/api/submit.php on line 53
[11-Mar-2025 20:20:43 UTC] PHP Warning:  Undefined array key "cedula1" in /home/soluctem/sistema.soluctem.com.co/api/submit.php on line 54
[11-Mar-2025 20:20:43 UTC] PHP Warning:  Undefined array key "horaEntrada1" in /home/soluctem/sistema.soluctem.com.co/api/submit.php on line 55
[11-Mar-2025 20:20:43 UTC] PHP Warning:  Undefined array key "horaSalida1" in /home/soluctem/sistema.soluctem.com.co/api/submit.php on line 56
[11-Mar-2025 20:20:43 UTC] PHP Warning:  Undefined array key "contratista2" in /home/soluctem/sistema.soluctem.com.co/api/submit.php on line 57
[11-Mar-2025 20:20:43 UTC] PHP Warning:  Undefined array key "cedula2" in /home/soluctem/sistema.soluctem.com.co/api/submit.php on line 58
[11-Mar-2025 20:20:43 UTC] PHP Warning:  Undefined array key "horaEntrada2" in /home/soluctem/sistema.soluctem.com.co/api/submit.php on line 59
[11-Mar-2025 20:20:43 UTC] PHP Warning:  Undefined array key "horaSalida2" in /home/soluctem/sistema.soluctem.com.co/api/submit.php on line 60
[11-Mar-2025 20:20:43 UTC] PHP Warning:  Undefined array key "contratista3" in /home/soluctem/sistema.soluctem.com.co/api/submit.php on line 61
[11-Mar-2025 20:20:43 UTC] PHP Warning:  Undefined array key "cedula3" in /home/soluctem/sistema.soluctem.com.co/api/submit.php on line 62
[11-Mar-2025 20:20:43 UTC] PHP Warning:  Undefined array key "horaEntrada3" in /home/soluctem/sistema.soluctem.com.co/api/submit.php on line 63
[11-Mar-2025 20:20:43 UTC] PHP Warning:  Undefined array key "horaSalida3" in /home/soluctem/sistema.soluctem.com.co/api/submit.php on line 64
[11-Mar-2025 20:20:43 UTC] PHP Warning:  Undefined array key "contratista4" in /home/soluctem/sistema.soluctem.com.co/api/submit.php on line 65
[11-Mar-2025 20:20:43 UTC] PHP Warning:  Undefined array key "cedula4" in /home/soluctem/sistema.soluctem.com.co/api/submit.php on line 66
[11-Mar-2025 20:20:43 UTC] PHP Warning:  Undefined array key "horaEntrada4" in /home/soluctem/sistema.soluctem.com.co/api/submit.php on line 67
[11-Mar-2025 20:20:43 UTC] PHP Warning:  Undefined array key "horaSalida4" in /home/soluctem/sistema.soluctem.com.co/api/submit.php on line 68
[11-Mar-2025 20:20:43 UTC] PHP Warning:  Undefined array key "nombreFuncionario" in /home/soluctem/sistema.soluctem.com.co/api/submit.php on line 69
[11-Mar-2025 20:20:43 UTC] PHP Warning:  Undefined array key "cedulaFuncionario" in /home/soluctem/sistema.soluctem.com.co/api/submit.php on line 70
[11-Mar-2025 20:20:43 UTC] PHP Warning:  Undefined array key "cargoFuncionario" in /home/soluctem/sistema.soluctem.com.co/api/submit.php on line 71
[11-Mar-2025 20:20:43 UTC] PHP Warning:  Undefined array key "sapFuncionario" in /home/soluctem/sistema.soluctem.com.co/api/submit.php on line 72
[11-Mar-2025 20:20:43 UTC] PHP Warning:  Undefined array key "timestamp" in /home/soluctem/sistema.soluctem.com.co/api/submit.php on line 73
[11-Mar-2025 20:20:43 UTC] PHP Warning:  Undefined array key "asistenciaReparacion" in /home/soluctem/sistema.soluctem.com.co/api/submit.php on line 74
[11-Mar-2025 20:20:43 UTC] PHP Warning:  Undefined array key "asistenciaGarantia" in /home/soluctem/sistema.soluctem.com.co/api/submit.php on line 75
[11-Mar-2025 20:20:43 UTC] PHP Warning:  Undefined array key "asistenciaAjuste" in /home/soluctem/sistema.soluctem.com.co/api/submit.php on line 76
[11-Mar-2025 20:20:43 UTC] PHP Warning:  Undefined array key "asistenciaModificacion" in /home/soluctem/sistema.soluctem.com.co/api/submit.php on line 77
[11-Mar-2025 20:20:43 UTC] PHP Warning:  Undefined array key "asistenciaServicio" in /home/soluctem/sistema.soluctem.com.co/api/submit.php on line 78
[11-Mar-2025 20:20:43 UTC] PHP Warning:  Undefined array key "asistenciaMejora" in /home/soluctem/sistema.soluctem.com.co/api/submit.php on line 79
[11-Mar-2025 20:20:43 UTC] PHP Warning:  Undefined array key "asistenciaCombinacion" in /home/soluctem/sistema.soluctem.com.co/api/submit.php on line 80
[11-Mar-2025 20:20:43 UTC] PHP Warning:  Undefined array key "fallaOperacion" in /home/soluctem/sistema.soluctem.com.co/api/submit.php on line 81
[11-Mar-2025 20:20:43 UTC] PHP Warning:  Undefined array key "fallaMecanica" in /home/soluctem/sistema.soluctem.com.co/api/submit.php on line 82
[11-Mar-2025 20:20:43 UTC] PHP Warning:  Undefined array key "fallaElectrica" in /home/soluctem/sistema.soluctem.com.co/api/submit.php on line 83
[11-Mar-2025 20:20:43 UTC] PHP Warning:  Undefined array key "fallaTerceros" in /home/soluctem/sistema.soluctem.com.co/api/submit.php on line 84
[11-Mar-2025 20:20:43 UTC] PHP Warning:  Undefined array key "fallaFabricacion" in /home/soluctem/sistema.soluctem.com.co/api/submit.php on line 85
[11-Mar-2025 20:20:43 UTC] PHP Warning:  Undefined array key "firma_digital_cliente" in /home/soluctem/sistema.soluctem.com.co/api/submit.php on line 86
[11-Mar-2025 20:20:43 UTC] PHP Warning:  Undefined array key "firma_digital_tecnico" in /home/soluctem/sistema.soluctem.com.co/api/submit.php on line 87
[11-Mar-2025 20:23:02 UTC] PHP Warning:  Undefined array key "nombreSolicitante" in /home/soluctem/sistema.soluctem.com.co/api/submit.php on line 28
[11-Mar-2025 20:23:02 UTC] PHP Warning:  Undefined array key "cargo" in /home/soluctem/sistema.soluctem.com.co/api/submit.php on line 29
[11-Mar-2025 20:23:02 UTC] PHP Warning:  Undefined array key "nombreTienda" in /home/soluctem/sistema.soluctem.com.co/api/submit.php on line 30
[11-Mar-2025 20:23:02 UTC] PHP Warning:  Undefined array key "numeroTienda" in /home/soluctem/sistema.soluctem.com.co/api/submit.php on line 31
[11-Mar-2025 20:23:02 UTC] PHP Warning:  Undefined array key "numeroTicket" in /home/soluctem/sistema.soluctem.com.co/api/submit.php on line 32
[11-Mar-2025 20:23:02 UTC] PHP Warning:  Undefined array key "fecha" in /home/soluctem/sistema.soluctem.com.co/api/submit.php on line 33
[11-Mar-2025 20:23:02 UTC] PHP Warning:  Undefined array key "municipio" in /home/soluctem/sistema.soluctem.com.co/api/submit.php on line 34
[11-Mar-2025 20:23:02 UTC] PHP Warning:  Undefined array key "departamento" in /home/soluctem/sistema.soluctem.com.co/api/submit.php on line 35
[11-Mar-2025 20:23:02 UTC] PHP Warning:  Undefined array key "nombreEquipo" in /home/soluctem/sistema.soluctem.com.co/api/submit.php on line 36
[11-Mar-2025 20:23:02 UTC] PHP Warning:  Undefined array key "marca" in /home/soluctem/sistema.soluctem.com.co/api/submit.php on line 37
[11-Mar-2025 20:23:02 UTC] PHP Warning:  Undefined array key "serial" in /home/soluctem/sistema.soluctem.com.co/api/submit.php on line 38
[11-Mar-2025 20:23:02 UTC] PHP Warning:  Undefined array key "descripcionFalla" in /home/soluctem/sistema.soluctem.com.co/api/submit.php on line 39
[11-Mar-2025 20:23:02 UTC] PHP Warning:  Undefined array key "diagnosticoTecnico" in /home/soluctem/sistema.soluctem.com.co/api/submit.php on line 40
[11-Mar-2025 20:23:02 UTC] PHP Warning:  Undefined array key "repuestosCambiados" in /home/soluctem/sistema.soluctem.com.co/api/submit.php on line 41
[11-Mar-2025 20:23:02 UTC] PHP Warning:  Undefined array key "observaciones" in /home/soluctem/sistema.soluctem.com.co/api/submit.php on line 42
[11-Mar-2025 20:23:02 UTC] PHP Warning:  Undefined array key "seguridadRiesgoAccidentalidad" in /home/soluctem/sistema.soluctem.com.co/api/submit.php on line 43
[11-Mar-2025 20:23:02 UTC] PHP Warning:  Undefined array key "seguridadRiesgoEquipo" in /home/soluctem/sistema.soluctem.com.co/api/submit.php on line 44
[11-Mar-2025 20:23:02 UTC] PHP Warning:  Undefined array key "funcionamientoFallaSolucionada" in /home/soluctem/sistema.soluctem.com.co/api/submit.php on line 45
[11-Mar-2025 20:23:02 UTC] PHP Warning:  Undefined array key "funcionamientoPasosNormales" in /home/soluctem/sistema.soluctem.com.co/api/submit.php on line 46
[11-Mar-2025 20:23:02 UTC] PHP Warning:  Undefined array key "calidadTrabajo" in /home/soluctem/sistema.soluctem.com.co/api/submit.php on line 47
[11-Mar-2025 20:23:02 UTC] PHP Warning:  Undefined array key "limpiezaOrganizacionArmado" in /home/soluctem/sistema.soluctem.com.co/api/submit.php on line 48
[11-Mar-2025 20:23:02 UTC] PHP Warning:  Undefined array key "limpiezaOrganizacionAseado" in /home/soluctem/sistema.soluctem.com.co/api/submit.php on line 49
[11-Mar-2025 20:23:02 UTC] PHP Warning:  Undefined array key "capacitacionCausa" in /home/soluctem/sistema.soluctem.com.co/api/submit.php on line 50
[11-Mar-2025 20:23:02 UTC] PHP Warning:  Undefined array key "capacitacionPrevencion" in /home/soluctem/sistema.soluctem.com.co/api/submit.php on line 51
[11-Mar-2025 20:23:02 UTC] PHP Warning:  Undefined array key "capacitacionAccion" in /home/soluctem/sistema.soluctem.com.co/api/submit.php on line 52
[11-Mar-2025 20:23:02 UTC] PHP Warning:  Undefined array key "contratista1" in /home/soluctem/sistema.soluctem.com.co/api/submit.php on line 53
[11-Mar-2025 20:23:02 UTC] PHP Warning:  Undefined array key "cedula1" in /home/soluctem/sistema.soluctem.com.co/api/submit.php on line 54
[11-Mar-2025 20:23:02 UTC] PHP Warning:  Undefined array key "horaEntrada1" in /home/soluctem/sistema.soluctem.com.co/api/submit.php on line 55
[11-Mar-2025 20:23:02 UTC] PHP Warning:  Undefined array key "horaSalida1" in /home/soluctem/sistema.soluctem.com.co/api/submit.php on line 56
[11-Mar-2025 20:23:02 UTC] PHP Warning:  Undefined array key "contratista2" in /home/soluctem/sistema.soluctem.com.co/api/submit.php on line 57
[11-Mar-2025 20:23:02 UTC] PHP Warning:  Undefined array key "cedula2" in /home/soluctem/sistema.soluctem.com.co/api/submit.php on line 58
[11-Mar-2025 20:23:02 UTC] PHP Warning:  Undefined array key "horaEntrada2" in /home/soluctem/sistema.soluctem.com.co/api/submit.php on line 59
[11-Mar-2025 20:23:02 UTC] PHP Warning:  Undefined array key "horaSalida2" in /home/soluctem/sistema.soluctem.com.co/api/submit.php on line 60
[11-Mar-2025 20:23:02 UTC] PHP Warning:  Undefined array key "contratista3" in /home/soluctem/sistema.soluctem.com.co/api/submit.php on line 61
[11-Mar-2025 20:23:02 UTC] PHP Warning:  Undefined array key "cedula3" in /home/soluctem/sistema.soluctem.com.co/api/submit.php on line 62
[11-Mar-2025 20:23:02 UTC] PHP Warning:  Undefined array key "horaEntrada3" in /home/soluctem/sistema.soluctem.com.co/api/submit.php on line 63
[11-Mar-2025 20:23:02 UTC] PHP Warning:  Undefined array key "horaSalida3" in /home/soluctem/sistema.soluctem.com.co/api/submit.php on line 64
[11-Mar-2025 20:23:02 UTC] PHP Warning:  Undefined array key "contratista4" in /home/soluctem/sistema.soluctem.com.co/api/submit.php on line 65
[11-Mar-2025 20:23:02 UTC] PHP Warning:  Undefined array key "cedula4" in /home/soluctem/sistema.soluctem.com.co/api/submit.php on line 66
[11-Mar-2025 20:23:02 UTC] PHP Warning:  Undefined array key "horaEntrada4" in /home/soluctem/sistema.soluctem.com.co/api/submit.php on line 67
[11-Mar-2025 20:23:02 UTC] PHP Warning:  Undefined array key "horaSalida4" in /home/soluctem/sistema.soluctem.com.co/api/submit.php on line 68
[11-Mar-2025 20:23:02 UTC] PHP Warning:  Undefined array key "nombreFuncionario" in /home/soluctem/sistema.soluctem.com.co/api/submit.php on line 69
[11-Mar-2025 20:23:02 UTC] PHP Warning:  Undefined array key "cedulaFuncionario" in /home/soluctem/sistema.soluctem.com.co/api/submit.php on line 70
[11-Mar-2025 20:23:02 UTC] PHP Warning:  Undefined array key "cargoFuncionario" in /home/soluctem/sistema.soluctem.com.co/api/submit.php on line 71
[11-Mar-2025 20:23:02 UTC] PHP Warning:  Undefined array key "sapFuncionario" in /home/soluctem/sistema.soluctem.com.co/api/submit.php on line 72
[11-Mar-2025 20:23:02 UTC] PHP Warning:  Undefined array key "timestamp" in /home/soluctem/sistema.soluctem.com.co/api/submit.php on line 73
[11-Mar-2025 20:23:02 UTC] PHP Warning:  Undefined array key "asistenciaReparacion" in /home/soluctem/sistema.soluctem.com.co/api/submit.php on line 74
[11-Mar-2025 20:23:02 UTC] PHP Warning:  Undefined array key "asistenciaGarantia" in /home/soluctem/sistema.soluctem.com.co/api/submit.php on line 75
[11-Mar-2025 20:23:02 UTC] PHP Warning:  Undefined array key "asistenciaAjuste" in /home/soluctem/sistema.soluctem.com.co/api/submit.php on line 76
[11-Mar-2025 20:23:02 UTC] PHP Warning:  Undefined array key "asistenciaModificacion" in /home/soluctem/sistema.soluctem.com.co/api/submit.php on line 77
[11-Mar-2025 20:23:02 UTC] PHP Warning:  Undefined array key "asistenciaServicio" in /home/soluctem/sistema.soluctem.com.co/api/submit.php on line 78
[11-Mar-2025 20:23:02 UTC] PHP Warning:  Undefined array key "asistenciaMejora" in /home/soluctem/sistema.soluctem.com.co/api/submit.php on line 79
[11-Mar-2025 20:23:02 UTC] PHP Warning:  Undefined array key "asistenciaCombinacion" in /home/soluctem/sistema.soluctem.com.co/api/submit.php on line 80
[11-Mar-2025 20:23:02 UTC] PHP Warning:  Undefined array key "fallaOperacion" in /home/soluctem/sistema.soluctem.com.co/api/submit.php on line 81
[11-Mar-2025 20:23:02 UTC] PHP Warning:  Undefined array key "fallaMecanica" in /home/soluctem/sistema.soluctem.com.co/api/submit.php on line 82
[11-Mar-2025 20:23:02 UTC] PHP Warning:  Undefined array key "fallaElectrica" in /home/soluctem/sistema.soluctem.com.co/api/submit.php on line 83
[11-Mar-2025 20:23:02 UTC] PHP Warning:  Undefined array key "fallaTerceros" in /home/soluctem/sistema.soluctem.com.co/api/submit.php on line 84
[11-Mar-2025 20:23:02 UTC] PHP Warning:  Undefined array key "fallaFabricacion" in /home/soluctem/sistema.soluctem.com.co/api/submit.php on line 85
[11-Mar-2025 20:23:02 UTC] PHP Warning:  Undefined array key "firma_digital_cliente" in /home/soluctem/sistema.soluctem.com.co/api/submit.php on line 86
[11-Mar-2025 20:23:02 UTC] PHP Warning:  Undefined array key "firma_digital_tecnico" in /home/soluctem/sistema.soluctem.com.co/api/submit.php on line 87
[11-Mar-2025 22:10:37 UTC] PHP Warning:  Undefined array key "nombreSolicitante" in /home/soluctem/sistema.soluctem.com.co/api/submit.php on line 28
[11-Mar-2025 22:10:37 UTC] PHP Warning:  Undefined array key "cargo" in /home/soluctem/sistema.soluctem.com.co/api/submit.php on line 29
[11-Mar-2025 22:10:37 UTC] PHP Warning:  Undefined array key "nombreTienda" in /home/soluctem/sistema.soluctem.com.co/api/submit.php on line 30
[11-Mar-2025 22:10:37 UTC] PHP Warning:  Undefined array key "numeroTienda" in /home/soluctem/sistema.soluctem.com.co/api/submit.php on line 31
[11-Mar-2025 22:10:37 UTC] PHP Warning:  Undefined array key "numeroTicket" in /home/soluctem/sistema.soluctem.com.co/api/submit.php on line 32
[11-Mar-2025 22:10:37 UTC] PHP Warning:  Undefined array key "fecha" in /home/soluctem/sistema.soluctem.com.co/api/submit.php on line 33
[11-Mar-2025 22:10:37 UTC] PHP Warning:  Undefined array key "municipio" in /home/soluctem/sistema.soluctem.com.co/api/submit.php on line 34
[11-Mar-2025 22:10:37 UTC] PHP Warning:  Undefined array key "departamento" in /home/soluctem/sistema.soluctem.com.co/api/submit.php on line 35
[11-Mar-2025 22:10:37 UTC] PHP Warning:  Undefined array key "nombreEquipo" in /home/soluctem/sistema.soluctem.com.co/api/submit.php on line 36
[11-Mar-2025 22:10:37 UTC] PHP Warning:  Undefined array key "marca" in /home/soluctem/sistema.soluctem.com.co/api/submit.php on line 37
[11-Mar-2025 22:10:37 UTC] PHP Warning:  Undefined array key "serial" in /home/soluctem/sistema.soluctem.com.co/api/submit.php on line 38
[11-Mar-2025 22:10:37 UTC] PHP Warning:  Undefined array key "descripcionFalla" in /home/soluctem/sistema.soluctem.com.co/api/submit.php on line 39
[11-Mar-2025 22:10:37 UTC] PHP Warning:  Undefined array key "diagnosticoTecnico" in /home/soluctem/sistema.soluctem.com.co/api/submit.php on line 40
[11-Mar-2025 22:10:37 UTC] PHP Warning:  Undefined array key "repuestosCambiados" in /home/soluctem/sistema.soluctem.com.co/api/submit.php on line 41
[11-Mar-2025 22:10:37 UTC] PHP Warning:  Undefined array key "observaciones" in /home/soluctem/sistema.soluctem.com.co/api/submit.php on line 42
[11-Mar-2025 22:10:37 UTC] PHP Warning:  Undefined array key "seguridadRiesgoAccidentalidad" in /home/soluctem/sistema.soluctem.com.co/api/submit.php on line 43
[11-Mar-2025 22:10:37 UTC] PHP Warning:  Undefined array key "seguridadRiesgoEquipo" in /home/soluctem/sistema.soluctem.com.co/api/submit.php on line 44
[11-Mar-2025 22:10:37 UTC] PHP Warning:  Undefined array key "funcionamientoFallaSolucionada" in /home/soluctem/sistema.soluctem.com.co/api/submit.php on line 45
[11-Mar-2025 22:10:37 UTC] PHP Warning:  Undefined array key "funcionamientoPasosNormales" in /home/soluctem/sistema.soluctem.com.co/api/submit.php on line 46
[11-Mar-2025 22:10:37 UTC] PHP Warning:  Undefined array key "calidadTrabajo" in /home/soluctem/sistema.soluctem.com.co/api/submit.php on line 47
[11-Mar-2025 22:10:37 UTC] PHP Warning:  Undefined array key "limpiezaOrganizacionArmado" in /home/soluctem/sistema.soluctem.com.co/api/submit.php on line 48
[11-Mar-2025 22:10:37 UTC] PHP Warning:  Undefined array key "limpiezaOrganizacionAseado" in /home/soluctem/sistema.soluctem.com.co/api/submit.php on line 49
[11-Mar-2025 22:10:37 UTC] PHP Warning:  Undefined array key "capacitacionCausa" in /home/soluctem/sistema.soluctem.com.co/api/submit.php on line 50
[11-Mar-2025 22:10:37 UTC] PHP Warning:  Undefined array key "capacitacionPrevencion" in /home/soluctem/sistema.soluctem.com.co/api/submit.php on line 51
[11-Mar-2025 22:10:37 UTC] PHP Warning:  Undefined array key "capacitacionAccion" in /home/soluctem/sistema.soluctem.com.co/api/submit.php on line 52
[11-Mar-2025 22:10:37 UTC] PHP Warning:  Undefined array key "contratista1" in /home/soluctem/sistema.soluctem.com.co/api/submit.php on line 53
[11-Mar-2025 22:10:37 UTC] PHP Warning:  Undefined array key "cedula1" in /home/soluctem/sistema.soluctem.com.co/api/submit.php on line 54
[11-Mar-2025 22:10:37 UTC] PHP Warning:  Undefined array key "horaEntrada1" in /home/soluctem/sistema.soluctem.com.co/api/submit.php on line 55
[11-Mar-2025 22:10:37 UTC] PHP Warning:  Undefined array key "horaSalida1" in /home/soluctem/sistema.soluctem.com.co/api/submit.php on line 56
[11-Mar-2025 22:10:37 UTC] PHP Warning:  Undefined array key "contratista2" in /home/soluctem/sistema.soluctem.com.co/api/submit.php on line 57
[11-Mar-2025 22:10:37 UTC] PHP Warning:  Undefined array key "cedula2" in /home/soluctem/sistema.soluctem.com.co/api/submit.php on line 58
[11-Mar-2025 22:10:37 UTC] PHP Warning:  Undefined array key "horaEntrada2" in /home/soluctem/sistema.soluctem.com.co/api/submit.php on line 59
[11-Mar-2025 22:10:37 UTC] PHP Warning:  Undefined array key "horaSalida2" in /home/soluctem/sistema.soluctem.com.co/api/submit.php on line 60
[11-Mar-2025 22:10:37 UTC] PHP Warning:  Undefined array key "contratista3" in /home/soluctem/sistema.soluctem.com.co/api/submit.php on line 61
[11-Mar-2025 22:10:37 UTC] PHP Warning:  Undefined array key "cedula3" in /home/soluctem/sistema.soluctem.com.co/api/submit.php on line 62
[11-Mar-2025 22:10:37 UTC] PHP Warning:  Undefined array key "horaEntrada3" in /home/soluctem/sistema.soluctem.com.co/api/submit.php on line 63
[11-Mar-2025 22:10:37 UTC] PHP Warning:  Undefined array key "horaSalida3" in /home/soluctem/sistema.soluctem.com.co/api/submit.php on line 64
[11-Mar-2025 22:10:37 UTC] PHP Warning:  Undefined array key "contratista4" in /home/soluctem/sistema.soluctem.com.co/api/submit.php on line 65
[11-Mar-2025 22:10:37 UTC] PHP Warning:  Undefined array key "cedula4" in /home/soluctem/sistema.soluctem.com.co/api/submit.php on line 66
[11-Mar-2025 22:10:37 UTC] PHP Warning:  Undefined array key "horaEntrada4" in /home/soluctem/sistema.soluctem.com.co/api/submit.php on line 67
[11-Mar-2025 22:10:37 UTC] PHP Warning:  Undefined array key "horaSalida4" in /home/soluctem/sistema.soluctem.com.co/api/submit.php on line 68
[11-Mar-2025 22:10:37 UTC] PHP Warning:  Undefined array key "nombreFuncionario" in /home/soluctem/sistema.soluctem.com.co/api/submit.php on line 69
[11-Mar-2025 22:10:37 UTC] PHP Warning:  Undefined array key "cedulaFuncionario" in /home/soluctem/sistema.soluctem.com.co/api/submit.php on line 70
[11-Mar-2025 22:10:37 UTC] PHP Warning:  Undefined array key "cargoFuncionario" in /home/soluctem/sistema.soluctem.com.co/api/submit.php on line 71
[11-Mar-2025 22:10:37 UTC] PHP Warning:  Undefined array key "sapFuncionario" in /home/soluctem/sistema.soluctem.com.co/api/submit.php on line 72
[11-Mar-2025 22:10:37 UTC] PHP Warning:  Undefined array key "timestamp" in /home/soluctem/sistema.soluctem.com.co/api/submit.php on line 73
[11-Mar-2025 22:10:37 UTC] PHP Warning:  Undefined array key "asistenciaReparacion" in /home/soluctem/sistema.soluctem.com.co/api/submit.php on line 74
[11-Mar-2025 22:10:37 UTC] PHP Warning:  Undefined array key "asistenciaGarantia" in /home/soluctem/sistema.soluctem.com.co/api/submit.php on line 75
[11-Mar-2025 22:10:37 UTC] PHP Warning:  Undefined array key "asistenciaAjuste" in /home/soluctem/sistema.soluctem.com.co/api/submit.php on line 76
[11-Mar-2025 22:10:37 UTC] PHP Warning:  Undefined array key "asistenciaModificacion" in /home/soluctem/sistema.soluctem.com.co/api/submit.php on line 77
[11-Mar-2025 22:10:37 UTC] PHP Warning:  Undefined array key "asistenciaServicio" in /home/soluctem/sistema.soluctem.com.co/api/submit.php on line 78
[11-Mar-2025 22:10:37 UTC] PHP Warning:  Undefined array key "asistenciaMejora" in /home/soluctem/sistema.soluctem.com.co/api/submit.php on line 79
[11-Mar-2025 22:10:37 UTC] PHP Warning:  Undefined array key "asistenciaCombinacion" in /home/soluctem/sistema.soluctem.com.co/api/submit.php on line 80
[11-Mar-2025 22:10:37 UTC] PHP Warning:  Undefined array key "fallaOperacion" in /home/soluctem/sistema.soluctem.com.co/api/submit.php on line 81
[11-Mar-2025 22:10:37 UTC] PHP Warning:  Undefined array key "fallaMecanica" in /home/soluctem/sistema.soluctem.com.co/api/submit.php on line 82
[11-Mar-2025 22:10:37 UTC] PHP Warning:  Undefined array key "fallaElectrica" in /home/soluctem/sistema.soluctem.com.co/api/submit.php on line 83
[11-Mar-2025 22:10:37 UTC] PHP Warning:  Undefined array key "fallaTerceros" in /home/soluctem/sistema.soluctem.com.co/api/submit.php on line 84
[11-Mar-2025 22:10:37 UTC] PHP Warning:  Undefined array key "fallaFabricacion" in /home/soluctem/sistema.soluctem.com.co/api/submit.php on line 85
[11-Mar-2025 22:10:37 UTC] PHP Warning:  Undefined array key "firma_digital_cliente" in /home/soluctem/sistema.soluctem.com.co/api/submit.php on line 86
[11-Mar-2025 22:10:37 UTC] PHP Warning:  Undefined array key "firma_digital_tecnico" in /home/soluctem/sistema.soluctem.com.co/api/submit.php on line 87
[12-Mar-2025 14:25:44 UTC] PHP Warning:  Undefined array key "nombreSolicitante" in /home/soluctem/sistema.soluctem.com.co/api/submit.php on line 28
[12-Mar-2025 14:25:44 UTC] PHP Warning:  Undefined array key "cargo" in /home/soluctem/sistema.soluctem.com.co/api/submit.php on line 29
[12-Mar-2025 14:25:44 UTC] PHP Warning:  Undefined array key "nombreTienda" in /home/soluctem/sistema.soluctem.com.co/api/submit.php on line 30
[12-Mar-2025 14:25:44 UTC] PHP Warning:  Undefined array key "numeroTienda" in /home/soluctem/sistema.soluctem.com.co/api/submit.php on line 31
[12-Mar-2025 14:25:44 UTC] PHP Warning:  Undefined array key "numeroTicket" in /home/soluctem/sistema.soluctem.com.co/api/submit.php on line 32
[12-Mar-2025 14:25:44 UTC] PHP Warning:  Undefined array key "fecha" in /home/soluctem/sistema.soluctem.com.co/api/submit.php on line 33
[12-Mar-2025 14:25:44 UTC] PHP Warning:  Undefined array key "municipio" in /home/soluctem/sistema.soluctem.com.co/api/submit.php on line 34
[12-Mar-2025 14:25:44 UTC] PHP Warning:  Undefined array key "departamento" in /home/soluctem/sistema.soluctem.com.co/api/submit.php on line 35
[12-Mar-2025 14:25:44 UTC] PHP Warning:  Undefined array key "nombreEquipo" in /home/soluctem/sistema.soluctem.com.co/api/submit.php on line 36
[12-Mar-2025 14:25:44 UTC] PHP Warning:  Undefined array key "marca" in /home/soluctem/sistema.soluctem.com.co/api/submit.php on line 37
[12-Mar-2025 14:25:44 UTC] PHP Warning:  Undefined array key "serial" in /home/soluctem/sistema.soluctem.com.co/api/submit.php on line 38
[12-Mar-2025 14:25:44 UTC] PHP Warning:  Undefined array key "descripcionFalla" in /home/soluctem/sistema.soluctem.com.co/api/submit.php on line 39
[12-Mar-2025 14:25:44 UTC] PHP Warning:  Undefined array key "diagnosticoTecnico" in /home/soluctem/sistema.soluctem.com.co/api/submit.php on line 40
[12-Mar-2025 14:25:44 UTC] PHP Warning:  Undefined array key "repuestosCambiados" in /home/soluctem/sistema.soluctem.com.co/api/submit.php on line 41
[12-Mar-2025 14:25:44 UTC] PHP Warning:  Undefined array key "observaciones" in /home/soluctem/sistema.soluctem.com.co/api/submit.php on line 42
[12-Mar-2025 14:25:44 UTC] PHP Warning:  Undefined array key "seguridadRiesgoAccidentalidad" in /home/soluctem/sistema.soluctem.com.co/api/submit.php on line 43
[12-Mar-2025 14:25:44 UTC] PHP Warning:  Undefined array key "seguridadRiesgoEquipo" in /home/soluctem/sistema.soluctem.com.co/api/submit.php on line 44
[12-Mar-2025 14:25:44 UTC] PHP Warning:  Undefined array key "funcionamientoFallaSolucionada" in /home/soluctem/sistema.soluctem.com.co/api/submit.php on line 45
[12-Mar-2025 14:25:44 UTC] PHP Warning:  Undefined array key "funcionamientoPasosNormales" in /home/soluctem/sistema.soluctem.com.co/api/submit.php on line 46
[12-Mar-2025 14:25:44 UTC] PHP Warning:  Undefined array key "calidadTrabajo" in /home/soluctem/sistema.soluctem.com.co/api/submit.php on line 47
[12-Mar-2025 14:25:44 UTC] PHP Warning:  Undefined array key "limpiezaOrganizacionArmado" in /home/soluctem/sistema.soluctem.com.co/api/submit.php on line 48
[12-Mar-2025 14:25:44 UTC] PHP Warning:  Undefined array key "limpiezaOrganizacionAseado" in /home/soluctem/sistema.soluctem.com.co/api/submit.php on line 49
[12-Mar-2025 14:25:44 UTC] PHP Warning:  Undefined array key "capacitacionCausa" in /home/soluctem/sistema.soluctem.com.co/api/submit.php on line 50
[12-Mar-2025 14:25:44 UTC] PHP Warning:  Undefined array key "capacitacionPrevencion" in /home/soluctem/sistema.soluctem.com.co/api/submit.php on line 51
[12-Mar-2025 14:25:44 UTC] PHP Warning:  Undefined array key "capacitacionAccion" in /home/soluctem/sistema.soluctem.com.co/api/submit.php on line 52
[12-Mar-2025 14:25:44 UTC] PHP Warning:  Undefined array key "contratista1" in /home/soluctem/sistema.soluctem.com.co/api/submit.php on line 53
[12-Mar-2025 14:25:44 UTC] PHP Warning:  Undefined array key "cedula1" in /home/soluctem/sistema.soluctem.com.co/api/submit.php on line 54
[12-Mar-2025 14:25:44 UTC] PHP Warning:  Undefined array key "horaEntrada1" in /home/soluctem/sistema.soluctem.com.co/api/submit.php on line 55
[12-Mar-2025 14:25:44 UTC] PHP Warning:  Undefined array key "horaSalida1" in /home/soluctem/sistema.soluctem.com.co/api/submit.php on line 56
[12-Mar-2025 14:25:44 UTC] PHP Warning:  Undefined array key "contratista2" in /home/soluctem/sistema.soluctem.com.co/api/submit.php on line 57
[12-Mar-2025 14:25:44 UTC] PHP Warning:  Undefined array key "cedula2" in /home/soluctem/sistema.soluctem.com.co/api/submit.php on line 58
[12-Mar-2025 14:25:44 UTC] PHP Warning:  Undefined array key "horaEntrada2" in /home/soluctem/sistema.soluctem.com.co/api/submit.php on line 59
[12-Mar-2025 14:25:44 UTC] PHP Warning:  Undefined array key "horaSalida2" in /home/soluctem/sistema.soluctem.com.co/api/submit.php on line 60
[12-Mar-2025 14:25:44 UTC] PHP Warning:  Undefined array key "contratista3" in /home/soluctem/sistema.soluctem.com.co/api/submit.php on line 61
[12-Mar-2025 14:25:44 UTC] PHP Warning:  Undefined array key "cedula3" in /home/soluctem/sistema.soluctem.com.co/api/submit.php on line 62
[12-Mar-2025 14:25:44 UTC] PHP Warning:  Undefined array key "horaEntrada3" in /home/soluctem/sistema.soluctem.com.co/api/submit.php on line 63
[12-Mar-2025 14:25:44 UTC] PHP Warning:  Undefined array key "horaSalida3" in /home/soluctem/sistema.soluctem.com.co/api/submit.php on line 64
[12-Mar-2025 14:25:44 UTC] PHP Warning:  Undefined array key "contratista4" in /home/soluctem/sistema.soluctem.com.co/api/submit.php on line 65
[12-Mar-2025 14:25:44 UTC] PHP Warning:  Undefined array key "cedula4" in /home/soluctem/sistema.soluctem.com.co/api/submit.php on line 66
[12-Mar-2025 14:25:44 UTC] PHP Warning:  Undefined array key "horaEntrada4" in /home/soluctem/sistema.soluctem.com.co/api/submit.php on line 67
[12-Mar-2025 14:25:44 UTC] PHP Warning:  Undefined array key "horaSalida4" in /home/soluctem/sistema.soluctem.com.co/api/submit.php on line 68
[12-Mar-2025 14:25:44 UTC] PHP Warning:  Undefined array key "nombreFuncionario" in /home/soluctem/sistema.soluctem.com.co/api/submit.php on line 69
[12-Mar-2025 14:25:44 UTC] PHP Warning:  Undefined array key "cedulaFuncionario" in /home/soluctem/sistema.soluctem.com.co/api/submit.php on line 70
[12-Mar-2025 14:25:44 UTC] PHP Warning:  Undefined array key "cargoFuncionario" in /home/soluctem/sistema.soluctem.com.co/api/submit.php on line 71
[12-Mar-2025 14:25:44 UTC] PHP Warning:  Undefined array key "sapFuncionario" in /home/soluctem/sistema.soluctem.com.co/api/submit.php on line 72
[12-Mar-2025 14:25:44 UTC] PHP Warning:  Undefined array key "timestamp" in /home/soluctem/sistema.soluctem.com.co/api/submit.php on line 73
[12-Mar-2025 14:25:44 UTC] PHP Warning:  Undefined array key "asistenciaReparacion" in /home/soluctem/sistema.soluctem.com.co/api/submit.php on line 74
[12-Mar-2025 14:25:44 UTC] PHP Warning:  Undefined array key "asistenciaGarantia" in /home/soluctem/sistema.soluctem.com.co/api/submit.php on line 75
[12-Mar-2025 14:25:44 UTC] PHP Warning:  Undefined array key "asistenciaAjuste" in /home/soluctem/sistema.soluctem.com.co/api/submit.php on line 76
[12-Mar-2025 14:25:44 UTC] PHP Warning:  Undefined array key "asistenciaModificacion" in /home/soluctem/sistema.soluctem.com.co/api/submit.php on line 77
[12-Mar-2025 14:25:44 UTC] PHP Warning:  Undefined array key "asistenciaServicio" in /home/soluctem/sistema.soluctem.com.co/api/submit.php on line 78
[12-Mar-2025 14:25:44 UTC] PHP Warning:  Undefined array key "asistenciaMejora" in /home/soluctem/sistema.soluctem.com.co/api/submit.php on line 79
[12-Mar-2025 14:25:44 UTC] PHP Warning:  Undefined array key "asistenciaCombinacion" in /home/soluctem/sistema.soluctem.com.co/api/submit.php on line 80
[12-Mar-2025 14:25:44 UTC] PHP Warning:  Undefined array key "fallaOperacion" in /home/soluctem/sistema.soluctem.com.co/api/submit.php on line 81
[12-Mar-2025 14:25:44 UTC] PHP Warning:  Undefined array key "fallaMecanica" in /home/soluctem/sistema.soluctem.com.co/api/submit.php on line 82
[12-Mar-2025 14:25:44 UTC] PHP Warning:  Undefined array key "fallaElectrica" in /home/soluctem/sistema.soluctem.com.co/api/submit.php on line 83
[12-Mar-2025 14:25:44 UTC] PHP Warning:  Undefined array key "fallaTerceros" in /home/soluctem/sistema.soluctem.com.co/api/submit.php on line 84
[12-Mar-2025 14:25:44 UTC] PHP Warning:  Undefined array key "fallaFabricacion" in /home/soluctem/sistema.soluctem.com.co/api/submit.php on line 85
[12-Mar-2025 14:25:44 UTC] PHP Warning:  Undefined array key "firma_digital_cliente" in /home/soluctem/sistema.soluctem.com.co/api/submit.php on line 86
[12-Mar-2025 14:25:44 UTC] PHP Warning:  Undefined array key "firma_digital_tecnico" in /home/soluctem/sistema.soluctem.com.co/api/submit.php on line 87
[12-Mar-2025 14:44:33 UTC] PHP Warning:  Undefined array key "nombreSolicitante" in /home/soluctem/sistema.soluctem.com.co/api/submit.php on line 28
[12-Mar-2025 14:44:33 UTC] PHP Warning:  Undefined array key "cargo" in /home/soluctem/sistema.soluctem.com.co/api/submit.php on line 29
[12-Mar-2025 14:44:33 UTC] PHP Warning:  Undefined array key "nombreTienda" in /home/soluctem/sistema.soluctem.com.co/api/submit.php on line 30
[12-Mar-2025 14:44:33 UTC] PHP Warning:  Undefined array key "numeroTienda" in /home/soluctem/sistema.soluctem.com.co/api/submit.php on line 31
[12-Mar-2025 14:44:33 UTC] PHP Warning:  Undefined array key "numeroTicket" in /home/soluctem/sistema.soluctem.com.co/api/submit.php on line 32
[12-Mar-2025 14:44:33 UTC] PHP Warning:  Undefined array key "fecha" in /home/soluctem/sistema.soluctem.com.co/api/submit.php on line 33
[12-Mar-2025 14:44:33 UTC] PHP Warning:  Undefined array key "municipio" in /home/soluctem/sistema.soluctem.com.co/api/submit.php on line 34
[12-Mar-2025 14:44:33 UTC] PHP Warning:  Undefined array key "departamento" in /home/soluctem/sistema.soluctem.com.co/api/submit.php on line 35
[12-Mar-2025 14:44:33 UTC] PHP Warning:  Undefined array key "nombreEquipo" in /home/soluctem/sistema.soluctem.com.co/api/submit.php on line 36
[12-Mar-2025 14:44:33 UTC] PHP Warning:  Undefined array key "marca" in /home/soluctem/sistema.soluctem.com.co/api/submit.php on line 37
[12-Mar-2025 14:44:33 UTC] PHP Warning:  Undefined array key "serial" in /home/soluctem/sistema.soluctem.com.co/api/submit.php on line 38
[12-Mar-2025 14:44:33 UTC] PHP Warning:  Undefined array key "descripcionFalla" in /home/soluctem/sistema.soluctem.com.co/api/submit.php on line 39
[12-Mar-2025 14:44:33 UTC] PHP Warning:  Undefined array key "diagnosticoTecnico" in /home/soluctem/sistema.soluctem.com.co/api/submit.php on line 40
[12-Mar-2025 14:44:33 UTC] PHP Warning:  Undefined array key "repuestosCambiados" in /home/soluctem/sistema.soluctem.com.co/api/submit.php on line 41
[12-Mar-2025 14:44:33 UTC] PHP Warning:  Undefined array key "observaciones" in /home/soluctem/sistema.soluctem.com.co/api/submit.php on line 42
[12-Mar-2025 14:44:33 UTC] PHP Warning:  Undefined array key "seguridadRiesgoAccidentalidad" in /home/soluctem/sistema.soluctem.com.co/api/submit.php on line 43
[12-Mar-2025 14:44:33 UTC] PHP Warning:  Undefined array key "seguridadRiesgoEquipo" in /home/soluctem/sistema.soluctem.com.co/api/submit.php on line 44
[12-Mar-2025 14:44:33 UTC] PHP Warning:  Undefined array key "funcionamientoFallaSolucionada" in /home/soluctem/sistema.soluctem.com.co/api/submit.php on line 45
[12-Mar-2025 14:44:33 UTC] PHP Warning:  Undefined array key "funcionamientoPasosNormales" in /home/soluctem/sistema.soluctem.com.co/api/submit.php on line 46
[12-Mar-2025 14:44:33 UTC] PHP Warning:  Undefined array key "calidadTrabajo" in /home/soluctem/sistema.soluctem.com.co/api/submit.php on line 47
[12-Mar-2025 14:44:33 UTC] PHP Warning:  Undefined array key "limpiezaOrganizacionArmado" in /home/soluctem/sistema.soluctem.com.co/api/submit.php on line 48
[12-Mar-2025 14:44:33 UTC] PHP Warning:  Undefined array key "limpiezaOrganizacionAseado" in /home/soluctem/sistema.soluctem.com.co/api/submit.php on line 49
[12-Mar-2025 14:44:33 UTC] PHP Warning:  Undefined array key "capacitacionCausa" in /home/soluctem/sistema.soluctem.com.co/api/submit.php on line 50
[12-Mar-2025 14:44:33 UTC] PHP Warning:  Undefined array key "capacitacionPrevencion" in /home/soluctem/sistema.soluctem.com.co/api/submit.php on line 51
[12-Mar-2025 14:44:33 UTC] PHP Warning:  Undefined array key "capacitacionAccion" in /home/soluctem/sistema.soluctem.com.co/api/submit.php on line 52
[12-Mar-2025 14:44:33 UTC] PHP Warning:  Undefined array key "contratista1" in /home/soluctem/sistema.soluctem.com.co/api/submit.php on line 53
[12-Mar-2025 14:44:33 UTC] PHP Warning:  Undefined array key "cedula1" in /home/soluctem/sistema.soluctem.com.co/api/submit.php on line 54
[12-Mar-2025 14:44:33 UTC] PHP Warning:  Undefined array key "horaEntrada1" in /home/soluctem/sistema.soluctem.com.co/api/submit.php on line 55
[12-Mar-2025 14:44:33 UTC] PHP Warning:  Undefined array key "horaSalida1" in /home/soluctem/sistema.soluctem.com.co/api/submit.php on line 56
[12-Mar-2025 14:44:33 UTC] PHP Warning:  Undefined array key "contratista2" in /home/soluctem/sistema.soluctem.com.co/api/submit.php on line 57
[12-Mar-2025 14:44:33 UTC] PHP Warning:  Undefined array key "cedula2" in /home/soluctem/sistema.soluctem.com.co/api/submit.php on line 58
[12-Mar-2025 14:44:33 UTC] PHP Warning:  Undefined array key "horaEntrada2" in /home/soluctem/sistema.soluctem.com.co/api/submit.php on line 59
[12-Mar-2025 14:44:33 UTC] PHP Warning:  Undefined array key "horaSalida2" in /home/soluctem/sistema.soluctem.com.co/api/submit.php on line 60
[12-Mar-2025 14:44:33 UTC] PHP Warning:  Undefined array key "contratista3" in /home/soluctem/sistema.soluctem.com.co/api/submit.php on line 61
[12-Mar-2025 14:44:33 UTC] PHP Warning:  Undefined array key "cedula3" in /home/soluctem/sistema.soluctem.com.co/api/submit.php on line 62
[12-Mar-2025 14:44:33 UTC] PHP Warning:  Undefined array key "horaEntrada3" in /home/soluctem/sistema.soluctem.com.co/api/submit.php on line 63
[12-Mar-2025 14:44:33 UTC] PHP Warning:  Undefined array key "horaSalida3" in /home/soluctem/sistema.soluctem.com.co/api/submit.php on line 64
[12-Mar-2025 14:44:33 UTC] PHP Warning:  Undefined array key "contratista4" in /home/soluctem/sistema.soluctem.com.co/api/submit.php on line 65
[12-Mar-2025 14:44:33 UTC] PHP Warning:  Undefined array key "cedula4" in /home/soluctem/sistema.soluctem.com.co/api/submit.php on line 66
[12-Mar-2025 14:44:33 UTC] PHP Warning:  Undefined array key "horaEntrada4" in /home/soluctem/sistema.soluctem.com.co/api/submit.php on line 67
[12-Mar-2025 14:44:33 UTC] PHP Warning:  Undefined array key "horaSalida4" in /home/soluctem/sistema.soluctem.com.co/api/submit.php on line 68
[12-Mar-2025 14:44:33 UTC] PHP Warning:  Undefined array key "nombreFuncionario" in /home/soluctem/sistema.soluctem.com.co/api/submit.php on line 69
[12-Mar-2025 14:44:33 UTC] PHP Warning:  Undefined array key "cedulaFuncionario" in /home/soluctem/sistema.soluctem.com.co/api/submit.php on line 70
[12-Mar-2025 14:44:33 UTC] PHP Warning:  Undefined array key "cargoFuncionario" in /home/soluctem/sistema.soluctem.com.co/api/submit.php on line 71
[12-Mar-2025 14:44:33 UTC] PHP Warning:  Undefined array key "sapFuncionario" in /home/soluctem/sistema.soluctem.com.co/api/submit.php on line 72
[12-Mar-2025 14:44:33 UTC] PHP Warning:  Undefined array key "timestamp" in /home/soluctem/sistema.soluctem.com.co/api/submit.php on line 73
[12-Mar-2025 14:44:33 UTC] PHP Warning:  Undefined array key "asistenciaReparacion" in /home/soluctem/sistema.soluctem.com.co/api/submit.php on line 74
[12-Mar-2025 14:44:33 UTC] PHP Warning:  Undefined array key "asistenciaGarantia" in /home/soluctem/sistema.soluctem.com.co/api/submit.php on line 75
[12-Mar-2025 14:44:33 UTC] PHP Warning:  Undefined array key "asistenciaAjuste" in /home/soluctem/sistema.soluctem.com.co/api/submit.php on line 76
[12-Mar-2025 14:44:33 UTC] PHP Warning:  Undefined array key "asistenciaModificacion" in /home/soluctem/sistema.soluctem.com.co/api/submit.php on line 77
[12-Mar-2025 14:44:33 UTC] PHP Warning:  Undefined array key "asistenciaServicio" in /home/soluctem/sistema.soluctem.com.co/api/submit.php on line 78
[12-Mar-2025 14:44:33 UTC] PHP Warning:  Undefined array key "asistenciaMejora" in /home/soluctem/sistema.soluctem.com.co/api/submit.php on line 79
[12-Mar-2025 14:44:33 UTC] PHP Warning:  Undefined array key "asistenciaCombinacion" in /home/soluctem/sistema.soluctem.com.co/api/submit.php on line 80
[12-Mar-2025 14:44:33 UTC] PHP Warning:  Undefined array key "fallaOperacion" in /home/soluctem/sistema.soluctem.com.co/api/submit.php on line 81
[12-Mar-2025 14:44:33 UTC] PHP Warning:  Undefined array key "fallaMecanica" in /home/soluctem/sistema.soluctem.com.co/api/submit.php on line 82
[12-Mar-2025 14:44:33 UTC] PHP Warning:  Undefined array key "fallaElectrica" in /home/soluctem/sistema.soluctem.com.co/api/submit.php on line 83
[12-Mar-2025 14:44:33 UTC] PHP Warning:  Undefined array key "fallaTerceros" in /home/soluctem/sistema.soluctem.com.co/api/submit.php on line 84
[12-Mar-2025 14:44:33 UTC] PHP Warning:  Undefined array key "fallaFabricacion" in /home/soluctem/sistema.soluctem.com.co/api/submit.php on line 85
[12-Mar-2025 14:44:33 UTC] PHP Warning:  Undefined array key "firma_digital_cliente" in /home/soluctem/sistema.soluctem.com.co/api/submit.php on line 86
[12-Mar-2025 14:44:33 UTC] PHP Warning:  Undefined array key "firma_digital_tecnico" in /home/soluctem/sistema.soluctem.com.co/api/submit.php on line 87
[12-Mar-2025 20:11:56 UTC] PHP Warning:  Undefined array key "nombreSolicitante" in /home/soluctem/sistema.soluctem.com.co/api/submit.php on line 28
[12-Mar-2025 20:11:56 UTC] PHP Warning:  Undefined array key "cargo" in /home/soluctem/sistema.soluctem.com.co/api/submit.php on line 29
[12-Mar-2025 20:11:56 UTC] PHP Warning:  Undefined array key "nombreTienda" in /home/soluctem/sistema.soluctem.com.co/api/submit.php on line 30
[12-Mar-2025 20:11:56 UTC] PHP Warning:  Undefined array key "numeroTienda" in /home/soluctem/sistema.soluctem.com.co/api/submit.php on line 31
[12-Mar-2025 20:11:56 UTC] PHP Warning:  Undefined array key "numeroTicket" in /home/soluctem/sistema.soluctem.com.co/api/submit.php on line 32
[12-Mar-2025 20:11:56 UTC] PHP Warning:  Undefined array key "fecha" in /home/soluctem/sistema.soluctem.com.co/api/submit.php on line 33
[12-Mar-2025 20:11:56 UTC] PHP Warning:  Undefined array key "municipio" in /home/soluctem/sistema.soluctem.com.co/api/submit.php on line 34
[12-Mar-2025 20:11:56 UTC] PHP Warning:  Undefined array key "departamento" in /home/soluctem/sistema.soluctem.com.co/api/submit.php on line 35
[12-Mar-2025 20:11:56 UTC] PHP Warning:  Undefined array key "nombreEquipo" in /home/soluctem/sistema.soluctem.com.co/api/submit.php on line 36
[12-Mar-2025 20:11:56 UTC] PHP Warning:  Undefined array key "marca" in /home/soluctem/sistema.soluctem.com.co/api/submit.php on line 37
[12-Mar-2025 20:11:56 UTC] PHP Warning:  Undefined array key "serial" in /home/soluctem/sistema.soluctem.com.co/api/submit.php on line 38
[12-Mar-2025 20:11:56 UTC] PHP Warning:  Undefined array key "descripcionFalla" in /home/soluctem/sistema.soluctem.com.co/api/submit.php on line 39
[12-Mar-2025 20:11:56 UTC] PHP Warning:  Undefined array key "diagnosticoTecnico" in /home/soluctem/sistema.soluctem.com.co/api/submit.php on line 40
[12-Mar-2025 20:11:56 UTC] PHP Warning:  Undefined array key "repuestosCambiados" in /home/soluctem/sistema.soluctem.com.co/api/submit.php on line 41
[12-Mar-2025 20:11:56 UTC] PHP Warning:  Undefined array key "observaciones" in /home/soluctem/sistema.soluctem.com.co/api/submit.php on line 42
[12-Mar-2025 20:11:56 UTC] PHP Warning:  Undefined array key "seguridadRiesgoAccidentalidad" in /home/soluctem/sistema.soluctem.com.co/api/submit.php on line 43
[12-Mar-2025 20:11:56 UTC] PHP Warning:  Undefined array key "seguridadRiesgoEquipo" in /home/soluctem/sistema.soluctem.com.co/api/submit.php on line 44
[12-Mar-2025 20:11:56 UTC] PHP Warning:  Undefined array key "funcionamientoFallaSolucionada" in /home/soluctem/sistema.soluctem.com.co/api/submit.php on line 45
[12-Mar-2025 20:11:56 UTC] PHP Warning:  Undefined array key "funcionamientoPasosNormales" in /home/soluctem/sistema.soluctem.com.co/api/submit.php on line 46
[12-Mar-2025 20:11:56 UTC] PHP Warning:  Undefined array key "calidadTrabajo" in /home/soluctem/sistema.soluctem.com.co/api/submit.php on line 47
[12-Mar-2025 20:11:56 UTC] PHP Warning:  Undefined array key "limpiezaOrganizacionArmado" in /home/soluctem/sistema.soluctem.com.co/api/submit.php on line 48
[12-Mar-2025 20:11:56 UTC] PHP Warning:  Undefined array key "limpiezaOrganizacionAseado" in /home/soluctem/sistema.soluctem.com.co/api/submit.php on line 49
[12-Mar-2025 20:11:56 UTC] PHP Warning:  Undefined array key "capacitacionCausa" in /home/soluctem/sistema.soluctem.com.co/api/submit.php on line 50
[12-Mar-2025 20:11:56 UTC] PHP Warning:  Undefined array key "capacitacionPrevencion" in /home/soluctem/sistema.soluctem.com.co/api/submit.php on line 51
[12-Mar-2025 20:11:56 UTC] PHP Warning:  Undefined array key "capacitacionAccion" in /home/soluctem/sistema.soluctem.com.co/api/submit.php on line 52
[12-Mar-2025 20:11:56 UTC] PHP Warning:  Undefined array key "contratista1" in /home/soluctem/sistema.soluctem.com.co/api/submit.php on line 53
[12-Mar-2025 20:11:56 UTC] PHP Warning:  Undefined array key "cedula1" in /home/soluctem/sistema.soluctem.com.co/api/submit.php on line 54
[12-Mar-2025 20:11:56 UTC] PHP Warning:  Undefined array key "horaEntrada1" in /home/soluctem/sistema.soluctem.com.co/api/submit.php on line 55
[12-Mar-2025 20:11:56 UTC] PHP Warning:  Undefined array key "horaSalida1" in /home/soluctem/sistema.soluctem.com.co/api/submit.php on line 56
[12-Mar-2025 20:11:56 UTC] PHP Warning:  Undefined array key "contratista2" in /home/soluctem/sistema.soluctem.com.co/api/submit.php on line 57
[12-Mar-2025 20:11:56 UTC] PHP Warning:  Undefined array key "cedula2" in /home/soluctem/sistema.soluctem.com.co/api/submit.php on line 58
[12-Mar-2025 20:11:56 UTC] PHP Warning:  Undefined array key "horaEntrada2" in /home/soluctem/sistema.soluctem.com.co/api/submit.php on line 59
[12-Mar-2025 20:11:56 UTC] PHP Warning:  Undefined array key "horaSalida2" in /home/soluctem/sistema.soluctem.com.co/api/submit.php on line 60
[12-Mar-2025 20:11:56 UTC] PHP Warning:  Undefined array key "contratista3" in /home/soluctem/sistema.soluctem.com.co/api/submit.php on line 61
[12-Mar-2025 20:11:56 UTC] PHP Warning:  Undefined array key "cedula3" in /home/soluctem/sistema.soluctem.com.co/api/submit.php on line 62
[12-Mar-2025 20:11:56 UTC] PHP Warning:  Undefined array key "horaEntrada3" in /home/soluctem/sistema.soluctem.com.co/api/submit.php on line 63
[12-Mar-2025 20:11:56 UTC] PHP Warning:  Undefined array key "horaSalida3" in /home/soluctem/sistema.soluctem.com.co/api/submit.php on line 64
[12-Mar-2025 20:11:56 UTC] PHP Warning:  Undefined array key "contratista4" in /home/soluctem/sistema.soluctem.com.co/api/submit.php on line 65
[12-Mar-2025 20:11:56 UTC] PHP Warning:  Undefined array key "cedula4" in /home/soluctem/sistema.soluctem.com.co/api/submit.php on line 66
[12-Mar-2025 20:11:56 UTC] PHP Warning:  Undefined array key "horaEntrada4" in /home/soluctem/sistema.soluctem.com.co/api/submit.php on line 67
[12-Mar-2025 20:11:56 UTC] PHP Warning:  Undefined array key "horaSalida4" in /home/soluctem/sistema.soluctem.com.co/api/submit.php on line 68
[12-Mar-2025 20:11:56 UTC] PHP Warning:  Undefined array key "nombreFuncionario" in /home/soluctem/sistema.soluctem.com.co/api/submit.php on line 69
[12-Mar-2025 20:11:56 UTC] PHP Warning:  Undefined array key "cedulaFuncionario" in /home/soluctem/sistema.soluctem.com.co/api/submit.php on line 70
[12-Mar-2025 20:11:56 UTC] PHP Warning:  Undefined array key "cargoFuncionario" in /home/soluctem/sistema.soluctem.com.co/api/submit.php on line 71
[12-Mar-2025 20:11:56 UTC] PHP Warning:  Undefined array key "sapFuncionario" in /home/soluctem/sistema.soluctem.com.co/api/submit.php on line 72
[12-Mar-2025 20:11:56 UTC] PHP Warning:  Undefined array key "timestamp" in /home/soluctem/sistema.soluctem.com.co/api/submit.php on line 73
[12-Mar-2025 20:11:56 UTC] PHP Warning:  Undefined array key "asistenciaReparacion" in /home/soluctem/sistema.soluctem.com.co/api/submit.php on line 74
[12-Mar-2025 20:11:56 UTC] PHP Warning:  Undefined array key "asistenciaGarantia" in /home/soluctem/sistema.soluctem.com.co/api/submit.php on line 75
[12-Mar-2025 20:11:56 UTC] PHP Warning:  Undefined array key "asistenciaAjuste" in /home/soluctem/sistema.soluctem.com.co/api/submit.php on line 76
[12-Mar-2025 20:11:56 UTC] PHP Warning:  Undefined array key "asistenciaModificacion" in /home/soluctem/sistema.soluctem.com.co/api/submit.php on line 77
[12-Mar-2025 20:11:56 UTC] PHP Warning:  Undefined array key "asistenciaServicio" in /home/soluctem/sistema.soluctem.com.co/api/submit.php on line 78
[12-Mar-2025 20:11:56 UTC] PHP Warning:  Undefined array key "asistenciaMejora" in /home/soluctem/sistema.soluctem.com.co/api/submit.php on line 79
[12-Mar-2025 20:11:56 UTC] PHP Warning:  Undefined array key "asistenciaCombinacion" in /home/soluctem/sistema.soluctem.com.co/api/submit.php on line 80
[12-Mar-2025 20:11:56 UTC] PHP Warning:  Undefined array key "fallaOperacion" in /home/soluctem/sistema.soluctem.com.co/api/submit.php on line 81
[12-Mar-2025 20:11:56 UTC] PHP Warning:  Undefined array key "fallaMecanica" in /home/soluctem/sistema.soluctem.com.co/api/submit.php on line 82
[12-Mar-2025 20:11:56 UTC] PHP Warning:  Undefined array key "fallaElectrica" in /home/soluctem/sistema.soluctem.com.co/api/submit.php on line 83
[12-Mar-2025 20:11:56 UTC] PHP Warning:  Undefined array key "fallaTerceros" in /home/soluctem/sistema.soluctem.com.co/api/submit.php on line 84
[12-Mar-2025 20:11:56 UTC] PHP Warning:  Undefined array key "fallaFabricacion" in /home/soluctem/sistema.soluctem.com.co/api/submit.php on line 85
[12-Mar-2025 20:11:56 UTC] PHP Warning:  Undefined array key "firma_digital_cliente" in /home/soluctem/sistema.soluctem.com.co/api/submit.php on line 86
[12-Mar-2025 20:11:56 UTC] PHP Warning:  Undefined array key "firma_digital_tecnico" in /home/soluctem/sistema.soluctem.com.co/api/submit.php on line 87
[12-Mar-2025 23:33:46 UTC] PHP Warning:  Undefined array key "nombreSolicitante" in /home/soluctem/sistema.soluctem.com.co/api/submit.php on line 28
[12-Mar-2025 23:33:46 UTC] PHP Warning:  Undefined array key "cargo" in /home/soluctem/sistema.soluctem.com.co/api/submit.php on line 29
[12-Mar-2025 23:33:46 UTC] PHP Warning:  Undefined array key "nombreTienda" in /home/soluctem/sistema.soluctem.com.co/api/submit.php on line 30
[12-Mar-2025 23:33:46 UTC] PHP Warning:  Undefined array key "numeroTienda" in /home/soluctem/sistema.soluctem.com.co/api/submit.php on line 31
[12-Mar-2025 23:33:46 UTC] PHP Warning:  Undefined array key "numeroTicket" in /home/soluctem/sistema.soluctem.com.co/api/submit.php on line 32
[12-Mar-2025 23:33:46 UTC] PHP Warning:  Undefined array key "fecha" in /home/soluctem/sistema.soluctem.com.co/api/submit.php on line 33
[12-Mar-2025 23:33:46 UTC] PHP Warning:  Undefined array key "municipio" in /home/soluctem/sistema.soluctem.com.co/api/submit.php on line 34
[12-Mar-2025 23:33:46 UTC] PHP Warning:  Undefined array key "departamento" in /home/soluctem/sistema.soluctem.com.co/api/submit.php on line 35
[12-Mar-2025 23:33:46 UTC] PHP Warning:  Undefined array key "nombreEquipo" in /home/soluctem/sistema.soluctem.com.co/api/submit.php on line 36
[12-Mar-2025 23:33:46 UTC] PHP Warning:  Undefined array key "marca" in /home/soluctem/sistema.soluctem.com.co/api/submit.php on line 37
[12-Mar-2025 23:33:46 UTC] PHP Warning:  Undefined array key "serial" in /home/soluctem/sistema.soluctem.com.co/api/submit.php on line 38
[12-Mar-2025 23:33:46 UTC] PHP Warning:  Undefined array key "descripcionFalla" in /home/soluctem/sistema.soluctem.com.co/api/submit.php on line 39
[12-Mar-2025 23:33:46 UTC] PHP Warning:  Undefined array key "diagnosticoTecnico" in /home/soluctem/sistema.soluctem.com.co/api/submit.php on line 40
[12-Mar-2025 23:33:46 UTC] PHP Warning:  Undefined array key "repuestosCambiados" in /home/soluctem/sistema.soluctem.com.co/api/submit.php on line 41
[12-Mar-2025 23:33:46 UTC] PHP Warning:  Undefined array key "observaciones" in /home/soluctem/sistema.soluctem.com.co/api/submit.php on line 42
[12-Mar-2025 23:33:46 UTC] PHP Warning:  Undefined array key "seguridadRiesgoAccidentalidad" in /home/soluctem/sistema.soluctem.com.co/api/submit.php on line 43
[12-Mar-2025 23:33:46 UTC] PHP Warning:  Undefined array key "seguridadRiesgoEquipo" in /home/soluctem/sistema.soluctem.com.co/api/submit.php on line 44
[12-Mar-2025 23:33:46 UTC] PHP Warning:  Undefined array key "funcionamientoFallaSolucionada" in /home/soluctem/sistema.soluctem.com.co/api/submit.php on line 45
[12-Mar-2025 23:33:46 UTC] PHP Warning:  Undefined array key "funcionamientoPasosNormales" in /home/soluctem/sistema.soluctem.com.co/api/submit.php on line 46
[12-Mar-2025 23:33:46 UTC] PHP Warning:  Undefined array key "calidadTrabajo" in /home/soluctem/sistema.soluctem.com.co/api/submit.php on line 47
[12-Mar-2025 23:33:46 UTC] PHP Warning:  Undefined array key "limpiezaOrganizacionArmado" in /home/soluctem/sistema.soluctem.com.co/api/submit.php on line 48
[12-Mar-2025 23:33:46 UTC] PHP Warning:  Undefined array key "limpiezaOrganizacionAseado" in /home/soluctem/sistema.soluctem.com.co/api/submit.php on line 49
[12-Mar-2025 23:33:46 UTC] PHP Warning:  Undefined array key "capacitacionCausa" in /home/soluctem/sistema.soluctem.com.co/api/submit.php on line 50
[12-Mar-2025 23:33:46 UTC] PHP Warning:  Undefined array key "capacitacionPrevencion" in /home/soluctem/sistema.soluctem.com.co/api/submit.php on line 51
[12-Mar-2025 23:33:46 UTC] PHP Warning:  Undefined array key "capacitacionAccion" in /home/soluctem/sistema.soluctem.com.co/api/submit.php on line 52
[12-Mar-2025 23:33:46 UTC] PHP Warning:  Undefined array key "contratista1" in /home/soluctem/sistema.soluctem.com.co/api/submit.php on line 53
[12-Mar-2025 23:33:46 UTC] PHP Warning:  Undefined array key "cedula1" in /home/soluctem/sistema.soluctem.com.co/api/submit.php on line 54
[12-Mar-2025 23:33:46 UTC] PHP Warning:  Undefined array key "horaEntrada1" in /home/soluctem/sistema.soluctem.com.co/api/submit.php on line 55
[12-Mar-2025 23:33:46 UTC] PHP Warning:  Undefined array key "horaSalida1" in /home/soluctem/sistema.soluctem.com.co/api/submit.php on line 56
[12-Mar-2025 23:33:46 UTC] PHP Warning:  Undefined array key "contratista2" in /home/soluctem/sistema.soluctem.com.co/api/submit.php on line 57
[12-Mar-2025 23:33:46 UTC] PHP Warning:  Undefined array key "cedula2" in /home/soluctem/sistema.soluctem.com.co/api/submit.php on line 58
[12-Mar-2025 23:33:46 UTC] PHP Warning:  Undefined array key "horaEntrada2" in /home/soluctem/sistema.soluctem.com.co/api/submit.php on line 59
[12-Mar-2025 23:33:46 UTC] PHP Warning:  Undefined array key "horaSalida2" in /home/soluctem/sistema.soluctem.com.co/api/submit.php on line 60
[12-Mar-2025 23:33:46 UTC] PHP Warning:  Undefined array key "contratista3" in /home/soluctem/sistema.soluctem.com.co/api/submit.php on line 61
[12-Mar-2025 23:33:46 UTC] PHP Warning:  Undefined array key "cedula3" in /home/soluctem/sistema.soluctem.com.co/api/submit.php on line 62
[12-Mar-2025 23:33:46 UTC] PHP Warning:  Undefined array key "horaEntrada3" in /home/soluctem/sistema.soluctem.com.co/api/submit.php on line 63
[12-Mar-2025 23:33:46 UTC] PHP Warning:  Undefined array key "horaSalida3" in /home/soluctem/sistema.soluctem.com.co/api/submit.php on line 64
[12-Mar-2025 23:33:46 UTC] PHP Warning:  Undefined array key "contratista4" in /home/soluctem/sistema.soluctem.com.co/api/submit.php on line 65
[12-Mar-2025 23:33:46 UTC] PHP Warning:  Undefined array key "cedula4" in /home/soluctem/sistema.soluctem.com.co/api/submit.php on line 66
[12-Mar-2025 23:33:46 UTC] PHP Warning:  Undefined array key "horaEntrada4" in /home/soluctem/sistema.soluctem.com.co/api/submit.php on line 67
[12-Mar-2025 23:33:46 UTC] PHP Warning:  Undefined array key "horaSalida4" in /home/soluctem/sistema.soluctem.com.co/api/submit.php on line 68
[12-Mar-2025 23:33:46 UTC] PHP Warning:  Undefined array key "nombreFuncionario" in /home/soluctem/sistema.soluctem.com.co/api/submit.php on line 69
[12-Mar-2025 23:33:46 UTC] PHP Warning:  Undefined array key "cedulaFuncionario" in /home/soluctem/sistema.soluctem.com.co/api/submit.php on line 70
[12-Mar-2025 23:33:46 UTC] PHP Warning:  Undefined array key "cargoFuncionario" in /home/soluctem/sistema.soluctem.com.co/api/submit.php on line 71
[12-Mar-2025 23:33:46 UTC] PHP Warning:  Undefined array key "sapFuncionario" in /home/soluctem/sistema.soluctem.com.co/api/submit.php on line 72
[12-Mar-2025 23:33:46 UTC] PHP Warning:  Undefined array key "timestamp" in /home/soluctem/sistema.soluctem.com.co/api/submit.php on line 73
[12-Mar-2025 23:33:46 UTC] PHP Warning:  Undefined array key "asistenciaReparacion" in /home/soluctem/sistema.soluctem.com.co/api/submit.php on line 74
[12-Mar-2025 23:33:46 UTC] PHP Warning:  Undefined array key "asistenciaGarantia" in /home/soluctem/sistema.soluctem.com.co/api/submit.php on line 75
[12-Mar-2025 23:33:46 UTC] PHP Warning:  Undefined array key "asistenciaAjuste" in /home/soluctem/sistema.soluctem.com.co/api/submit.php on line 76
[12-Mar-2025 23:33:46 UTC] PHP Warning:  Undefined array key "asistenciaModificacion" in /home/soluctem/sistema.soluctem.com.co/api/submit.php on line 77
[12-Mar-2025 23:33:46 UTC] PHP Warning:  Undefined array key "asistenciaServicio" in /home/soluctem/sistema.soluctem.com.co/api/submit.php on line 78
[12-Mar-2025 23:33:46 UTC] PHP Warning:  Undefined array key "asistenciaMejora" in /home/soluctem/sistema.soluctem.com.co/api/submit.php on line 79
[12-Mar-2025 23:33:46 UTC] PHP Warning:  Undefined array key "asistenciaCombinacion" in /home/soluctem/sistema.soluctem.com.co/api/submit.php on line 80
[12-Mar-2025 23:33:46 UTC] PHP Warning:  Undefined array key "fallaOperacion" in /home/soluctem/sistema.soluctem.com.co/api/submit.php on line 81
[12-Mar-2025 23:33:46 UTC] PHP Warning:  Undefined array key "fallaMecanica" in /home/soluctem/sistema.soluctem.com.co/api/submit.php on line 82
[12-Mar-2025 23:33:46 UTC] PHP Warning:  Undefined array key "fallaElectrica" in /home/soluctem/sistema.soluctem.com.co/api/submit.php on line 83
[12-Mar-2025 23:33:46 UTC] PHP Warning:  Undefined array key "fallaTerceros" in /home/soluctem/sistema.soluctem.com.co/api/submit.php on line 84
[12-Mar-2025 23:33:46 UTC] PHP Warning:  Undefined array key "fallaFabricacion" in /home/soluctem/sistema.soluctem.com.co/api/submit.php on line 85
[12-Mar-2025 23:33:46 UTC] PHP Warning:  Undefined array key "firma_digital_cliente" in /home/soluctem/sistema.soluctem.com.co/api/submit.php on line 86
[12-Mar-2025 23:33:46 UTC] PHP Warning:  Undefined array key "firma_digital_tecnico" in /home/soluctem/sistema.soluctem.com.co/api/submit.php on line 87
[12-Mar-2025 23:39:09 UTC] PHP Warning:  Undefined array key "nombreSolicitante" in /home/soluctem/sistema.soluctem.com.co/api/submit.php on line 28
[12-Mar-2025 23:39:09 UTC] PHP Warning:  Undefined array key "cargo" in /home/soluctem/sistema.soluctem.com.co/api/submit.php on line 29
[12-Mar-2025 23:39:09 UTC] PHP Warning:  Undefined array key "nombreTienda" in /home/soluctem/sistema.soluctem.com.co/api/submit.php on line 30
[12-Mar-2025 23:39:09 UTC] PHP Warning:  Undefined array key "numeroTienda" in /home/soluctem/sistema.soluctem.com.co/api/submit.php on line 31
[12-Mar-2025 23:39:09 UTC] PHP Warning:  Undefined array key "numeroTicket" in /home/soluctem/sistema.soluctem.com.co/api/submit.php on line 32
[12-Mar-2025 23:39:09 UTC] PHP Warning:  Undefined array key "fecha" in /home/soluctem/sistema.soluctem.com.co/api/submit.php on line 33
[12-Mar-2025 23:39:09 UTC] PHP Warning:  Undefined array key "municipio" in /home/soluctem/sistema.soluctem.com.co/api/submit.php on line 34
[12-Mar-2025 23:39:09 UTC] PHP Warning:  Undefined array key "departamento" in /home/soluctem/sistema.soluctem.com.co/api/submit.php on line 35
[12-Mar-2025 23:39:09 UTC] PHP Warning:  Undefined array key "nombreEquipo" in /home/soluctem/sistema.soluctem.com.co/api/submit.php on line 36
[12-Mar-2025 23:39:09 UTC] PHP Warning:  Undefined array key "marca" in /home/soluctem/sistema.soluctem.com.co/api/submit.php on line 37
[12-Mar-2025 23:39:09 UTC] PHP Warning:  Undefined array key "serial" in /home/soluctem/sistema.soluctem.com.co/api/submit.php on line 38
[12-Mar-2025 23:39:09 UTC] PHP Warning:  Undefined array key "descripcionFalla" in /home/soluctem/sistema.soluctem.com.co/api/submit.php on line 39
[12-Mar-2025 23:39:09 UTC] PHP Warning:  Undefined array key "diagnosticoTecnico" in /home/soluctem/sistema.soluctem.com.co/api/submit.php on line 40
[12-Mar-2025 23:39:09 UTC] PHP Warning:  Undefined array key "repuestosCambiados" in /home/soluctem/sistema.soluctem.com.co/api/submit.php on line 41
[12-Mar-2025 23:39:09 UTC] PHP Warning:  Undefined array key "observaciones" in /home/soluctem/sistema.soluctem.com.co/api/submit.php on line 42
[12-Mar-2025 23:39:09 UTC] PHP Warning:  Undefined array key "seguridadRiesgoAccidentalidad" in /home/soluctem/sistema.soluctem.com.co/api/submit.php on line 43
[12-Mar-2025 23:39:09 UTC] PHP Warning:  Undefined array key "seguridadRiesgoEquipo" in /home/soluctem/sistema.soluctem.com.co/api/submit.php on line 44
[12-Mar-2025 23:39:09 UTC] PHP Warning:  Undefined array key "funcionamientoFallaSolucionada" in /home/soluctem/sistema.soluctem.com.co/api/submit.php on line 45
[12-Mar-2025 23:39:09 UTC] PHP Warning:  Undefined array key "funcionamientoPasosNormales" in /home/soluctem/sistema.soluctem.com.co/api/submit.php on line 46
[12-Mar-2025 23:39:09 UTC] PHP Warning:  Undefined array key "calidadTrabajo" in /home/soluctem/sistema.soluctem.com.co/api/submit.php on line 47
[12-Mar-2025 23:39:09 UTC] PHP Warning:  Undefined array key "limpiezaOrganizacionArmado" in /home/soluctem/sistema.soluctem.com.co/api/submit.php on line 48
[12-Mar-2025 23:39:09 UTC] PHP Warning:  Undefined array key "limpiezaOrganizacionAseado" in /home/soluctem/sistema.soluctem.com.co/api/submit.php on line 49
[12-Mar-2025 23:39:09 UTC] PHP Warning:  Undefined array key "capacitacionCausa" in /home/soluctem/sistema.soluctem.com.co/api/submit.php on line 50
[12-Mar-2025 23:39:09 UTC] PHP Warning:  Undefined array key "capacitacionPrevencion" in /home/soluctem/sistema.soluctem.com.co/api/submit.php on line 51
[12-Mar-2025 23:39:09 UTC] PHP Warning:  Undefined array key "capacitacionAccion" in /home/soluctem/sistema.soluctem.com.co/api/submit.php on line 52
[12-Mar-2025 23:39:09 UTC] PHP Warning:  Undefined array key "contratista1" in /home/soluctem/sistema.soluctem.com.co/api/submit.php on line 53
[12-Mar-2025 23:39:09 UTC] PHP Warning:  Undefined array key "cedula1" in /home/soluctem/sistema.soluctem.com.co/api/submit.php on line 54
[12-Mar-2025 23:39:09 UTC] PHP Warning:  Undefined array key "horaEntrada1" in /home/soluctem/sistema.soluctem.com.co/api/submit.php on line 55
[12-Mar-2025 23:39:09 UTC] PHP Warning:  Undefined array key "horaSalida1" in /home/soluctem/sistema.soluctem.com.co/api/submit.php on line 56
[12-Mar-2025 23:39:09 UTC] PHP Warning:  Undefined array key "contratista2" in /home/soluctem/sistema.soluctem.com.co/api/submit.php on line 57
[12-Mar-2025 23:39:09 UTC] PHP Warning:  Undefined array key "cedula2" in /home/soluctem/sistema.soluctem.com.co/api/submit.php on line 58
[12-Mar-2025 23:39:09 UTC] PHP Warning:  Undefined array key "horaEntrada2" in /home/soluctem/sistema.soluctem.com.co/api/submit.php on line 59
[12-Mar-2025 23:39:09 UTC] PHP Warning:  Undefined array key "horaSalida2" in /home/soluctem/sistema.soluctem.com.co/api/submit.php on line 60
[12-Mar-2025 23:39:09 UTC] PHP Warning:  Undefined array key "contratista3" in /home/soluctem/sistema.soluctem.com.co/api/submit.php on line 61
[12-Mar-2025 23:39:09 UTC] PHP Warning:  Undefined array key "cedula3" in /home/soluctem/sistema.soluctem.com.co/api/submit.php on line 62
[12-Mar-2025 23:39:09 UTC] PHP Warning:  Undefined array key "horaEntrada3" in /home/soluctem/sistema.soluctem.com.co/api/submit.php on line 63
[12-Mar-2025 23:39:09 UTC] PHP Warning:  Undefined array key "horaSalida3" in /home/soluctem/sistema.soluctem.com.co/api/submit.php on line 64
[12-Mar-2025 23:39:09 UTC] PHP Warning:  Undefined array key "contratista4" in /home/soluctem/sistema.soluctem.com.co/api/submit.php on line 65
[12-Mar-2025 23:39:09 UTC] PHP Warning:  Undefined array key "cedula4" in /home/soluctem/sistema.soluctem.com.co/api/submit.php on line 66
[12-Mar-2025 23:39:09 UTC] PHP Warning:  Undefined array key "horaEntrada4" in /home/soluctem/sistema.soluctem.com.co/api/submit.php on line 67
[12-Mar-2025 23:39:09 UTC] PHP Warning:  Undefined array key "horaSalida4" in /home/soluctem/sistema.soluctem.com.co/api/submit.php on line 68
[12-Mar-2025 23:39:09 UTC] PHP Warning:  Undefined array key "nombreFuncionario" in /home/soluctem/sistema.soluctem.com.co/api/submit.php on line 69
[12-Mar-2025 23:39:09 UTC] PHP Warning:  Undefined array key "cedulaFuncionario" in /home/soluctem/sistema.soluctem.com.co/api/submit.php on line 70
[12-Mar-2025 23:39:09 UTC] PHP Warning:  Undefined array key "cargoFuncionario" in /home/soluctem/sistema.soluctem.com.co/api/submit.php on line 71
[12-Mar-2025 23:39:09 UTC] PHP Warning:  Undefined array key "sapFuncionario" in /home/soluctem/sistema.soluctem.com.co/api/submit.php on line 72
[12-Mar-2025 23:39:09 UTC] PHP Warning:  Undefined array key "timestamp" in /home/soluctem/sistema.soluctem.com.co/api/submit.php on line 73
[12-Mar-2025 23:39:09 UTC] PHP Warning:  Undefined array key "asistenciaReparacion" in /home/soluctem/sistema.soluctem.com.co/api/submit.php on line 74
[12-Mar-2025 23:39:09 UTC] PHP Warning:  Undefined array key "asistenciaGarantia" in /home/soluctem/sistema.soluctem.com.co/api/submit.php on line 75
[12-Mar-2025 23:39:09 UTC] PHP Warning:  Undefined array key "asistenciaAjuste" in /home/soluctem/sistema.soluctem.com.co/api/submit.php on line 76
[12-Mar-2025 23:39:09 UTC] PHP Warning:  Undefined array key "asistenciaModificacion" in /home/soluctem/sistema.soluctem.com.co/api/submit.php on line 77
[12-Mar-2025 23:39:09 UTC] PHP Warning:  Undefined array key "asistenciaServicio" in /home/soluctem/sistema.soluctem.com.co/api/submit.php on line 78
[12-Mar-2025 23:39:09 UTC] PHP Warning:  Undefined array key "asistenciaMejora" in /home/soluctem/sistema.soluctem.com.co/api/submit.php on line 79
[12-Mar-2025 23:39:09 UTC] PHP Warning:  Undefined array key "asistenciaCombinacion" in /home/soluctem/sistema.soluctem.com.co/api/submit.php on line 80
[12-Mar-2025 23:39:09 UTC] PHP Warning:  Undefined array key "fallaOperacion" in /home/soluctem/sistema.soluctem.com.co/api/submit.php on line 81
[12-Mar-2025 23:39:09 UTC] PHP Warning:  Undefined array key "fallaMecanica" in /home/soluctem/sistema.soluctem.com.co/api/submit.php on line 82
[12-Mar-2025 23:39:09 UTC] PHP Warning:  Undefined array key "fallaElectrica" in /home/soluctem/sistema.soluctem.com.co/api/submit.php on line 83
[12-Mar-2025 23:39:09 UTC] PHP Warning:  Undefined array key "fallaTerceros" in /home/soluctem/sistema.soluctem.com.co/api/submit.php on line 84
[12-Mar-2025 23:39:09 UTC] PHP Warning:  Undefined array key "fallaFabricacion" in /home/soluctem/sistema.soluctem.com.co/api/submit.php on line 85
[12-Mar-2025 23:39:09 UTC] PHP Warning:  Undefined array key "firma_digital_cliente" in /home/soluctem/sistema.soluctem.com.co/api/submit.php on line 86
[12-Mar-2025 23:39:09 UTC] PHP Warning:  Undefined array key "firma_digital_tecnico" in /home/soluctem/sistema.soluctem.com.co/api/submit.php on line 87
[13-Mar-2025 03:54:28 UTC] PHP Warning:  Undefined array key "nombreSolicitante" in /home/soluctem/sistema.soluctem.com.co/api/submit.php on line 28
[13-Mar-2025 03:54:28 UTC] PHP Warning:  Undefined array key "cargo" in /home/soluctem/sistema.soluctem.com.co/api/submit.php on line 29
[13-Mar-2025 03:54:28 UTC] PHP Warning:  Undefined array key "nombreTienda" in /home/soluctem/sistema.soluctem.com.co/api/submit.php on line 30
[13-Mar-2025 03:54:28 UTC] PHP Warning:  Undefined array key "numeroTienda" in /home/soluctem/sistema.soluctem.com.co/api/submit.php on line 31
[13-Mar-2025 03:54:28 UTC] PHP Warning:  Undefined array key "numeroTicket" in /home/soluctem/sistema.soluctem.com.co/api/submit.php on line 32
[13-Mar-2025 03:54:28 UTC] PHP Warning:  Undefined array key "fecha" in /home/soluctem/sistema.soluctem.com.co/api/submit.php on line 33
[13-Mar-2025 03:54:28 UTC] PHP Warning:  Undefined array key "municipio" in /home/soluctem/sistema.soluctem.com.co/api/submit.php on line 34
[13-Mar-2025 03:54:28 UTC] PHP Warning:  Undefined array key "departamento" in /home/soluctem/sistema.soluctem.com.co/api/submit.php on line 35
[13-Mar-2025 03:54:28 UTC] PHP Warning:  Undefined array key "nombreEquipo" in /home/soluctem/sistema.soluctem.com.co/api/submit.php on line 36
[13-Mar-2025 03:54:28 UTC] PHP Warning:  Undefined array key "marca" in /home/soluctem/sistema.soluctem.com.co/api/submit.php on line 37
[13-Mar-2025 03:54:28 UTC] PHP Warning:  Undefined array key "serial" in /home/soluctem/sistema.soluctem.com.co/api/submit.php on line 38
[13-Mar-2025 03:54:28 UTC] PHP Warning:  Undefined array key "descripcionFalla" in /home/soluctem/sistema.soluctem.com.co/api/submit.php on line 39
[13-Mar-2025 03:54:28 UTC] PHP Warning:  Undefined array key "diagnosticoTecnico" in /home/soluctem/sistema.soluctem.com.co/api/submit.php on line 40
[13-Mar-2025 03:54:28 UTC] PHP Warning:  Undefined array key "repuestosCambiados" in /home/soluctem/sistema.soluctem.com.co/api/submit.php on line 41
[13-Mar-2025 03:54:28 UTC] PHP Warning:  Undefined array key "observaciones" in /home/soluctem/sistema.soluctem.com.co/api/submit.php on line 42
[13-Mar-2025 03:54:28 UTC] PHP Warning:  Undefined array key "seguridadRiesgoAccidentalidad" in /home/soluctem/sistema.soluctem.com.co/api/submit.php on line 43
[13-Mar-2025 03:54:28 UTC] PHP Warning:  Undefined array key "seguridadRiesgoEquipo" in /home/soluctem/sistema.soluctem.com.co/api/submit.php on line 44
[13-Mar-2025 03:54:28 UTC] PHP Warning:  Undefined array key "funcionamientoFallaSolucionada" in /home/soluctem/sistema.soluctem.com.co/api/submit.php on line 45
[13-Mar-2025 03:54:28 UTC] PHP Warning:  Undefined array key "funcionamientoPasosNormales" in /home/soluctem/sistema.soluctem.com.co/api/submit.php on line 46
[13-Mar-2025 03:54:28 UTC] PHP Warning:  Undefined array key "calidadTrabajo" in /home/soluctem/sistema.soluctem.com.co/api/submit.php on line 47
[13-Mar-2025 03:54:28 UTC] PHP Warning:  Undefined array key "limpiezaOrganizacionArmado" in /home/soluctem/sistema.soluctem.com.co/api/submit.php on line 48
[13-Mar-2025 03:54:28 UTC] PHP Warning:  Undefined array key "limpiezaOrganizacionAseado" in /home/soluctem/sistema.soluctem.com.co/api/submit.php on line 49
[13-Mar-2025 03:54:28 UTC] PHP Warning:  Undefined array key "capacitacionCausa" in /home/soluctem/sistema.soluctem.com.co/api/submit.php on line 50
[13-Mar-2025 03:54:28 UTC] PHP Warning:  Undefined array key "capacitacionPrevencion" in /home/soluctem/sistema.soluctem.com.co/api/submit.php on line 51
[13-Mar-2025 03:54:28 UTC] PHP Warning:  Undefined array key "capacitacionAccion" in /home/soluctem/sistema.soluctem.com.co/api/submit.php on line 52
[13-Mar-2025 03:54:28 UTC] PHP Warning:  Undefined array key "contratista1" in /home/soluctem/sistema.soluctem.com.co/api/submit.php on line 53
[13-Mar-2025 03:54:28 UTC] PHP Warning:  Undefined array key "cedula1" in /home/soluctem/sistema.soluctem.com.co/api/submit.php on line 54
[13-Mar-2025 03:54:28 UTC] PHP Warning:  Undefined array key "horaEntrada1" in /home/soluctem/sistema.soluctem.com.co/api/submit.php on line 55
[13-Mar-2025 03:54:28 UTC] PHP Warning:  Undefined array key "horaSalida1" in /home/soluctem/sistema.soluctem.com.co/api/submit.php on line 56
[13-Mar-2025 03:54:28 UTC] PHP Warning:  Undefined array key "contratista2" in /home/soluctem/sistema.soluctem.com.co/api/submit.php on line 57
[13-Mar-2025 03:54:28 UTC] PHP Warning:  Undefined array key "cedula2" in /home/soluctem/sistema.soluctem.com.co/api/submit.php on line 58
[13-Mar-2025 03:54:28 UTC] PHP Warning:  Undefined array key "horaEntrada2" in /home/soluctem/sistema.soluctem.com.co/api/submit.php on line 59
[13-Mar-2025 03:54:28 UTC] PHP Warning:  Undefined array key "horaSalida2" in /home/soluctem/sistema.soluctem.com.co/api/submit.php on line 60
[13-Mar-2025 03:54:28 UTC] PHP Warning:  Undefined array key "contratista3" in /home/soluctem/sistema.soluctem.com.co/api/submit.php on line 61
[13-Mar-2025 03:54:28 UTC] PHP Warning:  Undefined array key "cedula3" in /home/soluctem/sistema.soluctem.com.co/api/submit.php on line 62
[13-Mar-2025 03:54:28 UTC] PHP Warning:  Undefined array key "horaEntrada3" in /home/soluctem/sistema.soluctem.com.co/api/submit.php on line 63
[13-Mar-2025 03:54:28 UTC] PHP Warning:  Undefined array key "horaSalida3" in /home/soluctem/sistema.soluctem.com.co/api/submit.php on line 64
[13-Mar-2025 03:54:28 UTC] PHP Warning:  Undefined array key "contratista4" in /home/soluctem/sistema.soluctem.com.co/api/submit.php on line 65
[13-Mar-2025 03:54:28 UTC] PHP Warning:  Undefined array key "cedula4" in /home/soluctem/sistema.soluctem.com.co/api/submit.php on line 66
[13-Mar-2025 03:54:28 UTC] PHP Warning:  Undefined array key "horaEntrada4" in /home/soluctem/sistema.soluctem.com.co/api/submit.php on line 67
[13-Mar-2025 03:54:28 UTC] PHP Warning:  Undefined array key "horaSalida4" in /home/soluctem/sistema.soluctem.com.co/api/submit.php on line 68
[13-Mar-2025 03:54:28 UTC] PHP Warning:  Undefined array key "nombreFuncionario" in /home/soluctem/sistema.soluctem.com.co/api/submit.php on line 69
[13-Mar-2025 03:54:28 UTC] PHP Warning:  Undefined array key "cedulaFuncionario" in /home/soluctem/sistema.soluctem.com.co/api/submit.php on line 70
[13-Mar-2025 03:54:28 UTC] PHP Warning:  Undefined array key "cargoFuncionario" in /home/soluctem/sistema.soluctem.com.co/api/submit.php on line 71
[13-Mar-2025 03:54:28 UTC] PHP Warning:  Undefined array key "sapFuncionario" in /home/soluctem/sistema.soluctem.com.co/api/submit.php on line 72
[13-Mar-2025 03:54:28 UTC] PHP Warning:  Undefined array key "timestamp" in /home/soluctem/sistema.soluctem.com.co/api/submit.php on line 73
[13-Mar-2025 03:54:28 UTC] PHP Warning:  Undefined array key "asistenciaReparacion" in /home/soluctem/sistema.soluctem.com.co/api/submit.php on line 74
[13-Mar-2025 03:54:28 UTC] PHP Warning:  Undefined array key "asistenciaGarantia" in /home/soluctem/sistema.soluctem.com.co/api/submit.php on line 75
[13-Mar-2025 03:54:28 UTC] PHP Warning:  Undefined array key "asistenciaAjuste" in /home/soluctem/sistema.soluctem.com.co/api/submit.php on line 76
[13-Mar-2025 03:54:28 UTC] PHP Warning:  Undefined array key "asistenciaModificacion" in /home/soluctem/sistema.soluctem.com.co/api/submit.php on line 77
[13-Mar-2025 03:54:28 UTC] PHP Warning:  Undefined array key "asistenciaServicio" in /home/soluctem/sistema.soluctem.com.co/api/submit.php on line 78
[13-Mar-2025 03:54:28 UTC] PHP Warning:  Undefined array key "asistenciaMejora" in /home/soluctem/sistema.soluctem.com.co/api/submit.php on line 79
[13-Mar-2025 03:54:28 UTC] PHP Warning:  Undefined array key "asistenciaCombinacion" in /home/soluctem/sistema.soluctem.com.co/api/submit.php on line 80
[13-Mar-2025 03:54:28 UTC] PHP Warning:  Undefined array key "fallaOperacion" in /home/soluctem/sistema.soluctem.com.co/api/submit.php on line 81
[13-Mar-2025 03:54:28 UTC] PHP Warning:  Undefined array key "fallaMecanica" in /home/soluctem/sistema.soluctem.com.co/api/submit.php on line 82
[13-Mar-2025 03:54:28 UTC] PHP Warning:  Undefined array key "fallaElectrica" in /home/soluctem/sistema.soluctem.com.co/api/submit.php on line 83
[13-Mar-2025 03:54:28 UTC] PHP Warning:  Undefined array key "fallaTerceros" in /home/soluctem/sistema.soluctem.com.co/api/submit.php on line 84
[13-Mar-2025 03:54:28 UTC] PHP Warning:  Undefined array key "fallaFabricacion" in /home/soluctem/sistema.soluctem.com.co/api/submit.php on line 85
[13-Mar-2025 03:54:28 UTC] PHP Warning:  Undefined array key "firma_digital_cliente" in /home/soluctem/sistema.soluctem.com.co/api/submit.php on line 86
[13-Mar-2025 03:54:28 UTC] PHP Warning:  Undefined array key "firma_digital_tecnico" in /home/soluctem/sistema.soluctem.com.co/api/submit.php on line 87
[13-Mar-2025 12:50:55 UTC] PHP Warning:  Undefined array key "nombreSolicitante" in /home/soluctem/sistema.soluctem.com.co/api/submit.php on line 28
[13-Mar-2025 12:50:55 UTC] PHP Warning:  Undefined array key "cargo" in /home/soluctem/sistema.soluctem.com.co/api/submit.php on line 29
[13-Mar-2025 12:50:55 UTC] PHP Warning:  Undefined array key "nombreTienda" in /home/soluctem/sistema.soluctem.com.co/api/submit.php on line 30
[13-Mar-2025 12:50:55 UTC] PHP Warning:  Undefined array key "numeroTienda" in /home/soluctem/sistema.soluctem.com.co/api/submit.php on line 31
[13-Mar-2025 12:50:55 UTC] PHP Warning:  Undefined array key "numeroTicket" in /home/soluctem/sistema.soluctem.com.co/api/submit.php on line 32
[13-Mar-2025 12:50:55 UTC] PHP Warning:  Undefined array key "fecha" in /home/soluctem/sistema.soluctem.com.co/api/submit.php on line 33
[13-Mar-2025 12:50:55 UTC] PHP Warning:  Undefined array key "municipio" in /home/soluctem/sistema.soluctem.com.co/api/submit.php on line 34
[13-Mar-2025 12:50:55 UTC] PHP Warning:  Undefined array key "departamento" in /home/soluctem/sistema.soluctem.com.co/api/submit.php on line 35
[13-Mar-2025 12:50:55 UTC] PHP Warning:  Undefined array key "nombreEquipo" in /home/soluctem/sistema.soluctem.com.co/api/submit.php on line 36
[13-Mar-2025 12:50:55 UTC] PHP Warning:  Undefined array key "marca" in /home/soluctem/sistema.soluctem.com.co/api/submit.php on line 37
[13-Mar-2025 12:50:55 UTC] PHP Warning:  Undefined array key "serial" in /home/soluctem/sistema.soluctem.com.co/api/submit.php on line 38
[13-Mar-2025 12:50:55 UTC] PHP Warning:  Undefined array key "descripcionFalla" in /home/soluctem/sistema.soluctem.com.co/api/submit.php on line 39
[13-Mar-2025 12:50:55 UTC] PHP Warning:  Undefined array key "diagnosticoTecnico" in /home/soluctem/sistema.soluctem.com.co/api/submit.php on line 40
[13-Mar-2025 12:50:55 UTC] PHP Warning:  Undefined array key "repuestosCambiados" in /home/soluctem/sistema.soluctem.com.co/api/submit.php on line 41
[13-Mar-2025 12:50:55 UTC] PHP Warning:  Undefined array key "observaciones" in /home/soluctem/sistema.soluctem.com.co/api/submit.php on line 42
[13-Mar-2025 12:50:55 UTC] PHP Warning:  Undefined array key "seguridadRiesgoAccidentalidad" in /home/soluctem/sistema.soluctem.com.co/api/submit.php on line 43
[13-Mar-2025 12:50:55 UTC] PHP Warning:  Undefined array key "seguridadRiesgoEquipo" in /home/soluctem/sistema.soluctem.com.co/api/submit.php on line 44
[13-Mar-2025 12:50:55 UTC] PHP Warning:  Undefined array key "funcionamientoFallaSolucionada" in /home/soluctem/sistema.soluctem.com.co/api/submit.php on line 45
[13-Mar-2025 12:50:55 UTC] PHP Warning:  Undefined array key "funcionamientoPasosNormales" in /home/soluctem/sistema.soluctem.com.co/api/submit.php on line 46
[13-Mar-2025 12:50:55 UTC] PHP Warning:  Undefined array key "calidadTrabajo" in /home/soluctem/sistema.soluctem.com.co/api/submit.php on line 47
[13-Mar-2025 12:50:55 UTC] PHP Warning:  Undefined array key "limpiezaOrganizacionArmado" in /home/soluctem/sistema.soluctem.com.co/api/submit.php on line 48
[13-Mar-2025 12:50:55 UTC] PHP Warning:  Undefined array key "limpiezaOrganizacionAseado" in /home/soluctem/sistema.soluctem.com.co/api/submit.php on line 49
[13-Mar-2025 12:50:55 UTC] PHP Warning:  Undefined array key "capacitacionCausa" in /home/soluctem/sistema.soluctem.com.co/api/submit.php on line 50
[13-Mar-2025 12:50:55 UTC] PHP Warning:  Undefined array key "capacitacionPrevencion" in /home/soluctem/sistema.soluctem.com.co/api/submit.php on line 51
[13-Mar-2025 12:50:55 UTC] PHP Warning:  Undefined array key "capacitacionAccion" in /home/soluctem/sistema.soluctem.com.co/api/submit.php on line 52
[13-Mar-2025 12:50:55 UTC] PHP Warning:  Undefined array key "contratista1" in /home/soluctem/sistema.soluctem.com.co/api/submit.php on line 53
[13-Mar-2025 12:50:55 UTC] PHP Warning:  Undefined array key "cedula1" in /home/soluctem/sistema.soluctem.com.co/api/submit.php on line 54
[13-Mar-2025 12:50:55 UTC] PHP Warning:  Undefined array key "horaEntrada1" in /home/soluctem/sistema.soluctem.com.co/api/submit.php on line 55
[13-Mar-2025 12:50:55 UTC] PHP Warning:  Undefined array key "horaSalida1" in /home/soluctem/sistema.soluctem.com.co/api/submit.php on line 56
[13-Mar-2025 12:50:55 UTC] PHP Warning:  Undefined array key "contratista2" in /home/soluctem/sistema.soluctem.com.co/api/submit.php on line 57
[13-Mar-2025 12:50:55 UTC] PHP Warning:  Undefined array key "cedula2" in /home/soluctem/sistema.soluctem.com.co/api/submit.php on line 58
[13-Mar-2025 12:50:55 UTC] PHP Warning:  Undefined array key "horaEntrada2" in /home/soluctem/sistema.soluctem.com.co/api/submit.php on line 59
[13-Mar-2025 12:50:55 UTC] PHP Warning:  Undefined array key "horaSalida2" in /home/soluctem/sistema.soluctem.com.co/api/submit.php on line 60
[13-Mar-2025 12:50:55 UTC] PHP Warning:  Undefined array key "contratista3" in /home/soluctem/sistema.soluctem.com.co/api/submit.php on line 61
[13-Mar-2025 12:50:55 UTC] PHP Warning:  Undefined array key "cedula3" in /home/soluctem/sistema.soluctem.com.co/api/submit.php on line 62
[13-Mar-2025 12:50:55 UTC] PHP Warning:  Undefined array key "horaEntrada3" in /home/soluctem/sistema.soluctem.com.co/api/submit.php on line 63
[13-Mar-2025 12:50:55 UTC] PHP Warning:  Undefined array key "horaSalida3" in /home/soluctem/sistema.soluctem.com.co/api/submit.php on line 64
[13-Mar-2025 12:50:55 UTC] PHP Warning:  Undefined array key "contratista4" in /home/soluctem/sistema.soluctem.com.co/api/submit.php on line 65
[13-Mar-2025 12:50:55 UTC] PHP Warning:  Undefined array key "cedula4" in /home/soluctem/sistema.soluctem.com.co/api/submit.php on line 66
[13-Mar-2025 12:50:55 UTC] PHP Warning:  Undefined array key "horaEntrada4" in /home/soluctem/sistema.soluctem.com.co/api/submit.php on line 67
[13-Mar-2025 12:50:55 UTC] PHP Warning:  Undefined array key "horaSalida4" in /home/soluctem/sistema.soluctem.com.co/api/submit.php on line 68
[13-Mar-2025 12:50:55 UTC] PHP Warning:  Undefined array key "nombreFuncionario" in /home/soluctem/sistema.soluctem.com.co/api/submit.php on line 69
[13-Mar-2025 12:50:55 UTC] PHP Warning:  Undefined array key "cedulaFuncionario" in /home/soluctem/sistema.soluctem.com.co/api/submit.php on line 70
[13-Mar-2025 12:50:55 UTC] PHP Warning:  Undefined array key "cargoFuncionario" in /home/soluctem/sistema.soluctem.com.co/api/submit.php on line 71
[13-Mar-2025 12:50:55 UTC] PHP Warning:  Undefined array key "sapFuncionario" in /home/soluctem/sistema.soluctem.com.co/api/submit.php on line 72
[13-Mar-2025 12:50:55 UTC] PHP Warning:  Undefined array key "timestamp" in /home/soluctem/sistema.soluctem.com.co/api/submit.php on line 73
[13-Mar-2025 12:50:55 UTC] PHP Warning:  Undefined array key "asistenciaReparacion" in /home/soluctem/sistema.soluctem.com.co/api/submit.php on line 74
[13-Mar-2025 12:50:55 UTC] PHP Warning:  Undefined array key "asistenciaGarantia" in /home/soluctem/sistema.soluctem.com.co/api/submit.php on line 75
[13-Mar-2025 12:50:55 UTC] PHP Warning:  Undefined array key "asistenciaAjuste" in /home/soluctem/sistema.soluctem.com.co/api/submit.php on line 76
[13-Mar-2025 12:50:55 UTC] PHP Warning:  Undefined array key "asistenciaModificacion" in /home/soluctem/sistema.soluctem.com.co/api/submit.php on line 77
[13-Mar-2025 12:50:55 UTC] PHP Warning:  Undefined array key "asistenciaServicio" in /home/soluctem/sistema.soluctem.com.co/api/submit.php on line 78
[13-Mar-2025 12:50:55 UTC] PHP Warning:  Undefined array key "asistenciaMejora" in /home/soluctem/sistema.soluctem.com.co/api/submit.php on line 79
[13-Mar-2025 12:50:55 UTC] PHP Warning:  Undefined array key "asistenciaCombinacion" in /home/soluctem/sistema.soluctem.com.co/api/submit.php on line 80
[13-Mar-2025 12:50:55 UTC] PHP Warning:  Undefined array key "fallaOperacion" in /home/soluctem/sistema.soluctem.com.co/api/submit.php on line 81
[13-Mar-2025 12:50:55 UTC] PHP Warning:  Undefined array key "fallaMecanica" in /home/soluctem/sistema.soluctem.com.co/api/submit.php on line 82
[13-Mar-2025 12:50:55 UTC] PHP Warning:  Undefined array key "fallaElectrica" in /home/soluctem/sistema.soluctem.com.co/api/submit.php on line 83
[13-Mar-2025 12:50:55 UTC] PHP Warning:  Undefined array key "fallaTerceros" in /home/soluctem/sistema.soluctem.com.co/api/submit.php on line 84
[13-Mar-2025 12:50:55 UTC] PHP Warning:  Undefined array key "fallaFabricacion" in /home/soluctem/sistema.soluctem.com.co/api/submit.php on line 85
[13-Mar-2025 12:50:55 UTC] PHP Warning:  Undefined array key "firma_digital_cliente" in /home/soluctem/sistema.soluctem.com.co/api/submit.php on line 86
[13-Mar-2025 12:50:55 UTC] PHP Warning:  Undefined array key "firma_digital_tecnico" in /home/soluctem/sistema.soluctem.com.co/api/submit.php on line 87
[13-Mar-2025 12:54:58 UTC] PHP Warning:  Undefined array key "nombreSolicitante" in /home/soluctem/sistema.soluctem.com.co/api/submit.php on line 28
[13-Mar-2025 12:54:58 UTC] PHP Warning:  Undefined array key "cargo" in /home/soluctem/sistema.soluctem.com.co/api/submit.php on line 29
[13-Mar-2025 12:54:58 UTC] PHP Warning:  Undefined array key "nombreTienda" in /home/soluctem/sistema.soluctem.com.co/api/submit.php on line 30
[13-Mar-2025 12:54:58 UTC] PHP Warning:  Undefined array key "numeroTienda" in /home/soluctem/sistema.soluctem.com.co/api/submit.php on line 31
[13-Mar-2025 12:54:58 UTC] PHP Warning:  Undefined array key "numeroTicket" in /home/soluctem/sistema.soluctem.com.co/api/submit.php on line 32
[13-Mar-2025 12:54:58 UTC] PHP Warning:  Undefined array key "fecha" in /home/soluctem/sistema.soluctem.com.co/api/submit.php on line 33
[13-Mar-2025 12:54:58 UTC] PHP Warning:  Undefined array key "municipio" in /home/soluctem/sistema.soluctem.com.co/api/submit.php on line 34
[13-Mar-2025 12:54:58 UTC] PHP Warning:  Undefined array key "departamento" in /home/soluctem/sistema.soluctem.com.co/api/submit.php on line 35
[13-Mar-2025 12:54:58 UTC] PHP Warning:  Undefined array key "nombreEquipo" in /home/soluctem/sistema.soluctem.com.co/api/submit.php on line 36
[13-Mar-2025 12:54:58 UTC] PHP Warning:  Undefined array key "marca" in /home/soluctem/sistema.soluctem.com.co/api/submit.php on line 37
[13-Mar-2025 12:54:58 UTC] PHP Warning:  Undefined array key "serial" in /home/soluctem/sistema.soluctem.com.co/api/submit.php on line 38
[13-Mar-2025 12:54:58 UTC] PHP Warning:  Undefined array key "descripcionFalla" in /home/soluctem/sistema.soluctem.com.co/api/submit.php on line 39
[13-Mar-2025 12:54:58 UTC] PHP Warning:  Undefined array key "diagnosticoTecnico" in /home/soluctem/sistema.soluctem.com.co/api/submit.php on line 40
[13-Mar-2025 12:54:58 UTC] PHP Warning:  Undefined array key "repuestosCambiados" in /home/soluctem/sistema.soluctem.com.co/api/submit.php on line 41
[13-Mar-2025 12:54:58 UTC] PHP Warning:  Undefined array key "observaciones" in /home/soluctem/sistema.soluctem.com.co/api/submit.php on line 42
[13-Mar-2025 12:54:58 UTC] PHP Warning:  Undefined array key "seguridadRiesgoAccidentalidad" in /home/soluctem/sistema.soluctem.com.co/api/submit.php on line 43
[13-Mar-2025 12:54:58 UTC] PHP Warning:  Undefined array key "seguridadRiesgoEquipo" in /home/soluctem/sistema.soluctem.com.co/api/submit.php on line 44
[13-Mar-2025 12:54:58 UTC] PHP Warning:  Undefined array key "funcionamientoFallaSolucionada" in /home/soluctem/sistema.soluctem.com.co/api/submit.php on line 45
[13-Mar-2025 12:54:58 UTC] PHP Warning:  Undefined array key "funcionamientoPasosNormales" in /home/soluctem/sistema.soluctem.com.co/api/submit.php on line 46
[13-Mar-2025 12:54:58 UTC] PHP Warning:  Undefined array key "calidadTrabajo" in /home/soluctem/sistema.soluctem.com.co/api/submit.php on line 47
[13-Mar-2025 12:54:58 UTC] PHP Warning:  Undefined array key "limpiezaOrganizacionArmado" in /home/soluctem/sistema.soluctem.com.co/api/submit.php on line 48
[13-Mar-2025 12:54:58 UTC] PHP Warning:  Undefined array key "limpiezaOrganizacionAseado" in /home/soluctem/sistema.soluctem.com.co/api/submit.php on line 49
[13-Mar-2025 12:54:58 UTC] PHP Warning:  Undefined array key "capacitacionCausa" in /home/soluctem/sistema.soluctem.com.co/api/submit.php on line 50
[13-Mar-2025 12:54:58 UTC] PHP Warning:  Undefined array key "capacitacionPrevencion" in /home/soluctem/sistema.soluctem.com.co/api/submit.php on line 51
[13-Mar-2025 12:54:58 UTC] PHP Warning:  Undefined array key "capacitacionAccion" in /home/soluctem/sistema.soluctem.com.co/api/submit.php on line 52
[13-Mar-2025 12:54:58 UTC] PHP Warning:  Undefined array key "contratista1" in /home/soluctem/sistema.soluctem.com.co/api/submit.php on line 53
[13-Mar-2025 12:54:58 UTC] PHP Warning:  Undefined array key "cedula1" in /home/soluctem/sistema.soluctem.com.co/api/submit.php on line 54
[13-Mar-2025 12:54:58 UTC] PHP Warning:  Undefined array key "horaEntrada1" in /home/soluctem/sistema.soluctem.com.co/api/submit.php on line 55
[13-Mar-2025 12:54:58 UTC] PHP Warning:  Undefined array key "horaSalida1" in /home/soluctem/sistema.soluctem.com.co/api/submit.php on line 56
[13-Mar-2025 12:54:58 UTC] PHP Warning:  Undefined array key "contratista2" in /home/soluctem/sistema.soluctem.com.co/api/submit.php on line 57
[13-Mar-2025 12:54:58 UTC] PHP Warning:  Undefined array key "cedula2" in /home/soluctem/sistema.soluctem.com.co/api/submit.php on line 58
[13-Mar-2025 12:54:58 UTC] PHP Warning:  Undefined array key "horaEntrada2" in /home/soluctem/sistema.soluctem.com.co/api/submit.php on line 59
[13-Mar-2025 12:54:58 UTC] PHP Warning:  Undefined array key "horaSalida2" in /home/soluctem/sistema.soluctem.com.co/api/submit.php on line 60
[13-Mar-2025 12:54:58 UTC] PHP Warning:  Undefined array key "contratista3" in /home/soluctem/sistema.soluctem.com.co/api/submit.php on line 61
[13-Mar-2025 12:54:58 UTC] PHP Warning:  Undefined array key "cedula3" in /home/soluctem/sistema.soluctem.com.co/api/submit.php on line 62
[13-Mar-2025 12:54:58 UTC] PHP Warning:  Undefined array key "horaEntrada3" in /home/soluctem/sistema.soluctem.com.co/api/submit.php on line 63
[13-Mar-2025 12:54:58 UTC] PHP Warning:  Undefined array key "horaSalida3" in /home/soluctem/sistema.soluctem.com.co/api/submit.php on line 64
[13-Mar-2025 12:54:58 UTC] PHP Warning:  Undefined array key "contratista4" in /home/soluctem/sistema.soluctem.com.co/api/submit.php on line 65
[13-Mar-2025 12:54:58 UTC] PHP Warning:  Undefined array key "cedula4" in /home/soluctem/sistema.soluctem.com.co/api/submit.php on line 66
[13-Mar-2025 12:54:58 UTC] PHP Warning:  Undefined array key "horaEntrada4" in /home/soluctem/sistema.soluctem.com.co/api/submit.php on line 67
[13-Mar-2025 12:54:58 UTC] PHP Warning:  Undefined array key "horaSalida4" in /home/soluctem/sistema.soluctem.com.co/api/submit.php on line 68
[13-Mar-2025 12:54:58 UTC] PHP Warning:  Undefined array key "nombreFuncionario" in /home/soluctem/sistema.soluctem.com.co/api/submit.php on line 69
[13-Mar-2025 12:54:58 UTC] PHP Warning:  Undefined array key "cedulaFuncionario" in /home/soluctem/sistema.soluctem.com.co/api/submit.php on line 70
[13-Mar-2025 12:54:58 UTC] PHP Warning:  Undefined array key "cargoFuncionario" in /home/soluctem/sistema.soluctem.com.co/api/submit.php on line 71
[13-Mar-2025 12:54:58 UTC] PHP Warning:  Undefined array key "sapFuncionario" in /home/soluctem/sistema.soluctem.com.co/api/submit.php on line 72
[13-Mar-2025 12:54:58 UTC] PHP Warning:  Undefined array key "timestamp" in /home/soluctem/sistema.soluctem.com.co/api/submit.php on line 73
[13-Mar-2025 12:54:58 UTC] PHP Warning:  Undefined array key "asistenciaReparacion" in /home/soluctem/sistema.soluctem.com.co/api/submit.php on line 74
[13-Mar-2025 12:54:58 UTC] PHP Warning:  Undefined array key "asistenciaGarantia" in /home/soluctem/sistema.soluctem.com.co/api/submit.php on line 75
[13-Mar-2025 12:54:58 UTC] PHP Warning:  Undefined array key "asistenciaAjuste" in /home/soluctem/sistema.soluctem.com.co/api/submit.php on line 76
[13-Mar-2025 12:54:58 UTC] PHP Warning:  Undefined array key "asistenciaModificacion" in /home/soluctem/sistema.soluctem.com.co/api/submit.php on line 77
[13-Mar-2025 12:54:58 UTC] PHP Warning:  Undefined array key "asistenciaServicio" in /home/soluctem/sistema.soluctem.com.co/api/submit.php on line 78
[13-Mar-2025 12:54:58 UTC] PHP Warning:  Undefined array key "asistenciaMejora" in /home/soluctem/sistema.soluctem.com.co/api/submit.php on line 79
[13-Mar-2025 12:54:58 UTC] PHP Warning:  Undefined array key "asistenciaCombinacion" in /home/soluctem/sistema.soluctem.com.co/api/submit.php on line 80
[13-Mar-2025 12:54:58 UTC] PHP Warning:  Undefined array key "fallaOperacion" in /home/soluctem/sistema.soluctem.com.co/api/submit.php on line 81
[13-Mar-2025 12:54:58 UTC] PHP Warning:  Undefined array key "fallaMecanica" in /home/soluctem/sistema.soluctem.com.co/api/submit.php on line 82
[13-Mar-2025 12:54:58 UTC] PHP Warning:  Undefined array key "fallaElectrica" in /home/soluctem/sistema.soluctem.com.co/api/submit.php on line 83
[13-Mar-2025 12:54:58 UTC] PHP Warning:  Undefined array key "fallaTerceros" in /home/soluctem/sistema.soluctem.com.co/api/submit.php on line 84
[13-Mar-2025 12:54:58 UTC] PHP Warning:  Undefined array key "fallaFabricacion" in /home/soluctem/sistema.soluctem.com.co/api/submit.php on line 85
[13-Mar-2025 12:54:58 UTC] PHP Warning:  Undefined array key "firma_digital_cliente" in /home/soluctem/sistema.soluctem.com.co/api/submit.php on line 86
[13-Mar-2025 12:54:58 UTC] PHP Warning:  Undefined array key "firma_digital_tecnico" in /home/soluctem/sistema.soluctem.com.co/api/submit.php on line 87
[21-Mar-2025 13:15:30 UTC] PHP Warning:  Undefined array key "nombreSolicitante" in /home/soluctem/sistema.soluctem.com.co/api/submit.php on line 28
[21-Mar-2025 13:15:30 UTC] PHP Warning:  Undefined array key "cargo" in /home/soluctem/sistema.soluctem.com.co/api/submit.php on line 29
[21-Mar-2025 13:15:30 UTC] PHP Warning:  Undefined array key "nombreTienda" in /home/soluctem/sistema.soluctem.com.co/api/submit.php on line 30
[21-Mar-2025 13:15:30 UTC] PHP Warning:  Undefined array key "numeroTienda" in /home/soluctem/sistema.soluctem.com.co/api/submit.php on line 31
[21-Mar-2025 13:15:30 UTC] PHP Warning:  Undefined array key "numeroTicket" in /home/soluctem/sistema.soluctem.com.co/api/submit.php on line 32
[21-Mar-2025 13:15:30 UTC] PHP Warning:  Undefined array key "fecha" in /home/soluctem/sistema.soluctem.com.co/api/submit.php on line 33
[21-Mar-2025 13:15:30 UTC] PHP Warning:  Undefined array key "municipio" in /home/soluctem/sistema.soluctem.com.co/api/submit.php on line 34
[21-Mar-2025 13:15:30 UTC] PHP Warning:  Undefined array key "departamento" in /home/soluctem/sistema.soluctem.com.co/api/submit.php on line 35
[21-Mar-2025 13:15:30 UTC] PHP Warning:  Undefined array key "nombreEquipo" in /home/soluctem/sistema.soluctem.com.co/api/submit.php on line 36
[21-Mar-2025 13:15:30 UTC] PHP Warning:  Undefined array key "marca" in /home/soluctem/sistema.soluctem.com.co/api/submit.php on line 37
[21-Mar-2025 13:15:30 UTC] PHP Warning:  Undefined array key "serial" in /home/soluctem/sistema.soluctem.com.co/api/submit.php on line 38
[21-Mar-2025 13:15:30 UTC] PHP Warning:  Undefined array key "descripcionFalla" in /home/soluctem/sistema.soluctem.com.co/api/submit.php on line 39
[21-Mar-2025 13:15:30 UTC] PHP Warning:  Undefined array key "diagnosticoTecnico" in /home/soluctem/sistema.soluctem.com.co/api/submit.php on line 40
[21-Mar-2025 13:15:30 UTC] PHP Warning:  Undefined array key "repuestosCambiados" in /home/soluctem/sistema.soluctem.com.co/api/submit.php on line 41
[21-Mar-2025 13:15:30 UTC] PHP Warning:  Undefined array key "observaciones" in /home/soluctem/sistema.soluctem.com.co/api/submit.php on line 42
[21-Mar-2025 13:15:30 UTC] PHP Warning:  Undefined array key "seguridadRiesgoAccidentalidad" in /home/soluctem/sistema.soluctem.com.co/api/submit.php on line 43
[21-Mar-2025 13:15:30 UTC] PHP Warning:  Undefined array key "seguridadRiesgoEquipo" in /home/soluctem/sistema.soluctem.com.co/api/submit.php on line 44
[21-Mar-2025 13:15:30 UTC] PHP Warning:  Undefined array key "funcionamientoFallaSolucionada" in /home/soluctem/sistema.soluctem.com.co/api/submit.php on line 45
[21-Mar-2025 13:15:30 UTC] PHP Warning:  Undefined array key "funcionamientoPasosNormales" in /home/soluctem/sistema.soluctem.com.co/api/submit.php on line 46
[21-Mar-2025 13:15:30 UTC] PHP Warning:  Undefined array key "calidadTrabajo" in /home/soluctem/sistema.soluctem.com.co/api/submit.php on line 47
[21-Mar-2025 13:15:30 UTC] PHP Warning:  Undefined array key "limpiezaOrganizacionArmado" in /home/soluctem/sistema.soluctem.com.co/api/submit.php on line 48
[21-Mar-2025 13:15:30 UTC] PHP Warning:  Undefined array key "limpiezaOrganizacionAseado" in /home/soluctem/sistema.soluctem.com.co/api/submit.php on line 49
[21-Mar-2025 13:15:30 UTC] PHP Warning:  Undefined array key "capacitacionCausa" in /home/soluctem/sistema.soluctem.com.co/api/submit.php on line 50
[21-Mar-2025 13:15:30 UTC] PHP Warning:  Undefined array key "capacitacionPrevencion" in /home/soluctem/sistema.soluctem.com.co/api/submit.php on line 51
[21-Mar-2025 13:15:30 UTC] PHP Warning:  Undefined array key "capacitacionAccion" in /home/soluctem/sistema.soluctem.com.co/api/submit.php on line 52
[21-Mar-2025 13:15:30 UTC] PHP Warning:  Undefined array key "contratista1" in /home/soluctem/sistema.soluctem.com.co/api/submit.php on line 53
[21-Mar-2025 13:15:30 UTC] PHP Warning:  Undefined array key "cedula1" in /home/soluctem/sistema.soluctem.com.co/api/submit.php on line 54
[21-Mar-2025 13:15:30 UTC] PHP Warning:  Undefined array key "horaEntrada1" in /home/soluctem/sistema.soluctem.com.co/api/submit.php on line 55
[21-Mar-2025 13:15:30 UTC] PHP Warning:  Undefined array key "horaSalida1" in /home/soluctem/sistema.soluctem.com.co/api/submit.php on line 56
[21-Mar-2025 13:15:30 UTC] PHP Warning:  Undefined array key "contratista2" in /home/soluctem/sistema.soluctem.com.co/api/submit.php on line 57
[21-Mar-2025 13:15:30 UTC] PHP Warning:  Undefined array key "cedula2" in /home/soluctem/sistema.soluctem.com.co/api/submit.php on line 58
[21-Mar-2025 13:15:30 UTC] PHP Warning:  Undefined array key "horaEntrada2" in /home/soluctem/sistema.soluctem.com.co/api/submit.php on line 59
[21-Mar-2025 13:15:30 UTC] PHP Warning:  Undefined array key "horaSalida2" in /home/soluctem/sistema.soluctem.com.co/api/submit.php on line 60
[21-Mar-2025 13:15:30 UTC] PHP Warning:  Undefined array key "contratista3" in /home/soluctem/sistema.soluctem.com.co/api/submit.php on line 61
[21-Mar-2025 13:15:30 UTC] PHP Warning:  Undefined array key "cedula3" in /home/soluctem/sistema.soluctem.com.co/api/submit.php on line 62
[21-Mar-2025 13:15:30 UTC] PHP Warning:  Undefined array key "horaEntrada3" in /home/soluctem/sistema.soluctem.com.co/api/submit.php on line 63
[21-Mar-2025 13:15:30 UTC] PHP Warning:  Undefined array key "horaSalida3" in /home/soluctem/sistema.soluctem.com.co/api/submit.php on line 64
[21-Mar-2025 13:15:30 UTC] PHP Warning:  Undefined array key "contratista4" in /home/soluctem/sistema.soluctem.com.co/api/submit.php on line 65
[21-Mar-2025 13:15:30 UTC] PHP Warning:  Undefined array key "cedula4" in /home/soluctem/sistema.soluctem.com.co/api/submit.php on line 66
[21-Mar-2025 13:15:30 UTC] PHP Warning:  Undefined array key "horaEntrada4" in /home/soluctem/sistema.soluctem.com.co/api/submit.php on line 67
[21-Mar-2025 13:15:30 UTC] PHP Warning:  Undefined array key "horaSalida4" in /home/soluctem/sistema.soluctem.com.co/api/submit.php on line 68
[21-Mar-2025 13:15:30 UTC] PHP Warning:  Undefined array key "nombreFuncionario" in /home/soluctem/sistema.soluctem.com.co/api/submit.php on line 69
[21-Mar-2025 13:15:30 UTC] PHP Warning:  Undefined array key "cedulaFuncionario" in /home/soluctem/sistema.soluctem.com.co/api/submit.php on line 70
[21-Mar-2025 13:15:30 UTC] PHP Warning:  Undefined array key "cargoFuncionario" in /home/soluctem/sistema.soluctem.com.co/api/submit.php on line 71
[21-Mar-2025 13:15:30 UTC] PHP Warning:  Undefined array key "sapFuncionario" in /home/soluctem/sistema.soluctem.com.co/api/submit.php on line 72
[21-Mar-2025 13:15:30 UTC] PHP Warning:  Undefined array key "timestamp" in /home/soluctem/sistema.soluctem.com.co/api/submit.php on line 73
[21-Mar-2025 13:15:30 UTC] PHP Warning:  Undefined array key "asistenciaReparacion" in /home/soluctem/sistema.soluctem.com.co/api/submit.php on line 74
[21-Mar-2025 13:15:30 UTC] PHP Warning:  Undefined array key "asistenciaGarantia" in /home/soluctem/sistema.soluctem.com.co/api/submit.php on line 75
[21-Mar-2025 13:15:30 UTC] PHP Warning:  Undefined array key "asistenciaAjuste" in /home/soluctem/sistema.soluctem.com.co/api/submit.php on line 76
[21-Mar-2025 13:15:30 UTC] PHP Warning:  Undefined array key "asistenciaModificacion" in /home/soluctem/sistema.soluctem.com.co/api/submit.php on line 77
[21-Mar-2025 13:15:30 UTC] PHP Warning:  Undefined array key "asistenciaServicio" in /home/soluctem/sistema.soluctem.com.co/api/submit.php on line 78
[21-Mar-2025 13:15:30 UTC] PHP Warning:  Undefined array key "asistenciaMejora" in /home/soluctem/sistema.soluctem.com.co/api/submit.php on line 79
[21-Mar-2025 13:15:30 UTC] PHP Warning:  Undefined array key "asistenciaCombinacion" in /home/soluctem/sistema.soluctem.com.co/api/submit.php on line 80
[21-Mar-2025 13:15:30 UTC] PHP Warning:  Undefined array key "fallaOperacion" in /home/soluctem/sistema.soluctem.com.co/api/submit.php on line 81
[21-Mar-2025 13:15:30 UTC] PHP Warning:  Undefined array key "fallaMecanica" in /home/soluctem/sistema.soluctem.com.co/api/submit.php on line 82
[21-Mar-2025 13:15:30 UTC] PHP Warning:  Undefined array key "fallaElectrica" in /home/soluctem/sistema.soluctem.com.co/api/submit.php on line 83
[21-Mar-2025 13:15:30 UTC] PHP Warning:  Undefined array key "fallaTerceros" in /home/soluctem/sistema.soluctem.com.co/api/submit.php on line 84
[21-Mar-2025 13:15:30 UTC] PHP Warning:  Undefined array key "fallaFabricacion" in /home/soluctem/sistema.soluctem.com.co/api/submit.php on line 85
[21-Mar-2025 13:15:30 UTC] PHP Warning:  Undefined array key "firma_digital_cliente" in /home/soluctem/sistema.soluctem.com.co/api/submit.php on line 86
[21-Mar-2025 13:15:30 UTC] PHP Warning:  Undefined array key "firma_digital_tecnico" in /home/soluctem/sistema.soluctem.com.co/api/submit.php on line 87
[25-Mar-2025 00:55:47 UTC] PHP Warning:  Undefined array key "nombreSolicitante" in /home/soluctem/sistema.soluctem.com.co/api/submit.php on line 28
[25-Mar-2025 00:55:47 UTC] PHP Warning:  Undefined array key "cargo" in /home/soluctem/sistema.soluctem.com.co/api/submit.php on line 29
[25-Mar-2025 00:55:47 UTC] PHP Warning:  Undefined array key "nombreTienda" in /home/soluctem/sistema.soluctem.com.co/api/submit.php on line 30
[25-Mar-2025 00:55:47 UTC] PHP Warning:  Undefined array key "numeroTienda" in /home/soluctem/sistema.soluctem.com.co/api/submit.php on line 31
[25-Mar-2025 00:55:47 UTC] PHP Warning:  Undefined array key "numeroTicket" in /home/soluctem/sistema.soluctem.com.co/api/submit.php on line 32
[25-Mar-2025 00:55:47 UTC] PHP Warning:  Undefined array key "fecha" in /home/soluctem/sistema.soluctem.com.co/api/submit.php on line 33
[25-Mar-2025 00:55:47 UTC] PHP Warning:  Undefined array key "municipio" in /home/soluctem/sistema.soluctem.com.co/api/submit.php on line 34
[25-Mar-2025 00:55:47 UTC] PHP Warning:  Undefined array key "departamento" in /home/soluctem/sistema.soluctem.com.co/api/submit.php on line 35
[25-Mar-2025 00:55:47 UTC] PHP Warning:  Undefined array key "nombreEquipo" in /home/soluctem/sistema.soluctem.com.co/api/submit.php on line 36
[25-Mar-2025 00:55:47 UTC] PHP Warning:  Undefined array key "marca" in /home/soluctem/sistema.soluctem.com.co/api/submit.php on line 37
[25-Mar-2025 00:55:47 UTC] PHP Warning:  Undefined array key "serial" in /home/soluctem/sistema.soluctem.com.co/api/submit.php on line 38
[25-Mar-2025 00:55:47 UTC] PHP Warning:  Undefined array key "descripcionFalla" in /home/soluctem/sistema.soluctem.com.co/api/submit.php on line 39
[25-Mar-2025 00:55:47 UTC] PHP Warning:  Undefined array key "diagnosticoTecnico" in /home/soluctem/sistema.soluctem.com.co/api/submit.php on line 40
[25-Mar-2025 00:55:47 UTC] PHP Warning:  Undefined array key "repuestosCambiados" in /home/soluctem/sistema.soluctem.com.co/api/submit.php on line 41
[25-Mar-2025 00:55:47 UTC] PHP Warning:  Undefined array key "observaciones" in /home/soluctem/sistema.soluctem.com.co/api/submit.php on line 42
[25-Mar-2025 00:55:47 UTC] PHP Warning:  Undefined array key "seguridadRiesgoAccidentalidad" in /home/soluctem/sistema.soluctem.com.co/api/submit.php on line 43
[25-Mar-2025 00:55:47 UTC] PHP Warning:  Undefined array key "seguridadRiesgoEquipo" in /home/soluctem/sistema.soluctem.com.co/api/submit.php on line 44
[25-Mar-2025 00:55:47 UTC] PHP Warning:  Undefined array key "funcionamientoFallaSolucionada" in /home/soluctem/sistema.soluctem.com.co/api/submit.php on line 45
[25-Mar-2025 00:55:47 UTC] PHP Warning:  Undefined array key "funcionamientoPasosNormales" in /home/soluctem/sistema.soluctem.com.co/api/submit.php on line 46
[25-Mar-2025 00:55:47 UTC] PHP Warning:  Undefined array key "calidadTrabajo" in /home/soluctem/sistema.soluctem.com.co/api/submit.php on line 47
[25-Mar-2025 00:55:47 UTC] PHP Warning:  Undefined array key "limpiezaOrganizacionArmado" in /home/soluctem/sistema.soluctem.com.co/api/submit.php on line 48
[25-Mar-2025 00:55:47 UTC] PHP Warning:  Undefined array key "limpiezaOrganizacionAseado" in /home/soluctem/sistema.soluctem.com.co/api/submit.php on line 49
[25-Mar-2025 00:55:47 UTC] PHP Warning:  Undefined array key "capacitacionCausa" in /home/soluctem/sistema.soluctem.com.co/api/submit.php on line 50
[25-Mar-2025 00:55:47 UTC] PHP Warning:  Undefined array key "capacitacionPrevencion" in /home/soluctem/sistema.soluctem.com.co/api/submit.php on line 51
[25-Mar-2025 00:55:47 UTC] PHP Warning:  Undefined array key "capacitacionAccion" in /home/soluctem/sistema.soluctem.com.co/api/submit.php on line 52
[25-Mar-2025 00:55:47 UTC] PHP Warning:  Undefined array key "contratista1" in /home/soluctem/sistema.soluctem.com.co/api/submit.php on line 53
[25-Mar-2025 00:55:47 UTC] PHP Warning:  Undefined array key "cedula1" in /home/soluctem/sistema.soluctem.com.co/api/submit.php on line 54
[25-Mar-2025 00:55:47 UTC] PHP Warning:  Undefined array key "horaEntrada1" in /home/soluctem/sistema.soluctem.com.co/api/submit.php on line 55
[25-Mar-2025 00:55:47 UTC] PHP Warning:  Undefined array key "horaSalida1" in /home/soluctem/sistema.soluctem.com.co/api/submit.php on line 56
[25-Mar-2025 00:55:47 UTC] PHP Warning:  Undefined array key "contratista2" in /home/soluctem/sistema.soluctem.com.co/api/submit.php on line 57
[25-Mar-2025 00:55:47 UTC] PHP Warning:  Undefined array key "cedula2" in /home/soluctem/sistema.soluctem.com.co/api/submit.php on line 58
[25-Mar-2025 00:55:47 UTC] PHP Warning:  Undefined array key "horaEntrada2" in /home/soluctem/sistema.soluctem.com.co/api/submit.php on line 59
[25-Mar-2025 00:55:47 UTC] PHP Warning:  Undefined array key "horaSalida2" in /home/soluctem/sistema.soluctem.com.co/api/submit.php on line 60
[25-Mar-2025 00:55:47 UTC] PHP Warning:  Undefined array key "contratista3" in /home/soluctem/sistema.soluctem.com.co/api/submit.php on line 61
[25-Mar-2025 00:55:47 UTC] PHP Warning:  Undefined array key "cedula3" in /home/soluctem/sistema.soluctem.com.co/api/submit.php on line 62
[25-Mar-2025 00:55:47 UTC] PHP Warning:  Undefined array key "horaEntrada3" in /home/soluctem/sistema.soluctem.com.co/api/submit.php on line 63
[25-Mar-2025 00:55:47 UTC] PHP Warning:  Undefined array key "horaSalida3" in /home/soluctem/sistema.soluctem.com.co/api/submit.php on line 64
[25-Mar-2025 00:55:47 UTC] PHP Warning:  Undefined array key "contratista4" in /home/soluctem/sistema.soluctem.com.co/api/submit.php on line 65
[25-Mar-2025 00:55:47 UTC] PHP Warning:  Undefined array key "cedula4" in /home/soluctem/sistema.soluctem.com.co/api/submit.php on line 66
[25-Mar-2025 00:55:47 UTC] PHP Warning:  Undefined array key "horaEntrada4" in /home/soluctem/sistema.soluctem.com.co/api/submit.php on line 67
[25-Mar-2025 00:55:47 UTC] PHP Warning:  Undefined array key "horaSalida4" in /home/soluctem/sistema.soluctem.com.co/api/submit.php on line 68
[25-Mar-2025 00:55:47 UTC] PHP Warning:  Undefined array key "nombreFuncionario" in /home/soluctem/sistema.soluctem.com.co/api/submit.php on line 69
[25-Mar-2025 00:55:47 UTC] PHP Warning:  Undefined array key "cedulaFuncionario" in /home/soluctem/sistema.soluctem.com.co/api/submit.php on line 70
[25-Mar-2025 00:55:47 UTC] PHP Warning:  Undefined array key "cargoFuncionario" in /home/soluctem/sistema.soluctem.com.co/api/submit.php on line 71
[25-Mar-2025 00:55:47 UTC] PHP Warning:  Undefined array key "sapFuncionario" in /home/soluctem/sistema.soluctem.com.co/api/submit.php on line 72
[25-Mar-2025 00:55:47 UTC] PHP Warning:  Undefined array key "timestamp" in /home/soluctem/sistema.soluctem.com.co/api/submit.php on line 73
[25-Mar-2025 00:55:47 UTC] PHP Warning:  Undefined array key "asistenciaReparacion" in /home/soluctem/sistema.soluctem.com.co/api/submit.php on line 74
[25-Mar-2025 00:55:47 UTC] PHP Warning:  Undefined array key "asistenciaGarantia" in /home/soluctem/sistema.soluctem.com.co/api/submit.php on line 75
[25-Mar-2025 00:55:47 UTC] PHP Warning:  Undefined array key "asistenciaAjuste" in /home/soluctem/sistema.soluctem.com.co/api/submit.php on line 76
[25-Mar-2025 00:55:47 UTC] PHP Warning:  Undefined array key "asistenciaModificacion" in /home/soluctem/sistema.soluctem.com.co/api/submit.php on line 77
[25-Mar-2025 00:55:47 UTC] PHP Warning:  Undefined array key "asistenciaServicio" in /home/soluctem/sistema.soluctem.com.co/api/submit.php on line 78
[25-Mar-2025 00:55:47 UTC] PHP Warning:  Undefined array key "asistenciaMejora" in /home/soluctem/sistema.soluctem.com.co/api/submit.php on line 79
[25-Mar-2025 00:55:47 UTC] PHP Warning:  Undefined array key "asistenciaCombinacion" in /home/soluctem/sistema.soluctem.com.co/api/submit.php on line 80
[25-Mar-2025 00:55:47 UTC] PHP Warning:  Undefined array key "fallaOperacion" in /home/soluctem/sistema.soluctem.com.co/api/submit.php on line 81
[25-Mar-2025 00:55:47 UTC] PHP Warning:  Undefined array key "fallaMecanica" in /home/soluctem/sistema.soluctem.com.co/api/submit.php on line 82
[25-Mar-2025 00:55:47 UTC] PHP Warning:  Undefined array key "fallaElectrica" in /home/soluctem/sistema.soluctem.com.co/api/submit.php on line 83
[25-Mar-2025 00:55:47 UTC] PHP Warning:  Undefined array key "fallaTerceros" in /home/soluctem/sistema.soluctem.com.co/api/submit.php on line 84
[25-Mar-2025 00:55:47 UTC] PHP Warning:  Undefined array key "fallaFabricacion" in /home/soluctem/sistema.soluctem.com.co/api/submit.php on line 85
[25-Mar-2025 00:55:47 UTC] PHP Warning:  Undefined array key "firma_digital_cliente" in /home/soluctem/sistema.soluctem.com.co/api/submit.php on line 86
[25-Mar-2025 00:55:47 UTC] PHP Warning:  Undefined array key "firma_digital_tecnico" in /home/soluctem/sistema.soluctem.com.co/api/submit.php on line 87
[25-Mar-2025 15:22:32 UTC] PHP Warning:  Undefined array key "nombreSolicitante" in /home/soluctem/sistema.soluctem.com.co/api/submit.php on line 28
[25-Mar-2025 15:22:32 UTC] PHP Warning:  Undefined array key "cargo" in /home/soluctem/sistema.soluctem.com.co/api/submit.php on line 29
[25-Mar-2025 15:22:32 UTC] PHP Warning:  Undefined array key "nombreTienda" in /home/soluctem/sistema.soluctem.com.co/api/submit.php on line 30
[25-Mar-2025 15:22:32 UTC] PHP Warning:  Undefined array key "numeroTienda" in /home/soluctem/sistema.soluctem.com.co/api/submit.php on line 31
[25-Mar-2025 15:22:32 UTC] PHP Warning:  Undefined array key "numeroTicket" in /home/soluctem/sistema.soluctem.com.co/api/submit.php on line 32
[25-Mar-2025 15:22:32 UTC] PHP Warning:  Undefined array key "fecha" in /home/soluctem/sistema.soluctem.com.co/api/submit.php on line 33
[25-Mar-2025 15:22:32 UTC] PHP Warning:  Undefined array key "municipio" in /home/soluctem/sistema.soluctem.com.co/api/submit.php on line 34
[25-Mar-2025 15:22:32 UTC] PHP Warning:  Undefined array key "departamento" in /home/soluctem/sistema.soluctem.com.co/api/submit.php on line 35
[25-Mar-2025 15:22:32 UTC] PHP Warning:  Undefined array key "nombreEquipo" in /home/soluctem/sistema.soluctem.com.co/api/submit.php on line 36
[25-Mar-2025 15:22:32 UTC] PHP Warning:  Undefined array key "marca" in /home/soluctem/sistema.soluctem.com.co/api/submit.php on line 37
[25-Mar-2025 15:22:32 UTC] PHP Warning:  Undefined array key "serial" in /home/soluctem/sistema.soluctem.com.co/api/submit.php on line 38
[25-Mar-2025 15:22:32 UTC] PHP Warning:  Undefined array key "descripcionFalla" in /home/soluctem/sistema.soluctem.com.co/api/submit.php on line 39
[25-Mar-2025 15:22:32 UTC] PHP Warning:  Undefined array key "diagnosticoTecnico" in /home/soluctem/sistema.soluctem.com.co/api/submit.php on line 40
[25-Mar-2025 15:22:32 UTC] PHP Warning:  Undefined array key "repuestosCambiados" in /home/soluctem/sistema.soluctem.com.co/api/submit.php on line 41
[25-Mar-2025 15:22:32 UTC] PHP Warning:  Undefined array key "observaciones" in /home/soluctem/sistema.soluctem.com.co/api/submit.php on line 42
[25-Mar-2025 15:22:32 UTC] PHP Warning:  Undefined array key "seguridadRiesgoAccidentalidad" in /home/soluctem/sistema.soluctem.com.co/api/submit.php on line 43
[25-Mar-2025 15:22:32 UTC] PHP Warning:  Undefined array key "seguridadRiesgoEquipo" in /home/soluctem/sistema.soluctem.com.co/api/submit.php on line 44
[25-Mar-2025 15:22:32 UTC] PHP Warning:  Undefined array key "funcionamientoFallaSolucionada" in /home/soluctem/sistema.soluctem.com.co/api/submit.php on line 45
[25-Mar-2025 15:22:32 UTC] PHP Warning:  Undefined array key "funcionamientoPasosNormales" in /home/soluctem/sistema.soluctem.com.co/api/submit.php on line 46
[25-Mar-2025 15:22:32 UTC] PHP Warning:  Undefined array key "calidadTrabajo" in /home/soluctem/sistema.soluctem.com.co/api/submit.php on line 47
[25-Mar-2025 15:22:32 UTC] PHP Warning:  Undefined array key "limpiezaOrganizacionArmado" in /home/soluctem/sistema.soluctem.com.co/api/submit.php on line 48
[25-Mar-2025 15:22:32 UTC] PHP Warning:  Undefined array key "limpiezaOrganizacionAseado" in /home/soluctem/sistema.soluctem.com.co/api/submit.php on line 49
[25-Mar-2025 15:22:32 UTC] PHP Warning:  Undefined array key "capacitacionCausa" in /home/soluctem/sistema.soluctem.com.co/api/submit.php on line 50
[25-Mar-2025 15:22:32 UTC] PHP Warning:  Undefined array key "capacitacionPrevencion" in /home/soluctem/sistema.soluctem.com.co/api/submit.php on line 51
[25-Mar-2025 15:22:32 UTC] PHP Warning:  Undefined array key "capacitacionAccion" in /home/soluctem/sistema.soluctem.com.co/api/submit.php on line 52
[25-Mar-2025 15:22:32 UTC] PHP Warning:  Undefined array key "contratista1" in /home/soluctem/sistema.soluctem.com.co/api/submit.php on line 53
[25-Mar-2025 15:22:32 UTC] PHP Warning:  Undefined array key "cedula1" in /home/soluctem/sistema.soluctem.com.co/api/submit.php on line 54
[25-Mar-2025 15:22:32 UTC] PHP Warning:  Undefined array key "horaEntrada1" in /home/soluctem/sistema.soluctem.com.co/api/submit.php on line 55
[25-Mar-2025 15:22:32 UTC] PHP Warning:  Undefined array key "horaSalida1" in /home/soluctem/sistema.soluctem.com.co/api/submit.php on line 56
[25-Mar-2025 15:22:32 UTC] PHP Warning:  Undefined array key "contratista2" in /home/soluctem/sistema.soluctem.com.co/api/submit.php on line 57
[25-Mar-2025 15:22:32 UTC] PHP Warning:  Undefined array key "cedula2" in /home/soluctem/sistema.soluctem.com.co/api/submit.php on line 58
[25-Mar-2025 15:22:32 UTC] PHP Warning:  Undefined array key "horaEntrada2" in /home/soluctem/sistema.soluctem.com.co/api/submit.php on line 59
[25-Mar-2025 15:22:32 UTC] PHP Warning:  Undefined array key "horaSalida2" in /home/soluctem/sistema.soluctem.com.co/api/submit.php on line 60
[25-Mar-2025 15:22:32 UTC] PHP Warning:  Undefined array key "contratista3" in /home/soluctem/sistema.soluctem.com.co/api/submit.php on line 61
[25-Mar-2025 15:22:32 UTC] PHP Warning:  Undefined array key "cedula3" in /home/soluctem/sistema.soluctem.com.co/api/submit.php on line 62
[25-Mar-2025 15:22:32 UTC] PHP Warning:  Undefined array key "horaEntrada3" in /home/soluctem/sistema.soluctem.com.co/api/submit.php on line 63
[25-Mar-2025 15:22:32 UTC] PHP Warning:  Undefined array key "horaSalida3" in /home/soluctem/sistema.soluctem.com.co/api/submit.php on line 64
[25-Mar-2025 15:22:32 UTC] PHP Warning:  Undefined array key "contratista4" in /home/soluctem/sistema.soluctem.com.co/api/submit.php on line 65
[25-Mar-2025 15:22:32 UTC] PHP Warning:  Undefined array key "cedula4" in /home/soluctem/sistema.soluctem.com.co/api/submit.php on line 66
[25-Mar-2025 15:22:32 UTC] PHP Warning:  Undefined array key "horaEntrada4" in /home/soluctem/sistema.soluctem.com.co/api/submit.php on line 67
[25-Mar-2025 15:22:32 UTC] PHP Warning:  Undefined array key "horaSalida4" in /home/soluctem/sistema.soluctem.com.co/api/submit.php on line 68
[25-Mar-2025 15:22:32 UTC] PHP Warning:  Undefined array key "nombreFuncionario" in /home/soluctem/sistema.soluctem.com.co/api/submit.php on line 69
[25-Mar-2025 15:22:32 UTC] PHP Warning:  Undefined array key "cedulaFuncionario" in /home/soluctem/sistema.soluctem.com.co/api/submit.php on line 70
[25-Mar-2025 15:22:32 UTC] PHP Warning:  Undefined array key "cargoFuncionario" in /home/soluctem/sistema.soluctem.com.co/api/submit.php on line 71
[25-Mar-2025 15:22:32 UTC] PHP Warning:  Undefined array key "sapFuncionario" in /home/soluctem/sistema.soluctem.com.co/api/submit.php on line 72
[25-Mar-2025 15:22:32 UTC] PHP Warning:  Undefined array key "timestamp" in /home/soluctem/sistema.soluctem.com.co/api/submit.php on line 73
[25-Mar-2025 15:22:32 UTC] PHP Warning:  Undefined array key "asistenciaReparacion" in /home/soluctem/sistema.soluctem.com.co/api/submit.php on line 74
[25-Mar-2025 15:22:32 UTC] PHP Warning:  Undefined array key "asistenciaGarantia" in /home/soluctem/sistema.soluctem.com.co/api/submit.php on line 75
[25-Mar-2025 15:22:32 UTC] PHP Warning:  Undefined array key "asistenciaAjuste" in /home/soluctem/sistema.soluctem.com.co/api/submit.php on line 76
[25-Mar-2025 15:22:32 UTC] PHP Warning:  Undefined array key "asistenciaModificacion" in /home/soluctem/sistema.soluctem.com.co/api/submit.php on line 77
[25-Mar-2025 15:22:32 UTC] PHP Warning:  Undefined array key "asistenciaServicio" in /home/soluctem/sistema.soluctem.com.co/api/submit.php on line 78
[25-Mar-2025 15:22:32 UTC] PHP Warning:  Undefined array key "asistenciaMejora" in /home/soluctem/sistema.soluctem.com.co/api/submit.php on line 79
[25-Mar-2025 15:22:32 UTC] PHP Warning:  Undefined array key "asistenciaCombinacion" in /home/soluctem/sistema.soluctem.com.co/api/submit.php on line 80
[25-Mar-2025 15:22:32 UTC] PHP Warning:  Undefined array key "fallaOperacion" in /home/soluctem/sistema.soluctem.com.co/api/submit.php on line 81
[25-Mar-2025 15:22:32 UTC] PHP Warning:  Undefined array key "fallaMecanica" in /home/soluctem/sistema.soluctem.com.co/api/submit.php on line 82
[25-Mar-2025 15:22:32 UTC] PHP Warning:  Undefined array key "fallaElectrica" in /home/soluctem/sistema.soluctem.com.co/api/submit.php on line 83
[25-Mar-2025 15:22:32 UTC] PHP Warning:  Undefined array key "fallaTerceros" in /home/soluctem/sistema.soluctem.com.co/api/submit.php on line 84
[25-Mar-2025 15:22:32 UTC] PHP Warning:  Undefined array key "fallaFabricacion" in /home/soluctem/sistema.soluctem.com.co/api/submit.php on line 85
[25-Mar-2025 15:22:32 UTC] PHP Warning:  Undefined array key "firma_digital_cliente" in /home/soluctem/sistema.soluctem.com.co/api/submit.php on line 86
[25-Mar-2025 15:22:32 UTC] PHP Warning:  Undefined array key "firma_digital_tecnico" in /home/soluctem/sistema.soluctem.com.co/api/submit.php on line 87
[25-Mar-2025 16:11:56 UTC] PHP Warning:  Undefined array key "nombreSolicitante" in /home/soluctem/sistema.soluctem.com.co/api/submit.php on line 28
[25-Mar-2025 16:11:56 UTC] PHP Warning:  Undefined array key "cargo" in /home/soluctem/sistema.soluctem.com.co/api/submit.php on line 29
[25-Mar-2025 16:11:56 UTC] PHP Warning:  Undefined array key "nombreTienda" in /home/soluctem/sistema.soluctem.com.co/api/submit.php on line 30
[25-Mar-2025 16:11:56 UTC] PHP Warning:  Undefined array key "numeroTienda" in /home/soluctem/sistema.soluctem.com.co/api/submit.php on line 31
[25-Mar-2025 16:11:56 UTC] PHP Warning:  Undefined array key "numeroTicket" in /home/soluctem/sistema.soluctem.com.co/api/submit.php on line 32
[25-Mar-2025 16:11:56 UTC] PHP Warning:  Undefined array key "fecha" in /home/soluctem/sistema.soluctem.com.co/api/submit.php on line 33
[25-Mar-2025 16:11:56 UTC] PHP Warning:  Undefined array key "municipio" in /home/soluctem/sistema.soluctem.com.co/api/submit.php on line 34
[25-Mar-2025 16:11:56 UTC] PHP Warning:  Undefined array key "departamento" in /home/soluctem/sistema.soluctem.com.co/api/submit.php on line 35
[25-Mar-2025 16:11:56 UTC] PHP Warning:  Undefined array key "nombreEquipo" in /home/soluctem/sistema.soluctem.com.co/api/submit.php on line 36
[25-Mar-2025 16:11:56 UTC] PHP Warning:  Undefined array key "marca" in /home/soluctem/sistema.soluctem.com.co/api/submit.php on line 37
[25-Mar-2025 16:11:56 UTC] PHP Warning:  Undefined array key "serial" in /home/soluctem/sistema.soluctem.com.co/api/submit.php on line 38
[25-Mar-2025 16:11:56 UTC] PHP Warning:  Undefined array key "descripcionFalla" in /home/soluctem/sistema.soluctem.com.co/api/submit.php on line 39
[25-Mar-2025 16:11:56 UTC] PHP Warning:  Undefined array key "diagnosticoTecnico" in /home/soluctem/sistema.soluctem.com.co/api/submit.php on line 40
[25-Mar-2025 16:11:56 UTC] PHP Warning:  Undefined array key "repuestosCambiados" in /home/soluctem/sistema.soluctem.com.co/api/submit.php on line 41
[25-Mar-2025 16:11:56 UTC] PHP Warning:  Undefined array key "observaciones" in /home/soluctem/sistema.soluctem.com.co/api/submit.php on line 42
[25-Mar-2025 16:11:56 UTC] PHP Warning:  Undefined array key "seguridadRiesgoAccidentalidad" in /home/soluctem/sistema.soluctem.com.co/api/submit.php on line 43
[25-Mar-2025 16:11:56 UTC] PHP Warning:  Undefined array key "seguridadRiesgoEquipo" in /home/soluctem/sistema.soluctem.com.co/api/submit.php on line 44
[25-Mar-2025 16:11:56 UTC] PHP Warning:  Undefined array key "funcionamientoFallaSolucionada" in /home/soluctem/sistema.soluctem.com.co/api/submit.php on line 45
[25-Mar-2025 16:11:56 UTC] PHP Warning:  Undefined array key "funcionamientoPasosNormales" in /home/soluctem/sistema.soluctem.com.co/api/submit.php on line 46
[25-Mar-2025 16:11:56 UTC] PHP Warning:  Undefined array key "calidadTrabajo" in /home/soluctem/sistema.soluctem.com.co/api/submit.php on line 47
[25-Mar-2025 16:11:56 UTC] PHP Warning:  Undefined array key "limpiezaOrganizacionArmado" in /home/soluctem/sistema.soluctem.com.co/api/submit.php on line 48
[25-Mar-2025 16:11:56 UTC] PHP Warning:  Undefined array key "limpiezaOrganizacionAseado" in /home/soluctem/sistema.soluctem.com.co/api/submit.php on line 49
[25-Mar-2025 16:11:56 UTC] PHP Warning:  Undefined array key "capacitacionCausa" in /home/soluctem/sistema.soluctem.com.co/api/submit.php on line 50
[25-Mar-2025 16:11:56 UTC] PHP Warning:  Undefined array key "capacitacionPrevencion" in /home/soluctem/sistema.soluctem.com.co/api/submit.php on line 51
[25-Mar-2025 16:11:56 UTC] PHP Warning:  Undefined array key "capacitacionAccion" in /home/soluctem/sistema.soluctem.com.co/api/submit.php on line 52
[25-Mar-2025 16:11:56 UTC] PHP Warning:  Undefined array key "contratista1" in /home/soluctem/sistema.soluctem.com.co/api/submit.php on line 53
[25-Mar-2025 16:11:56 UTC] PHP Warning:  Undefined array key "cedula1" in /home/soluctem/sistema.soluctem.com.co/api/submit.php on line 54
[25-Mar-2025 16:11:56 UTC] PHP Warning:  Undefined array key "horaEntrada1" in /home/soluctem/sistema.soluctem.com.co/api/submit.php on line 55
[25-Mar-2025 16:11:56 UTC] PHP Warning:  Undefined array key "horaSalida1" in /home/soluctem/sistema.soluctem.com.co/api/submit.php on line 56
[25-Mar-2025 16:11:56 UTC] PHP Warning:  Undefined array key "contratista2" in /home/soluctem/sistema.soluctem.com.co/api/submit.php on line 57
[25-Mar-2025 16:11:56 UTC] PHP Warning:  Undefined array key "cedula2" in /home/soluctem/sistema.soluctem.com.co/api/submit.php on line 58
[25-Mar-2025 16:11:56 UTC] PHP Warning:  Undefined array key "horaEntrada2" in /home/soluctem/sistema.soluctem.com.co/api/submit.php on line 59
[25-Mar-2025 16:11:56 UTC] PHP Warning:  Undefined array key "horaSalida2" in /home/soluctem/sistema.soluctem.com.co/api/submit.php on line 60
[25-Mar-2025 16:11:56 UTC] PHP Warning:  Undefined array key "contratista3" in /home/soluctem/sistema.soluctem.com.co/api/submit.php on line 61
[25-Mar-2025 16:11:56 UTC] PHP Warning:  Undefined array key "cedula3" in /home/soluctem/sistema.soluctem.com.co/api/submit.php on line 62
[25-Mar-2025 16:11:56 UTC] PHP Warning:  Undefined array key "horaEntrada3" in /home/soluctem/sistema.soluctem.com.co/api/submit.php on line 63
[25-Mar-2025 16:11:56 UTC] PHP Warning:  Undefined array key "horaSalida3" in /home/soluctem/sistema.soluctem.com.co/api/submit.php on line 64
[25-Mar-2025 16:11:56 UTC] PHP Warning:  Undefined array key "contratista4" in /home/soluctem/sistema.soluctem.com.co/api/submit.php on line 65
[25-Mar-2025 16:11:56 UTC] PHP Warning:  Undefined array key "cedula4" in /home/soluctem/sistema.soluctem.com.co/api/submit.php on line 66
[25-Mar-2025 16:11:56 UTC] PHP Warning:  Undefined array key "horaEntrada4" in /home/soluctem/sistema.soluctem.com.co/api/submit.php on line 67
[25-Mar-2025 16:11:56 UTC] PHP Warning:  Undefined array key "horaSalida4" in /home/soluctem/sistema.soluctem.com.co/api/submit.php on line 68
[25-Mar-2025 16:11:56 UTC] PHP Warning:  Undefined array key "nombreFuncionario" in /home/soluctem/sistema.soluctem.com.co/api/submit.php on line 69
[25-Mar-2025 16:11:56 UTC] PHP Warning:  Undefined array key "cedulaFuncionario" in /home/soluctem/sistema.soluctem.com.co/api/submit.php on line 70
[25-Mar-2025 16:11:56 UTC] PHP Warning:  Undefined array key "cargoFuncionario" in /home/soluctem/sistema.soluctem.com.co/api/submit.php on line 71
[25-Mar-2025 16:11:56 UTC] PHP Warning:  Undefined array key "sapFuncionario" in /home/soluctem/sistema.soluctem.com.co/api/submit.php on line 72
[25-Mar-2025 16:11:56 UTC] PHP Warning:  Undefined array key "timestamp" in /home/soluctem/sistema.soluctem.com.co/api/submit.php on line 73
[25-Mar-2025 16:11:56 UTC] PHP Warning:  Undefined array key "asistenciaReparacion" in /home/soluctem/sistema.soluctem.com.co/api/submit.php on line 74
[25-Mar-2025 16:11:56 UTC] PHP Warning:  Undefined array key "asistenciaGarantia" in /home/soluctem/sistema.soluctem.com.co/api/submit.php on line 75
[25-Mar-2025 16:11:56 UTC] PHP Warning:  Undefined array key "asistenciaAjuste" in /home/soluctem/sistema.soluctem.com.co/api/submit.php on line 76
[25-Mar-2025 16:11:56 UTC] PHP Warning:  Undefined array key "asistenciaModificacion" in /home/soluctem/sistema.soluctem.com.co/api/submit.php on line 77
[25-Mar-2025 16:11:56 UTC] PHP Warning:  Undefined array key "asistenciaServicio" in /home/soluctem/sistema.soluctem.com.co/api/submit.php on line 78
[25-Mar-2025 16:11:56 UTC] PHP Warning:  Undefined array key "asistenciaMejora" in /home/soluctem/sistema.soluctem.com.co/api/submit.php on line 79
[25-Mar-2025 16:11:56 UTC] PHP Warning:  Undefined array key "asistenciaCombinacion" in /home/soluctem/sistema.soluctem.com.co/api/submit.php on line 80
[25-Mar-2025 16:11:56 UTC] PHP Warning:  Undefined array key "fallaOperacion" in /home/soluctem/sistema.soluctem.com.co/api/submit.php on line 81
[25-Mar-2025 16:11:56 UTC] PHP Warning:  Undefined array key "fallaMecanica" in /home/soluctem/sistema.soluctem.com.co/api/submit.php on line 82
[25-Mar-2025 16:11:56 UTC] PHP Warning:  Undefined array key "fallaElectrica" in /home/soluctem/sistema.soluctem.com.co/api/submit.php on line 83
[25-Mar-2025 16:11:56 UTC] PHP Warning:  Undefined array key "fallaTerceros" in /home/soluctem/sistema.soluctem.com.co/api/submit.php on line 84
[25-Mar-2025 16:11:56 UTC] PHP Warning:  Undefined array key "fallaFabricacion" in /home/soluctem/sistema.soluctem.com.co/api/submit.php on line 85
[25-Mar-2025 16:11:56 UTC] PHP Warning:  Undefined array key "firma_digital_cliente" in /home/soluctem/sistema.soluctem.com.co/api/submit.php on line 86
[25-Mar-2025 16:11:56 UTC] PHP Warning:  Undefined array key "firma_digital_tecnico" in /home/soluctem/sistema.soluctem.com.co/api/submit.php on line 87
[25-Mar-2025 16:55:39 UTC] PHP Warning:  Undefined array key "nombreSolicitante" in /home/soluctem/sistema.soluctem.com.co/api/submit.php on line 28
[25-Mar-2025 16:55:39 UTC] PHP Warning:  Undefined array key "cargo" in /home/soluctem/sistema.soluctem.com.co/api/submit.php on line 29
[25-Mar-2025 16:55:39 UTC] PHP Warning:  Undefined array key "nombreTienda" in /home/soluctem/sistema.soluctem.com.co/api/submit.php on line 30
[25-Mar-2025 16:55:39 UTC] PHP Warning:  Undefined array key "numeroTienda" in /home/soluctem/sistema.soluctem.com.co/api/submit.php on line 31
[25-Mar-2025 16:55:39 UTC] PHP Warning:  Undefined array key "numeroTicket" in /home/soluctem/sistema.soluctem.com.co/api/submit.php on line 32
[25-Mar-2025 16:55:39 UTC] PHP Warning:  Undefined array key "fecha" in /home/soluctem/sistema.soluctem.com.co/api/submit.php on line 33
[25-Mar-2025 16:55:39 UTC] PHP Warning:  Undefined array key "municipio" in /home/soluctem/sistema.soluctem.com.co/api/submit.php on line 34
[25-Mar-2025 16:55:39 UTC] PHP Warning:  Undefined array key "departamento" in /home/soluctem/sistema.soluctem.com.co/api/submit.php on line 35
[25-Mar-2025 16:55:39 UTC] PHP Warning:  Undefined array key "nombreEquipo" in /home/soluctem/sistema.soluctem.com.co/api/submit.php on line 36
[25-Mar-2025 16:55:39 UTC] PHP Warning:  Undefined array key "marca" in /home/soluctem/sistema.soluctem.com.co/api/submit.php on line 37
[25-Mar-2025 16:55:39 UTC] PHP Warning:  Undefined array key "serial" in /home/soluctem/sistema.soluctem.com.co/api/submit.php on line 38
[25-Mar-2025 16:55:39 UTC] PHP Warning:  Undefined array key "descripcionFalla" in /home/soluctem/sistema.soluctem.com.co/api/submit.php on line 39
[25-Mar-2025 16:55:39 UTC] PHP Warning:  Undefined array key "diagnosticoTecnico" in /home/soluctem/sistema.soluctem.com.co/api/submit.php on line 40
[25-Mar-2025 16:55:39 UTC] PHP Warning:  Undefined array key "repuestosCambiados" in /home/soluctem/sistema.soluctem.com.co/api/submit.php on line 41
[25-Mar-2025 16:55:39 UTC] PHP Warning:  Undefined array key "observaciones" in /home/soluctem/sistema.soluctem.com.co/api/submit.php on line 42
[25-Mar-2025 16:55:39 UTC] PHP Warning:  Undefined array key "seguridadRiesgoAccidentalidad" in /home/soluctem/sistema.soluctem.com.co/api/submit.php on line 43
[25-Mar-2025 16:55:39 UTC] PHP Warning:  Undefined array key "seguridadRiesgoEquipo" in /home/soluctem/sistema.soluctem.com.co/api/submit.php on line 44
[25-Mar-2025 16:55:39 UTC] PHP Warning:  Undefined array key "funcionamientoFallaSolucionada" in /home/soluctem/sistema.soluctem.com.co/api/submit.php on line 45
[25-Mar-2025 16:55:39 UTC] PHP Warning:  Undefined array key "funcionamientoPasosNormales" in /home/soluctem/sistema.soluctem.com.co/api/submit.php on line 46
[25-Mar-2025 16:55:39 UTC] PHP Warning:  Undefined array key "calidadTrabajo" in /home/soluctem/sistema.soluctem.com.co/api/submit.php on line 47
[25-Mar-2025 16:55:39 UTC] PHP Warning:  Undefined array key "limpiezaOrganizacionArmado" in /home/soluctem/sistema.soluctem.com.co/api/submit.php on line 48
[25-Mar-2025 16:55:39 UTC] PHP Warning:  Undefined array key "limpiezaOrganizacionAseado" in /home/soluctem/sistema.soluctem.com.co/api/submit.php on line 49
[25-Mar-2025 16:55:39 UTC] PHP Warning:  Undefined array key "capacitacionCausa" in /home/soluctem/sistema.soluctem.com.co/api/submit.php on line 50
[25-Mar-2025 16:55:39 UTC] PHP Warning:  Undefined array key "capacitacionPrevencion" in /home/soluctem/sistema.soluctem.com.co/api/submit.php on line 51
[25-Mar-2025 16:55:39 UTC] PHP Warning:  Undefined array key "capacitacionAccion" in /home/soluctem/sistema.soluctem.com.co/api/submit.php on line 52
[25-Mar-2025 16:55:39 UTC] PHP Warning:  Undefined array key "contratista1" in /home/soluctem/sistema.soluctem.com.co/api/submit.php on line 53
[25-Mar-2025 16:55:39 UTC] PHP Warning:  Undefined array key "cedula1" in /home/soluctem/sistema.soluctem.com.co/api/submit.php on line 54
[25-Mar-2025 16:55:39 UTC] PHP Warning:  Undefined array key "horaEntrada1" in /home/soluctem/sistema.soluctem.com.co/api/submit.php on line 55
[25-Mar-2025 16:55:39 UTC] PHP Warning:  Undefined array key "horaSalida1" in /home/soluctem/sistema.soluctem.com.co/api/submit.php on line 56
[25-Mar-2025 16:55:39 UTC] PHP Warning:  Undefined array key "contratista2" in /home/soluctem/sistema.soluctem.com.co/api/submit.php on line 57
[25-Mar-2025 16:55:39 UTC] PHP Warning:  Undefined array key "cedula2" in /home/soluctem/sistema.soluctem.com.co/api/submit.php on line 58
[25-Mar-2025 16:55:39 UTC] PHP Warning:  Undefined array key "horaEntrada2" in /home/soluctem/sistema.soluctem.com.co/api/submit.php on line 59
[25-Mar-2025 16:55:39 UTC] PHP Warning:  Undefined array key "horaSalida2" in /home/soluctem/sistema.soluctem.com.co/api/submit.php on line 60
[25-Mar-2025 16:55:39 UTC] PHP Warning:  Undefined array key "contratista3" in /home/soluctem/sistema.soluctem.com.co/api/submit.php on line 61
[25-Mar-2025 16:55:39 UTC] PHP Warning:  Undefined array key "cedula3" in /home/soluctem/sistema.soluctem.com.co/api/submit.php on line 62
[25-Mar-2025 16:55:39 UTC] PHP Warning:  Undefined array key "horaEntrada3" in /home/soluctem/sistema.soluctem.com.co/api/submit.php on line 63
[25-Mar-2025 16:55:39 UTC] PHP Warning:  Undefined array key "horaSalida3" in /home/soluctem/sistema.soluctem.com.co/api/submit.php on line 64
[25-Mar-2025 16:55:39 UTC] PHP Warning:  Undefined array key "contratista4" in /home/soluctem/sistema.soluctem.com.co/api/submit.php on line 65
[25-Mar-2025 16:55:39 UTC] PHP Warning:  Undefined array key "cedula4" in /home/soluctem/sistema.soluctem.com.co/api/submit.php on line 66
[25-Mar-2025 16:55:39 UTC] PHP Warning:  Undefined array key "horaEntrada4" in /home/soluctem/sistema.soluctem.com.co/api/submit.php on line 67
[25-Mar-2025 16:55:39 UTC] PHP Warning:  Undefined array key "horaSalida4" in /home/soluctem/sistema.soluctem.com.co/api/submit.php on line 68
[25-Mar-2025 16:55:39 UTC] PHP Warning:  Undefined array key "nombreFuncionario" in /home/soluctem/sistema.soluctem.com.co/api/submit.php on line 69
[25-Mar-2025 16:55:39 UTC] PHP Warning:  Undefined array key "cedulaFuncionario" in /home/soluctem/sistema.soluctem.com.co/api/submit.php on line 70
[25-Mar-2025 16:55:39 UTC] PHP Warning:  Undefined array key "cargoFuncionario" in /home/soluctem/sistema.soluctem.com.co/api/submit.php on line 71
[25-Mar-2025 16:55:39 UTC] PHP Warning:  Undefined array key "sapFuncionario" in /home/soluctem/sistema.soluctem.com.co/api/submit.php on line 72
[25-Mar-2025 16:55:39 UTC] PHP Warning:  Undefined array key "timestamp" in /home/soluctem/sistema.soluctem.com.co/api/submit.php on line 73
[25-Mar-2025 16:55:39 UTC] PHP Warning:  Undefined array key "asistenciaReparacion" in /home/soluctem/sistema.soluctem.com.co/api/submit.php on line 74
[25-Mar-2025 16:55:39 UTC] PHP Warning:  Undefined array key "asistenciaGarantia" in /home/soluctem/sistema.soluctem.com.co/api/submit.php on line 75
[25-Mar-2025 16:55:39 UTC] PHP Warning:  Undefined array key "asistenciaAjuste" in /home/soluctem/sistema.soluctem.com.co/api/submit.php on line 76
[25-Mar-2025 16:55:39 UTC] PHP Warning:  Undefined array key "asistenciaModificacion" in /home/soluctem/sistema.soluctem.com.co/api/submit.php on line 77
[25-Mar-2025 16:55:39 UTC] PHP Warning:  Undefined array key "asistenciaServicio" in /home/soluctem/sistema.soluctem.com.co/api/submit.php on line 78
[25-Mar-2025 16:55:39 UTC] PHP Warning:  Undefined array key "asistenciaMejora" in /home/soluctem/sistema.soluctem.com.co/api/submit.php on line 79
[25-Mar-2025 16:55:39 UTC] PHP Warning:  Undefined array key "asistenciaCombinacion" in /home/soluctem/sistema.soluctem.com.co/api/submit.php on line 80
[25-Mar-2025 16:55:39 UTC] PHP Warning:  Undefined array key "fallaOperacion" in /home/soluctem/sistema.soluctem.com.co/api/submit.php on line 81
[25-Mar-2025 16:55:39 UTC] PHP Warning:  Undefined array key "fallaMecanica" in /home/soluctem/sistema.soluctem.com.co/api/submit.php on line 82
[25-Mar-2025 16:55:39 UTC] PHP Warning:  Undefined array key "fallaElectrica" in /home/soluctem/sistema.soluctem.com.co/api/submit.php on line 83
[25-Mar-2025 16:55:39 UTC] PHP Warning:  Undefined array key "fallaTerceros" in /home/soluctem/sistema.soluctem.com.co/api/submit.php on line 84
[25-Mar-2025 16:55:39 UTC] PHP Warning:  Undefined array key "fallaFabricacion" in /home/soluctem/sistema.soluctem.com.co/api/submit.php on line 85
[25-Mar-2025 16:55:39 UTC] PHP Warning:  Undefined array key "firma_digital_cliente" in /home/soluctem/sistema.soluctem.com.co/api/submit.php on line 86
[25-Mar-2025 16:55:39 UTC] PHP Warning:  Undefined array key "firma_digital_tecnico" in /home/soluctem/sistema.soluctem.com.co/api/submit.php on line 87
[25-Mar-2025 18:06:57 UTC] PHP Warning:  Undefined array key "nombreSolicitante" in /home/soluctem/sistema.soluctem.com.co/api/submit.php on line 28
[25-Mar-2025 18:06:57 UTC] PHP Warning:  Undefined array key "cargo" in /home/soluctem/sistema.soluctem.com.co/api/submit.php on line 29
[25-Mar-2025 18:06:57 UTC] PHP Warning:  Undefined array key "nombreTienda" in /home/soluctem/sistema.soluctem.com.co/api/submit.php on line 30
[25-Mar-2025 18:06:57 UTC] PHP Warning:  Undefined array key "numeroTienda" in /home/soluctem/sistema.soluctem.com.co/api/submit.php on line 31
[25-Mar-2025 18:06:57 UTC] PHP Warning:  Undefined array key "numeroTicket" in /home/soluctem/sistema.soluctem.com.co/api/submit.php on line 32
[25-Mar-2025 18:06:57 UTC] PHP Warning:  Undefined array key "fecha" in /home/soluctem/sistema.soluctem.com.co/api/submit.php on line 33
[25-Mar-2025 18:06:57 UTC] PHP Warning:  Undefined array key "municipio" in /home/soluctem/sistema.soluctem.com.co/api/submit.php on line 34
[25-Mar-2025 18:06:57 UTC] PHP Warning:  Undefined array key "departamento" in /home/soluctem/sistema.soluctem.com.co/api/submit.php on line 35
[25-Mar-2025 18:06:57 UTC] PHP Warning:  Undefined array key "nombreEquipo" in /home/soluctem/sistema.soluctem.com.co/api/submit.php on line 36
[25-Mar-2025 18:06:57 UTC] PHP Warning:  Undefined array key "marca" in /home/soluctem/sistema.soluctem.com.co/api/submit.php on line 37
[25-Mar-2025 18:06:57 UTC] PHP Warning:  Undefined array key "serial" in /home/soluctem/sistema.soluctem.com.co/api/submit.php on line 38
[25-Mar-2025 18:06:57 UTC] PHP Warning:  Undefined array key "descripcionFalla" in /home/soluctem/sistema.soluctem.com.co/api/submit.php on line 39
[25-Mar-2025 18:06:57 UTC] PHP Warning:  Undefined array key "diagnosticoTecnico" in /home/soluctem/sistema.soluctem.com.co/api/submit.php on line 40
[25-Mar-2025 18:06:57 UTC] PHP Warning:  Undefined array key "repuestosCambiados" in /home/soluctem/sistema.soluctem.com.co/api/submit.php on line 41
[25-Mar-2025 18:06:57 UTC] PHP Warning:  Undefined array key "observaciones" in /home/soluctem/sistema.soluctem.com.co/api/submit.php on line 42
[25-Mar-2025 18:06:57 UTC] PHP Warning:  Undefined array key "seguridadRiesgoAccidentalidad" in /home/soluctem/sistema.soluctem.com.co/api/submit.php on line 43
[25-Mar-2025 18:06:57 UTC] PHP Warning:  Undefined array key "seguridadRiesgoEquipo" in /home/soluctem/sistema.soluctem.com.co/api/submit.php on line 44
[25-Mar-2025 18:06:57 UTC] PHP Warning:  Undefined array key "funcionamientoFallaSolucionada" in /home/soluctem/sistema.soluctem.com.co/api/submit.php on line 45
[25-Mar-2025 18:06:57 UTC] PHP Warning:  Undefined array key "funcionamientoPasosNormales" in /home/soluctem/sistema.soluctem.com.co/api/submit.php on line 46
[25-Mar-2025 18:06:57 UTC] PHP Warning:  Undefined array key "calidadTrabajo" in /home/soluctem/sistema.soluctem.com.co/api/submit.php on line 47
[25-Mar-2025 18:06:57 UTC] PHP Warning:  Undefined array key "limpiezaOrganizacionArmado" in /home/soluctem/sistema.soluctem.com.co/api/submit.php on line 48
[25-Mar-2025 18:06:57 UTC] PHP Warning:  Undefined array key "limpiezaOrganizacionAseado" in /home/soluctem/sistema.soluctem.com.co/api/submit.php on line 49
[25-Mar-2025 18:06:57 UTC] PHP Warning:  Undefined array key "capacitacionCausa" in /home/soluctem/sistema.soluctem.com.co/api/submit.php on line 50
[25-Mar-2025 18:06:57 UTC] PHP Warning:  Undefined array key "capacitacionPrevencion" in /home/soluctem/sistema.soluctem.com.co/api/submit.php on line 51
[25-Mar-2025 18:06:57 UTC] PHP Warning:  Undefined array key "capacitacionAccion" in /home/soluctem/sistema.soluctem.com.co/api/submit.php on line 52
[25-Mar-2025 18:06:57 UTC] PHP Warning:  Undefined array key "contratista1" in /home/soluctem/sistema.soluctem.com.co/api/submit.php on line 53
[25-Mar-2025 18:06:57 UTC] PHP Warning:  Undefined array key "cedula1" in /home/soluctem/sistema.soluctem.com.co/api/submit.php on line 54
[25-Mar-2025 18:06:57 UTC] PHP Warning:  Undefined array key "horaEntrada1" in /home/soluctem/sistema.soluctem.com.co/api/submit.php on line 55
[25-Mar-2025 18:06:57 UTC] PHP Warning:  Undefined array key "horaSalida1" in /home/soluctem/sistema.soluctem.com.co/api/submit.php on line 56
[25-Mar-2025 18:06:57 UTC] PHP Warning:  Undefined array key "contratista2" in /home/soluctem/sistema.soluctem.com.co/api/submit.php on line 57
[25-Mar-2025 18:06:57 UTC] PHP Warning:  Undefined array key "cedula2" in /home/soluctem/sistema.soluctem.com.co/api/submit.php on line 58
[25-Mar-2025 18:06:57 UTC] PHP Warning:  Undefined array key "horaEntrada2" in /home/soluctem/sistema.soluctem.com.co/api/submit.php on line 59
[25-Mar-2025 18:06:57 UTC] PHP Warning:  Undefined array key "horaSalida2" in /home/soluctem/sistema.soluctem.com.co/api/submit.php on line 60
[25-Mar-2025 18:06:57 UTC] PHP Warning:  Undefined array key "contratista3" in /home/soluctem/sistema.soluctem.com.co/api/submit.php on line 61
[25-Mar-2025 18:06:57 UTC] PHP Warning:  Undefined array key "cedula3" in /home/soluctem/sistema.soluctem.com.co/api/submit.php on line 62
[25-Mar-2025 18:06:57 UTC] PHP Warning:  Undefined array key "horaEntrada3" in /home/soluctem/sistema.soluctem.com.co/api/submit.php on line 63
[25-Mar-2025 18:06:57 UTC] PHP Warning:  Undefined array key "horaSalida3" in /home/soluctem/sistema.soluctem.com.co/api/submit.php on line 64
[25-Mar-2025 18:06:57 UTC] PHP Warning:  Undefined array key "contratista4" in /home/soluctem/sistema.soluctem.com.co/api/submit.php on line 65
[25-Mar-2025 18:06:57 UTC] PHP Warning:  Undefined array key "cedula4" in /home/soluctem/sistema.soluctem.com.co/api/submit.php on line 66
[25-Mar-2025 18:06:57 UTC] PHP Warning:  Undefined array key "horaEntrada4" in /home/soluctem/sistema.soluctem.com.co/api/submit.php on line 67
[25-Mar-2025 18:06:57 UTC] PHP Warning:  Undefined array key "horaSalida4" in /home/soluctem/sistema.soluctem.com.co/api/submit.php on line 68
[25-Mar-2025 18:06:57 UTC] PHP Warning:  Undefined array key "nombreFuncionario" in /home/soluctem/sistema.soluctem.com.co/api/submit.php on line 69
[25-Mar-2025 18:06:57 UTC] PHP Warning:  Undefined array key "cedulaFuncionario" in /home/soluctem/sistema.soluctem.com.co/api/submit.php on line 70
[25-Mar-2025 18:06:57 UTC] PHP Warning:  Undefined array key "cargoFuncionario" in /home/soluctem/sistema.soluctem.com.co/api/submit.php on line 71
[25-Mar-2025 18:06:57 UTC] PHP Warning:  Undefined array key "sapFuncionario" in /home/soluctem/sistema.soluctem.com.co/api/submit.php on line 72
[25-Mar-2025 18:06:57 UTC] PHP Warning:  Undefined array key "timestamp" in /home/soluctem/sistema.soluctem.com.co/api/submit.php on line 73
[25-Mar-2025 18:06:57 UTC] PHP Warning:  Undefined array key "asistenciaReparacion" in /home/soluctem/sistema.soluctem.com.co/api/submit.php on line 74
[25-Mar-2025 18:06:57 UTC] PHP Warning:  Undefined array key "asistenciaGarantia" in /home/soluctem/sistema.soluctem.com.co/api/submit.php on line 75
[25-Mar-2025 18:06:57 UTC] PHP Warning:  Undefined array key "asistenciaAjuste" in /home/soluctem/sistema.soluctem.com.co/api/submit.php on line 76
[25-Mar-2025 18:06:57 UTC] PHP Warning:  Undefined array key "asistenciaModificacion" in /home/soluctem/sistema.soluctem.com.co/api/submit.php on line 77
[25-Mar-2025 18:06:57 UTC] PHP Warning:  Undefined array key "asistenciaServicio" in /home/soluctem/sistema.soluctem.com.co/api/submit.php on line 78
[25-Mar-2025 18:06:57 UTC] PHP Warning:  Undefined array key "asistenciaMejora" in /home/soluctem/sistema.soluctem.com.co/api/submit.php on line 79
[25-Mar-2025 18:06:57 UTC] PHP Warning:  Undefined array key "asistenciaCombinacion" in /home/soluctem/sistema.soluctem.com.co/api/submit.php on line 80
[25-Mar-2025 18:06:57 UTC] PHP Warning:  Undefined array key "fallaOperacion" in /home/soluctem/sistema.soluctem.com.co/api/submit.php on line 81
[25-Mar-2025 18:06:57 UTC] PHP Warning:  Undefined array key "fallaMecanica" in /home/soluctem/sistema.soluctem.com.co/api/submit.php on line 82
[25-Mar-2025 18:06:57 UTC] PHP Warning:  Undefined array key "fallaElectrica" in /home/soluctem/sistema.soluctem.com.co/api/submit.php on line 83
[25-Mar-2025 18:06:57 UTC] PHP Warning:  Undefined array key "fallaTerceros" in /home/soluctem/sistema.soluctem.com.co/api/submit.php on line 84
[25-Mar-2025 18:06:57 UTC] PHP Warning:  Undefined array key "fallaFabricacion" in /home/soluctem/sistema.soluctem.com.co/api/submit.php on line 85
[25-Mar-2025 18:06:57 UTC] PHP Warning:  Undefined array key "firma_digital_cliente" in /home/soluctem/sistema.soluctem.com.co/api/submit.php on line 86
[25-Mar-2025 18:06:57 UTC] PHP Warning:  Undefined array key "firma_digital_tecnico" in /home/soluctem/sistema.soluctem.com.co/api/submit.php on line 87
[26-Mar-2025 16:58:44 UTC] PHP Warning:  Undefined array key "nombreSolicitante" in /home/soluctem/sistema.soluctem.com.co/api/submit.php on line 28
[26-Mar-2025 16:58:44 UTC] PHP Warning:  Undefined array key "cargo" in /home/soluctem/sistema.soluctem.com.co/api/submit.php on line 29
[26-Mar-2025 16:58:44 UTC] PHP Warning:  Undefined array key "nombreTienda" in /home/soluctem/sistema.soluctem.com.co/api/submit.php on line 30
[26-Mar-2025 16:58:44 UTC] PHP Warning:  Undefined array key "numeroTienda" in /home/soluctem/sistema.soluctem.com.co/api/submit.php on line 31
[26-Mar-2025 16:58:44 UTC] PHP Warning:  Undefined array key "numeroTicket" in /home/soluctem/sistema.soluctem.com.co/api/submit.php on line 32
[26-Mar-2025 16:58:44 UTC] PHP Warning:  Undefined array key "fecha" in /home/soluctem/sistema.soluctem.com.co/api/submit.php on line 33
[26-Mar-2025 16:58:44 UTC] PHP Warning:  Undefined array key "municipio" in /home/soluctem/sistema.soluctem.com.co/api/submit.php on line 34
[26-Mar-2025 16:58:44 UTC] PHP Warning:  Undefined array key "departamento" in /home/soluctem/sistema.soluctem.com.co/api/submit.php on line 35
[26-Mar-2025 16:58:44 UTC] PHP Warning:  Undefined array key "nombreEquipo" in /home/soluctem/sistema.soluctem.com.co/api/submit.php on line 36
[26-Mar-2025 16:58:44 UTC] PHP Warning:  Undefined array key "marca" in /home/soluctem/sistema.soluctem.com.co/api/submit.php on line 37
[26-Mar-2025 16:58:44 UTC] PHP Warning:  Undefined array key "serial" in /home/soluctem/sistema.soluctem.com.co/api/submit.php on line 38
[26-Mar-2025 16:58:44 UTC] PHP Warning:  Undefined array key "descripcionFalla" in /home/soluctem/sistema.soluctem.com.co/api/submit.php on line 39
[26-Mar-2025 16:58:44 UTC] PHP Warning:  Undefined array key "diagnosticoTecnico" in /home/soluctem/sistema.soluctem.com.co/api/submit.php on line 40
[26-Mar-2025 16:58:44 UTC] PHP Warning:  Undefined array key "repuestosCambiados" in /home/soluctem/sistema.soluctem.com.co/api/submit.php on line 41
[26-Mar-2025 16:58:44 UTC] PHP Warning:  Undefined array key "observaciones" in /home/soluctem/sistema.soluctem.com.co/api/submit.php on line 42
[26-Mar-2025 16:58:44 UTC] PHP Warning:  Undefined array key "seguridadRiesgoAccidentalidad" in /home/soluctem/sistema.soluctem.com.co/api/submit.php on line 43
[26-Mar-2025 16:58:44 UTC] PHP Warning:  Undefined array key "seguridadRiesgoEquipo" in /home/soluctem/sistema.soluctem.com.co/api/submit.php on line 44
[26-Mar-2025 16:58:44 UTC] PHP Warning:  Undefined array key "funcionamientoFallaSolucionada" in /home/soluctem/sistema.soluctem.com.co/api/submit.php on line 45
[26-Mar-2025 16:58:44 UTC] PHP Warning:  Undefined array key "funcionamientoPasosNormales" in /home/soluctem/sistema.soluctem.com.co/api/submit.php on line 46
[26-Mar-2025 16:58:44 UTC] PHP Warning:  Undefined array key "calidadTrabajo" in /home/soluctem/sistema.soluctem.com.co/api/submit.php on line 47
[26-Mar-2025 16:58:44 UTC] PHP Warning:  Undefined array key "limpiezaOrganizacionArmado" in /home/soluctem/sistema.soluctem.com.co/api/submit.php on line 48
[26-Mar-2025 16:58:44 UTC] PHP Warning:  Undefined array key "limpiezaOrganizacionAseado" in /home/soluctem/sistema.soluctem.com.co/api/submit.php on line 49
[26-Mar-2025 16:58:44 UTC] PHP Warning:  Undefined array key "capacitacionCausa" in /home/soluctem/sistema.soluctem.com.co/api/submit.php on line 50
[26-Mar-2025 16:58:44 UTC] PHP Warning:  Undefined array key "capacitacionPrevencion" in /home/soluctem/sistema.soluctem.com.co/api/submit.php on line 51
[26-Mar-2025 16:58:44 UTC] PHP Warning:  Undefined array key "capacitacionAccion" in /home/soluctem/sistema.soluctem.com.co/api/submit.php on line 52
[26-Mar-2025 16:58:44 UTC] PHP Warning:  Undefined array key "contratista1" in /home/soluctem/sistema.soluctem.com.co/api/submit.php on line 53
[26-Mar-2025 16:58:44 UTC] PHP Warning:  Undefined array key "cedula1" in /home/soluctem/sistema.soluctem.com.co/api/submit.php on line 54
[26-Mar-2025 16:58:44 UTC] PHP Warning:  Undefined array key "horaEntrada1" in /home/soluctem/sistema.soluctem.com.co/api/submit.php on line 55
[26-Mar-2025 16:58:44 UTC] PHP Warning:  Undefined array key "horaSalida1" in /home/soluctem/sistema.soluctem.com.co/api/submit.php on line 56
[26-Mar-2025 16:58:44 UTC] PHP Warning:  Undefined array key "contratista2" in /home/soluctem/sistema.soluctem.com.co/api/submit.php on line 57
[26-Mar-2025 16:58:44 UTC] PHP Warning:  Undefined array key "cedula2" in /home/soluctem/sistema.soluctem.com.co/api/submit.php on line 58
[26-Mar-2025 16:58:44 UTC] PHP Warning:  Undefined array key "horaEntrada2" in /home/soluctem/sistema.soluctem.com.co/api/submit.php on line 59
[26-Mar-2025 16:58:44 UTC] PHP Warning:  Undefined array key "horaSalida2" in /home/soluctem/sistema.soluctem.com.co/api/submit.php on line 60
[26-Mar-2025 16:58:44 UTC] PHP Warning:  Undefined array key "contratista3" in /home/soluctem/sistema.soluctem.com.co/api/submit.php on line 61
[26-Mar-2025 16:58:44 UTC] PHP Warning:  Undefined array key "cedula3" in /home/soluctem/sistema.soluctem.com.co/api/submit.php on line 62
[26-Mar-2025 16:58:44 UTC] PHP Warning:  Undefined array key "horaEntrada3" in /home/soluctem/sistema.soluctem.com.co/api/submit.php on line 63
[26-Mar-2025 16:58:44 UTC] PHP Warning:  Undefined array key "horaSalida3" in /home/soluctem/sistema.soluctem.com.co/api/submit.php on line 64
[26-Mar-2025 16:58:44 UTC] PHP Warning:  Undefined array key "contratista4" in /home/soluctem/sistema.soluctem.com.co/api/submit.php on line 65
[26-Mar-2025 16:58:44 UTC] PHP Warning:  Undefined array key "cedula4" in /home/soluctem/sistema.soluctem.com.co/api/submit.php on line 66
[26-Mar-2025 16:58:44 UTC] PHP Warning:  Undefined array key "horaEntrada4" in /home/soluctem/sistema.soluctem.com.co/api/submit.php on line 67
[26-Mar-2025 16:58:44 UTC] PHP Warning:  Undefined array key "horaSalida4" in /home/soluctem/sistema.soluctem.com.co/api/submit.php on line 68
[26-Mar-2025 16:58:44 UTC] PHP Warning:  Undefined array key "nombreFuncionario" in /home/soluctem/sistema.soluctem.com.co/api/submit.php on line 69
[26-Mar-2025 16:58:44 UTC] PHP Warning:  Undefined array key "cedulaFuncionario" in /home/soluctem/sistema.soluctem.com.co/api/submit.php on line 70
[26-Mar-2025 16:58:44 UTC] PHP Warning:  Undefined array key "cargoFuncionario" in /home/soluctem/sistema.soluctem.com.co/api/submit.php on line 71
[26-Mar-2025 16:58:44 UTC] PHP Warning:  Undefined array key "sapFuncionario" in /home/soluctem/sistema.soluctem.com.co/api/submit.php on line 72
[26-Mar-2025 16:58:44 UTC] PHP Warning:  Undefined array key "timestamp" in /home/soluctem/sistema.soluctem.com.co/api/submit.php on line 73
[26-Mar-2025 16:58:44 UTC] PHP Warning:  Undefined array key "asistenciaReparacion" in /home/soluctem/sistema.soluctem.com.co/api/submit.php on line 74
[26-Mar-2025 16:58:44 UTC] PHP Warning:  Undefined array key "asistenciaGarantia" in /home/soluctem/sistema.soluctem.com.co/api/submit.php on line 75
[26-Mar-2025 16:58:44 UTC] PHP Warning:  Undefined array key "asistenciaAjuste" in /home/soluctem/sistema.soluctem.com.co/api/submit.php on line 76
[26-Mar-2025 16:58:44 UTC] PHP Warning:  Undefined array key "asistenciaModificacion" in /home/soluctem/sistema.soluctem.com.co/api/submit.php on line 77
[26-Mar-2025 16:58:44 UTC] PHP Warning:  Undefined array key "asistenciaServicio" in /home/soluctem/sistema.soluctem.com.co/api/submit.php on line 78
[26-Mar-2025 16:58:44 UTC] PHP Warning:  Undefined array key "asistenciaMejora" in /home/soluctem/sistema.soluctem.com.co/api/submit.php on line 79
[26-Mar-2025 16:58:44 UTC] PHP Warning:  Undefined array key "asistenciaCombinacion" in /home/soluctem/sistema.soluctem.com.co/api/submit.php on line 80
[26-Mar-2025 16:58:44 UTC] PHP Warning:  Undefined array key "fallaOperacion" in /home/soluctem/sistema.soluctem.com.co/api/submit.php on line 81
[26-Mar-2025 16:58:44 UTC] PHP Warning:  Undefined array key "fallaMecanica" in /home/soluctem/sistema.soluctem.com.co/api/submit.php on line 82
[26-Mar-2025 16:58:44 UTC] PHP Warning:  Undefined array key "fallaElectrica" in /home/soluctem/sistema.soluctem.com.co/api/submit.php on line 83
[26-Mar-2025 16:58:44 UTC] PHP Warning:  Undefined array key "fallaTerceros" in /home/soluctem/sistema.soluctem.com.co/api/submit.php on line 84
[26-Mar-2025 16:58:44 UTC] PHP Warning:  Undefined array key "fallaFabricacion" in /home/soluctem/sistema.soluctem.com.co/api/submit.php on line 85
[26-Mar-2025 16:58:44 UTC] PHP Warning:  Undefined array key "firma_digital_cliente" in /home/soluctem/sistema.soluctem.com.co/api/submit.php on line 86
[26-Mar-2025 16:58:44 UTC] PHP Warning:  Undefined array key "firma_digital_tecnico" in /home/soluctem/sistema.soluctem.com.co/api/submit.php on line 87
[29-Mar-2025 19:03:48 UTC] PHP Warning:  Undefined array key "nombreSolicitante" in /home/soluctem/sistema.soluctem.com.co/api/submit.php on line 28
[29-Mar-2025 19:03:48 UTC] PHP Warning:  Undefined array key "cargo" in /home/soluctem/sistema.soluctem.com.co/api/submit.php on line 29
[29-Mar-2025 19:03:48 UTC] PHP Warning:  Undefined array key "nombreTienda" in /home/soluctem/sistema.soluctem.com.co/api/submit.php on line 30
[29-Mar-2025 19:03:48 UTC] PHP Warning:  Undefined array key "numeroTienda" in /home/soluctem/sistema.soluctem.com.co/api/submit.php on line 31
[29-Mar-2025 19:03:48 UTC] PHP Warning:  Undefined array key "numeroTicket" in /home/soluctem/sistema.soluctem.com.co/api/submit.php on line 32
[29-Mar-2025 19:03:48 UTC] PHP Warning:  Undefined array key "fecha" in /home/soluctem/sistema.soluctem.com.co/api/submit.php on line 33
[29-Mar-2025 19:03:48 UTC] PHP Warning:  Undefined array key "municipio" in /home/soluctem/sistema.soluctem.com.co/api/submit.php on line 34
[29-Mar-2025 19:03:48 UTC] PHP Warning:  Undefined array key "departamento" in /home/soluctem/sistema.soluctem.com.co/api/submit.php on line 35
[29-Mar-2025 19:03:48 UTC] PHP Warning:  Undefined array key "nombreEquipo" in /home/soluctem/sistema.soluctem.com.co/api/submit.php on line 36
[29-Mar-2025 19:03:48 UTC] PHP Warning:  Undefined array key "marca" in /home/soluctem/sistema.soluctem.com.co/api/submit.php on line 37
[29-Mar-2025 19:03:48 UTC] PHP Warning:  Undefined array key "serial" in /home/soluctem/sistema.soluctem.com.co/api/submit.php on line 38
[29-Mar-2025 19:03:48 UTC] PHP Warning:  Undefined array key "descripcionFalla" in /home/soluctem/sistema.soluctem.com.co/api/submit.php on line 39
[29-Mar-2025 19:03:48 UTC] PHP Warning:  Undefined array key "diagnosticoTecnico" in /home/soluctem/sistema.soluctem.com.co/api/submit.php on line 40
[29-Mar-2025 19:03:48 UTC] PHP Warning:  Undefined array key "repuestosCambiados" in /home/soluctem/sistema.soluctem.com.co/api/submit.php on line 41
[29-Mar-2025 19:03:48 UTC] PHP Warning:  Undefined array key "observaciones" in /home/soluctem/sistema.soluctem.com.co/api/submit.php on line 42
[29-Mar-2025 19:03:48 UTC] PHP Warning:  Undefined array key "seguridadRiesgoAccidentalidad" in /home/soluctem/sistema.soluctem.com.co/api/submit.php on line 43
[29-Mar-2025 19:03:48 UTC] PHP Warning:  Undefined array key "seguridadRiesgoEquipo" in /home/soluctem/sistema.soluctem.com.co/api/submit.php on line 44
[29-Mar-2025 19:03:48 UTC] PHP Warning:  Undefined array key "funcionamientoFallaSolucionada" in /home/soluctem/sistema.soluctem.com.co/api/submit.php on line 45
[29-Mar-2025 19:03:48 UTC] PHP Warning:  Undefined array key "funcionamientoPasosNormales" in /home/soluctem/sistema.soluctem.com.co/api/submit.php on line 46
[29-Mar-2025 19:03:48 UTC] PHP Warning:  Undefined array key "calidadTrabajo" in /home/soluctem/sistema.soluctem.com.co/api/submit.php on line 47
[29-Mar-2025 19:03:48 UTC] PHP Warning:  Undefined array key "limpiezaOrganizacionArmado" in /home/soluctem/sistema.soluctem.com.co/api/submit.php on line 48
[29-Mar-2025 19:03:48 UTC] PHP Warning:  Undefined array key "limpiezaOrganizacionAseado" in /home/soluctem/sistema.soluctem.com.co/api/submit.php on line 49
[29-Mar-2025 19:03:48 UTC] PHP Warning:  Undefined array key "capacitacionCausa" in /home/soluctem/sistema.soluctem.com.co/api/submit.php on line 50
[29-Mar-2025 19:03:48 UTC] PHP Warning:  Undefined array key "capacitacionPrevencion" in /home/soluctem/sistema.soluctem.com.co/api/submit.php on line 51
[29-Mar-2025 19:03:48 UTC] PHP Warning:  Undefined array key "capacitacionAccion" in /home/soluctem/sistema.soluctem.com.co/api/submit.php on line 52
[29-Mar-2025 19:03:48 UTC] PHP Warning:  Undefined array key "contratista1" in /home/soluctem/sistema.soluctem.com.co/api/submit.php on line 53
[29-Mar-2025 19:03:48 UTC] PHP Warning:  Undefined array key "cedula1" in /home/soluctem/sistema.soluctem.com.co/api/submit.php on line 54
[29-Mar-2025 19:03:48 UTC] PHP Warning:  Undefined array key "horaEntrada1" in /home/soluctem/sistema.soluctem.com.co/api/submit.php on line 55
[29-Mar-2025 19:03:48 UTC] PHP Warning:  Undefined array key "horaSalida1" in /home/soluctem/sistema.soluctem.com.co/api/submit.php on line 56
[29-Mar-2025 19:03:48 UTC] PHP Warning:  Undefined array key "contratista2" in /home/soluctem/sistema.soluctem.com.co/api/submit.php on line 57
[29-Mar-2025 19:03:48 UTC] PHP Warning:  Undefined array key "cedula2" in /home/soluctem/sistema.soluctem.com.co/api/submit.php on line 58
[29-Mar-2025 19:03:48 UTC] PHP Warning:  Undefined array key "horaEntrada2" in /home/soluctem/sistema.soluctem.com.co/api/submit.php on line 59
[29-Mar-2025 19:03:48 UTC] PHP Warning:  Undefined array key "horaSalida2" in /home/soluctem/sistema.soluctem.com.co/api/submit.php on line 60
[29-Mar-2025 19:03:48 UTC] PHP Warning:  Undefined array key "contratista3" in /home/soluctem/sistema.soluctem.com.co/api/submit.php on line 61
[29-Mar-2025 19:03:48 UTC] PHP Warning:  Undefined array key "cedula3" in /home/soluctem/sistema.soluctem.com.co/api/submit.php on line 62
[29-Mar-2025 19:03:48 UTC] PHP Warning:  Undefined array key "horaEntrada3" in /home/soluctem/sistema.soluctem.com.co/api/submit.php on line 63
[29-Mar-2025 19:03:48 UTC] PHP Warning:  Undefined array key "horaSalida3" in /home/soluctem/sistema.soluctem.com.co/api/submit.php on line 64
[29-Mar-2025 19:03:48 UTC] PHP Warning:  Undefined array key "contratista4" in /home/soluctem/sistema.soluctem.com.co/api/submit.php on line 65
[29-Mar-2025 19:03:48 UTC] PHP Warning:  Undefined array key "cedula4" in /home/soluctem/sistema.soluctem.com.co/api/submit.php on line 66
[29-Mar-2025 19:03:48 UTC] PHP Warning:  Undefined array key "horaEntrada4" in /home/soluctem/sistema.soluctem.com.co/api/submit.php on line 67
[29-Mar-2025 19:03:48 UTC] PHP Warning:  Undefined array key "horaSalida4" in /home/soluctem/sistema.soluctem.com.co/api/submit.php on line 68
[29-Mar-2025 19:03:48 UTC] PHP Warning:  Undefined array key "nombreFuncionario" in /home/soluctem/sistema.soluctem.com.co/api/submit.php on line 69
[29-Mar-2025 19:03:48 UTC] PHP Warning:  Undefined array key "cedulaFuncionario" in /home/soluctem/sistema.soluctem.com.co/api/submit.php on line 70
[29-Mar-2025 19:03:48 UTC] PHP Warning:  Undefined array key "cargoFuncionario" in /home/soluctem/sistema.soluctem.com.co/api/submit.php on line 71
[29-Mar-2025 19:03:48 UTC] PHP Warning:  Undefined array key "sapFuncionario" in /home/soluctem/sistema.soluctem.com.co/api/submit.php on line 72
[29-Mar-2025 19:03:48 UTC] PHP Warning:  Undefined array key "timestamp" in /home/soluctem/sistema.soluctem.com.co/api/submit.php on line 73
[29-Mar-2025 19:03:48 UTC] PHP Warning:  Undefined array key "asistenciaReparacion" in /home/soluctem/sistema.soluctem.com.co/api/submit.php on line 74
[29-Mar-2025 19:03:48 UTC] PHP Warning:  Undefined array key "asistenciaGarantia" in /home/soluctem/sistema.soluctem.com.co/api/submit.php on line 75
[29-Mar-2025 19:03:48 UTC] PHP Warning:  Undefined array key "asistenciaAjuste" in /home/soluctem/sistema.soluctem.com.co/api/submit.php on line 76
[29-Mar-2025 19:03:48 UTC] PHP Warning:  Undefined array key "asistenciaModificacion" in /home/soluctem/sistema.soluctem.com.co/api/submit.php on line 77
[29-Mar-2025 19:03:48 UTC] PHP Warning:  Undefined array key "asistenciaServicio" in /home/soluctem/sistema.soluctem.com.co/api/submit.php on line 78
[29-Mar-2025 19:03:48 UTC] PHP Warning:  Undefined array key "asistenciaMejora" in /home/soluctem/sistema.soluctem.com.co/api/submit.php on line 79
[29-Mar-2025 19:03:48 UTC] PHP Warning:  Undefined array key "asistenciaCombinacion" in /home/soluctem/sistema.soluctem.com.co/api/submit.php on line 80
[29-Mar-2025 19:03:48 UTC] PHP Warning:  Undefined array key "fallaOperacion" in /home/soluctem/sistema.soluctem.com.co/api/submit.php on line 81
[29-Mar-2025 19:03:48 UTC] PHP Warning:  Undefined array key "fallaMecanica" in /home/soluctem/sistema.soluctem.com.co/api/submit.php on line 82
[29-Mar-2025 19:03:48 UTC] PHP Warning:  Undefined array key "fallaElectrica" in /home/soluctem/sistema.soluctem.com.co/api/submit.php on line 83
[29-Mar-2025 19:03:48 UTC] PHP Warning:  Undefined array key "fallaTerceros" in /home/soluctem/sistema.soluctem.com.co/api/submit.php on line 84
[29-Mar-2025 19:03:48 UTC] PHP Warning:  Undefined array key "fallaFabricacion" in /home/soluctem/sistema.soluctem.com.co/api/submit.php on line 85
[29-Mar-2025 19:03:48 UTC] PHP Warning:  Undefined array key "firma_digital_cliente" in /home/soluctem/sistema.soluctem.com.co/api/submit.php on line 86
[29-Mar-2025 19:03:48 UTC] PHP Warning:  Undefined array key "firma_digital_tecnico" in /home/soluctem/sistema.soluctem.com.co/api/submit.php on line 87
[05-Apr-2025 17:10:26 UTC] PHP Warning:  Undefined array key "nombreSolicitante" in /home/soluctem/sistema.soluctem.com.co/api/submit.php on line 28
[05-Apr-2025 17:10:26 UTC] PHP Warning:  Undefined array key "cargo" in /home/soluctem/sistema.soluctem.com.co/api/submit.php on line 29
[05-Apr-2025 17:10:26 UTC] PHP Warning:  Undefined array key "nombreTienda" in /home/soluctem/sistema.soluctem.com.co/api/submit.php on line 30
[05-Apr-2025 17:10:26 UTC] PHP Warning:  Undefined array key "numeroTienda" in /home/soluctem/sistema.soluctem.com.co/api/submit.php on line 31
[05-Apr-2025 17:10:26 UTC] PHP Warning:  Undefined array key "numeroTicket" in /home/soluctem/sistema.soluctem.com.co/api/submit.php on line 32
[05-Apr-2025 17:10:26 UTC] PHP Warning:  Undefined array key "fecha" in /home/soluctem/sistema.soluctem.com.co/api/submit.php on line 33
[05-Apr-2025 17:10:26 UTC] PHP Warning:  Undefined array key "municipio" in /home/soluctem/sistema.soluctem.com.co/api/submit.php on line 34
[05-Apr-2025 17:10:26 UTC] PHP Warning:  Undefined array key "departamento" in /home/soluctem/sistema.soluctem.com.co/api/submit.php on line 35
[05-Apr-2025 17:10:26 UTC] PHP Warning:  Undefined array key "nombreEquipo" in /home/soluctem/sistema.soluctem.com.co/api/submit.php on line 36
[05-Apr-2025 17:10:26 UTC] PHP Warning:  Undefined array key "marca" in /home/soluctem/sistema.soluctem.com.co/api/submit.php on line 37
[05-Apr-2025 17:10:26 UTC] PHP Warning:  Undefined array key "serial" in /home/soluctem/sistema.soluctem.com.co/api/submit.php on line 38
[05-Apr-2025 17:10:26 UTC] PHP Warning:  Undefined array key "descripcionFalla" in /home/soluctem/sistema.soluctem.com.co/api/submit.php on line 39
[05-Apr-2025 17:10:26 UTC] PHP Warning:  Undefined array key "diagnosticoTecnico" in /home/soluctem/sistema.soluctem.com.co/api/submit.php on line 40
[05-Apr-2025 17:10:26 UTC] PHP Warning:  Undefined array key "repuestosCambiados" in /home/soluctem/sistema.soluctem.com.co/api/submit.php on line 41
[05-Apr-2025 17:10:26 UTC] PHP Warning:  Undefined array key "observaciones" in /home/soluctem/sistema.soluctem.com.co/api/submit.php on line 42
[05-Apr-2025 17:10:26 UTC] PHP Warning:  Undefined array key "seguridadRiesgoAccidentalidad" in /home/soluctem/sistema.soluctem.com.co/api/submit.php on line 43
[05-Apr-2025 17:10:26 UTC] PHP Warning:  Undefined array key "seguridadRiesgoEquipo" in /home/soluctem/sistema.soluctem.com.co/api/submit.php on line 44
[05-Apr-2025 17:10:26 UTC] PHP Warning:  Undefined array key "funcionamientoFallaSolucionada" in /home/soluctem/sistema.soluctem.com.co/api/submit.php on line 45
[05-Apr-2025 17:10:26 UTC] PHP Warning:  Undefined array key "funcionamientoPasosNormales" in /home/soluctem/sistema.soluctem.com.co/api/submit.php on line 46
[05-Apr-2025 17:10:26 UTC] PHP Warning:  Undefined array key "calidadTrabajo" in /home/soluctem/sistema.soluctem.com.co/api/submit.php on line 47
[05-Apr-2025 17:10:26 UTC] PHP Warning:  Undefined array key "limpiezaOrganizacionArmado" in /home/soluctem/sistema.soluctem.com.co/api/submit.php on line 48
[05-Apr-2025 17:10:26 UTC] PHP Warning:  Undefined array key "limpiezaOrganizacionAseado" in /home/soluctem/sistema.soluctem.com.co/api/submit.php on line 49
[05-Apr-2025 17:10:26 UTC] PHP Warning:  Undefined array key "capacitacionCausa" in /home/soluctem/sistema.soluctem.com.co/api/submit.php on line 50
[05-Apr-2025 17:10:26 UTC] PHP Warning:  Undefined array key "capacitacionPrevencion" in /home/soluctem/sistema.soluctem.com.co/api/submit.php on line 51
[05-Apr-2025 17:10:26 UTC] PHP Warning:  Undefined array key "capacitacionAccion" in /home/soluctem/sistema.soluctem.com.co/api/submit.php on line 52
[05-Apr-2025 17:10:26 UTC] PHP Warning:  Undefined array key "contratista1" in /home/soluctem/sistema.soluctem.com.co/api/submit.php on line 53
[05-Apr-2025 17:10:26 UTC] PHP Warning:  Undefined array key "cedula1" in /home/soluctem/sistema.soluctem.com.co/api/submit.php on line 54
[05-Apr-2025 17:10:26 UTC] PHP Warning:  Undefined array key "horaEntrada1" in /home/soluctem/sistema.soluctem.com.co/api/submit.php on line 55
[05-Apr-2025 17:10:26 UTC] PHP Warning:  Undefined array key "horaSalida1" in /home/soluctem/sistema.soluctem.com.co/api/submit.php on line 56
[05-Apr-2025 17:10:26 UTC] PHP Warning:  Undefined array key "contratista2" in /home/soluctem/sistema.soluctem.com.co/api/submit.php on line 57
[05-Apr-2025 17:10:26 UTC] PHP Warning:  Undefined array key "cedula2" in /home/soluctem/sistema.soluctem.com.co/api/submit.php on line 58
[05-Apr-2025 17:10:26 UTC] PHP Warning:  Undefined array key "horaEntrada2" in /home/soluctem/sistema.soluctem.com.co/api/submit.php on line 59
[05-Apr-2025 17:10:26 UTC] PHP Warning:  Undefined array key "horaSalida2" in /home/soluctem/sistema.soluctem.com.co/api/submit.php on line 60
[05-Apr-2025 17:10:26 UTC] PHP Warning:  Undefined array key "contratista3" in /home/soluctem/sistema.soluctem.com.co/api/submit.php on line 61
[05-Apr-2025 17:10:26 UTC] PHP Warning:  Undefined array key "cedula3" in /home/soluctem/sistema.soluctem.com.co/api/submit.php on line 62
[05-Apr-2025 17:10:26 UTC] PHP Warning:  Undefined array key "horaEntrada3" in /home/soluctem/sistema.soluctem.com.co/api/submit.php on line 63
[05-Apr-2025 17:10:26 UTC] PHP Warning:  Undefined array key "horaSalida3" in /home/soluctem/sistema.soluctem.com.co/api/submit.php on line 64
[05-Apr-2025 17:10:26 UTC] PHP Warning:  Undefined array key "contratista4" in /home/soluctem/sistema.soluctem.com.co/api/submit.php on line 65
[05-Apr-2025 17:10:26 UTC] PHP Warning:  Undefined array key "cedula4" in /home/soluctem/sistema.soluctem.com.co/api/submit.php on line 66
[05-Apr-2025 17:10:26 UTC] PHP Warning:  Undefined array key "horaEntrada4" in /home/soluctem/sistema.soluctem.com.co/api/submit.php on line 67
[05-Apr-2025 17:10:26 UTC] PHP Warning:  Undefined array key "horaSalida4" in /home/soluctem/sistema.soluctem.com.co/api/submit.php on line 68
[05-Apr-2025 17:10:26 UTC] PHP Warning:  Undefined array key "nombreFuncionario" in /home/soluctem/sistema.soluctem.com.co/api/submit.php on line 69
[05-Apr-2025 17:10:26 UTC] PHP Warning:  Undefined array key "cedulaFuncionario" in /home/soluctem/sistema.soluctem.com.co/api/submit.php on line 70
[05-Apr-2025 17:10:26 UTC] PHP Warning:  Undefined array key "cargoFuncionario" in /home/soluctem/sistema.soluctem.com.co/api/submit.php on line 71
[05-Apr-2025 17:10:26 UTC] PHP Warning:  Undefined array key "sapFuncionario" in /home/soluctem/sistema.soluctem.com.co/api/submit.php on line 72
[05-Apr-2025 17:10:26 UTC] PHP Warning:  Undefined array key "timestamp" in /home/soluctem/sistema.soluctem.com.co/api/submit.php on line 73
[05-Apr-2025 17:10:26 UTC] PHP Warning:  Undefined array key "asistenciaReparacion" in /home/soluctem/sistema.soluctem.com.co/api/submit.php on line 74
[05-Apr-2025 17:10:26 UTC] PHP Warning:  Undefined array key "asistenciaGarantia" in /home/soluctem/sistema.soluctem.com.co/api/submit.php on line 75
[05-Apr-2025 17:10:26 UTC] PHP Warning:  Undefined array key "asistenciaAjuste" in /home/soluctem/sistema.soluctem.com.co/api/submit.php on line 76
[05-Apr-2025 17:10:26 UTC] PHP Warning:  Undefined array key "asistenciaModificacion" in /home/soluctem/sistema.soluctem.com.co/api/submit.php on line 77
[05-Apr-2025 17:10:26 UTC] PHP Warning:  Undefined array key "asistenciaServicio" in /home/soluctem/sistema.soluctem.com.co/api/submit.php on line 78
[05-Apr-2025 17:10:26 UTC] PHP Warning:  Undefined array key "asistenciaMejora" in /home/soluctem/sistema.soluctem.com.co/api/submit.php on line 79
[05-Apr-2025 17:10:26 UTC] PHP Warning:  Undefined array key "asistenciaCombinacion" in /home/soluctem/sistema.soluctem.com.co/api/submit.php on line 80
[05-Apr-2025 17:10:26 UTC] PHP Warning:  Undefined array key "fallaOperacion" in /home/soluctem/sistema.soluctem.com.co/api/submit.php on line 81
[05-Apr-2025 17:10:26 UTC] PHP Warning:  Undefined array key "fallaMecanica" in /home/soluctem/sistema.soluctem.com.co/api/submit.php on line 82
[05-Apr-2025 17:10:26 UTC] PHP Warning:  Undefined array key "fallaElectrica" in /home/soluctem/sistema.soluctem.com.co/api/submit.php on line 83
[05-Apr-2025 17:10:26 UTC] PHP Warning:  Undefined array key "fallaTerceros" in /home/soluctem/sistema.soluctem.com.co/api/submit.php on line 84
[05-Apr-2025 17:10:26 UTC] PHP Warning:  Undefined array key "fallaFabricacion" in /home/soluctem/sistema.soluctem.com.co/api/submit.php on line 85
[05-Apr-2025 17:10:26 UTC] PHP Warning:  Undefined array key "firma_digital_cliente" in /home/soluctem/sistema.soluctem.com.co/api/submit.php on line 86
[05-Apr-2025 17:10:26 UTC] PHP Warning:  Undefined array key "firma_digital_tecnico" in /home/soluctem/sistema.soluctem.com.co/api/submit.php on line 87
[05-Apr-2025 21:35:56 UTC] PHP Warning:  Undefined array key "nombreSolicitante" in /home/soluctem/sistema.soluctem.com.co/api/submit.php on line 28
[05-Apr-2025 21:35:56 UTC] PHP Warning:  Undefined array key "cargo" in /home/soluctem/sistema.soluctem.com.co/api/submit.php on line 29
[05-Apr-2025 21:35:56 UTC] PHP Warning:  Undefined array key "nombreTienda" in /home/soluctem/sistema.soluctem.com.co/api/submit.php on line 30
[05-Apr-2025 21:35:56 UTC] PHP Warning:  Undefined array key "numeroTienda" in /home/soluctem/sistema.soluctem.com.co/api/submit.php on line 31
[05-Apr-2025 21:35:56 UTC] PHP Warning:  Undefined array key "numeroTicket" in /home/soluctem/sistema.soluctem.com.co/api/submit.php on line 32
[05-Apr-2025 21:35:56 UTC] PHP Warning:  Undefined array key "fecha" in /home/soluctem/sistema.soluctem.com.co/api/submit.php on line 33
[05-Apr-2025 21:35:56 UTC] PHP Warning:  Undefined array key "municipio" in /home/soluctem/sistema.soluctem.com.co/api/submit.php on line 34
[05-Apr-2025 21:35:56 UTC] PHP Warning:  Undefined array key "departamento" in /home/soluctem/sistema.soluctem.com.co/api/submit.php on line 35
[05-Apr-2025 21:35:56 UTC] PHP Warning:  Undefined array key "nombreEquipo" in /home/soluctem/sistema.soluctem.com.co/api/submit.php on line 36
[05-Apr-2025 21:35:56 UTC] PHP Warning:  Undefined array key "marca" in /home/soluctem/sistema.soluctem.com.co/api/submit.php on line 37
[05-Apr-2025 21:35:56 UTC] PHP Warning:  Undefined array key "serial" in /home/soluctem/sistema.soluctem.com.co/api/submit.php on line 38
[05-Apr-2025 21:35:56 UTC] PHP Warning:  Undefined array key "descripcionFalla" in /home/soluctem/sistema.soluctem.com.co/api/submit.php on line 39
[05-Apr-2025 21:35:56 UTC] PHP Warning:  Undefined array key "diagnosticoTecnico" in /home/soluctem/sistema.soluctem.com.co/api/submit.php on line 40
[05-Apr-2025 21:35:56 UTC] PHP Warning:  Undefined array key "repuestosCambiados" in /home/soluctem/sistema.soluctem.com.co/api/submit.php on line 41
[05-Apr-2025 21:35:56 UTC] PHP Warning:  Undefined array key "observaciones" in /home/soluctem/sistema.soluctem.com.co/api/submit.php on line 42
[05-Apr-2025 21:35:56 UTC] PHP Warning:  Undefined array key "seguridadRiesgoAccidentalidad" in /home/soluctem/sistema.soluctem.com.co/api/submit.php on line 43
[05-Apr-2025 21:35:56 UTC] PHP Warning:  Undefined array key "seguridadRiesgoEquipo" in /home/soluctem/sistema.soluctem.com.co/api/submit.php on line 44
[05-Apr-2025 21:35:56 UTC] PHP Warning:  Undefined array key "funcionamientoFallaSolucionada" in /home/soluctem/sistema.soluctem.com.co/api/submit.php on line 45
[05-Apr-2025 21:35:56 UTC] PHP Warning:  Undefined array key "funcionamientoPasosNormales" in /home/soluctem/sistema.soluctem.com.co/api/submit.php on line 46
[05-Apr-2025 21:35:56 UTC] PHP Warning:  Undefined array key "calidadTrabajo" in /home/soluctem/sistema.soluctem.com.co/api/submit.php on line 47
[05-Apr-2025 21:35:56 UTC] PHP Warning:  Undefined array key "limpiezaOrganizacionArmado" in /home/soluctem/sistema.soluctem.com.co/api/submit.php on line 48
[05-Apr-2025 21:35:56 UTC] PHP Warning:  Undefined array key "limpiezaOrganizacionAseado" in /home/soluctem/sistema.soluctem.com.co/api/submit.php on line 49
[05-Apr-2025 21:35:56 UTC] PHP Warning:  Undefined array key "capacitacionCausa" in /home/soluctem/sistema.soluctem.com.co/api/submit.php on line 50
[05-Apr-2025 21:35:56 UTC] PHP Warning:  Undefined array key "capacitacionPrevencion" in /home/soluctem/sistema.soluctem.com.co/api/submit.php on line 51
[05-Apr-2025 21:35:56 UTC] PHP Warning:  Undefined array key "capacitacionAccion" in /home/soluctem/sistema.soluctem.com.co/api/submit.php on line 52
[05-Apr-2025 21:35:56 UTC] PHP Warning:  Undefined array key "contratista1" in /home/soluctem/sistema.soluctem.com.co/api/submit.php on line 53
[05-Apr-2025 21:35:56 UTC] PHP Warning:  Undefined array key "cedula1" in /home/soluctem/sistema.soluctem.com.co/api/submit.php on line 54
[05-Apr-2025 21:35:56 UTC] PHP Warning:  Undefined array key "horaEntrada1" in /home/soluctem/sistema.soluctem.com.co/api/submit.php on line 55
[05-Apr-2025 21:35:56 UTC] PHP Warning:  Undefined array key "horaSalida1" in /home/soluctem/sistema.soluctem.com.co/api/submit.php on line 56
[05-Apr-2025 21:35:56 UTC] PHP Warning:  Undefined array key "contratista2" in /home/soluctem/sistema.soluctem.com.co/api/submit.php on line 57
[05-Apr-2025 21:35:56 UTC] PHP Warning:  Undefined array key "cedula2" in /home/soluctem/sistema.soluctem.com.co/api/submit.php on line 58
[05-Apr-2025 21:35:56 UTC] PHP Warning:  Undefined array key "horaEntrada2" in /home/soluctem/sistema.soluctem.com.co/api/submit.php on line 59
[05-Apr-2025 21:35:56 UTC] PHP Warning:  Undefined array key "horaSalida2" in /home/soluctem/sistema.soluctem.com.co/api/submit.php on line 60
[05-Apr-2025 21:35:56 UTC] PHP Warning:  Undefined array key "contratista3" in /home/soluctem/sistema.soluctem.com.co/api/submit.php on line 61
[05-Apr-2025 21:35:56 UTC] PHP Warning:  Undefined array key "cedula3" in /home/soluctem/sistema.soluctem.com.co/api/submit.php on line 62
[05-Apr-2025 21:35:56 UTC] PHP Warning:  Undefined array key "horaEntrada3" in /home/soluctem/sistema.soluctem.com.co/api/submit.php on line 63
[05-Apr-2025 21:35:56 UTC] PHP Warning:  Undefined array key "horaSalida3" in /home/soluctem/sistema.soluctem.com.co/api/submit.php on line 64
[05-Apr-2025 21:35:56 UTC] PHP Warning:  Undefined array key "contratista4" in /home/soluctem/sistema.soluctem.com.co/api/submit.php on line 65
[05-Apr-2025 21:35:56 UTC] PHP Warning:  Undefined array key "cedula4" in /home/soluctem/sistema.soluctem.com.co/api/submit.php on line 66
[05-Apr-2025 21:35:56 UTC] PHP Warning:  Undefined array key "horaEntrada4" in /home/soluctem/sistema.soluctem.com.co/api/submit.php on line 67
[05-Apr-2025 21:35:56 UTC] PHP Warning:  Undefined array key "horaSalida4" in /home/soluctem/sistema.soluctem.com.co/api/submit.php on line 68
[05-Apr-2025 21:35:56 UTC] PHP Warning:  Undefined array key "nombreFuncionario" in /home/soluctem/sistema.soluctem.com.co/api/submit.php on line 69
[05-Apr-2025 21:35:56 UTC] PHP Warning:  Undefined array key "cedulaFuncionario" in /home/soluctem/sistema.soluctem.com.co/api/submit.php on line 70
[05-Apr-2025 21:35:56 UTC] PHP Warning:  Undefined array key "cargoFuncionario" in /home/soluctem/sistema.soluctem.com.co/api/submit.php on line 71
[05-Apr-2025 21:35:56 UTC] PHP Warning:  Undefined array key "sapFuncionario" in /home/soluctem/sistema.soluctem.com.co/api/submit.php on line 72
[05-Apr-2025 21:35:56 UTC] PHP Warning:  Undefined array key "timestamp" in /home/soluctem/sistema.soluctem.com.co/api/submit.php on line 73
[05-Apr-2025 21:35:56 UTC] PHP Warning:  Undefined array key "asistenciaReparacion" in /home/soluctem/sistema.soluctem.com.co/api/submit.php on line 74
[05-Apr-2025 21:35:56 UTC] PHP Warning:  Undefined array key "asistenciaGarantia" in /home/soluctem/sistema.soluctem.com.co/api/submit.php on line 75
[05-Apr-2025 21:35:56 UTC] PHP Warning:  Undefined array key "asistenciaAjuste" in /home/soluctem/sistema.soluctem.com.co/api/submit.php on line 76
[05-Apr-2025 21:35:56 UTC] PHP Warning:  Undefined array key "asistenciaModificacion" in /home/soluctem/sistema.soluctem.com.co/api/submit.php on line 77
[05-Apr-2025 21:35:56 UTC] PHP Warning:  Undefined array key "asistenciaServicio" in /home/soluctem/sistema.soluctem.com.co/api/submit.php on line 78
[05-Apr-2025 21:35:56 UTC] PHP Warning:  Undefined array key "asistenciaMejora" in /home/soluctem/sistema.soluctem.com.co/api/submit.php on line 79
[05-Apr-2025 21:35:56 UTC] PHP Warning:  Undefined array key "asistenciaCombinacion" in /home/soluctem/sistema.soluctem.com.co/api/submit.php on line 80
[05-Apr-2025 21:35:56 UTC] PHP Warning:  Undefined array key "fallaOperacion" in /home/soluctem/sistema.soluctem.com.co/api/submit.php on line 81
[05-Apr-2025 21:35:56 UTC] PHP Warning:  Undefined array key "fallaMecanica" in /home/soluctem/sistema.soluctem.com.co/api/submit.php on line 82
[05-Apr-2025 21:35:56 UTC] PHP Warning:  Undefined array key "fallaElectrica" in /home/soluctem/sistema.soluctem.com.co/api/submit.php on line 83
[05-Apr-2025 21:35:56 UTC] PHP Warning:  Undefined array key "fallaTerceros" in /home/soluctem/sistema.soluctem.com.co/api/submit.php on line 84
[05-Apr-2025 21:35:56 UTC] PHP Warning:  Undefined array key "fallaFabricacion" in /home/soluctem/sistema.soluctem.com.co/api/submit.php on line 85
[05-Apr-2025 21:35:56 UTC] PHP Warning:  Undefined array key "firma_digital_cliente" in /home/soluctem/sistema.soluctem.com.co/api/submit.php on line 86
[05-Apr-2025 21:35:56 UTC] PHP Warning:  Undefined array key "firma_digital_tecnico" in /home/soluctem/sistema.soluctem.com.co/api/submit.php on line 87
[07-Apr-2025 04:29:13 UTC] PHP Warning:  Undefined array key "nombreSolicitante" in /home/soluctem/sistema.soluctem.com.co/api/submit.php on line 28
[07-Apr-2025 04:29:13 UTC] PHP Warning:  Undefined array key "cargo" in /home/soluctem/sistema.soluctem.com.co/api/submit.php on line 29
[07-Apr-2025 04:29:13 UTC] PHP Warning:  Undefined array key "nombreTienda" in /home/soluctem/sistema.soluctem.com.co/api/submit.php on line 30
[07-Apr-2025 04:29:13 UTC] PHP Warning:  Undefined array key "numeroTienda" in /home/soluctem/sistema.soluctem.com.co/api/submit.php on line 31
[07-Apr-2025 04:29:13 UTC] PHP Warning:  Undefined array key "numeroTicket" in /home/soluctem/sistema.soluctem.com.co/api/submit.php on line 32
[07-Apr-2025 04:29:13 UTC] PHP Warning:  Undefined array key "fecha" in /home/soluctem/sistema.soluctem.com.co/api/submit.php on line 33
[07-Apr-2025 04:29:13 UTC] PHP Warning:  Undefined array key "municipio" in /home/soluctem/sistema.soluctem.com.co/api/submit.php on line 34
[07-Apr-2025 04:29:13 UTC] PHP Warning:  Undefined array key "departamento" in /home/soluctem/sistema.soluctem.com.co/api/submit.php on line 35
[07-Apr-2025 04:29:13 UTC] PHP Warning:  Undefined array key "nombreEquipo" in /home/soluctem/sistema.soluctem.com.co/api/submit.php on line 36
[07-Apr-2025 04:29:13 UTC] PHP Warning:  Undefined array key "marca" in /home/soluctem/sistema.soluctem.com.co/api/submit.php on line 37
[07-Apr-2025 04:29:13 UTC] PHP Warning:  Undefined array key "serial" in /home/soluctem/sistema.soluctem.com.co/api/submit.php on line 38
[07-Apr-2025 04:29:13 UTC] PHP Warning:  Undefined array key "descripcionFalla" in /home/soluctem/sistema.soluctem.com.co/api/submit.php on line 39
[07-Apr-2025 04:29:13 UTC] PHP Warning:  Undefined array key "diagnosticoTecnico" in /home/soluctem/sistema.soluctem.com.co/api/submit.php on line 40
[07-Apr-2025 04:29:13 UTC] PHP Warning:  Undefined array key "repuestosCambiados" in /home/soluctem/sistema.soluctem.com.co/api/submit.php on line 41
[07-Apr-2025 04:29:13 UTC] PHP Warning:  Undefined array key "observaciones" in /home/soluctem/sistema.soluctem.com.co/api/submit.php on line 42
[07-Apr-2025 04:29:13 UTC] PHP Warning:  Undefined array key "seguridadRiesgoAccidentalidad" in /home/soluctem/sistema.soluctem.com.co/api/submit.php on line 43
[07-Apr-2025 04:29:13 UTC] PHP Warning:  Undefined array key "seguridadRiesgoEquipo" in /home/soluctem/sistema.soluctem.com.co/api/submit.php on line 44
[07-Apr-2025 04:29:13 UTC] PHP Warning:  Undefined array key "funcionamientoFallaSolucionada" in /home/soluctem/sistema.soluctem.com.co/api/submit.php on line 45
[07-Apr-2025 04:29:13 UTC] PHP Warning:  Undefined array key "funcionamientoPasosNormales" in /home/soluctem/sistema.soluctem.com.co/api/submit.php on line 46
[07-Apr-2025 04:29:13 UTC] PHP Warning:  Undefined array key "calidadTrabajo" in /home/soluctem/sistema.soluctem.com.co/api/submit.php on line 47
[07-Apr-2025 04:29:13 UTC] PHP Warning:  Undefined array key "limpiezaOrganizacionArmado" in /home/soluctem/sistema.soluctem.com.co/api/submit.php on line 48
[07-Apr-2025 04:29:13 UTC] PHP Warning:  Undefined array key "limpiezaOrganizacionAseado" in /home/soluctem/sistema.soluctem.com.co/api/submit.php on line 49
[07-Apr-2025 04:29:13 UTC] PHP Warning:  Undefined array key "capacitacionCausa" in /home/soluctem/sistema.soluctem.com.co/api/submit.php on line 50
[07-Apr-2025 04:29:13 UTC] PHP Warning:  Undefined array key "capacitacionPrevencion" in /home/soluctem/sistema.soluctem.com.co/api/submit.php on line 51
[07-Apr-2025 04:29:13 UTC] PHP Warning:  Undefined array key "capacitacionAccion" in /home/soluctem/sistema.soluctem.com.co/api/submit.php on line 52
[07-Apr-2025 04:29:13 UTC] PHP Warning:  Undefined array key "contratista1" in /home/soluctem/sistema.soluctem.com.co/api/submit.php on line 53
[07-Apr-2025 04:29:13 UTC] PHP Warning:  Undefined array key "cedula1" in /home/soluctem/sistema.soluctem.com.co/api/submit.php on line 54
[07-Apr-2025 04:29:13 UTC] PHP Warning:  Undefined array key "horaEntrada1" in /home/soluctem/sistema.soluctem.com.co/api/submit.php on line 55
[07-Apr-2025 04:29:13 UTC] PHP Warning:  Undefined array key "horaSalida1" in /home/soluctem/sistema.soluctem.com.co/api/submit.php on line 56
[07-Apr-2025 04:29:13 UTC] PHP Warning:  Undefined array key "contratista2" in /home/soluctem/sistema.soluctem.com.co/api/submit.php on line 57
[07-Apr-2025 04:29:13 UTC] PHP Warning:  Undefined array key "cedula2" in /home/soluctem/sistema.soluctem.com.co/api/submit.php on line 58
[07-Apr-2025 04:29:13 UTC] PHP Warning:  Undefined array key "horaEntrada2" in /home/soluctem/sistema.soluctem.com.co/api/submit.php on line 59
[07-Apr-2025 04:29:13 UTC] PHP Warning:  Undefined array key "horaSalida2" in /home/soluctem/sistema.soluctem.com.co/api/submit.php on line 60
[07-Apr-2025 04:29:13 UTC] PHP Warning:  Undefined array key "contratista3" in /home/soluctem/sistema.soluctem.com.co/api/submit.php on line 61
[07-Apr-2025 04:29:13 UTC] PHP Warning:  Undefined array key "cedula3" in /home/soluctem/sistema.soluctem.com.co/api/submit.php on line 62
[07-Apr-2025 04:29:13 UTC] PHP Warning:  Undefined array key "horaEntrada3" in /home/soluctem/sistema.soluctem.com.co/api/submit.php on line 63
[07-Apr-2025 04:29:13 UTC] PHP Warning:  Undefined array key "horaSalida3" in /home/soluctem/sistema.soluctem.com.co/api/submit.php on line 64
[07-Apr-2025 04:29:13 UTC] PHP Warning:  Undefined array key "contratista4" in /home/soluctem/sistema.soluctem.com.co/api/submit.php on line 65
[07-Apr-2025 04:29:13 UTC] PHP Warning:  Undefined array key "cedula4" in /home/soluctem/sistema.soluctem.com.co/api/submit.php on line 66
[07-Apr-2025 04:29:13 UTC] PHP Warning:  Undefined array key "horaEntrada4" in /home/soluctem/sistema.soluctem.com.co/api/submit.php on line 67
[07-Apr-2025 04:29:13 UTC] PHP Warning:  Undefined array key "horaSalida4" in /home/soluctem/sistema.soluctem.com.co/api/submit.php on line 68
[07-Apr-2025 04:29:13 UTC] PHP Warning:  Undefined array key "nombreFuncionario" in /home/soluctem/sistema.soluctem.com.co/api/submit.php on line 69
[07-Apr-2025 04:29:13 UTC] PHP Warning:  Undefined array key "cedulaFuncionario" in /home/soluctem/sistema.soluctem.com.co/api/submit.php on line 70
[07-Apr-2025 04:29:13 UTC] PHP Warning:  Undefined array key "cargoFuncionario" in /home/soluctem/sistema.soluctem.com.co/api/submit.php on line 71
[07-Apr-2025 04:29:13 UTC] PHP Warning:  Undefined array key "sapFuncionario" in /home/soluctem/sistema.soluctem.com.co/api/submit.php on line 72
[07-Apr-2025 04:29:13 UTC] PHP Warning:  Undefined array key "timestamp" in /home/soluctem/sistema.soluctem.com.co/api/submit.php on line 73
[07-Apr-2025 04:29:13 UTC] PHP Warning:  Undefined array key "asistenciaReparacion" in /home/soluctem/sistema.soluctem.com.co/api/submit.php on line 74
[07-Apr-2025 04:29:13 UTC] PHP Warning:  Undefined array key "asistenciaGarantia" in /home/soluctem/sistema.soluctem.com.co/api/submit.php on line 75
[07-Apr-2025 04:29:13 UTC] PHP Warning:  Undefined array key "asistenciaAjuste" in /home/soluctem/sistema.soluctem.com.co/api/submit.php on line 76
[07-Apr-2025 04:29:13 UTC] PHP Warning:  Undefined array key "asistenciaModificacion" in /home/soluctem/sistema.soluctem.com.co/api/submit.php on line 77
[07-Apr-2025 04:29:13 UTC] PHP Warning:  Undefined array key "asistenciaServicio" in /home/soluctem/sistema.soluctem.com.co/api/submit.php on line 78
[07-Apr-2025 04:29:13 UTC] PHP Warning:  Undefined array key "asistenciaMejora" in /home/soluctem/sistema.soluctem.com.co/api/submit.php on line 79
[07-Apr-2025 04:29:13 UTC] PHP Warning:  Undefined array key "asistenciaCombinacion" in /home/soluctem/sistema.soluctem.com.co/api/submit.php on line 80
[07-Apr-2025 04:29:13 UTC] PHP Warning:  Undefined array key "fallaOperacion" in /home/soluctem/sistema.soluctem.com.co/api/submit.php on line 81
[07-Apr-2025 04:29:13 UTC] PHP Warning:  Undefined array key "fallaMecanica" in /home/soluctem/sistema.soluctem.com.co/api/submit.php on line 82
[07-Apr-2025 04:29:13 UTC] PHP Warning:  Undefined array key "fallaElectrica" in /home/soluctem/sistema.soluctem.com.co/api/submit.php on line 83
[07-Apr-2025 04:29:13 UTC] PHP Warning:  Undefined array key "fallaTerceros" in /home/soluctem/sistema.soluctem.com.co/api/submit.php on line 84
[07-Apr-2025 04:29:13 UTC] PHP Warning:  Undefined array key "fallaFabricacion" in /home/soluctem/sistema.soluctem.com.co/api/submit.php on line 85
[07-Apr-2025 04:29:13 UTC] PHP Warning:  Undefined array key "firma_digital_cliente" in /home/soluctem/sistema.soluctem.com.co/api/submit.php on line 86
[07-Apr-2025 04:29:13 UTC] PHP Warning:  Undefined array key "firma_digital_tecnico" in /home/soluctem/sistema.soluctem.com.co/api/submit.php on line 87
[07-Apr-2025 04:32:25 UTC] PHP Warning:  Undefined array key "nombreSolicitante" in /home/soluctem/sistema.soluctem.com.co/api/submit.php on line 28
[07-Apr-2025 04:32:25 UTC] PHP Warning:  Undefined array key "cargo" in /home/soluctem/sistema.soluctem.com.co/api/submit.php on line 29
[07-Apr-2025 04:32:25 UTC] PHP Warning:  Undefined array key "nombreTienda" in /home/soluctem/sistema.soluctem.com.co/api/submit.php on line 30
[07-Apr-2025 04:32:25 UTC] PHP Warning:  Undefined array key "numeroTienda" in /home/soluctem/sistema.soluctem.com.co/api/submit.php on line 31
[07-Apr-2025 04:32:25 UTC] PHP Warning:  Undefined array key "numeroTicket" in /home/soluctem/sistema.soluctem.com.co/api/submit.php on line 32
[07-Apr-2025 04:32:25 UTC] PHP Warning:  Undefined array key "fecha" in /home/soluctem/sistema.soluctem.com.co/api/submit.php on line 33
[07-Apr-2025 04:32:25 UTC] PHP Warning:  Undefined array key "municipio" in /home/soluctem/sistema.soluctem.com.co/api/submit.php on line 34
[07-Apr-2025 04:32:25 UTC] PHP Warning:  Undefined array key "departamento" in /home/soluctem/sistema.soluctem.com.co/api/submit.php on line 35
[07-Apr-2025 04:32:25 UTC] PHP Warning:  Undefined array key "nombreEquipo" in /home/soluctem/sistema.soluctem.com.co/api/submit.php on line 36
[07-Apr-2025 04:32:25 UTC] PHP Warning:  Undefined array key "marca" in /home/soluctem/sistema.soluctem.com.co/api/submit.php on line 37
[07-Apr-2025 04:32:25 UTC] PHP Warning:  Undefined array key "serial" in /home/soluctem/sistema.soluctem.com.co/api/submit.php on line 38
[07-Apr-2025 04:32:25 UTC] PHP Warning:  Undefined array key "descripcionFalla" in /home/soluctem/sistema.soluctem.com.co/api/submit.php on line 39
[07-Apr-2025 04:32:25 UTC] PHP Warning:  Undefined array key "diagnosticoTecnico" in /home/soluctem/sistema.soluctem.com.co/api/submit.php on line 40
[07-Apr-2025 04:32:25 UTC] PHP Warning:  Undefined array key "repuestosCambiados" in /home/soluctem/sistema.soluctem.com.co/api/submit.php on line 41
[07-Apr-2025 04:32:25 UTC] PHP Warning:  Undefined array key "observaciones" in /home/soluctem/sistema.soluctem.com.co/api/submit.php on line 42
[07-Apr-2025 04:32:25 UTC] PHP Warning:  Undefined array key "seguridadRiesgoAccidentalidad" in /home/soluctem/sistema.soluctem.com.co/api/submit.php on line 43
[07-Apr-2025 04:32:25 UTC] PHP Warning:  Undefined array key "seguridadRiesgoEquipo" in /home/soluctem/sistema.soluctem.com.co/api/submit.php on line 44
[07-Apr-2025 04:32:25 UTC] PHP Warning:  Undefined array key "funcionamientoFallaSolucionada" in /home/soluctem/sistema.soluctem.com.co/api/submit.php on line 45
[07-Apr-2025 04:32:25 UTC] PHP Warning:  Undefined array key "funcionamientoPasosNormales" in /home/soluctem/sistema.soluctem.com.co/api/submit.php on line 46
[07-Apr-2025 04:32:25 UTC] PHP Warning:  Undefined array key "calidadTrabajo" in /home/soluctem/sistema.soluctem.com.co/api/submit.php on line 47
[07-Apr-2025 04:32:25 UTC] PHP Warning:  Undefined array key "limpiezaOrganizacionArmado" in /home/soluctem/sistema.soluctem.com.co/api/submit.php on line 48
[07-Apr-2025 04:32:25 UTC] PHP Warning:  Undefined array key "limpiezaOrganizacionAseado" in /home/soluctem/sistema.soluctem.com.co/api/submit.php on line 49
[07-Apr-2025 04:32:25 UTC] PHP Warning:  Undefined array key "capacitacionCausa" in /home/soluctem/sistema.soluctem.com.co/api/submit.php on line 50
[07-Apr-2025 04:32:25 UTC] PHP Warning:  Undefined array key "capacitacionPrevencion" in /home/soluctem/sistema.soluctem.com.co/api/submit.php on line 51
[07-Apr-2025 04:32:25 UTC] PHP Warning:  Undefined array key "capacitacionAccion" in /home/soluctem/sistema.soluctem.com.co/api/submit.php on line 52
[07-Apr-2025 04:32:25 UTC] PHP Warning:  Undefined array key "contratista1" in /home/soluctem/sistema.soluctem.com.co/api/submit.php on line 53
[07-Apr-2025 04:32:25 UTC] PHP Warning:  Undefined array key "cedula1" in /home/soluctem/sistema.soluctem.com.co/api/submit.php on line 54
[07-Apr-2025 04:32:25 UTC] PHP Warning:  Undefined array key "horaEntrada1" in /home/soluctem/sistema.soluctem.com.co/api/submit.php on line 55
[07-Apr-2025 04:32:25 UTC] PHP Warning:  Undefined array key "horaSalida1" in /home/soluctem/sistema.soluctem.com.co/api/submit.php on line 56
[07-Apr-2025 04:32:25 UTC] PHP Warning:  Undefined array key "contratista2" in /home/soluctem/sistema.soluctem.com.co/api/submit.php on line 57
[07-Apr-2025 04:32:25 UTC] PHP Warning:  Undefined array key "cedula2" in /home/soluctem/sistema.soluctem.com.co/api/submit.php on line 58
[07-Apr-2025 04:32:25 UTC] PHP Warning:  Undefined array key "horaEntrada2" in /home/soluctem/sistema.soluctem.com.co/api/submit.php on line 59
[07-Apr-2025 04:32:25 UTC] PHP Warning:  Undefined array key "horaSalida2" in /home/soluctem/sistema.soluctem.com.co/api/submit.php on line 60
[07-Apr-2025 04:32:25 UTC] PHP Warning:  Undefined array key "contratista3" in /home/soluctem/sistema.soluctem.com.co/api/submit.php on line 61
[07-Apr-2025 04:32:25 UTC] PHP Warning:  Undefined array key "cedula3" in /home/soluctem/sistema.soluctem.com.co/api/submit.php on line 62
[07-Apr-2025 04:32:25 UTC] PHP Warning:  Undefined array key "horaEntrada3" in /home/soluctem/sistema.soluctem.com.co/api/submit.php on line 63
[07-Apr-2025 04:32:25 UTC] PHP Warning:  Undefined array key "horaSalida3" in /home/soluctem/sistema.soluctem.com.co/api/submit.php on line 64
[07-Apr-2025 04:32:25 UTC] PHP Warning:  Undefined array key "contratista4" in /home/soluctem/sistema.soluctem.com.co/api/submit.php on line 65
[07-Apr-2025 04:32:25 UTC] PHP Warning:  Undefined array key "cedula4" in /home/soluctem/sistema.soluctem.com.co/api/submit.php on line 66
[07-Apr-2025 04:32:25 UTC] PHP Warning:  Undefined array key "horaEntrada4" in /home/soluctem/sistema.soluctem.com.co/api/submit.php on line 67
[07-Apr-2025 04:32:25 UTC] PHP Warning:  Undefined array key "horaSalida4" in /home/soluctem/sistema.soluctem.com.co/api/submit.php on line 68
[07-Apr-2025 04:32:25 UTC] PHP Warning:  Undefined array key "nombreFuncionario" in /home/soluctem/sistema.soluctem.com.co/api/submit.php on line 69
[07-Apr-2025 04:32:25 UTC] PHP Warning:  Undefined array key "cedulaFuncionario" in /home/soluctem/sistema.soluctem.com.co/api/submit.php on line 70
[07-Apr-2025 04:32:25 UTC] PHP Warning:  Undefined array key "cargoFuncionario" in /home/soluctem/sistema.soluctem.com.co/api/submit.php on line 71
[07-Apr-2025 04:32:25 UTC] PHP Warning:  Undefined array key "sapFuncionario" in /home/soluctem/sistema.soluctem.com.co/api/submit.php on line 72
[07-Apr-2025 04:32:25 UTC] PHP Warning:  Undefined array key "timestamp" in /home/soluctem/sistema.soluctem.com.co/api/submit.php on line 73
[07-Apr-2025 04:32:25 UTC] PHP Warning:  Undefined array key "asistenciaReparacion" in /home/soluctem/sistema.soluctem.com.co/api/submit.php on line 74
[07-Apr-2025 04:32:25 UTC] PHP Warning:  Undefined array key "asistenciaGarantia" in /home/soluctem/sistema.soluctem.com.co/api/submit.php on line 75
[07-Apr-2025 04:32:25 UTC] PHP Warning:  Undefined array key "asistenciaAjuste" in /home/soluctem/sistema.soluctem.com.co/api/submit.php on line 76
[07-Apr-2025 04:32:25 UTC] PHP Warning:  Undefined array key "asistenciaModificacion" in /home/soluctem/sistema.soluctem.com.co/api/submit.php on line 77
[07-Apr-2025 04:32:25 UTC] PHP Warning:  Undefined array key "asistenciaServicio" in /home/soluctem/sistema.soluctem.com.co/api/submit.php on line 78
[07-Apr-2025 04:32:25 UTC] PHP Warning:  Undefined array key "asistenciaMejora" in /home/soluctem/sistema.soluctem.com.co/api/submit.php on line 79
[07-Apr-2025 04:32:25 UTC] PHP Warning:  Undefined array key "asistenciaCombinacion" in /home/soluctem/sistema.soluctem.com.co/api/submit.php on line 80
[07-Apr-2025 04:32:25 UTC] PHP Warning:  Undefined array key "fallaOperacion" in /home/soluctem/sistema.soluctem.com.co/api/submit.php on line 81
[07-Apr-2025 04:32:25 UTC] PHP Warning:  Undefined array key "fallaMecanica" in /home/soluctem/sistema.soluctem.com.co/api/submit.php on line 82
[07-Apr-2025 04:32:25 UTC] PHP Warning:  Undefined array key "fallaElectrica" in /home/soluctem/sistema.soluctem.com.co/api/submit.php on line 83
[07-Apr-2025 04:32:25 UTC] PHP Warning:  Undefined array key "fallaTerceros" in /home/soluctem/sistema.soluctem.com.co/api/submit.php on line 84
[07-Apr-2025 04:32:25 UTC] PHP Warning:  Undefined array key "fallaFabricacion" in /home/soluctem/sistema.soluctem.com.co/api/submit.php on line 85
[07-Apr-2025 04:32:25 UTC] PHP Warning:  Undefined array key "firma_digital_cliente" in /home/soluctem/sistema.soluctem.com.co/api/submit.php on line 86
[07-Apr-2025 04:32:25 UTC] PHP Warning:  Undefined array key "firma_digital_tecnico" in /home/soluctem/sistema.soluctem.com.co/api/submit.php on line 87
[07-Apr-2025 18:13:02 UTC] PHP Warning:  Undefined array key "nombreSolicitante" in /home/soluctem/sistema.soluctem.com.co/api/submit.php on line 28
[07-Apr-2025 18:13:02 UTC] PHP Warning:  Undefined array key "cargo" in /home/soluctem/sistema.soluctem.com.co/api/submit.php on line 29
[07-Apr-2025 18:13:02 UTC] PHP Warning:  Undefined array key "nombreTienda" in /home/soluctem/sistema.soluctem.com.co/api/submit.php on line 30
[07-Apr-2025 18:13:02 UTC] PHP Warning:  Undefined array key "numeroTienda" in /home/soluctem/sistema.soluctem.com.co/api/submit.php on line 31
[07-Apr-2025 18:13:02 UTC] PHP Warning:  Undefined array key "numeroTicket" in /home/soluctem/sistema.soluctem.com.co/api/submit.php on line 32
[07-Apr-2025 18:13:02 UTC] PHP Warning:  Undefined array key "fecha" in /home/soluctem/sistema.soluctem.com.co/api/submit.php on line 33
[07-Apr-2025 18:13:02 UTC] PHP Warning:  Undefined array key "municipio" in /home/soluctem/sistema.soluctem.com.co/api/submit.php on line 34
[07-Apr-2025 18:13:02 UTC] PHP Warning:  Undefined array key "departamento" in /home/soluctem/sistema.soluctem.com.co/api/submit.php on line 35
[07-Apr-2025 18:13:02 UTC] PHP Warning:  Undefined array key "nombreEquipo" in /home/soluctem/sistema.soluctem.com.co/api/submit.php on line 36
[07-Apr-2025 18:13:02 UTC] PHP Warning:  Undefined array key "marca" in /home/soluctem/sistema.soluctem.com.co/api/submit.php on line 37
[07-Apr-2025 18:13:02 UTC] PHP Warning:  Undefined array key "serial" in /home/soluctem/sistema.soluctem.com.co/api/submit.php on line 38
[07-Apr-2025 18:13:02 UTC] PHP Warning:  Undefined array key "descripcionFalla" in /home/soluctem/sistema.soluctem.com.co/api/submit.php on line 39
[07-Apr-2025 18:13:02 UTC] PHP Warning:  Undefined array key "diagnosticoTecnico" in /home/soluctem/sistema.soluctem.com.co/api/submit.php on line 40
[07-Apr-2025 18:13:02 UTC] PHP Warning:  Undefined array key "repuestosCambiados" in /home/soluctem/sistema.soluctem.com.co/api/submit.php on line 41
[07-Apr-2025 18:13:02 UTC] PHP Warning:  Undefined array key "observaciones" in /home/soluctem/sistema.soluctem.com.co/api/submit.php on line 42
[07-Apr-2025 18:13:02 UTC] PHP Warning:  Undefined array key "seguridadRiesgoAccidentalidad" in /home/soluctem/sistema.soluctem.com.co/api/submit.php on line 43
[07-Apr-2025 18:13:02 UTC] PHP Warning:  Undefined array key "seguridadRiesgoEquipo" in /home/soluctem/sistema.soluctem.com.co/api/submit.php on line 44
[07-Apr-2025 18:13:02 UTC] PHP Warning:  Undefined array key "funcionamientoFallaSolucionada" in /home/soluctem/sistema.soluctem.com.co/api/submit.php on line 45
[07-Apr-2025 18:13:02 UTC] PHP Warning:  Undefined array key "funcionamientoPasosNormales" in /home/soluctem/sistema.soluctem.com.co/api/submit.php on line 46
[07-Apr-2025 18:13:02 UTC] PHP Warning:  Undefined array key "calidadTrabajo" in /home/soluctem/sistema.soluctem.com.co/api/submit.php on line 47
[07-Apr-2025 18:13:02 UTC] PHP Warning:  Undefined array key "limpiezaOrganizacionArmado" in /home/soluctem/sistema.soluctem.com.co/api/submit.php on line 48
[07-Apr-2025 18:13:02 UTC] PHP Warning:  Undefined array key "limpiezaOrganizacionAseado" in /home/soluctem/sistema.soluctem.com.co/api/submit.php on line 49
[07-Apr-2025 18:13:02 UTC] PHP Warning:  Undefined array key "capacitacionCausa" in /home/soluctem/sistema.soluctem.com.co/api/submit.php on line 50
[07-Apr-2025 18:13:02 UTC] PHP Warning:  Undefined array key "capacitacionPrevencion" in /home/soluctem/sistema.soluctem.com.co/api/submit.php on line 51
[07-Apr-2025 18:13:02 UTC] PHP Warning:  Undefined array key "capacitacionAccion" in /home/soluctem/sistema.soluctem.com.co/api/submit.php on line 52
[07-Apr-2025 18:13:02 UTC] PHP Warning:  Undefined array key "contratista1" in /home/soluctem/sistema.soluctem.com.co/api/submit.php on line 53
[07-Apr-2025 18:13:02 UTC] PHP Warning:  Undefined array key "cedula1" in /home/soluctem/sistema.soluctem.com.co/api/submit.php on line 54
[07-Apr-2025 18:13:02 UTC] PHP Warning:  Undefined array key "horaEntrada1" in /home/soluctem/sistema.soluctem.com.co/api/submit.php on line 55
[07-Apr-2025 18:13:02 UTC] PHP Warning:  Undefined array key "horaSalida1" in /home/soluctem/sistema.soluctem.com.co/api/submit.php on line 56
[07-Apr-2025 18:13:02 UTC] PHP Warning:  Undefined array key "contratista2" in /home/soluctem/sistema.soluctem.com.co/api/submit.php on line 57
[07-Apr-2025 18:13:02 UTC] PHP Warning:  Undefined array key "cedula2" in /home/soluctem/sistema.soluctem.com.co/api/submit.php on line 58
[07-Apr-2025 18:13:02 UTC] PHP Warning:  Undefined array key "horaEntrada2" in /home/soluctem/sistema.soluctem.com.co/api/submit.php on line 59
[07-Apr-2025 18:13:02 UTC] PHP Warning:  Undefined array key "horaSalida2" in /home/soluctem/sistema.soluctem.com.co/api/submit.php on line 60
[07-Apr-2025 18:13:02 UTC] PHP Warning:  Undefined array key "contratista3" in /home/soluctem/sistema.soluctem.com.co/api/submit.php on line 61
[07-Apr-2025 18:13:02 UTC] PHP Warning:  Undefined array key "cedula3" in /home/soluctem/sistema.soluctem.com.co/api/submit.php on line 62
[07-Apr-2025 18:13:02 UTC] PHP Warning:  Undefined array key "horaEntrada3" in /home/soluctem/sistema.soluctem.com.co/api/submit.php on line 63
[07-Apr-2025 18:13:02 UTC] PHP Warning:  Undefined array key "horaSalida3" in /home/soluctem/sistema.soluctem.com.co/api/submit.php on line 64
[07-Apr-2025 18:13:02 UTC] PHP Warning:  Undefined array key "contratista4" in /home/soluctem/sistema.soluctem.com.co/api/submit.php on line 65
[07-Apr-2025 18:13:02 UTC] PHP Warning:  Undefined array key "cedula4" in /home/soluctem/sistema.soluctem.com.co/api/submit.php on line 66
[07-Apr-2025 18:13:02 UTC] PHP Warning:  Undefined array key "horaEntrada4" in /home/soluctem/sistema.soluctem.com.co/api/submit.php on line 67
[07-Apr-2025 18:13:02 UTC] PHP Warning:  Undefined array key "horaSalida4" in /home/soluctem/sistema.soluctem.com.co/api/submit.php on line 68
[07-Apr-2025 18:13:02 UTC] PHP Warning:  Undefined array key "nombreFuncionario" in /home/soluctem/sistema.soluctem.com.co/api/submit.php on line 69
[07-Apr-2025 18:13:02 UTC] PHP Warning:  Undefined array key "cedulaFuncionario" in /home/soluctem/sistema.soluctem.com.co/api/submit.php on line 70
[07-Apr-2025 18:13:02 UTC] PHP Warning:  Undefined array key "cargoFuncionario" in /home/soluctem/sistema.soluctem.com.co/api/submit.php on line 71
[07-Apr-2025 18:13:02 UTC] PHP Warning:  Undefined array key "sapFuncionario" in /home/soluctem/sistema.soluctem.com.co/api/submit.php on line 72
[07-Apr-2025 18:13:02 UTC] PHP Warning:  Undefined array key "timestamp" in /home/soluctem/sistema.soluctem.com.co/api/submit.php on line 73
[07-Apr-2025 18:13:02 UTC] PHP Warning:  Undefined array key "asistenciaReparacion" in /home/soluctem/sistema.soluctem.com.co/api/submit.php on line 74
[07-Apr-2025 18:13:02 UTC] PHP Warning:  Undefined array key "asistenciaGarantia" in /home/soluctem/sistema.soluctem.com.co/api/submit.php on line 75
[07-Apr-2025 18:13:02 UTC] PHP Warning:  Undefined array key "asistenciaAjuste" in /home/soluctem/sistema.soluctem.com.co/api/submit.php on line 76
[07-Apr-2025 18:13:02 UTC] PHP Warning:  Undefined array key "asistenciaModificacion" in /home/soluctem/sistema.soluctem.com.co/api/submit.php on line 77
[07-Apr-2025 18:13:02 UTC] PHP Warning:  Undefined array key "asistenciaServicio" in /home/soluctem/sistema.soluctem.com.co/api/submit.php on line 78
[07-Apr-2025 18:13:02 UTC] PHP Warning:  Undefined array key "asistenciaMejora" in /home/soluctem/sistema.soluctem.com.co/api/submit.php on line 79
[07-Apr-2025 18:13:02 UTC] PHP Warning:  Undefined array key "asistenciaCombinacion" in /home/soluctem/sistema.soluctem.com.co/api/submit.php on line 80
[07-Apr-2025 18:13:02 UTC] PHP Warning:  Undefined array key "fallaOperacion" in /home/soluctem/sistema.soluctem.com.co/api/submit.php on line 81
[07-Apr-2025 18:13:02 UTC] PHP Warning:  Undefined array key "fallaMecanica" in /home/soluctem/sistema.soluctem.com.co/api/submit.php on line 82
[07-Apr-2025 18:13:02 UTC] PHP Warning:  Undefined array key "fallaElectrica" in /home/soluctem/sistema.soluctem.com.co/api/submit.php on line 83
[07-Apr-2025 18:13:02 UTC] PHP Warning:  Undefined array key "fallaTerceros" in /home/soluctem/sistema.soluctem.com.co/api/submit.php on line 84
[07-Apr-2025 18:13:02 UTC] PHP Warning:  Undefined array key "fallaFabricacion" in /home/soluctem/sistema.soluctem.com.co/api/submit.php on line 85
[07-Apr-2025 18:13:02 UTC] PHP Warning:  Undefined array key "firma_digital_cliente" in /home/soluctem/sistema.soluctem.com.co/api/submit.php on line 86
[07-Apr-2025 18:13:02 UTC] PHP Warning:  Undefined array key "firma_digital_tecnico" in /home/soluctem/sistema.soluctem.com.co/api/submit.php on line 87
[09-Apr-2025 13:11:45 UTC] PHP Fatal error:  Uncaught mysqli_sql_exception: No such file or directory in /home/soluctem/sistema.soluctem.com.co/api/submit.php:17
Stack trace:
#0 /home/soluctem/sistema.soluctem.com.co/api/submit.php(17): mysqli->__construct()
#1 {main}
  thrown in /home/soluctem/sistema.soluctem.com.co/api/submit.php on line 17
[15-Apr-2025 11:25:00 UTC] PHP Warning:  Undefined array key "nombreSolicitante" in /home/soluctem/sistema.soluctem.com.co/api/submit.php on line 28
[15-Apr-2025 11:25:00 UTC] PHP Warning:  Undefined array key "cargo" in /home/soluctem/sistema.soluctem.com.co/api/submit.php on line 29
[15-Apr-2025 11:25:00 UTC] PHP Warning:  Undefined array key "nombreTienda" in /home/soluctem/sistema.soluctem.com.co/api/submit.php on line 30
[15-Apr-2025 11:25:00 UTC] PHP Warning:  Undefined array key "numeroTienda" in /home/soluctem/sistema.soluctem.com.co/api/submit.php on line 31
[15-Apr-2025 11:25:00 UTC] PHP Warning:  Undefined array key "numeroTicket" in /home/soluctem/sistema.soluctem.com.co/api/submit.php on line 32
[15-Apr-2025 11:25:00 UTC] PHP Warning:  Undefined array key "fecha" in /home/soluctem/sistema.soluctem.com.co/api/submit.php on line 33
[15-Apr-2025 11:25:00 UTC] PHP Warning:  Undefined array key "municipio" in /home/soluctem/sistema.soluctem.com.co/api/submit.php on line 34
[15-Apr-2025 11:25:00 UTC] PHP Warning:  Undefined array key "departamento" in /home/soluctem/sistema.soluctem.com.co/api/submit.php on line 35
[15-Apr-2025 11:25:00 UTC] PHP Warning:  Undefined array key "nombreEquipo" in /home/soluctem/sistema.soluctem.com.co/api/submit.php on line 36
[15-Apr-2025 11:25:00 UTC] PHP Warning:  Undefined array key "marca" in /home/soluctem/sistema.soluctem.com.co/api/submit.php on line 37
[15-Apr-2025 11:25:00 UTC] PHP Warning:  Undefined array key "serial" in /home/soluctem/sistema.soluctem.com.co/api/submit.php on line 38
[15-Apr-2025 11:25:00 UTC] PHP Warning:  Undefined array key "descripcionFalla" in /home/soluctem/sistema.soluctem.com.co/api/submit.php on line 39
[15-Apr-2025 11:25:00 UTC] PHP Warning:  Undefined array key "diagnosticoTecnico" in /home/soluctem/sistema.soluctem.com.co/api/submit.php on line 40
[15-Apr-2025 11:25:00 UTC] PHP Warning:  Undefined array key "repuestosCambiados" in /home/soluctem/sistema.soluctem.com.co/api/submit.php on line 41
[15-Apr-2025 11:25:00 UTC] PHP Warning:  Undefined array key "observaciones" in /home/soluctem/sistema.soluctem.com.co/api/submit.php on line 42
[15-Apr-2025 11:25:00 UTC] PHP Warning:  Undefined array key "seguridadRiesgoAccidentalidad" in /home/soluctem/sistema.soluctem.com.co/api/submit.php on line 43
[15-Apr-2025 11:25:00 UTC] PHP Warning:  Undefined array key "seguridadRiesgoEquipo" in /home/soluctem/sistema.soluctem.com.co/api/submit.php on line 44
[15-Apr-2025 11:25:00 UTC] PHP Warning:  Undefined array key "funcionamientoFallaSolucionada" in /home/soluctem/sistema.soluctem.com.co/api/submit.php on line 45
[15-Apr-2025 11:25:00 UTC] PHP Warning:  Undefined array key "funcionamientoPasosNormales" in /home/soluctem/sistema.soluctem.com.co/api/submit.php on line 46
[15-Apr-2025 11:25:00 UTC] PHP Warning:  Undefined array key "calidadTrabajo" in /home/soluctem/sistema.soluctem.com.co/api/submit.php on line 47
[15-Apr-2025 11:25:00 UTC] PHP Warning:  Undefined array key "limpiezaOrganizacionArmado" in /home/soluctem/sistema.soluctem.com.co/api/submit.php on line 48
[15-Apr-2025 11:25:00 UTC] PHP Warning:  Undefined array key "limpiezaOrganizacionAseado" in /home/soluctem/sistema.soluctem.com.co/api/submit.php on line 49
[15-Apr-2025 11:25:00 UTC] PHP Warning:  Undefined array key "capacitacionCausa" in /home/soluctem/sistema.soluctem.com.co/api/submit.php on line 50
[15-Apr-2025 11:25:00 UTC] PHP Warning:  Undefined array key "capacitacionPrevencion" in /home/soluctem/sistema.soluctem.com.co/api/submit.php on line 51
[15-Apr-2025 11:25:00 UTC] PHP Warning:  Undefined array key "capacitacionAccion" in /home/soluctem/sistema.soluctem.com.co/api/submit.php on line 52
[15-Apr-2025 11:25:00 UTC] PHP Warning:  Undefined array key "contratista1" in /home/soluctem/sistema.soluctem.com.co/api/submit.php on line 53
[15-Apr-2025 11:25:00 UTC] PHP Warning:  Undefined array key "cedula1" in /home/soluctem/sistema.soluctem.com.co/api/submit.php on line 54
[15-Apr-2025 11:25:00 UTC] PHP Warning:  Undefined array key "horaEntrada1" in /home/soluctem/sistema.soluctem.com.co/api/submit.php on line 55
[15-Apr-2025 11:25:00 UTC] PHP Warning:  Undefined array key "horaSalida1" in /home/soluctem/sistema.soluctem.com.co/api/submit.php on line 56
[15-Apr-2025 11:25:00 UTC] PHP Warning:  Undefined array key "contratista2" in /home/soluctem/sistema.soluctem.com.co/api/submit.php on line 57
[15-Apr-2025 11:25:00 UTC] PHP Warning:  Undefined array key "cedula2" in /home/soluctem/sistema.soluctem.com.co/api/submit.php on line 58
[15-Apr-2025 11:25:00 UTC] PHP Warning:  Undefined array key "horaEntrada2" in /home/soluctem/sistema.soluctem.com.co/api/submit.php on line 59
[15-Apr-2025 11:25:00 UTC] PHP Warning:  Undefined array key "horaSalida2" in /home/soluctem/sistema.soluctem.com.co/api/submit.php on line 60
[15-Apr-2025 11:25:00 UTC] PHP Warning:  Undefined array key "contratista3" in /home/soluctem/sistema.soluctem.com.co/api/submit.php on line 61
[15-Apr-2025 11:25:00 UTC] PHP Warning:  Undefined array key "cedula3" in /home/soluctem/sistema.soluctem.com.co/api/submit.php on line 62
[15-Apr-2025 11:25:00 UTC] PHP Warning:  Undefined array key "horaEntrada3" in /home/soluctem/sistema.soluctem.com.co/api/submit.php on line 63
[15-Apr-2025 11:25:00 UTC] PHP Warning:  Undefined array key "horaSalida3" in /home/soluctem/sistema.soluctem.com.co/api/submit.php on line 64
[15-Apr-2025 11:25:00 UTC] PHP Warning:  Undefined array key "contratista4" in /home/soluctem/sistema.soluctem.com.co/api/submit.php on line 65
[15-Apr-2025 11:25:00 UTC] PHP Warning:  Undefined array key "cedula4" in /home/soluctem/sistema.soluctem.com.co/api/submit.php on line 66
[15-Apr-2025 11:25:00 UTC] PHP Warning:  Undefined array key "horaEntrada4" in /home/soluctem/sistema.soluctem.com.co/api/submit.php on line 67
[15-Apr-2025 11:25:00 UTC] PHP Warning:  Undefined array key "horaSalida4" in /home/soluctem/sistema.soluctem.com.co/api/submit.php on line 68
[15-Apr-2025 11:25:00 UTC] PHP Warning:  Undefined array key "nombreFuncionario" in /home/soluctem/sistema.soluctem.com.co/api/submit.php on line 69
[15-Apr-2025 11:25:00 UTC] PHP Warning:  Undefined array key "cedulaFuncionario" in /home/soluctem/sistema.soluctem.com.co/api/submit.php on line 70
[15-Apr-2025 11:25:00 UTC] PHP Warning:  Undefined array key "cargoFuncionario" in /home/soluctem/sistema.soluctem.com.co/api/submit.php on line 71
[15-Apr-2025 11:25:00 UTC] PHP Warning:  Undefined array key "sapFuncionario" in /home/soluctem/sistema.soluctem.com.co/api/submit.php on line 72
[15-Apr-2025 11:25:00 UTC] PHP Warning:  Undefined array key "timestamp" in /home/soluctem/sistema.soluctem.com.co/api/submit.php on line 73
[15-Apr-2025 11:25:00 UTC] PHP Warning:  Undefined array key "asistenciaReparacion" in /home/soluctem/sistema.soluctem.com.co/api/submit.php on line 74
[15-Apr-2025 11:25:00 UTC] PHP Warning:  Undefined array key "asistenciaGarantia" in /home/soluctem/sistema.soluctem.com.co/api/submit.php on line 75
[15-Apr-2025 11:25:00 UTC] PHP Warning:  Undefined array key "asistenciaAjuste" in /home/soluctem/sistema.soluctem.com.co/api/submit.php on line 76
[15-Apr-2025 11:25:00 UTC] PHP Warning:  Undefined array key "asistenciaModificacion" in /home/soluctem/sistema.soluctem.com.co/api/submit.php on line 77
[15-Apr-2025 11:25:00 UTC] PHP Warning:  Undefined array key "asistenciaServicio" in /home/soluctem/sistema.soluctem.com.co/api/submit.php on line 78
[15-Apr-2025 11:25:00 UTC] PHP Warning:  Undefined array key "asistenciaMejora" in /home/soluctem/sistema.soluctem.com.co/api/submit.php on line 79
[15-Apr-2025 11:25:00 UTC] PHP Warning:  Undefined array key "asistenciaCombinacion" in /home/soluctem/sistema.soluctem.com.co/api/submit.php on line 80
[15-Apr-2025 11:25:00 UTC] PHP Warning:  Undefined array key "fallaOperacion" in /home/soluctem/sistema.soluctem.com.co/api/submit.php on line 81
[15-Apr-2025 11:25:00 UTC] PHP Warning:  Undefined array key "fallaMecanica" in /home/soluctem/sistema.soluctem.com.co/api/submit.php on line 82
[15-Apr-2025 11:25:00 UTC] PHP Warning:  Undefined array key "fallaElectrica" in /home/soluctem/sistema.soluctem.com.co/api/submit.php on line 83
[15-Apr-2025 11:25:00 UTC] PHP Warning:  Undefined array key "fallaTerceros" in /home/soluctem/sistema.soluctem.com.co/api/submit.php on line 84
[15-Apr-2025 11:25:00 UTC] PHP Warning:  Undefined array key "fallaFabricacion" in /home/soluctem/sistema.soluctem.com.co/api/submit.php on line 85
[15-Apr-2025 11:25:00 UTC] PHP Warning:  Undefined array key "firma_digital_cliente" in /home/soluctem/sistema.soluctem.com.co/api/submit.php on line 86
[15-Apr-2025 11:25:00 UTC] PHP Warning:  Undefined array key "firma_digital_tecnico" in /home/soluctem/sistema.soluctem.com.co/api/submit.php on line 87
[22-Apr-2025 16:56:17 UTC] PHP Warning:  Undefined array key "nombreSolicitante" in /home/soluctem/sistema.soluctem.com.co/api/submit.php on line 28
[22-Apr-2025 16:56:17 UTC] PHP Warning:  Undefined array key "cargo" in /home/soluctem/sistema.soluctem.com.co/api/submit.php on line 29
[22-Apr-2025 16:56:17 UTC] PHP Warning:  Undefined array key "nombreTienda" in /home/soluctem/sistema.soluctem.com.co/api/submit.php on line 30
[22-Apr-2025 16:56:17 UTC] PHP Warning:  Undefined array key "numeroTienda" in /home/soluctem/sistema.soluctem.com.co/api/submit.php on line 31
[22-Apr-2025 16:56:17 UTC] PHP Warning:  Undefined array key "numeroTicket" in /home/soluctem/sistema.soluctem.com.co/api/submit.php on line 32
[22-Apr-2025 16:56:17 UTC] PHP Warning:  Undefined array key "fecha" in /home/soluctem/sistema.soluctem.com.co/api/submit.php on line 33
[22-Apr-2025 16:56:17 UTC] PHP Warning:  Undefined array key "municipio" in /home/soluctem/sistema.soluctem.com.co/api/submit.php on line 34
[22-Apr-2025 16:56:17 UTC] PHP Warning:  Undefined array key "departamento" in /home/soluctem/sistema.soluctem.com.co/api/submit.php on line 35
[22-Apr-2025 16:56:17 UTC] PHP Warning:  Undefined array key "nombreEquipo" in /home/soluctem/sistema.soluctem.com.co/api/submit.php on line 36
[22-Apr-2025 16:56:17 UTC] PHP Warning:  Undefined array key "marca" in /home/soluctem/sistema.soluctem.com.co/api/submit.php on line 37
[22-Apr-2025 16:56:17 UTC] PHP Warning:  Undefined array key "serial" in /home/soluctem/sistema.soluctem.com.co/api/submit.php on line 38
[22-Apr-2025 16:56:17 UTC] PHP Warning:  Undefined array key "descripcionFalla" in /home/soluctem/sistema.soluctem.com.co/api/submit.php on line 39
[22-Apr-2025 16:56:17 UTC] PHP Warning:  Undefined array key "diagnosticoTecnico" in /home/soluctem/sistema.soluctem.com.co/api/submit.php on line 40
[22-Apr-2025 16:56:17 UTC] PHP Warning:  Undefined array key "repuestosCambiados" in /home/soluctem/sistema.soluctem.com.co/api/submit.php on line 41
[22-Apr-2025 16:56:17 UTC] PHP Warning:  Undefined array key "observaciones" in /home/soluctem/sistema.soluctem.com.co/api/submit.php on line 42
[22-Apr-2025 16:56:17 UTC] PHP Warning:  Undefined array key "seguridadRiesgoAccidentalidad" in /home/soluctem/sistema.soluctem.com.co/api/submit.php on line 43
[22-Apr-2025 16:56:17 UTC] PHP Warning:  Undefined array key "seguridadRiesgoEquipo" in /home/soluctem/sistema.soluctem.com.co/api/submit.php on line 44
[22-Apr-2025 16:56:17 UTC] PHP Warning:  Undefined array key "funcionamientoFallaSolucionada" in /home/soluctem/sistema.soluctem.com.co/api/submit.php on line 45
[22-Apr-2025 16:56:17 UTC] PHP Warning:  Undefined array key "funcionamientoPasosNormales" in /home/soluctem/sistema.soluctem.com.co/api/submit.php on line 46
[22-Apr-2025 16:56:17 UTC] PHP Warning:  Undefined array key "calidadTrabajo" in /home/soluctem/sistema.soluctem.com.co/api/submit.php on line 47
[22-Apr-2025 16:56:17 UTC] PHP Warning:  Undefined array key "limpiezaOrganizacionArmado" in /home/soluctem/sistema.soluctem.com.co/api/submit.php on line 48
[22-Apr-2025 16:56:17 UTC] PHP Warning:  Undefined array key "limpiezaOrganizacionAseado" in /home/soluctem/sistema.soluctem.com.co/api/submit.php on line 49
[22-Apr-2025 16:56:17 UTC] PHP Warning:  Undefined array key "capacitacionCausa" in /home/soluctem/sistema.soluctem.com.co/api/submit.php on line 50
[22-Apr-2025 16:56:17 UTC] PHP Warning:  Undefined array key "capacitacionPrevencion" in /home/soluctem/sistema.soluctem.com.co/api/submit.php on line 51
[22-Apr-2025 16:56:17 UTC] PHP Warning:  Undefined array key "capacitacionAccion" in /home/soluctem/sistema.soluctem.com.co/api/submit.php on line 52
[22-Apr-2025 16:56:17 UTC] PHP Warning:  Undefined array key "contratista1" in /home/soluctem/sistema.soluctem.com.co/api/submit.php on line 53
[22-Apr-2025 16:56:17 UTC] PHP Warning:  Undefined array key "cedula1" in /home/soluctem/sistema.soluctem.com.co/api/submit.php on line 54
[22-Apr-2025 16:56:17 UTC] PHP Warning:  Undefined array key "horaEntrada1" in /home/soluctem/sistema.soluctem.com.co/api/submit.php on line 55
[22-Apr-2025 16:56:17 UTC] PHP Warning:  Undefined array key "horaSalida1" in /home/soluctem/sistema.soluctem.com.co/api/submit.php on line 56
[22-Apr-2025 16:56:17 UTC] PHP Warning:  Undefined array key "contratista2" in /home/soluctem/sistema.soluctem.com.co/api/submit.php on line 57
[22-Apr-2025 16:56:17 UTC] PHP Warning:  Undefined array key "cedula2" in /home/soluctem/sistema.soluctem.com.co/api/submit.php on line 58
[22-Apr-2025 16:56:17 UTC] PHP Warning:  Undefined array key "horaEntrada2" in /home/soluctem/sistema.soluctem.com.co/api/submit.php on line 59
[22-Apr-2025 16:56:17 UTC] PHP Warning:  Undefined array key "horaSalida2" in /home/soluctem/sistema.soluctem.com.co/api/submit.php on line 60
[22-Apr-2025 16:56:17 UTC] PHP Warning:  Undefined array key "contratista3" in /home/soluctem/sistema.soluctem.com.co/api/submit.php on line 61
[22-Apr-2025 16:56:17 UTC] PHP Warning:  Undefined array key "cedula3" in /home/soluctem/sistema.soluctem.com.co/api/submit.php on line 62
[22-Apr-2025 16:56:17 UTC] PHP Warning:  Undefined array key "horaEntrada3" in /home/soluctem/sistema.soluctem.com.co/api/submit.php on line 63
[22-Apr-2025 16:56:17 UTC] PHP Warning:  Undefined array key "horaSalida3" in /home/soluctem/sistema.soluctem.com.co/api/submit.php on line 64
[22-Apr-2025 16:56:17 UTC] PHP Warning:  Undefined array key "contratista4" in /home/soluctem/sistema.soluctem.com.co/api/submit.php on line 65
[22-Apr-2025 16:56:17 UTC] PHP Warning:  Undefined array key "cedula4" in /home/soluctem/sistema.soluctem.com.co/api/submit.php on line 66
[22-Apr-2025 16:56:17 UTC] PHP Warning:  Undefined array key "horaEntrada4" in /home/soluctem/sistema.soluctem.com.co/api/submit.php on line 67
[22-Apr-2025 16:56:17 UTC] PHP Warning:  Undefined array key "horaSalida4" in /home/soluctem/sistema.soluctem.com.co/api/submit.php on line 68
[22-Apr-2025 16:56:17 UTC] PHP Warning:  Undefined array key "nombreFuncionario" in /home/soluctem/sistema.soluctem.com.co/api/submit.php on line 69
[22-Apr-2025 16:56:17 UTC] PHP Warning:  Undefined array key "cedulaFuncionario" in /home/soluctem/sistema.soluctem.com.co/api/submit.php on line 70
[22-Apr-2025 16:56:17 UTC] PHP Warning:  Undefined array key "cargoFuncionario" in /home/soluctem/sistema.soluctem.com.co/api/submit.php on line 71
[22-Apr-2025 16:56:17 UTC] PHP Warning:  Undefined array key "sapFuncionario" in /home/soluctem/sistema.soluctem.com.co/api/submit.php on line 72
[22-Apr-2025 16:56:17 UTC] PHP Warning:  Undefined array key "timestamp" in /home/soluctem/sistema.soluctem.com.co/api/submit.php on line 73
[22-Apr-2025 16:56:17 UTC] PHP Warning:  Undefined array key "asistenciaReparacion" in /home/soluctem/sistema.soluctem.com.co/api/submit.php on line 74
[22-Apr-2025 16:56:17 UTC] PHP Warning:  Undefined array key "asistenciaGarantia" in /home/soluctem/sistema.soluctem.com.co/api/submit.php on line 75
[22-Apr-2025 16:56:17 UTC] PHP Warning:  Undefined array key "asistenciaAjuste" in /home/soluctem/sistema.soluctem.com.co/api/submit.php on line 76
[22-Apr-2025 16:56:17 UTC] PHP Warning:  Undefined array key "asistenciaModificacion" in /home/soluctem/sistema.soluctem.com.co/api/submit.php on line 77
[22-Apr-2025 16:56:17 UTC] PHP Warning:  Undefined array key "asistenciaServicio" in /home/soluctem/sistema.soluctem.com.co/api/submit.php on line 78
[22-Apr-2025 16:56:17 UTC] PHP Warning:  Undefined array key "asistenciaMejora" in /home/soluctem/sistema.soluctem.com.co/api/submit.php on line 79
[22-Apr-2025 16:56:17 UTC] PHP Warning:  Undefined array key "asistenciaCombinacion" in /home/soluctem/sistema.soluctem.com.co/api/submit.php on line 80
[22-Apr-2025 16:56:17 UTC] PHP Warning:  Undefined array key "fallaOperacion" in /home/soluctem/sistema.soluctem.com.co/api/submit.php on line 81
[22-Apr-2025 16:56:17 UTC] PHP Warning:  Undefined array key "fallaMecanica" in /home/soluctem/sistema.soluctem.com.co/api/submit.php on line 82
[22-Apr-2025 16:56:17 UTC] PHP Warning:  Undefined array key "fallaElectrica" in /home/soluctem/sistema.soluctem.com.co/api/submit.php on line 83
[22-Apr-2025 16:56:17 UTC] PHP Warning:  Undefined array key "fallaTerceros" in /home/soluctem/sistema.soluctem.com.co/api/submit.php on line 84
[22-Apr-2025 16:56:17 UTC] PHP Warning:  Undefined array key "fallaFabricacion" in /home/soluctem/sistema.soluctem.com.co/api/submit.php on line 85
[22-Apr-2025 16:56:17 UTC] PHP Warning:  Undefined array key "firma_digital_cliente" in /home/soluctem/sistema.soluctem.com.co/api/submit.php on line 86
[22-Apr-2025 16:56:17 UTC] PHP Warning:  Undefined array key "firma_digital_tecnico" in /home/soluctem/sistema.soluctem.com.co/api/submit.php on line 87
[28-Apr-2025 18:24:14 UTC] PHP Warning:  Undefined array key "nombreSolicitante" in /home/soluctem/sistema.soluctem.com.co/api/submit.php on line 28
[28-Apr-2025 18:24:14 UTC] PHP Warning:  Undefined array key "cargo" in /home/soluctem/sistema.soluctem.com.co/api/submit.php on line 29
[28-Apr-2025 18:24:14 UTC] PHP Warning:  Undefined array key "nombreTienda" in /home/soluctem/sistema.soluctem.com.co/api/submit.php on line 30
[28-Apr-2025 18:24:14 UTC] PHP Warning:  Undefined array key "numeroTienda" in /home/soluctem/sistema.soluctem.com.co/api/submit.php on line 31
[28-Apr-2025 18:24:14 UTC] PHP Warning:  Undefined array key "numeroTicket" in /home/soluctem/sistema.soluctem.com.co/api/submit.php on line 32
[28-Apr-2025 18:24:14 UTC] PHP Warning:  Undefined array key "fecha" in /home/soluctem/sistema.soluctem.com.co/api/submit.php on line 33
[28-Apr-2025 18:24:14 UTC] PHP Warning:  Undefined array key "municipio" in /home/soluctem/sistema.soluctem.com.co/api/submit.php on line 34
[28-Apr-2025 18:24:14 UTC] PHP Warning:  Undefined array key "departamento" in /home/soluctem/sistema.soluctem.com.co/api/submit.php on line 35
[28-Apr-2025 18:24:14 UTC] PHP Warning:  Undefined array key "nombreEquipo" in /home/soluctem/sistema.soluctem.com.co/api/submit.php on line 36
[28-Apr-2025 18:24:14 UTC] PHP Warning:  Undefined array key "marca" in /home/soluctem/sistema.soluctem.com.co/api/submit.php on line 37
[28-Apr-2025 18:24:14 UTC] PHP Warning:  Undefined array key "serial" in /home/soluctem/sistema.soluctem.com.co/api/submit.php on line 38
[28-Apr-2025 18:24:14 UTC] PHP Warning:  Undefined array key "descripcionFalla" in /home/soluctem/sistema.soluctem.com.co/api/submit.php on line 39
[28-Apr-2025 18:24:14 UTC] PHP Warning:  Undefined array key "diagnosticoTecnico" in /home/soluctem/sistema.soluctem.com.co/api/submit.php on line 40
[28-Apr-2025 18:24:14 UTC] PHP Warning:  Undefined array key "repuestosCambiados" in /home/soluctem/sistema.soluctem.com.co/api/submit.php on line 41
[28-Apr-2025 18:24:14 UTC] PHP Warning:  Undefined array key "observaciones" in /home/soluctem/sistema.soluctem.com.co/api/submit.php on line 42
[28-Apr-2025 18:24:14 UTC] PHP Warning:  Undefined array key "seguridadRiesgoAccidentalidad" in /home/soluctem/sistema.soluctem.com.co/api/submit.php on line 43
[28-Apr-2025 18:24:14 UTC] PHP Warning:  Undefined array key "seguridadRiesgoEquipo" in /home/soluctem/sistema.soluctem.com.co/api/submit.php on line 44
[28-Apr-2025 18:24:14 UTC] PHP Warning:  Undefined array key "funcionamientoFallaSolucionada" in /home/soluctem/sistema.soluctem.com.co/api/submit.php on line 45
[28-Apr-2025 18:24:14 UTC] PHP Warning:  Undefined array key "funcionamientoPasosNormales" in /home/soluctem/sistema.soluctem.com.co/api/submit.php on line 46
[28-Apr-2025 18:24:14 UTC] PHP Warning:  Undefined array key "calidadTrabajo" in /home/soluctem/sistema.soluctem.com.co/api/submit.php on line 47
[28-Apr-2025 18:24:14 UTC] PHP Warning:  Undefined array key "limpiezaOrganizacionArmado" in /home/soluctem/sistema.soluctem.com.co/api/submit.php on line 48
[28-Apr-2025 18:24:14 UTC] PHP Warning:  Undefined array key "limpiezaOrganizacionAseado" in /home/soluctem/sistema.soluctem.com.co/api/submit.php on line 49
[28-Apr-2025 18:24:14 UTC] PHP Warning:  Undefined array key "capacitacionCausa" in /home/soluctem/sistema.soluctem.com.co/api/submit.php on line 50
[28-Apr-2025 18:24:14 UTC] PHP Warning:  Undefined array key "capacitacionPrevencion" in /home/soluctem/sistema.soluctem.com.co/api/submit.php on line 51
[28-Apr-2025 18:24:14 UTC] PHP Warning:  Undefined array key "capacitacionAccion" in /home/soluctem/sistema.soluctem.com.co/api/submit.php on line 52
[28-Apr-2025 18:24:14 UTC] PHP Warning:  Undefined array key "contratista1" in /home/soluctem/sistema.soluctem.com.co/api/submit.php on line 53
[28-Apr-2025 18:24:14 UTC] PHP Warning:  Undefined array key "cedula1" in /home/soluctem/sistema.soluctem.com.co/api/submit.php on line 54
[28-Apr-2025 18:24:14 UTC] PHP Warning:  Undefined array key "horaEntrada1" in /home/soluctem/sistema.soluctem.com.co/api/submit.php on line 55
[28-Apr-2025 18:24:14 UTC] PHP Warning:  Undefined array key "horaSalida1" in /home/soluctem/sistema.soluctem.com.co/api/submit.php on line 56
[28-Apr-2025 18:24:14 UTC] PHP Warning:  Undefined array key "contratista2" in /home/soluctem/sistema.soluctem.com.co/api/submit.php on line 57
[28-Apr-2025 18:24:14 UTC] PHP Warning:  Undefined array key "cedula2" in /home/soluctem/sistema.soluctem.com.co/api/submit.php on line 58
[28-Apr-2025 18:24:14 UTC] PHP Warning:  Undefined array key "horaEntrada2" in /home/soluctem/sistema.soluctem.com.co/api/submit.php on line 59
[28-Apr-2025 18:24:14 UTC] PHP Warning:  Undefined array key "horaSalida2" in /home/soluctem/sistema.soluctem.com.co/api/submit.php on line 60
[28-Apr-2025 18:24:14 UTC] PHP Warning:  Undefined array key "contratista3" in /home/soluctem/sistema.soluctem.com.co/api/submit.php on line 61
[28-Apr-2025 18:24:14 UTC] PHP Warning:  Undefined array key "cedula3" in /home/soluctem/sistema.soluctem.com.co/api/submit.php on line 62
[28-Apr-2025 18:24:14 UTC] PHP Warning:  Undefined array key "horaEntrada3" in /home/soluctem/sistema.soluctem.com.co/api/submit.php on line 63
[28-Apr-2025 18:24:14 UTC] PHP Warning:  Undefined array key "horaSalida3" in /home/soluctem/sistema.soluctem.com.co/api/submit.php on line 64
[28-Apr-2025 18:24:14 UTC] PHP Warning:  Undefined array key "contratista4" in /home/soluctem/sistema.soluctem.com.co/api/submit.php on line 65
[28-Apr-2025 18:24:14 UTC] PHP Warning:  Undefined array key "cedula4" in /home/soluctem/sistema.soluctem.com.co/api/submit.php on line 66
[28-Apr-2025 18:24:14 UTC] PHP Warning:  Undefined array key "horaEntrada4" in /home/soluctem/sistema.soluctem.com.co/api/submit.php on line 67
[28-Apr-2025 18:24:14 UTC] PHP Warning:  Undefined array key "horaSalida4" in /home/soluctem/sistema.soluctem.com.co/api/submit.php on line 68
[28-Apr-2025 18:24:14 UTC] PHP Warning:  Undefined array key "nombreFuncionario" in /home/soluctem/sistema.soluctem.com.co/api/submit.php on line 69
[28-Apr-2025 18:24:14 UTC] PHP Warning:  Undefined array key "cedulaFuncionario" in /home/soluctem/sistema.soluctem.com.co/api/submit.php on line 70
[28-Apr-2025 18:24:14 UTC] PHP Warning:  Undefined array key "cargoFuncionario" in /home/soluctem/sistema.soluctem.com.co/api/submit.php on line 71
[28-Apr-2025 18:24:14 UTC] PHP Warning:  Undefined array key "sapFuncionario" in /home/soluctem/sistema.soluctem.com.co/api/submit.php on line 72
[28-Apr-2025 18:24:14 UTC] PHP Warning:  Undefined array key "timestamp" in /home/soluctem/sistema.soluctem.com.co/api/submit.php on line 73
[28-Apr-2025 18:24:14 UTC] PHP Warning:  Undefined array key "asistenciaReparacion" in /home/soluctem/sistema.soluctem.com.co/api/submit.php on line 74
[28-Apr-2025 18:24:14 UTC] PHP Warning:  Undefined array key "asistenciaGarantia" in /home/soluctem/sistema.soluctem.com.co/api/submit.php on line 75
[28-Apr-2025 18:24:14 UTC] PHP Warning:  Undefined array key "asistenciaAjuste" in /home/soluctem/sistema.soluctem.com.co/api/submit.php on line 76
[28-Apr-2025 18:24:14 UTC] PHP Warning:  Undefined array key "asistenciaModificacion" in /home/soluctem/sistema.soluctem.com.co/api/submit.php on line 77
[28-Apr-2025 18:24:14 UTC] PHP Warning:  Undefined array key "asistenciaServicio" in /home/soluctem/sistema.soluctem.com.co/api/submit.php on line 78
[28-Apr-2025 18:24:14 UTC] PHP Warning:  Undefined array key "asistenciaMejora" in /home/soluctem/sistema.soluctem.com.co/api/submit.php on line 79
[28-Apr-2025 18:24:14 UTC] PHP Warning:  Undefined array key "asistenciaCombinacion" in /home/soluctem/sistema.soluctem.com.co/api/submit.php on line 80
[28-Apr-2025 18:24:14 UTC] PHP Warning:  Undefined array key "fallaOperacion" in /home/soluctem/sistema.soluctem.com.co/api/submit.php on line 81
[28-Apr-2025 18:24:14 UTC] PHP Warning:  Undefined array key "fallaMecanica" in /home/soluctem/sistema.soluctem.com.co/api/submit.php on line 82
[28-Apr-2025 18:24:14 UTC] PHP Warning:  Undefined array key "fallaElectrica" in /home/soluctem/sistema.soluctem.com.co/api/submit.php on line 83
[28-Apr-2025 18:24:14 UTC] PHP Warning:  Undefined array key "fallaTerceros" in /home/soluctem/sistema.soluctem.com.co/api/submit.php on line 84
[28-Apr-2025 18:24:14 UTC] PHP Warning:  Undefined array key "fallaFabricacion" in /home/soluctem/sistema.soluctem.com.co/api/submit.php on line 85
[28-Apr-2025 18:24:14 UTC] PHP Warning:  Undefined array key "firma_digital_cliente" in /home/soluctem/sistema.soluctem.com.co/api/submit.php on line 86
[28-Apr-2025 18:24:14 UTC] PHP Warning:  Undefined array key "firma_digital_tecnico" in /home/soluctem/sistema.soluctem.com.co/api/submit.php on line 87
[28-Apr-2025 20:15:33 UTC] PHP Warning:  Undefined array key "nombreSolicitante" in /home/soluctem/sistema.soluctem.com.co/api/submit.php on line 28
[28-Apr-2025 20:15:33 UTC] PHP Warning:  Undefined array key "cargo" in /home/soluctem/sistema.soluctem.com.co/api/submit.php on line 29
[28-Apr-2025 20:15:33 UTC] PHP Warning:  Undefined array key "nombreTienda" in /home/soluctem/sistema.soluctem.com.co/api/submit.php on line 30
[28-Apr-2025 20:15:33 UTC] PHP Warning:  Undefined array key "numeroTienda" in /home/soluctem/sistema.soluctem.com.co/api/submit.php on line 31
[28-Apr-2025 20:15:33 UTC] PHP Warning:  Undefined array key "numeroTicket" in /home/soluctem/sistema.soluctem.com.co/api/submit.php on line 32
[28-Apr-2025 20:15:33 UTC] PHP Warning:  Undefined array key "fecha" in /home/soluctem/sistema.soluctem.com.co/api/submit.php on line 33
[28-Apr-2025 20:15:33 UTC] PHP Warning:  Undefined array key "municipio" in /home/soluctem/sistema.soluctem.com.co/api/submit.php on line 34
[28-Apr-2025 20:15:33 UTC] PHP Warning:  Undefined array key "departamento" in /home/soluctem/sistema.soluctem.com.co/api/submit.php on line 35
[28-Apr-2025 20:15:33 UTC] PHP Warning:  Undefined array key "nombreEquipo" in /home/soluctem/sistema.soluctem.com.co/api/submit.php on line 36
[28-Apr-2025 20:15:33 UTC] PHP Warning:  Undefined array key "marca" in /home/soluctem/sistema.soluctem.com.co/api/submit.php on line 37
[28-Apr-2025 20:15:33 UTC] PHP Warning:  Undefined array key "serial" in /home/soluctem/sistema.soluctem.com.co/api/submit.php on line 38
[28-Apr-2025 20:15:33 UTC] PHP Warning:  Undefined array key "descripcionFalla" in /home/soluctem/sistema.soluctem.com.co/api/submit.php on line 39
[28-Apr-2025 20:15:33 UTC] PHP Warning:  Undefined array key "diagnosticoTecnico" in /home/soluctem/sistema.soluctem.com.co/api/submit.php on line 40
[28-Apr-2025 20:15:33 UTC] PHP Warning:  Undefined array key "repuestosCambiados" in /home/soluctem/sistema.soluctem.com.co/api/submit.php on line 41
[28-Apr-2025 20:15:33 UTC] PHP Warning:  Undefined array key "observaciones" in /home/soluctem/sistema.soluctem.com.co/api/submit.php on line 42
[28-Apr-2025 20:15:33 UTC] PHP Warning:  Undefined array key "seguridadRiesgoAccidentalidad" in /home/soluctem/sistema.soluctem.com.co/api/submit.php on line 43
[28-Apr-2025 20:15:33 UTC] PHP Warning:  Undefined array key "seguridadRiesgoEquipo" in /home/soluctem/sistema.soluctem.com.co/api/submit.php on line 44
[28-Apr-2025 20:15:33 UTC] PHP Warning:  Undefined array key "funcionamientoFallaSolucionada" in /home/soluctem/sistema.soluctem.com.co/api/submit.php on line 45
[28-Apr-2025 20:15:33 UTC] PHP Warning:  Undefined array key "funcionamientoPasosNormales" in /home/soluctem/sistema.soluctem.com.co/api/submit.php on line 46
[28-Apr-2025 20:15:33 UTC] PHP Warning:  Undefined array key "calidadTrabajo" in /home/soluctem/sistema.soluctem.com.co/api/submit.php on line 47
[28-Apr-2025 20:15:33 UTC] PHP Warning:  Undefined array key "limpiezaOrganizacionArmado" in /home/soluctem/sistema.soluctem.com.co/api/submit.php on line 48
[28-Apr-2025 20:15:33 UTC] PHP Warning:  Undefined array key "limpiezaOrganizacionAseado" in /home/soluctem/sistema.soluctem.com.co/api/submit.php on line 49
[28-Apr-2025 20:15:33 UTC] PHP Warning:  Undefined array key "capacitacionCausa" in /home/soluctem/sistema.soluctem.com.co/api/submit.php on line 50
[28-Apr-2025 20:15:33 UTC] PHP Warning:  Undefined array key "capacitacionPrevencion" in /home/soluctem/sistema.soluctem.com.co/api/submit.php on line 51
[28-Apr-2025 20:15:33 UTC] PHP Warning:  Undefined array key "capacitacionAccion" in /home/soluctem/sistema.soluctem.com.co/api/submit.php on line 52
[28-Apr-2025 20:15:33 UTC] PHP Warning:  Undefined array key "contratista1" in /home/soluctem/sistema.soluctem.com.co/api/submit.php on line 53
[28-Apr-2025 20:15:33 UTC] PHP Warning:  Undefined array key "cedula1" in /home/soluctem/sistema.soluctem.com.co/api/submit.php on line 54
[28-Apr-2025 20:15:33 UTC] PHP Warning:  Undefined array key "horaEntrada1" in /home/soluctem/sistema.soluctem.com.co/api/submit.php on line 55
[28-Apr-2025 20:15:33 UTC] PHP Warning:  Undefined array key "horaSalida1" in /home/soluctem/sistema.soluctem.com.co/api/submit.php on line 56
[28-Apr-2025 20:15:33 UTC] PHP Warning:  Undefined array key "contratista2" in /home/soluctem/sistema.soluctem.com.co/api/submit.php on line 57
[28-Apr-2025 20:15:33 UTC] PHP Warning:  Undefined array key "cedula2" in /home/soluctem/sistema.soluctem.com.co/api/submit.php on line 58
[28-Apr-2025 20:15:33 UTC] PHP Warning:  Undefined array key "horaEntrada2" in /home/soluctem/sistema.soluctem.com.co/api/submit.php on line 59
[28-Apr-2025 20:15:33 UTC] PHP Warning:  Undefined array key "horaSalida2" in /home/soluctem/sistema.soluctem.com.co/api/submit.php on line 60
[28-Apr-2025 20:15:33 UTC] PHP Warning:  Undefined array key "contratista3" in /home/soluctem/sistema.soluctem.com.co/api/submit.php on line 61
[28-Apr-2025 20:15:33 UTC] PHP Warning:  Undefined array key "cedula3" in /home/soluctem/sistema.soluctem.com.co/api/submit.php on line 62
[28-Apr-2025 20:15:33 UTC] PHP Warning:  Undefined array key "horaEntrada3" in /home/soluctem/sistema.soluctem.com.co/api/submit.php on line 63
[28-Apr-2025 20:15:33 UTC] PHP Warning:  Undefined array key "horaSalida3" in /home/soluctem/sistema.soluctem.com.co/api/submit.php on line 64
[28-Apr-2025 20:15:33 UTC] PHP Warning:  Undefined array key "contratista4" in /home/soluctem/sistema.soluctem.com.co/api/submit.php on line 65
[28-Apr-2025 20:15:33 UTC] PHP Warning:  Undefined array key "cedula4" in /home/soluctem/sistema.soluctem.com.co/api/submit.php on line 66
[28-Apr-2025 20:15:33 UTC] PHP Warning:  Undefined array key "horaEntrada4" in /home/soluctem/sistema.soluctem.com.co/api/submit.php on line 67
[28-Apr-2025 20:15:33 UTC] PHP Warning:  Undefined array key "horaSalida4" in /home/soluctem/sistema.soluctem.com.co/api/submit.php on line 68
[28-Apr-2025 20:15:33 UTC] PHP Warning:  Undefined array key "nombreFuncionario" in /home/soluctem/sistema.soluctem.com.co/api/submit.php on line 69
[28-Apr-2025 20:15:33 UTC] PHP Warning:  Undefined array key "cedulaFuncionario" in /home/soluctem/sistema.soluctem.com.co/api/submit.php on line 70
[28-Apr-2025 20:15:33 UTC] PHP Warning:  Undefined array key "cargoFuncionario" in /home/soluctem/sistema.soluctem.com.co/api/submit.php on line 71
[28-Apr-2025 20:15:33 UTC] PHP Warning:  Undefined array key "sapFuncionario" in /home/soluctem/sistema.soluctem.com.co/api/submit.php on line 72
[28-Apr-2025 20:15:33 UTC] PHP Warning:  Undefined array key "timestamp" in /home/soluctem/sistema.soluctem.com.co/api/submit.php on line 73
[28-Apr-2025 20:15:33 UTC] PHP Warning:  Undefined array key "asistenciaReparacion" in /home/soluctem/sistema.soluctem.com.co/api/submit.php on line 74
[28-Apr-2025 20:15:33 UTC] PHP Warning:  Undefined array key "asistenciaGarantia" in /home/soluctem/sistema.soluctem.com.co/api/submit.php on line 75
[28-Apr-2025 20:15:33 UTC] PHP Warning:  Undefined array key "asistenciaAjuste" in /home/soluctem/sistema.soluctem.com.co/api/submit.php on line 76
[28-Apr-2025 20:15:33 UTC] PHP Warning:  Undefined array key "asistenciaModificacion" in /home/soluctem/sistema.soluctem.com.co/api/submit.php on line 77
[28-Apr-2025 20:15:33 UTC] PHP Warning:  Undefined array key "asistenciaServicio" in /home/soluctem/sistema.soluctem.com.co/api/submit.php on line 78
[28-Apr-2025 20:15:33 UTC] PHP Warning:  Undefined array key "asistenciaMejora" in /home/soluctem/sistema.soluctem.com.co/api/submit.php on line 79
[28-Apr-2025 20:15:33 UTC] PHP Warning:  Undefined array key "asistenciaCombinacion" in /home/soluctem/sistema.soluctem.com.co/api/submit.php on line 80
[28-Apr-2025 20:15:33 UTC] PHP Warning:  Undefined array key "fallaOperacion" in /home/soluctem/sistema.soluctem.com.co/api/submit.php on line 81
[28-Apr-2025 20:15:33 UTC] PHP Warning:  Undefined array key "fallaMecanica" in /home/soluctem/sistema.soluctem.com.co/api/submit.php on line 82
[28-Apr-2025 20:15:33 UTC] PHP Warning:  Undefined array key "fallaElectrica" in /home/soluctem/sistema.soluctem.com.co/api/submit.php on line 83
[28-Apr-2025 20:15:33 UTC] PHP Warning:  Undefined array key "fallaTerceros" in /home/soluctem/sistema.soluctem.com.co/api/submit.php on line 84
[28-Apr-2025 20:15:33 UTC] PHP Warning:  Undefined array key "fallaFabricacion" in /home/soluctem/sistema.soluctem.com.co/api/submit.php on line 85
[28-Apr-2025 20:15:33 UTC] PHP Warning:  Undefined array key "firma_digital_cliente" in /home/soluctem/sistema.soluctem.com.co/api/submit.php on line 86
[28-Apr-2025 20:15:33 UTC] PHP Warning:  Undefined array key "firma_digital_tecnico" in /home/soluctem/sistema.soluctem.com.co/api/submit.php on line 87
[28-Apr-2025 20:18:31 UTC] PHP Warning:  Undefined array key "nombreSolicitante" in /home/soluctem/sistema.soluctem.com.co/api/submit.php on line 28
[28-Apr-2025 20:18:31 UTC] PHP Warning:  Undefined array key "cargo" in /home/soluctem/sistema.soluctem.com.co/api/submit.php on line 29
[28-Apr-2025 20:18:31 UTC] PHP Warning:  Undefined array key "nombreTienda" in /home/soluctem/sistema.soluctem.com.co/api/submit.php on line 30
[28-Apr-2025 20:18:31 UTC] PHP Warning:  Undefined array key "numeroTienda" in /home/soluctem/sistema.soluctem.com.co/api/submit.php on line 31
[28-Apr-2025 20:18:31 UTC] PHP Warning:  Undefined array key "numeroTicket" in /home/soluctem/sistema.soluctem.com.co/api/submit.php on line 32
[28-Apr-2025 20:18:31 UTC] PHP Warning:  Undefined array key "fecha" in /home/soluctem/sistema.soluctem.com.co/api/submit.php on line 33
[28-Apr-2025 20:18:31 UTC] PHP Warning:  Undefined array key "municipio" in /home/soluctem/sistema.soluctem.com.co/api/submit.php on line 34
[28-Apr-2025 20:18:31 UTC] PHP Warning:  Undefined array key "departamento" in /home/soluctem/sistema.soluctem.com.co/api/submit.php on line 35
[28-Apr-2025 20:18:31 UTC] PHP Warning:  Undefined array key "nombreEquipo" in /home/soluctem/sistema.soluctem.com.co/api/submit.php on line 36
[28-Apr-2025 20:18:31 UTC] PHP Warning:  Undefined array key "marca" in /home/soluctem/sistema.soluctem.com.co/api/submit.php on line 37
[28-Apr-2025 20:18:31 UTC] PHP Warning:  Undefined array key "serial" in /home/soluctem/sistema.soluctem.com.co/api/submit.php on line 38
[28-Apr-2025 20:18:31 UTC] PHP Warning:  Undefined array key "descripcionFalla" in /home/soluctem/sistema.soluctem.com.co/api/submit.php on line 39
[28-Apr-2025 20:18:31 UTC] PHP Warning:  Undefined array key "diagnosticoTecnico" in /home/soluctem/sistema.soluctem.com.co/api/submit.php on line 40
[28-Apr-2025 20:18:31 UTC] PHP Warning:  Undefined array key "repuestosCambiados" in /home/soluctem/sistema.soluctem.com.co/api/submit.php on line 41
[28-Apr-2025 20:18:31 UTC] PHP Warning:  Undefined array key "observaciones" in /home/soluctem/sistema.soluctem.com.co/api/submit.php on line 42
[28-Apr-2025 20:18:31 UTC] PHP Warning:  Undefined array key "seguridadRiesgoAccidentalidad" in /home/soluctem/sistema.soluctem.com.co/api/submit.php on line 43
[28-Apr-2025 20:18:31 UTC] PHP Warning:  Undefined array key "seguridadRiesgoEquipo" in /home/soluctem/sistema.soluctem.com.co/api/submit.php on line 44
[28-Apr-2025 20:18:31 UTC] PHP Warning:  Undefined array key "funcionamientoFallaSolucionada" in /home/soluctem/sistema.soluctem.com.co/api/submit.php on line 45
[28-Apr-2025 20:18:31 UTC] PHP Warning:  Undefined array key "funcionamientoPasosNormales" in /home/soluctem/sistema.soluctem.com.co/api/submit.php on line 46
[28-Apr-2025 20:18:31 UTC] PHP Warning:  Undefined array key "calidadTrabajo" in /home/soluctem/sistema.soluctem.com.co/api/submit.php on line 47
[28-Apr-2025 20:18:31 UTC] PHP Warning:  Undefined array key "limpiezaOrganizacionArmado" in /home/soluctem/sistema.soluctem.com.co/api/submit.php on line 48
[28-Apr-2025 20:18:31 UTC] PHP Warning:  Undefined array key "limpiezaOrganizacionAseado" in /home/soluctem/sistema.soluctem.com.co/api/submit.php on line 49
[28-Apr-2025 20:18:31 UTC] PHP Warning:  Undefined array key "capacitacionCausa" in /home/soluctem/sistema.soluctem.com.co/api/submit.php on line 50
[28-Apr-2025 20:18:31 UTC] PHP Warning:  Undefined array key "capacitacionPrevencion" in /home/soluctem/sistema.soluctem.com.co/api/submit.php on line 51
[28-Apr-2025 20:18:31 UTC] PHP Warning:  Undefined array key "capacitacionAccion" in /home/soluctem/sistema.soluctem.com.co/api/submit.php on line 52
[28-Apr-2025 20:18:31 UTC] PHP Warning:  Undefined array key "contratista1" in /home/soluctem/sistema.soluctem.com.co/api/submit.php on line 53
[28-Apr-2025 20:18:31 UTC] PHP Warning:  Undefined array key "cedula1" in /home/soluctem/sistema.soluctem.com.co/api/submit.php on line 54
[28-Apr-2025 20:18:31 UTC] PHP Warning:  Undefined array key "horaEntrada1" in /home/soluctem/sistema.soluctem.com.co/api/submit.php on line 55
[28-Apr-2025 20:18:31 UTC] PHP Warning:  Undefined array key "horaSalida1" in /home/soluctem/sistema.soluctem.com.co/api/submit.php on line 56
[28-Apr-2025 20:18:31 UTC] PHP Warning:  Undefined array key "contratista2" in /home/soluctem/sistema.soluctem.com.co/api/submit.php on line 57
[28-Apr-2025 20:18:31 UTC] PHP Warning:  Undefined array key "cedula2" in /home/soluctem/sistema.soluctem.com.co/api/submit.php on line 58
[28-Apr-2025 20:18:31 UTC] PHP Warning:  Undefined array key "horaEntrada2" in /home/soluctem/sistema.soluctem.com.co/api/submit.php on line 59
[28-Apr-2025 20:18:31 UTC] PHP Warning:  Undefined array key "horaSalida2" in /home/soluctem/sistema.soluctem.com.co/api/submit.php on line 60
[28-Apr-2025 20:18:31 UTC] PHP Warning:  Undefined array key "contratista3" in /home/soluctem/sistema.soluctem.com.co/api/submit.php on line 61
[28-Apr-2025 20:18:31 UTC] PHP Warning:  Undefined array key "cedula3" in /home/soluctem/sistema.soluctem.com.co/api/submit.php on line 62
[28-Apr-2025 20:18:31 UTC] PHP Warning:  Undefined array key "horaEntrada3" in /home/soluctem/sistema.soluctem.com.co/api/submit.php on line 63
[28-Apr-2025 20:18:31 UTC] PHP Warning:  Undefined array key "horaSalida3" in /home/soluctem/sistema.soluctem.com.co/api/submit.php on line 64
[28-Apr-2025 20:18:31 UTC] PHP Warning:  Undefined array key "contratista4" in /home/soluctem/sistema.soluctem.com.co/api/submit.php on line 65
[28-Apr-2025 20:18:31 UTC] PHP Warning:  Undefined array key "cedula4" in /home/soluctem/sistema.soluctem.com.co/api/submit.php on line 66
[28-Apr-2025 20:18:31 UTC] PHP Warning:  Undefined array key "horaEntrada4" in /home/soluctem/sistema.soluctem.com.co/api/submit.php on line 67
[28-Apr-2025 20:18:31 UTC] PHP Warning:  Undefined array key "horaSalida4" in /home/soluctem/sistema.soluctem.com.co/api/submit.php on line 68
[28-Apr-2025 20:18:31 UTC] PHP Warning:  Undefined array key "nombreFuncionario" in /home/soluctem/sistema.soluctem.com.co/api/submit.php on line 69
[28-Apr-2025 20:18:31 UTC] PHP Warning:  Undefined array key "cedulaFuncionario" in /home/soluctem/sistema.soluctem.com.co/api/submit.php on line 70
[28-Apr-2025 20:18:31 UTC] PHP Warning:  Undefined array key "cargoFuncionario" in /home/soluctem/sistema.soluctem.com.co/api/submit.php on line 71
[28-Apr-2025 20:18:31 UTC] PHP Warning:  Undefined array key "sapFuncionario" in /home/soluctem/sistema.soluctem.com.co/api/submit.php on line 72
[28-Apr-2025 20:18:31 UTC] PHP Warning:  Undefined array key "timestamp" in /home/soluctem/sistema.soluctem.com.co/api/submit.php on line 73
[28-Apr-2025 20:18:31 UTC] PHP Warning:  Undefined array key "asistenciaReparacion" in /home/soluctem/sistema.soluctem.com.co/api/submit.php on line 74
[28-Apr-2025 20:18:31 UTC] PHP Warning:  Undefined array key "asistenciaGarantia" in /home/soluctem/sistema.soluctem.com.co/api/submit.php on line 75
[28-Apr-2025 20:18:31 UTC] PHP Warning:  Undefined array key "asistenciaAjuste" in /home/soluctem/sistema.soluctem.com.co/api/submit.php on line 76
[28-Apr-2025 20:18:31 UTC] PHP Warning:  Undefined array key "asistenciaModificacion" in /home/soluctem/sistema.soluctem.com.co/api/submit.php on line 77
[28-Apr-2025 20:18:31 UTC] PHP Warning:  Undefined array key "asistenciaServicio" in /home/soluctem/sistema.soluctem.com.co/api/submit.php on line 78
[28-Apr-2025 20:18:31 UTC] PHP Warning:  Undefined array key "asistenciaMejora" in /home/soluctem/sistema.soluctem.com.co/api/submit.php on line 79
[28-Apr-2025 20:18:31 UTC] PHP Warning:  Undefined array key "asistenciaCombinacion" in /home/soluctem/sistema.soluctem.com.co/api/submit.php on line 80
[28-Apr-2025 20:18:31 UTC] PHP Warning:  Undefined array key "fallaOperacion" in /home/soluctem/sistema.soluctem.com.co/api/submit.php on line 81
[28-Apr-2025 20:18:31 UTC] PHP Warning:  Undefined array key "fallaMecanica" in /home/soluctem/sistema.soluctem.com.co/api/submit.php on line 82
[28-Apr-2025 20:18:31 UTC] PHP Warning:  Undefined array key "fallaElectrica" in /home/soluctem/sistema.soluctem.com.co/api/submit.php on line 83
[28-Apr-2025 20:18:31 UTC] PHP Warning:  Undefined array key "fallaTerceros" in /home/soluctem/sistema.soluctem.com.co/api/submit.php on line 84
[28-Apr-2025 20:18:31 UTC] PHP Warning:  Undefined array key "fallaFabricacion" in /home/soluctem/sistema.soluctem.com.co/api/submit.php on line 85
[28-Apr-2025 20:18:31 UTC] PHP Warning:  Undefined array key "firma_digital_cliente" in /home/soluctem/sistema.soluctem.com.co/api/submit.php on line 86
[28-Apr-2025 20:18:31 UTC] PHP Warning:  Undefined array key "firma_digital_tecnico" in /home/soluctem/sistema.soluctem.com.co/api/submit.php on line 87
[28-Apr-2025 21:45:27 UTC] PHP Warning:  Undefined array key "nombreSolicitante" in /home/soluctem/sistema.soluctem.com.co/api/submit.php on line 28
[28-Apr-2025 21:45:27 UTC] PHP Warning:  Undefined array key "cargo" in /home/soluctem/sistema.soluctem.com.co/api/submit.php on line 29
[28-Apr-2025 21:45:27 UTC] PHP Warning:  Undefined array key "nombreTienda" in /home/soluctem/sistema.soluctem.com.co/api/submit.php on line 30
[28-Apr-2025 21:45:27 UTC] PHP Warning:  Undefined array key "numeroTienda" in /home/soluctem/sistema.soluctem.com.co/api/submit.php on line 31
[28-Apr-2025 21:45:27 UTC] PHP Warning:  Undefined array key "numeroTicket" in /home/soluctem/sistema.soluctem.com.co/api/submit.php on line 32
[28-Apr-2025 21:45:27 UTC] PHP Warning:  Undefined array key "fecha" in /home/soluctem/sistema.soluctem.com.co/api/submit.php on line 33
[28-Apr-2025 21:45:27 UTC] PHP Warning:  Undefined array key "municipio" in /home/soluctem/sistema.soluctem.com.co/api/submit.php on line 34
[28-Apr-2025 21:45:27 UTC] PHP Warning:  Undefined array key "departamento" in /home/soluctem/sistema.soluctem.com.co/api/submit.php on line 35
[28-Apr-2025 21:45:27 UTC] PHP Warning:  Undefined array key "nombreEquipo" in /home/soluctem/sistema.soluctem.com.co/api/submit.php on line 36
[28-Apr-2025 21:45:27 UTC] PHP Warning:  Undefined array key "marca" in /home/soluctem/sistema.soluctem.com.co/api/submit.php on line 37
[28-Apr-2025 21:45:27 UTC] PHP Warning:  Undefined array key "serial" in /home/soluctem/sistema.soluctem.com.co/api/submit.php on line 38
[28-Apr-2025 21:45:27 UTC] PHP Warning:  Undefined array key "descripcionFalla" in /home/soluctem/sistema.soluctem.com.co/api/submit.php on line 39
[28-Apr-2025 21:45:27 UTC] PHP Warning:  Undefined array key "diagnosticoTecnico" in /home/soluctem/sistema.soluctem.com.co/api/submit.php on line 40
[28-Apr-2025 21:45:27 UTC] PHP Warning:  Undefined array key "repuestosCambiados" in /home/soluctem/sistema.soluctem.com.co/api/submit.php on line 41
[28-Apr-2025 21:45:27 UTC] PHP Warning:  Undefined array key "observaciones" in /home/soluctem/sistema.soluctem.com.co/api/submit.php on line 42
[28-Apr-2025 21:45:27 UTC] PHP Warning:  Undefined array key "seguridadRiesgoAccidentalidad" in /home/soluctem/sistema.soluctem.com.co/api/submit.php on line 43
[28-Apr-2025 21:45:27 UTC] PHP Warning:  Undefined array key "seguridadRiesgoEquipo" in /home/soluctem/sistema.soluctem.com.co/api/submit.php on line 44
[28-Apr-2025 21:45:27 UTC] PHP Warning:  Undefined array key "funcionamientoFallaSolucionada" in /home/soluctem/sistema.soluctem.com.co/api/submit.php on line 45
[28-Apr-2025 21:45:27 UTC] PHP Warning:  Undefined array key "funcionamientoPasosNormales" in /home/soluctem/sistema.soluctem.com.co/api/submit.php on line 46
[28-Apr-2025 21:45:27 UTC] PHP Warning:  Undefined array key "calidadTrabajo" in /home/soluctem/sistema.soluctem.com.co/api/submit.php on line 47
[28-Apr-2025 21:45:27 UTC] PHP Warning:  Undefined array key "limpiezaOrganizacionArmado" in /home/soluctem/sistema.soluctem.com.co/api/submit.php on line 48
[28-Apr-2025 21:45:27 UTC] PHP Warning:  Undefined array key "limpiezaOrganizacionAseado" in /home/soluctem/sistema.soluctem.com.co/api/submit.php on line 49
[28-Apr-2025 21:45:27 UTC] PHP Warning:  Undefined array key "capacitacionCausa" in /home/soluctem/sistema.soluctem.com.co/api/submit.php on line 50
[28-Apr-2025 21:45:27 UTC] PHP Warning:  Undefined array key "capacitacionPrevencion" in /home/soluctem/sistema.soluctem.com.co/api/submit.php on line 51
[28-Apr-2025 21:45:27 UTC] PHP Warning:  Undefined array key "capacitacionAccion" in /home/soluctem/sistema.soluctem.com.co/api/submit.php on line 52
[28-Apr-2025 21:45:27 UTC] PHP Warning:  Undefined array key "contratista1" in /home/soluctem/sistema.soluctem.com.co/api/submit.php on line 53
[28-Apr-2025 21:45:27 UTC] PHP Warning:  Undefined array key "cedula1" in /home/soluctem/sistema.soluctem.com.co/api/submit.php on line 54
[28-Apr-2025 21:45:27 UTC] PHP Warning:  Undefined array key "horaEntrada1" in /home/soluctem/sistema.soluctem.com.co/api/submit.php on line 55
[28-Apr-2025 21:45:27 UTC] PHP Warning:  Undefined array key "horaSalida1" in /home/soluctem/sistema.soluctem.com.co/api/submit.php on line 56
[28-Apr-2025 21:45:27 UTC] PHP Warning:  Undefined array key "contratista2" in /home/soluctem/sistema.soluctem.com.co/api/submit.php on line 57
[28-Apr-2025 21:45:27 UTC] PHP Warning:  Undefined array key "cedula2" in /home/soluctem/sistema.soluctem.com.co/api/submit.php on line 58
[28-Apr-2025 21:45:27 UTC] PHP Warning:  Undefined array key "horaEntrada2" in /home/soluctem/sistema.soluctem.com.co/api/submit.php on line 59
[28-Apr-2025 21:45:27 UTC] PHP Warning:  Undefined array key "horaSalida2" in /home/soluctem/sistema.soluctem.com.co/api/submit.php on line 60
[28-Apr-2025 21:45:27 UTC] PHP Warning:  Undefined array key "contratista3" in /home/soluctem/sistema.soluctem.com.co/api/submit.php on line 61
[28-Apr-2025 21:45:27 UTC] PHP Warning:  Undefined array key "cedula3" in /home/soluctem/sistema.soluctem.com.co/api/submit.php on line 62
[28-Apr-2025 21:45:27 UTC] PHP Warning:  Undefined array key "horaEntrada3" in /home/soluctem/sistema.soluctem.com.co/api/submit.php on line 63
[28-Apr-2025 21:45:27 UTC] PHP Warning:  Undefined array key "horaSalida3" in /home/soluctem/sistema.soluctem.com.co/api/submit.php on line 64
[28-Apr-2025 21:45:27 UTC] PHP Warning:  Undefined array key "contratista4" in /home/soluctem/sistema.soluctem.com.co/api/submit.php on line 65
[28-Apr-2025 21:45:27 UTC] PHP Warning:  Undefined array key "cedula4" in /home/soluctem/sistema.soluctem.com.co/api/submit.php on line 66
[28-Apr-2025 21:45:27 UTC] PHP Warning:  Undefined array key "horaEntrada4" in /home/soluctem/sistema.soluctem.com.co/api/submit.php on line 67
[28-Apr-2025 21:45:27 UTC] PHP Warning:  Undefined array key "horaSalida4" in /home/soluctem/sistema.soluctem.com.co/api/submit.php on line 68
[28-Apr-2025 21:45:27 UTC] PHP Warning:  Undefined array key "nombreFuncionario" in /home/soluctem/sistema.soluctem.com.co/api/submit.php on line 69
[28-Apr-2025 21:45:27 UTC] PHP Warning:  Undefined array key "cedulaFuncionario" in /home/soluctem/sistema.soluctem.com.co/api/submit.php on line 70
[28-Apr-2025 21:45:27 UTC] PHP Warning:  Undefined array key "cargoFuncionario" in /home/soluctem/sistema.soluctem.com.co/api/submit.php on line 71
[28-Apr-2025 21:45:27 UTC] PHP Warning:  Undefined array key "sapFuncionario" in /home/soluctem/sistema.soluctem.com.co/api/submit.php on line 72
[28-Apr-2025 21:45:27 UTC] PHP Warning:  Undefined array key "timestamp" in /home/soluctem/sistema.soluctem.com.co/api/submit.php on line 73
[28-Apr-2025 21:45:27 UTC] PHP Warning:  Undefined array key "asistenciaReparacion" in /home/soluctem/sistema.soluctem.com.co/api/submit.php on line 74
[28-Apr-2025 21:45:27 UTC] PHP Warning:  Undefined array key "asistenciaGarantia" in /home/soluctem/sistema.soluctem.com.co/api/submit.php on line 75
[28-Apr-2025 21:45:27 UTC] PHP Warning:  Undefined array key "asistenciaAjuste" in /home/soluctem/sistema.soluctem.com.co/api/submit.php on line 76
[28-Apr-2025 21:45:27 UTC] PHP Warning:  Undefined array key "asistenciaModificacion" in /home/soluctem/sistema.soluctem.com.co/api/submit.php on line 77
[28-Apr-2025 21:45:27 UTC] PHP Warning:  Undefined array key "asistenciaServicio" in /home/soluctem/sistema.soluctem.com.co/api/submit.php on line 78
[28-Apr-2025 21:45:27 UTC] PHP Warning:  Undefined array key "asistenciaMejora" in /home/soluctem/sistema.soluctem.com.co/api/submit.php on line 79
[28-Apr-2025 21:45:27 UTC] PHP Warning:  Undefined array key "asistenciaCombinacion" in /home/soluctem/sistema.soluctem.com.co/api/submit.php on line 80
[28-Apr-2025 21:45:27 UTC] PHP Warning:  Undefined array key "fallaOperacion" in /home/soluctem/sistema.soluctem.com.co/api/submit.php on line 81
[28-Apr-2025 21:45:27 UTC] PHP Warning:  Undefined array key "fallaMecanica" in /home/soluctem/sistema.soluctem.com.co/api/submit.php on line 82
[28-Apr-2025 21:45:27 UTC] PHP Warning:  Undefined array key "fallaElectrica" in /home/soluctem/sistema.soluctem.com.co/api/submit.php on line 83
[28-Apr-2025 21:45:27 UTC] PHP Warning:  Undefined array key "fallaTerceros" in /home/soluctem/sistema.soluctem.com.co/api/submit.php on line 84
[28-Apr-2025 21:45:27 UTC] PHP Warning:  Undefined array key "fallaFabricacion" in /home/soluctem/sistema.soluctem.com.co/api/submit.php on line 85
[28-Apr-2025 21:45:27 UTC] PHP Warning:  Undefined array key "firma_digital_cliente" in /home/soluctem/sistema.soluctem.com.co/api/submit.php on line 86
[28-Apr-2025 21:45:27 UTC] PHP Warning:  Undefined array key "firma_digital_tecnico" in /home/soluctem/sistema.soluctem.com.co/api/submit.php on line 87
[29-Apr-2025 15:50:03 UTC] PHP Warning:  Undefined array key "nombreSolicitante" in /home/soluctem/sistema.soluctem.com.co/api/submit.php on line 28
[29-Apr-2025 15:50:03 UTC] PHP Warning:  Undefined array key "cargo" in /home/soluctem/sistema.soluctem.com.co/api/submit.php on line 29
[29-Apr-2025 15:50:03 UTC] PHP Warning:  Undefined array key "nombreTienda" in /home/soluctem/sistema.soluctem.com.co/api/submit.php on line 30
[29-Apr-2025 15:50:03 UTC] PHP Warning:  Undefined array key "numeroTienda" in /home/soluctem/sistema.soluctem.com.co/api/submit.php on line 31
[29-Apr-2025 15:50:03 UTC] PHP Warning:  Undefined array key "numeroTicket" in /home/soluctem/sistema.soluctem.com.co/api/submit.php on line 32
[29-Apr-2025 15:50:03 UTC] PHP Warning:  Undefined array key "fecha" in /home/soluctem/sistema.soluctem.com.co/api/submit.php on line 33
[29-Apr-2025 15:50:03 UTC] PHP Warning:  Undefined array key "municipio" in /home/soluctem/sistema.soluctem.com.co/api/submit.php on line 34
[29-Apr-2025 15:50:03 UTC] PHP Warning:  Undefined array key "departamento" in /home/soluctem/sistema.soluctem.com.co/api/submit.php on line 35
[29-Apr-2025 15:50:03 UTC] PHP Warning:  Undefined array key "nombreEquipo" in /home/soluctem/sistema.soluctem.com.co/api/submit.php on line 36
[29-Apr-2025 15:50:03 UTC] PHP Warning:  Undefined array key "marca" in /home/soluctem/sistema.soluctem.com.co/api/submit.php on line 37
[29-Apr-2025 15:50:03 UTC] PHP Warning:  Undefined array key "serial" in /home/soluctem/sistema.soluctem.com.co/api/submit.php on line 38
[29-Apr-2025 15:50:03 UTC] PHP Warning:  Undefined array key "descripcionFalla" in /home/soluctem/sistema.soluctem.com.co/api/submit.php on line 39
[29-Apr-2025 15:50:03 UTC] PHP Warning:  Undefined array key "diagnosticoTecnico" in /home/soluctem/sistema.soluctem.com.co/api/submit.php on line 40
[29-Apr-2025 15:50:03 UTC] PHP Warning:  Undefined array key "repuestosCambiados" in /home/soluctem/sistema.soluctem.com.co/api/submit.php on line 41
[29-Apr-2025 15:50:03 UTC] PHP Warning:  Undefined array key "observaciones" in /home/soluctem/sistema.soluctem.com.co/api/submit.php on line 42
[29-Apr-2025 15:50:03 UTC] PHP Warning:  Undefined array key "seguridadRiesgoAccidentalidad" in /home/soluctem/sistema.soluctem.com.co/api/submit.php on line 43
[29-Apr-2025 15:50:03 UTC] PHP Warning:  Undefined array key "seguridadRiesgoEquipo" in /home/soluctem/sistema.soluctem.com.co/api/submit.php on line 44
[29-Apr-2025 15:50:03 UTC] PHP Warning:  Undefined array key "funcionamientoFallaSolucionada" in /home/soluctem/sistema.soluctem.com.co/api/submit.php on line 45
[29-Apr-2025 15:50:03 UTC] PHP Warning:  Undefined array key "funcionamientoPasosNormales" in /home/soluctem/sistema.soluctem.com.co/api/submit.php on line 46
[29-Apr-2025 15:50:03 UTC] PHP Warning:  Undefined array key "calidadTrabajo" in /home/soluctem/sistema.soluctem.com.co/api/submit.php on line 47
[29-Apr-2025 15:50:03 UTC] PHP Warning:  Undefined array key "limpiezaOrganizacionArmado" in /home/soluctem/sistema.soluctem.com.co/api/submit.php on line 48
[29-Apr-2025 15:50:03 UTC] PHP Warning:  Undefined array key "limpiezaOrganizacionAseado" in /home/soluctem/sistema.soluctem.com.co/api/submit.php on line 49
[29-Apr-2025 15:50:03 UTC] PHP Warning:  Undefined array key "capacitacionCausa" in /home/soluctem/sistema.soluctem.com.co/api/submit.php on line 50
[29-Apr-2025 15:50:03 UTC] PHP Warning:  Undefined array key "capacitacionPrevencion" in /home/soluctem/sistema.soluctem.com.co/api/submit.php on line 51
[29-Apr-2025 15:50:03 UTC] PHP Warning:  Undefined array key "capacitacionAccion" in /home/soluctem/sistema.soluctem.com.co/api/submit.php on line 52
[29-Apr-2025 15:50:03 UTC] PHP Warning:  Undefined array key "contratista1" in /home/soluctem/sistema.soluctem.com.co/api/submit.php on line 53
[29-Apr-2025 15:50:03 UTC] PHP Warning:  Undefined array key "cedula1" in /home/soluctem/sistema.soluctem.com.co/api/submit.php on line 54
[29-Apr-2025 15:50:03 UTC] PHP Warning:  Undefined array key "horaEntrada1" in /home/soluctem/sistema.soluctem.com.co/api/submit.php on line 55
[29-Apr-2025 15:50:03 UTC] PHP Warning:  Undefined array key "horaSalida1" in /home/soluctem/sistema.soluctem.com.co/api/submit.php on line 56
[29-Apr-2025 15:50:03 UTC] PHP Warning:  Undefined array key "contratista2" in /home/soluctem/sistema.soluctem.com.co/api/submit.php on line 57
[29-Apr-2025 15:50:03 UTC] PHP Warning:  Undefined array key "cedula2" in /home/soluctem/sistema.soluctem.com.co/api/submit.php on line 58
[29-Apr-2025 15:50:03 UTC] PHP Warning:  Undefined array key "horaEntrada2" in /home/soluctem/sistema.soluctem.com.co/api/submit.php on line 59
[29-Apr-2025 15:50:03 UTC] PHP Warning:  Undefined array key "horaSalida2" in /home/soluctem/sistema.soluctem.com.co/api/submit.php on line 60
[29-Apr-2025 15:50:03 UTC] PHP Warning:  Undefined array key "contratista3" in /home/soluctem/sistema.soluctem.com.co/api/submit.php on line 61
[29-Apr-2025 15:50:03 UTC] PHP Warning:  Undefined array key "cedula3" in /home/soluctem/sistema.soluctem.com.co/api/submit.php on line 62
[29-Apr-2025 15:50:03 UTC] PHP Warning:  Undefined array key "horaEntrada3" in /home/soluctem/sistema.soluctem.com.co/api/submit.php on line 63
[29-Apr-2025 15:50:03 UTC] PHP Warning:  Undefined array key "horaSalida3" in /home/soluctem/sistema.soluctem.com.co/api/submit.php on line 64
[29-Apr-2025 15:50:03 UTC] PHP Warning:  Undefined array key "contratista4" in /home/soluctem/sistema.soluctem.com.co/api/submit.php on line 65
[29-Apr-2025 15:50:03 UTC] PHP Warning:  Undefined array key "cedula4" in /home/soluctem/sistema.soluctem.com.co/api/submit.php on line 66
[29-Apr-2025 15:50:03 UTC] PHP Warning:  Undefined array key "horaEntrada4" in /home/soluctem/sistema.soluctem.com.co/api/submit.php on line 67
[29-Apr-2025 15:50:03 UTC] PHP Warning:  Undefined array key "horaSalida4" in /home/soluctem/sistema.soluctem.com.co/api/submit.php on line 68
[29-Apr-2025 15:50:03 UTC] PHP Warning:  Undefined array key "nombreFuncionario" in /home/soluctem/sistema.soluctem.com.co/api/submit.php on line 69
[29-Apr-2025 15:50:03 UTC] PHP Warning:  Undefined array key "cedulaFuncionario" in /home/soluctem/sistema.soluctem.com.co/api/submit.php on line 70
[29-Apr-2025 15:50:03 UTC] PHP Warning:  Undefined array key "cargoFuncionario" in /home/soluctem/sistema.soluctem.com.co/api/submit.php on line 71
[29-Apr-2025 15:50:03 UTC] PHP Warning:  Undefined array key "sapFuncionario" in /home/soluctem/sistema.soluctem.com.co/api/submit.php on line 72
[29-Apr-2025 15:50:03 UTC] PHP Warning:  Undefined array key "timestamp" in /home/soluctem/sistema.soluctem.com.co/api/submit.php on line 73
[29-Apr-2025 15:50:03 UTC] PHP Warning:  Undefined array key "asistenciaReparacion" in /home/soluctem/sistema.soluctem.com.co/api/submit.php on line 74
[29-Apr-2025 15:50:03 UTC] PHP Warning:  Undefined array key "asistenciaGarantia" in /home/soluctem/sistema.soluctem.com.co/api/submit.php on line 75
[29-Apr-2025 15:50:03 UTC] PHP Warning:  Undefined array key "asistenciaAjuste" in /home/soluctem/sistema.soluctem.com.co/api/submit.php on line 76
[29-Apr-2025 15:50:03 UTC] PHP Warning:  Undefined array key "asistenciaModificacion" in /home/soluctem/sistema.soluctem.com.co/api/submit.php on line 77
[29-Apr-2025 15:50:03 UTC] PHP Warning:  Undefined array key "asistenciaServicio" in /home/soluctem/sistema.soluctem.com.co/api/submit.php on line 78
[29-Apr-2025 15:50:03 UTC] PHP Warning:  Undefined array key "asistenciaMejora" in /home/soluctem/sistema.soluctem.com.co/api/submit.php on line 79
[29-Apr-2025 15:50:03 UTC] PHP Warning:  Undefined array key "asistenciaCombinacion" in /home/soluctem/sistema.soluctem.com.co/api/submit.php on line 80
[29-Apr-2025 15:50:03 UTC] PHP Warning:  Undefined array key "fallaOperacion" in /home/soluctem/sistema.soluctem.com.co/api/submit.php on line 81
[29-Apr-2025 15:50:03 UTC] PHP Warning:  Undefined array key "fallaMecanica" in /home/soluctem/sistema.soluctem.com.co/api/submit.php on line 82
[29-Apr-2025 15:50:03 UTC] PHP Warning:  Undefined array key "fallaElectrica" in /home/soluctem/sistema.soluctem.com.co/api/submit.php on line 83
[29-Apr-2025 15:50:03 UTC] PHP Warning:  Undefined array key "fallaTerceros" in /home/soluctem/sistema.soluctem.com.co/api/submit.php on line 84
[29-Apr-2025 15:50:03 UTC] PHP Warning:  Undefined array key "fallaFabricacion" in /home/soluctem/sistema.soluctem.com.co/api/submit.php on line 85
[29-Apr-2025 15:50:03 UTC] PHP Warning:  Undefined array key "firma_digital_cliente" in /home/soluctem/sistema.soluctem.com.co/api/submit.php on line 86
[29-Apr-2025 15:50:03 UTC] PHP Warning:  Undefined array key "firma_digital_tecnico" in /home/soluctem/sistema.soluctem.com.co/api/submit.php on line 87
[29-Apr-2025 17:54:28 UTC] PHP Warning:  Undefined array key "nombreSolicitante" in /home/soluctem/sistema.soluctem.com.co/api/submit.php on line 28
[29-Apr-2025 17:54:28 UTC] PHP Warning:  Undefined array key "cargo" in /home/soluctem/sistema.soluctem.com.co/api/submit.php on line 29
[29-Apr-2025 17:54:28 UTC] PHP Warning:  Undefined array key "nombreTienda" in /home/soluctem/sistema.soluctem.com.co/api/submit.php on line 30
[29-Apr-2025 17:54:28 UTC] PHP Warning:  Undefined array key "numeroTienda" in /home/soluctem/sistema.soluctem.com.co/api/submit.php on line 31
[29-Apr-2025 17:54:28 UTC] PHP Warning:  Undefined array key "numeroTicket" in /home/soluctem/sistema.soluctem.com.co/api/submit.php on line 32
[29-Apr-2025 17:54:28 UTC] PHP Warning:  Undefined array key "fecha" in /home/soluctem/sistema.soluctem.com.co/api/submit.php on line 33
[29-Apr-2025 17:54:28 UTC] PHP Warning:  Undefined array key "municipio" in /home/soluctem/sistema.soluctem.com.co/api/submit.php on line 34
[29-Apr-2025 17:54:28 UTC] PHP Warning:  Undefined array key "departamento" in /home/soluctem/sistema.soluctem.com.co/api/submit.php on line 35
[29-Apr-2025 17:54:28 UTC] PHP Warning:  Undefined array key "nombreEquipo" in /home/soluctem/sistema.soluctem.com.co/api/submit.php on line 36
[29-Apr-2025 17:54:28 UTC] PHP Warning:  Undefined array key "marca" in /home/soluctem/sistema.soluctem.com.co/api/submit.php on line 37
[29-Apr-2025 17:54:28 UTC] PHP Warning:  Undefined array key "serial" in /home/soluctem/sistema.soluctem.com.co/api/submit.php on line 38
[29-Apr-2025 17:54:28 UTC] PHP Warning:  Undefined array key "descripcionFalla" in /home/soluctem/sistema.soluctem.com.co/api/submit.php on line 39
[29-Apr-2025 17:54:28 UTC] PHP Warning:  Undefined array key "diagnosticoTecnico" in /home/soluctem/sistema.soluctem.com.co/api/submit.php on line 40
[29-Apr-2025 17:54:28 UTC] PHP Warning:  Undefined array key "repuestosCambiados" in /home/soluctem/sistema.soluctem.com.co/api/submit.php on line 41
[29-Apr-2025 17:54:28 UTC] PHP Warning:  Undefined array key "observaciones" in /home/soluctem/sistema.soluctem.com.co/api/submit.php on line 42
[29-Apr-2025 17:54:28 UTC] PHP Warning:  Undefined array key "seguridadRiesgoAccidentalidad" in /home/soluctem/sistema.soluctem.com.co/api/submit.php on line 43
[29-Apr-2025 17:54:28 UTC] PHP Warning:  Undefined array key "seguridadRiesgoEquipo" in /home/soluctem/sistema.soluctem.com.co/api/submit.php on line 44
[29-Apr-2025 17:54:28 UTC] PHP Warning:  Undefined array key "funcionamientoFallaSolucionada" in /home/soluctem/sistema.soluctem.com.co/api/submit.php on line 45
[29-Apr-2025 17:54:28 UTC] PHP Warning:  Undefined array key "funcionamientoPasosNormales" in /home/soluctem/sistema.soluctem.com.co/api/submit.php on line 46
[29-Apr-2025 17:54:28 UTC] PHP Warning:  Undefined array key "calidadTrabajo" in /home/soluctem/sistema.soluctem.com.co/api/submit.php on line 47
[29-Apr-2025 17:54:28 UTC] PHP Warning:  Undefined array key "limpiezaOrganizacionArmado" in /home/soluctem/sistema.soluctem.com.co/api/submit.php on line 48
[29-Apr-2025 17:54:28 UTC] PHP Warning:  Undefined array key "limpiezaOrganizacionAseado" in /home/soluctem/sistema.soluctem.com.co/api/submit.php on line 49
[29-Apr-2025 17:54:28 UTC] PHP Warning:  Undefined array key "capacitacionCausa" in /home/soluctem/sistema.soluctem.com.co/api/submit.php on line 50
[29-Apr-2025 17:54:28 UTC] PHP Warning:  Undefined array key "capacitacionPrevencion" in /home/soluctem/sistema.soluctem.com.co/api/submit.php on line 51
[29-Apr-2025 17:54:28 UTC] PHP Warning:  Undefined array key "capacitacionAccion" in /home/soluctem/sistema.soluctem.com.co/api/submit.php on line 52
[29-Apr-2025 17:54:28 UTC] PHP Warning:  Undefined array key "contratista1" in /home/soluctem/sistema.soluctem.com.co/api/submit.php on line 53
[29-Apr-2025 17:54:28 UTC] PHP Warning:  Undefined array key "cedula1" in /home/soluctem/sistema.soluctem.com.co/api/submit.php on line 54
[29-Apr-2025 17:54:28 UTC] PHP Warning:  Undefined array key "horaEntrada1" in /home/soluctem/sistema.soluctem.com.co/api/submit.php on line 55
[29-Apr-2025 17:54:28 UTC] PHP Warning:  Undefined array key "horaSalida1" in /home/soluctem/sistema.soluctem.com.co/api/submit.php on line 56
[29-Apr-2025 17:54:28 UTC] PHP Warning:  Undefined array key "contratista2" in /home/soluctem/sistema.soluctem.com.co/api/submit.php on line 57
[29-Apr-2025 17:54:28 UTC] PHP Warning:  Undefined array key "cedula2" in /home/soluctem/sistema.soluctem.com.co/api/submit.php on line 58
[29-Apr-2025 17:54:28 UTC] PHP Warning:  Undefined array key "horaEntrada2" in /home/soluctem/sistema.soluctem.com.co/api/submit.php on line 59
[29-Apr-2025 17:54:28 UTC] PHP Warning:  Undefined array key "horaSalida2" in /home/soluctem/sistema.soluctem.com.co/api/submit.php on line 60
[29-Apr-2025 17:54:28 UTC] PHP Warning:  Undefined array key "contratista3" in /home/soluctem/sistema.soluctem.com.co/api/submit.php on line 61
[29-Apr-2025 17:54:28 UTC] PHP Warning:  Undefined array key "cedula3" in /home/soluctem/sistema.soluctem.com.co/api/submit.php on line 62
[29-Apr-2025 17:54:28 UTC] PHP Warning:  Undefined array key "horaEntrada3" in /home/soluctem/sistema.soluctem.com.co/api/submit.php on line 63
[29-Apr-2025 17:54:28 UTC] PHP Warning:  Undefined array key "horaSalida3" in /home/soluctem/sistema.soluctem.com.co/api/submit.php on line 64
[29-Apr-2025 17:54:28 UTC] PHP Warning:  Undefined array key "contratista4" in /home/soluctem/sistema.soluctem.com.co/api/submit.php on line 65
[29-Apr-2025 17:54:28 UTC] PHP Warning:  Undefined array key "cedula4" in /home/soluctem/sistema.soluctem.com.co/api/submit.php on line 66
[29-Apr-2025 17:54:28 UTC] PHP Warning:  Undefined array key "horaEntrada4" in /home/soluctem/sistema.soluctem.com.co/api/submit.php on line 67
[29-Apr-2025 17:54:28 UTC] PHP Warning:  Undefined array key "horaSalida4" in /home/soluctem/sistema.soluctem.com.co/api/submit.php on line 68
[29-Apr-2025 17:54:28 UTC] PHP Warning:  Undefined array key "nombreFuncionario" in /home/soluctem/sistema.soluctem.com.co/api/submit.php on line 69
[29-Apr-2025 17:54:28 UTC] PHP Warning:  Undefined array key "cedulaFuncionario" in /home/soluctem/sistema.soluctem.com.co/api/submit.php on line 70
[29-Apr-2025 17:54:28 UTC] PHP Warning:  Undefined array key "cargoFuncionario" in /home/soluctem/sistema.soluctem.com.co/api/submit.php on line 71
[29-Apr-2025 17:54:28 UTC] PHP Warning:  Undefined array key "sapFuncionario" in /home/soluctem/sistema.soluctem.com.co/api/submit.php on line 72
[29-Apr-2025 17:54:28 UTC] PHP Warning:  Undefined array key "timestamp" in /home/soluctem/sistema.soluctem.com.co/api/submit.php on line 73
[29-Apr-2025 17:54:28 UTC] PHP Warning:  Undefined array key "asistenciaReparacion" in /home/soluctem/sistema.soluctem.com.co/api/submit.php on line 74
[29-Apr-2025 17:54:28 UTC] PHP Warning:  Undefined array key "asistenciaGarantia" in /home/soluctem/sistema.soluctem.com.co/api/submit.php on line 75
[29-Apr-2025 17:54:28 UTC] PHP Warning:  Undefined array key "asistenciaAjuste" in /home/soluctem/sistema.soluctem.com.co/api/submit.php on line 76
[29-Apr-2025 17:54:28 UTC] PHP Warning:  Undefined array key "asistenciaModificacion" in /home/soluctem/sistema.soluctem.com.co/api/submit.php on line 77
[29-Apr-2025 17:54:28 UTC] PHP Warning:  Undefined array key "asistenciaServicio" in /home/soluctem/sistema.soluctem.com.co/api/submit.php on line 78
[29-Apr-2025 17:54:28 UTC] PHP Warning:  Undefined array key "asistenciaMejora" in /home/soluctem/sistema.soluctem.com.co/api/submit.php on line 79
[29-Apr-2025 17:54:28 UTC] PHP Warning:  Undefined array key "asistenciaCombinacion" in /home/soluctem/sistema.soluctem.com.co/api/submit.php on line 80
[29-Apr-2025 17:54:28 UTC] PHP Warning:  Undefined array key "fallaOperacion" in /home/soluctem/sistema.soluctem.com.co/api/submit.php on line 81
[29-Apr-2025 17:54:28 UTC] PHP Warning:  Undefined array key "fallaMecanica" in /home/soluctem/sistema.soluctem.com.co/api/submit.php on line 82
[29-Apr-2025 17:54:28 UTC] PHP Warning:  Undefined array key "fallaElectrica" in /home/soluctem/sistema.soluctem.com.co/api/submit.php on line 83
[29-Apr-2025 17:54:28 UTC] PHP Warning:  Undefined array key "fallaTerceros" in /home/soluctem/sistema.soluctem.com.co/api/submit.php on line 84
[29-Apr-2025 17:54:28 UTC] PHP Warning:  Undefined array key "fallaFabricacion" in /home/soluctem/sistema.soluctem.com.co/api/submit.php on line 85
[29-Apr-2025 17:54:28 UTC] PHP Warning:  Undefined array key "firma_digital_cliente" in /home/soluctem/sistema.soluctem.com.co/api/submit.php on line 86
[29-Apr-2025 17:54:28 UTC] PHP Warning:  Undefined array key "firma_digital_tecnico" in /home/soluctem/sistema.soluctem.com.co/api/submit.php on line 87
[29-Apr-2025 17:56:13 UTC] PHP Warning:  Undefined array key "nombreSolicitante" in /home/soluctem/sistema.soluctem.com.co/api/submit.php on line 28
[29-Apr-2025 17:56:13 UTC] PHP Warning:  Undefined array key "cargo" in /home/soluctem/sistema.soluctem.com.co/api/submit.php on line 29
[29-Apr-2025 17:56:13 UTC] PHP Warning:  Undefined array key "nombreTienda" in /home/soluctem/sistema.soluctem.com.co/api/submit.php on line 30
[29-Apr-2025 17:56:13 UTC] PHP Warning:  Undefined array key "numeroTienda" in /home/soluctem/sistema.soluctem.com.co/api/submit.php on line 31
[29-Apr-2025 17:56:13 UTC] PHP Warning:  Undefined array key "numeroTicket" in /home/soluctem/sistema.soluctem.com.co/api/submit.php on line 32
[29-Apr-2025 17:56:13 UTC] PHP Warning:  Undefined array key "fecha" in /home/soluctem/sistema.soluctem.com.co/api/submit.php on line 33
[29-Apr-2025 17:56:13 UTC] PHP Warning:  Undefined array key "municipio" in /home/soluctem/sistema.soluctem.com.co/api/submit.php on line 34
[29-Apr-2025 17:56:13 UTC] PHP Warning:  Undefined array key "departamento" in /home/soluctem/sistema.soluctem.com.co/api/submit.php on line 35
[29-Apr-2025 17:56:13 UTC] PHP Warning:  Undefined array key "nombreEquipo" in /home/soluctem/sistema.soluctem.com.co/api/submit.php on line 36
[29-Apr-2025 17:56:13 UTC] PHP Warning:  Undefined array key "marca" in /home/soluctem/sistema.soluctem.com.co/api/submit.php on line 37
[29-Apr-2025 17:56:13 UTC] PHP Warning:  Undefined array key "serial" in /home/soluctem/sistema.soluctem.com.co/api/submit.php on line 38
[29-Apr-2025 17:56:13 UTC] PHP Warning:  Undefined array key "descripcionFalla" in /home/soluctem/sistema.soluctem.com.co/api/submit.php on line 39
[29-Apr-2025 17:56:13 UTC] PHP Warning:  Undefined array key "diagnosticoTecnico" in /home/soluctem/sistema.soluctem.com.co/api/submit.php on line 40
[29-Apr-2025 17:56:13 UTC] PHP Warning:  Undefined array key "repuestosCambiados" in /home/soluctem/sistema.soluctem.com.co/api/submit.php on line 41
[29-Apr-2025 17:56:13 UTC] PHP Warning:  Undefined array key "observaciones" in /home/soluctem/sistema.soluctem.com.co/api/submit.php on line 42
[29-Apr-2025 17:56:13 UTC] PHP Warning:  Undefined array key "seguridadRiesgoAccidentalidad" in /home/soluctem/sistema.soluctem.com.co/api/submit.php on line 43
[29-Apr-2025 17:56:13 UTC] PHP Warning:  Undefined array key "seguridadRiesgoEquipo" in /home/soluctem/sistema.soluctem.com.co/api/submit.php on line 44
[29-Apr-2025 17:56:13 UTC] PHP Warning:  Undefined array key "funcionamientoFallaSolucionada" in /home/soluctem/sistema.soluctem.com.co/api/submit.php on line 45
[29-Apr-2025 17:56:13 UTC] PHP Warning:  Undefined array key "funcionamientoPasosNormales" in /home/soluctem/sistema.soluctem.com.co/api/submit.php on line 46
[29-Apr-2025 17:56:13 UTC] PHP Warning:  Undefined array key "calidadTrabajo" in /home/soluctem/sistema.soluctem.com.co/api/submit.php on line 47
[29-Apr-2025 17:56:13 UTC] PHP Warning:  Undefined array key "limpiezaOrganizacionArmado" in /home/soluctem/sistema.soluctem.com.co/api/submit.php on line 48
[29-Apr-2025 17:56:13 UTC] PHP Warning:  Undefined array key "limpiezaOrganizacionAseado" in /home/soluctem/sistema.soluctem.com.co/api/submit.php on line 49
[29-Apr-2025 17:56:13 UTC] PHP Warning:  Undefined array key "capacitacionCausa" in /home/soluctem/sistema.soluctem.com.co/api/submit.php on line 50
[29-Apr-2025 17:56:13 UTC] PHP Warning:  Undefined array key "capacitacionPrevencion" in /home/soluctem/sistema.soluctem.com.co/api/submit.php on line 51
[29-Apr-2025 17:56:13 UTC] PHP Warning:  Undefined array key "capacitacionAccion" in /home/soluctem/sistema.soluctem.com.co/api/submit.php on line 52
[29-Apr-2025 17:56:13 UTC] PHP Warning:  Undefined array key "contratista1" in /home/soluctem/sistema.soluctem.com.co/api/submit.php on line 53
[29-Apr-2025 17:56:13 UTC] PHP Warning:  Undefined array key "cedula1" in /home/soluctem/sistema.soluctem.com.co/api/submit.php on line 54
[29-Apr-2025 17:56:13 UTC] PHP Warning:  Undefined array key "horaEntrada1" in /home/soluctem/sistema.soluctem.com.co/api/submit.php on line 55
[29-Apr-2025 17:56:13 UTC] PHP Warning:  Undefined array key "horaSalida1" in /home/soluctem/sistema.soluctem.com.co/api/submit.php on line 56
[29-Apr-2025 17:56:13 UTC] PHP Warning:  Undefined array key "contratista2" in /home/soluctem/sistema.soluctem.com.co/api/submit.php on line 57
[29-Apr-2025 17:56:13 UTC] PHP Warning:  Undefined array key "cedula2" in /home/soluctem/sistema.soluctem.com.co/api/submit.php on line 58
[29-Apr-2025 17:56:13 UTC] PHP Warning:  Undefined array key "horaEntrada2" in /home/soluctem/sistema.soluctem.com.co/api/submit.php on line 59
[29-Apr-2025 17:56:13 UTC] PHP Warning:  Undefined array key "horaSalida2" in /home/soluctem/sistema.soluctem.com.co/api/submit.php on line 60
[29-Apr-2025 17:56:13 UTC] PHP Warning:  Undefined array key "contratista3" in /home/soluctem/sistema.soluctem.com.co/api/submit.php on line 61
[29-Apr-2025 17:56:13 UTC] PHP Warning:  Undefined array key "cedula3" in /home/soluctem/sistema.soluctem.com.co/api/submit.php on line 62
[29-Apr-2025 17:56:13 UTC] PHP Warning:  Undefined array key "horaEntrada3" in /home/soluctem/sistema.soluctem.com.co/api/submit.php on line 63
[29-Apr-2025 17:56:13 UTC] PHP Warning:  Undefined array key "horaSalida3" in /home/soluctem/sistema.soluctem.com.co/api/submit.php on line 64
[29-Apr-2025 17:56:13 UTC] PHP Warning:  Undefined array key "contratista4" in /home/soluctem/sistema.soluctem.com.co/api/submit.php on line 65
[29-Apr-2025 17:56:13 UTC] PHP Warning:  Undefined array key "cedula4" in /home/soluctem/sistema.soluctem.com.co/api/submit.php on line 66
[29-Apr-2025 17:56:13 UTC] PHP Warning:  Undefined array key "horaEntrada4" in /home/soluctem/sistema.soluctem.com.co/api/submit.php on line 67
[29-Apr-2025 17:56:13 UTC] PHP Warning:  Undefined array key "horaSalida4" in /home/soluctem/sistema.soluctem.com.co/api/submit.php on line 68
[29-Apr-2025 17:56:13 UTC] PHP Warning:  Undefined array key "nombreFuncionario" in /home/soluctem/sistema.soluctem.com.co/api/submit.php on line 69
[29-Apr-2025 17:56:13 UTC] PHP Warning:  Undefined array key "cedulaFuncionario" in /home/soluctem/sistema.soluctem.com.co/api/submit.php on line 70
[29-Apr-2025 17:56:13 UTC] PHP Warning:  Undefined array key "cargoFuncionario" in /home/soluctem/sistema.soluctem.com.co/api/submit.php on line 71
[29-Apr-2025 17:56:13 UTC] PHP Warning:  Undefined array key "sapFuncionario" in /home/soluctem/sistema.soluctem.com.co/api/submit.php on line 72
[29-Apr-2025 17:56:13 UTC] PHP Warning:  Undefined array key "timestamp" in /home/soluctem/sistema.soluctem.com.co/api/submit.php on line 73
[29-Apr-2025 17:56:13 UTC] PHP Warning:  Undefined array key "asistenciaReparacion" in /home/soluctem/sistema.soluctem.com.co/api/submit.php on line 74
[29-Apr-2025 17:56:13 UTC] PHP Warning:  Undefined array key "asistenciaGarantia" in /home/soluctem/sistema.soluctem.com.co/api/submit.php on line 75
[29-Apr-2025 17:56:13 UTC] PHP Warning:  Undefined array key "asistenciaAjuste" in /home/soluctem/sistema.soluctem.com.co/api/submit.php on line 76
[29-Apr-2025 17:56:13 UTC] PHP Warning:  Undefined array key "asistenciaModificacion" in /home/soluctem/sistema.soluctem.com.co/api/submit.php on line 77
[29-Apr-2025 17:56:13 UTC] PHP Warning:  Undefined array key "asistenciaServicio" in /home/soluctem/sistema.soluctem.com.co/api/submit.php on line 78
[29-Apr-2025 17:56:13 UTC] PHP Warning:  Undefined array key "asistenciaMejora" in /home/soluctem/sistema.soluctem.com.co/api/submit.php on line 79
[29-Apr-2025 17:56:13 UTC] PHP Warning:  Undefined array key "asistenciaCombinacion" in /home/soluctem/sistema.soluctem.com.co/api/submit.php on line 80
[29-Apr-2025 17:56:13 UTC] PHP Warning:  Undefined array key "fallaOperacion" in /home/soluctem/sistema.soluctem.com.co/api/submit.php on line 81
[29-Apr-2025 17:56:13 UTC] PHP Warning:  Undefined array key "fallaMecanica" in /home/soluctem/sistema.soluctem.com.co/api/submit.php on line 82
[29-Apr-2025 17:56:13 UTC] PHP Warning:  Undefined array key "fallaElectrica" in /home/soluctem/sistema.soluctem.com.co/api/submit.php on line 83
[29-Apr-2025 17:56:13 UTC] PHP Warning:  Undefined array key "fallaTerceros" in /home/soluctem/sistema.soluctem.com.co/api/submit.php on line 84
[29-Apr-2025 17:56:13 UTC] PHP Warning:  Undefined array key "fallaFabricacion" in /home/soluctem/sistema.soluctem.com.co/api/submit.php on line 85
[29-Apr-2025 17:56:13 UTC] PHP Warning:  Undefined array key "firma_digital_cliente" in /home/soluctem/sistema.soluctem.com.co/api/submit.php on line 86
[29-Apr-2025 17:56:13 UTC] PHP Warning:  Undefined array key "firma_digital_tecnico" in /home/soluctem/sistema.soluctem.com.co/api/submit.php on line 87
[29-Apr-2025 18:18:38 UTC] PHP Warning:  Undefined array key "nombreSolicitante" in /home/soluctem/sistema.soluctem.com.co/api/submit.php on line 28
[29-Apr-2025 18:18:38 UTC] PHP Warning:  Undefined array key "cargo" in /home/soluctem/sistema.soluctem.com.co/api/submit.php on line 29
[29-Apr-2025 18:18:38 UTC] PHP Warning:  Undefined array key "nombreTienda" in /home/soluctem/sistema.soluctem.com.co/api/submit.php on line 30
[29-Apr-2025 18:18:38 UTC] PHP Warning:  Undefined array key "numeroTienda" in /home/soluctem/sistema.soluctem.com.co/api/submit.php on line 31
[29-Apr-2025 18:18:38 UTC] PHP Warning:  Undefined array key "numeroTicket" in /home/soluctem/sistema.soluctem.com.co/api/submit.php on line 32
[29-Apr-2025 18:18:38 UTC] PHP Warning:  Undefined array key "fecha" in /home/soluctem/sistema.soluctem.com.co/api/submit.php on line 33
[29-Apr-2025 18:18:38 UTC] PHP Warning:  Undefined array key "municipio" in /home/soluctem/sistema.soluctem.com.co/api/submit.php on line 34
[29-Apr-2025 18:18:38 UTC] PHP Warning:  Undefined array key "departamento" in /home/soluctem/sistema.soluctem.com.co/api/submit.php on line 35
[29-Apr-2025 18:18:38 UTC] PHP Warning:  Undefined array key "nombreEquipo" in /home/soluctem/sistema.soluctem.com.co/api/submit.php on line 36
[29-Apr-2025 18:18:38 UTC] PHP Warning:  Undefined array key "marca" in /home/soluctem/sistema.soluctem.com.co/api/submit.php on line 37
[29-Apr-2025 18:18:38 UTC] PHP Warning:  Undefined array key "serial" in /home/soluctem/sistema.soluctem.com.co/api/submit.php on line 38
[29-Apr-2025 18:18:38 UTC] PHP Warning:  Undefined array key "descripcionFalla" in /home/soluctem/sistema.soluctem.com.co/api/submit.php on line 39
[29-Apr-2025 18:18:38 UTC] PHP Warning:  Undefined array key "diagnosticoTecnico" in /home/soluctem/sistema.soluctem.com.co/api/submit.php on line 40
[29-Apr-2025 18:18:38 UTC] PHP Warning:  Undefined array key "repuestosCambiados" in /home/soluctem/sistema.soluctem.com.co/api/submit.php on line 41
[29-Apr-2025 18:18:38 UTC] PHP Warning:  Undefined array key "observaciones" in /home/soluctem/sistema.soluctem.com.co/api/submit.php on line 42
[29-Apr-2025 18:18:38 UTC] PHP Warning:  Undefined array key "seguridadRiesgoAccidentalidad" in /home/soluctem/sistema.soluctem.com.co/api/submit.php on line 43
[29-Apr-2025 18:18:38 UTC] PHP Warning:  Undefined array key "seguridadRiesgoEquipo" in /home/soluctem/sistema.soluctem.com.co/api/submit.php on line 44
[29-Apr-2025 18:18:38 UTC] PHP Warning:  Undefined array key "funcionamientoFallaSolucionada" in /home/soluctem/sistema.soluctem.com.co/api/submit.php on line 45
[29-Apr-2025 18:18:38 UTC] PHP Warning:  Undefined array key "funcionamientoPasosNormales" in /home/soluctem/sistema.soluctem.com.co/api/submit.php on line 46
[29-Apr-2025 18:18:38 UTC] PHP Warning:  Undefined array key "calidadTrabajo" in /home/soluctem/sistema.soluctem.com.co/api/submit.php on line 47
[29-Apr-2025 18:18:38 UTC] PHP Warning:  Undefined array key "limpiezaOrganizacionArmado" in /home/soluctem/sistema.soluctem.com.co/api/submit.php on line 48
[29-Apr-2025 18:18:38 UTC] PHP Warning:  Undefined array key "limpiezaOrganizacionAseado" in /home/soluctem/sistema.soluctem.com.co/api/submit.php on line 49
[29-Apr-2025 18:18:38 UTC] PHP Warning:  Undefined array key "capacitacionCausa" in /home/soluctem/sistema.soluctem.com.co/api/submit.php on line 50
[29-Apr-2025 18:18:38 UTC] PHP Warning:  Undefined array key "capacitacionPrevencion" in /home/soluctem/sistema.soluctem.com.co/api/submit.php on line 51
[29-Apr-2025 18:18:38 UTC] PHP Warning:  Undefined array key "capacitacionAccion" in /home/soluctem/sistema.soluctem.com.co/api/submit.php on line 52
[29-Apr-2025 18:18:38 UTC] PHP Warning:  Undefined array key "contratista1" in /home/soluctem/sistema.soluctem.com.co/api/submit.php on line 53
[29-Apr-2025 18:18:38 UTC] PHP Warning:  Undefined array key "cedula1" in /home/soluctem/sistema.soluctem.com.co/api/submit.php on line 54
[29-Apr-2025 18:18:38 UTC] PHP Warning:  Undefined array key "horaEntrada1" in /home/soluctem/sistema.soluctem.com.co/api/submit.php on line 55
[29-Apr-2025 18:18:38 UTC] PHP Warning:  Undefined array key "horaSalida1" in /home/soluctem/sistema.soluctem.com.co/api/submit.php on line 56
[29-Apr-2025 18:18:38 UTC] PHP Warning:  Undefined array key "contratista2" in /home/soluctem/sistema.soluctem.com.co/api/submit.php on line 57
[29-Apr-2025 18:18:38 UTC] PHP Warning:  Undefined array key "cedula2" in /home/soluctem/sistema.soluctem.com.co/api/submit.php on line 58
[29-Apr-2025 18:18:38 UTC] PHP Warning:  Undefined array key "horaEntrada2" in /home/soluctem/sistema.soluctem.com.co/api/submit.php on line 59
[29-Apr-2025 18:18:38 UTC] PHP Warning:  Undefined array key "horaSalida2" in /home/soluctem/sistema.soluctem.com.co/api/submit.php on line 60
[29-Apr-2025 18:18:38 UTC] PHP Warning:  Undefined array key "contratista3" in /home/soluctem/sistema.soluctem.com.co/api/submit.php on line 61
[29-Apr-2025 18:18:38 UTC] PHP Warning:  Undefined array key "cedula3" in /home/soluctem/sistema.soluctem.com.co/api/submit.php on line 62
[29-Apr-2025 18:18:38 UTC] PHP Warning:  Undefined array key "horaEntrada3" in /home/soluctem/sistema.soluctem.com.co/api/submit.php on line 63
[29-Apr-2025 18:18:38 UTC] PHP Warning:  Undefined array key "horaSalida3" in /home/soluctem/sistema.soluctem.com.co/api/submit.php on line 64
[29-Apr-2025 18:18:38 UTC] PHP Warning:  Undefined array key "contratista4" in /home/soluctem/sistema.soluctem.com.co/api/submit.php on line 65
[29-Apr-2025 18:18:38 UTC] PHP Warning:  Undefined array key "cedula4" in /home/soluctem/sistema.soluctem.com.co/api/submit.php on line 66
[29-Apr-2025 18:18:38 UTC] PHP Warning:  Undefined array key "horaEntrada4" in /home/soluctem/sistema.soluctem.com.co/api/submit.php on line 67
[29-Apr-2025 18:18:38 UTC] PHP Warning:  Undefined array key "horaSalida4" in /home/soluctem/sistema.soluctem.com.co/api/submit.php on line 68
[29-Apr-2025 18:18:38 UTC] PHP Warning:  Undefined array key "nombreFuncionario" in /home/soluctem/sistema.soluctem.com.co/api/submit.php on line 69
[29-Apr-2025 18:18:38 UTC] PHP Warning:  Undefined array key "cedulaFuncionario" in /home/soluctem/sistema.soluctem.com.co/api/submit.php on line 70
[29-Apr-2025 18:18:38 UTC] PHP Warning:  Undefined array key "cargoFuncionario" in /home/soluctem/sistema.soluctem.com.co/api/submit.php on line 71
[29-Apr-2025 18:18:38 UTC] PHP Warning:  Undefined array key "sapFuncionario" in /home/soluctem/sistema.soluctem.com.co/api/submit.php on line 72
[29-Apr-2025 18:18:38 UTC] PHP Warning:  Undefined array key "timestamp" in /home/soluctem/sistema.soluctem.com.co/api/submit.php on line 73
[29-Apr-2025 18:18:38 UTC] PHP Warning:  Undefined array key "asistenciaReparacion" in /home/soluctem/sistema.soluctem.com.co/api/submit.php on line 74
[29-Apr-2025 18:18:38 UTC] PHP Warning:  Undefined array key "asistenciaGarantia" in /home/soluctem/sistema.soluctem.com.co/api/submit.php on line 75
[29-Apr-2025 18:18:38 UTC] PHP Warning:  Undefined array key "asistenciaAjuste" in /home/soluctem/sistema.soluctem.com.co/api/submit.php on line 76
[29-Apr-2025 18:18:38 UTC] PHP Warning:  Undefined array key "asistenciaModificacion" in /home/soluctem/sistema.soluctem.com.co/api/submit.php on line 77
[29-Apr-2025 18:18:38 UTC] PHP Warning:  Undefined array key "asistenciaServicio" in /home/soluctem/sistema.soluctem.com.co/api/submit.php on line 78
[29-Apr-2025 18:18:38 UTC] PHP Warning:  Undefined array key "asistenciaMejora" in /home/soluctem/sistema.soluctem.com.co/api/submit.php on line 79
[29-Apr-2025 18:18:38 UTC] PHP Warning:  Undefined array key "asistenciaCombinacion" in /home/soluctem/sistema.soluctem.com.co/api/submit.php on line 80
[29-Apr-2025 18:18:38 UTC] PHP Warning:  Undefined array key "fallaOperacion" in /home/soluctem/sistema.soluctem.com.co/api/submit.php on line 81
[29-Apr-2025 18:18:38 UTC] PHP Warning:  Undefined array key "fallaMecanica" in /home/soluctem/sistema.soluctem.com.co/api/submit.php on line 82
[29-Apr-2025 18:18:38 UTC] PHP Warning:  Undefined array key "fallaElectrica" in /home/soluctem/sistema.soluctem.com.co/api/submit.php on line 83
[29-Apr-2025 18:18:38 UTC] PHP Warning:  Undefined array key "fallaTerceros" in /home/soluctem/sistema.soluctem.com.co/api/submit.php on line 84
[29-Apr-2025 18:18:38 UTC] PHP Warning:  Undefined array key "fallaFabricacion" in /home/soluctem/sistema.soluctem.com.co/api/submit.php on line 85
[29-Apr-2025 18:18:38 UTC] PHP Warning:  Undefined array key "firma_digital_cliente" in /home/soluctem/sistema.soluctem.com.co/api/submit.php on line 86
[29-Apr-2025 18:18:38 UTC] PHP Warning:  Undefined array key "firma_digital_tecnico" in /home/soluctem/sistema.soluctem.com.co/api/submit.php on line 87
[29-Apr-2025 18:21:13 UTC] PHP Warning:  Undefined array key "nombreSolicitante" in /home/soluctem/sistema.soluctem.com.co/api/submit.php on line 28
[29-Apr-2025 18:21:13 UTC] PHP Warning:  Undefined array key "cargo" in /home/soluctem/sistema.soluctem.com.co/api/submit.php on line 29
[29-Apr-2025 18:21:13 UTC] PHP Warning:  Undefined array key "nombreTienda" in /home/soluctem/sistema.soluctem.com.co/api/submit.php on line 30
[29-Apr-2025 18:21:13 UTC] PHP Warning:  Undefined array key "numeroTienda" in /home/soluctem/sistema.soluctem.com.co/api/submit.php on line 31
[29-Apr-2025 18:21:13 UTC] PHP Warning:  Undefined array key "numeroTicket" in /home/soluctem/sistema.soluctem.com.co/api/submit.php on line 32
[29-Apr-2025 18:21:13 UTC] PHP Warning:  Undefined array key "fecha" in /home/soluctem/sistema.soluctem.com.co/api/submit.php on line 33
[29-Apr-2025 18:21:13 UTC] PHP Warning:  Undefined array key "municipio" in /home/soluctem/sistema.soluctem.com.co/api/submit.php on line 34
[29-Apr-2025 18:21:13 UTC] PHP Warning:  Undefined array key "departamento" in /home/soluctem/sistema.soluctem.com.co/api/submit.php on line 35
[29-Apr-2025 18:21:13 UTC] PHP Warning:  Undefined array key "nombreEquipo" in /home/soluctem/sistema.soluctem.com.co/api/submit.php on line 36
[29-Apr-2025 18:21:13 UTC] PHP Warning:  Undefined array key "marca" in /home/soluctem/sistema.soluctem.com.co/api/submit.php on line 37
[29-Apr-2025 18:21:13 UTC] PHP Warning:  Undefined array key "serial" in /home/soluctem/sistema.soluctem.com.co/api/submit.php on line 38
[29-Apr-2025 18:21:13 UTC] PHP Warning:  Undefined array key "descripcionFalla" in /home/soluctem/sistema.soluctem.com.co/api/submit.php on line 39
[29-Apr-2025 18:21:13 UTC] PHP Warning:  Undefined array key "diagnosticoTecnico" in /home/soluctem/sistema.soluctem.com.co/api/submit.php on line 40
[29-Apr-2025 18:21:13 UTC] PHP Warning:  Undefined array key "repuestosCambiados" in /home/soluctem/sistema.soluctem.com.co/api/submit.php on line 41
[29-Apr-2025 18:21:13 UTC] PHP Warning:  Undefined array key "observaciones" in /home/soluctem/sistema.soluctem.com.co/api/submit.php on line 42
[29-Apr-2025 18:21:13 UTC] PHP Warning:  Undefined array key "seguridadRiesgoAccidentalidad" in /home/soluctem/sistema.soluctem.com.co/api/submit.php on line 43
[29-Apr-2025 18:21:13 UTC] PHP Warning:  Undefined array key "seguridadRiesgoEquipo" in /home/soluctem/sistema.soluctem.com.co/api/submit.php on line 44
[29-Apr-2025 18:21:13 UTC] PHP Warning:  Undefined array key "funcionamientoFallaSolucionada" in /home/soluctem/sistema.soluctem.com.co/api/submit.php on line 45
[29-Apr-2025 18:21:13 UTC] PHP Warning:  Undefined array key "funcionamientoPasosNormales" in /home/soluctem/sistema.soluctem.com.co/api/submit.php on line 46
[29-Apr-2025 18:21:13 UTC] PHP Warning:  Undefined array key "calidadTrabajo" in /home/soluctem/sistema.soluctem.com.co/api/submit.php on line 47
[29-Apr-2025 18:21:13 UTC] PHP Warning:  Undefined array key "limpiezaOrganizacionArmado" in /home/soluctem/sistema.soluctem.com.co/api/submit.php on line 48
[29-Apr-2025 18:21:13 UTC] PHP Warning:  Undefined array key "limpiezaOrganizacionAseado" in /home/soluctem/sistema.soluctem.com.co/api/submit.php on line 49
[29-Apr-2025 18:21:13 UTC] PHP Warning:  Undefined array key "capacitacionCausa" in /home/soluctem/sistema.soluctem.com.co/api/submit.php on line 50
[29-Apr-2025 18:21:13 UTC] PHP Warning:  Undefined array key "capacitacionPrevencion" in /home/soluctem/sistema.soluctem.com.co/api/submit.php on line 51
[29-Apr-2025 18:21:13 UTC] PHP Warning:  Undefined array key "capacitacionAccion" in /home/soluctem/sistema.soluctem.com.co/api/submit.php on line 52
[29-Apr-2025 18:21:13 UTC] PHP Warning:  Undefined array key "contratista1" in /home/soluctem/sistema.soluctem.com.co/api/submit.php on line 53
[29-Apr-2025 18:21:13 UTC] PHP Warning:  Undefined array key "cedula1" in /home/soluctem/sistema.soluctem.com.co/api/submit.php on line 54
[29-Apr-2025 18:21:13 UTC] PHP Warning:  Undefined array key "horaEntrada1" in /home/soluctem/sistema.soluctem.com.co/api/submit.php on line 55
[29-Apr-2025 18:21:13 UTC] PHP Warning:  Undefined array key "horaSalida1" in /home/soluctem/sistema.soluctem.com.co/api/submit.php on line 56
[29-Apr-2025 18:21:13 UTC] PHP Warning:  Undefined array key "contratista2" in /home/soluctem/sistema.soluctem.com.co/api/submit.php on line 57
[29-Apr-2025 18:21:13 UTC] PHP Warning:  Undefined array key "cedula2" in /home/soluctem/sistema.soluctem.com.co/api/submit.php on line 58
[29-Apr-2025 18:21:13 UTC] PHP Warning:  Undefined array key "horaEntrada2" in /home/soluctem/sistema.soluctem.com.co/api/submit.php on line 59
[29-Apr-2025 18:21:13 UTC] PHP Warning:  Undefined array key "horaSalida2" in /home/soluctem/sistema.soluctem.com.co/api/submit.php on line 60
[29-Apr-2025 18:21:13 UTC] PHP Warning:  Undefined array key "contratista3" in /home/soluctem/sistema.soluctem.com.co/api/submit.php on line 61
[29-Apr-2025 18:21:13 UTC] PHP Warning:  Undefined array key "cedula3" in /home/soluctem/sistema.soluctem.com.co/api/submit.php on line 62
[29-Apr-2025 18:21:13 UTC] PHP Warning:  Undefined array key "horaEntrada3" in /home/soluctem/sistema.soluctem.com.co/api/submit.php on line 63
[29-Apr-2025 18:21:13 UTC] PHP Warning:  Undefined array key "horaSalida3" in /home/soluctem/sistema.soluctem.com.co/api/submit.php on line 64
[29-Apr-2025 18:21:13 UTC] PHP Warning:  Undefined array key "contratista4" in /home/soluctem/sistema.soluctem.com.co/api/submit.php on line 65
[29-Apr-2025 18:21:13 UTC] PHP Warning:  Undefined array key "cedula4" in /home/soluctem/sistema.soluctem.com.co/api/submit.php on line 66
[29-Apr-2025 18:21:13 UTC] PHP Warning:  Undefined array key "horaEntrada4" in /home/soluctem/sistema.soluctem.com.co/api/submit.php on line 67
[29-Apr-2025 18:21:13 UTC] PHP Warning:  Undefined array key "horaSalida4" in /home/soluctem/sistema.soluctem.com.co/api/submit.php on line 68
[29-Apr-2025 18:21:13 UTC] PHP Warning:  Undefined array key "nombreFuncionario" in /home/soluctem/sistema.soluctem.com.co/api/submit.php on line 69
[29-Apr-2025 18:21:13 UTC] PHP Warning:  Undefined array key "cedulaFuncionario" in /home/soluctem/sistema.soluctem.com.co/api/submit.php on line 70
[29-Apr-2025 18:21:13 UTC] PHP Warning:  Undefined array key "cargoFuncionario" in /home/soluctem/sistema.soluctem.com.co/api/submit.php on line 71
[29-Apr-2025 18:21:13 UTC] PHP Warning:  Undefined array key "sapFuncionario" in /home/soluctem/sistema.soluctem.com.co/api/submit.php on line 72
[29-Apr-2025 18:21:13 UTC] PHP Warning:  Undefined array key "timestamp" in /home/soluctem/sistema.soluctem.com.co/api/submit.php on line 73
[29-Apr-2025 18:21:13 UTC] PHP Warning:  Undefined array key "asistenciaReparacion" in /home/soluctem/sistema.soluctem.com.co/api/submit.php on line 74
[29-Apr-2025 18:21:13 UTC] PHP Warning:  Undefined array key "asistenciaGarantia" in /home/soluctem/sistema.soluctem.com.co/api/submit.php on line 75
[29-Apr-2025 18:21:13 UTC] PHP Warning:  Undefined array key "asistenciaAjuste" in /home/soluctem/sistema.soluctem.com.co/api/submit.php on line 76
[29-Apr-2025 18:21:13 UTC] PHP Warning:  Undefined array key "asistenciaModificacion" in /home/soluctem/sistema.soluctem.com.co/api/submit.php on line 77
[29-Apr-2025 18:21:13 UTC] PHP Warning:  Undefined array key "asistenciaServicio" in /home/soluctem/sistema.soluctem.com.co/api/submit.php on line 78
[29-Apr-2025 18:21:13 UTC] PHP Warning:  Undefined array key "asistenciaMejora" in /home/soluctem/sistema.soluctem.com.co/api/submit.php on line 79
[29-Apr-2025 18:21:13 UTC] PHP Warning:  Undefined array key "asistenciaCombinacion" in /home/soluctem/sistema.soluctem.com.co/api/submit.php on line 80
[29-Apr-2025 18:21:13 UTC] PHP Warning:  Undefined array key "fallaOperacion" in /home/soluctem/sistema.soluctem.com.co/api/submit.php on line 81
[29-Apr-2025 18:21:13 UTC] PHP Warning:  Undefined array key "fallaMecanica" in /home/soluctem/sistema.soluctem.com.co/api/submit.php on line 82
[29-Apr-2025 18:21:13 UTC] PHP Warning:  Undefined array key "fallaElectrica" in /home/soluctem/sistema.soluctem.com.co/api/submit.php on line 83
[29-Apr-2025 18:21:13 UTC] PHP Warning:  Undefined array key "fallaTerceros" in /home/soluctem/sistema.soluctem.com.co/api/submit.php on line 84
[29-Apr-2025 18:21:13 UTC] PHP Warning:  Undefined array key "fallaFabricacion" in /home/soluctem/sistema.soluctem.com.co/api/submit.php on line 85
[29-Apr-2025 18:21:13 UTC] PHP Warning:  Undefined array key "firma_digital_cliente" in /home/soluctem/sistema.soluctem.com.co/api/submit.php on line 86
[29-Apr-2025 18:21:13 UTC] PHP Warning:  Undefined array key "firma_digital_tecnico" in /home/soluctem/sistema.soluctem.com.co/api/submit.php on line 87
[29-Apr-2025 18:27:48 UTC] PHP Warning:  Undefined array key "nombreSolicitante" in /home/soluctem/sistema.soluctem.com.co/api/submit.php on line 28
[29-Apr-2025 18:27:48 UTC] PHP Warning:  Undefined array key "cargo" in /home/soluctem/sistema.soluctem.com.co/api/submit.php on line 29
[29-Apr-2025 18:27:48 UTC] PHP Warning:  Undefined array key "nombreTienda" in /home/soluctem/sistema.soluctem.com.co/api/submit.php on line 30
[29-Apr-2025 18:27:48 UTC] PHP Warning:  Undefined array key "numeroTienda" in /home/soluctem/sistema.soluctem.com.co/api/submit.php on line 31
[29-Apr-2025 18:27:48 UTC] PHP Warning:  Undefined array key "numeroTicket" in /home/soluctem/sistema.soluctem.com.co/api/submit.php on line 32
[29-Apr-2025 18:27:48 UTC] PHP Warning:  Undefined array key "fecha" in /home/soluctem/sistema.soluctem.com.co/api/submit.php on line 33
[29-Apr-2025 18:27:48 UTC] PHP Warning:  Undefined array key "municipio" in /home/soluctem/sistema.soluctem.com.co/api/submit.php on line 34
[29-Apr-2025 18:27:48 UTC] PHP Warning:  Undefined array key "departamento" in /home/soluctem/sistema.soluctem.com.co/api/submit.php on line 35
[29-Apr-2025 18:27:48 UTC] PHP Warning:  Undefined array key "nombreEquipo" in /home/soluctem/sistema.soluctem.com.co/api/submit.php on line 36
[29-Apr-2025 18:27:48 UTC] PHP Warning:  Undefined array key "marca" in /home/soluctem/sistema.soluctem.com.co/api/submit.php on line 37
[29-Apr-2025 18:27:48 UTC] PHP Warning:  Undefined array key "serial" in /home/soluctem/sistema.soluctem.com.co/api/submit.php on line 38
[29-Apr-2025 18:27:48 UTC] PHP Warning:  Undefined array key "descripcionFalla" in /home/soluctem/sistema.soluctem.com.co/api/submit.php on line 39
[29-Apr-2025 18:27:48 UTC] PHP Warning:  Undefined array key "diagnosticoTecnico" in /home/soluctem/sistema.soluctem.com.co/api/submit.php on line 40
[29-Apr-2025 18:27:48 UTC] PHP Warning:  Undefined array key "repuestosCambiados" in /home/soluctem/sistema.soluctem.com.co/api/submit.php on line 41
[29-Apr-2025 18:27:48 UTC] PHP Warning:  Undefined array key "observaciones" in /home/soluctem/sistema.soluctem.com.co/api/submit.php on line 42
[29-Apr-2025 18:27:48 UTC] PHP Warning:  Undefined array key "seguridadRiesgoAccidentalidad" in /home/soluctem/sistema.soluctem.com.co/api/submit.php on line 43
[29-Apr-2025 18:27:48 UTC] PHP Warning:  Undefined array key "seguridadRiesgoEquipo" in /home/soluctem/sistema.soluctem.com.co/api/submit.php on line 44
[29-Apr-2025 18:27:48 UTC] PHP Warning:  Undefined array key "funcionamientoFallaSolucionada" in /home/soluctem/sistema.soluctem.com.co/api/submit.php on line 45
[29-Apr-2025 18:27:48 UTC] PHP Warning:  Undefined array key "funcionamientoPasosNormales" in /home/soluctem/sistema.soluctem.com.co/api/submit.php on line 46
[29-Apr-2025 18:27:48 UTC] PHP Warning:  Undefined array key "calidadTrabajo" in /home/soluctem/sistema.soluctem.com.co/api/submit.php on line 47
[29-Apr-2025 18:27:48 UTC] PHP Warning:  Undefined array key "limpiezaOrganizacionArmado" in /home/soluctem/sistema.soluctem.com.co/api/submit.php on line 48
[29-Apr-2025 18:27:48 UTC] PHP Warning:  Undefined array key "limpiezaOrganizacionAseado" in /home/soluctem/sistema.soluctem.com.co/api/submit.php on line 49
[29-Apr-2025 18:27:48 UTC] PHP Warning:  Undefined array key "capacitacionCausa" in /home/soluctem/sistema.soluctem.com.co/api/submit.php on line 50
[29-Apr-2025 18:27:48 UTC] PHP Warning:  Undefined array key "capacitacionPrevencion" in /home/soluctem/sistema.soluctem.com.co/api/submit.php on line 51
[29-Apr-2025 18:27:48 UTC] PHP Warning:  Undefined array key "capacitacionAccion" in /home/soluctem/sistema.soluctem.com.co/api/submit.php on line 52
[29-Apr-2025 18:27:48 UTC] PHP Warning:  Undefined array key "contratista1" in /home/soluctem/sistema.soluctem.com.co/api/submit.php on line 53
[29-Apr-2025 18:27:48 UTC] PHP Warning:  Undefined array key "cedula1" in /home/soluctem/sistema.soluctem.com.co/api/submit.php on line 54
[29-Apr-2025 18:27:48 UTC] PHP Warning:  Undefined array key "horaEntrada1" in /home/soluctem/sistema.soluctem.com.co/api/submit.php on line 55
[29-Apr-2025 18:27:48 UTC] PHP Warning:  Undefined array key "horaSalida1" in /home/soluctem/sistema.soluctem.com.co/api/submit.php on line 56
[29-Apr-2025 18:27:48 UTC] PHP Warning:  Undefined array key "contratista2" in /home/soluctem/sistema.soluctem.com.co/api/submit.php on line 57
[29-Apr-2025 18:27:48 UTC] PHP Warning:  Undefined array key "cedula2" in /home/soluctem/sistema.soluctem.com.co/api/submit.php on line 58
[29-Apr-2025 18:27:48 UTC] PHP Warning:  Undefined array key "horaEntrada2" in /home/soluctem/sistema.soluctem.com.co/api/submit.php on line 59
[29-Apr-2025 18:27:48 UTC] PHP Warning:  Undefined array key "horaSalida2" in /home/soluctem/sistema.soluctem.com.co/api/submit.php on line 60
[29-Apr-2025 18:27:48 UTC] PHP Warning:  Undefined array key "contratista3" in /home/soluctem/sistema.soluctem.com.co/api/submit.php on line 61
[29-Apr-2025 18:27:48 UTC] PHP Warning:  Undefined array key "cedula3" in /home/soluctem/sistema.soluctem.com.co/api/submit.php on line 62
[29-Apr-2025 18:27:48 UTC] PHP Warning:  Undefined array key "horaEntrada3" in /home/soluctem/sistema.soluctem.com.co/api/submit.php on line 63
[29-Apr-2025 18:27:48 UTC] PHP Warning:  Undefined array key "horaSalida3" in /home/soluctem/sistema.soluctem.com.co/api/submit.php on line 64
[29-Apr-2025 18:27:48 UTC] PHP Warning:  Undefined array key "contratista4" in /home/soluctem/sistema.soluctem.com.co/api/submit.php on line 65
[29-Apr-2025 18:27:48 UTC] PHP Warning:  Undefined array key "cedula4" in /home/soluctem/sistema.soluctem.com.co/api/submit.php on line 66
[29-Apr-2025 18:27:48 UTC] PHP Warning:  Undefined array key "horaEntrada4" in /home/soluctem/sistema.soluctem.com.co/api/submit.php on line 67
[29-Apr-2025 18:27:48 UTC] PHP Warning:  Undefined array key "horaSalida4" in /home/soluctem/sistema.soluctem.com.co/api/submit.php on line 68
[29-Apr-2025 18:27:48 UTC] PHP Warning:  Undefined array key "nombreFuncionario" in /home/soluctem/sistema.soluctem.com.co/api/submit.php on line 69
[29-Apr-2025 18:27:48 UTC] PHP Warning:  Undefined array key "cedulaFuncionario" in /home/soluctem/sistema.soluctem.com.co/api/submit.php on line 70
[29-Apr-2025 18:27:48 UTC] PHP Warning:  Undefined array key "cargoFuncionario" in /home/soluctem/sistema.soluctem.com.co/api/submit.php on line 71
[29-Apr-2025 18:27:48 UTC] PHP Warning:  Undefined array key "sapFuncionario" in /home/soluctem/sistema.soluctem.com.co/api/submit.php on line 72
[29-Apr-2025 18:27:48 UTC] PHP Warning:  Undefined array key "timestamp" in /home/soluctem/sistema.soluctem.com.co/api/submit.php on line 73
[29-Apr-2025 18:27:48 UTC] PHP Warning:  Undefined array key "asistenciaReparacion" in /home/soluctem/sistema.soluctem.com.co/api/submit.php on line 74
[29-Apr-2025 18:27:48 UTC] PHP Warning:  Undefined array key "asistenciaGarantia" in /home/soluctem/sistema.soluctem.com.co/api/submit.php on line 75
[29-Apr-2025 18:27:48 UTC] PHP Warning:  Undefined array key "asistenciaAjuste" in /home/soluctem/sistema.soluctem.com.co/api/submit.php on line 76
[29-Apr-2025 18:27:48 UTC] PHP Warning:  Undefined array key "asistenciaModificacion" in /home/soluctem/sistema.soluctem.com.co/api/submit.php on line 77
[29-Apr-2025 18:27:48 UTC] PHP Warning:  Undefined array key "asistenciaServicio" in /home/soluctem/sistema.soluctem.com.co/api/submit.php on line 78
[29-Apr-2025 18:27:48 UTC] PHP Warning:  Undefined array key "asistenciaMejora" in /home/soluctem/sistema.soluctem.com.co/api/submit.php on line 79
[29-Apr-2025 18:27:48 UTC] PHP Warning:  Undefined array key "asistenciaCombinacion" in /home/soluctem/sistema.soluctem.com.co/api/submit.php on line 80
[29-Apr-2025 18:27:48 UTC] PHP Warning:  Undefined array key "fallaOperacion" in /home/soluctem/sistema.soluctem.com.co/api/submit.php on line 81
[29-Apr-2025 18:27:48 UTC] PHP Warning:  Undefined array key "fallaMecanica" in /home/soluctem/sistema.soluctem.com.co/api/submit.php on line 82
[29-Apr-2025 18:27:48 UTC] PHP Warning:  Undefined array key "fallaElectrica" in /home/soluctem/sistema.soluctem.com.co/api/submit.php on line 83
[29-Apr-2025 18:27:48 UTC] PHP Warning:  Undefined array key "fallaTerceros" in /home/soluctem/sistema.soluctem.com.co/api/submit.php on line 84
[29-Apr-2025 18:27:48 UTC] PHP Warning:  Undefined array key "fallaFabricacion" in /home/soluctem/sistema.soluctem.com.co/api/submit.php on line 85
[29-Apr-2025 18:27:48 UTC] PHP Warning:  Undefined array key "firma_digital_cliente" in /home/soluctem/sistema.soluctem.com.co/api/submit.php on line 86
[29-Apr-2025 18:27:48 UTC] PHP Warning:  Undefined array key "firma_digital_tecnico" in /home/soluctem/sistema.soluctem.com.co/api/submit.php on line 87
[29-Apr-2025 18:44:53 UTC] PHP Warning:  Undefined array key "nombreSolicitante" in /home/soluctem/sistema.soluctem.com.co/api/submit.php on line 28
[29-Apr-2025 18:44:53 UTC] PHP Warning:  Undefined array key "cargo" in /home/soluctem/sistema.soluctem.com.co/api/submit.php on line 29
[29-Apr-2025 18:44:53 UTC] PHP Warning:  Undefined array key "nombreTienda" in /home/soluctem/sistema.soluctem.com.co/api/submit.php on line 30
[29-Apr-2025 18:44:53 UTC] PHP Warning:  Undefined array key "numeroTienda" in /home/soluctem/sistema.soluctem.com.co/api/submit.php on line 31
[29-Apr-2025 18:44:53 UTC] PHP Warning:  Undefined array key "numeroTicket" in /home/soluctem/sistema.soluctem.com.co/api/submit.php on line 32
[29-Apr-2025 18:44:53 UTC] PHP Warning:  Undefined array key "fecha" in /home/soluctem/sistema.soluctem.com.co/api/submit.php on line 33
[29-Apr-2025 18:44:53 UTC] PHP Warning:  Undefined array key "municipio" in /home/soluctem/sistema.soluctem.com.co/api/submit.php on line 34
[29-Apr-2025 18:44:53 UTC] PHP Warning:  Undefined array key "departamento" in /home/soluctem/sistema.soluctem.com.co/api/submit.php on line 35
[29-Apr-2025 18:44:53 UTC] PHP Warning:  Undefined array key "nombreEquipo" in /home/soluctem/sistema.soluctem.com.co/api/submit.php on line 36
[29-Apr-2025 18:44:53 UTC] PHP Warning:  Undefined array key "marca" in /home/soluctem/sistema.soluctem.com.co/api/submit.php on line 37
[29-Apr-2025 18:44:53 UTC] PHP Warning:  Undefined array key "serial" in /home/soluctem/sistema.soluctem.com.co/api/submit.php on line 38
[29-Apr-2025 18:44:53 UTC] PHP Warning:  Undefined array key "descripcionFalla" in /home/soluctem/sistema.soluctem.com.co/api/submit.php on line 39
[29-Apr-2025 18:44:53 UTC] PHP Warning:  Undefined array key "diagnosticoTecnico" in /home/soluctem/sistema.soluctem.com.co/api/submit.php on line 40
[29-Apr-2025 18:44:53 UTC] PHP Warning:  Undefined array key "repuestosCambiados" in /home/soluctem/sistema.soluctem.com.co/api/submit.php on line 41
[29-Apr-2025 18:44:53 UTC] PHP Warning:  Undefined array key "observaciones" in /home/soluctem/sistema.soluctem.com.co/api/submit.php on line 42
[29-Apr-2025 18:44:53 UTC] PHP Warning:  Undefined array key "seguridadRiesgoAccidentalidad" in /home/soluctem/sistema.soluctem.com.co/api/submit.php on line 43
[29-Apr-2025 18:44:53 UTC] PHP Warning:  Undefined array key "seguridadRiesgoEquipo" in /home/soluctem/sistema.soluctem.com.co/api/submit.php on line 44
[29-Apr-2025 18:44:53 UTC] PHP Warning:  Undefined array key "funcionamientoFallaSolucionada" in /home/soluctem/sistema.soluctem.com.co/api/submit.php on line 45
[29-Apr-2025 18:44:53 UTC] PHP Warning:  Undefined array key "funcionamientoPasosNormales" in /home/soluctem/sistema.soluctem.com.co/api/submit.php on line 46
[29-Apr-2025 18:44:53 UTC] PHP Warning:  Undefined array key "calidadTrabajo" in /home/soluctem/sistema.soluctem.com.co/api/submit.php on line 47
[29-Apr-2025 18:44:53 UTC] PHP Warning:  Undefined array key "limpiezaOrganizacionArmado" in /home/soluctem/sistema.soluctem.com.co/api/submit.php on line 48
[29-Apr-2025 18:44:53 UTC] PHP Warning:  Undefined array key "limpiezaOrganizacionAseado" in /home/soluctem/sistema.soluctem.com.co/api/submit.php on line 49
[29-Apr-2025 18:44:53 UTC] PHP Warning:  Undefined array key "capacitacionCausa" in /home/soluctem/sistema.soluctem.com.co/api/submit.php on line 50
[29-Apr-2025 18:44:53 UTC] PHP Warning:  Undefined array key "capacitacionPrevencion" in /home/soluctem/sistema.soluctem.com.co/api/submit.php on line 51
[29-Apr-2025 18:44:53 UTC] PHP Warning:  Undefined array key "capacitacionAccion" in /home/soluctem/sistema.soluctem.com.co/api/submit.php on line 52
[29-Apr-2025 18:44:53 UTC] PHP Warning:  Undefined array key "contratista1" in /home/soluctem/sistema.soluctem.com.co/api/submit.php on line 53
[29-Apr-2025 18:44:53 UTC] PHP Warning:  Undefined array key "cedula1" in /home/soluctem/sistema.soluctem.com.co/api/submit.php on line 54
[29-Apr-2025 18:44:53 UTC] PHP Warning:  Undefined array key "horaEntrada1" in /home/soluctem/sistema.soluctem.com.co/api/submit.php on line 55
[29-Apr-2025 18:44:53 UTC] PHP Warning:  Undefined array key "horaSalida1" in /home/soluctem/sistema.soluctem.com.co/api/submit.php on line 56
[29-Apr-2025 18:44:53 UTC] PHP Warning:  Undefined array key "contratista2" in /home/soluctem/sistema.soluctem.com.co/api/submit.php on line 57
[29-Apr-2025 18:44:53 UTC] PHP Warning:  Undefined array key "cedula2" in /home/soluctem/sistema.soluctem.com.co/api/submit.php on line 58
[29-Apr-2025 18:44:53 UTC] PHP Warning:  Undefined array key "horaEntrada2" in /home/soluctem/sistema.soluctem.com.co/api/submit.php on line 59
[29-Apr-2025 18:44:53 UTC] PHP Warning:  Undefined array key "horaSalida2" in /home/soluctem/sistema.soluctem.com.co/api/submit.php on line 60
[29-Apr-2025 18:44:53 UTC] PHP Warning:  Undefined array key "contratista3" in /home/soluctem/sistema.soluctem.com.co/api/submit.php on line 61
[29-Apr-2025 18:44:53 UTC] PHP Warning:  Undefined array key "cedula3" in /home/soluctem/sistema.soluctem.com.co/api/submit.php on line 62
[29-Apr-2025 18:44:53 UTC] PHP Warning:  Undefined array key "horaEntrada3" in /home/soluctem/sistema.soluctem.com.co/api/submit.php on line 63
[29-Apr-2025 18:44:53 UTC] PHP Warning:  Undefined array key "horaSalida3" in /home/soluctem/sistema.soluctem.com.co/api/submit.php on line 64
[29-Apr-2025 18:44:53 UTC] PHP Warning:  Undefined array key "contratista4" in /home/soluctem/sistema.soluctem.com.co/api/submit.php on line 65
[29-Apr-2025 18:44:53 UTC] PHP Warning:  Undefined array key "cedula4" in /home/soluctem/sistema.soluctem.com.co/api/submit.php on line 66
[29-Apr-2025 18:44:53 UTC] PHP Warning:  Undefined array key "horaEntrada4" in /home/soluctem/sistema.soluctem.com.co/api/submit.php on line 67
[29-Apr-2025 18:44:53 UTC] PHP Warning:  Undefined array key "horaSalida4" in /home/soluctem/sistema.soluctem.com.co/api/submit.php on line 68
[29-Apr-2025 18:44:53 UTC] PHP Warning:  Undefined array key "nombreFuncionario" in /home/soluctem/sistema.soluctem.com.co/api/submit.php on line 69
[29-Apr-2025 18:44:53 UTC] PHP Warning:  Undefined array key "cedulaFuncionario" in /home/soluctem/sistema.soluctem.com.co/api/submit.php on line 70
[29-Apr-2025 18:44:53 UTC] PHP Warning:  Undefined array key "cargoFuncionario" in /home/soluctem/sistema.soluctem.com.co/api/submit.php on line 71
[29-Apr-2025 18:44:53 UTC] PHP Warning:  Undefined array key "sapFuncionario" in /home/soluctem/sistema.soluctem.com.co/api/submit.php on line 72
[29-Apr-2025 18:44:53 UTC] PHP Warning:  Undefined array key "timestamp" in /home/soluctem/sistema.soluctem.com.co/api/submit.php on line 73
[29-Apr-2025 18:44:53 UTC] PHP Warning:  Undefined array key "asistenciaReparacion" in /home/soluctem/sistema.soluctem.com.co/api/submit.php on line 74
[29-Apr-2025 18:44:53 UTC] PHP Warning:  Undefined array key "asistenciaGarantia" in /home/soluctem/sistema.soluctem.com.co/api/submit.php on line 75
[29-Apr-2025 18:44:53 UTC] PHP Warning:  Undefined array key "asistenciaAjuste" in /home/soluctem/sistema.soluctem.com.co/api/submit.php on line 76
[29-Apr-2025 18:44:53 UTC] PHP Warning:  Undefined array key "asistenciaModificacion" in /home/soluctem/sistema.soluctem.com.co/api/submit.php on line 77
[29-Apr-2025 18:44:53 UTC] PHP Warning:  Undefined array key "asistenciaServicio" in /home/soluctem/sistema.soluctem.com.co/api/submit.php on line 78
[29-Apr-2025 18:44:53 UTC] PHP Warning:  Undefined array key "asistenciaMejora" in /home/soluctem/sistema.soluctem.com.co/api/submit.php on line 79
[29-Apr-2025 18:44:53 UTC] PHP Warning:  Undefined array key "asistenciaCombinacion" in /home/soluctem/sistema.soluctem.com.co/api/submit.php on line 80
[29-Apr-2025 18:44:53 UTC] PHP Warning:  Undefined array key "fallaOperacion" in /home/soluctem/sistema.soluctem.com.co/api/submit.php on line 81
[29-Apr-2025 18:44:53 UTC] PHP Warning:  Undefined array key "fallaMecanica" in /home/soluctem/sistema.soluctem.com.co/api/submit.php on line 82
[29-Apr-2025 18:44:53 UTC] PHP Warning:  Undefined array key "fallaElectrica" in /home/soluctem/sistema.soluctem.com.co/api/submit.php on line 83
[29-Apr-2025 18:44:53 UTC] PHP Warning:  Undefined array key "fallaTerceros" in /home/soluctem/sistema.soluctem.com.co/api/submit.php on line 84
[29-Apr-2025 18:44:53 UTC] PHP Warning:  Undefined array key "fallaFabricacion" in /home/soluctem/sistema.soluctem.com.co/api/submit.php on line 85
[29-Apr-2025 18:44:53 UTC] PHP Warning:  Undefined array key "firma_digital_cliente" in /home/soluctem/sistema.soluctem.com.co/api/submit.php on line 86
[29-Apr-2025 18:44:53 UTC] PHP Warning:  Undefined array key "firma_digital_tecnico" in /home/soluctem/sistema.soluctem.com.co/api/submit.php on line 87
[29-Apr-2025 18:49:11 UTC] PHP Warning:  Undefined array key "nombreSolicitante" in /home/soluctem/sistema.soluctem.com.co/api/submit.php on line 28
[29-Apr-2025 18:49:11 UTC] PHP Warning:  Undefined array key "cargo" in /home/soluctem/sistema.soluctem.com.co/api/submit.php on line 29
[29-Apr-2025 18:49:11 UTC] PHP Warning:  Undefined array key "nombreTienda" in /home/soluctem/sistema.soluctem.com.co/api/submit.php on line 30
[29-Apr-2025 18:49:11 UTC] PHP Warning:  Undefined array key "numeroTienda" in /home/soluctem/sistema.soluctem.com.co/api/submit.php on line 31
[29-Apr-2025 18:49:11 UTC] PHP Warning:  Undefined array key "numeroTicket" in /home/soluctem/sistema.soluctem.com.co/api/submit.php on line 32
[29-Apr-2025 18:49:11 UTC] PHP Warning:  Undefined array key "fecha" in /home/soluctem/sistema.soluctem.com.co/api/submit.php on line 33
[29-Apr-2025 18:49:11 UTC] PHP Warning:  Undefined array key "municipio" in /home/soluctem/sistema.soluctem.com.co/api/submit.php on line 34
[29-Apr-2025 18:49:11 UTC] PHP Warning:  Undefined array key "departamento" in /home/soluctem/sistema.soluctem.com.co/api/submit.php on line 35
[29-Apr-2025 18:49:11 UTC] PHP Warning:  Undefined array key "nombreEquipo" in /home/soluctem/sistema.soluctem.com.co/api/submit.php on line 36
[29-Apr-2025 18:49:11 UTC] PHP Warning:  Undefined array key "marca" in /home/soluctem/sistema.soluctem.com.co/api/submit.php on line 37
[29-Apr-2025 18:49:11 UTC] PHP Warning:  Undefined array key "serial" in /home/soluctem/sistema.soluctem.com.co/api/submit.php on line 38
[29-Apr-2025 18:49:11 UTC] PHP Warning:  Undefined array key "descripcionFalla" in /home/soluctem/sistema.soluctem.com.co/api/submit.php on line 39
[29-Apr-2025 18:49:11 UTC] PHP Warning:  Undefined array key "diagnosticoTecnico" in /home/soluctem/sistema.soluctem.com.co/api/submit.php on line 40
[29-Apr-2025 18:49:11 UTC] PHP Warning:  Undefined array key "repuestosCambiados" in /home/soluctem/sistema.soluctem.com.co/api/submit.php on line 41
[29-Apr-2025 18:49:11 UTC] PHP Warning:  Undefined array key "observaciones" in /home/soluctem/sistema.soluctem.com.co/api/submit.php on line 42
[29-Apr-2025 18:49:11 UTC] PHP Warning:  Undefined array key "seguridadRiesgoAccidentalidad" in /home/soluctem/sistema.soluctem.com.co/api/submit.php on line 43
[29-Apr-2025 18:49:11 UTC] PHP Warning:  Undefined array key "seguridadRiesgoEquipo" in /home/soluctem/sistema.soluctem.com.co/api/submit.php on line 44
[29-Apr-2025 18:49:11 UTC] PHP Warning:  Undefined array key "funcionamientoFallaSolucionada" in /home/soluctem/sistema.soluctem.com.co/api/submit.php on line 45
[29-Apr-2025 18:49:11 UTC] PHP Warning:  Undefined array key "funcionamientoPasosNormales" in /home/soluctem/sistema.soluctem.com.co/api/submit.php on line 46
[29-Apr-2025 18:49:11 UTC] PHP Warning:  Undefined array key "calidadTrabajo" in /home/soluctem/sistema.soluctem.com.co/api/submit.php on line 47
[29-Apr-2025 18:49:11 UTC] PHP Warning:  Undefined array key "limpiezaOrganizacionArmado" in /home/soluctem/sistema.soluctem.com.co/api/submit.php on line 48
[29-Apr-2025 18:49:11 UTC] PHP Warning:  Undefined array key "limpiezaOrganizacionAseado" in /home/soluctem/sistema.soluctem.com.co/api/submit.php on line 49
[29-Apr-2025 18:49:11 UTC] PHP Warning:  Undefined array key "capacitacionCausa" in /home/soluctem/sistema.soluctem.com.co/api/submit.php on line 50
[29-Apr-2025 18:49:11 UTC] PHP Warning:  Undefined array key "capacitacionPrevencion" in /home/soluctem/sistema.soluctem.com.co/api/submit.php on line 51
[29-Apr-2025 18:49:11 UTC] PHP Warning:  Undefined array key "capacitacionAccion" in /home/soluctem/sistema.soluctem.com.co/api/submit.php on line 52
[29-Apr-2025 18:49:11 UTC] PHP Warning:  Undefined array key "contratista1" in /home/soluctem/sistema.soluctem.com.co/api/submit.php on line 53
[29-Apr-2025 18:49:11 UTC] PHP Warning:  Undefined array key "cedula1" in /home/soluctem/sistema.soluctem.com.co/api/submit.php on line 54
[29-Apr-2025 18:49:11 UTC] PHP Warning:  Undefined array key "horaEntrada1" in /home/soluctem/sistema.soluctem.com.co/api/submit.php on line 55
[29-Apr-2025 18:49:11 UTC] PHP Warning:  Undefined array key "horaSalida1" in /home/soluctem/sistema.soluctem.com.co/api/submit.php on line 56
[29-Apr-2025 18:49:11 UTC] PHP Warning:  Undefined array key "contratista2" in /home/soluctem/sistema.soluctem.com.co/api/submit.php on line 57
[29-Apr-2025 18:49:11 UTC] PHP Warning:  Undefined array key "cedula2" in /home/soluctem/sistema.soluctem.com.co/api/submit.php on line 58
[29-Apr-2025 18:49:11 UTC] PHP Warning:  Undefined array key "horaEntrada2" in /home/soluctem/sistema.soluctem.com.co/api/submit.php on line 59
[29-Apr-2025 18:49:11 UTC] PHP Warning:  Undefined array key "horaSalida2" in /home/soluctem/sistema.soluctem.com.co/api/submit.php on line 60
[29-Apr-2025 18:49:11 UTC] PHP Warning:  Undefined array key "contratista3" in /home/soluctem/sistema.soluctem.com.co/api/submit.php on line 61
[29-Apr-2025 18:49:11 UTC] PHP Warning:  Undefined array key "cedula3" in /home/soluctem/sistema.soluctem.com.co/api/submit.php on line 62
[29-Apr-2025 18:49:11 UTC] PHP Warning:  Undefined array key "horaEntrada3" in /home/soluctem/sistema.soluctem.com.co/api/submit.php on line 63
[29-Apr-2025 18:49:11 UTC] PHP Warning:  Undefined array key "horaSalida3" in /home/soluctem/sistema.soluctem.com.co/api/submit.php on line 64
[29-Apr-2025 18:49:11 UTC] PHP Warning:  Undefined array key "contratista4" in /home/soluctem/sistema.soluctem.com.co/api/submit.php on line 65
[29-Apr-2025 18:49:11 UTC] PHP Warning:  Undefined array key "cedula4" in /home/soluctem/sistema.soluctem.com.co/api/submit.php on line 66
[29-Apr-2025 18:49:11 UTC] PHP Warning:  Undefined array key "horaEntrada4" in /home/soluctem/sistema.soluctem.com.co/api/submit.php on line 67
[29-Apr-2025 18:49:11 UTC] PHP Warning:  Undefined array key "horaSalida4" in /home/soluctem/sistema.soluctem.com.co/api/submit.php on line 68
[29-Apr-2025 18:49:11 UTC] PHP Warning:  Undefined array key "nombreFuncionario" in /home/soluctem/sistema.soluctem.com.co/api/submit.php on line 69
[29-Apr-2025 18:49:11 UTC] PHP Warning:  Undefined array key "cedulaFuncionario" in /home/soluctem/sistema.soluctem.com.co/api/submit.php on line 70
[29-Apr-2025 18:49:11 UTC] PHP Warning:  Undefined array key "cargoFuncionario" in /home/soluctem/sistema.soluctem.com.co/api/submit.php on line 71
[29-Apr-2025 18:49:11 UTC] PHP Warning:  Undefined array key "sapFuncionario" in /home/soluctem/sistema.soluctem.com.co/api/submit.php on line 72
[29-Apr-2025 18:49:11 UTC] PHP Warning:  Undefined array key "timestamp" in /home/soluctem/sistema.soluctem.com.co/api/submit.php on line 73
[29-Apr-2025 18:49:11 UTC] PHP Warning:  Undefined array key "asistenciaReparacion" in /home/soluctem/sistema.soluctem.com.co/api/submit.php on line 74
[29-Apr-2025 18:49:11 UTC] PHP Warning:  Undefined array key "asistenciaGarantia" in /home/soluctem/sistema.soluctem.com.co/api/submit.php on line 75
[29-Apr-2025 18:49:11 UTC] PHP Warning:  Undefined array key "asistenciaAjuste" in /home/soluctem/sistema.soluctem.com.co/api/submit.php on line 76
[29-Apr-2025 18:49:11 UTC] PHP Warning:  Undefined array key "asistenciaModificacion" in /home/soluctem/sistema.soluctem.com.co/api/submit.php on line 77
[29-Apr-2025 18:49:11 UTC] PHP Warning:  Undefined array key "asistenciaServicio" in /home/soluctem/sistema.soluctem.com.co/api/submit.php on line 78
[29-Apr-2025 18:49:11 UTC] PHP Warning:  Undefined array key "asistenciaMejora" in /home/soluctem/sistema.soluctem.com.co/api/submit.php on line 79
[29-Apr-2025 18:49:11 UTC] PHP Warning:  Undefined array key "asistenciaCombinacion" in /home/soluctem/sistema.soluctem.com.co/api/submit.php on line 80
[29-Apr-2025 18:49:11 UTC] PHP Warning:  Undefined array key "fallaOperacion" in /home/soluctem/sistema.soluctem.com.co/api/submit.php on line 81
[29-Apr-2025 18:49:11 UTC] PHP Warning:  Undefined array key "fallaMecanica" in /home/soluctem/sistema.soluctem.com.co/api/submit.php on line 82
[29-Apr-2025 18:49:11 UTC] PHP Warning:  Undefined array key "fallaElectrica" in /home/soluctem/sistema.soluctem.com.co/api/submit.php on line 83
[29-Apr-2025 18:49:11 UTC] PHP Warning:  Undefined array key "fallaTerceros" in /home/soluctem/sistema.soluctem.com.co/api/submit.php on line 84
[29-Apr-2025 18:49:11 UTC] PHP Warning:  Undefined array key "fallaFabricacion" in /home/soluctem/sistema.soluctem.com.co/api/submit.php on line 85
[29-Apr-2025 18:49:11 UTC] PHP Warning:  Undefined array key "firma_digital_cliente" in /home/soluctem/sistema.soluctem.com.co/api/submit.php on line 86
[29-Apr-2025 18:49:11 UTC] PHP Warning:  Undefined array key "firma_digital_tecnico" in /home/soluctem/sistema.soluctem.com.co/api/submit.php on line 87
[29-Apr-2025 18:55:59 UTC] PHP Warning:  Undefined array key "nombreSolicitante" in /home/soluctem/sistema.soluctem.com.co/api/submit.php on line 28
[29-Apr-2025 18:55:59 UTC] PHP Warning:  Undefined array key "cargo" in /home/soluctem/sistema.soluctem.com.co/api/submit.php on line 29
[29-Apr-2025 18:55:59 UTC] PHP Warning:  Undefined array key "nombreTienda" in /home/soluctem/sistema.soluctem.com.co/api/submit.php on line 30
[29-Apr-2025 18:55:59 UTC] PHP Warning:  Undefined array key "numeroTienda" in /home/soluctem/sistema.soluctem.com.co/api/submit.php on line 31
[29-Apr-2025 18:55:59 UTC] PHP Warning:  Undefined array key "numeroTicket" in /home/soluctem/sistema.soluctem.com.co/api/submit.php on line 32
[29-Apr-2025 18:55:59 UTC] PHP Warning:  Undefined array key "fecha" in /home/soluctem/sistema.soluctem.com.co/api/submit.php on line 33
[29-Apr-2025 18:55:59 UTC] PHP Warning:  Undefined array key "municipio" in /home/soluctem/sistema.soluctem.com.co/api/submit.php on line 34
[29-Apr-2025 18:55:59 UTC] PHP Warning:  Undefined array key "departamento" in /home/soluctem/sistema.soluctem.com.co/api/submit.php on line 35
[29-Apr-2025 18:55:59 UTC] PHP Warning:  Undefined array key "nombreEquipo" in /home/soluctem/sistema.soluctem.com.co/api/submit.php on line 36
[29-Apr-2025 18:55:59 UTC] PHP Warning:  Undefined array key "marca" in /home/soluctem/sistema.soluctem.com.co/api/submit.php on line 37
[29-Apr-2025 18:55:59 UTC] PHP Warning:  Undefined array key "serial" in /home/soluctem/sistema.soluctem.com.co/api/submit.php on line 38
[29-Apr-2025 18:55:59 UTC] PHP Warning:  Undefined array key "descripcionFalla" in /home/soluctem/sistema.soluctem.com.co/api/submit.php on line 39
[29-Apr-2025 18:55:59 UTC] PHP Warning:  Undefined array key "diagnosticoTecnico" in /home/soluctem/sistema.soluctem.com.co/api/submit.php on line 40
[29-Apr-2025 18:55:59 UTC] PHP Warning:  Undefined array key "repuestosCambiados" in /home/soluctem/sistema.soluctem.com.co/api/submit.php on line 41
[29-Apr-2025 18:55:59 UTC] PHP Warning:  Undefined array key "observaciones" in /home/soluctem/sistema.soluctem.com.co/api/submit.php on line 42
[29-Apr-2025 18:55:59 UTC] PHP Warning:  Undefined array key "seguridadRiesgoAccidentalidad" in /home/soluctem/sistema.soluctem.com.co/api/submit.php on line 43
[29-Apr-2025 18:55:59 UTC] PHP Warning:  Undefined array key "seguridadRiesgoEquipo" in /home/soluctem/sistema.soluctem.com.co/api/submit.php on line 44
[29-Apr-2025 18:55:59 UTC] PHP Warning:  Undefined array key "funcionamientoFallaSolucionada" in /home/soluctem/sistema.soluctem.com.co/api/submit.php on line 45
[29-Apr-2025 18:55:59 UTC] PHP Warning:  Undefined array key "funcionamientoPasosNormales" in /home/soluctem/sistema.soluctem.com.co/api/submit.php on line 46
[29-Apr-2025 18:55:59 UTC] PHP Warning:  Undefined array key "calidadTrabajo" in /home/soluctem/sistema.soluctem.com.co/api/submit.php on line 47
[29-Apr-2025 18:55:59 UTC] PHP Warning:  Undefined array key "limpiezaOrganizacionArmado" in /home/soluctem/sistema.soluctem.com.co/api/submit.php on line 48
[29-Apr-2025 18:55:59 UTC] PHP Warning:  Undefined array key "limpiezaOrganizacionAseado" in /home/soluctem/sistema.soluctem.com.co/api/submit.php on line 49
[29-Apr-2025 18:55:59 UTC] PHP Warning:  Undefined array key "capacitacionCausa" in /home/soluctem/sistema.soluctem.com.co/api/submit.php on line 50
[29-Apr-2025 18:55:59 UTC] PHP Warning:  Undefined array key "capacitacionPrevencion" in /home/soluctem/sistema.soluctem.com.co/api/submit.php on line 51
[29-Apr-2025 18:55:59 UTC] PHP Warning:  Undefined array key "capacitacionAccion" in /home/soluctem/sistema.soluctem.com.co/api/submit.php on line 52
[29-Apr-2025 18:55:59 UTC] PHP Warning:  Undefined array key "contratista1" in /home/soluctem/sistema.soluctem.com.co/api/submit.php on line 53
[29-Apr-2025 18:55:59 UTC] PHP Warning:  Undefined array key "cedula1" in /home/soluctem/sistema.soluctem.com.co/api/submit.php on line 54
[29-Apr-2025 18:55:59 UTC] PHP Warning:  Undefined array key "horaEntrada1" in /home/soluctem/sistema.soluctem.com.co/api/submit.php on line 55
[29-Apr-2025 18:55:59 UTC] PHP Warning:  Undefined array key "horaSalida1" in /home/soluctem/sistema.soluctem.com.co/api/submit.php on line 56
[29-Apr-2025 18:55:59 UTC] PHP Warning:  Undefined array key "contratista2" in /home/soluctem/sistema.soluctem.com.co/api/submit.php on line 57
[29-Apr-2025 18:55:59 UTC] PHP Warning:  Undefined array key "cedula2" in /home/soluctem/sistema.soluctem.com.co/api/submit.php on line 58
[29-Apr-2025 18:55:59 UTC] PHP Warning:  Undefined array key "horaEntrada2" in /home/soluctem/sistema.soluctem.com.co/api/submit.php on line 59
[29-Apr-2025 18:55:59 UTC] PHP Warning:  Undefined array key "horaSalida2" in /home/soluctem/sistema.soluctem.com.co/api/submit.php on line 60
[29-Apr-2025 18:55:59 UTC] PHP Warning:  Undefined array key "contratista3" in /home/soluctem/sistema.soluctem.com.co/api/submit.php on line 61
[29-Apr-2025 18:55:59 UTC] PHP Warning:  Undefined array key "cedula3" in /home/soluctem/sistema.soluctem.com.co/api/submit.php on line 62
[29-Apr-2025 18:55:59 UTC] PHP Warning:  Undefined array key "horaEntrada3" in /home/soluctem/sistema.soluctem.com.co/api/submit.php on line 63
[29-Apr-2025 18:55:59 UTC] PHP Warning:  Undefined array key "horaSalida3" in /home/soluctem/sistema.soluctem.com.co/api/submit.php on line 64
[29-Apr-2025 18:55:59 UTC] PHP Warning:  Undefined array key "contratista4" in /home/soluctem/sistema.soluctem.com.co/api/submit.php on line 65
[29-Apr-2025 18:55:59 UTC] PHP Warning:  Undefined array key "cedula4" in /home/soluctem/sistema.soluctem.com.co/api/submit.php on line 66
[29-Apr-2025 18:55:59 UTC] PHP Warning:  Undefined array key "horaEntrada4" in /home/soluctem/sistema.soluctem.com.co/api/submit.php on line 67
[29-Apr-2025 18:55:59 UTC] PHP Warning:  Undefined array key "horaSalida4" in /home/soluctem/sistema.soluctem.com.co/api/submit.php on line 68
[29-Apr-2025 18:55:59 UTC] PHP Warning:  Undefined array key "nombreFuncionario" in /home/soluctem/sistema.soluctem.com.co/api/submit.php on line 69
[29-Apr-2025 18:55:59 UTC] PHP Warning:  Undefined array key "cedulaFuncionario" in /home/soluctem/sistema.soluctem.com.co/api/submit.php on line 70
[29-Apr-2025 18:55:59 UTC] PHP Warning:  Undefined array key "cargoFuncionario" in /home/soluctem/sistema.soluctem.com.co/api/submit.php on line 71
[29-Apr-2025 18:55:59 UTC] PHP Warning:  Undefined array key "sapFuncionario" in /home/soluctem/sistema.soluctem.com.co/api/submit.php on line 72
[29-Apr-2025 18:55:59 UTC] PHP Warning:  Undefined array key "timestamp" in /home/soluctem/sistema.soluctem.com.co/api/submit.php on line 73
[29-Apr-2025 18:55:59 UTC] PHP Warning:  Undefined array key "asistenciaReparacion" in /home/soluctem/sistema.soluctem.com.co/api/submit.php on line 74
[29-Apr-2025 18:55:59 UTC] PHP Warning:  Undefined array key "asistenciaGarantia" in /home/soluctem/sistema.soluctem.com.co/api/submit.php on line 75
[29-Apr-2025 18:55:59 UTC] PHP Warning:  Undefined array key "asistenciaAjuste" in /home/soluctem/sistema.soluctem.com.co/api/submit.php on line 76
[29-Apr-2025 18:55:59 UTC] PHP Warning:  Undefined array key "asistenciaModificacion" in /home/soluctem/sistema.soluctem.com.co/api/submit.php on line 77
[29-Apr-2025 18:55:59 UTC] PHP Warning:  Undefined array key "asistenciaServicio" in /home/soluctem/sistema.soluctem.com.co/api/submit.php on line 78
[29-Apr-2025 18:55:59 UTC] PHP Warning:  Undefined array key "asistenciaMejora" in /home/soluctem/sistema.soluctem.com.co/api/submit.php on line 79
[29-Apr-2025 18:55:59 UTC] PHP Warning:  Undefined array key "asistenciaCombinacion" in /home/soluctem/sistema.soluctem.com.co/api/submit.php on line 80
[29-Apr-2025 18:55:59 UTC] PHP Warning:  Undefined array key "fallaOperacion" in /home/soluctem/sistema.soluctem.com.co/api/submit.php on line 81
[29-Apr-2025 18:55:59 UTC] PHP Warning:  Undefined array key "fallaMecanica" in /home/soluctem/sistema.soluctem.com.co/api/submit.php on line 82
[29-Apr-2025 18:55:59 UTC] PHP Warning:  Undefined array key "fallaElectrica" in /home/soluctem/sistema.soluctem.com.co/api/submit.php on line 83
[29-Apr-2025 18:55:59 UTC] PHP Warning:  Undefined array key "fallaTerceros" in /home/soluctem/sistema.soluctem.com.co/api/submit.php on line 84
[29-Apr-2025 18:55:59 UTC] PHP Warning:  Undefined array key "fallaFabricacion" in /home/soluctem/sistema.soluctem.com.co/api/submit.php on line 85
[29-Apr-2025 18:55:59 UTC] PHP Warning:  Undefined array key "firma_digital_cliente" in /home/soluctem/sistema.soluctem.com.co/api/submit.php on line 86
[29-Apr-2025 18:55:59 UTC] PHP Warning:  Undefined array key "firma_digital_tecnico" in /home/soluctem/sistema.soluctem.com.co/api/submit.php on line 87
[29-Apr-2025 21:50:05 UTC] PHP Warning:  Undefined array key "nombreSolicitante" in /home/soluctem/sistema.soluctem.com.co/api/submit.php on line 28
[29-Apr-2025 21:50:05 UTC] PHP Warning:  Undefined array key "cargo" in /home/soluctem/sistema.soluctem.com.co/api/submit.php on line 29
[29-Apr-2025 21:50:05 UTC] PHP Warning:  Undefined array key "nombreTienda" in /home/soluctem/sistema.soluctem.com.co/api/submit.php on line 30
[29-Apr-2025 21:50:05 UTC] PHP Warning:  Undefined array key "numeroTienda" in /home/soluctem/sistema.soluctem.com.co/api/submit.php on line 31
[29-Apr-2025 21:50:05 UTC] PHP Warning:  Undefined array key "numeroTicket" in /home/soluctem/sistema.soluctem.com.co/api/submit.php on line 32
[29-Apr-2025 21:50:05 UTC] PHP Warning:  Undefined array key "fecha" in /home/soluctem/sistema.soluctem.com.co/api/submit.php on line 33
[29-Apr-2025 21:50:05 UTC] PHP Warning:  Undefined array key "municipio" in /home/soluctem/sistema.soluctem.com.co/api/submit.php on line 34
[29-Apr-2025 21:50:05 UTC] PHP Warning:  Undefined array key "departamento" in /home/soluctem/sistema.soluctem.com.co/api/submit.php on line 35
[29-Apr-2025 21:50:05 UTC] PHP Warning:  Undefined array key "nombreEquipo" in /home/soluctem/sistema.soluctem.com.co/api/submit.php on line 36
[29-Apr-2025 21:50:05 UTC] PHP Warning:  Undefined array key "marca" in /home/soluctem/sistema.soluctem.com.co/api/submit.php on line 37
[29-Apr-2025 21:50:05 UTC] PHP Warning:  Undefined array key "serial" in /home/soluctem/sistema.soluctem.com.co/api/submit.php on line 38
[29-Apr-2025 21:50:05 UTC] PHP Warning:  Undefined array key "descripcionFalla" in /home/soluctem/sistema.soluctem.com.co/api/submit.php on line 39
[29-Apr-2025 21:50:05 UTC] PHP Warning:  Undefined array key "diagnosticoTecnico" in /home/soluctem/sistema.soluctem.com.co/api/submit.php on line 40
[29-Apr-2025 21:50:05 UTC] PHP Warning:  Undefined array key "repuestosCambiados" in /home/soluctem/sistema.soluctem.com.co/api/submit.php on line 41
[29-Apr-2025 21:50:05 UTC] PHP Warning:  Undefined array key "observaciones" in /home/soluctem/sistema.soluctem.com.co/api/submit.php on line 42
[29-Apr-2025 21:50:05 UTC] PHP Warning:  Undefined array key "seguridadRiesgoAccidentalidad" in /home/soluctem/sistema.soluctem.com.co/api/submit.php on line 43
[29-Apr-2025 21:50:05 UTC] PHP Warning:  Undefined array key "seguridadRiesgoEquipo" in /home/soluctem/sistema.soluctem.com.co/api/submit.php on line 44
[29-Apr-2025 21:50:05 UTC] PHP Warning:  Undefined array key "funcionamientoFallaSolucionada" in /home/soluctem/sistema.soluctem.com.co/api/submit.php on line 45
[29-Apr-2025 21:50:05 UTC] PHP Warning:  Undefined array key "funcionamientoPasosNormales" in /home/soluctem/sistema.soluctem.com.co/api/submit.php on line 46
[29-Apr-2025 21:50:05 UTC] PHP Warning:  Undefined array key "calidadTrabajo" in /home/soluctem/sistema.soluctem.com.co/api/submit.php on line 47
[29-Apr-2025 21:50:05 UTC] PHP Warning:  Undefined array key "limpiezaOrganizacionArmado" in /home/soluctem/sistema.soluctem.com.co/api/submit.php on line 48
[29-Apr-2025 21:50:05 UTC] PHP Warning:  Undefined array key "limpiezaOrganizacionAseado" in /home/soluctem/sistema.soluctem.com.co/api/submit.php on line 49
[29-Apr-2025 21:50:05 UTC] PHP Warning:  Undefined array key "capacitacionCausa" in /home/soluctem/sistema.soluctem.com.co/api/submit.php on line 50
[29-Apr-2025 21:50:05 UTC] PHP Warning:  Undefined array key "capacitacionPrevencion" in /home/soluctem/sistema.soluctem.com.co/api/submit.php on line 51
[29-Apr-2025 21:50:05 UTC] PHP Warning:  Undefined array key "capacitacionAccion" in /home/soluctem/sistema.soluctem.com.co/api/submit.php on line 52
[29-Apr-2025 21:50:05 UTC] PHP Warning:  Undefined array key "contratista1" in /home/soluctem/sistema.soluctem.com.co/api/submit.php on line 53
[29-Apr-2025 21:50:05 UTC] PHP Warning:  Undefined array key "cedula1" in /home/soluctem/sistema.soluctem.com.co/api/submit.php on line 54
[29-Apr-2025 21:50:05 UTC] PHP Warning:  Undefined array key "horaEntrada1" in /home/soluctem/sistema.soluctem.com.co/api/submit.php on line 55
[29-Apr-2025 21:50:05 UTC] PHP Warning:  Undefined array key "horaSalida1" in /home/soluctem/sistema.soluctem.com.co/api/submit.php on line 56
[29-Apr-2025 21:50:05 UTC] PHP Warning:  Undefined array key "contratista2" in /home/soluctem/sistema.soluctem.com.co/api/submit.php on line 57
[29-Apr-2025 21:50:05 UTC] PHP Warning:  Undefined array key "cedula2" in /home/soluctem/sistema.soluctem.com.co/api/submit.php on line 58
[29-Apr-2025 21:50:05 UTC] PHP Warning:  Undefined array key "horaEntrada2" in /home/soluctem/sistema.soluctem.com.co/api/submit.php on line 59
[29-Apr-2025 21:50:05 UTC] PHP Warning:  Undefined array key "horaSalida2" in /home/soluctem/sistema.soluctem.com.co/api/submit.php on line 60
[29-Apr-2025 21:50:05 UTC] PHP Warning:  Undefined array key "contratista3" in /home/soluctem/sistema.soluctem.com.co/api/submit.php on line 61
[29-Apr-2025 21:50:05 UTC] PHP Warning:  Undefined array key "cedula3" in /home/soluctem/sistema.soluctem.com.co/api/submit.php on line 62
[29-Apr-2025 21:50:05 UTC] PHP Warning:  Undefined array key "horaEntrada3" in /home/soluctem/sistema.soluctem.com.co/api/submit.php on line 63
[29-Apr-2025 21:50:05 UTC] PHP Warning:  Undefined array key "horaSalida3" in /home/soluctem/sistema.soluctem.com.co/api/submit.php on line 64
[29-Apr-2025 21:50:05 UTC] PHP Warning:  Undefined array key "contratista4" in /home/soluctem/sistema.soluctem.com.co/api/submit.php on line 65
[29-Apr-2025 21:50:05 UTC] PHP Warning:  Undefined array key "cedula4" in /home/soluctem/sistema.soluctem.com.co/api/submit.php on line 66
[29-Apr-2025 21:50:05 UTC] PHP Warning:  Undefined array key "horaEntrada4" in /home/soluctem/sistema.soluctem.com.co/api/submit.php on line 67
[29-Apr-2025 21:50:05 UTC] PHP Warning:  Undefined array key "horaSalida4" in /home/soluctem/sistema.soluctem.com.co/api/submit.php on line 68
[29-Apr-2025 21:50:05 UTC] PHP Warning:  Undefined array key "nombreFuncionario" in /home/soluctem/sistema.soluctem.com.co/api/submit.php on line 69
[29-Apr-2025 21:50:05 UTC] PHP Warning:  Undefined array key "cedulaFuncionario" in /home/soluctem/sistema.soluctem.com.co/api/submit.php on line 70
[29-Apr-2025 21:50:05 UTC] PHP Warning:  Undefined array key "cargoFuncionario" in /home/soluctem/sistema.soluctem.com.co/api/submit.php on line 71
[29-Apr-2025 21:50:05 UTC] PHP Warning:  Undefined array key "sapFuncionario" in /home/soluctem/sistema.soluctem.com.co/api/submit.php on line 72
[29-Apr-2025 21:50:05 UTC] PHP Warning:  Undefined array key "timestamp" in /home/soluctem/sistema.soluctem.com.co/api/submit.php on line 73
[29-Apr-2025 21:50:05 UTC] PHP Warning:  Undefined array key "asistenciaReparacion" in /home/soluctem/sistema.soluctem.com.co/api/submit.php on line 74
[29-Apr-2025 21:50:05 UTC] PHP Warning:  Undefined array key "asistenciaGarantia" in /home/soluctem/sistema.soluctem.com.co/api/submit.php on line 75
[29-Apr-2025 21:50:05 UTC] PHP Warning:  Undefined array key "asistenciaAjuste" in /home/soluctem/sistema.soluctem.com.co/api/submit.php on line 76
[29-Apr-2025 21:50:05 UTC] PHP Warning:  Undefined array key "asistenciaModificacion" in /home/soluctem/sistema.soluctem.com.co/api/submit.php on line 77
[29-Apr-2025 21:50:05 UTC] PHP Warning:  Undefined array key "asistenciaServicio" in /home/soluctem/sistema.soluctem.com.co/api/submit.php on line 78
[29-Apr-2025 21:50:05 UTC] PHP Warning:  Undefined array key "asistenciaMejora" in /home/soluctem/sistema.soluctem.com.co/api/submit.php on line 79
[29-Apr-2025 21:50:05 UTC] PHP Warning:  Undefined array key "asistenciaCombinacion" in /home/soluctem/sistema.soluctem.com.co/api/submit.php on line 80
[29-Apr-2025 21:50:05 UTC] PHP Warning:  Undefined array key "fallaOperacion" in /home/soluctem/sistema.soluctem.com.co/api/submit.php on line 81
[29-Apr-2025 21:50:05 UTC] PHP Warning:  Undefined array key "fallaMecanica" in /home/soluctem/sistema.soluctem.com.co/api/submit.php on line 82
[29-Apr-2025 21:50:05 UTC] PHP Warning:  Undefined array key "fallaElectrica" in /home/soluctem/sistema.soluctem.com.co/api/submit.php on line 83
[29-Apr-2025 21:50:05 UTC] PHP Warning:  Undefined array key "fallaTerceros" in /home/soluctem/sistema.soluctem.com.co/api/submit.php on line 84
[29-Apr-2025 21:50:05 UTC] PHP Warning:  Undefined array key "fallaFabricacion" in /home/soluctem/sistema.soluctem.com.co/api/submit.php on line 85
[29-Apr-2025 21:50:05 UTC] PHP Warning:  Undefined array key "firma_digital_cliente" in /home/soluctem/sistema.soluctem.com.co/api/submit.php on line 86
[29-Apr-2025 21:50:05 UTC] PHP Warning:  Undefined array key "firma_digital_tecnico" in /home/soluctem/sistema.soluctem.com.co/api/submit.php on line 87
[01-May-2025 01:38:18 UTC] PHP Warning:  Undefined array key "nombreSolicitante" in /home/soluctem/sistema.soluctem.com.co/api/submit.php on line 28
[01-May-2025 01:38:18 UTC] PHP Warning:  Undefined array key "cargo" in /home/soluctem/sistema.soluctem.com.co/api/submit.php on line 29
[01-May-2025 01:38:18 UTC] PHP Warning:  Undefined array key "nombreTienda" in /home/soluctem/sistema.soluctem.com.co/api/submit.php on line 30
[01-May-2025 01:38:18 UTC] PHP Warning:  Undefined array key "numeroTienda" in /home/soluctem/sistema.soluctem.com.co/api/submit.php on line 31
[01-May-2025 01:38:18 UTC] PHP Warning:  Undefined array key "numeroTicket" in /home/soluctem/sistema.soluctem.com.co/api/submit.php on line 32
[01-May-2025 01:38:18 UTC] PHP Warning:  Undefined array key "fecha" in /home/soluctem/sistema.soluctem.com.co/api/submit.php on line 33
[01-May-2025 01:38:18 UTC] PHP Warning:  Undefined array key "municipio" in /home/soluctem/sistema.soluctem.com.co/api/submit.php on line 34
[01-May-2025 01:38:18 UTC] PHP Warning:  Undefined array key "departamento" in /home/soluctem/sistema.soluctem.com.co/api/submit.php on line 35
[01-May-2025 01:38:18 UTC] PHP Warning:  Undefined array key "nombreEquipo" in /home/soluctem/sistema.soluctem.com.co/api/submit.php on line 36
[01-May-2025 01:38:18 UTC] PHP Warning:  Undefined array key "marca" in /home/soluctem/sistema.soluctem.com.co/api/submit.php on line 37
[01-May-2025 01:38:18 UTC] PHP Warning:  Undefined array key "serial" in /home/soluctem/sistema.soluctem.com.co/api/submit.php on line 38
[01-May-2025 01:38:18 UTC] PHP Warning:  Undefined array key "descripcionFalla" in /home/soluctem/sistema.soluctem.com.co/api/submit.php on line 39
[01-May-2025 01:38:18 UTC] PHP Warning:  Undefined array key "diagnosticoTecnico" in /home/soluctem/sistema.soluctem.com.co/api/submit.php on line 40
[01-May-2025 01:38:18 UTC] PHP Warning:  Undefined array key "repuestosCambiados" in /home/soluctem/sistema.soluctem.com.co/api/submit.php on line 41
[01-May-2025 01:38:18 UTC] PHP Warning:  Undefined array key "observaciones" in /home/soluctem/sistema.soluctem.com.co/api/submit.php on line 42
[01-May-2025 01:38:18 UTC] PHP Warning:  Undefined array key "seguridadRiesgoAccidentalidad" in /home/soluctem/sistema.soluctem.com.co/api/submit.php on line 43
[01-May-2025 01:38:18 UTC] PHP Warning:  Undefined array key "seguridadRiesgoEquipo" in /home/soluctem/sistema.soluctem.com.co/api/submit.php on line 44
[01-May-2025 01:38:18 UTC] PHP Warning:  Undefined array key "funcionamientoFallaSolucionada" in /home/soluctem/sistema.soluctem.com.co/api/submit.php on line 45
[01-May-2025 01:38:18 UTC] PHP Warning:  Undefined array key "funcionamientoPasosNormales" in /home/soluctem/sistema.soluctem.com.co/api/submit.php on line 46
[01-May-2025 01:38:18 UTC] PHP Warning:  Undefined array key "calidadTrabajo" in /home/soluctem/sistema.soluctem.com.co/api/submit.php on line 47
[01-May-2025 01:38:18 UTC] PHP Warning:  Undefined array key "limpiezaOrganizacionArmado" in /home/soluctem/sistema.soluctem.com.co/api/submit.php on line 48
[01-May-2025 01:38:18 UTC] PHP Warning:  Undefined array key "limpiezaOrganizacionAseado" in /home/soluctem/sistema.soluctem.com.co/api/submit.php on line 49
[01-May-2025 01:38:18 UTC] PHP Warning:  Undefined array key "capacitacionCausa" in /home/soluctem/sistema.soluctem.com.co/api/submit.php on line 50
[01-May-2025 01:38:18 UTC] PHP Warning:  Undefined array key "capacitacionPrevencion" in /home/soluctem/sistema.soluctem.com.co/api/submit.php on line 51
[01-May-2025 01:38:18 UTC] PHP Warning:  Undefined array key "capacitacionAccion" in /home/soluctem/sistema.soluctem.com.co/api/submit.php on line 52
[01-May-2025 01:38:18 UTC] PHP Warning:  Undefined array key "contratista1" in /home/soluctem/sistema.soluctem.com.co/api/submit.php on line 53
[01-May-2025 01:38:18 UTC] PHP Warning:  Undefined array key "cedula1" in /home/soluctem/sistema.soluctem.com.co/api/submit.php on line 54
[01-May-2025 01:38:18 UTC] PHP Warning:  Undefined array key "horaEntrada1" in /home/soluctem/sistema.soluctem.com.co/api/submit.php on line 55
[01-May-2025 01:38:18 UTC] PHP Warning:  Undefined array key "horaSalida1" in /home/soluctem/sistema.soluctem.com.co/api/submit.php on line 56
[01-May-2025 01:38:18 UTC] PHP Warning:  Undefined array key "contratista2" in /home/soluctem/sistema.soluctem.com.co/api/submit.php on line 57
[01-May-2025 01:38:18 UTC] PHP Warning:  Undefined array key "cedula2" in /home/soluctem/sistema.soluctem.com.co/api/submit.php on line 58
[01-May-2025 01:38:18 UTC] PHP Warning:  Undefined array key "horaEntrada2" in /home/soluctem/sistema.soluctem.com.co/api/submit.php on line 59
[01-May-2025 01:38:18 UTC] PHP Warning:  Undefined array key "horaSalida2" in /home/soluctem/sistema.soluctem.com.co/api/submit.php on line 60
[01-May-2025 01:38:18 UTC] PHP Warning:  Undefined array key "contratista3" in /home/soluctem/sistema.soluctem.com.co/api/submit.php on line 61
[01-May-2025 01:38:18 UTC] PHP Warning:  Undefined array key "cedula3" in /home/soluctem/sistema.soluctem.com.co/api/submit.php on line 62
[01-May-2025 01:38:18 UTC] PHP Warning:  Undefined array key "horaEntrada3" in /home/soluctem/sistema.soluctem.com.co/api/submit.php on line 63
[01-May-2025 01:38:18 UTC] PHP Warning:  Undefined array key "horaSalida3" in /home/soluctem/sistema.soluctem.com.co/api/submit.php on line 64
[01-May-2025 01:38:18 UTC] PHP Warning:  Undefined array key "contratista4" in /home/soluctem/sistema.soluctem.com.co/api/submit.php on line 65
[01-May-2025 01:38:18 UTC] PHP Warning:  Undefined array key "cedula4" in /home/soluctem/sistema.soluctem.com.co/api/submit.php on line 66
[01-May-2025 01:38:18 UTC] PHP Warning:  Undefined array key "horaEntrada4" in /home/soluctem/sistema.soluctem.com.co/api/submit.php on line 67
[01-May-2025 01:38:18 UTC] PHP Warning:  Undefined array key "horaSalida4" in /home/soluctem/sistema.soluctem.com.co/api/submit.php on line 68
[01-May-2025 01:38:18 UTC] PHP Warning:  Undefined array key "nombreFuncionario" in /home/soluctem/sistema.soluctem.com.co/api/submit.php on line 69
[01-May-2025 01:38:18 UTC] PHP Warning:  Undefined array key "cedulaFuncionario" in /home/soluctem/sistema.soluctem.com.co/api/submit.php on line 70
[01-May-2025 01:38:18 UTC] PHP Warning:  Undefined array key "cargoFuncionario" in /home/soluctem/sistema.soluctem.com.co/api/submit.php on line 71
[01-May-2025 01:38:18 UTC] PHP Warning:  Undefined array key "sapFuncionario" in /home/soluctem/sistema.soluctem.com.co/api/submit.php on line 72
[01-May-2025 01:38:18 UTC] PHP Warning:  Undefined array key "timestamp" in /home/soluctem/sistema.soluctem.com.co/api/submit.php on line 73
[01-May-2025 01:38:18 UTC] PHP Warning:  Undefined array key "asistenciaReparacion" in /home/soluctem/sistema.soluctem.com.co/api/submit.php on line 74
[01-May-2025 01:38:18 UTC] PHP Warning:  Undefined array key "asistenciaGarantia" in /home/soluctem/sistema.soluctem.com.co/api/submit.php on line 75
[01-May-2025 01:38:18 UTC] PHP Warning:  Undefined array key "asistenciaAjuste" in /home/soluctem/sistema.soluctem.com.co/api/submit.php on line 76
[01-May-2025 01:38:18 UTC] PHP Warning:  Undefined array key "asistenciaModificacion" in /home/soluctem/sistema.soluctem.com.co/api/submit.php on line 77
[01-May-2025 01:38:18 UTC] PHP Warning:  Undefined array key "asistenciaServicio" in /home/soluctem/sistema.soluctem.com.co/api/submit.php on line 78
[01-May-2025 01:38:18 UTC] PHP Warning:  Undefined array key "asistenciaMejora" in /home/soluctem/sistema.soluctem.com.co/api/submit.php on line 79
[01-May-2025 01:38:18 UTC] PHP Warning:  Undefined array key "asistenciaCombinacion" in /home/soluctem/sistema.soluctem.com.co/api/submit.php on line 80
[01-May-2025 01:38:18 UTC] PHP Warning:  Undefined array key "fallaOperacion" in /home/soluctem/sistema.soluctem.com.co/api/submit.php on line 81
[01-May-2025 01:38:18 UTC] PHP Warning:  Undefined array key "fallaMecanica" in /home/soluctem/sistema.soluctem.com.co/api/submit.php on line 82
[01-May-2025 01:38:18 UTC] PHP Warning:  Undefined array key "fallaElectrica" in /home/soluctem/sistema.soluctem.com.co/api/submit.php on line 83
[01-May-2025 01:38:18 UTC] PHP Warning:  Undefined array key "fallaTerceros" in /home/soluctem/sistema.soluctem.com.co/api/submit.php on line 84
[01-May-2025 01:38:18 UTC] PHP Warning:  Undefined array key "fallaFabricacion" in /home/soluctem/sistema.soluctem.com.co/api/submit.php on line 85
[01-May-2025 01:38:18 UTC] PHP Warning:  Undefined array key "firma_digital_cliente" in /home/soluctem/sistema.soluctem.com.co/api/submit.php on line 86
[01-May-2025 01:38:18 UTC] PHP Warning:  Undefined array key "firma_digital_tecnico" in /home/soluctem/sistema.soluctem.com.co/api/submit.php on line 87
[03-May-2025 13:44:57 UTC] PHP Warning:  Undefined array key "nombreSolicitante" in /home/soluctem/sistema.soluctem.com.co/api/submit.php on line 28
[03-May-2025 13:44:57 UTC] PHP Warning:  Undefined array key "cargo" in /home/soluctem/sistema.soluctem.com.co/api/submit.php on line 29
[03-May-2025 13:44:57 UTC] PHP Warning:  Undefined array key "nombreTienda" in /home/soluctem/sistema.soluctem.com.co/api/submit.php on line 30
[03-May-2025 13:44:57 UTC] PHP Warning:  Undefined array key "numeroTienda" in /home/soluctem/sistema.soluctem.com.co/api/submit.php on line 31
[03-May-2025 13:44:57 UTC] PHP Warning:  Undefined array key "numeroTicket" in /home/soluctem/sistema.soluctem.com.co/api/submit.php on line 32
[03-May-2025 13:44:57 UTC] PHP Warning:  Undefined array key "fecha" in /home/soluctem/sistema.soluctem.com.co/api/submit.php on line 33
[03-May-2025 13:44:57 UTC] PHP Warning:  Undefined array key "municipio" in /home/soluctem/sistema.soluctem.com.co/api/submit.php on line 34
[03-May-2025 13:44:57 UTC] PHP Warning:  Undefined array key "departamento" in /home/soluctem/sistema.soluctem.com.co/api/submit.php on line 35
[03-May-2025 13:44:57 UTC] PHP Warning:  Undefined array key "nombreEquipo" in /home/soluctem/sistema.soluctem.com.co/api/submit.php on line 36
[03-May-2025 13:44:57 UTC] PHP Warning:  Undefined array key "marca" in /home/soluctem/sistema.soluctem.com.co/api/submit.php on line 37
[03-May-2025 13:44:57 UTC] PHP Warning:  Undefined array key "serial" in /home/soluctem/sistema.soluctem.com.co/api/submit.php on line 38
[03-May-2025 13:44:57 UTC] PHP Warning:  Undefined array key "descripcionFalla" in /home/soluctem/sistema.soluctem.com.co/api/submit.php on line 39
[03-May-2025 13:44:57 UTC] PHP Warning:  Undefined array key "diagnosticoTecnico" in /home/soluctem/sistema.soluctem.com.co/api/submit.php on line 40
[03-May-2025 13:44:57 UTC] PHP Warning:  Undefined array key "repuestosCambiados" in /home/soluctem/sistema.soluctem.com.co/api/submit.php on line 41
[03-May-2025 13:44:57 UTC] PHP Warning:  Undefined array key "observaciones" in /home/soluctem/sistema.soluctem.com.co/api/submit.php on line 42
[03-May-2025 13:44:57 UTC] PHP Warning:  Undefined array key "seguridadRiesgoAccidentalidad" in /home/soluctem/sistema.soluctem.com.co/api/submit.php on line 43
[03-May-2025 13:44:57 UTC] PHP Warning:  Undefined array key "seguridadRiesgoEquipo" in /home/soluctem/sistema.soluctem.com.co/api/submit.php on line 44
[03-May-2025 13:44:57 UTC] PHP Warning:  Undefined array key "funcionamientoFallaSolucionada" in /home/soluctem/sistema.soluctem.com.co/api/submit.php on line 45
[03-May-2025 13:44:57 UTC] PHP Warning:  Undefined array key "funcionamientoPasosNormales" in /home/soluctem/sistema.soluctem.com.co/api/submit.php on line 46
[03-May-2025 13:44:57 UTC] PHP Warning:  Undefined array key "calidadTrabajo" in /home/soluctem/sistema.soluctem.com.co/api/submit.php on line 47
[03-May-2025 13:44:57 UTC] PHP Warning:  Undefined array key "limpiezaOrganizacionArmado" in /home/soluctem/sistema.soluctem.com.co/api/submit.php on line 48
[03-May-2025 13:44:57 UTC] PHP Warning:  Undefined array key "limpiezaOrganizacionAseado" in /home/soluctem/sistema.soluctem.com.co/api/submit.php on line 49
[03-May-2025 13:44:57 UTC] PHP Warning:  Undefined array key "capacitacionCausa" in /home/soluctem/sistema.soluctem.com.co/api/submit.php on line 50
[03-May-2025 13:44:57 UTC] PHP Warning:  Undefined array key "capacitacionPrevencion" in /home/soluctem/sistema.soluctem.com.co/api/submit.php on line 51
[03-May-2025 13:44:57 UTC] PHP Warning:  Undefined array key "capacitacionAccion" in /home/soluctem/sistema.soluctem.com.co/api/submit.php on line 52
[03-May-2025 13:44:57 UTC] PHP Warning:  Undefined array key "contratista1" in /home/soluctem/sistema.soluctem.com.co/api/submit.php on line 53
[03-May-2025 13:44:57 UTC] PHP Warning:  Undefined array key "cedula1" in /home/soluctem/sistema.soluctem.com.co/api/submit.php on line 54
[03-May-2025 13:44:57 UTC] PHP Warning:  Undefined array key "horaEntrada1" in /home/soluctem/sistema.soluctem.com.co/api/submit.php on line 55
[03-May-2025 13:44:57 UTC] PHP Warning:  Undefined array key "horaSalida1" in /home/soluctem/sistema.soluctem.com.co/api/submit.php on line 56
[03-May-2025 13:44:57 UTC] PHP Warning:  Undefined array key "contratista2" in /home/soluctem/sistema.soluctem.com.co/api/submit.php on line 57
[03-May-2025 13:44:57 UTC] PHP Warning:  Undefined array key "cedula2" in /home/soluctem/sistema.soluctem.com.co/api/submit.php on line 58
[03-May-2025 13:44:57 UTC] PHP Warning:  Undefined array key "horaEntrada2" in /home/soluctem/sistema.soluctem.com.co/api/submit.php on line 59
[03-May-2025 13:44:57 UTC] PHP Warning:  Undefined array key "horaSalida2" in /home/soluctem/sistema.soluctem.com.co/api/submit.php on line 60
[03-May-2025 13:44:57 UTC] PHP Warning:  Undefined array key "contratista3" in /home/soluctem/sistema.soluctem.com.co/api/submit.php on line 61
[03-May-2025 13:44:57 UTC] PHP Warning:  Undefined array key "cedula3" in /home/soluctem/sistema.soluctem.com.co/api/submit.php on line 62
[03-May-2025 13:44:57 UTC] PHP Warning:  Undefined array key "horaEntrada3" in /home/soluctem/sistema.soluctem.com.co/api/submit.php on line 63
[03-May-2025 13:44:57 UTC] PHP Warning:  Undefined array key "horaSalida3" in /home/soluctem/sistema.soluctem.com.co/api/submit.php on line 64
[03-May-2025 13:44:57 UTC] PHP Warning:  Undefined array key "contratista4" in /home/soluctem/sistema.soluctem.com.co/api/submit.php on line 65
[03-May-2025 13:44:57 UTC] PHP Warning:  Undefined array key "cedula4" in /home/soluctem/sistema.soluctem.com.co/api/submit.php on line 66
[03-May-2025 13:44:57 UTC] PHP Warning:  Undefined array key "horaEntrada4" in /home/soluctem/sistema.soluctem.com.co/api/submit.php on line 67
[03-May-2025 13:44:57 UTC] PHP Warning:  Undefined array key "horaSalida4" in /home/soluctem/sistema.soluctem.com.co/api/submit.php on line 68
[03-May-2025 13:44:57 UTC] PHP Warning:  Undefined array key "nombreFuncionario" in /home/soluctem/sistema.soluctem.com.co/api/submit.php on line 69
[03-May-2025 13:44:57 UTC] PHP Warning:  Undefined array key "cedulaFuncionario" in /home/soluctem/sistema.soluctem.com.co/api/submit.php on line 70
[03-May-2025 13:44:57 UTC] PHP Warning:  Undefined array key "cargoFuncionario" in /home/soluctem/sistema.soluctem.com.co/api/submit.php on line 71
[03-May-2025 13:44:57 UTC] PHP Warning:  Undefined array key "sapFuncionario" in /home/soluctem/sistema.soluctem.com.co/api/submit.php on line 72
[03-May-2025 13:44:57 UTC] PHP Warning:  Undefined array key "timestamp" in /home/soluctem/sistema.soluctem.com.co/api/submit.php on line 73
[03-May-2025 13:44:57 UTC] PHP Warning:  Undefined array key "asistenciaReparacion" in /home/soluctem/sistema.soluctem.com.co/api/submit.php on line 74
[03-May-2025 13:44:57 UTC] PHP Warning:  Undefined array key "asistenciaGarantia" in /home/soluctem/sistema.soluctem.com.co/api/submit.php on line 75
[03-May-2025 13:44:57 UTC] PHP Warning:  Undefined array key "asistenciaAjuste" in /home/soluctem/sistema.soluctem.com.co/api/submit.php on line 76
[03-May-2025 13:44:57 UTC] PHP Warning:  Undefined array key "asistenciaModificacion" in /home/soluctem/sistema.soluctem.com.co/api/submit.php on line 77
[03-May-2025 13:44:57 UTC] PHP Warning:  Undefined array key "asistenciaServicio" in /home/soluctem/sistema.soluctem.com.co/api/submit.php on line 78
[03-May-2025 13:44:57 UTC] PHP Warning:  Undefined array key "asistenciaMejora" in /home/soluctem/sistema.soluctem.com.co/api/submit.php on line 79
[03-May-2025 13:44:57 UTC] PHP Warning:  Undefined array key "asistenciaCombinacion" in /home/soluctem/sistema.soluctem.com.co/api/submit.php on line 80
[03-May-2025 13:44:57 UTC] PHP Warning:  Undefined array key "fallaOperacion" in /home/soluctem/sistema.soluctem.com.co/api/submit.php on line 81
[03-May-2025 13:44:57 UTC] PHP Warning:  Undefined array key "fallaMecanica" in /home/soluctem/sistema.soluctem.com.co/api/submit.php on line 82
[03-May-2025 13:44:57 UTC] PHP Warning:  Undefined array key "fallaElectrica" in /home/soluctem/sistema.soluctem.com.co/api/submit.php on line 83
[03-May-2025 13:44:57 UTC] PHP Warning:  Undefined array key "fallaTerceros" in /home/soluctem/sistema.soluctem.com.co/api/submit.php on line 84
[03-May-2025 13:44:57 UTC] PHP Warning:  Undefined array key "fallaFabricacion" in /home/soluctem/sistema.soluctem.com.co/api/submit.php on line 85
[03-May-2025 13:44:57 UTC] PHP Warning:  Undefined array key "firma_digital_cliente" in /home/soluctem/sistema.soluctem.com.co/api/submit.php on line 86
[03-May-2025 13:44:57 UTC] PHP Warning:  Undefined array key "firma_digital_tecnico" in /home/soluctem/sistema.soluctem.com.co/api/submit.php on line 87
[05-May-2025 14:59:35 UTC] PHP Warning:  Undefined array key "nombreSolicitante" in /home/soluctem/sistema.soluctem.com.co/api/submit.php on line 28
[05-May-2025 14:59:35 UTC] PHP Warning:  Undefined array key "cargo" in /home/soluctem/sistema.soluctem.com.co/api/submit.php on line 29
[05-May-2025 14:59:35 UTC] PHP Warning:  Undefined array key "nombreTienda" in /home/soluctem/sistema.soluctem.com.co/api/submit.php on line 30
[05-May-2025 14:59:35 UTC] PHP Warning:  Undefined array key "numeroTienda" in /home/soluctem/sistema.soluctem.com.co/api/submit.php on line 31
[05-May-2025 14:59:35 UTC] PHP Warning:  Undefined array key "numeroTicket" in /home/soluctem/sistema.soluctem.com.co/api/submit.php on line 32
[05-May-2025 14:59:35 UTC] PHP Warning:  Undefined array key "fecha" in /home/soluctem/sistema.soluctem.com.co/api/submit.php on line 33
[05-May-2025 14:59:35 UTC] PHP Warning:  Undefined array key "municipio" in /home/soluctem/sistema.soluctem.com.co/api/submit.php on line 34
[05-May-2025 14:59:35 UTC] PHP Warning:  Undefined array key "departamento" in /home/soluctem/sistema.soluctem.com.co/api/submit.php on line 35
[05-May-2025 14:59:35 UTC] PHP Warning:  Undefined array key "nombreEquipo" in /home/soluctem/sistema.soluctem.com.co/api/submit.php on line 36
[05-May-2025 14:59:35 UTC] PHP Warning:  Undefined array key "marca" in /home/soluctem/sistema.soluctem.com.co/api/submit.php on line 37
[05-May-2025 14:59:35 UTC] PHP Warning:  Undefined array key "serial" in /home/soluctem/sistema.soluctem.com.co/api/submit.php on line 38
[05-May-2025 14:59:35 UTC] PHP Warning:  Undefined array key "descripcionFalla" in /home/soluctem/sistema.soluctem.com.co/api/submit.php on line 39
[05-May-2025 14:59:35 UTC] PHP Warning:  Undefined array key "diagnosticoTecnico" in /home/soluctem/sistema.soluctem.com.co/api/submit.php on line 40
[05-May-2025 14:59:35 UTC] PHP Warning:  Undefined array key "repuestosCambiados" in /home/soluctem/sistema.soluctem.com.co/api/submit.php on line 41
[05-May-2025 14:59:35 UTC] PHP Warning:  Undefined array key "observaciones" in /home/soluctem/sistema.soluctem.com.co/api/submit.php on line 42
[05-May-2025 14:59:35 UTC] PHP Warning:  Undefined array key "seguridadRiesgoAccidentalidad" in /home/soluctem/sistema.soluctem.com.co/api/submit.php on line 43
[05-May-2025 14:59:35 UTC] PHP Warning:  Undefined array key "seguridadRiesgoEquipo" in /home/soluctem/sistema.soluctem.com.co/api/submit.php on line 44
[05-May-2025 14:59:35 UTC] PHP Warning:  Undefined array key "funcionamientoFallaSolucionada" in /home/soluctem/sistema.soluctem.com.co/api/submit.php on line 45
[05-May-2025 14:59:35 UTC] PHP Warning:  Undefined array key "funcionamientoPasosNormales" in /home/soluctem/sistema.soluctem.com.co/api/submit.php on line 46
[05-May-2025 14:59:35 UTC] PHP Warning:  Undefined array key "calidadTrabajo" in /home/soluctem/sistema.soluctem.com.co/api/submit.php on line 47
[05-May-2025 14:59:35 UTC] PHP Warning:  Undefined array key "limpiezaOrganizacionArmado" in /home/soluctem/sistema.soluctem.com.co/api/submit.php on line 48
[05-May-2025 14:59:35 UTC] PHP Warning:  Undefined array key "limpiezaOrganizacionAseado" in /home/soluctem/sistema.soluctem.com.co/api/submit.php on line 49
[05-May-2025 14:59:35 UTC] PHP Warning:  Undefined array key "capacitacionCausa" in /home/soluctem/sistema.soluctem.com.co/api/submit.php on line 50
[05-May-2025 14:59:35 UTC] PHP Warning:  Undefined array key "capacitacionPrevencion" in /home/soluctem/sistema.soluctem.com.co/api/submit.php on line 51
[05-May-2025 14:59:35 UTC] PHP Warning:  Undefined array key "capacitacionAccion" in /home/soluctem/sistema.soluctem.com.co/api/submit.php on line 52
[05-May-2025 14:59:35 UTC] PHP Warning:  Undefined array key "contratista1" in /home/soluctem/sistema.soluctem.com.co/api/submit.php on line 53
[05-May-2025 14:59:35 UTC] PHP Warning:  Undefined array key "cedula1" in /home/soluctem/sistema.soluctem.com.co/api/submit.php on line 54
[05-May-2025 14:59:35 UTC] PHP Warning:  Undefined array key "horaEntrada1" in /home/soluctem/sistema.soluctem.com.co/api/submit.php on line 55
[05-May-2025 14:59:35 UTC] PHP Warning:  Undefined array key "horaSalida1" in /home/soluctem/sistema.soluctem.com.co/api/submit.php on line 56
[05-May-2025 14:59:35 UTC] PHP Warning:  Undefined array key "contratista2" in /home/soluctem/sistema.soluctem.com.co/api/submit.php on line 57
[05-May-2025 14:59:35 UTC] PHP Warning:  Undefined array key "cedula2" in /home/soluctem/sistema.soluctem.com.co/api/submit.php on line 58
[05-May-2025 14:59:35 UTC] PHP Warning:  Undefined array key "horaEntrada2" in /home/soluctem/sistema.soluctem.com.co/api/submit.php on line 59
[05-May-2025 14:59:35 UTC] PHP Warning:  Undefined array key "horaSalida2" in /home/soluctem/sistema.soluctem.com.co/api/submit.php on line 60
[05-May-2025 14:59:35 UTC] PHP Warning:  Undefined array key "contratista3" in /home/soluctem/sistema.soluctem.com.co/api/submit.php on line 61
[05-May-2025 14:59:35 UTC] PHP Warning:  Undefined array key "cedula3" in /home/soluctem/sistema.soluctem.com.co/api/submit.php on line 62
[05-May-2025 14:59:35 UTC] PHP Warning:  Undefined array key "horaEntrada3" in /home/soluctem/sistema.soluctem.com.co/api/submit.php on line 63
[05-May-2025 14:59:35 UTC] PHP Warning:  Undefined array key "horaSalida3" in /home/soluctem/sistema.soluctem.com.co/api/submit.php on line 64
[05-May-2025 14:59:35 UTC] PHP Warning:  Undefined array key "contratista4" in /home/soluctem/sistema.soluctem.com.co/api/submit.php on line 65
[05-May-2025 14:59:35 UTC] PHP Warning:  Undefined array key "cedula4" in /home/soluctem/sistema.soluctem.com.co/api/submit.php on line 66
[05-May-2025 14:59:35 UTC] PHP Warning:  Undefined array key "horaEntrada4" in /home/soluctem/sistema.soluctem.com.co/api/submit.php on line 67
[05-May-2025 14:59:35 UTC] PHP Warning:  Undefined array key "horaSalida4" in /home/soluctem/sistema.soluctem.com.co/api/submit.php on line 68
[05-May-2025 14:59:35 UTC] PHP Warning:  Undefined array key "nombreFuncionario" in /home/soluctem/sistema.soluctem.com.co/api/submit.php on line 69
[05-May-2025 14:59:35 UTC] PHP Warning:  Undefined array key "cedulaFuncionario" in /home/soluctem/sistema.soluctem.com.co/api/submit.php on line 70
[05-May-2025 14:59:35 UTC] PHP Warning:  Undefined array key "cargoFuncionario" in /home/soluctem/sistema.soluctem.com.co/api/submit.php on line 71
[05-May-2025 14:59:35 UTC] PHP Warning:  Undefined array key "sapFuncionario" in /home/soluctem/sistema.soluctem.com.co/api/submit.php on line 72
[05-May-2025 14:59:35 UTC] PHP Warning:  Undefined array key "timestamp" in /home/soluctem/sistema.soluctem.com.co/api/submit.php on line 73
[05-May-2025 14:59:35 UTC] PHP Warning:  Undefined array key "asistenciaReparacion" in /home/soluctem/sistema.soluctem.com.co/api/submit.php on line 74
[05-May-2025 14:59:35 UTC] PHP Warning:  Undefined array key "asistenciaGarantia" in /home/soluctem/sistema.soluctem.com.co/api/submit.php on line 75
[05-May-2025 14:59:35 UTC] PHP Warning:  Undefined array key "asistenciaAjuste" in /home/soluctem/sistema.soluctem.com.co/api/submit.php on line 76
[05-May-2025 14:59:35 UTC] PHP Warning:  Undefined array key "asistenciaModificacion" in /home/soluctem/sistema.soluctem.com.co/api/submit.php on line 77
[05-May-2025 14:59:35 UTC] PHP Warning:  Undefined array key "asistenciaServicio" in /home/soluctem/sistema.soluctem.com.co/api/submit.php on line 78
[05-May-2025 14:59:35 UTC] PHP Warning:  Undefined array key "asistenciaMejora" in /home/soluctem/sistema.soluctem.com.co/api/submit.php on line 79
[05-May-2025 14:59:35 UTC] PHP Warning:  Undefined array key "asistenciaCombinacion" in /home/soluctem/sistema.soluctem.com.co/api/submit.php on line 80
[05-May-2025 14:59:35 UTC] PHP Warning:  Undefined array key "fallaOperacion" in /home/soluctem/sistema.soluctem.com.co/api/submit.php on line 81
[05-May-2025 14:59:35 UTC] PHP Warning:  Undefined array key "fallaMecanica" in /home/soluctem/sistema.soluctem.com.co/api/submit.php on line 82
[05-May-2025 14:59:35 UTC] PHP Warning:  Undefined array key "fallaElectrica" in /home/soluctem/sistema.soluctem.com.co/api/submit.php on line 83
[05-May-2025 14:59:35 UTC] PHP Warning:  Undefined array key "fallaTerceros" in /home/soluctem/sistema.soluctem.com.co/api/submit.php on line 84
[05-May-2025 14:59:35 UTC] PHP Warning:  Undefined array key "fallaFabricacion" in /home/soluctem/sistema.soluctem.com.co/api/submit.php on line 85
[05-May-2025 14:59:35 UTC] PHP Warning:  Undefined array key "firma_digital_cliente" in /home/soluctem/sistema.soluctem.com.co/api/submit.php on line 86
[05-May-2025 14:59:35 UTC] PHP Warning:  Undefined array key "firma_digital_tecnico" in /home/soluctem/sistema.soluctem.com.co/api/submit.php on line 87
[05-May-2025 15:15:58 UTC] PHP Warning:  Undefined array key "nombreSolicitante" in /home/soluctem/sistema.soluctem.com.co/api/submit.php on line 28
[05-May-2025 15:15:58 UTC] PHP Warning:  Undefined array key "cargo" in /home/soluctem/sistema.soluctem.com.co/api/submit.php on line 29
[05-May-2025 15:15:58 UTC] PHP Warning:  Undefined array key "nombreTienda" in /home/soluctem/sistema.soluctem.com.co/api/submit.php on line 30
[05-May-2025 15:15:58 UTC] PHP Warning:  Undefined array key "numeroTienda" in /home/soluctem/sistema.soluctem.com.co/api/submit.php on line 31
[05-May-2025 15:15:58 UTC] PHP Warning:  Undefined array key "numeroTicket" in /home/soluctem/sistema.soluctem.com.co/api/submit.php on line 32
[05-May-2025 15:15:58 UTC] PHP Warning:  Undefined array key "fecha" in /home/soluctem/sistema.soluctem.com.co/api/submit.php on line 33
[05-May-2025 15:15:58 UTC] PHP Warning:  Undefined array key "municipio" in /home/soluctem/sistema.soluctem.com.co/api/submit.php on line 34
[05-May-2025 15:15:58 UTC] PHP Warning:  Undefined array key "departamento" in /home/soluctem/sistema.soluctem.com.co/api/submit.php on line 35
[05-May-2025 15:15:58 UTC] PHP Warning:  Undefined array key "nombreEquipo" in /home/soluctem/sistema.soluctem.com.co/api/submit.php on line 36
[05-May-2025 15:15:58 UTC] PHP Warning:  Undefined array key "marca" in /home/soluctem/sistema.soluctem.com.co/api/submit.php on line 37
[05-May-2025 15:15:58 UTC] PHP Warning:  Undefined array key "serial" in /home/soluctem/sistema.soluctem.com.co/api/submit.php on line 38
[05-May-2025 15:15:58 UTC] PHP Warning:  Undefined array key "descripcionFalla" in /home/soluctem/sistema.soluctem.com.co/api/submit.php on line 39
[05-May-2025 15:15:58 UTC] PHP Warning:  Undefined array key "diagnosticoTecnico" in /home/soluctem/sistema.soluctem.com.co/api/submit.php on line 40
[05-May-2025 15:15:58 UTC] PHP Warning:  Undefined array key "repuestosCambiados" in /home/soluctem/sistema.soluctem.com.co/api/submit.php on line 41
[05-May-2025 15:15:58 UTC] PHP Warning:  Undefined array key "observaciones" in /home/soluctem/sistema.soluctem.com.co/api/submit.php on line 42
[05-May-2025 15:15:58 UTC] PHP Warning:  Undefined array key "seguridadRiesgoAccidentalidad" in /home/soluctem/sistema.soluctem.com.co/api/submit.php on line 43
[05-May-2025 15:15:58 UTC] PHP Warning:  Undefined array key "seguridadRiesgoEquipo" in /home/soluctem/sistema.soluctem.com.co/api/submit.php on line 44
[05-May-2025 15:15:58 UTC] PHP Warning:  Undefined array key "funcionamientoFallaSolucionada" in /home/soluctem/sistema.soluctem.com.co/api/submit.php on line 45
[05-May-2025 15:15:58 UTC] PHP Warning:  Undefined array key "funcionamientoPasosNormales" in /home/soluctem/sistema.soluctem.com.co/api/submit.php on line 46
[05-May-2025 15:15:58 UTC] PHP Warning:  Undefined array key "calidadTrabajo" in /home/soluctem/sistema.soluctem.com.co/api/submit.php on line 47
[05-May-2025 15:15:58 UTC] PHP Warning:  Undefined array key "limpiezaOrganizacionArmado" in /home/soluctem/sistema.soluctem.com.co/api/submit.php on line 48
[05-May-2025 15:15:58 UTC] PHP Warning:  Undefined array key "limpiezaOrganizacionAseado" in /home/soluctem/sistema.soluctem.com.co/api/submit.php on line 49
[05-May-2025 15:15:58 UTC] PHP Warning:  Undefined array key "capacitacionCausa" in /home/soluctem/sistema.soluctem.com.co/api/submit.php on line 50
[05-May-2025 15:15:58 UTC] PHP Warning:  Undefined array key "capacitacionPrevencion" in /home/soluctem/sistema.soluctem.com.co/api/submit.php on line 51
[05-May-2025 15:15:58 UTC] PHP Warning:  Undefined array key "capacitacionAccion" in /home/soluctem/sistema.soluctem.com.co/api/submit.php on line 52
[05-May-2025 15:15:58 UTC] PHP Warning:  Undefined array key "contratista1" in /home/soluctem/sistema.soluctem.com.co/api/submit.php on line 53
[05-May-2025 15:15:58 UTC] PHP Warning:  Undefined array key "cedula1" in /home/soluctem/sistema.soluctem.com.co/api/submit.php on line 54
[05-May-2025 15:15:58 UTC] PHP Warning:  Undefined array key "horaEntrada1" in /home/soluctem/sistema.soluctem.com.co/api/submit.php on line 55
[05-May-2025 15:15:58 UTC] PHP Warning:  Undefined array key "horaSalida1" in /home/soluctem/sistema.soluctem.com.co/api/submit.php on line 56
[05-May-2025 15:15:58 UTC] PHP Warning:  Undefined array key "contratista2" in /home/soluctem/sistema.soluctem.com.co/api/submit.php on line 57
[05-May-2025 15:15:58 UTC] PHP Warning:  Undefined array key "cedula2" in /home/soluctem/sistema.soluctem.com.co/api/submit.php on line 58
[05-May-2025 15:15:58 UTC] PHP Warning:  Undefined array key "horaEntrada2" in /home/soluctem/sistema.soluctem.com.co/api/submit.php on line 59
[05-May-2025 15:15:58 UTC] PHP Warning:  Undefined array key "horaSalida2" in /home/soluctem/sistema.soluctem.com.co/api/submit.php on line 60
[05-May-2025 15:15:58 UTC] PHP Warning:  Undefined array key "contratista3" in /home/soluctem/sistema.soluctem.com.co/api/submit.php on line 61
[05-May-2025 15:15:58 UTC] PHP Warning:  Undefined array key "cedula3" in /home/soluctem/sistema.soluctem.com.co/api/submit.php on line 62
[05-May-2025 15:15:58 UTC] PHP Warning:  Undefined array key "horaEntrada3" in /home/soluctem/sistema.soluctem.com.co/api/submit.php on line 63
[05-May-2025 15:15:58 UTC] PHP Warning:  Undefined array key "horaSalida3" in /home/soluctem/sistema.soluctem.com.co/api/submit.php on line 64
[05-May-2025 15:15:58 UTC] PHP Warning:  Undefined array key "contratista4" in /home/soluctem/sistema.soluctem.com.co/api/submit.php on line 65
[05-May-2025 15:15:58 UTC] PHP Warning:  Undefined array key "cedula4" in /home/soluctem/sistema.soluctem.com.co/api/submit.php on line 66
[05-May-2025 15:15:58 UTC] PHP Warning:  Undefined array key "horaEntrada4" in /home/soluctem/sistema.soluctem.com.co/api/submit.php on line 67
[05-May-2025 15:15:58 UTC] PHP Warning:  Undefined array key "horaSalida4" in /home/soluctem/sistema.soluctem.com.co/api/submit.php on line 68
[05-May-2025 15:15:58 UTC] PHP Warning:  Undefined array key "nombreFuncionario" in /home/soluctem/sistema.soluctem.com.co/api/submit.php on line 69
[05-May-2025 15:15:58 UTC] PHP Warning:  Undefined array key "cedulaFuncionario" in /home/soluctem/sistema.soluctem.com.co/api/submit.php on line 70
[05-May-2025 15:15:58 UTC] PHP Warning:  Undefined array key "cargoFuncionario" in /home/soluctem/sistema.soluctem.com.co/api/submit.php on line 71
[05-May-2025 15:15:58 UTC] PHP Warning:  Undefined array key "sapFuncionario" in /home/soluctem/sistema.soluctem.com.co/api/submit.php on line 72
[05-May-2025 15:15:58 UTC] PHP Warning:  Undefined array key "timestamp" in /home/soluctem/sistema.soluctem.com.co/api/submit.php on line 73
[05-May-2025 15:15:58 UTC] PHP Warning:  Undefined array key "asistenciaReparacion" in /home/soluctem/sistema.soluctem.com.co/api/submit.php on line 74
[05-May-2025 15:15:58 UTC] PHP Warning:  Undefined array key "asistenciaGarantia" in /home/soluctem/sistema.soluctem.com.co/api/submit.php on line 75
[05-May-2025 15:15:58 UTC] PHP Warning:  Undefined array key "asistenciaAjuste" in /home/soluctem/sistema.soluctem.com.co/api/submit.php on line 76
[05-May-2025 15:15:58 UTC] PHP Warning:  Undefined array key "asistenciaModificacion" in /home/soluctem/sistema.soluctem.com.co/api/submit.php on line 77
[05-May-2025 15:15:58 UTC] PHP Warning:  Undefined array key "asistenciaServicio" in /home/soluctem/sistema.soluctem.com.co/api/submit.php on line 78
[05-May-2025 15:15:58 UTC] PHP Warning:  Undefined array key "asistenciaMejora" in /home/soluctem/sistema.soluctem.com.co/api/submit.php on line 79
[05-May-2025 15:15:58 UTC] PHP Warning:  Undefined array key "asistenciaCombinacion" in /home/soluctem/sistema.soluctem.com.co/api/submit.php on line 80
[05-May-2025 15:15:58 UTC] PHP Warning:  Undefined array key "fallaOperacion" in /home/soluctem/sistema.soluctem.com.co/api/submit.php on line 81
[05-May-2025 15:15:58 UTC] PHP Warning:  Undefined array key "fallaMecanica" in /home/soluctem/sistema.soluctem.com.co/api/submit.php on line 82
[05-May-2025 15:15:58 UTC] PHP Warning:  Undefined array key "fallaElectrica" in /home/soluctem/sistema.soluctem.com.co/api/submit.php on line 83
[05-May-2025 15:15:58 UTC] PHP Warning:  Undefined array key "fallaTerceros" in /home/soluctem/sistema.soluctem.com.co/api/submit.php on line 84
[05-May-2025 15:15:58 UTC] PHP Warning:  Undefined array key "fallaFabricacion" in /home/soluctem/sistema.soluctem.com.co/api/submit.php on line 85
[05-May-2025 15:15:58 UTC] PHP Warning:  Undefined array key "firma_digital_cliente" in /home/soluctem/sistema.soluctem.com.co/api/submit.php on line 86
[05-May-2025 15:15:58 UTC] PHP Warning:  Undefined array key "firma_digital_tecnico" in /home/soluctem/sistema.soluctem.com.co/api/submit.php on line 87
[05-May-2025 16:54:59 UTC] PHP Warning:  Undefined array key "nombreSolicitante" in /home/soluctem/sistema.soluctem.com.co/api/submit.php on line 28
[05-May-2025 16:54:59 UTC] PHP Warning:  Undefined array key "cargo" in /home/soluctem/sistema.soluctem.com.co/api/submit.php on line 29
[05-May-2025 16:54:59 UTC] PHP Warning:  Undefined array key "nombreTienda" in /home/soluctem/sistema.soluctem.com.co/api/submit.php on line 30
[05-May-2025 16:54:59 UTC] PHP Warning:  Undefined array key "numeroTienda" in /home/soluctem/sistema.soluctem.com.co/api/submit.php on line 31
[05-May-2025 16:54:59 UTC] PHP Warning:  Undefined array key "numeroTicket" in /home/soluctem/sistema.soluctem.com.co/api/submit.php on line 32
[05-May-2025 16:54:59 UTC] PHP Warning:  Undefined array key "fecha" in /home/soluctem/sistema.soluctem.com.co/api/submit.php on line 33
[05-May-2025 16:54:59 UTC] PHP Warning:  Undefined array key "municipio" in /home/soluctem/sistema.soluctem.com.co/api/submit.php on line 34
[05-May-2025 16:54:59 UTC] PHP Warning:  Undefined array key "departamento" in /home/soluctem/sistema.soluctem.com.co/api/submit.php on line 35
[05-May-2025 16:54:59 UTC] PHP Warning:  Undefined array key "nombreEquipo" in /home/soluctem/sistema.soluctem.com.co/api/submit.php on line 36
[05-May-2025 16:54:59 UTC] PHP Warning:  Undefined array key "marca" in /home/soluctem/sistema.soluctem.com.co/api/submit.php on line 37
[05-May-2025 16:54:59 UTC] PHP Warning:  Undefined array key "serial" in /home/soluctem/sistema.soluctem.com.co/api/submit.php on line 38
[05-May-2025 16:54:59 UTC] PHP Warning:  Undefined array key "descripcionFalla" in /home/soluctem/sistema.soluctem.com.co/api/submit.php on line 39
[05-May-2025 16:54:59 UTC] PHP Warning:  Undefined array key "diagnosticoTecnico" in /home/soluctem/sistema.soluctem.com.co/api/submit.php on line 40
[05-May-2025 16:54:59 UTC] PHP Warning:  Undefined array key "repuestosCambiados" in /home/soluctem/sistema.soluctem.com.co/api/submit.php on line 41
[05-May-2025 16:54:59 UTC] PHP Warning:  Undefined array key "observaciones" in /home/soluctem/sistema.soluctem.com.co/api/submit.php on line 42
[05-May-2025 16:54:59 UTC] PHP Warning:  Undefined array key "seguridadRiesgoAccidentalidad" in /home/soluctem/sistema.soluctem.com.co/api/submit.php on line 43
[05-May-2025 16:54:59 UTC] PHP Warning:  Undefined array key "seguridadRiesgoEquipo" in /home/soluctem/sistema.soluctem.com.co/api/submit.php on line 44
[05-May-2025 16:54:59 UTC] PHP Warning:  Undefined array key "funcionamientoFallaSolucionada" in /home/soluctem/sistema.soluctem.com.co/api/submit.php on line 45
[05-May-2025 16:54:59 UTC] PHP Warning:  Undefined array key "funcionamientoPasosNormales" in /home/soluctem/sistema.soluctem.com.co/api/submit.php on line 46
[05-May-2025 16:54:59 UTC] PHP Warning:  Undefined array key "calidadTrabajo" in /home/soluctem/sistema.soluctem.com.co/api/submit.php on line 47
[05-May-2025 16:54:59 UTC] PHP Warning:  Undefined array key "limpiezaOrganizacionArmado" in /home/soluctem/sistema.soluctem.com.co/api/submit.php on line 48
[05-May-2025 16:54:59 UTC] PHP Warning:  Undefined array key "limpiezaOrganizacionAseado" in /home/soluctem/sistema.soluctem.com.co/api/submit.php on line 49
[05-May-2025 16:54:59 UTC] PHP Warning:  Undefined array key "capacitacionCausa" in /home/soluctem/sistema.soluctem.com.co/api/submit.php on line 50
[05-May-2025 16:54:59 UTC] PHP Warning:  Undefined array key "capacitacionPrevencion" in /home/soluctem/sistema.soluctem.com.co/api/submit.php on line 51
[05-May-2025 16:54:59 UTC] PHP Warning:  Undefined array key "capacitacionAccion" in /home/soluctem/sistema.soluctem.com.co/api/submit.php on line 52
[05-May-2025 16:54:59 UTC] PHP Warning:  Undefined array key "contratista1" in /home/soluctem/sistema.soluctem.com.co/api/submit.php on line 53
[05-May-2025 16:54:59 UTC] PHP Warning:  Undefined array key "cedula1" in /home/soluctem/sistema.soluctem.com.co/api/submit.php on line 54
[05-May-2025 16:54:59 UTC] PHP Warning:  Undefined array key "horaEntrada1" in /home/soluctem/sistema.soluctem.com.co/api/submit.php on line 55
[05-May-2025 16:54:59 UTC] PHP Warning:  Undefined array key "horaSalida1" in /home/soluctem/sistema.soluctem.com.co/api/submit.php on line 56
[05-May-2025 16:54:59 UTC] PHP Warning:  Undefined array key "contratista2" in /home/soluctem/sistema.soluctem.com.co/api/submit.php on line 57
[05-May-2025 16:54:59 UTC] PHP Warning:  Undefined array key "cedula2" in /home/soluctem/sistema.soluctem.com.co/api/submit.php on line 58
[05-May-2025 16:54:59 UTC] PHP Warning:  Undefined array key "horaEntrada2" in /home/soluctem/sistema.soluctem.com.co/api/submit.php on line 59
[05-May-2025 16:54:59 UTC] PHP Warning:  Undefined array key "horaSalida2" in /home/soluctem/sistema.soluctem.com.co/api/submit.php on line 60
[05-May-2025 16:54:59 UTC] PHP Warning:  Undefined array key "contratista3" in /home/soluctem/sistema.soluctem.com.co/api/submit.php on line 61
[05-May-2025 16:54:59 UTC] PHP Warning:  Undefined array key "cedula3" in /home/soluctem/sistema.soluctem.com.co/api/submit.php on line 62
[05-May-2025 16:54:59 UTC] PHP Warning:  Undefined array key "horaEntrada3" in /home/soluctem/sistema.soluctem.com.co/api/submit.php on line 63
[05-May-2025 16:54:59 UTC] PHP Warning:  Undefined array key "horaSalida3" in /home/soluctem/sistema.soluctem.com.co/api/submit.php on line 64
[05-May-2025 16:54:59 UTC] PHP Warning:  Undefined array key "contratista4" in /home/soluctem/sistema.soluctem.com.co/api/submit.php on line 65
[05-May-2025 16:54:59 UTC] PHP Warning:  Undefined array key "cedula4" in /home/soluctem/sistema.soluctem.com.co/api/submit.php on line 66
[05-May-2025 16:54:59 UTC] PHP Warning:  Undefined array key "horaEntrada4" in /home/soluctem/sistema.soluctem.com.co/api/submit.php on line 67
[05-May-2025 16:54:59 UTC] PHP Warning:  Undefined array key "horaSalida4" in /home/soluctem/sistema.soluctem.com.co/api/submit.php on line 68
[05-May-2025 16:54:59 UTC] PHP Warning:  Undefined array key "nombreFuncionario" in /home/soluctem/sistema.soluctem.com.co/api/submit.php on line 69
[05-May-2025 16:54:59 UTC] PHP Warning:  Undefined array key "cedulaFuncionario" in /home/soluctem/sistema.soluctem.com.co/api/submit.php on line 70
[05-May-2025 16:54:59 UTC] PHP Warning:  Undefined array key "cargoFuncionario" in /home/soluctem/sistema.soluctem.com.co/api/submit.php on line 71
[05-May-2025 16:54:59 UTC] PHP Warning:  Undefined array key "sapFuncionario" in /home/soluctem/sistema.soluctem.com.co/api/submit.php on line 72
[05-May-2025 16:54:59 UTC] PHP Warning:  Undefined array key "timestamp" in /home/soluctem/sistema.soluctem.com.co/api/submit.php on line 73
[05-May-2025 16:54:59 UTC] PHP Warning:  Undefined array key "asistenciaReparacion" in /home/soluctem/sistema.soluctem.com.co/api/submit.php on line 74
[05-May-2025 16:54:59 UTC] PHP Warning:  Undefined array key "asistenciaGarantia" in /home/soluctem/sistema.soluctem.com.co/api/submit.php on line 75
[05-May-2025 16:54:59 UTC] PHP Warning:  Undefined array key "asistenciaAjuste" in /home/soluctem/sistema.soluctem.com.co/api/submit.php on line 76
[05-May-2025 16:54:59 UTC] PHP Warning:  Undefined array key "asistenciaModificacion" in /home/soluctem/sistema.soluctem.com.co/api/submit.php on line 77
[05-May-2025 16:54:59 UTC] PHP Warning:  Undefined array key "asistenciaServicio" in /home/soluctem/sistema.soluctem.com.co/api/submit.php on line 78
[05-May-2025 16:54:59 UTC] PHP Warning:  Undefined array key "asistenciaMejora" in /home/soluctem/sistema.soluctem.com.co/api/submit.php on line 79
[05-May-2025 16:54:59 UTC] PHP Warning:  Undefined array key "asistenciaCombinacion" in /home/soluctem/sistema.soluctem.com.co/api/submit.php on line 80
[05-May-2025 16:54:59 UTC] PHP Warning:  Undefined array key "fallaOperacion" in /home/soluctem/sistema.soluctem.com.co/api/submit.php on line 81
[05-May-2025 16:54:59 UTC] PHP Warning:  Undefined array key "fallaMecanica" in /home/soluctem/sistema.soluctem.com.co/api/submit.php on line 82
[05-May-2025 16:54:59 UTC] PHP Warning:  Undefined array key "fallaElectrica" in /home/soluctem/sistema.soluctem.com.co/api/submit.php on line 83
[05-May-2025 16:54:59 UTC] PHP Warning:  Undefined array key "fallaTerceros" in /home/soluctem/sistema.soluctem.com.co/api/submit.php on line 84
[05-May-2025 16:54:59 UTC] PHP Warning:  Undefined array key "fallaFabricacion" in /home/soluctem/sistema.soluctem.com.co/api/submit.php on line 85
[05-May-2025 16:54:59 UTC] PHP Warning:  Undefined array key "firma_digital_cliente" in /home/soluctem/sistema.soluctem.com.co/api/submit.php on line 86
[05-May-2025 16:54:59 UTC] PHP Warning:  Undefined array key "firma_digital_tecnico" in /home/soluctem/sistema.soluctem.com.co/api/submit.php on line 87
[05-May-2025 19:17:08 UTC] PHP Warning:  Undefined array key "nombreSolicitante" in /home/soluctem/sistema.soluctem.com.co/api/submit.php on line 28
[05-May-2025 19:17:08 UTC] PHP Warning:  Undefined array key "cargo" in /home/soluctem/sistema.soluctem.com.co/api/submit.php on line 29
[05-May-2025 19:17:08 UTC] PHP Warning:  Undefined array key "nombreTienda" in /home/soluctem/sistema.soluctem.com.co/api/submit.php on line 30
[05-May-2025 19:17:08 UTC] PHP Warning:  Undefined array key "numeroTienda" in /home/soluctem/sistema.soluctem.com.co/api/submit.php on line 31
[05-May-2025 19:17:08 UTC] PHP Warning:  Undefined array key "numeroTicket" in /home/soluctem/sistema.soluctem.com.co/api/submit.php on line 32
[05-May-2025 19:17:08 UTC] PHP Warning:  Undefined array key "fecha" in /home/soluctem/sistema.soluctem.com.co/api/submit.php on line 33
[05-May-2025 19:17:08 UTC] PHP Warning:  Undefined array key "municipio" in /home/soluctem/sistema.soluctem.com.co/api/submit.php on line 34
[05-May-2025 19:17:08 UTC] PHP Warning:  Undefined array key "departamento" in /home/soluctem/sistema.soluctem.com.co/api/submit.php on line 35
[05-May-2025 19:17:08 UTC] PHP Warning:  Undefined array key "nombreEquipo" in /home/soluctem/sistema.soluctem.com.co/api/submit.php on line 36
[05-May-2025 19:17:08 UTC] PHP Warning:  Undefined array key "marca" in /home/soluctem/sistema.soluctem.com.co/api/submit.php on line 37
[05-May-2025 19:17:08 UTC] PHP Warning:  Undefined array key "serial" in /home/soluctem/sistema.soluctem.com.co/api/submit.php on line 38
[05-May-2025 19:17:08 UTC] PHP Warning:  Undefined array key "descripcionFalla" in /home/soluctem/sistema.soluctem.com.co/api/submit.php on line 39
[05-May-2025 19:17:08 UTC] PHP Warning:  Undefined array key "diagnosticoTecnico" in /home/soluctem/sistema.soluctem.com.co/api/submit.php on line 40
[05-May-2025 19:17:08 UTC] PHP Warning:  Undefined array key "repuestosCambiados" in /home/soluctem/sistema.soluctem.com.co/api/submit.php on line 41
[05-May-2025 19:17:08 UTC] PHP Warning:  Undefined array key "observaciones" in /home/soluctem/sistema.soluctem.com.co/api/submit.php on line 42
[05-May-2025 19:17:08 UTC] PHP Warning:  Undefined array key "seguridadRiesgoAccidentalidad" in /home/soluctem/sistema.soluctem.com.co/api/submit.php on line 43
[05-May-2025 19:17:08 UTC] PHP Warning:  Undefined array key "seguridadRiesgoEquipo" in /home/soluctem/sistema.soluctem.com.co/api/submit.php on line 44
[05-May-2025 19:17:08 UTC] PHP Warning:  Undefined array key "funcionamientoFallaSolucionada" in /home/soluctem/sistema.soluctem.com.co/api/submit.php on line 45
[05-May-2025 19:17:08 UTC] PHP Warning:  Undefined array key "funcionamientoPasosNormales" in /home/soluctem/sistema.soluctem.com.co/api/submit.php on line 46
[05-May-2025 19:17:08 UTC] PHP Warning:  Undefined array key "calidadTrabajo" in /home/soluctem/sistema.soluctem.com.co/api/submit.php on line 47
[05-May-2025 19:17:08 UTC] PHP Warning:  Undefined array key "limpiezaOrganizacionArmado" in /home/soluctem/sistema.soluctem.com.co/api/submit.php on line 48
[05-May-2025 19:17:08 UTC] PHP Warning:  Undefined array key "limpiezaOrganizacionAseado" in /home/soluctem/sistema.soluctem.com.co/api/submit.php on line 49
[05-May-2025 19:17:08 UTC] PHP Warning:  Undefined array key "capacitacionCausa" in /home/soluctem/sistema.soluctem.com.co/api/submit.php on line 50
[05-May-2025 19:17:08 UTC] PHP Warning:  Undefined array key "capacitacionPrevencion" in /home/soluctem/sistema.soluctem.com.co/api/submit.php on line 51
[05-May-2025 19:17:08 UTC] PHP Warning:  Undefined array key "capacitacionAccion" in /home/soluctem/sistema.soluctem.com.co/api/submit.php on line 52
[05-May-2025 19:17:08 UTC] PHP Warning:  Undefined array key "contratista1" in /home/soluctem/sistema.soluctem.com.co/api/submit.php on line 53
[05-May-2025 19:17:08 UTC] PHP Warning:  Undefined array key "cedula1" in /home/soluctem/sistema.soluctem.com.co/api/submit.php on line 54
[05-May-2025 19:17:08 UTC] PHP Warning:  Undefined array key "horaEntrada1" in /home/soluctem/sistema.soluctem.com.co/api/submit.php on line 55
[05-May-2025 19:17:08 UTC] PHP Warning:  Undefined array key "horaSalida1" in /home/soluctem/sistema.soluctem.com.co/api/submit.php on line 56
[05-May-2025 19:17:08 UTC] PHP Warning:  Undefined array key "contratista2" in /home/soluctem/sistema.soluctem.com.co/api/submit.php on line 57
[05-May-2025 19:17:08 UTC] PHP Warning:  Undefined array key "cedula2" in /home/soluctem/sistema.soluctem.com.co/api/submit.php on line 58
[05-May-2025 19:17:08 UTC] PHP Warning:  Undefined array key "horaEntrada2" in /home/soluctem/sistema.soluctem.com.co/api/submit.php on line 59
[05-May-2025 19:17:08 UTC] PHP Warning:  Undefined array key "horaSalida2" in /home/soluctem/sistema.soluctem.com.co/api/submit.php on line 60
[05-May-2025 19:17:08 UTC] PHP Warning:  Undefined array key "contratista3" in /home/soluctem/sistema.soluctem.com.co/api/submit.php on line 61
[05-May-2025 19:17:08 UTC] PHP Warning:  Undefined array key "cedula3" in /home/soluctem/sistema.soluctem.com.co/api/submit.php on line 62
[05-May-2025 19:17:08 UTC] PHP Warning:  Undefined array key "horaEntrada3" in /home/soluctem/sistema.soluctem.com.co/api/submit.php on line 63
[05-May-2025 19:17:08 UTC] PHP Warning:  Undefined array key "horaSalida3" in /home/soluctem/sistema.soluctem.com.co/api/submit.php on line 64
[05-May-2025 19:17:08 UTC] PHP Warning:  Undefined array key "contratista4" in /home/soluctem/sistema.soluctem.com.co/api/submit.php on line 65
[05-May-2025 19:17:08 UTC] PHP Warning:  Undefined array key "cedula4" in /home/soluctem/sistema.soluctem.com.co/api/submit.php on line 66
[05-May-2025 19:17:08 UTC] PHP Warning:  Undefined array key "horaEntrada4" in /home/soluctem/sistema.soluctem.com.co/api/submit.php on line 67
[05-May-2025 19:17:08 UTC] PHP Warning:  Undefined array key "horaSalida4" in /home/soluctem/sistema.soluctem.com.co/api/submit.php on line 68
[05-May-2025 19:17:08 UTC] PHP Warning:  Undefined array key "nombreFuncionario" in /home/soluctem/sistema.soluctem.com.co/api/submit.php on line 69
[05-May-2025 19:17:08 UTC] PHP Warning:  Undefined array key "cedulaFuncionario" in /home/soluctem/sistema.soluctem.com.co/api/submit.php on line 70
[05-May-2025 19:17:08 UTC] PHP Warning:  Undefined array key "cargoFuncionario" in /home/soluctem/sistema.soluctem.com.co/api/submit.php on line 71
[05-May-2025 19:17:08 UTC] PHP Warning:  Undefined array key "sapFuncionario" in /home/soluctem/sistema.soluctem.com.co/api/submit.php on line 72
[05-May-2025 19:17:08 UTC] PHP Warning:  Undefined array key "timestamp" in /home/soluctem/sistema.soluctem.com.co/api/submit.php on line 73
[05-May-2025 19:17:08 UTC] PHP Warning:  Undefined array key "asistenciaReparacion" in /home/soluctem/sistema.soluctem.com.co/api/submit.php on line 74
[05-May-2025 19:17:08 UTC] PHP Warning:  Undefined array key "asistenciaGarantia" in /home/soluctem/sistema.soluctem.com.co/api/submit.php on line 75
[05-May-2025 19:17:08 UTC] PHP Warning:  Undefined array key "asistenciaAjuste" in /home/soluctem/sistema.soluctem.com.co/api/submit.php on line 76
[05-May-2025 19:17:08 UTC] PHP Warning:  Undefined array key "asistenciaModificacion" in /home/soluctem/sistema.soluctem.com.co/api/submit.php on line 77
[05-May-2025 19:17:08 UTC] PHP Warning:  Undefined array key "asistenciaServicio" in /home/soluctem/sistema.soluctem.com.co/api/submit.php on line 78
[05-May-2025 19:17:08 UTC] PHP Warning:  Undefined array key "asistenciaMejora" in /home/soluctem/sistema.soluctem.com.co/api/submit.php on line 79
[05-May-2025 19:17:08 UTC] PHP Warning:  Undefined array key "asistenciaCombinacion" in /home/soluctem/sistema.soluctem.com.co/api/submit.php on line 80
[05-May-2025 19:17:08 UTC] PHP Warning:  Undefined array key "fallaOperacion" in /home/soluctem/sistema.soluctem.com.co/api/submit.php on line 81
[05-May-2025 19:17:08 UTC] PHP Warning:  Undefined array key "fallaMecanica" in /home/soluctem/sistema.soluctem.com.co/api/submit.php on line 82
[05-May-2025 19:17:08 UTC] PHP Warning:  Undefined array key "fallaElectrica" in /home/soluctem/sistema.soluctem.com.co/api/submit.php on line 83
[05-May-2025 19:17:08 UTC] PHP Warning:  Undefined array key "fallaTerceros" in /home/soluctem/sistema.soluctem.com.co/api/submit.php on line 84
[05-May-2025 19:17:08 UTC] PHP Warning:  Undefined array key "fallaFabricacion" in /home/soluctem/sistema.soluctem.com.co/api/submit.php on line 85
[05-May-2025 19:17:08 UTC] PHP Warning:  Undefined array key "firma_digital_cliente" in /home/soluctem/sistema.soluctem.com.co/api/submit.php on line 86
[05-May-2025 19:17:08 UTC] PHP Warning:  Undefined array key "firma_digital_tecnico" in /home/soluctem/sistema.soluctem.com.co/api/submit.php on line 87
[05-May-2025 19:40:21 UTC] PHP Warning:  Undefined array key "nombreSolicitante" in /home/soluctem/sistema.soluctem.com.co/api/submit.php on line 28
[05-May-2025 19:40:21 UTC] PHP Warning:  Undefined array key "cargo" in /home/soluctem/sistema.soluctem.com.co/api/submit.php on line 29
[05-May-2025 19:40:21 UTC] PHP Warning:  Undefined array key "nombreTienda" in /home/soluctem/sistema.soluctem.com.co/api/submit.php on line 30
[05-May-2025 19:40:21 UTC] PHP Warning:  Undefined array key "numeroTienda" in /home/soluctem/sistema.soluctem.com.co/api/submit.php on line 31
[05-May-2025 19:40:21 UTC] PHP Warning:  Undefined array key "numeroTicket" in /home/soluctem/sistema.soluctem.com.co/api/submit.php on line 32
[05-May-2025 19:40:21 UTC] PHP Warning:  Undefined array key "fecha" in /home/soluctem/sistema.soluctem.com.co/api/submit.php on line 33
[05-May-2025 19:40:21 UTC] PHP Warning:  Undefined array key "municipio" in /home/soluctem/sistema.soluctem.com.co/api/submit.php on line 34
[05-May-2025 19:40:21 UTC] PHP Warning:  Undefined array key "departamento" in /home/soluctem/sistema.soluctem.com.co/api/submit.php on line 35
[05-May-2025 19:40:21 UTC] PHP Warning:  Undefined array key "nombreEquipo" in /home/soluctem/sistema.soluctem.com.co/api/submit.php on line 36
[05-May-2025 19:40:21 UTC] PHP Warning:  Undefined array key "marca" in /home/soluctem/sistema.soluctem.com.co/api/submit.php on line 37
[05-May-2025 19:40:21 UTC] PHP Warning:  Undefined array key "serial" in /home/soluctem/sistema.soluctem.com.co/api/submit.php on line 38
[05-May-2025 19:40:21 UTC] PHP Warning:  Undefined array key "descripcionFalla" in /home/soluctem/sistema.soluctem.com.co/api/submit.php on line 39
[05-May-2025 19:40:21 UTC] PHP Warning:  Undefined array key "diagnosticoTecnico" in /home/soluctem/sistema.soluctem.com.co/api/submit.php on line 40
[05-May-2025 19:40:21 UTC] PHP Warning:  Undefined array key "repuestosCambiados" in /home/soluctem/sistema.soluctem.com.co/api/submit.php on line 41
[05-May-2025 19:40:21 UTC] PHP Warning:  Undefined array key "observaciones" in /home/soluctem/sistema.soluctem.com.co/api/submit.php on line 42
[05-May-2025 19:40:21 UTC] PHP Warning:  Undefined array key "seguridadRiesgoAccidentalidad" in /home/soluctem/sistema.soluctem.com.co/api/submit.php on line 43
[05-May-2025 19:40:21 UTC] PHP Warning:  Undefined array key "seguridadRiesgoEquipo" in /home/soluctem/sistema.soluctem.com.co/api/submit.php on line 44
[05-May-2025 19:40:21 UTC] PHP Warning:  Undefined array key "funcionamientoFallaSolucionada" in /home/soluctem/sistema.soluctem.com.co/api/submit.php on line 45
[05-May-2025 19:40:21 UTC] PHP Warning:  Undefined array key "funcionamientoPasosNormales" in /home/soluctem/sistema.soluctem.com.co/api/submit.php on line 46
[05-May-2025 19:40:21 UTC] PHP Warning:  Undefined array key "calidadTrabajo" in /home/soluctem/sistema.soluctem.com.co/api/submit.php on line 47
[05-May-2025 19:40:21 UTC] PHP Warning:  Undefined array key "limpiezaOrganizacionArmado" in /home/soluctem/sistema.soluctem.com.co/api/submit.php on line 48
[05-May-2025 19:40:21 UTC] PHP Warning:  Undefined array key "limpiezaOrganizacionAseado" in /home/soluctem/sistema.soluctem.com.co/api/submit.php on line 49
[05-May-2025 19:40:21 UTC] PHP Warning:  Undefined array key "capacitacionCausa" in /home/soluctem/sistema.soluctem.com.co/api/submit.php on line 50
[05-May-2025 19:40:21 UTC] PHP Warning:  Undefined array key "capacitacionPrevencion" in /home/soluctem/sistema.soluctem.com.co/api/submit.php on line 51
[05-May-2025 19:40:21 UTC] PHP Warning:  Undefined array key "capacitacionAccion" in /home/soluctem/sistema.soluctem.com.co/api/submit.php on line 52
[05-May-2025 19:40:21 UTC] PHP Warning:  Undefined array key "contratista1" in /home/soluctem/sistema.soluctem.com.co/api/submit.php on line 53
[05-May-2025 19:40:21 UTC] PHP Warning:  Undefined array key "cedula1" in /home/soluctem/sistema.soluctem.com.co/api/submit.php on line 54
[05-May-2025 19:40:21 UTC] PHP Warning:  Undefined array key "horaEntrada1" in /home/soluctem/sistema.soluctem.com.co/api/submit.php on line 55
[05-May-2025 19:40:21 UTC] PHP Warning:  Undefined array key "horaSalida1" in /home/soluctem/sistema.soluctem.com.co/api/submit.php on line 56
[05-May-2025 19:40:21 UTC] PHP Warning:  Undefined array key "contratista2" in /home/soluctem/sistema.soluctem.com.co/api/submit.php on line 57
[05-May-2025 19:40:21 UTC] PHP Warning:  Undefined array key "cedula2" in /home/soluctem/sistema.soluctem.com.co/api/submit.php on line 58
[05-May-2025 19:40:21 UTC] PHP Warning:  Undefined array key "horaEntrada2" in /home/soluctem/sistema.soluctem.com.co/api/submit.php on line 59
[05-May-2025 19:40:21 UTC] PHP Warning:  Undefined array key "horaSalida2" in /home/soluctem/sistema.soluctem.com.co/api/submit.php on line 60
[05-May-2025 19:40:21 UTC] PHP Warning:  Undefined array key "contratista3" in /home/soluctem/sistema.soluctem.com.co/api/submit.php on line 61
[05-May-2025 19:40:21 UTC] PHP Warning:  Undefined array key "cedula3" in /home/soluctem/sistema.soluctem.com.co/api/submit.php on line 62
[05-May-2025 19:40:21 UTC] PHP Warning:  Undefined array key "horaEntrada3" in /home/soluctem/sistema.soluctem.com.co/api/submit.php on line 63
[05-May-2025 19:40:21 UTC] PHP Warning:  Undefined array key "horaSalida3" in /home/soluctem/sistema.soluctem.com.co/api/submit.php on line 64
[05-May-2025 19:40:21 UTC] PHP Warning:  Undefined array key "contratista4" in /home/soluctem/sistema.soluctem.com.co/api/submit.php on line 65
[05-May-2025 19:40:21 UTC] PHP Warning:  Undefined array key "cedula4" in /home/soluctem/sistema.soluctem.com.co/api/submit.php on line 66
[05-May-2025 19:40:21 UTC] PHP Warning:  Undefined array key "horaEntrada4" in /home/soluctem/sistema.soluctem.com.co/api/submit.php on line 67
[05-May-2025 19:40:21 UTC] PHP Warning:  Undefined array key "horaSalida4" in /home/soluctem/sistema.soluctem.com.co/api/submit.php on line 68
[05-May-2025 19:40:21 UTC] PHP Warning:  Undefined array key "nombreFuncionario" in /home/soluctem/sistema.soluctem.com.co/api/submit.php on line 69
[05-May-2025 19:40:21 UTC] PHP Warning:  Undefined array key "cedulaFuncionario" in /home/soluctem/sistema.soluctem.com.co/api/submit.php on line 70
[05-May-2025 19:40:21 UTC] PHP Warning:  Undefined array key "cargoFuncionario" in /home/soluctem/sistema.soluctem.com.co/api/submit.php on line 71
[05-May-2025 19:40:21 UTC] PHP Warning:  Undefined array key "sapFuncionario" in /home/soluctem/sistema.soluctem.com.co/api/submit.php on line 72
[05-May-2025 19:40:21 UTC] PHP Warning:  Undefined array key "timestamp" in /home/soluctem/sistema.soluctem.com.co/api/submit.php on line 73
[05-May-2025 19:40:21 UTC] PHP Warning:  Undefined array key "asistenciaReparacion" in /home/soluctem/sistema.soluctem.com.co/api/submit.php on line 74
[05-May-2025 19:40:21 UTC] PHP Warning:  Undefined array key "asistenciaGarantia" in /home/soluctem/sistema.soluctem.com.co/api/submit.php on line 75
[05-May-2025 19:40:21 UTC] PHP Warning:  Undefined array key "asistenciaAjuste" in /home/soluctem/sistema.soluctem.com.co/api/submit.php on line 76
[05-May-2025 19:40:21 UTC] PHP Warning:  Undefined array key "asistenciaModificacion" in /home/soluctem/sistema.soluctem.com.co/api/submit.php on line 77
[05-May-2025 19:40:21 UTC] PHP Warning:  Undefined array key "asistenciaServicio" in /home/soluctem/sistema.soluctem.com.co/api/submit.php on line 78
[05-May-2025 19:40:21 UTC] PHP Warning:  Undefined array key "asistenciaMejora" in /home/soluctem/sistema.soluctem.com.co/api/submit.php on line 79
[05-May-2025 19:40:21 UTC] PHP Warning:  Undefined array key "asistenciaCombinacion" in /home/soluctem/sistema.soluctem.com.co/api/submit.php on line 80
[05-May-2025 19:40:21 UTC] PHP Warning:  Undefined array key "fallaOperacion" in /home/soluctem/sistema.soluctem.com.co/api/submit.php on line 81
[05-May-2025 19:40:21 UTC] PHP Warning:  Undefined array key "fallaMecanica" in /home/soluctem/sistema.soluctem.com.co/api/submit.php on line 82
[05-May-2025 19:40:21 UTC] PHP Warning:  Undefined array key "fallaElectrica" in /home/soluctem/sistema.soluctem.com.co/api/submit.php on line 83
[05-May-2025 19:40:21 UTC] PHP Warning:  Undefined array key "fallaTerceros" in /home/soluctem/sistema.soluctem.com.co/api/submit.php on line 84
[05-May-2025 19:40:21 UTC] PHP Warning:  Undefined array key "fallaFabricacion" in /home/soluctem/sistema.soluctem.com.co/api/submit.php on line 85
[05-May-2025 19:40:21 UTC] PHP Warning:  Undefined array key "firma_digital_cliente" in /home/soluctem/sistema.soluctem.com.co/api/submit.php on line 86
[05-May-2025 19:40:21 UTC] PHP Warning:  Undefined array key "firma_digital_tecnico" in /home/soluctem/sistema.soluctem.com.co/api/submit.php on line 87
[05-May-2025 19:41:57 UTC] PHP Warning:  Undefined array key "nombreSolicitante" in /home/soluctem/sistema.soluctem.com.co/api/submit.php on line 28
[05-May-2025 19:41:57 UTC] PHP Warning:  Undefined array key "cargo" in /home/soluctem/sistema.soluctem.com.co/api/submit.php on line 29
[05-May-2025 19:41:57 UTC] PHP Warning:  Undefined array key "nombreTienda" in /home/soluctem/sistema.soluctem.com.co/api/submit.php on line 30
[05-May-2025 19:41:57 UTC] PHP Warning:  Undefined array key "numeroTienda" in /home/soluctem/sistema.soluctem.com.co/api/submit.php on line 31
[05-May-2025 19:41:57 UTC] PHP Warning:  Undefined array key "numeroTicket" in /home/soluctem/sistema.soluctem.com.co/api/submit.php on line 32
[05-May-2025 19:41:57 UTC] PHP Warning:  Undefined array key "fecha" in /home/soluctem/sistema.soluctem.com.co/api/submit.php on line 33
[05-May-2025 19:41:57 UTC] PHP Warning:  Undefined array key "municipio" in /home/soluctem/sistema.soluctem.com.co/api/submit.php on line 34
[05-May-2025 19:41:57 UTC] PHP Warning:  Undefined array key "departamento" in /home/soluctem/sistema.soluctem.com.co/api/submit.php on line 35
[05-May-2025 19:41:57 UTC] PHP Warning:  Undefined array key "nombreEquipo" in /home/soluctem/sistema.soluctem.com.co/api/submit.php on line 36
[05-May-2025 19:41:57 UTC] PHP Warning:  Undefined array key "marca" in /home/soluctem/sistema.soluctem.com.co/api/submit.php on line 37
[05-May-2025 19:41:57 UTC] PHP Warning:  Undefined array key "serial" in /home/soluctem/sistema.soluctem.com.co/api/submit.php on line 38
[05-May-2025 19:41:57 UTC] PHP Warning:  Undefined array key "descripcionFalla" in /home/soluctem/sistema.soluctem.com.co/api/submit.php on line 39
[05-May-2025 19:41:57 UTC] PHP Warning:  Undefined array key "diagnosticoTecnico" in /home/soluctem/sistema.soluctem.com.co/api/submit.php on line 40
[05-May-2025 19:41:57 UTC] PHP Warning:  Undefined array key "repuestosCambiados" in /home/soluctem/sistema.soluctem.com.co/api/submit.php on line 41
[05-May-2025 19:41:57 UTC] PHP Warning:  Undefined array key "observaciones" in /home/soluctem/sistema.soluctem.com.co/api/submit.php on line 42
[05-May-2025 19:41:57 UTC] PHP Warning:  Undefined array key "seguridadRiesgoAccidentalidad" in /home/soluctem/sistema.soluctem.com.co/api/submit.php on line 43
[05-May-2025 19:41:57 UTC] PHP Warning:  Undefined array key "seguridadRiesgoEquipo" in /home/soluctem/sistema.soluctem.com.co/api/submit.php on line 44
[05-May-2025 19:41:57 UTC] PHP Warning:  Undefined array key "funcionamientoFallaSolucionada" in /home/soluctem/sistema.soluctem.com.co/api/submit.php on line 45
[05-May-2025 19:41:57 UTC] PHP Warning:  Undefined array key "funcionamientoPasosNormales" in /home/soluctem/sistema.soluctem.com.co/api/submit.php on line 46
[05-May-2025 19:41:57 UTC] PHP Warning:  Undefined array key "calidadTrabajo" in /home/soluctem/sistema.soluctem.com.co/api/submit.php on line 47
[05-May-2025 19:41:57 UTC] PHP Warning:  Undefined array key "limpiezaOrganizacionArmado" in /home/soluctem/sistema.soluctem.com.co/api/submit.php on line 48
[05-May-2025 19:41:57 UTC] PHP Warning:  Undefined array key "limpiezaOrganizacionAseado" in /home/soluctem/sistema.soluctem.com.co/api/submit.php on line 49
[05-May-2025 19:41:57 UTC] PHP Warning:  Undefined array key "capacitacionCausa" in /home/soluctem/sistema.soluctem.com.co/api/submit.php on line 50
[05-May-2025 19:41:57 UTC] PHP Warning:  Undefined array key "capacitacionPrevencion" in /home/soluctem/sistema.soluctem.com.co/api/submit.php on line 51
[05-May-2025 19:41:57 UTC] PHP Warning:  Undefined array key "capacitacionAccion" in /home/soluctem/sistema.soluctem.com.co/api/submit.php on line 52
[05-May-2025 19:41:57 UTC] PHP Warning:  Undefined array key "contratista1" in /home/soluctem/sistema.soluctem.com.co/api/submit.php on line 53
[05-May-2025 19:41:57 UTC] PHP Warning:  Undefined array key "cedula1" in /home/soluctem/sistema.soluctem.com.co/api/submit.php on line 54
[05-May-2025 19:41:57 UTC] PHP Warning:  Undefined array key "horaEntrada1" in /home/soluctem/sistema.soluctem.com.co/api/submit.php on line 55
[05-May-2025 19:41:57 UTC] PHP Warning:  Undefined array key "horaSalida1" in /home/soluctem/sistema.soluctem.com.co/api/submit.php on line 56
[05-May-2025 19:41:57 UTC] PHP Warning:  Undefined array key "contratista2" in /home/soluctem/sistema.soluctem.com.co/api/submit.php on line 57
[05-May-2025 19:41:57 UTC] PHP Warning:  Undefined array key "cedula2" in /home/soluctem/sistema.soluctem.com.co/api/submit.php on line 58
[05-May-2025 19:41:57 UTC] PHP Warning:  Undefined array key "horaEntrada2" in /home/soluctem/sistema.soluctem.com.co/api/submit.php on line 59
[05-May-2025 19:41:57 UTC] PHP Warning:  Undefined array key "horaSalida2" in /home/soluctem/sistema.soluctem.com.co/api/submit.php on line 60
[05-May-2025 19:41:57 UTC] PHP Warning:  Undefined array key "contratista3" in /home/soluctem/sistema.soluctem.com.co/api/submit.php on line 61
[05-May-2025 19:41:57 UTC] PHP Warning:  Undefined array key "cedula3" in /home/soluctem/sistema.soluctem.com.co/api/submit.php on line 62
[05-May-2025 19:41:57 UTC] PHP Warning:  Undefined array key "horaEntrada3" in /home/soluctem/sistema.soluctem.com.co/api/submit.php on line 63
[05-May-2025 19:41:57 UTC] PHP Warning:  Undefined array key "horaSalida3" in /home/soluctem/sistema.soluctem.com.co/api/submit.php on line 64
[05-May-2025 19:41:57 UTC] PHP Warning:  Undefined array key "contratista4" in /home/soluctem/sistema.soluctem.com.co/api/submit.php on line 65
[05-May-2025 19:41:57 UTC] PHP Warning:  Undefined array key "cedula4" in /home/soluctem/sistema.soluctem.com.co/api/submit.php on line 66
[05-May-2025 19:41:57 UTC] PHP Warning:  Undefined array key "horaEntrada4" in /home/soluctem/sistema.soluctem.com.co/api/submit.php on line 67
[05-May-2025 19:41:57 UTC] PHP Warning:  Undefined array key "horaSalida4" in /home/soluctem/sistema.soluctem.com.co/api/submit.php on line 68
[05-May-2025 19:41:57 UTC] PHP Warning:  Undefined array key "nombreFuncionario" in /home/soluctem/sistema.soluctem.com.co/api/submit.php on line 69
[05-May-2025 19:41:57 UTC] PHP Warning:  Undefined array key "cedulaFuncionario" in /home/soluctem/sistema.soluctem.com.co/api/submit.php on line 70
[05-May-2025 19:41:57 UTC] PHP Warning:  Undefined array key "cargoFuncionario" in /home/soluctem/sistema.soluctem.com.co/api/submit.php on line 71
[05-May-2025 19:41:57 UTC] PHP Warning:  Undefined array key "sapFuncionario" in /home/soluctem/sistema.soluctem.com.co/api/submit.php on line 72
[05-May-2025 19:41:57 UTC] PHP Warning:  Undefined array key "timestamp" in /home/soluctem/sistema.soluctem.com.co/api/submit.php on line 73
[05-May-2025 19:41:57 UTC] PHP Warning:  Undefined array key "asistenciaReparacion" in /home/soluctem/sistema.soluctem.com.co/api/submit.php on line 74
[05-May-2025 19:41:57 UTC] PHP Warning:  Undefined array key "asistenciaGarantia" in /home/soluctem/sistema.soluctem.com.co/api/submit.php on line 75
[05-May-2025 19:41:57 UTC] PHP Warning:  Undefined array key "asistenciaAjuste" in /home/soluctem/sistema.soluctem.com.co/api/submit.php on line 76
[05-May-2025 19:41:57 UTC] PHP Warning:  Undefined array key "asistenciaModificacion" in /home/soluctem/sistema.soluctem.com.co/api/submit.php on line 77
[05-May-2025 19:41:57 UTC] PHP Warning:  Undefined array key "asistenciaServicio" in /home/soluctem/sistema.soluctem.com.co/api/submit.php on line 78
[05-May-2025 19:41:57 UTC] PHP Warning:  Undefined array key "asistenciaMejora" in /home/soluctem/sistema.soluctem.com.co/api/submit.php on line 79
[05-May-2025 19:41:57 UTC] PHP Warning:  Undefined array key "asistenciaCombinacion" in /home/soluctem/sistema.soluctem.com.co/api/submit.php on line 80
[05-May-2025 19:41:57 UTC] PHP Warning:  Undefined array key "fallaOperacion" in /home/soluctem/sistema.soluctem.com.co/api/submit.php on line 81
[05-May-2025 19:41:57 UTC] PHP Warning:  Undefined array key "fallaMecanica" in /home/soluctem/sistema.soluctem.com.co/api/submit.php on line 82
[05-May-2025 19:41:57 UTC] PHP Warning:  Undefined array key "fallaElectrica" in /home/soluctem/sistema.soluctem.com.co/api/submit.php on line 83
[05-May-2025 19:41:57 UTC] PHP Warning:  Undefined array key "fallaTerceros" in /home/soluctem/sistema.soluctem.com.co/api/submit.php on line 84
[05-May-2025 19:41:57 UTC] PHP Warning:  Undefined array key "fallaFabricacion" in /home/soluctem/sistema.soluctem.com.co/api/submit.php on line 85
[05-May-2025 19:41:57 UTC] PHP Warning:  Undefined array key "firma_digital_cliente" in /home/soluctem/sistema.soluctem.com.co/api/submit.php on line 86
[05-May-2025 19:41:57 UTC] PHP Warning:  Undefined array key "firma_digital_tecnico" in /home/soluctem/sistema.soluctem.com.co/api/submit.php on line 87
[05-May-2025 21:25:04 UTC] PHP Warning:  Undefined array key "nombreSolicitante" in /home/soluctem/sistema.soluctem.com.co/api/submit.php on line 28
[05-May-2025 21:25:04 UTC] PHP Warning:  Undefined array key "cargo" in /home/soluctem/sistema.soluctem.com.co/api/submit.php on line 29
[05-May-2025 21:25:04 UTC] PHP Warning:  Undefined array key "nombreTienda" in /home/soluctem/sistema.soluctem.com.co/api/submit.php on line 30
[05-May-2025 21:25:04 UTC] PHP Warning:  Undefined array key "numeroTienda" in /home/soluctem/sistema.soluctem.com.co/api/submit.php on line 31
[05-May-2025 21:25:04 UTC] PHP Warning:  Undefined array key "numeroTicket" in /home/soluctem/sistema.soluctem.com.co/api/submit.php on line 32
[05-May-2025 21:25:04 UTC] PHP Warning:  Undefined array key "fecha" in /home/soluctem/sistema.soluctem.com.co/api/submit.php on line 33
[05-May-2025 21:25:04 UTC] PHP Warning:  Undefined array key "municipio" in /home/soluctem/sistema.soluctem.com.co/api/submit.php on line 34
[05-May-2025 21:25:04 UTC] PHP Warning:  Undefined array key "departamento" in /home/soluctem/sistema.soluctem.com.co/api/submit.php on line 35
[05-May-2025 21:25:04 UTC] PHP Warning:  Undefined array key "nombreEquipo" in /home/soluctem/sistema.soluctem.com.co/api/submit.php on line 36
[05-May-2025 21:25:04 UTC] PHP Warning:  Undefined array key "marca" in /home/soluctem/sistema.soluctem.com.co/api/submit.php on line 37
[05-May-2025 21:25:04 UTC] PHP Warning:  Undefined array key "serial" in /home/soluctem/sistema.soluctem.com.co/api/submit.php on line 38
[05-May-2025 21:25:04 UTC] PHP Warning:  Undefined array key "descripcionFalla" in /home/soluctem/sistema.soluctem.com.co/api/submit.php on line 39
[05-May-2025 21:25:04 UTC] PHP Warning:  Undefined array key "diagnosticoTecnico" in /home/soluctem/sistema.soluctem.com.co/api/submit.php on line 40
[05-May-2025 21:25:04 UTC] PHP Warning:  Undefined array key "repuestosCambiados" in /home/soluctem/sistema.soluctem.com.co/api/submit.php on line 41
[05-May-2025 21:25:04 UTC] PHP Warning:  Undefined array key "observaciones" in /home/soluctem/sistema.soluctem.com.co/api/submit.php on line 42
[05-May-2025 21:25:04 UTC] PHP Warning:  Undefined array key "seguridadRiesgoAccidentalidad" in /home/soluctem/sistema.soluctem.com.co/api/submit.php on line 43
[05-May-2025 21:25:04 UTC] PHP Warning:  Undefined array key "seguridadRiesgoEquipo" in /home/soluctem/sistema.soluctem.com.co/api/submit.php on line 44
[05-May-2025 21:25:04 UTC] PHP Warning:  Undefined array key "funcionamientoFallaSolucionada" in /home/soluctem/sistema.soluctem.com.co/api/submit.php on line 45
[05-May-2025 21:25:04 UTC] PHP Warning:  Undefined array key "funcionamientoPasosNormales" in /home/soluctem/sistema.soluctem.com.co/api/submit.php on line 46
[05-May-2025 21:25:04 UTC] PHP Warning:  Undefined array key "calidadTrabajo" in /home/soluctem/sistema.soluctem.com.co/api/submit.php on line 47
[05-May-2025 21:25:04 UTC] PHP Warning:  Undefined array key "limpiezaOrganizacionArmado" in /home/soluctem/sistema.soluctem.com.co/api/submit.php on line 48
[05-May-2025 21:25:04 UTC] PHP Warning:  Undefined array key "limpiezaOrganizacionAseado" in /home/soluctem/sistema.soluctem.com.co/api/submit.php on line 49
[05-May-2025 21:25:04 UTC] PHP Warning:  Undefined array key "capacitacionCausa" in /home/soluctem/sistema.soluctem.com.co/api/submit.php on line 50
[05-May-2025 21:25:04 UTC] PHP Warning:  Undefined array key "capacitacionPrevencion" in /home/soluctem/sistema.soluctem.com.co/api/submit.php on line 51
[05-May-2025 21:25:04 UTC] PHP Warning:  Undefined array key "capacitacionAccion" in /home/soluctem/sistema.soluctem.com.co/api/submit.php on line 52
[05-May-2025 21:25:04 UTC] PHP Warning:  Undefined array key "contratista1" in /home/soluctem/sistema.soluctem.com.co/api/submit.php on line 53
[05-May-2025 21:25:04 UTC] PHP Warning:  Undefined array key "cedula1" in /home/soluctem/sistema.soluctem.com.co/api/submit.php on line 54
[05-May-2025 21:25:04 UTC] PHP Warning:  Undefined array key "horaEntrada1" in /home/soluctem/sistema.soluctem.com.co/api/submit.php on line 55
[05-May-2025 21:25:04 UTC] PHP Warning:  Undefined array key "horaSalida1" in /home/soluctem/sistema.soluctem.com.co/api/submit.php on line 56
[05-May-2025 21:25:04 UTC] PHP Warning:  Undefined array key "contratista2" in /home/soluctem/sistema.soluctem.com.co/api/submit.php on line 57
[05-May-2025 21:25:04 UTC] PHP Warning:  Undefined array key "cedula2" in /home/soluctem/sistema.soluctem.com.co/api/submit.php on line 58
[05-May-2025 21:25:04 UTC] PHP Warning:  Undefined array key "horaEntrada2" in /home/soluctem/sistema.soluctem.com.co/api/submit.php on line 59
[05-May-2025 21:25:04 UTC] PHP Warning:  Undefined array key "horaSalida2" in /home/soluctem/sistema.soluctem.com.co/api/submit.php on line 60
[05-May-2025 21:25:04 UTC] PHP Warning:  Undefined array key "contratista3" in /home/soluctem/sistema.soluctem.com.co/api/submit.php on line 61
[05-May-2025 21:25:04 UTC] PHP Warning:  Undefined array key "cedula3" in /home/soluctem/sistema.soluctem.com.co/api/submit.php on line 62
[05-May-2025 21:25:04 UTC] PHP Warning:  Undefined array key "horaEntrada3" in /home/soluctem/sistema.soluctem.com.co/api/submit.php on line 63
[05-May-2025 21:25:04 UTC] PHP Warning:  Undefined array key "horaSalida3" in /home/soluctem/sistema.soluctem.com.co/api/submit.php on line 64
[05-May-2025 21:25:04 UTC] PHP Warning:  Undefined array key "contratista4" in /home/soluctem/sistema.soluctem.com.co/api/submit.php on line 65
[05-May-2025 21:25:04 UTC] PHP Warning:  Undefined array key "cedula4" in /home/soluctem/sistema.soluctem.com.co/api/submit.php on line 66
[05-May-2025 21:25:04 UTC] PHP Warning:  Undefined array key "horaEntrada4" in /home/soluctem/sistema.soluctem.com.co/api/submit.php on line 67
[05-May-2025 21:25:04 UTC] PHP Warning:  Undefined array key "horaSalida4" in /home/soluctem/sistema.soluctem.com.co/api/submit.php on line 68
[05-May-2025 21:25:04 UTC] PHP Warning:  Undefined array key "nombreFuncionario" in /home/soluctem/sistema.soluctem.com.co/api/submit.php on line 69
[05-May-2025 21:25:04 UTC] PHP Warning:  Undefined array key "cedulaFuncionario" in /home/soluctem/sistema.soluctem.com.co/api/submit.php on line 70
[05-May-2025 21:25:04 UTC] PHP Warning:  Undefined array key "cargoFuncionario" in /home/soluctem/sistema.soluctem.com.co/api/submit.php on line 71
[05-May-2025 21:25:04 UTC] PHP Warning:  Undefined array key "sapFuncionario" in /home/soluctem/sistema.soluctem.com.co/api/submit.php on line 72
[05-May-2025 21:25:04 UTC] PHP Warning:  Undefined array key "timestamp" in /home/soluctem/sistema.soluctem.com.co/api/submit.php on line 73
[05-May-2025 21:25:04 UTC] PHP Warning:  Undefined array key "asistenciaReparacion" in /home/soluctem/sistema.soluctem.com.co/api/submit.php on line 74
[05-May-2025 21:25:04 UTC] PHP Warning:  Undefined array key "asistenciaGarantia" in /home/soluctem/sistema.soluctem.com.co/api/submit.php on line 75
[05-May-2025 21:25:04 UTC] PHP Warning:  Undefined array key "asistenciaAjuste" in /home/soluctem/sistema.soluctem.com.co/api/submit.php on line 76
[05-May-2025 21:25:04 UTC] PHP Warning:  Undefined array key "asistenciaModificacion" in /home/soluctem/sistema.soluctem.com.co/api/submit.php on line 77
[05-May-2025 21:25:04 UTC] PHP Warning:  Undefined array key "asistenciaServicio" in /home/soluctem/sistema.soluctem.com.co/api/submit.php on line 78
[05-May-2025 21:25:04 UTC] PHP Warning:  Undefined array key "asistenciaMejora" in /home/soluctem/sistema.soluctem.com.co/api/submit.php on line 79
[05-May-2025 21:25:04 UTC] PHP Warning:  Undefined array key "asistenciaCombinacion" in /home/soluctem/sistema.soluctem.com.co/api/submit.php on line 80
[05-May-2025 21:25:04 UTC] PHP Warning:  Undefined array key "fallaOperacion" in /home/soluctem/sistema.soluctem.com.co/api/submit.php on line 81
[05-May-2025 21:25:04 UTC] PHP Warning:  Undefined array key "fallaMecanica" in /home/soluctem/sistema.soluctem.com.co/api/submit.php on line 82
[05-May-2025 21:25:04 UTC] PHP Warning:  Undefined array key "fallaElectrica" in /home/soluctem/sistema.soluctem.com.co/api/submit.php on line 83
[05-May-2025 21:25:04 UTC] PHP Warning:  Undefined array key "fallaTerceros" in /home/soluctem/sistema.soluctem.com.co/api/submit.php on line 84
[05-May-2025 21:25:04 UTC] PHP Warning:  Undefined array key "fallaFabricacion" in /home/soluctem/sistema.soluctem.com.co/api/submit.php on line 85
[05-May-2025 21:25:04 UTC] PHP Warning:  Undefined array key "firma_digital_cliente" in /home/soluctem/sistema.soluctem.com.co/api/submit.php on line 86
[05-May-2025 21:25:04 UTC] PHP Warning:  Undefined array key "firma_digital_tecnico" in /home/soluctem/sistema.soluctem.com.co/api/submit.php on line 87
[05-May-2025 21:29:49 UTC] PHP Warning:  Undefined array key "nombreSolicitante" in /home/soluctem/sistema.soluctem.com.co/api/submit.php on line 28
[05-May-2025 21:29:49 UTC] PHP Warning:  Undefined array key "cargo" in /home/soluctem/sistema.soluctem.com.co/api/submit.php on line 29
[05-May-2025 21:29:49 UTC] PHP Warning:  Undefined array key "nombreTienda" in /home/soluctem/sistema.soluctem.com.co/api/submit.php on line 30
[05-May-2025 21:29:49 UTC] PHP Warning:  Undefined array key "numeroTienda" in /home/soluctem/sistema.soluctem.com.co/api/submit.php on line 31
[05-May-2025 21:29:49 UTC] PHP Warning:  Undefined array key "numeroTicket" in /home/soluctem/sistema.soluctem.com.co/api/submit.php on line 32
[05-May-2025 21:29:49 UTC] PHP Warning:  Undefined array key "fecha" in /home/soluctem/sistema.soluctem.com.co/api/submit.php on line 33
[05-May-2025 21:29:49 UTC] PHP Warning:  Undefined array key "municipio" in /home/soluctem/sistema.soluctem.com.co/api/submit.php on line 34
[05-May-2025 21:29:49 UTC] PHP Warning:  Undefined array key "departamento" in /home/soluctem/sistema.soluctem.com.co/api/submit.php on line 35
[05-May-2025 21:29:49 UTC] PHP Warning:  Undefined array key "nombreEquipo" in /home/soluctem/sistema.soluctem.com.co/api/submit.php on line 36
[05-May-2025 21:29:49 UTC] PHP Warning:  Undefined array key "marca" in /home/soluctem/sistema.soluctem.com.co/api/submit.php on line 37
[05-May-2025 21:29:49 UTC] PHP Warning:  Undefined array key "serial" in /home/soluctem/sistema.soluctem.com.co/api/submit.php on line 38
[05-May-2025 21:29:49 UTC] PHP Warning:  Undefined array key "descripcionFalla" in /home/soluctem/sistema.soluctem.com.co/api/submit.php on line 39
[05-May-2025 21:29:49 UTC] PHP Warning:  Undefined array key "diagnosticoTecnico" in /home/soluctem/sistema.soluctem.com.co/api/submit.php on line 40
[05-May-2025 21:29:49 UTC] PHP Warning:  Undefined array key "repuestosCambiados" in /home/soluctem/sistema.soluctem.com.co/api/submit.php on line 41
[05-May-2025 21:29:49 UTC] PHP Warning:  Undefined array key "observaciones" in /home/soluctem/sistema.soluctem.com.co/api/submit.php on line 42
[05-May-2025 21:29:49 UTC] PHP Warning:  Undefined array key "seguridadRiesgoAccidentalidad" in /home/soluctem/sistema.soluctem.com.co/api/submit.php on line 43
[05-May-2025 21:29:49 UTC] PHP Warning:  Undefined array key "seguridadRiesgoEquipo" in /home/soluctem/sistema.soluctem.com.co/api/submit.php on line 44
[05-May-2025 21:29:49 UTC] PHP Warning:  Undefined array key "funcionamientoFallaSolucionada" in /home/soluctem/sistema.soluctem.com.co/api/submit.php on line 45
[05-May-2025 21:29:49 UTC] PHP Warning:  Undefined array key "funcionamientoPasosNormales" in /home/soluctem/sistema.soluctem.com.co/api/submit.php on line 46
[05-May-2025 21:29:49 UTC] PHP Warning:  Undefined array key "calidadTrabajo" in /home/soluctem/sistema.soluctem.com.co/api/submit.php on line 47
[05-May-2025 21:29:49 UTC] PHP Warning:  Undefined array key "limpiezaOrganizacionArmado" in /home/soluctem/sistema.soluctem.com.co/api/submit.php on line 48
[05-May-2025 21:29:49 UTC] PHP Warning:  Undefined array key "limpiezaOrganizacionAseado" in /home/soluctem/sistema.soluctem.com.co/api/submit.php on line 49
[05-May-2025 21:29:49 UTC] PHP Warning:  Undefined array key "capacitacionCausa" in /home/soluctem/sistema.soluctem.com.co/api/submit.php on line 50
[05-May-2025 21:29:49 UTC] PHP Warning:  Undefined array key "capacitacionPrevencion" in /home/soluctem/sistema.soluctem.com.co/api/submit.php on line 51
[05-May-2025 21:29:49 UTC] PHP Warning:  Undefined array key "capacitacionAccion" in /home/soluctem/sistema.soluctem.com.co/api/submit.php on line 52
[05-May-2025 21:29:49 UTC] PHP Warning:  Undefined array key "contratista1" in /home/soluctem/sistema.soluctem.com.co/api/submit.php on line 53
[05-May-2025 21:29:49 UTC] PHP Warning:  Undefined array key "cedula1" in /home/soluctem/sistema.soluctem.com.co/api/submit.php on line 54
[05-May-2025 21:29:49 UTC] PHP Warning:  Undefined array key "horaEntrada1" in /home/soluctem/sistema.soluctem.com.co/api/submit.php on line 55
[05-May-2025 21:29:49 UTC] PHP Warning:  Undefined array key "horaSalida1" in /home/soluctem/sistema.soluctem.com.co/api/submit.php on line 56
[05-May-2025 21:29:49 UTC] PHP Warning:  Undefined array key "contratista2" in /home/soluctem/sistema.soluctem.com.co/api/submit.php on line 57
[05-May-2025 21:29:49 UTC] PHP Warning:  Undefined array key "cedula2" in /home/soluctem/sistema.soluctem.com.co/api/submit.php on line 58
[05-May-2025 21:29:49 UTC] PHP Warning:  Undefined array key "horaEntrada2" in /home/soluctem/sistema.soluctem.com.co/api/submit.php on line 59
[05-May-2025 21:29:49 UTC] PHP Warning:  Undefined array key "horaSalida2" in /home/soluctem/sistema.soluctem.com.co/api/submit.php on line 60
[05-May-2025 21:29:49 UTC] PHP Warning:  Undefined array key "contratista3" in /home/soluctem/sistema.soluctem.com.co/api/submit.php on line 61
[05-May-2025 21:29:49 UTC] PHP Warning:  Undefined array key "cedula3" in /home/soluctem/sistema.soluctem.com.co/api/submit.php on line 62
[05-May-2025 21:29:49 UTC] PHP Warning:  Undefined array key "horaEntrada3" in /home/soluctem/sistema.soluctem.com.co/api/submit.php on line 63
[05-May-2025 21:29:49 UTC] PHP Warning:  Undefined array key "horaSalida3" in /home/soluctem/sistema.soluctem.com.co/api/submit.php on line 64
[05-May-2025 21:29:49 UTC] PHP Warning:  Undefined array key "contratista4" in /home/soluctem/sistema.soluctem.com.co/api/submit.php on line 65
[05-May-2025 21:29:49 UTC] PHP Warning:  Undefined array key "cedula4" in /home/soluctem/sistema.soluctem.com.co/api/submit.php on line 66
[05-May-2025 21:29:49 UTC] PHP Warning:  Undefined array key "horaEntrada4" in /home/soluctem/sistema.soluctem.com.co/api/submit.php on line 67
[05-May-2025 21:29:49 UTC] PHP Warning:  Undefined array key "horaSalida4" in /home/soluctem/sistema.soluctem.com.co/api/submit.php on line 68
[05-May-2025 21:29:49 UTC] PHP Warning:  Undefined array key "nombreFuncionario" in /home/soluctem/sistema.soluctem.com.co/api/submit.php on line 69
[05-May-2025 21:29:49 UTC] PHP Warning:  Undefined array key "cedulaFuncionario" in /home/soluctem/sistema.soluctem.com.co/api/submit.php on line 70
[05-May-2025 21:29:49 UTC] PHP Warning:  Undefined array key "cargoFuncionario" in /home/soluctem/sistema.soluctem.com.co/api/submit.php on line 71
[05-May-2025 21:29:49 UTC] PHP Warning:  Undefined array key "sapFuncionario" in /home/soluctem/sistema.soluctem.com.co/api/submit.php on line 72
[05-May-2025 21:29:49 UTC] PHP Warning:  Undefined array key "timestamp" in /home/soluctem/sistema.soluctem.com.co/api/submit.php on line 73
[05-May-2025 21:29:49 UTC] PHP Warning:  Undefined array key "asistenciaReparacion" in /home/soluctem/sistema.soluctem.com.co/api/submit.php on line 74
[05-May-2025 21:29:49 UTC] PHP Warning:  Undefined array key "asistenciaGarantia" in /home/soluctem/sistema.soluctem.com.co/api/submit.php on line 75
[05-May-2025 21:29:49 UTC] PHP Warning:  Undefined array key "asistenciaAjuste" in /home/soluctem/sistema.soluctem.com.co/api/submit.php on line 76
[05-May-2025 21:29:49 UTC] PHP Warning:  Undefined array key "asistenciaModificacion" in /home/soluctem/sistema.soluctem.com.co/api/submit.php on line 77
[05-May-2025 21:29:49 UTC] PHP Warning:  Undefined array key "asistenciaServicio" in /home/soluctem/sistema.soluctem.com.co/api/submit.php on line 78
[05-May-2025 21:29:49 UTC] PHP Warning:  Undefined array key "asistenciaMejora" in /home/soluctem/sistema.soluctem.com.co/api/submit.php on line 79
[05-May-2025 21:29:49 UTC] PHP Warning:  Undefined array key "asistenciaCombinacion" in /home/soluctem/sistema.soluctem.com.co/api/submit.php on line 80
[05-May-2025 21:29:49 UTC] PHP Warning:  Undefined array key "fallaOperacion" in /home/soluctem/sistema.soluctem.com.co/api/submit.php on line 81
[05-May-2025 21:29:49 UTC] PHP Warning:  Undefined array key "fallaMecanica" in /home/soluctem/sistema.soluctem.com.co/api/submit.php on line 82
[05-May-2025 21:29:49 UTC] PHP Warning:  Undefined array key "fallaElectrica" in /home/soluctem/sistema.soluctem.com.co/api/submit.php on line 83
[05-May-2025 21:29:49 UTC] PHP Warning:  Undefined array key "fallaTerceros" in /home/soluctem/sistema.soluctem.com.co/api/submit.php on line 84
[05-May-2025 21:29:49 UTC] PHP Warning:  Undefined array key "fallaFabricacion" in /home/soluctem/sistema.soluctem.com.co/api/submit.php on line 85
[05-May-2025 21:29:49 UTC] PHP Warning:  Undefined array key "firma_digital_cliente" in /home/soluctem/sistema.soluctem.com.co/api/submit.php on line 86
[05-May-2025 21:29:49 UTC] PHP Warning:  Undefined array key "firma_digital_tecnico" in /home/soluctem/sistema.soluctem.com.co/api/submit.php on line 87
[05-May-2025 21:32:16 UTC] PHP Warning:  Undefined array key "nombreSolicitante" in /home/soluctem/sistema.soluctem.com.co/api/submit.php on line 28
[05-May-2025 21:32:16 UTC] PHP Warning:  Undefined array key "cargo" in /home/soluctem/sistema.soluctem.com.co/api/submit.php on line 29
[05-May-2025 21:32:16 UTC] PHP Warning:  Undefined array key "nombreTienda" in /home/soluctem/sistema.soluctem.com.co/api/submit.php on line 30
[05-May-2025 21:32:16 UTC] PHP Warning:  Undefined array key "numeroTienda" in /home/soluctem/sistema.soluctem.com.co/api/submit.php on line 31
[05-May-2025 21:32:16 UTC] PHP Warning:  Undefined array key "numeroTicket" in /home/soluctem/sistema.soluctem.com.co/api/submit.php on line 32
[05-May-2025 21:32:16 UTC] PHP Warning:  Undefined array key "fecha" in /home/soluctem/sistema.soluctem.com.co/api/submit.php on line 33
[05-May-2025 21:32:16 UTC] PHP Warning:  Undefined array key "municipio" in /home/soluctem/sistema.soluctem.com.co/api/submit.php on line 34
[05-May-2025 21:32:16 UTC] PHP Warning:  Undefined array key "departamento" in /home/soluctem/sistema.soluctem.com.co/api/submit.php on line 35
[05-May-2025 21:32:16 UTC] PHP Warning:  Undefined array key "nombreEquipo" in /home/soluctem/sistema.soluctem.com.co/api/submit.php on line 36
[05-May-2025 21:32:16 UTC] PHP Warning:  Undefined array key "marca" in /home/soluctem/sistema.soluctem.com.co/api/submit.php on line 37
[05-May-2025 21:32:16 UTC] PHP Warning:  Undefined array key "serial" in /home/soluctem/sistema.soluctem.com.co/api/submit.php on line 38
[05-May-2025 21:32:16 UTC] PHP Warning:  Undefined array key "descripcionFalla" in /home/soluctem/sistema.soluctem.com.co/api/submit.php on line 39
[05-May-2025 21:32:16 UTC] PHP Warning:  Undefined array key "diagnosticoTecnico" in /home/soluctem/sistema.soluctem.com.co/api/submit.php on line 40
[05-May-2025 21:32:16 UTC] PHP Warning:  Undefined array key "repuestosCambiados" in /home/soluctem/sistema.soluctem.com.co/api/submit.php on line 41
[05-May-2025 21:32:16 UTC] PHP Warning:  Undefined array key "observaciones" in /home/soluctem/sistema.soluctem.com.co/api/submit.php on line 42
[05-May-2025 21:32:16 UTC] PHP Warning:  Undefined array key "seguridadRiesgoAccidentalidad" in /home/soluctem/sistema.soluctem.com.co/api/submit.php on line 43
[05-May-2025 21:32:16 UTC] PHP Warning:  Undefined array key "seguridadRiesgoEquipo" in /home/soluctem/sistema.soluctem.com.co/api/submit.php on line 44
[05-May-2025 21:32:16 UTC] PHP Warning:  Undefined array key "funcionamientoFallaSolucionada" in /home/soluctem/sistema.soluctem.com.co/api/submit.php on line 45
[05-May-2025 21:32:16 UTC] PHP Warning:  Undefined array key "funcionamientoPasosNormales" in /home/soluctem/sistema.soluctem.com.co/api/submit.php on line 46
[05-May-2025 21:32:16 UTC] PHP Warning:  Undefined array key "calidadTrabajo" in /home/soluctem/sistema.soluctem.com.co/api/submit.php on line 47
[05-May-2025 21:32:16 UTC] PHP Warning:  Undefined array key "limpiezaOrganizacionArmado" in /home/soluctem/sistema.soluctem.com.co/api/submit.php on line 48
[05-May-2025 21:32:16 UTC] PHP Warning:  Undefined array key "limpiezaOrganizacionAseado" in /home/soluctem/sistema.soluctem.com.co/api/submit.php on line 49
[05-May-2025 21:32:16 UTC] PHP Warning:  Undefined array key "capacitacionCausa" in /home/soluctem/sistema.soluctem.com.co/api/submit.php on line 50
[05-May-2025 21:32:16 UTC] PHP Warning:  Undefined array key "capacitacionPrevencion" in /home/soluctem/sistema.soluctem.com.co/api/submit.php on line 51
[05-May-2025 21:32:16 UTC] PHP Warning:  Undefined array key "capacitacionAccion" in /home/soluctem/sistema.soluctem.com.co/api/submit.php on line 52
[05-May-2025 21:32:16 UTC] PHP Warning:  Undefined array key "contratista1" in /home/soluctem/sistema.soluctem.com.co/api/submit.php on line 53
[05-May-2025 21:32:16 UTC] PHP Warning:  Undefined array key "cedula1" in /home/soluctem/sistema.soluctem.com.co/api/submit.php on line 54
[05-May-2025 21:32:16 UTC] PHP Warning:  Undefined array key "horaEntrada1" in /home/soluctem/sistema.soluctem.com.co/api/submit.php on line 55
[05-May-2025 21:32:16 UTC] PHP Warning:  Undefined array key "horaSalida1" in /home/soluctem/sistema.soluctem.com.co/api/submit.php on line 56
[05-May-2025 21:32:16 UTC] PHP Warning:  Undefined array key "contratista2" in /home/soluctem/sistema.soluctem.com.co/api/submit.php on line 57
[05-May-2025 21:32:16 UTC] PHP Warning:  Undefined array key "cedula2" in /home/soluctem/sistema.soluctem.com.co/api/submit.php on line 58
[05-May-2025 21:32:16 UTC] PHP Warning:  Undefined array key "horaEntrada2" in /home/soluctem/sistema.soluctem.com.co/api/submit.php on line 59
[05-May-2025 21:32:16 UTC] PHP Warning:  Undefined array key "horaSalida2" in /home/soluctem/sistema.soluctem.com.co/api/submit.php on line 60
[05-May-2025 21:32:16 UTC] PHP Warning:  Undefined array key "contratista3" in /home/soluctem/sistema.soluctem.com.co/api/submit.php on line 61
[05-May-2025 21:32:16 UTC] PHP Warning:  Undefined array key "cedula3" in /home/soluctem/sistema.soluctem.com.co/api/submit.php on line 62
[05-May-2025 21:32:16 UTC] PHP Warning:  Undefined array key "horaEntrada3" in /home/soluctem/sistema.soluctem.com.co/api/submit.php on line 63
[05-May-2025 21:32:16 UTC] PHP Warning:  Undefined array key "horaSalida3" in /home/soluctem/sistema.soluctem.com.co/api/submit.php on line 64
[05-May-2025 21:32:16 UTC] PHP Warning:  Undefined array key "contratista4" in /home/soluctem/sistema.soluctem.com.co/api/submit.php on line 65
[05-May-2025 21:32:16 UTC] PHP Warning:  Undefined array key "cedula4" in /home/soluctem/sistema.soluctem.com.co/api/submit.php on line 66
[05-May-2025 21:32:16 UTC] PHP Warning:  Undefined array key "horaEntrada4" in /home/soluctem/sistema.soluctem.com.co/api/submit.php on line 67
[05-May-2025 21:32:16 UTC] PHP Warning:  Undefined array key "horaSalida4" in /home/soluctem/sistema.soluctem.com.co/api/submit.php on line 68
[05-May-2025 21:32:16 UTC] PHP Warning:  Undefined array key "nombreFuncionario" in /home/soluctem/sistema.soluctem.com.co/api/submit.php on line 69
[05-May-2025 21:32:16 UTC] PHP Warning:  Undefined array key "cedulaFuncionario" in /home/soluctem/sistema.soluctem.com.co/api/submit.php on line 70
[05-May-2025 21:32:16 UTC] PHP Warning:  Undefined array key "cargoFuncionario" in /home/soluctem/sistema.soluctem.com.co/api/submit.php on line 71
[05-May-2025 21:32:16 UTC] PHP Warning:  Undefined array key "sapFuncionario" in /home/soluctem/sistema.soluctem.com.co/api/submit.php on line 72
[05-May-2025 21:32:16 UTC] PHP Warning:  Undefined array key "timestamp" in /home/soluctem/sistema.soluctem.com.co/api/submit.php on line 73
[05-May-2025 21:32:16 UTC] PHP Warning:  Undefined array key "asistenciaReparacion" in /home/soluctem/sistema.soluctem.com.co/api/submit.php on line 74
[05-May-2025 21:32:16 UTC] PHP Warning:  Undefined array key "asistenciaGarantia" in /home/soluctem/sistema.soluctem.com.co/api/submit.php on line 75
[05-May-2025 21:32:16 UTC] PHP Warning:  Undefined array key "asistenciaAjuste" in /home/soluctem/sistema.soluctem.com.co/api/submit.php on line 76
[05-May-2025 21:32:16 UTC] PHP Warning:  Undefined array key "asistenciaModificacion" in /home/soluctem/sistema.soluctem.com.co/api/submit.php on line 77
[05-May-2025 21:32:16 UTC] PHP Warning:  Undefined array key "asistenciaServicio" in /home/soluctem/sistema.soluctem.com.co/api/submit.php on line 78
[05-May-2025 21:32:16 UTC] PHP Warning:  Undefined array key "asistenciaMejora" in /home/soluctem/sistema.soluctem.com.co/api/submit.php on line 79
[05-May-2025 21:32:16 UTC] PHP Warning:  Undefined array key "asistenciaCombinacion" in /home/soluctem/sistema.soluctem.com.co/api/submit.php on line 80
[05-May-2025 21:32:16 UTC] PHP Warning:  Undefined array key "fallaOperacion" in /home/soluctem/sistema.soluctem.com.co/api/submit.php on line 81
[05-May-2025 21:32:16 UTC] PHP Warning:  Undefined array key "fallaMecanica" in /home/soluctem/sistema.soluctem.com.co/api/submit.php on line 82
[05-May-2025 21:32:16 UTC] PHP Warning:  Undefined array key "fallaElectrica" in /home/soluctem/sistema.soluctem.com.co/api/submit.php on line 83
[05-May-2025 21:32:16 UTC] PHP Warning:  Undefined array key "fallaTerceros" in /home/soluctem/sistema.soluctem.com.co/api/submit.php on line 84
[05-May-2025 21:32:16 UTC] PHP Warning:  Undefined array key "fallaFabricacion" in /home/soluctem/sistema.soluctem.com.co/api/submit.php on line 85
[05-May-2025 21:32:16 UTC] PHP Warning:  Undefined array key "firma_digital_cliente" in /home/soluctem/sistema.soluctem.com.co/api/submit.php on line 86
[05-May-2025 21:32:16 UTC] PHP Warning:  Undefined array key "firma_digital_tecnico" in /home/soluctem/sistema.soluctem.com.co/api/submit.php on line 87
[05-May-2025 21:48:55 UTC] PHP Warning:  Undefined array key "nombreSolicitante" in /home/soluctem/sistema.soluctem.com.co/api/submit.php on line 28
[05-May-2025 21:48:55 UTC] PHP Warning:  Undefined array key "cargo" in /home/soluctem/sistema.soluctem.com.co/api/submit.php on line 29
[05-May-2025 21:48:55 UTC] PHP Warning:  Undefined array key "nombreTienda" in /home/soluctem/sistema.soluctem.com.co/api/submit.php on line 30
[05-May-2025 21:48:55 UTC] PHP Warning:  Undefined array key "numeroTienda" in /home/soluctem/sistema.soluctem.com.co/api/submit.php on line 31
[05-May-2025 21:48:55 UTC] PHP Warning:  Undefined array key "numeroTicket" in /home/soluctem/sistema.soluctem.com.co/api/submit.php on line 32
[05-May-2025 21:48:55 UTC] PHP Warning:  Undefined array key "fecha" in /home/soluctem/sistema.soluctem.com.co/api/submit.php on line 33
[05-May-2025 21:48:55 UTC] PHP Warning:  Undefined array key "municipio" in /home/soluctem/sistema.soluctem.com.co/api/submit.php on line 34
[05-May-2025 21:48:55 UTC] PHP Warning:  Undefined array key "departamento" in /home/soluctem/sistema.soluctem.com.co/api/submit.php on line 35
[05-May-2025 21:48:55 UTC] PHP Warning:  Undefined array key "nombreEquipo" in /home/soluctem/sistema.soluctem.com.co/api/submit.php on line 36
[05-May-2025 21:48:55 UTC] PHP Warning:  Undefined array key "marca" in /home/soluctem/sistema.soluctem.com.co/api/submit.php on line 37
[05-May-2025 21:48:55 UTC] PHP Warning:  Undefined array key "serial" in /home/soluctem/sistema.soluctem.com.co/api/submit.php on line 38
[05-May-2025 21:48:55 UTC] PHP Warning:  Undefined array key "descripcionFalla" in /home/soluctem/sistema.soluctem.com.co/api/submit.php on line 39
[05-May-2025 21:48:55 UTC] PHP Warning:  Undefined array key "diagnosticoTecnico" in /home/soluctem/sistema.soluctem.com.co/api/submit.php on line 40
[05-May-2025 21:48:55 UTC] PHP Warning:  Undefined array key "repuestosCambiados" in /home/soluctem/sistema.soluctem.com.co/api/submit.php on line 41
[05-May-2025 21:48:55 UTC] PHP Warning:  Undefined array key "observaciones" in /home/soluctem/sistema.soluctem.com.co/api/submit.php on line 42
[05-May-2025 21:48:55 UTC] PHP Warning:  Undefined array key "seguridadRiesgoAccidentalidad" in /home/soluctem/sistema.soluctem.com.co/api/submit.php on line 43
[05-May-2025 21:48:55 UTC] PHP Warning:  Undefined array key "seguridadRiesgoEquipo" in /home/soluctem/sistema.soluctem.com.co/api/submit.php on line 44
[05-May-2025 21:48:55 UTC] PHP Warning:  Undefined array key "funcionamientoFallaSolucionada" in /home/soluctem/sistema.soluctem.com.co/api/submit.php on line 45
[05-May-2025 21:48:55 UTC] PHP Warning:  Undefined array key "funcionamientoPasosNormales" in /home/soluctem/sistema.soluctem.com.co/api/submit.php on line 46
[05-May-2025 21:48:55 UTC] PHP Warning:  Undefined array key "calidadTrabajo" in /home/soluctem/sistema.soluctem.com.co/api/submit.php on line 47
[05-May-2025 21:48:55 UTC] PHP Warning:  Undefined array key "limpiezaOrganizacionArmado" in /home/soluctem/sistema.soluctem.com.co/api/submit.php on line 48
[05-May-2025 21:48:55 UTC] PHP Warning:  Undefined array key "limpiezaOrganizacionAseado" in /home/soluctem/sistema.soluctem.com.co/api/submit.php on line 49
[05-May-2025 21:48:55 UTC] PHP Warning:  Undefined array key "capacitacionCausa" in /home/soluctem/sistema.soluctem.com.co/api/submit.php on line 50
[05-May-2025 21:48:55 UTC] PHP Warning:  Undefined array key "capacitacionPrevencion" in /home/soluctem/sistema.soluctem.com.co/api/submit.php on line 51
[05-May-2025 21:48:55 UTC] PHP Warning:  Undefined array key "capacitacionAccion" in /home/soluctem/sistema.soluctem.com.co/api/submit.php on line 52
[05-May-2025 21:48:55 UTC] PHP Warning:  Undefined array key "contratista1" in /home/soluctem/sistema.soluctem.com.co/api/submit.php on line 53
[05-May-2025 21:48:55 UTC] PHP Warning:  Undefined array key "cedula1" in /home/soluctem/sistema.soluctem.com.co/api/submit.php on line 54
[05-May-2025 21:48:55 UTC] PHP Warning:  Undefined array key "horaEntrada1" in /home/soluctem/sistema.soluctem.com.co/api/submit.php on line 55
[05-May-2025 21:48:55 UTC] PHP Warning:  Undefined array key "horaSalida1" in /home/soluctem/sistema.soluctem.com.co/api/submit.php on line 56
[05-May-2025 21:48:55 UTC] PHP Warning:  Undefined array key "contratista2" in /home/soluctem/sistema.soluctem.com.co/api/submit.php on line 57
[05-May-2025 21:48:55 UTC] PHP Warning:  Undefined array key "cedula2" in /home/soluctem/sistema.soluctem.com.co/api/submit.php on line 58
[05-May-2025 21:48:55 UTC] PHP Warning:  Undefined array key "horaEntrada2" in /home/soluctem/sistema.soluctem.com.co/api/submit.php on line 59
[05-May-2025 21:48:55 UTC] PHP Warning:  Undefined array key "horaSalida2" in /home/soluctem/sistema.soluctem.com.co/api/submit.php on line 60
[05-May-2025 21:48:55 UTC] PHP Warning:  Undefined array key "contratista3" in /home/soluctem/sistema.soluctem.com.co/api/submit.php on line 61
[05-May-2025 21:48:55 UTC] PHP Warning:  Undefined array key "cedula3" in /home/soluctem/sistema.soluctem.com.co/api/submit.php on line 62
[05-May-2025 21:48:55 UTC] PHP Warning:  Undefined array key "horaEntrada3" in /home/soluctem/sistema.soluctem.com.co/api/submit.php on line 63
[05-May-2025 21:48:55 UTC] PHP Warning:  Undefined array key "horaSalida3" in /home/soluctem/sistema.soluctem.com.co/api/submit.php on line 64
[05-May-2025 21:48:55 UTC] PHP Warning:  Undefined array key "contratista4" in /home/soluctem/sistema.soluctem.com.co/api/submit.php on line 65
[05-May-2025 21:48:55 UTC] PHP Warning:  Undefined array key "cedula4" in /home/soluctem/sistema.soluctem.com.co/api/submit.php on line 66
[05-May-2025 21:48:55 UTC] PHP Warning:  Undefined array key "horaEntrada4" in /home/soluctem/sistema.soluctem.com.co/api/submit.php on line 67
[05-May-2025 21:48:55 UTC] PHP Warning:  Undefined array key "horaSalida4" in /home/soluctem/sistema.soluctem.com.co/api/submit.php on line 68
[05-May-2025 21:48:55 UTC] PHP Warning:  Undefined array key "nombreFuncionario" in /home/soluctem/sistema.soluctem.com.co/api/submit.php on line 69
[05-May-2025 21:48:55 UTC] PHP Warning:  Undefined array key "cedulaFuncionario" in /home/soluctem/sistema.soluctem.com.co/api/submit.php on line 70
[05-May-2025 21:48:55 UTC] PHP Warning:  Undefined array key "cargoFuncionario" in /home/soluctem/sistema.soluctem.com.co/api/submit.php on line 71
[05-May-2025 21:48:55 UTC] PHP Warning:  Undefined array key "sapFuncionario" in /home/soluctem/sistema.soluctem.com.co/api/submit.php on line 72
[05-May-2025 21:48:55 UTC] PHP Warning:  Undefined array key "timestamp" in /home/soluctem/sistema.soluctem.com.co/api/submit.php on line 73
[05-May-2025 21:48:55 UTC] PHP Warning:  Undefined array key "asistenciaReparacion" in /home/soluctem/sistema.soluctem.com.co/api/submit.php on line 74
[05-May-2025 21:48:55 UTC] PHP Warning:  Undefined array key "asistenciaGarantia" in /home/soluctem/sistema.soluctem.com.co/api/submit.php on line 75
[05-May-2025 21:48:55 UTC] PHP Warning:  Undefined array key "asistenciaAjuste" in /home/soluctem/sistema.soluctem.com.co/api/submit.php on line 76
[05-May-2025 21:48:55 UTC] PHP Warning:  Undefined array key "asistenciaModificacion" in /home/soluctem/sistema.soluctem.com.co/api/submit.php on line 77
[05-May-2025 21:48:55 UTC] PHP Warning:  Undefined array key "asistenciaServicio" in /home/soluctem/sistema.soluctem.com.co/api/submit.php on line 78
[05-May-2025 21:48:55 UTC] PHP Warning:  Undefined array key "asistenciaMejora" in /home/soluctem/sistema.soluctem.com.co/api/submit.php on line 79
[05-May-2025 21:48:55 UTC] PHP Warning:  Undefined array key "asistenciaCombinacion" in /home/soluctem/sistema.soluctem.com.co/api/submit.php on line 80
[05-May-2025 21:48:55 UTC] PHP Warning:  Undefined array key "fallaOperacion" in /home/soluctem/sistema.soluctem.com.co/api/submit.php on line 81
[05-May-2025 21:48:55 UTC] PHP Warning:  Undefined array key "fallaMecanica" in /home/soluctem/sistema.soluctem.com.co/api/submit.php on line 82
[05-May-2025 21:48:55 UTC] PHP Warning:  Undefined array key "fallaElectrica" in /home/soluctem/sistema.soluctem.com.co/api/submit.php on line 83
[05-May-2025 21:48:55 UTC] PHP Warning:  Undefined array key "fallaTerceros" in /home/soluctem/sistema.soluctem.com.co/api/submit.php on line 84
[05-May-2025 21:48:55 UTC] PHP Warning:  Undefined array key "fallaFabricacion" in /home/soluctem/sistema.soluctem.com.co/api/submit.php on line 85
[05-May-2025 21:48:55 UTC] PHP Warning:  Undefined array key "firma_digital_cliente" in /home/soluctem/sistema.soluctem.com.co/api/submit.php on line 86
[05-May-2025 21:48:55 UTC] PHP Warning:  Undefined array key "firma_digital_tecnico" in /home/soluctem/sistema.soluctem.com.co/api/submit.php on line 87
[06-May-2025 02:39:58 UTC] PHP Warning:  Undefined array key "nombreSolicitante" in /home/soluctem/sistema.soluctem.com.co/api/submit.php on line 28
[06-May-2025 02:39:58 UTC] PHP Warning:  Undefined array key "cargo" in /home/soluctem/sistema.soluctem.com.co/api/submit.php on line 29
[06-May-2025 02:39:58 UTC] PHP Warning:  Undefined array key "nombreTienda" in /home/soluctem/sistema.soluctem.com.co/api/submit.php on line 30
[06-May-2025 02:39:58 UTC] PHP Warning:  Undefined array key "numeroTienda" in /home/soluctem/sistema.soluctem.com.co/api/submit.php on line 31
[06-May-2025 02:39:58 UTC] PHP Warning:  Undefined array key "numeroTicket" in /home/soluctem/sistema.soluctem.com.co/api/submit.php on line 32
[06-May-2025 02:39:58 UTC] PHP Warning:  Undefined array key "fecha" in /home/soluctem/sistema.soluctem.com.co/api/submit.php on line 33
[06-May-2025 02:39:58 UTC] PHP Warning:  Undefined array key "municipio" in /home/soluctem/sistema.soluctem.com.co/api/submit.php on line 34
[06-May-2025 02:39:58 UTC] PHP Warning:  Undefined array key "departamento" in /home/soluctem/sistema.soluctem.com.co/api/submit.php on line 35
[06-May-2025 02:39:58 UTC] PHP Warning:  Undefined array key "nombreEquipo" in /home/soluctem/sistema.soluctem.com.co/api/submit.php on line 36
[06-May-2025 02:39:58 UTC] PHP Warning:  Undefined array key "marca" in /home/soluctem/sistema.soluctem.com.co/api/submit.php on line 37
[06-May-2025 02:39:58 UTC] PHP Warning:  Undefined array key "serial" in /home/soluctem/sistema.soluctem.com.co/api/submit.php on line 38
[06-May-2025 02:39:58 UTC] PHP Warning:  Undefined array key "descripcionFalla" in /home/soluctem/sistema.soluctem.com.co/api/submit.php on line 39
[06-May-2025 02:39:58 UTC] PHP Warning:  Undefined array key "diagnosticoTecnico" in /home/soluctem/sistema.soluctem.com.co/api/submit.php on line 40
[06-May-2025 02:39:58 UTC] PHP Warning:  Undefined array key "repuestosCambiados" in /home/soluctem/sistema.soluctem.com.co/api/submit.php on line 41
[06-May-2025 02:39:58 UTC] PHP Warning:  Undefined array key "observaciones" in /home/soluctem/sistema.soluctem.com.co/api/submit.php on line 42
[06-May-2025 02:39:58 UTC] PHP Warning:  Undefined array key "seguridadRiesgoAccidentalidad" in /home/soluctem/sistema.soluctem.com.co/api/submit.php on line 43
[06-May-2025 02:39:58 UTC] PHP Warning:  Undefined array key "seguridadRiesgoEquipo" in /home/soluctem/sistema.soluctem.com.co/api/submit.php on line 44
[06-May-2025 02:39:58 UTC] PHP Warning:  Undefined array key "funcionamientoFallaSolucionada" in /home/soluctem/sistema.soluctem.com.co/api/submit.php on line 45
[06-May-2025 02:39:58 UTC] PHP Warning:  Undefined array key "funcionamientoPasosNormales" in /home/soluctem/sistema.soluctem.com.co/api/submit.php on line 46
[06-May-2025 02:39:58 UTC] PHP Warning:  Undefined array key "calidadTrabajo" in /home/soluctem/sistema.soluctem.com.co/api/submit.php on line 47
[06-May-2025 02:39:58 UTC] PHP Warning:  Undefined array key "limpiezaOrganizacionArmado" in /home/soluctem/sistema.soluctem.com.co/api/submit.php on line 48
[06-May-2025 02:39:58 UTC] PHP Warning:  Undefined array key "limpiezaOrganizacionAseado" in /home/soluctem/sistema.soluctem.com.co/api/submit.php on line 49
[06-May-2025 02:39:58 UTC] PHP Warning:  Undefined array key "capacitacionCausa" in /home/soluctem/sistema.soluctem.com.co/api/submit.php on line 50
[06-May-2025 02:39:58 UTC] PHP Warning:  Undefined array key "capacitacionPrevencion" in /home/soluctem/sistema.soluctem.com.co/api/submit.php on line 51
[06-May-2025 02:39:58 UTC] PHP Warning:  Undefined array key "capacitacionAccion" in /home/soluctem/sistema.soluctem.com.co/api/submit.php on line 52
[06-May-2025 02:39:58 UTC] PHP Warning:  Undefined array key "contratista1" in /home/soluctem/sistema.soluctem.com.co/api/submit.php on line 53
[06-May-2025 02:39:58 UTC] PHP Warning:  Undefined array key "cedula1" in /home/soluctem/sistema.soluctem.com.co/api/submit.php on line 54
[06-May-2025 02:39:58 UTC] PHP Warning:  Undefined array key "horaEntrada1" in /home/soluctem/sistema.soluctem.com.co/api/submit.php on line 55
[06-May-2025 02:39:58 UTC] PHP Warning:  Undefined array key "horaSalida1" in /home/soluctem/sistema.soluctem.com.co/api/submit.php on line 56
[06-May-2025 02:39:58 UTC] PHP Warning:  Undefined array key "contratista2" in /home/soluctem/sistema.soluctem.com.co/api/submit.php on line 57
[06-May-2025 02:39:58 UTC] PHP Warning:  Undefined array key "cedula2" in /home/soluctem/sistema.soluctem.com.co/api/submit.php on line 58
[06-May-2025 02:39:58 UTC] PHP Warning:  Undefined array key "horaEntrada2" in /home/soluctem/sistema.soluctem.com.co/api/submit.php on line 59
[06-May-2025 02:39:58 UTC] PHP Warning:  Undefined array key "horaSalida2" in /home/soluctem/sistema.soluctem.com.co/api/submit.php on line 60
[06-May-2025 02:39:58 UTC] PHP Warning:  Undefined array key "contratista3" in /home/soluctem/sistema.soluctem.com.co/api/submit.php on line 61
[06-May-2025 02:39:58 UTC] PHP Warning:  Undefined array key "cedula3" in /home/soluctem/sistema.soluctem.com.co/api/submit.php on line 62
[06-May-2025 02:39:58 UTC] PHP Warning:  Undefined array key "horaEntrada3" in /home/soluctem/sistema.soluctem.com.co/api/submit.php on line 63
[06-May-2025 02:39:58 UTC] PHP Warning:  Undefined array key "horaSalida3" in /home/soluctem/sistema.soluctem.com.co/api/submit.php on line 64
[06-May-2025 02:39:58 UTC] PHP Warning:  Undefined array key "contratista4" in /home/soluctem/sistema.soluctem.com.co/api/submit.php on line 65
[06-May-2025 02:39:58 UTC] PHP Warning:  Undefined array key "cedula4" in /home/soluctem/sistema.soluctem.com.co/api/submit.php on line 66
[06-May-2025 02:39:58 UTC] PHP Warning:  Undefined array key "horaEntrada4" in /home/soluctem/sistema.soluctem.com.co/api/submit.php on line 67
[06-May-2025 02:39:58 UTC] PHP Warning:  Undefined array key "horaSalida4" in /home/soluctem/sistema.soluctem.com.co/api/submit.php on line 68
[06-May-2025 02:39:58 UTC] PHP Warning:  Undefined array key "nombreFuncionario" in /home/soluctem/sistema.soluctem.com.co/api/submit.php on line 69
[06-May-2025 02:39:58 UTC] PHP Warning:  Undefined array key "cedulaFuncionario" in /home/soluctem/sistema.soluctem.com.co/api/submit.php on line 70
[06-May-2025 02:39:58 UTC] PHP Warning:  Undefined array key "cargoFuncionario" in /home/soluctem/sistema.soluctem.com.co/api/submit.php on line 71
[06-May-2025 02:39:58 UTC] PHP Warning:  Undefined array key "sapFuncionario" in /home/soluctem/sistema.soluctem.com.co/api/submit.php on line 72
[06-May-2025 02:39:58 UTC] PHP Warning:  Undefined array key "timestamp" in /home/soluctem/sistema.soluctem.com.co/api/submit.php on line 73
[06-May-2025 02:39:58 UTC] PHP Warning:  Undefined array key "asistenciaReparacion" in /home/soluctem/sistema.soluctem.com.co/api/submit.php on line 74
[06-May-2025 02:39:58 UTC] PHP Warning:  Undefined array key "asistenciaGarantia" in /home/soluctem/sistema.soluctem.com.co/api/submit.php on line 75
[06-May-2025 02:39:58 UTC] PHP Warning:  Undefined array key "asistenciaAjuste" in /home/soluctem/sistema.soluctem.com.co/api/submit.php on line 76
[06-May-2025 02:39:58 UTC] PHP Warning:  Undefined array key "asistenciaModificacion" in /home/soluctem/sistema.soluctem.com.co/api/submit.php on line 77
[06-May-2025 02:39:58 UTC] PHP Warning:  Undefined array key "asistenciaServicio" in /home/soluctem/sistema.soluctem.com.co/api/submit.php on line 78
[06-May-2025 02:39:58 UTC] PHP Warning:  Undefined array key "asistenciaMejora" in /home/soluctem/sistema.soluctem.com.co/api/submit.php on line 79
[06-May-2025 02:39:58 UTC] PHP Warning:  Undefined array key "asistenciaCombinacion" in /home/soluctem/sistema.soluctem.com.co/api/submit.php on line 80
[06-May-2025 02:39:58 UTC] PHP Warning:  Undefined array key "fallaOperacion" in /home/soluctem/sistema.soluctem.com.co/api/submit.php on line 81
[06-May-2025 02:39:58 UTC] PHP Warning:  Undefined array key "fallaMecanica" in /home/soluctem/sistema.soluctem.com.co/api/submit.php on line 82
[06-May-2025 02:39:58 UTC] PHP Warning:  Undefined array key "fallaElectrica" in /home/soluctem/sistema.soluctem.com.co/api/submit.php on line 83
[06-May-2025 02:39:58 UTC] PHP Warning:  Undefined array key "fallaTerceros" in /home/soluctem/sistema.soluctem.com.co/api/submit.php on line 84
[06-May-2025 02:39:58 UTC] PHP Warning:  Undefined array key "fallaFabricacion" in /home/soluctem/sistema.soluctem.com.co/api/submit.php on line 85
[06-May-2025 02:39:58 UTC] PHP Warning:  Undefined array key "firma_digital_cliente" in /home/soluctem/sistema.soluctem.com.co/api/submit.php on line 86
[06-May-2025 02:39:58 UTC] PHP Warning:  Undefined array key "firma_digital_tecnico" in /home/soluctem/sistema.soluctem.com.co/api/submit.php on line 87
[06-May-2025 02:44:50 UTC] PHP Warning:  Undefined array key "nombreSolicitante" in /home/soluctem/sistema.soluctem.com.co/api/submit.php on line 28
[06-May-2025 02:44:50 UTC] PHP Warning:  Undefined array key "cargo" in /home/soluctem/sistema.soluctem.com.co/api/submit.php on line 29
[06-May-2025 02:44:50 UTC] PHP Warning:  Undefined array key "nombreTienda" in /home/soluctem/sistema.soluctem.com.co/api/submit.php on line 30
[06-May-2025 02:44:50 UTC] PHP Warning:  Undefined array key "numeroTienda" in /home/soluctem/sistema.soluctem.com.co/api/submit.php on line 31
[06-May-2025 02:44:50 UTC] PHP Warning:  Undefined array key "numeroTicket" in /home/soluctem/sistema.soluctem.com.co/api/submit.php on line 32
[06-May-2025 02:44:50 UTC] PHP Warning:  Undefined array key "fecha" in /home/soluctem/sistema.soluctem.com.co/api/submit.php on line 33
[06-May-2025 02:44:50 UTC] PHP Warning:  Undefined array key "municipio" in /home/soluctem/sistema.soluctem.com.co/api/submit.php on line 34
[06-May-2025 02:44:50 UTC] PHP Warning:  Undefined array key "departamento" in /home/soluctem/sistema.soluctem.com.co/api/submit.php on line 35
[06-May-2025 02:44:50 UTC] PHP Warning:  Undefined array key "nombreEquipo" in /home/soluctem/sistema.soluctem.com.co/api/submit.php on line 36
[06-May-2025 02:44:50 UTC] PHP Warning:  Undefined array key "marca" in /home/soluctem/sistema.soluctem.com.co/api/submit.php on line 37
[06-May-2025 02:44:50 UTC] PHP Warning:  Undefined array key "serial" in /home/soluctem/sistema.soluctem.com.co/api/submit.php on line 38
[06-May-2025 02:44:50 UTC] PHP Warning:  Undefined array key "descripcionFalla" in /home/soluctem/sistema.soluctem.com.co/api/submit.php on line 39
[06-May-2025 02:44:50 UTC] PHP Warning:  Undefined array key "diagnosticoTecnico" in /home/soluctem/sistema.soluctem.com.co/api/submit.php on line 40
[06-May-2025 02:44:50 UTC] PHP Warning:  Undefined array key "repuestosCambiados" in /home/soluctem/sistema.soluctem.com.co/api/submit.php on line 41
[06-May-2025 02:44:50 UTC] PHP Warning:  Undefined array key "observaciones" in /home/soluctem/sistema.soluctem.com.co/api/submit.php on line 42
[06-May-2025 02:44:50 UTC] PHP Warning:  Undefined array key "seguridadRiesgoAccidentalidad" in /home/soluctem/sistema.soluctem.com.co/api/submit.php on line 43
[06-May-2025 02:44:50 UTC] PHP Warning:  Undefined array key "seguridadRiesgoEquipo" in /home/soluctem/sistema.soluctem.com.co/api/submit.php on line 44
[06-May-2025 02:44:50 UTC] PHP Warning:  Undefined array key "funcionamientoFallaSolucionada" in /home/soluctem/sistema.soluctem.com.co/api/submit.php on line 45
[06-May-2025 02:44:50 UTC] PHP Warning:  Undefined array key "funcionamientoPasosNormales" in /home/soluctem/sistema.soluctem.com.co/api/submit.php on line 46
[06-May-2025 02:44:50 UTC] PHP Warning:  Undefined array key "calidadTrabajo" in /home/soluctem/sistema.soluctem.com.co/api/submit.php on line 47
[06-May-2025 02:44:50 UTC] PHP Warning:  Undefined array key "limpiezaOrganizacionArmado" in /home/soluctem/sistema.soluctem.com.co/api/submit.php on line 48
[06-May-2025 02:44:50 UTC] PHP Warning:  Undefined array key "limpiezaOrganizacionAseado" in /home/soluctem/sistema.soluctem.com.co/api/submit.php on line 49
[06-May-2025 02:44:50 UTC] PHP Warning:  Undefined array key "capacitacionCausa" in /home/soluctem/sistema.soluctem.com.co/api/submit.php on line 50
[06-May-2025 02:44:50 UTC] PHP Warning:  Undefined array key "capacitacionPrevencion" in /home/soluctem/sistema.soluctem.com.co/api/submit.php on line 51
[06-May-2025 02:44:50 UTC] PHP Warning:  Undefined array key "capacitacionAccion" in /home/soluctem/sistema.soluctem.com.co/api/submit.php on line 52
[06-May-2025 02:44:50 UTC] PHP Warning:  Undefined array key "contratista1" in /home/soluctem/sistema.soluctem.com.co/api/submit.php on line 53
[06-May-2025 02:44:50 UTC] PHP Warning:  Undefined array key "cedula1" in /home/soluctem/sistema.soluctem.com.co/api/submit.php on line 54
[06-May-2025 02:44:50 UTC] PHP Warning:  Undefined array key "horaEntrada1" in /home/soluctem/sistema.soluctem.com.co/api/submit.php on line 55
[06-May-2025 02:44:50 UTC] PHP Warning:  Undefined array key "horaSalida1" in /home/soluctem/sistema.soluctem.com.co/api/submit.php on line 56
[06-May-2025 02:44:50 UTC] PHP Warning:  Undefined array key "contratista2" in /home/soluctem/sistema.soluctem.com.co/api/submit.php on line 57
[06-May-2025 02:44:50 UTC] PHP Warning:  Undefined array key "cedula2" in /home/soluctem/sistema.soluctem.com.co/api/submit.php on line 58
[06-May-2025 02:44:50 UTC] PHP Warning:  Undefined array key "horaEntrada2" in /home/soluctem/sistema.soluctem.com.co/api/submit.php on line 59
[06-May-2025 02:44:50 UTC] PHP Warning:  Undefined array key "horaSalida2" in /home/soluctem/sistema.soluctem.com.co/api/submit.php on line 60
[06-May-2025 02:44:50 UTC] PHP Warning:  Undefined array key "contratista3" in /home/soluctem/sistema.soluctem.com.co/api/submit.php on line 61
[06-May-2025 02:44:50 UTC] PHP Warning:  Undefined array key "cedula3" in /home/soluctem/sistema.soluctem.com.co/api/submit.php on line 62
[06-May-2025 02:44:50 UTC] PHP Warning:  Undefined array key "horaEntrada3" in /home/soluctem/sistema.soluctem.com.co/api/submit.php on line 63
[06-May-2025 02:44:50 UTC] PHP Warning:  Undefined array key "horaSalida3" in /home/soluctem/sistema.soluctem.com.co/api/submit.php on line 64
[06-May-2025 02:44:50 UTC] PHP Warning:  Undefined array key "contratista4" in /home/soluctem/sistema.soluctem.com.co/api/submit.php on line 65
[06-May-2025 02:44:50 UTC] PHP Warning:  Undefined array key "cedula4" in /home/soluctem/sistema.soluctem.com.co/api/submit.php on line 66
[06-May-2025 02:44:50 UTC] PHP Warning:  Undefined array key "horaEntrada4" in /home/soluctem/sistema.soluctem.com.co/api/submit.php on line 67
[06-May-2025 02:44:50 UTC] PHP Warning:  Undefined array key "horaSalida4" in /home/soluctem/sistema.soluctem.com.co/api/submit.php on line 68
[06-May-2025 02:44:50 UTC] PHP Warning:  Undefined array key "nombreFuncionario" in /home/soluctem/sistema.soluctem.com.co/api/submit.php on line 69
[06-May-2025 02:44:50 UTC] PHP Warning:  Undefined array key "cedulaFuncionario" in /home/soluctem/sistema.soluctem.com.co/api/submit.php on line 70
[06-May-2025 02:44:50 UTC] PHP Warning:  Undefined array key "cargoFuncionario" in /home/soluctem/sistema.soluctem.com.co/api/submit.php on line 71
[06-May-2025 02:44:50 UTC] PHP Warning:  Undefined array key "sapFuncionario" in /home/soluctem/sistema.soluctem.com.co/api/submit.php on line 72
[06-May-2025 02:44:50 UTC] PHP Warning:  Undefined array key "timestamp" in /home/soluctem/sistema.soluctem.com.co/api/submit.php on line 73
[06-May-2025 02:44:50 UTC] PHP Warning:  Undefined array key "asistenciaReparacion" in /home/soluctem/sistema.soluctem.com.co/api/submit.php on line 74
[06-May-2025 02:44:50 UTC] PHP Warning:  Undefined array key "asistenciaGarantia" in /home/soluctem/sistema.soluctem.com.co/api/submit.php on line 75
[06-May-2025 02:44:50 UTC] PHP Warning:  Undefined array key "asistenciaAjuste" in /home/soluctem/sistema.soluctem.com.co/api/submit.php on line 76
[06-May-2025 02:44:50 UTC] PHP Warning:  Undefined array key "asistenciaModificacion" in /home/soluctem/sistema.soluctem.com.co/api/submit.php on line 77
[06-May-2025 02:44:50 UTC] PHP Warning:  Undefined array key "asistenciaServicio" in /home/soluctem/sistema.soluctem.com.co/api/submit.php on line 78
[06-May-2025 02:44:50 UTC] PHP Warning:  Undefined array key "asistenciaMejora" in /home/soluctem/sistema.soluctem.com.co/api/submit.php on line 79
[06-May-2025 02:44:50 UTC] PHP Warning:  Undefined array key "asistenciaCombinacion" in /home/soluctem/sistema.soluctem.com.co/api/submit.php on line 80
[06-May-2025 02:44:50 UTC] PHP Warning:  Undefined array key "fallaOperacion" in /home/soluctem/sistema.soluctem.com.co/api/submit.php on line 81
[06-May-2025 02:44:50 UTC] PHP Warning:  Undefined array key "fallaMecanica" in /home/soluctem/sistema.soluctem.com.co/api/submit.php on line 82
[06-May-2025 02:44:50 UTC] PHP Warning:  Undefined array key "fallaElectrica" in /home/soluctem/sistema.soluctem.com.co/api/submit.php on line 83
[06-May-2025 02:44:50 UTC] PHP Warning:  Undefined array key "fallaTerceros" in /home/soluctem/sistema.soluctem.com.co/api/submit.php on line 84
[06-May-2025 02:44:50 UTC] PHP Warning:  Undefined array key "fallaFabricacion" in /home/soluctem/sistema.soluctem.com.co/api/submit.php on line 85
[06-May-2025 02:44:50 UTC] PHP Warning:  Undefined array key "firma_digital_cliente" in /home/soluctem/sistema.soluctem.com.co/api/submit.php on line 86
[06-May-2025 02:44:50 UTC] PHP Warning:  Undefined array key "firma_digital_tecnico" in /home/soluctem/sistema.soluctem.com.co/api/submit.php on line 87
[06-May-2025 02:50:30 UTC] PHP Warning:  Undefined array key "nombreSolicitante" in /home/soluctem/sistema.soluctem.com.co/api/submit.php on line 28
[06-May-2025 02:50:30 UTC] PHP Warning:  Undefined array key "cargo" in /home/soluctem/sistema.soluctem.com.co/api/submit.php on line 29
[06-May-2025 02:50:30 UTC] PHP Warning:  Undefined array key "nombreTienda" in /home/soluctem/sistema.soluctem.com.co/api/submit.php on line 30
[06-May-2025 02:50:30 UTC] PHP Warning:  Undefined array key "numeroTienda" in /home/soluctem/sistema.soluctem.com.co/api/submit.php on line 31
[06-May-2025 02:50:30 UTC] PHP Warning:  Undefined array key "numeroTicket" in /home/soluctem/sistema.soluctem.com.co/api/submit.php on line 32
[06-May-2025 02:50:30 UTC] PHP Warning:  Undefined array key "fecha" in /home/soluctem/sistema.soluctem.com.co/api/submit.php on line 33
[06-May-2025 02:50:30 UTC] PHP Warning:  Undefined array key "municipio" in /home/soluctem/sistema.soluctem.com.co/api/submit.php on line 34
[06-May-2025 02:50:30 UTC] PHP Warning:  Undefined array key "departamento" in /home/soluctem/sistema.soluctem.com.co/api/submit.php on line 35
[06-May-2025 02:50:30 UTC] PHP Warning:  Undefined array key "nombreEquipo" in /home/soluctem/sistema.soluctem.com.co/api/submit.php on line 36
[06-May-2025 02:50:30 UTC] PHP Warning:  Undefined array key "marca" in /home/soluctem/sistema.soluctem.com.co/api/submit.php on line 37
[06-May-2025 02:50:30 UTC] PHP Warning:  Undefined array key "serial" in /home/soluctem/sistema.soluctem.com.co/api/submit.php on line 38
[06-May-2025 02:50:30 UTC] PHP Warning:  Undefined array key "descripcionFalla" in /home/soluctem/sistema.soluctem.com.co/api/submit.php on line 39
[06-May-2025 02:50:30 UTC] PHP Warning:  Undefined array key "diagnosticoTecnico" in /home/soluctem/sistema.soluctem.com.co/api/submit.php on line 40
[06-May-2025 02:50:30 UTC] PHP Warning:  Undefined array key "repuestosCambiados" in /home/soluctem/sistema.soluctem.com.co/api/submit.php on line 41
[06-May-2025 02:50:30 UTC] PHP Warning:  Undefined array key "observaciones" in /home/soluctem/sistema.soluctem.com.co/api/submit.php on line 42
[06-May-2025 02:50:30 UTC] PHP Warning:  Undefined array key "seguridadRiesgoAccidentalidad" in /home/soluctem/sistema.soluctem.com.co/api/submit.php on line 43
[06-May-2025 02:50:30 UTC] PHP Warning:  Undefined array key "seguridadRiesgoEquipo" in /home/soluctem/sistema.soluctem.com.co/api/submit.php on line 44
[06-May-2025 02:50:30 UTC] PHP Warning:  Undefined array key "funcionamientoFallaSolucionada" in /home/soluctem/sistema.soluctem.com.co/api/submit.php on line 45
[06-May-2025 02:50:30 UTC] PHP Warning:  Undefined array key "funcionamientoPasosNormales" in /home/soluctem/sistema.soluctem.com.co/api/submit.php on line 46
[06-May-2025 02:50:30 UTC] PHP Warning:  Undefined array key "calidadTrabajo" in /home/soluctem/sistema.soluctem.com.co/api/submit.php on line 47
[06-May-2025 02:50:30 UTC] PHP Warning:  Undefined array key "limpiezaOrganizacionArmado" in /home/soluctem/sistema.soluctem.com.co/api/submit.php on line 48
[06-May-2025 02:50:30 UTC] PHP Warning:  Undefined array key "limpiezaOrganizacionAseado" in /home/soluctem/sistema.soluctem.com.co/api/submit.php on line 49
[06-May-2025 02:50:30 UTC] PHP Warning:  Undefined array key "capacitacionCausa" in /home/soluctem/sistema.soluctem.com.co/api/submit.php on line 50
[06-May-2025 02:50:30 UTC] PHP Warning:  Undefined array key "capacitacionPrevencion" in /home/soluctem/sistema.soluctem.com.co/api/submit.php on line 51
[06-May-2025 02:50:30 UTC] PHP Warning:  Undefined array key "capacitacionAccion" in /home/soluctem/sistema.soluctem.com.co/api/submit.php on line 52
[06-May-2025 02:50:30 UTC] PHP Warning:  Undefined array key "contratista1" in /home/soluctem/sistema.soluctem.com.co/api/submit.php on line 53
[06-May-2025 02:50:30 UTC] PHP Warning:  Undefined array key "cedula1" in /home/soluctem/sistema.soluctem.com.co/api/submit.php on line 54
[06-May-2025 02:50:30 UTC] PHP Warning:  Undefined array key "horaEntrada1" in /home/soluctem/sistema.soluctem.com.co/api/submit.php on line 55
[06-May-2025 02:50:30 UTC] PHP Warning:  Undefined array key "horaSalida1" in /home/soluctem/sistema.soluctem.com.co/api/submit.php on line 56
[06-May-2025 02:50:30 UTC] PHP Warning:  Undefined array key "contratista2" in /home/soluctem/sistema.soluctem.com.co/api/submit.php on line 57
[06-May-2025 02:50:30 UTC] PHP Warning:  Undefined array key "cedula2" in /home/soluctem/sistema.soluctem.com.co/api/submit.php on line 58
[06-May-2025 02:50:30 UTC] PHP Warning:  Undefined array key "horaEntrada2" in /home/soluctem/sistema.soluctem.com.co/api/submit.php on line 59
[06-May-2025 02:50:30 UTC] PHP Warning:  Undefined array key "horaSalida2" in /home/soluctem/sistema.soluctem.com.co/api/submit.php on line 60
[06-May-2025 02:50:30 UTC] PHP Warning:  Undefined array key "contratista3" in /home/soluctem/sistema.soluctem.com.co/api/submit.php on line 61
[06-May-2025 02:50:30 UTC] PHP Warning:  Undefined array key "cedula3" in /home/soluctem/sistema.soluctem.com.co/api/submit.php on line 62
[06-May-2025 02:50:30 UTC] PHP Warning:  Undefined array key "horaEntrada3" in /home/soluctem/sistema.soluctem.com.co/api/submit.php on line 63
[06-May-2025 02:50:30 UTC] PHP Warning:  Undefined array key "horaSalida3" in /home/soluctem/sistema.soluctem.com.co/api/submit.php on line 64
[06-May-2025 02:50:30 UTC] PHP Warning:  Undefined array key "contratista4" in /home/soluctem/sistema.soluctem.com.co/api/submit.php on line 65
[06-May-2025 02:50:30 UTC] PHP Warning:  Undefined array key "cedula4" in /home/soluctem/sistema.soluctem.com.co/api/submit.php on line 66
[06-May-2025 02:50:30 UTC] PHP Warning:  Undefined array key "horaEntrada4" in /home/soluctem/sistema.soluctem.com.co/api/submit.php on line 67
[06-May-2025 02:50:30 UTC] PHP Warning:  Undefined array key "horaSalida4" in /home/soluctem/sistema.soluctem.com.co/api/submit.php on line 68
[06-May-2025 02:50:30 UTC] PHP Warning:  Undefined array key "nombreFuncionario" in /home/soluctem/sistema.soluctem.com.co/api/submit.php on line 69
[06-May-2025 02:50:30 UTC] PHP Warning:  Undefined array key "cedulaFuncionario" in /home/soluctem/sistema.soluctem.com.co/api/submit.php on line 70
[06-May-2025 02:50:30 UTC] PHP Warning:  Undefined array key "cargoFuncionario" in /home/soluctem/sistema.soluctem.com.co/api/submit.php on line 71
[06-May-2025 02:50:30 UTC] PHP Warning:  Undefined array key "sapFuncionario" in /home/soluctem/sistema.soluctem.com.co/api/submit.php on line 72
[06-May-2025 02:50:30 UTC] PHP Warning:  Undefined array key "timestamp" in /home/soluctem/sistema.soluctem.com.co/api/submit.php on line 73
[06-May-2025 02:50:30 UTC] PHP Warning:  Undefined array key "asistenciaReparacion" in /home/soluctem/sistema.soluctem.com.co/api/submit.php on line 74
[06-May-2025 02:50:30 UTC] PHP Warning:  Undefined array key "asistenciaGarantia" in /home/soluctem/sistema.soluctem.com.co/api/submit.php on line 75
[06-May-2025 02:50:30 UTC] PHP Warning:  Undefined array key "asistenciaAjuste" in /home/soluctem/sistema.soluctem.com.co/api/submit.php on line 76
[06-May-2025 02:50:30 UTC] PHP Warning:  Undefined array key "asistenciaModificacion" in /home/soluctem/sistema.soluctem.com.co/api/submit.php on line 77
[06-May-2025 02:50:30 UTC] PHP Warning:  Undefined array key "asistenciaServicio" in /home/soluctem/sistema.soluctem.com.co/api/submit.php on line 78
[06-May-2025 02:50:30 UTC] PHP Warning:  Undefined array key "asistenciaMejora" in /home/soluctem/sistema.soluctem.com.co/api/submit.php on line 79
[06-May-2025 02:50:30 UTC] PHP Warning:  Undefined array key "asistenciaCombinacion" in /home/soluctem/sistema.soluctem.com.co/api/submit.php on line 80
[06-May-2025 02:50:30 UTC] PHP Warning:  Undefined array key "fallaOperacion" in /home/soluctem/sistema.soluctem.com.co/api/submit.php on line 81
[06-May-2025 02:50:30 UTC] PHP Warning:  Undefined array key "fallaMecanica" in /home/soluctem/sistema.soluctem.com.co/api/submit.php on line 82
[06-May-2025 02:50:30 UTC] PHP Warning:  Undefined array key "fallaElectrica" in /home/soluctem/sistema.soluctem.com.co/api/submit.php on line 83
[06-May-2025 02:50:30 UTC] PHP Warning:  Undefined array key "fallaTerceros" in /home/soluctem/sistema.soluctem.com.co/api/submit.php on line 84
[06-May-2025 02:50:30 UTC] PHP Warning:  Undefined array key "fallaFabricacion" in /home/soluctem/sistema.soluctem.com.co/api/submit.php on line 85
[06-May-2025 02:50:30 UTC] PHP Warning:  Undefined array key "firma_digital_cliente" in /home/soluctem/sistema.soluctem.com.co/api/submit.php on line 86
[06-May-2025 02:50:30 UTC] PHP Warning:  Undefined array key "firma_digital_tecnico" in /home/soluctem/sistema.soluctem.com.co/api/submit.php on line 87
[06-May-2025 02:52:00 UTC] PHP Warning:  Undefined array key "nombreSolicitante" in /home/soluctem/sistema.soluctem.com.co/api/submit.php on line 28
[06-May-2025 02:52:00 UTC] PHP Warning:  Undefined array key "cargo" in /home/soluctem/sistema.soluctem.com.co/api/submit.php on line 29
[06-May-2025 02:52:00 UTC] PHP Warning:  Undefined array key "nombreTienda" in /home/soluctem/sistema.soluctem.com.co/api/submit.php on line 30
[06-May-2025 02:52:00 UTC] PHP Warning:  Undefined array key "numeroTienda" in /home/soluctem/sistema.soluctem.com.co/api/submit.php on line 31
[06-May-2025 02:52:00 UTC] PHP Warning:  Undefined array key "numeroTicket" in /home/soluctem/sistema.soluctem.com.co/api/submit.php on line 32
[06-May-2025 02:52:00 UTC] PHP Warning:  Undefined array key "fecha" in /home/soluctem/sistema.soluctem.com.co/api/submit.php on line 33
[06-May-2025 02:52:00 UTC] PHP Warning:  Undefined array key "municipio" in /home/soluctem/sistema.soluctem.com.co/api/submit.php on line 34
[06-May-2025 02:52:00 UTC] PHP Warning:  Undefined array key "departamento" in /home/soluctem/sistema.soluctem.com.co/api/submit.php on line 35
[06-May-2025 02:52:00 UTC] PHP Warning:  Undefined array key "nombreEquipo" in /home/soluctem/sistema.soluctem.com.co/api/submit.php on line 36
[06-May-2025 02:52:00 UTC] PHP Warning:  Undefined array key "marca" in /home/soluctem/sistema.soluctem.com.co/api/submit.php on line 37
[06-May-2025 02:52:00 UTC] PHP Warning:  Undefined array key "serial" in /home/soluctem/sistema.soluctem.com.co/api/submit.php on line 38
[06-May-2025 02:52:00 UTC] PHP Warning:  Undefined array key "descripcionFalla" in /home/soluctem/sistema.soluctem.com.co/api/submit.php on line 39
[06-May-2025 02:52:00 UTC] PHP Warning:  Undefined array key "diagnosticoTecnico" in /home/soluctem/sistema.soluctem.com.co/api/submit.php on line 40
[06-May-2025 02:52:00 UTC] PHP Warning:  Undefined array key "repuestosCambiados" in /home/soluctem/sistema.soluctem.com.co/api/submit.php on line 41
[06-May-2025 02:52:00 UTC] PHP Warning:  Undefined array key "observaciones" in /home/soluctem/sistema.soluctem.com.co/api/submit.php on line 42
[06-May-2025 02:52:00 UTC] PHP Warning:  Undefined array key "seguridadRiesgoAccidentalidad" in /home/soluctem/sistema.soluctem.com.co/api/submit.php on line 43
[06-May-2025 02:52:00 UTC] PHP Warning:  Undefined array key "seguridadRiesgoEquipo" in /home/soluctem/sistema.soluctem.com.co/api/submit.php on line 44
[06-May-2025 02:52:00 UTC] PHP Warning:  Undefined array key "funcionamientoFallaSolucionada" in /home/soluctem/sistema.soluctem.com.co/api/submit.php on line 45
[06-May-2025 02:52:00 UTC] PHP Warning:  Undefined array key "funcionamientoPasosNormales" in /home/soluctem/sistema.soluctem.com.co/api/submit.php on line 46
[06-May-2025 02:52:00 UTC] PHP Warning:  Undefined array key "calidadTrabajo" in /home/soluctem/sistema.soluctem.com.co/api/submit.php on line 47
[06-May-2025 02:52:00 UTC] PHP Warning:  Undefined array key "limpiezaOrganizacionArmado" in /home/soluctem/sistema.soluctem.com.co/api/submit.php on line 48
[06-May-2025 02:52:00 UTC] PHP Warning:  Undefined array key "limpiezaOrganizacionAseado" in /home/soluctem/sistema.soluctem.com.co/api/submit.php on line 49
[06-May-2025 02:52:00 UTC] PHP Warning:  Undefined array key "capacitacionCausa" in /home/soluctem/sistema.soluctem.com.co/api/submit.php on line 50
[06-May-2025 02:52:00 UTC] PHP Warning:  Undefined array key "capacitacionPrevencion" in /home/soluctem/sistema.soluctem.com.co/api/submit.php on line 51
[06-May-2025 02:52:00 UTC] PHP Warning:  Undefined array key "capacitacionAccion" in /home/soluctem/sistema.soluctem.com.co/api/submit.php on line 52
[06-May-2025 02:52:00 UTC] PHP Warning:  Undefined array key "contratista1" in /home/soluctem/sistema.soluctem.com.co/api/submit.php on line 53
[06-May-2025 02:52:00 UTC] PHP Warning:  Undefined array key "cedula1" in /home/soluctem/sistema.soluctem.com.co/api/submit.php on line 54
[06-May-2025 02:52:00 UTC] PHP Warning:  Undefined array key "horaEntrada1" in /home/soluctem/sistema.soluctem.com.co/api/submit.php on line 55
[06-May-2025 02:52:00 UTC] PHP Warning:  Undefined array key "horaSalida1" in /home/soluctem/sistema.soluctem.com.co/api/submit.php on line 56
[06-May-2025 02:52:00 UTC] PHP Warning:  Undefined array key "contratista2" in /home/soluctem/sistema.soluctem.com.co/api/submit.php on line 57
[06-May-2025 02:52:00 UTC] PHP Warning:  Undefined array key "cedula2" in /home/soluctem/sistema.soluctem.com.co/api/submit.php on line 58
[06-May-2025 02:52:00 UTC] PHP Warning:  Undefined array key "horaEntrada2" in /home/soluctem/sistema.soluctem.com.co/api/submit.php on line 59
[06-May-2025 02:52:00 UTC] PHP Warning:  Undefined array key "horaSalida2" in /home/soluctem/sistema.soluctem.com.co/api/submit.php on line 60
[06-May-2025 02:52:00 UTC] PHP Warning:  Undefined array key "contratista3" in /home/soluctem/sistema.soluctem.com.co/api/submit.php on line 61
[06-May-2025 02:52:00 UTC] PHP Warning:  Undefined array key "cedula3" in /home/soluctem/sistema.soluctem.com.co/api/submit.php on line 62
[06-May-2025 02:52:00 UTC] PHP Warning:  Undefined array key "horaEntrada3" in /home/soluctem/sistema.soluctem.com.co/api/submit.php on line 63
[06-May-2025 02:52:00 UTC] PHP Warning:  Undefined array key "horaSalida3" in /home/soluctem/sistema.soluctem.com.co/api/submit.php on line 64
[06-May-2025 02:52:00 UTC] PHP Warning:  Undefined array key "contratista4" in /home/soluctem/sistema.soluctem.com.co/api/submit.php on line 65
[06-May-2025 02:52:00 UTC] PHP Warning:  Undefined array key "cedula4" in /home/soluctem/sistema.soluctem.com.co/api/submit.php on line 66
[06-May-2025 02:52:00 UTC] PHP Warning:  Undefined array key "horaEntrada4" in /home/soluctem/sistema.soluctem.com.co/api/submit.php on line 67
[06-May-2025 02:52:00 UTC] PHP Warning:  Undefined array key "horaSalida4" in /home/soluctem/sistema.soluctem.com.co/api/submit.php on line 68
[06-May-2025 02:52:00 UTC] PHP Warning:  Undefined array key "nombreFuncionario" in /home/soluctem/sistema.soluctem.com.co/api/submit.php on line 69
[06-May-2025 02:52:00 UTC] PHP Warning:  Undefined array key "cedulaFuncionario" in /home/soluctem/sistema.soluctem.com.co/api/submit.php on line 70
[06-May-2025 02:52:00 UTC] PHP Warning:  Undefined array key "cargoFuncionario" in /home/soluctem/sistema.soluctem.com.co/api/submit.php on line 71
[06-May-2025 02:52:00 UTC] PHP Warning:  Undefined array key "sapFuncionario" in /home/soluctem/sistema.soluctem.com.co/api/submit.php on line 72
[06-May-2025 02:52:00 UTC] PHP Warning:  Undefined array key "timestamp" in /home/soluctem/sistema.soluctem.com.co/api/submit.php on line 73
[06-May-2025 02:52:00 UTC] PHP Warning:  Undefined array key "asistenciaReparacion" in /home/soluctem/sistema.soluctem.com.co/api/submit.php on line 74
[06-May-2025 02:52:00 UTC] PHP Warning:  Undefined array key "asistenciaGarantia" in /home/soluctem/sistema.soluctem.com.co/api/submit.php on line 75
[06-May-2025 02:52:00 UTC] PHP Warning:  Undefined array key "asistenciaAjuste" in /home/soluctem/sistema.soluctem.com.co/api/submit.php on line 76
[06-May-2025 02:52:00 UTC] PHP Warning:  Undefined array key "asistenciaModificacion" in /home/soluctem/sistema.soluctem.com.co/api/submit.php on line 77
[06-May-2025 02:52:00 UTC] PHP Warning:  Undefined array key "asistenciaServicio" in /home/soluctem/sistema.soluctem.com.co/api/submit.php on line 78
[06-May-2025 02:52:00 UTC] PHP Warning:  Undefined array key "asistenciaMejora" in /home/soluctem/sistema.soluctem.com.co/api/submit.php on line 79
[06-May-2025 02:52:00 UTC] PHP Warning:  Undefined array key "asistenciaCombinacion" in /home/soluctem/sistema.soluctem.com.co/api/submit.php on line 80
[06-May-2025 02:52:00 UTC] PHP Warning:  Undefined array key "fallaOperacion" in /home/soluctem/sistema.soluctem.com.co/api/submit.php on line 81
[06-May-2025 02:52:00 UTC] PHP Warning:  Undefined array key "fallaMecanica" in /home/soluctem/sistema.soluctem.com.co/api/submit.php on line 82
[06-May-2025 02:52:00 UTC] PHP Warning:  Undefined array key "fallaElectrica" in /home/soluctem/sistema.soluctem.com.co/api/submit.php on line 83
[06-May-2025 02:52:00 UTC] PHP Warning:  Undefined array key "fallaTerceros" in /home/soluctem/sistema.soluctem.com.co/api/submit.php on line 84
[06-May-2025 02:52:00 UTC] PHP Warning:  Undefined array key "fallaFabricacion" in /home/soluctem/sistema.soluctem.com.co/api/submit.php on line 85
[06-May-2025 02:52:00 UTC] PHP Warning:  Undefined array key "firma_digital_cliente" in /home/soluctem/sistema.soluctem.com.co/api/submit.php on line 86
[06-May-2025 02:52:00 UTC] PHP Warning:  Undefined array key "firma_digital_tecnico" in /home/soluctem/sistema.soluctem.com.co/api/submit.php on line 87
[06-May-2025 02:56:21 UTC] PHP Warning:  Undefined array key "nombreSolicitante" in /home/soluctem/sistema.soluctem.com.co/api/submit.php on line 28
[06-May-2025 02:56:21 UTC] PHP Warning:  Undefined array key "cargo" in /home/soluctem/sistema.soluctem.com.co/api/submit.php on line 29
[06-May-2025 02:56:21 UTC] PHP Warning:  Undefined array key "nombreTienda" in /home/soluctem/sistema.soluctem.com.co/api/submit.php on line 30
[06-May-2025 02:56:21 UTC] PHP Warning:  Undefined array key "numeroTienda" in /home/soluctem/sistema.soluctem.com.co/api/submit.php on line 31
[06-May-2025 02:56:21 UTC] PHP Warning:  Undefined array key "numeroTicket" in /home/soluctem/sistema.soluctem.com.co/api/submit.php on line 32
[06-May-2025 02:56:21 UTC] PHP Warning:  Undefined array key "fecha" in /home/soluctem/sistema.soluctem.com.co/api/submit.php on line 33
[06-May-2025 02:56:21 UTC] PHP Warning:  Undefined array key "municipio" in /home/soluctem/sistema.soluctem.com.co/api/submit.php on line 34
[06-May-2025 02:56:21 UTC] PHP Warning:  Undefined array key "departamento" in /home/soluctem/sistema.soluctem.com.co/api/submit.php on line 35
[06-May-2025 02:56:21 UTC] PHP Warning:  Undefined array key "nombreEquipo" in /home/soluctem/sistema.soluctem.com.co/api/submit.php on line 36
[06-May-2025 02:56:21 UTC] PHP Warning:  Undefined array key "marca" in /home/soluctem/sistema.soluctem.com.co/api/submit.php on line 37
[06-May-2025 02:56:21 UTC] PHP Warning:  Undefined array key "serial" in /home/soluctem/sistema.soluctem.com.co/api/submit.php on line 38
[06-May-2025 02:56:21 UTC] PHP Warning:  Undefined array key "descripcionFalla" in /home/soluctem/sistema.soluctem.com.co/api/submit.php on line 39
[06-May-2025 02:56:21 UTC] PHP Warning:  Undefined array key "diagnosticoTecnico" in /home/soluctem/sistema.soluctem.com.co/api/submit.php on line 40
[06-May-2025 02:56:21 UTC] PHP Warning:  Undefined array key "repuestosCambiados" in /home/soluctem/sistema.soluctem.com.co/api/submit.php on line 41
[06-May-2025 02:56:21 UTC] PHP Warning:  Undefined array key "observaciones" in /home/soluctem/sistema.soluctem.com.co/api/submit.php on line 42
[06-May-2025 02:56:21 UTC] PHP Warning:  Undefined array key "seguridadRiesgoAccidentalidad" in /home/soluctem/sistema.soluctem.com.co/api/submit.php on line 43
[06-May-2025 02:56:21 UTC] PHP Warning:  Undefined array key "seguridadRiesgoEquipo" in /home/soluctem/sistema.soluctem.com.co/api/submit.php on line 44
[06-May-2025 02:56:21 UTC] PHP Warning:  Undefined array key "funcionamientoFallaSolucionada" in /home/soluctem/sistema.soluctem.com.co/api/submit.php on line 45
[06-May-2025 02:56:21 UTC] PHP Warning:  Undefined array key "funcionamientoPasosNormales" in /home/soluctem/sistema.soluctem.com.co/api/submit.php on line 46
[06-May-2025 02:56:21 UTC] PHP Warning:  Undefined array key "calidadTrabajo" in /home/soluctem/sistema.soluctem.com.co/api/submit.php on line 47
[06-May-2025 02:56:21 UTC] PHP Warning:  Undefined array key "limpiezaOrganizacionArmado" in /home/soluctem/sistema.soluctem.com.co/api/submit.php on line 48
[06-May-2025 02:56:21 UTC] PHP Warning:  Undefined array key "limpiezaOrganizacionAseado" in /home/soluctem/sistema.soluctem.com.co/api/submit.php on line 49
[06-May-2025 02:56:21 UTC] PHP Warning:  Undefined array key "capacitacionCausa" in /home/soluctem/sistema.soluctem.com.co/api/submit.php on line 50
[06-May-2025 02:56:21 UTC] PHP Warning:  Undefined array key "capacitacionPrevencion" in /home/soluctem/sistema.soluctem.com.co/api/submit.php on line 51
[06-May-2025 02:56:21 UTC] PHP Warning:  Undefined array key "capacitacionAccion" in /home/soluctem/sistema.soluctem.com.co/api/submit.php on line 52
[06-May-2025 02:56:21 UTC] PHP Warning:  Undefined array key "contratista1" in /home/soluctem/sistema.soluctem.com.co/api/submit.php on line 53
[06-May-2025 02:56:21 UTC] PHP Warning:  Undefined array key "cedula1" in /home/soluctem/sistema.soluctem.com.co/api/submit.php on line 54
[06-May-2025 02:56:21 UTC] PHP Warning:  Undefined array key "horaEntrada1" in /home/soluctem/sistema.soluctem.com.co/api/submit.php on line 55
[06-May-2025 02:56:21 UTC] PHP Warning:  Undefined array key "horaSalida1" in /home/soluctem/sistema.soluctem.com.co/api/submit.php on line 56
[06-May-2025 02:56:21 UTC] PHP Warning:  Undefined array key "contratista2" in /home/soluctem/sistema.soluctem.com.co/api/submit.php on line 57
[06-May-2025 02:56:21 UTC] PHP Warning:  Undefined array key "cedula2" in /home/soluctem/sistema.soluctem.com.co/api/submit.php on line 58
[06-May-2025 02:56:21 UTC] PHP Warning:  Undefined array key "horaEntrada2" in /home/soluctem/sistema.soluctem.com.co/api/submit.php on line 59
[06-May-2025 02:56:21 UTC] PHP Warning:  Undefined array key "horaSalida2" in /home/soluctem/sistema.soluctem.com.co/api/submit.php on line 60
[06-May-2025 02:56:21 UTC] PHP Warning:  Undefined array key "contratista3" in /home/soluctem/sistema.soluctem.com.co/api/submit.php on line 61
[06-May-2025 02:56:21 UTC] PHP Warning:  Undefined array key "cedula3" in /home/soluctem/sistema.soluctem.com.co/api/submit.php on line 62
[06-May-2025 02:56:21 UTC] PHP Warning:  Undefined array key "horaEntrada3" in /home/soluctem/sistema.soluctem.com.co/api/submit.php on line 63
[06-May-2025 02:56:21 UTC] PHP Warning:  Undefined array key "horaSalida3" in /home/soluctem/sistema.soluctem.com.co/api/submit.php on line 64
[06-May-2025 02:56:21 UTC] PHP Warning:  Undefined array key "contratista4" in /home/soluctem/sistema.soluctem.com.co/api/submit.php on line 65
[06-May-2025 02:56:21 UTC] PHP Warning:  Undefined array key "cedula4" in /home/soluctem/sistema.soluctem.com.co/api/submit.php on line 66
[06-May-2025 02:56:21 UTC] PHP Warning:  Undefined array key "horaEntrada4" in /home/soluctem/sistema.soluctem.com.co/api/submit.php on line 67
[06-May-2025 02:56:21 UTC] PHP Warning:  Undefined array key "horaSalida4" in /home/soluctem/sistema.soluctem.com.co/api/submit.php on line 68
[06-May-2025 02:56:21 UTC] PHP Warning:  Undefined array key "nombreFuncionario" in /home/soluctem/sistema.soluctem.com.co/api/submit.php on line 69
[06-May-2025 02:56:21 UTC] PHP Warning:  Undefined array key "cedulaFuncionario" in /home/soluctem/sistema.soluctem.com.co/api/submit.php on line 70
[06-May-2025 02:56:21 UTC] PHP Warning:  Undefined array key "cargoFuncionario" in /home/soluctem/sistema.soluctem.com.co/api/submit.php on line 71
[06-May-2025 02:56:21 UTC] PHP Warning:  Undefined array key "sapFuncionario" in /home/soluctem/sistema.soluctem.com.co/api/submit.php on line 72
[06-May-2025 02:56:21 UTC] PHP Warning:  Undefined array key "timestamp" in /home/soluctem/sistema.soluctem.com.co/api/submit.php on line 73
[06-May-2025 02:56:21 UTC] PHP Warning:  Undefined array key "asistenciaReparacion" in /home/soluctem/sistema.soluctem.com.co/api/submit.php on line 74
[06-May-2025 02:56:21 UTC] PHP Warning:  Undefined array key "asistenciaGarantia" in /home/soluctem/sistema.soluctem.com.co/api/submit.php on line 75
[06-May-2025 02:56:21 UTC] PHP Warning:  Undefined array key "asistenciaAjuste" in /home/soluctem/sistema.soluctem.com.co/api/submit.php on line 76
[06-May-2025 02:56:21 UTC] PHP Warning:  Undefined array key "asistenciaModificacion" in /home/soluctem/sistema.soluctem.com.co/api/submit.php on line 77
[06-May-2025 02:56:21 UTC] PHP Warning:  Undefined array key "asistenciaServicio" in /home/soluctem/sistema.soluctem.com.co/api/submit.php on line 78
[06-May-2025 02:56:21 UTC] PHP Warning:  Undefined array key "asistenciaMejora" in /home/soluctem/sistema.soluctem.com.co/api/submit.php on line 79
[06-May-2025 02:56:21 UTC] PHP Warning:  Undefined array key "asistenciaCombinacion" in /home/soluctem/sistema.soluctem.com.co/api/submit.php on line 80
[06-May-2025 02:56:21 UTC] PHP Warning:  Undefined array key "fallaOperacion" in /home/soluctem/sistema.soluctem.com.co/api/submit.php on line 81
[06-May-2025 02:56:21 UTC] PHP Warning:  Undefined array key "fallaMecanica" in /home/soluctem/sistema.soluctem.com.co/api/submit.php on line 82
[06-May-2025 02:56:21 UTC] PHP Warning:  Undefined array key "fallaElectrica" in /home/soluctem/sistema.soluctem.com.co/api/submit.php on line 83
[06-May-2025 02:56:21 UTC] PHP Warning:  Undefined array key "fallaTerceros" in /home/soluctem/sistema.soluctem.com.co/api/submit.php on line 84
[06-May-2025 02:56:21 UTC] PHP Warning:  Undefined array key "fallaFabricacion" in /home/soluctem/sistema.soluctem.com.co/api/submit.php on line 85
[06-May-2025 02:56:21 UTC] PHP Warning:  Undefined array key "firma_digital_cliente" in /home/soluctem/sistema.soluctem.com.co/api/submit.php on line 86
[06-May-2025 02:56:21 UTC] PHP Warning:  Undefined array key "firma_digital_tecnico" in /home/soluctem/sistema.soluctem.com.co/api/submit.php on line 87
[06-May-2025 02:58:33 UTC] PHP Warning:  Undefined array key "nombreSolicitante" in /home/soluctem/sistema.soluctem.com.co/api/submit.php on line 28
[06-May-2025 02:58:33 UTC] PHP Warning:  Undefined array key "cargo" in /home/soluctem/sistema.soluctem.com.co/api/submit.php on line 29
[06-May-2025 02:58:33 UTC] PHP Warning:  Undefined array key "nombreTienda" in /home/soluctem/sistema.soluctem.com.co/api/submit.php on line 30
[06-May-2025 02:58:33 UTC] PHP Warning:  Undefined array key "numeroTienda" in /home/soluctem/sistema.soluctem.com.co/api/submit.php on line 31
[06-May-2025 02:58:33 UTC] PHP Warning:  Undefined array key "numeroTicket" in /home/soluctem/sistema.soluctem.com.co/api/submit.php on line 32
[06-May-2025 02:58:33 UTC] PHP Warning:  Undefined array key "fecha" in /home/soluctem/sistema.soluctem.com.co/api/submit.php on line 33
[06-May-2025 02:58:33 UTC] PHP Warning:  Undefined array key "municipio" in /home/soluctem/sistema.soluctem.com.co/api/submit.php on line 34
[06-May-2025 02:58:33 UTC] PHP Warning:  Undefined array key "departamento" in /home/soluctem/sistema.soluctem.com.co/api/submit.php on line 35
[06-May-2025 02:58:33 UTC] PHP Warning:  Undefined array key "nombreEquipo" in /home/soluctem/sistema.soluctem.com.co/api/submit.php on line 36
[06-May-2025 02:58:33 UTC] PHP Warning:  Undefined array key "marca" in /home/soluctem/sistema.soluctem.com.co/api/submit.php on line 37
[06-May-2025 02:58:33 UTC] PHP Warning:  Undefined array key "serial" in /home/soluctem/sistema.soluctem.com.co/api/submit.php on line 38
[06-May-2025 02:58:33 UTC] PHP Warning:  Undefined array key "descripcionFalla" in /home/soluctem/sistema.soluctem.com.co/api/submit.php on line 39
[06-May-2025 02:58:33 UTC] PHP Warning:  Undefined array key "diagnosticoTecnico" in /home/soluctem/sistema.soluctem.com.co/api/submit.php on line 40
[06-May-2025 02:58:33 UTC] PHP Warning:  Undefined array key "repuestosCambiados" in /home/soluctem/sistema.soluctem.com.co/api/submit.php on line 41
[06-May-2025 02:58:33 UTC] PHP Warning:  Undefined array key "observaciones" in /home/soluctem/sistema.soluctem.com.co/api/submit.php on line 42
[06-May-2025 02:58:33 UTC] PHP Warning:  Undefined array key "seguridadRiesgoAccidentalidad" in /home/soluctem/sistema.soluctem.com.co/api/submit.php on line 43
[06-May-2025 02:58:33 UTC] PHP Warning:  Undefined array key "seguridadRiesgoEquipo" in /home/soluctem/sistema.soluctem.com.co/api/submit.php on line 44
[06-May-2025 02:58:33 UTC] PHP Warning:  Undefined array key "funcionamientoFallaSolucionada" in /home/soluctem/sistema.soluctem.com.co/api/submit.php on line 45
[06-May-2025 02:58:33 UTC] PHP Warning:  Undefined array key "funcionamientoPasosNormales" in /home/soluctem/sistema.soluctem.com.co/api/submit.php on line 46
[06-May-2025 02:58:33 UTC] PHP Warning:  Undefined array key "calidadTrabajo" in /home/soluctem/sistema.soluctem.com.co/api/submit.php on line 47
[06-May-2025 02:58:33 UTC] PHP Warning:  Undefined array key "limpiezaOrganizacionArmado" in /home/soluctem/sistema.soluctem.com.co/api/submit.php on line 48
[06-May-2025 02:58:33 UTC] PHP Warning:  Undefined array key "limpiezaOrganizacionAseado" in /home/soluctem/sistema.soluctem.com.co/api/submit.php on line 49
[06-May-2025 02:58:33 UTC] PHP Warning:  Undefined array key "capacitacionCausa" in /home/soluctem/sistema.soluctem.com.co/api/submit.php on line 50
[06-May-2025 02:58:33 UTC] PHP Warning:  Undefined array key "capacitacionPrevencion" in /home/soluctem/sistema.soluctem.com.co/api/submit.php on line 51
[06-May-2025 02:58:33 UTC] PHP Warning:  Undefined array key "capacitacionAccion" in /home/soluctem/sistema.soluctem.com.co/api/submit.php on line 52
[06-May-2025 02:58:33 UTC] PHP Warning:  Undefined array key "contratista1" in /home/soluctem/sistema.soluctem.com.co/api/submit.php on line 53
[06-May-2025 02:58:33 UTC] PHP Warning:  Undefined array key "cedula1" in /home/soluctem/sistema.soluctem.com.co/api/submit.php on line 54
[06-May-2025 02:58:33 UTC] PHP Warning:  Undefined array key "horaEntrada1" in /home/soluctem/sistema.soluctem.com.co/api/submit.php on line 55
[06-May-2025 02:58:33 UTC] PHP Warning:  Undefined array key "horaSalida1" in /home/soluctem/sistema.soluctem.com.co/api/submit.php on line 56
[06-May-2025 02:58:33 UTC] PHP Warning:  Undefined array key "contratista2" in /home/soluctem/sistema.soluctem.com.co/api/submit.php on line 57
[06-May-2025 02:58:33 UTC] PHP Warning:  Undefined array key "cedula2" in /home/soluctem/sistema.soluctem.com.co/api/submit.php on line 58
[06-May-2025 02:58:33 UTC] PHP Warning:  Undefined array key "horaEntrada2" in /home/soluctem/sistema.soluctem.com.co/api/submit.php on line 59
[06-May-2025 02:58:33 UTC] PHP Warning:  Undefined array key "horaSalida2" in /home/soluctem/sistema.soluctem.com.co/api/submit.php on line 60
[06-May-2025 02:58:33 UTC] PHP Warning:  Undefined array key "contratista3" in /home/soluctem/sistema.soluctem.com.co/api/submit.php on line 61
[06-May-2025 02:58:33 UTC] PHP Warning:  Undefined array key "cedula3" in /home/soluctem/sistema.soluctem.com.co/api/submit.php on line 62
[06-May-2025 02:58:33 UTC] PHP Warning:  Undefined array key "horaEntrada3" in /home/soluctem/sistema.soluctem.com.co/api/submit.php on line 63
[06-May-2025 02:58:33 UTC] PHP Warning:  Undefined array key "horaSalida3" in /home/soluctem/sistema.soluctem.com.co/api/submit.php on line 64
[06-May-2025 02:58:33 UTC] PHP Warning:  Undefined array key "contratista4" in /home/soluctem/sistema.soluctem.com.co/api/submit.php on line 65
[06-May-2025 02:58:33 UTC] PHP Warning:  Undefined array key "cedula4" in /home/soluctem/sistema.soluctem.com.co/api/submit.php on line 66
[06-May-2025 02:58:33 UTC] PHP Warning:  Undefined array key "horaEntrada4" in /home/soluctem/sistema.soluctem.com.co/api/submit.php on line 67
[06-May-2025 02:58:33 UTC] PHP Warning:  Undefined array key "horaSalida4" in /home/soluctem/sistema.soluctem.com.co/api/submit.php on line 68
[06-May-2025 02:58:33 UTC] PHP Warning:  Undefined array key "nombreFuncionario" in /home/soluctem/sistema.soluctem.com.co/api/submit.php on line 69
[06-May-2025 02:58:33 UTC] PHP Warning:  Undefined array key "cedulaFuncionario" in /home/soluctem/sistema.soluctem.com.co/api/submit.php on line 70
[06-May-2025 02:58:33 UTC] PHP Warning:  Undefined array key "cargoFuncionario" in /home/soluctem/sistema.soluctem.com.co/api/submit.php on line 71
[06-May-2025 02:58:33 UTC] PHP Warning:  Undefined array key "sapFuncionario" in /home/soluctem/sistema.soluctem.com.co/api/submit.php on line 72
[06-May-2025 02:58:33 UTC] PHP Warning:  Undefined array key "timestamp" in /home/soluctem/sistema.soluctem.com.co/api/submit.php on line 73
[06-May-2025 02:58:33 UTC] PHP Warning:  Undefined array key "asistenciaReparacion" in /home/soluctem/sistema.soluctem.com.co/api/submit.php on line 74
[06-May-2025 02:58:33 UTC] PHP Warning:  Undefined array key "asistenciaGarantia" in /home/soluctem/sistema.soluctem.com.co/api/submit.php on line 75
[06-May-2025 02:58:33 UTC] PHP Warning:  Undefined array key "asistenciaAjuste" in /home/soluctem/sistema.soluctem.com.co/api/submit.php on line 76
[06-May-2025 02:58:33 UTC] PHP Warning:  Undefined array key "asistenciaModificacion" in /home/soluctem/sistema.soluctem.com.co/api/submit.php on line 77
[06-May-2025 02:58:33 UTC] PHP Warning:  Undefined array key "asistenciaServicio" in /home/soluctem/sistema.soluctem.com.co/api/submit.php on line 78
[06-May-2025 02:58:33 UTC] PHP Warning:  Undefined array key "asistenciaMejora" in /home/soluctem/sistema.soluctem.com.co/api/submit.php on line 79
[06-May-2025 02:58:33 UTC] PHP Warning:  Undefined array key "asistenciaCombinacion" in /home/soluctem/sistema.soluctem.com.co/api/submit.php on line 80
[06-May-2025 02:58:33 UTC] PHP Warning:  Undefined array key "fallaOperacion" in /home/soluctem/sistema.soluctem.com.co/api/submit.php on line 81
[06-May-2025 02:58:33 UTC] PHP Warning:  Undefined array key "fallaMecanica" in /home/soluctem/sistema.soluctem.com.co/api/submit.php on line 82
[06-May-2025 02:58:33 UTC] PHP Warning:  Undefined array key "fallaElectrica" in /home/soluctem/sistema.soluctem.com.co/api/submit.php on line 83
[06-May-2025 02:58:33 UTC] PHP Warning:  Undefined array key "fallaTerceros" in /home/soluctem/sistema.soluctem.com.co/api/submit.php on line 84
[06-May-2025 02:58:33 UTC] PHP Warning:  Undefined array key "fallaFabricacion" in /home/soluctem/sistema.soluctem.com.co/api/submit.php on line 85
[06-May-2025 02:58:33 UTC] PHP Warning:  Undefined array key "firma_digital_cliente" in /home/soluctem/sistema.soluctem.com.co/api/submit.php on line 86
[06-May-2025 02:58:33 UTC] PHP Warning:  Undefined array key "firma_digital_tecnico" in /home/soluctem/sistema.soluctem.com.co/api/submit.php on line 87
[06-May-2025 11:15:47 UTC] PHP Warning:  Undefined array key "nombreSolicitante" in /home/soluctem/sistema.soluctem.com.co/api/submit.php on line 28
[06-May-2025 11:15:47 UTC] PHP Warning:  Undefined array key "cargo" in /home/soluctem/sistema.soluctem.com.co/api/submit.php on line 29
[06-May-2025 11:15:47 UTC] PHP Warning:  Undefined array key "nombreTienda" in /home/soluctem/sistema.soluctem.com.co/api/submit.php on line 30
[06-May-2025 11:15:47 UTC] PHP Warning:  Undefined array key "numeroTienda" in /home/soluctem/sistema.soluctem.com.co/api/submit.php on line 31
[06-May-2025 11:15:47 UTC] PHP Warning:  Undefined array key "numeroTicket" in /home/soluctem/sistema.soluctem.com.co/api/submit.php on line 32
[06-May-2025 11:15:47 UTC] PHP Warning:  Undefined array key "fecha" in /home/soluctem/sistema.soluctem.com.co/api/submit.php on line 33
[06-May-2025 11:15:47 UTC] PHP Warning:  Undefined array key "municipio" in /home/soluctem/sistema.soluctem.com.co/api/submit.php on line 34
[06-May-2025 11:15:47 UTC] PHP Warning:  Undefined array key "departamento" in /home/soluctem/sistema.soluctem.com.co/api/submit.php on line 35
[06-May-2025 11:15:47 UTC] PHP Warning:  Undefined array key "nombreEquipo" in /home/soluctem/sistema.soluctem.com.co/api/submit.php on line 36
[06-May-2025 11:15:47 UTC] PHP Warning:  Undefined array key "marca" in /home/soluctem/sistema.soluctem.com.co/api/submit.php on line 37
[06-May-2025 11:15:47 UTC] PHP Warning:  Undefined array key "serial" in /home/soluctem/sistema.soluctem.com.co/api/submit.php on line 38
[06-May-2025 11:15:47 UTC] PHP Warning:  Undefined array key "descripcionFalla" in /home/soluctem/sistema.soluctem.com.co/api/submit.php on line 39
[06-May-2025 11:15:47 UTC] PHP Warning:  Undefined array key "diagnosticoTecnico" in /home/soluctem/sistema.soluctem.com.co/api/submit.php on line 40
[06-May-2025 11:15:47 UTC] PHP Warning:  Undefined array key "repuestosCambiados" in /home/soluctem/sistema.soluctem.com.co/api/submit.php on line 41
[06-May-2025 11:15:47 UTC] PHP Warning:  Undefined array key "observaciones" in /home/soluctem/sistema.soluctem.com.co/api/submit.php on line 42
[06-May-2025 11:15:47 UTC] PHP Warning:  Undefined array key "seguridadRiesgoAccidentalidad" in /home/soluctem/sistema.soluctem.com.co/api/submit.php on line 43
[06-May-2025 11:15:47 UTC] PHP Warning:  Undefined array key "seguridadRiesgoEquipo" in /home/soluctem/sistema.soluctem.com.co/api/submit.php on line 44
[06-May-2025 11:15:47 UTC] PHP Warning:  Undefined array key "funcionamientoFallaSolucionada" in /home/soluctem/sistema.soluctem.com.co/api/submit.php on line 45
[06-May-2025 11:15:47 UTC] PHP Warning:  Undefined array key "funcionamientoPasosNormales" in /home/soluctem/sistema.soluctem.com.co/api/submit.php on line 46
[06-May-2025 11:15:47 UTC] PHP Warning:  Undefined array key "calidadTrabajo" in /home/soluctem/sistema.soluctem.com.co/api/submit.php on line 47
[06-May-2025 11:15:47 UTC] PHP Warning:  Undefined array key "limpiezaOrganizacionArmado" in /home/soluctem/sistema.soluctem.com.co/api/submit.php on line 48
[06-May-2025 11:15:47 UTC] PHP Warning:  Undefined array key "limpiezaOrganizacionAseado" in /home/soluctem/sistema.soluctem.com.co/api/submit.php on line 49
[06-May-2025 11:15:47 UTC] PHP Warning:  Undefined array key "capacitacionCausa" in /home/soluctem/sistema.soluctem.com.co/api/submit.php on line 50
[06-May-2025 11:15:47 UTC] PHP Warning:  Undefined array key "capacitacionPrevencion" in /home/soluctem/sistema.soluctem.com.co/api/submit.php on line 51
[06-May-2025 11:15:47 UTC] PHP Warning:  Undefined array key "capacitacionAccion" in /home/soluctem/sistema.soluctem.com.co/api/submit.php on line 52
[06-May-2025 11:15:47 UTC] PHP Warning:  Undefined array key "contratista1" in /home/soluctem/sistema.soluctem.com.co/api/submit.php on line 53
[06-May-2025 11:15:47 UTC] PHP Warning:  Undefined array key "cedula1" in /home/soluctem/sistema.soluctem.com.co/api/submit.php on line 54
[06-May-2025 11:15:47 UTC] PHP Warning:  Undefined array key "horaEntrada1" in /home/soluctem/sistema.soluctem.com.co/api/submit.php on line 55
[06-May-2025 11:15:47 UTC] PHP Warning:  Undefined array key "horaSalida1" in /home/soluctem/sistema.soluctem.com.co/api/submit.php on line 56
[06-May-2025 11:15:47 UTC] PHP Warning:  Undefined array key "contratista2" in /home/soluctem/sistema.soluctem.com.co/api/submit.php on line 57
[06-May-2025 11:15:47 UTC] PHP Warning:  Undefined array key "cedula2" in /home/soluctem/sistema.soluctem.com.co/api/submit.php on line 58
[06-May-2025 11:15:47 UTC] PHP Warning:  Undefined array key "horaEntrada2" in /home/soluctem/sistema.soluctem.com.co/api/submit.php on line 59
[06-May-2025 11:15:47 UTC] PHP Warning:  Undefined array key "horaSalida2" in /home/soluctem/sistema.soluctem.com.co/api/submit.php on line 60
[06-May-2025 11:15:47 UTC] PHP Warning:  Undefined array key "contratista3" in /home/soluctem/sistema.soluctem.com.co/api/submit.php on line 61
[06-May-2025 11:15:47 UTC] PHP Warning:  Undefined array key "cedula3" in /home/soluctem/sistema.soluctem.com.co/api/submit.php on line 62
[06-May-2025 11:15:47 UTC] PHP Warning:  Undefined array key "horaEntrada3" in /home/soluctem/sistema.soluctem.com.co/api/submit.php on line 63
[06-May-2025 11:15:47 UTC] PHP Warning:  Undefined array key "horaSalida3" in /home/soluctem/sistema.soluctem.com.co/api/submit.php on line 64
[06-May-2025 11:15:47 UTC] PHP Warning:  Undefined array key "contratista4" in /home/soluctem/sistema.soluctem.com.co/api/submit.php on line 65
[06-May-2025 11:15:47 UTC] PHP Warning:  Undefined array key "cedula4" in /home/soluctem/sistema.soluctem.com.co/api/submit.php on line 66
[06-May-2025 11:15:47 UTC] PHP Warning:  Undefined array key "horaEntrada4" in /home/soluctem/sistema.soluctem.com.co/api/submit.php on line 67
[06-May-2025 11:15:47 UTC] PHP Warning:  Undefined array key "horaSalida4" in /home/soluctem/sistema.soluctem.com.co/api/submit.php on line 68
[06-May-2025 11:15:47 UTC] PHP Warning:  Undefined array key "nombreFuncionario" in /home/soluctem/sistema.soluctem.com.co/api/submit.php on line 69
[06-May-2025 11:15:47 UTC] PHP Warning:  Undefined array key "cedulaFuncionario" in /home/soluctem/sistema.soluctem.com.co/api/submit.php on line 70
[06-May-2025 11:15:47 UTC] PHP Warning:  Undefined array key "cargoFuncionario" in /home/soluctem/sistema.soluctem.com.co/api/submit.php on line 71
[06-May-2025 11:15:47 UTC] PHP Warning:  Undefined array key "sapFuncionario" in /home/soluctem/sistema.soluctem.com.co/api/submit.php on line 72
[06-May-2025 11:15:47 UTC] PHP Warning:  Undefined array key "timestamp" in /home/soluctem/sistema.soluctem.com.co/api/submit.php on line 73
[06-May-2025 11:15:47 UTC] PHP Warning:  Undefined array key "asistenciaReparacion" in /home/soluctem/sistema.soluctem.com.co/api/submit.php on line 74
[06-May-2025 11:15:47 UTC] PHP Warning:  Undefined array key "asistenciaGarantia" in /home/soluctem/sistema.soluctem.com.co/api/submit.php on line 75
[06-May-2025 11:15:47 UTC] PHP Warning:  Undefined array key "asistenciaAjuste" in /home/soluctem/sistema.soluctem.com.co/api/submit.php on line 76
[06-May-2025 11:15:47 UTC] PHP Warning:  Undefined array key "asistenciaModificacion" in /home/soluctem/sistema.soluctem.com.co/api/submit.php on line 77
[06-May-2025 11:15:47 UTC] PHP Warning:  Undefined array key "asistenciaServicio" in /home/soluctem/sistema.soluctem.com.co/api/submit.php on line 78
[06-May-2025 11:15:47 UTC] PHP Warning:  Undefined array key "asistenciaMejora" in /home/soluctem/sistema.soluctem.com.co/api/submit.php on line 79
[06-May-2025 11:15:47 UTC] PHP Warning:  Undefined array key "asistenciaCombinacion" in /home/soluctem/sistema.soluctem.com.co/api/submit.php on line 80
[06-May-2025 11:15:47 UTC] PHP Warning:  Undefined array key "fallaOperacion" in /home/soluctem/sistema.soluctem.com.co/api/submit.php on line 81
[06-May-2025 11:15:47 UTC] PHP Warning:  Undefined array key "fallaMecanica" in /home/soluctem/sistema.soluctem.com.co/api/submit.php on line 82
[06-May-2025 11:15:47 UTC] PHP Warning:  Undefined array key "fallaElectrica" in /home/soluctem/sistema.soluctem.com.co/api/submit.php on line 83
[06-May-2025 11:15:47 UTC] PHP Warning:  Undefined array key "fallaTerceros" in /home/soluctem/sistema.soluctem.com.co/api/submit.php on line 84
[06-May-2025 11:15:47 UTC] PHP Warning:  Undefined array key "fallaFabricacion" in /home/soluctem/sistema.soluctem.com.co/api/submit.php on line 85
[06-May-2025 11:15:47 UTC] PHP Warning:  Undefined array key "firma_digital_cliente" in /home/soluctem/sistema.soluctem.com.co/api/submit.php on line 86
[06-May-2025 11:15:47 UTC] PHP Warning:  Undefined array key "firma_digital_tecnico" in /home/soluctem/sistema.soluctem.com.co/api/submit.php on line 87
[06-May-2025 11:18:09 UTC] PHP Warning:  Undefined array key "nombreSolicitante" in /home/soluctem/sistema.soluctem.com.co/api/submit.php on line 28
[06-May-2025 11:18:09 UTC] PHP Warning:  Undefined array key "cargo" in /home/soluctem/sistema.soluctem.com.co/api/submit.php on line 29
[06-May-2025 11:18:09 UTC] PHP Warning:  Undefined array key "nombreTienda" in /home/soluctem/sistema.soluctem.com.co/api/submit.php on line 30
[06-May-2025 11:18:09 UTC] PHP Warning:  Undefined array key "numeroTienda" in /home/soluctem/sistema.soluctem.com.co/api/submit.php on line 31
[06-May-2025 11:18:09 UTC] PHP Warning:  Undefined array key "numeroTicket" in /home/soluctem/sistema.soluctem.com.co/api/submit.php on line 32
[06-May-2025 11:18:09 UTC] PHP Warning:  Undefined array key "fecha" in /home/soluctem/sistema.soluctem.com.co/api/submit.php on line 33
[06-May-2025 11:18:09 UTC] PHP Warning:  Undefined array key "municipio" in /home/soluctem/sistema.soluctem.com.co/api/submit.php on line 34
[06-May-2025 11:18:09 UTC] PHP Warning:  Undefined array key "departamento" in /home/soluctem/sistema.soluctem.com.co/api/submit.php on line 35
[06-May-2025 11:18:09 UTC] PHP Warning:  Undefined array key "nombreEquipo" in /home/soluctem/sistema.soluctem.com.co/api/submit.php on line 36
[06-May-2025 11:18:09 UTC] PHP Warning:  Undefined array key "marca" in /home/soluctem/sistema.soluctem.com.co/api/submit.php on line 37
[06-May-2025 11:18:09 UTC] PHP Warning:  Undefined array key "serial" in /home/soluctem/sistema.soluctem.com.co/api/submit.php on line 38
[06-May-2025 11:18:09 UTC] PHP Warning:  Undefined array key "descripcionFalla" in /home/soluctem/sistema.soluctem.com.co/api/submit.php on line 39
[06-May-2025 11:18:09 UTC] PHP Warning:  Undefined array key "diagnosticoTecnico" in /home/soluctem/sistema.soluctem.com.co/api/submit.php on line 40
[06-May-2025 11:18:09 UTC] PHP Warning:  Undefined array key "repuestosCambiados" in /home/soluctem/sistema.soluctem.com.co/api/submit.php on line 41
[06-May-2025 11:18:09 UTC] PHP Warning:  Undefined array key "observaciones" in /home/soluctem/sistema.soluctem.com.co/api/submit.php on line 42
[06-May-2025 11:18:09 UTC] PHP Warning:  Undefined array key "seguridadRiesgoAccidentalidad" in /home/soluctem/sistema.soluctem.com.co/api/submit.php on line 43
[06-May-2025 11:18:09 UTC] PHP Warning:  Undefined array key "seguridadRiesgoEquipo" in /home/soluctem/sistema.soluctem.com.co/api/submit.php on line 44
[06-May-2025 11:18:09 UTC] PHP Warning:  Undefined array key "funcionamientoFallaSolucionada" in /home/soluctem/sistema.soluctem.com.co/api/submit.php on line 45
[06-May-2025 11:18:09 UTC] PHP Warning:  Undefined array key "funcionamientoPasosNormales" in /home/soluctem/sistema.soluctem.com.co/api/submit.php on line 46
[06-May-2025 11:18:09 UTC] PHP Warning:  Undefined array key "calidadTrabajo" in /home/soluctem/sistema.soluctem.com.co/api/submit.php on line 47
[06-May-2025 11:18:09 UTC] PHP Warning:  Undefined array key "limpiezaOrganizacionArmado" in /home/soluctem/sistema.soluctem.com.co/api/submit.php on line 48
[06-May-2025 11:18:09 UTC] PHP Warning:  Undefined array key "limpiezaOrganizacionAseado" in /home/soluctem/sistema.soluctem.com.co/api/submit.php on line 49
[06-May-2025 11:18:09 UTC] PHP Warning:  Undefined array key "capacitacionCausa" in /home/soluctem/sistema.soluctem.com.co/api/submit.php on line 50
[06-May-2025 11:18:09 UTC] PHP Warning:  Undefined array key "capacitacionPrevencion" in /home/soluctem/sistema.soluctem.com.co/api/submit.php on line 51
[06-May-2025 11:18:09 UTC] PHP Warning:  Undefined array key "capacitacionAccion" in /home/soluctem/sistema.soluctem.com.co/api/submit.php on line 52
[06-May-2025 11:18:09 UTC] PHP Warning:  Undefined array key "contratista1" in /home/soluctem/sistema.soluctem.com.co/api/submit.php on line 53
[06-May-2025 11:18:09 UTC] PHP Warning:  Undefined array key "cedula1" in /home/soluctem/sistema.soluctem.com.co/api/submit.php on line 54
[06-May-2025 11:18:09 UTC] PHP Warning:  Undefined array key "horaEntrada1" in /home/soluctem/sistema.soluctem.com.co/api/submit.php on line 55
[06-May-2025 11:18:09 UTC] PHP Warning:  Undefined array key "horaSalida1" in /home/soluctem/sistema.soluctem.com.co/api/submit.php on line 56
[06-May-2025 11:18:09 UTC] PHP Warning:  Undefined array key "contratista2" in /home/soluctem/sistema.soluctem.com.co/api/submit.php on line 57
[06-May-2025 11:18:09 UTC] PHP Warning:  Undefined array key "cedula2" in /home/soluctem/sistema.soluctem.com.co/api/submit.php on line 58
[06-May-2025 11:18:09 UTC] PHP Warning:  Undefined array key "horaEntrada2" in /home/soluctem/sistema.soluctem.com.co/api/submit.php on line 59
[06-May-2025 11:18:09 UTC] PHP Warning:  Undefined array key "horaSalida2" in /home/soluctem/sistema.soluctem.com.co/api/submit.php on line 60
[06-May-2025 11:18:09 UTC] PHP Warning:  Undefined array key "contratista3" in /home/soluctem/sistema.soluctem.com.co/api/submit.php on line 61
[06-May-2025 11:18:09 UTC] PHP Warning:  Undefined array key "cedula3" in /home/soluctem/sistema.soluctem.com.co/api/submit.php on line 62
[06-May-2025 11:18:09 UTC] PHP Warning:  Undefined array key "horaEntrada3" in /home/soluctem/sistema.soluctem.com.co/api/submit.php on line 63
[06-May-2025 11:18:09 UTC] PHP Warning:  Undefined array key "horaSalida3" in /home/soluctem/sistema.soluctem.com.co/api/submit.php on line 64
[06-May-2025 11:18:09 UTC] PHP Warning:  Undefined array key "contratista4" in /home/soluctem/sistema.soluctem.com.co/api/submit.php on line 65
[06-May-2025 11:18:09 UTC] PHP Warning:  Undefined array key "cedula4" in /home/soluctem/sistema.soluctem.com.co/api/submit.php on line 66
[06-May-2025 11:18:09 UTC] PHP Warning:  Undefined array key "horaEntrada4" in /home/soluctem/sistema.soluctem.com.co/api/submit.php on line 67
[06-May-2025 11:18:09 UTC] PHP Warning:  Undefined array key "horaSalida4" in /home/soluctem/sistema.soluctem.com.co/api/submit.php on line 68
[06-May-2025 11:18:09 UTC] PHP Warning:  Undefined array key "nombreFuncionario" in /home/soluctem/sistema.soluctem.com.co/api/submit.php on line 69
[06-May-2025 11:18:09 UTC] PHP Warning:  Undefined array key "cedulaFuncionario" in /home/soluctem/sistema.soluctem.com.co/api/submit.php on line 70
[06-May-2025 11:18:09 UTC] PHP Warning:  Undefined array key "cargoFuncionario" in /home/soluctem/sistema.soluctem.com.co/api/submit.php on line 71
[06-May-2025 11:18:09 UTC] PHP Warning:  Undefined array key "sapFuncionario" in /home/soluctem/sistema.soluctem.com.co/api/submit.php on line 72
[06-May-2025 11:18:09 UTC] PHP Warning:  Undefined array key "timestamp" in /home/soluctem/sistema.soluctem.com.co/api/submit.php on line 73
[06-May-2025 11:18:09 UTC] PHP Warning:  Undefined array key "asistenciaReparacion" in /home/soluctem/sistema.soluctem.com.co/api/submit.php on line 74
[06-May-2025 11:18:09 UTC] PHP Warning:  Undefined array key "asistenciaGarantia" in /home/soluctem/sistema.soluctem.com.co/api/submit.php on line 75
[06-May-2025 11:18:09 UTC] PHP Warning:  Undefined array key "asistenciaAjuste" in /home/soluctem/sistema.soluctem.com.co/api/submit.php on line 76
[06-May-2025 11:18:09 UTC] PHP Warning:  Undefined array key "asistenciaModificacion" in /home/soluctem/sistema.soluctem.com.co/api/submit.php on line 77
[06-May-2025 11:18:09 UTC] PHP Warning:  Undefined array key "asistenciaServicio" in /home/soluctem/sistema.soluctem.com.co/api/submit.php on line 78
[06-May-2025 11:18:09 UTC] PHP Warning:  Undefined array key "asistenciaMejora" in /home/soluctem/sistema.soluctem.com.co/api/submit.php on line 79
[06-May-2025 11:18:09 UTC] PHP Warning:  Undefined array key "asistenciaCombinacion" in /home/soluctem/sistema.soluctem.com.co/api/submit.php on line 80
[06-May-2025 11:18:09 UTC] PHP Warning:  Undefined array key "fallaOperacion" in /home/soluctem/sistema.soluctem.com.co/api/submit.php on line 81
[06-May-2025 11:18:09 UTC] PHP Warning:  Undefined array key "fallaMecanica" in /home/soluctem/sistema.soluctem.com.co/api/submit.php on line 82
[06-May-2025 11:18:09 UTC] PHP Warning:  Undefined array key "fallaElectrica" in /home/soluctem/sistema.soluctem.com.co/api/submit.php on line 83
[06-May-2025 11:18:09 UTC] PHP Warning:  Undefined array key "fallaTerceros" in /home/soluctem/sistema.soluctem.com.co/api/submit.php on line 84
[06-May-2025 11:18:09 UTC] PHP Warning:  Undefined array key "fallaFabricacion" in /home/soluctem/sistema.soluctem.com.co/api/submit.php on line 85
[06-May-2025 11:18:09 UTC] PHP Warning:  Undefined array key "firma_digital_cliente" in /home/soluctem/sistema.soluctem.com.co/api/submit.php on line 86
[06-May-2025 11:18:09 UTC] PHP Warning:  Undefined array key "firma_digital_tecnico" in /home/soluctem/sistema.soluctem.com.co/api/submit.php on line 87
[07-May-2025 20:16:06 UTC] PHP Warning:  Undefined array key "nombreSolicitante" in /home/soluctem/sistema.soluctem.com.co/api/submit.php on line 28
[07-May-2025 20:16:06 UTC] PHP Warning:  Undefined array key "cargo" in /home/soluctem/sistema.soluctem.com.co/api/submit.php on line 29
[07-May-2025 20:16:06 UTC] PHP Warning:  Undefined array key "nombreTienda" in /home/soluctem/sistema.soluctem.com.co/api/submit.php on line 30
[07-May-2025 20:16:06 UTC] PHP Warning:  Undefined array key "numeroTienda" in /home/soluctem/sistema.soluctem.com.co/api/submit.php on line 31
[07-May-2025 20:16:06 UTC] PHP Warning:  Undefined array key "numeroTicket" in /home/soluctem/sistema.soluctem.com.co/api/submit.php on line 32
[07-May-2025 20:16:06 UTC] PHP Warning:  Undefined array key "fecha" in /home/soluctem/sistema.soluctem.com.co/api/submit.php on line 33
[07-May-2025 20:16:06 UTC] PHP Warning:  Undefined array key "municipio" in /home/soluctem/sistema.soluctem.com.co/api/submit.php on line 34
[07-May-2025 20:16:06 UTC] PHP Warning:  Undefined array key "departamento" in /home/soluctem/sistema.soluctem.com.co/api/submit.php on line 35
[07-May-2025 20:16:06 UTC] PHP Warning:  Undefined array key "nombreEquipo" in /home/soluctem/sistema.soluctem.com.co/api/submit.php on line 36
[07-May-2025 20:16:06 UTC] PHP Warning:  Undefined array key "marca" in /home/soluctem/sistema.soluctem.com.co/api/submit.php on line 37
[07-May-2025 20:16:06 UTC] PHP Warning:  Undefined array key "serial" in /home/soluctem/sistema.soluctem.com.co/api/submit.php on line 38
[07-May-2025 20:16:06 UTC] PHP Warning:  Undefined array key "descripcionFalla" in /home/soluctem/sistema.soluctem.com.co/api/submit.php on line 39
[07-May-2025 20:16:06 UTC] PHP Warning:  Undefined array key "diagnosticoTecnico" in /home/soluctem/sistema.soluctem.com.co/api/submit.php on line 40
[07-May-2025 20:16:06 UTC] PHP Warning:  Undefined array key "repuestosCambiados" in /home/soluctem/sistema.soluctem.com.co/api/submit.php on line 41
[07-May-2025 20:16:06 UTC] PHP Warning:  Undefined array key "observaciones" in /home/soluctem/sistema.soluctem.com.co/api/submit.php on line 42
[07-May-2025 20:16:06 UTC] PHP Warning:  Undefined array key "seguridadRiesgoAccidentalidad" in /home/soluctem/sistema.soluctem.com.co/api/submit.php on line 43
[07-May-2025 20:16:06 UTC] PHP Warning:  Undefined array key "seguridadRiesgoEquipo" in /home/soluctem/sistema.soluctem.com.co/api/submit.php on line 44
[07-May-2025 20:16:06 UTC] PHP Warning:  Undefined array key "funcionamientoFallaSolucionada" in /home/soluctem/sistema.soluctem.com.co/api/submit.php on line 45
[07-May-2025 20:16:06 UTC] PHP Warning:  Undefined array key "funcionamientoPasosNormales" in /home/soluctem/sistema.soluctem.com.co/api/submit.php on line 46
[07-May-2025 20:16:06 UTC] PHP Warning:  Undefined array key "calidadTrabajo" in /home/soluctem/sistema.soluctem.com.co/api/submit.php on line 47
[07-May-2025 20:16:06 UTC] PHP Warning:  Undefined array key "limpiezaOrganizacionArmado" in /home/soluctem/sistema.soluctem.com.co/api/submit.php on line 48
[07-May-2025 20:16:06 UTC] PHP Warning:  Undefined array key "limpiezaOrganizacionAseado" in /home/soluctem/sistema.soluctem.com.co/api/submit.php on line 49
[07-May-2025 20:16:06 UTC] PHP Warning:  Undefined array key "capacitacionCausa" in /home/soluctem/sistema.soluctem.com.co/api/submit.php on line 50
[07-May-2025 20:16:06 UTC] PHP Warning:  Undefined array key "capacitacionPrevencion" in /home/soluctem/sistema.soluctem.com.co/api/submit.php on line 51
[07-May-2025 20:16:06 UTC] PHP Warning:  Undefined array key "capacitacionAccion" in /home/soluctem/sistema.soluctem.com.co/api/submit.php on line 52
[07-May-2025 20:16:06 UTC] PHP Warning:  Undefined array key "contratista1" in /home/soluctem/sistema.soluctem.com.co/api/submit.php on line 53
[07-May-2025 20:16:06 UTC] PHP Warning:  Undefined array key "cedula1" in /home/soluctem/sistema.soluctem.com.co/api/submit.php on line 54
[07-May-2025 20:16:06 UTC] PHP Warning:  Undefined array key "horaEntrada1" in /home/soluctem/sistema.soluctem.com.co/api/submit.php on line 55
[07-May-2025 20:16:06 UTC] PHP Warning:  Undefined array key "horaSalida1" in /home/soluctem/sistema.soluctem.com.co/api/submit.php on line 56
[07-May-2025 20:16:06 UTC] PHP Warning:  Undefined array key "contratista2" in /home/soluctem/sistema.soluctem.com.co/api/submit.php on line 57
[07-May-2025 20:16:06 UTC] PHP Warning:  Undefined array key "cedula2" in /home/soluctem/sistema.soluctem.com.co/api/submit.php on line 58
[07-May-2025 20:16:06 UTC] PHP Warning:  Undefined array key "horaEntrada2" in /home/soluctem/sistema.soluctem.com.co/api/submit.php on line 59
[07-May-2025 20:16:06 UTC] PHP Warning:  Undefined array key "horaSalida2" in /home/soluctem/sistema.soluctem.com.co/api/submit.php on line 60
[07-May-2025 20:16:06 UTC] PHP Warning:  Undefined array key "contratista3" in /home/soluctem/sistema.soluctem.com.co/api/submit.php on line 61
[07-May-2025 20:16:06 UTC] PHP Warning:  Undefined array key "cedula3" in /home/soluctem/sistema.soluctem.com.co/api/submit.php on line 62
[07-May-2025 20:16:06 UTC] PHP Warning:  Undefined array key "horaEntrada3" in /home/soluctem/sistema.soluctem.com.co/api/submit.php on line 63
[07-May-2025 20:16:06 UTC] PHP Warning:  Undefined array key "horaSalida3" in /home/soluctem/sistema.soluctem.com.co/api/submit.php on line 64
[07-May-2025 20:16:06 UTC] PHP Warning:  Undefined array key "contratista4" in /home/soluctem/sistema.soluctem.com.co/api/submit.php on line 65
[07-May-2025 20:16:06 UTC] PHP Warning:  Undefined array key "cedula4" in /home/soluctem/sistema.soluctem.com.co/api/submit.php on line 66
[07-May-2025 20:16:06 UTC] PHP Warning:  Undefined array key "horaEntrada4" in /home/soluctem/sistema.soluctem.com.co/api/submit.php on line 67
[07-May-2025 20:16:06 UTC] PHP Warning:  Undefined array key "horaSalida4" in /home/soluctem/sistema.soluctem.com.co/api/submit.php on line 68
[07-May-2025 20:16:06 UTC] PHP Warning:  Undefined array key "nombreFuncionario" in /home/soluctem/sistema.soluctem.com.co/api/submit.php on line 69
[07-May-2025 20:16:06 UTC] PHP Warning:  Undefined array key "cedulaFuncionario" in /home/soluctem/sistema.soluctem.com.co/api/submit.php on line 70
[07-May-2025 20:16:06 UTC] PHP Warning:  Undefined array key "cargoFuncionario" in /home/soluctem/sistema.soluctem.com.co/api/submit.php on line 71
[07-May-2025 20:16:06 UTC] PHP Warning:  Undefined array key "sapFuncionario" in /home/soluctem/sistema.soluctem.com.co/api/submit.php on line 72
[07-May-2025 20:16:06 UTC] PHP Warning:  Undefined array key "timestamp" in /home/soluctem/sistema.soluctem.com.co/api/submit.php on line 73
[07-May-2025 20:16:06 UTC] PHP Warning:  Undefined array key "asistenciaReparacion" in /home/soluctem/sistema.soluctem.com.co/api/submit.php on line 74
[07-May-2025 20:16:06 UTC] PHP Warning:  Undefined array key "asistenciaGarantia" in /home/soluctem/sistema.soluctem.com.co/api/submit.php on line 75
[07-May-2025 20:16:06 UTC] PHP Warning:  Undefined array key "asistenciaAjuste" in /home/soluctem/sistema.soluctem.com.co/api/submit.php on line 76
[07-May-2025 20:16:06 UTC] PHP Warning:  Undefined array key "asistenciaModificacion" in /home/soluctem/sistema.soluctem.com.co/api/submit.php on line 77
[07-May-2025 20:16:06 UTC] PHP Warning:  Undefined array key "asistenciaServicio" in /home/soluctem/sistema.soluctem.com.co/api/submit.php on line 78
[07-May-2025 20:16:06 UTC] PHP Warning:  Undefined array key "asistenciaMejora" in /home/soluctem/sistema.soluctem.com.co/api/submit.php on line 79
[07-May-2025 20:16:06 UTC] PHP Warning:  Undefined array key "asistenciaCombinacion" in /home/soluctem/sistema.soluctem.com.co/api/submit.php on line 80
[07-May-2025 20:16:06 UTC] PHP Warning:  Undefined array key "fallaOperacion" in /home/soluctem/sistema.soluctem.com.co/api/submit.php on line 81
[07-May-2025 20:16:06 UTC] PHP Warning:  Undefined array key "fallaMecanica" in /home/soluctem/sistema.soluctem.com.co/api/submit.php on line 82
[07-May-2025 20:16:06 UTC] PHP Warning:  Undefined array key "fallaElectrica" in /home/soluctem/sistema.soluctem.com.co/api/submit.php on line 83
[07-May-2025 20:16:06 UTC] PHP Warning:  Undefined array key "fallaTerceros" in /home/soluctem/sistema.soluctem.com.co/api/submit.php on line 84
[07-May-2025 20:16:06 UTC] PHP Warning:  Undefined array key "fallaFabricacion" in /home/soluctem/sistema.soluctem.com.co/api/submit.php on line 85
[07-May-2025 20:16:06 UTC] PHP Warning:  Undefined array key "firma_digital_cliente" in /home/soluctem/sistema.soluctem.com.co/api/submit.php on line 86
[07-May-2025 20:16:06 UTC] PHP Warning:  Undefined array key "firma_digital_tecnico" in /home/soluctem/sistema.soluctem.com.co/api/submit.php on line 87
[08-May-2025 12:28:44 UTC] PHP Warning:  Undefined array key "nombreSolicitante" in /home/soluctem/sistema.soluctem.com.co/api/submit.php on line 28
[08-May-2025 12:28:44 UTC] PHP Warning:  Undefined array key "cargo" in /home/soluctem/sistema.soluctem.com.co/api/submit.php on line 29
[08-May-2025 12:28:44 UTC] PHP Warning:  Undefined array key "nombreTienda" in /home/soluctem/sistema.soluctem.com.co/api/submit.php on line 30
[08-May-2025 12:28:44 UTC] PHP Warning:  Undefined array key "numeroTienda" in /home/soluctem/sistema.soluctem.com.co/api/submit.php on line 31
[08-May-2025 12:28:44 UTC] PHP Warning:  Undefined array key "numeroTicket" in /home/soluctem/sistema.soluctem.com.co/api/submit.php on line 32
[08-May-2025 12:28:44 UTC] PHP Warning:  Undefined array key "fecha" in /home/soluctem/sistema.soluctem.com.co/api/submit.php on line 33
[08-May-2025 12:28:44 UTC] PHP Warning:  Undefined array key "municipio" in /home/soluctem/sistema.soluctem.com.co/api/submit.php on line 34
[08-May-2025 12:28:44 UTC] PHP Warning:  Undefined array key "departamento" in /home/soluctem/sistema.soluctem.com.co/api/submit.php on line 35
[08-May-2025 12:28:44 UTC] PHP Warning:  Undefined array key "nombreEquipo" in /home/soluctem/sistema.soluctem.com.co/api/submit.php on line 36
[08-May-2025 12:28:44 UTC] PHP Warning:  Undefined array key "marca" in /home/soluctem/sistema.soluctem.com.co/api/submit.php on line 37
[08-May-2025 12:28:44 UTC] PHP Warning:  Undefined array key "serial" in /home/soluctem/sistema.soluctem.com.co/api/submit.php on line 38
[08-May-2025 12:28:44 UTC] PHP Warning:  Undefined array key "descripcionFalla" in /home/soluctem/sistema.soluctem.com.co/api/submit.php on line 39
[08-May-2025 12:28:44 UTC] PHP Warning:  Undefined array key "diagnosticoTecnico" in /home/soluctem/sistema.soluctem.com.co/api/submit.php on line 40
[08-May-2025 12:28:44 UTC] PHP Warning:  Undefined array key "repuestosCambiados" in /home/soluctem/sistema.soluctem.com.co/api/submit.php on line 41
[08-May-2025 12:28:44 UTC] PHP Warning:  Undefined array key "observaciones" in /home/soluctem/sistema.soluctem.com.co/api/submit.php on line 42
[08-May-2025 12:28:44 UTC] PHP Warning:  Undefined array key "seguridadRiesgoAccidentalidad" in /home/soluctem/sistema.soluctem.com.co/api/submit.php on line 43
[08-May-2025 12:28:44 UTC] PHP Warning:  Undefined array key "seguridadRiesgoEquipo" in /home/soluctem/sistema.soluctem.com.co/api/submit.php on line 44
[08-May-2025 12:28:44 UTC] PHP Warning:  Undefined array key "funcionamientoFallaSolucionada" in /home/soluctem/sistema.soluctem.com.co/api/submit.php on line 45
[08-May-2025 12:28:44 UTC] PHP Warning:  Undefined array key "funcionamientoPasosNormales" in /home/soluctem/sistema.soluctem.com.co/api/submit.php on line 46
[08-May-2025 12:28:44 UTC] PHP Warning:  Undefined array key "calidadTrabajo" in /home/soluctem/sistema.soluctem.com.co/api/submit.php on line 47
[08-May-2025 12:28:44 UTC] PHP Warning:  Undefined array key "limpiezaOrganizacionArmado" in /home/soluctem/sistema.soluctem.com.co/api/submit.php on line 48
[08-May-2025 12:28:44 UTC] PHP Warning:  Undefined array key "limpiezaOrganizacionAseado" in /home/soluctem/sistema.soluctem.com.co/api/submit.php on line 49
[08-May-2025 12:28:44 UTC] PHP Warning:  Undefined array key "capacitacionCausa" in /home/soluctem/sistema.soluctem.com.co/api/submit.php on line 50
[08-May-2025 12:28:44 UTC] PHP Warning:  Undefined array key "capacitacionPrevencion" in /home/soluctem/sistema.soluctem.com.co/api/submit.php on line 51
[08-May-2025 12:28:44 UTC] PHP Warning:  Undefined array key "capacitacionAccion" in /home/soluctem/sistema.soluctem.com.co/api/submit.php on line 52
[08-May-2025 12:28:44 UTC] PHP Warning:  Undefined array key "contratista1" in /home/soluctem/sistema.soluctem.com.co/api/submit.php on line 53
[08-May-2025 12:28:44 UTC] PHP Warning:  Undefined array key "cedula1" in /home/soluctem/sistema.soluctem.com.co/api/submit.php on line 54
[08-May-2025 12:28:44 UTC] PHP Warning:  Undefined array key "horaEntrada1" in /home/soluctem/sistema.soluctem.com.co/api/submit.php on line 55
[08-May-2025 12:28:44 UTC] PHP Warning:  Undefined array key "horaSalida1" in /home/soluctem/sistema.soluctem.com.co/api/submit.php on line 56
[08-May-2025 12:28:44 UTC] PHP Warning:  Undefined array key "contratista2" in /home/soluctem/sistema.soluctem.com.co/api/submit.php on line 57
[08-May-2025 12:28:44 UTC] PHP Warning:  Undefined array key "cedula2" in /home/soluctem/sistema.soluctem.com.co/api/submit.php on line 58
[08-May-2025 12:28:44 UTC] PHP Warning:  Undefined array key "horaEntrada2" in /home/soluctem/sistema.soluctem.com.co/api/submit.php on line 59
[08-May-2025 12:28:44 UTC] PHP Warning:  Undefined array key "horaSalida2" in /home/soluctem/sistema.soluctem.com.co/api/submit.php on line 60
[08-May-2025 12:28:44 UTC] PHP Warning:  Undefined array key "contratista3" in /home/soluctem/sistema.soluctem.com.co/api/submit.php on line 61
[08-May-2025 12:28:44 UTC] PHP Warning:  Undefined array key "cedula3" in /home/soluctem/sistema.soluctem.com.co/api/submit.php on line 62
[08-May-2025 12:28:44 UTC] PHP Warning:  Undefined array key "horaEntrada3" in /home/soluctem/sistema.soluctem.com.co/api/submit.php on line 63
[08-May-2025 12:28:44 UTC] PHP Warning:  Undefined array key "horaSalida3" in /home/soluctem/sistema.soluctem.com.co/api/submit.php on line 64
[08-May-2025 12:28:44 UTC] PHP Warning:  Undefined array key "contratista4" in /home/soluctem/sistema.soluctem.com.co/api/submit.php on line 65
[08-May-2025 12:28:44 UTC] PHP Warning:  Undefined array key "cedula4" in /home/soluctem/sistema.soluctem.com.co/api/submit.php on line 66
[08-May-2025 12:28:44 UTC] PHP Warning:  Undefined array key "horaEntrada4" in /home/soluctem/sistema.soluctem.com.co/api/submit.php on line 67
[08-May-2025 12:28:44 UTC] PHP Warning:  Undefined array key "horaSalida4" in /home/soluctem/sistema.soluctem.com.co/api/submit.php on line 68
[08-May-2025 12:28:44 UTC] PHP Warning:  Undefined array key "nombreFuncionario" in /home/soluctem/sistema.soluctem.com.co/api/submit.php on line 69
[08-May-2025 12:28:44 UTC] PHP Warning:  Undefined array key "cedulaFuncionario" in /home/soluctem/sistema.soluctem.com.co/api/submit.php on line 70
[08-May-2025 12:28:44 UTC] PHP Warning:  Undefined array key "cargoFuncionario" in /home/soluctem/sistema.soluctem.com.co/api/submit.php on line 71
[08-May-2025 12:28:44 UTC] PHP Warning:  Undefined array key "sapFuncionario" in /home/soluctem/sistema.soluctem.com.co/api/submit.php on line 72
[08-May-2025 12:28:44 UTC] PHP Warning:  Undefined array key "timestamp" in /home/soluctem/sistema.soluctem.com.co/api/submit.php on line 73
[08-May-2025 12:28:44 UTC] PHP Warning:  Undefined array key "asistenciaReparacion" in /home/soluctem/sistema.soluctem.com.co/api/submit.php on line 74
[08-May-2025 12:28:44 UTC] PHP Warning:  Undefined array key "asistenciaGarantia" in /home/soluctem/sistema.soluctem.com.co/api/submit.php on line 75
[08-May-2025 12:28:44 UTC] PHP Warning:  Undefined array key "asistenciaAjuste" in /home/soluctem/sistema.soluctem.com.co/api/submit.php on line 76
[08-May-2025 12:28:44 UTC] PHP Warning:  Undefined array key "asistenciaModificacion" in /home/soluctem/sistema.soluctem.com.co/api/submit.php on line 77
[08-May-2025 12:28:44 UTC] PHP Warning:  Undefined array key "asistenciaServicio" in /home/soluctem/sistema.soluctem.com.co/api/submit.php on line 78
[08-May-2025 12:28:44 UTC] PHP Warning:  Undefined array key "asistenciaMejora" in /home/soluctem/sistema.soluctem.com.co/api/submit.php on line 79
[08-May-2025 12:28:44 UTC] PHP Warning:  Undefined array key "asistenciaCombinacion" in /home/soluctem/sistema.soluctem.com.co/api/submit.php on line 80
[08-May-2025 12:28:44 UTC] PHP Warning:  Undefined array key "fallaOperacion" in /home/soluctem/sistema.soluctem.com.co/api/submit.php on line 81
[08-May-2025 12:28:44 UTC] PHP Warning:  Undefined array key "fallaMecanica" in /home/soluctem/sistema.soluctem.com.co/api/submit.php on line 82
[08-May-2025 12:28:44 UTC] PHP Warning:  Undefined array key "fallaElectrica" in /home/soluctem/sistema.soluctem.com.co/api/submit.php on line 83
[08-May-2025 12:28:44 UTC] PHP Warning:  Undefined array key "fallaTerceros" in /home/soluctem/sistema.soluctem.com.co/api/submit.php on line 84
[08-May-2025 12:28:44 UTC] PHP Warning:  Undefined array key "fallaFabricacion" in /home/soluctem/sistema.soluctem.com.co/api/submit.php on line 85
[08-May-2025 12:28:44 UTC] PHP Warning:  Undefined array key "firma_digital_cliente" in /home/soluctem/sistema.soluctem.com.co/api/submit.php on line 86
[08-May-2025 12:28:44 UTC] PHP Warning:  Undefined array key "firma_digital_tecnico" in /home/soluctem/sistema.soluctem.com.co/api/submit.php on line 87
[08-May-2025 13:03:44 UTC] PHP Warning:  Undefined array key "nombreSolicitante" in /home/soluctem/sistema.soluctem.com.co/api/submit.php on line 28
[08-May-2025 13:03:44 UTC] PHP Warning:  Undefined array key "cargo" in /home/soluctem/sistema.soluctem.com.co/api/submit.php on line 29
[08-May-2025 13:03:44 UTC] PHP Warning:  Undefined array key "nombreTienda" in /home/soluctem/sistema.soluctem.com.co/api/submit.php on line 30
[08-May-2025 13:03:44 UTC] PHP Warning:  Undefined array key "numeroTienda" in /home/soluctem/sistema.soluctem.com.co/api/submit.php on line 31
[08-May-2025 13:03:44 UTC] PHP Warning:  Undefined array key "numeroTicket" in /home/soluctem/sistema.soluctem.com.co/api/submit.php on line 32
[08-May-2025 13:03:44 UTC] PHP Warning:  Undefined array key "fecha" in /home/soluctem/sistema.soluctem.com.co/api/submit.php on line 33
[08-May-2025 13:03:44 UTC] PHP Warning:  Undefined array key "municipio" in /home/soluctem/sistema.soluctem.com.co/api/submit.php on line 34
[08-May-2025 13:03:44 UTC] PHP Warning:  Undefined array key "departamento" in /home/soluctem/sistema.soluctem.com.co/api/submit.php on line 35
[08-May-2025 13:03:44 UTC] PHP Warning:  Undefined array key "nombreEquipo" in /home/soluctem/sistema.soluctem.com.co/api/submit.php on line 36
[08-May-2025 13:03:44 UTC] PHP Warning:  Undefined array key "marca" in /home/soluctem/sistema.soluctem.com.co/api/submit.php on line 37
[08-May-2025 13:03:44 UTC] PHP Warning:  Undefined array key "serial" in /home/soluctem/sistema.soluctem.com.co/api/submit.php on line 38
[08-May-2025 13:03:44 UTC] PHP Warning:  Undefined array key "descripcionFalla" in /home/soluctem/sistema.soluctem.com.co/api/submit.php on line 39
[08-May-2025 13:03:44 UTC] PHP Warning:  Undefined array key "diagnosticoTecnico" in /home/soluctem/sistema.soluctem.com.co/api/submit.php on line 40
[08-May-2025 13:03:44 UTC] PHP Warning:  Undefined array key "repuestosCambiados" in /home/soluctem/sistema.soluctem.com.co/api/submit.php on line 41
[08-May-2025 13:03:44 UTC] PHP Warning:  Undefined array key "observaciones" in /home/soluctem/sistema.soluctem.com.co/api/submit.php on line 42
[08-May-2025 13:03:44 UTC] PHP Warning:  Undefined array key "seguridadRiesgoAccidentalidad" in /home/soluctem/sistema.soluctem.com.co/api/submit.php on line 43
[08-May-2025 13:03:44 UTC] PHP Warning:  Undefined array key "seguridadRiesgoEquipo" in /home/soluctem/sistema.soluctem.com.co/api/submit.php on line 44
[08-May-2025 13:03:44 UTC] PHP Warning:  Undefined array key "funcionamientoFallaSolucionada" in /home/soluctem/sistema.soluctem.com.co/api/submit.php on line 45
[08-May-2025 13:03:44 UTC] PHP Warning:  Undefined array key "funcionamientoPasosNormales" in /home/soluctem/sistema.soluctem.com.co/api/submit.php on line 46
[08-May-2025 13:03:44 UTC] PHP Warning:  Undefined array key "calidadTrabajo" in /home/soluctem/sistema.soluctem.com.co/api/submit.php on line 47
[08-May-2025 13:03:44 UTC] PHP Warning:  Undefined array key "limpiezaOrganizacionArmado" in /home/soluctem/sistema.soluctem.com.co/api/submit.php on line 48
[08-May-2025 13:03:44 UTC] PHP Warning:  Undefined array key "limpiezaOrganizacionAseado" in /home/soluctem/sistema.soluctem.com.co/api/submit.php on line 49
[08-May-2025 13:03:44 UTC] PHP Warning:  Undefined array key "capacitacionCausa" in /home/soluctem/sistema.soluctem.com.co/api/submit.php on line 50
[08-May-2025 13:03:44 UTC] PHP Warning:  Undefined array key "capacitacionPrevencion" in /home/soluctem/sistema.soluctem.com.co/api/submit.php on line 51
[08-May-2025 13:03:44 UTC] PHP Warning:  Undefined array key "capacitacionAccion" in /home/soluctem/sistema.soluctem.com.co/api/submit.php on line 52
[08-May-2025 13:03:44 UTC] PHP Warning:  Undefined array key "contratista1" in /home/soluctem/sistema.soluctem.com.co/api/submit.php on line 53
[08-May-2025 13:03:44 UTC] PHP Warning:  Undefined array key "cedula1" in /home/soluctem/sistema.soluctem.com.co/api/submit.php on line 54
[08-May-2025 13:03:44 UTC] PHP Warning:  Undefined array key "horaEntrada1" in /home/soluctem/sistema.soluctem.com.co/api/submit.php on line 55
[08-May-2025 13:03:44 UTC] PHP Warning:  Undefined array key "horaSalida1" in /home/soluctem/sistema.soluctem.com.co/api/submit.php on line 56
[08-May-2025 13:03:44 UTC] PHP Warning:  Undefined array key "contratista2" in /home/soluctem/sistema.soluctem.com.co/api/submit.php on line 57
[08-May-2025 13:03:44 UTC] PHP Warning:  Undefined array key "cedula2" in /home/soluctem/sistema.soluctem.com.co/api/submit.php on line 58
[08-May-2025 13:03:44 UTC] PHP Warning:  Undefined array key "horaEntrada2" in /home/soluctem/sistema.soluctem.com.co/api/submit.php on line 59
[08-May-2025 13:03:44 UTC] PHP Warning:  Undefined array key "horaSalida2" in /home/soluctem/sistema.soluctem.com.co/api/submit.php on line 60
[08-May-2025 13:03:44 UTC] PHP Warning:  Undefined array key "contratista3" in /home/soluctem/sistema.soluctem.com.co/api/submit.php on line 61
[08-May-2025 13:03:44 UTC] PHP Warning:  Undefined array key "cedula3" in /home/soluctem/sistema.soluctem.com.co/api/submit.php on line 62
[08-May-2025 13:03:44 UTC] PHP Warning:  Undefined array key "horaEntrada3" in /home/soluctem/sistema.soluctem.com.co/api/submit.php on line 63
[08-May-2025 13:03:44 UTC] PHP Warning:  Undefined array key "horaSalida3" in /home/soluctem/sistema.soluctem.com.co/api/submit.php on line 64
[08-May-2025 13:03:44 UTC] PHP Warning:  Undefined array key "contratista4" in /home/soluctem/sistema.soluctem.com.co/api/submit.php on line 65
[08-May-2025 13:03:44 UTC] PHP Warning:  Undefined array key "cedula4" in /home/soluctem/sistema.soluctem.com.co/api/submit.php on line 66
[08-May-2025 13:03:44 UTC] PHP Warning:  Undefined array key "horaEntrada4" in /home/soluctem/sistema.soluctem.com.co/api/submit.php on line 67
[08-May-2025 13:03:44 UTC] PHP Warning:  Undefined array key "horaSalida4" in /home/soluctem/sistema.soluctem.com.co/api/submit.php on line 68
[08-May-2025 13:03:44 UTC] PHP Warning:  Undefined array key "nombreFuncionario" in /home/soluctem/sistema.soluctem.com.co/api/submit.php on line 69
[08-May-2025 13:03:44 UTC] PHP Warning:  Undefined array key "cedulaFuncionario" in /home/soluctem/sistema.soluctem.com.co/api/submit.php on line 70
[08-May-2025 13:03:44 UTC] PHP Warning:  Undefined array key "cargoFuncionario" in /home/soluctem/sistema.soluctem.com.co/api/submit.php on line 71
[08-May-2025 13:03:44 UTC] PHP Warning:  Undefined array key "sapFuncionario" in /home/soluctem/sistema.soluctem.com.co/api/submit.php on line 72
[08-May-2025 13:03:44 UTC] PHP Warning:  Undefined array key "timestamp" in /home/soluctem/sistema.soluctem.com.co/api/submit.php on line 73
[08-May-2025 13:03:44 UTC] PHP Warning:  Undefined array key "asistenciaReparacion" in /home/soluctem/sistema.soluctem.com.co/api/submit.php on line 74
[08-May-2025 13:03:44 UTC] PHP Warning:  Undefined array key "asistenciaGarantia" in /home/soluctem/sistema.soluctem.com.co/api/submit.php on line 75
[08-May-2025 13:03:44 UTC] PHP Warning:  Undefined array key "asistenciaAjuste" in /home/soluctem/sistema.soluctem.com.co/api/submit.php on line 76
[08-May-2025 13:03:44 UTC] PHP Warning:  Undefined array key "asistenciaModificacion" in /home/soluctem/sistema.soluctem.com.co/api/submit.php on line 77
[08-May-2025 13:03:44 UTC] PHP Warning:  Undefined array key "asistenciaServicio" in /home/soluctem/sistema.soluctem.com.co/api/submit.php on line 78
[08-May-2025 13:03:44 UTC] PHP Warning:  Undefined array key "asistenciaMejora" in /home/soluctem/sistema.soluctem.com.co/api/submit.php on line 79
[08-May-2025 13:03:44 UTC] PHP Warning:  Undefined array key "asistenciaCombinacion" in /home/soluctem/sistema.soluctem.com.co/api/submit.php on line 80
[08-May-2025 13:03:44 UTC] PHP Warning:  Undefined array key "fallaOperacion" in /home/soluctem/sistema.soluctem.com.co/api/submit.php on line 81
[08-May-2025 13:03:44 UTC] PHP Warning:  Undefined array key "fallaMecanica" in /home/soluctem/sistema.soluctem.com.co/api/submit.php on line 82
[08-May-2025 13:03:44 UTC] PHP Warning:  Undefined array key "fallaElectrica" in /home/soluctem/sistema.soluctem.com.co/api/submit.php on line 83
[08-May-2025 13:03:44 UTC] PHP Warning:  Undefined array key "fallaTerceros" in /home/soluctem/sistema.soluctem.com.co/api/submit.php on line 84
[08-May-2025 13:03:44 UTC] PHP Warning:  Undefined array key "fallaFabricacion" in /home/soluctem/sistema.soluctem.com.co/api/submit.php on line 85
[08-May-2025 13:03:44 UTC] PHP Warning:  Undefined array key "firma_digital_cliente" in /home/soluctem/sistema.soluctem.com.co/api/submit.php on line 86
[08-May-2025 13:03:44 UTC] PHP Warning:  Undefined array key "firma_digital_tecnico" in /home/soluctem/sistema.soluctem.com.co/api/submit.php on line 87
[15-May-2025 01:00:37 UTC] PHP Warning:  Undefined array key "nombreSolicitante" in /home/soluctem/sistema.soluctem.com.co/api/submit.php on line 28
[15-May-2025 01:00:37 UTC] PHP Warning:  Undefined array key "cargo" in /home/soluctem/sistema.soluctem.com.co/api/submit.php on line 29
[15-May-2025 01:00:37 UTC] PHP Warning:  Undefined array key "nombreTienda" in /home/soluctem/sistema.soluctem.com.co/api/submit.php on line 30
[15-May-2025 01:00:37 UTC] PHP Warning:  Undefined array key "numeroTienda" in /home/soluctem/sistema.soluctem.com.co/api/submit.php on line 31
[15-May-2025 01:00:37 UTC] PHP Warning:  Undefined array key "numeroTicket" in /home/soluctem/sistema.soluctem.com.co/api/submit.php on line 32
[15-May-2025 01:00:37 UTC] PHP Warning:  Undefined array key "fecha" in /home/soluctem/sistema.soluctem.com.co/api/submit.php on line 33
[15-May-2025 01:00:37 UTC] PHP Warning:  Undefined array key "municipio" in /home/soluctem/sistema.soluctem.com.co/api/submit.php on line 34
[15-May-2025 01:00:37 UTC] PHP Warning:  Undefined array key "departamento" in /home/soluctem/sistema.soluctem.com.co/api/submit.php on line 35
[15-May-2025 01:00:37 UTC] PHP Warning:  Undefined array key "nombreEquipo" in /home/soluctem/sistema.soluctem.com.co/api/submit.php on line 36
[15-May-2025 01:00:37 UTC] PHP Warning:  Undefined array key "marca" in /home/soluctem/sistema.soluctem.com.co/api/submit.php on line 37
[15-May-2025 01:00:37 UTC] PHP Warning:  Undefined array key "serial" in /home/soluctem/sistema.soluctem.com.co/api/submit.php on line 38
[15-May-2025 01:00:37 UTC] PHP Warning:  Undefined array key "descripcionFalla" in /home/soluctem/sistema.soluctem.com.co/api/submit.php on line 39
[15-May-2025 01:00:37 UTC] PHP Warning:  Undefined array key "diagnosticoTecnico" in /home/soluctem/sistema.soluctem.com.co/api/submit.php on line 40
[15-May-2025 01:00:37 UTC] PHP Warning:  Undefined array key "repuestosCambiados" in /home/soluctem/sistema.soluctem.com.co/api/submit.php on line 41
[15-May-2025 01:00:37 UTC] PHP Warning:  Undefined array key "observaciones" in /home/soluctem/sistema.soluctem.com.co/api/submit.php on line 42
[15-May-2025 01:00:37 UTC] PHP Warning:  Undefined array key "seguridadRiesgoAccidentalidad" in /home/soluctem/sistema.soluctem.com.co/api/submit.php on line 43
[15-May-2025 01:00:37 UTC] PHP Warning:  Undefined array key "seguridadRiesgoEquipo" in /home/soluctem/sistema.soluctem.com.co/api/submit.php on line 44
[15-May-2025 01:00:37 UTC] PHP Warning:  Undefined array key "funcionamientoFallaSolucionada" in /home/soluctem/sistema.soluctem.com.co/api/submit.php on line 45
[15-May-2025 01:00:37 UTC] PHP Warning:  Undefined array key "funcionamientoPasosNormales" in /home/soluctem/sistema.soluctem.com.co/api/submit.php on line 46
[15-May-2025 01:00:37 UTC] PHP Warning:  Undefined array key "calidadTrabajo" in /home/soluctem/sistema.soluctem.com.co/api/submit.php on line 47
[15-May-2025 01:00:37 UTC] PHP Warning:  Undefined array key "limpiezaOrganizacionArmado" in /home/soluctem/sistema.soluctem.com.co/api/submit.php on line 48
[15-May-2025 01:00:37 UTC] PHP Warning:  Undefined array key "limpiezaOrganizacionAseado" in /home/soluctem/sistema.soluctem.com.co/api/submit.php on line 49
[15-May-2025 01:00:37 UTC] PHP Warning:  Undefined array key "capacitacionCausa" in /home/soluctem/sistema.soluctem.com.co/api/submit.php on line 50
[15-May-2025 01:00:37 UTC] PHP Warning:  Undefined array key "capacitacionPrevencion" in /home/soluctem/sistema.soluctem.com.co/api/submit.php on line 51
[15-May-2025 01:00:37 UTC] PHP Warning:  Undefined array key "capacitacionAccion" in /home/soluctem/sistema.soluctem.com.co/api/submit.php on line 52
[15-May-2025 01:00:37 UTC] PHP Warning:  Undefined array key "contratista1" in /home/soluctem/sistema.soluctem.com.co/api/submit.php on line 53
[15-May-2025 01:00:37 UTC] PHP Warning:  Undefined array key "cedula1" in /home/soluctem/sistema.soluctem.com.co/api/submit.php on line 54
[15-May-2025 01:00:37 UTC] PHP Warning:  Undefined array key "horaEntrada1" in /home/soluctem/sistema.soluctem.com.co/api/submit.php on line 55
[15-May-2025 01:00:37 UTC] PHP Warning:  Undefined array key "horaSalida1" in /home/soluctem/sistema.soluctem.com.co/api/submit.php on line 56
[15-May-2025 01:00:37 UTC] PHP Warning:  Undefined array key "contratista2" in /home/soluctem/sistema.soluctem.com.co/api/submit.php on line 57
[15-May-2025 01:00:37 UTC] PHP Warning:  Undefined array key "cedula2" in /home/soluctem/sistema.soluctem.com.co/api/submit.php on line 58
[15-May-2025 01:00:37 UTC] PHP Warning:  Undefined array key "horaEntrada2" in /home/soluctem/sistema.soluctem.com.co/api/submit.php on line 59
[15-May-2025 01:00:37 UTC] PHP Warning:  Undefined array key "horaSalida2" in /home/soluctem/sistema.soluctem.com.co/api/submit.php on line 60
[15-May-2025 01:00:37 UTC] PHP Warning:  Undefined array key "contratista3" in /home/soluctem/sistema.soluctem.com.co/api/submit.php on line 61
[15-May-2025 01:00:37 UTC] PHP Warning:  Undefined array key "cedula3" in /home/soluctem/sistema.soluctem.com.co/api/submit.php on line 62
[15-May-2025 01:00:37 UTC] PHP Warning:  Undefined array key "horaEntrada3" in /home/soluctem/sistema.soluctem.com.co/api/submit.php on line 63
[15-May-2025 01:00:37 UTC] PHP Warning:  Undefined array key "horaSalida3" in /home/soluctem/sistema.soluctem.com.co/api/submit.php on line 64
[15-May-2025 01:00:37 UTC] PHP Warning:  Undefined array key "contratista4" in /home/soluctem/sistema.soluctem.com.co/api/submit.php on line 65
[15-May-2025 01:00:37 UTC] PHP Warning:  Undefined array key "cedula4" in /home/soluctem/sistema.soluctem.com.co/api/submit.php on line 66
[15-May-2025 01:00:37 UTC] PHP Warning:  Undefined array key "horaEntrada4" in /home/soluctem/sistema.soluctem.com.co/api/submit.php on line 67
[15-May-2025 01:00:37 UTC] PHP Warning:  Undefined array key "horaSalida4" in /home/soluctem/sistema.soluctem.com.co/api/submit.php on line 68
[15-May-2025 01:00:37 UTC] PHP Warning:  Undefined array key "nombreFuncionario" in /home/soluctem/sistema.soluctem.com.co/api/submit.php on line 69
[15-May-2025 01:00:37 UTC] PHP Warning:  Undefined array key "cedulaFuncionario" in /home/soluctem/sistema.soluctem.com.co/api/submit.php on line 70
[15-May-2025 01:00:37 UTC] PHP Warning:  Undefined array key "cargoFuncionario" in /home/soluctem/sistema.soluctem.com.co/api/submit.php on line 71
[15-May-2025 01:00:37 UTC] PHP Warning:  Undefined array key "sapFuncionario" in /home/soluctem/sistema.soluctem.com.co/api/submit.php on line 72
[15-May-2025 01:00:37 UTC] PHP Warning:  Undefined array key "timestamp" in /home/soluctem/sistema.soluctem.com.co/api/submit.php on line 73
[15-May-2025 01:00:37 UTC] PHP Warning:  Undefined array key "asistenciaReparacion" in /home/soluctem/sistema.soluctem.com.co/api/submit.php on line 74
[15-May-2025 01:00:37 UTC] PHP Warning:  Undefined array key "asistenciaGarantia" in /home/soluctem/sistema.soluctem.com.co/api/submit.php on line 75
[15-May-2025 01:00:37 UTC] PHP Warning:  Undefined array key "asistenciaAjuste" in /home/soluctem/sistema.soluctem.com.co/api/submit.php on line 76
[15-May-2025 01:00:37 UTC] PHP Warning:  Undefined array key "asistenciaModificacion" in /home/soluctem/sistema.soluctem.com.co/api/submit.php on line 77
[15-May-2025 01:00:37 UTC] PHP Warning:  Undefined array key "asistenciaServicio" in /home/soluctem/sistema.soluctem.com.co/api/submit.php on line 78
[15-May-2025 01:00:37 UTC] PHP Warning:  Undefined array key "asistenciaMejora" in /home/soluctem/sistema.soluctem.com.co/api/submit.php on line 79
[15-May-2025 01:00:37 UTC] PHP Warning:  Undefined array key "asistenciaCombinacion" in /home/soluctem/sistema.soluctem.com.co/api/submit.php on line 80
[15-May-2025 01:00:37 UTC] PHP Warning:  Undefined array key "fallaOperacion" in /home/soluctem/sistema.soluctem.com.co/api/submit.php on line 81
[15-May-2025 01:00:37 UTC] PHP Warning:  Undefined array key "fallaMecanica" in /home/soluctem/sistema.soluctem.com.co/api/submit.php on line 82
[15-May-2025 01:00:37 UTC] PHP Warning:  Undefined array key "fallaElectrica" in /home/soluctem/sistema.soluctem.com.co/api/submit.php on line 83
[15-May-2025 01:00:37 UTC] PHP Warning:  Undefined array key "fallaTerceros" in /home/soluctem/sistema.soluctem.com.co/api/submit.php on line 84
[15-May-2025 01:00:37 UTC] PHP Warning:  Undefined array key "fallaFabricacion" in /home/soluctem/sistema.soluctem.com.co/api/submit.php on line 85
[15-May-2025 01:00:37 UTC] PHP Warning:  Undefined array key "firma_digital_cliente" in /home/soluctem/sistema.soluctem.com.co/api/submit.php on line 86
[15-May-2025 01:00:37 UTC] PHP Warning:  Undefined array key "firma_digital_tecnico" in /home/soluctem/sistema.soluctem.com.co/api/submit.php on line 87
[20-May-2025 20:52:30 UTC] PHP Warning:  Undefined array key "nombreSolicitante" in /home/soluctem/sistema.soluctem.com.co/api/submit.php on line 28
[20-May-2025 20:52:30 UTC] PHP Warning:  Undefined array key "cargo" in /home/soluctem/sistema.soluctem.com.co/api/submit.php on line 29
[20-May-2025 20:52:30 UTC] PHP Warning:  Undefined array key "nombreTienda" in /home/soluctem/sistema.soluctem.com.co/api/submit.php on line 30
[20-May-2025 20:52:30 UTC] PHP Warning:  Undefined array key "numeroTienda" in /home/soluctem/sistema.soluctem.com.co/api/submit.php on line 31
[20-May-2025 20:52:30 UTC] PHP Warning:  Undefined array key "numeroTicket" in /home/soluctem/sistema.soluctem.com.co/api/submit.php on line 32
[20-May-2025 20:52:30 UTC] PHP Warning:  Undefined array key "fecha" in /home/soluctem/sistema.soluctem.com.co/api/submit.php on line 33
[20-May-2025 20:52:30 UTC] PHP Warning:  Undefined array key "municipio" in /home/soluctem/sistema.soluctem.com.co/api/submit.php on line 34
[20-May-2025 20:52:30 UTC] PHP Warning:  Undefined array key "departamento" in /home/soluctem/sistema.soluctem.com.co/api/submit.php on line 35
[20-May-2025 20:52:30 UTC] PHP Warning:  Undefined array key "nombreEquipo" in /home/soluctem/sistema.soluctem.com.co/api/submit.php on line 36
[20-May-2025 20:52:30 UTC] PHP Warning:  Undefined array key "marca" in /home/soluctem/sistema.soluctem.com.co/api/submit.php on line 37
[20-May-2025 20:52:30 UTC] PHP Warning:  Undefined array key "serial" in /home/soluctem/sistema.soluctem.com.co/api/submit.php on line 38
[20-May-2025 20:52:30 UTC] PHP Warning:  Undefined array key "descripcionFalla" in /home/soluctem/sistema.soluctem.com.co/api/submit.php on line 39
[20-May-2025 20:52:30 UTC] PHP Warning:  Undefined array key "diagnosticoTecnico" in /home/soluctem/sistema.soluctem.com.co/api/submit.php on line 40
[20-May-2025 20:52:30 UTC] PHP Warning:  Undefined array key "repuestosCambiados" in /home/soluctem/sistema.soluctem.com.co/api/submit.php on line 41
[20-May-2025 20:52:30 UTC] PHP Warning:  Undefined array key "observaciones" in /home/soluctem/sistema.soluctem.com.co/api/submit.php on line 42
[20-May-2025 20:52:30 UTC] PHP Warning:  Undefined array key "seguridadRiesgoAccidentalidad" in /home/soluctem/sistema.soluctem.com.co/api/submit.php on line 43
[20-May-2025 20:52:30 UTC] PHP Warning:  Undefined array key "seguridadRiesgoEquipo" in /home/soluctem/sistema.soluctem.com.co/api/submit.php on line 44
[20-May-2025 20:52:30 UTC] PHP Warning:  Undefined array key "funcionamientoFallaSolucionada" in /home/soluctem/sistema.soluctem.com.co/api/submit.php on line 45
[20-May-2025 20:52:30 UTC] PHP Warning:  Undefined array key "funcionamientoPasosNormales" in /home/soluctem/sistema.soluctem.com.co/api/submit.php on line 46
[20-May-2025 20:52:30 UTC] PHP Warning:  Undefined array key "calidadTrabajo" in /home/soluctem/sistema.soluctem.com.co/api/submit.php on line 47
[20-May-2025 20:52:30 UTC] PHP Warning:  Undefined array key "limpiezaOrganizacionArmado" in /home/soluctem/sistema.soluctem.com.co/api/submit.php on line 48
[20-May-2025 20:52:30 UTC] PHP Warning:  Undefined array key "limpiezaOrganizacionAseado" in /home/soluctem/sistema.soluctem.com.co/api/submit.php on line 49
[20-May-2025 20:52:30 UTC] PHP Warning:  Undefined array key "capacitacionCausa" in /home/soluctem/sistema.soluctem.com.co/api/submit.php on line 50
[20-May-2025 20:52:30 UTC] PHP Warning:  Undefined array key "capacitacionPrevencion" in /home/soluctem/sistema.soluctem.com.co/api/submit.php on line 51
[20-May-2025 20:52:30 UTC] PHP Warning:  Undefined array key "capacitacionAccion" in /home/soluctem/sistema.soluctem.com.co/api/submit.php on line 52
[20-May-2025 20:52:30 UTC] PHP Warning:  Undefined array key "contratista1" in /home/soluctem/sistema.soluctem.com.co/api/submit.php on line 53
[20-May-2025 20:52:30 UTC] PHP Warning:  Undefined array key "cedula1" in /home/soluctem/sistema.soluctem.com.co/api/submit.php on line 54
[20-May-2025 20:52:30 UTC] PHP Warning:  Undefined array key "horaEntrada1" in /home/soluctem/sistema.soluctem.com.co/api/submit.php on line 55
[20-May-2025 20:52:30 UTC] PHP Warning:  Undefined array key "horaSalida1" in /home/soluctem/sistema.soluctem.com.co/api/submit.php on line 56
[20-May-2025 20:52:30 UTC] PHP Warning:  Undefined array key "contratista2" in /home/soluctem/sistema.soluctem.com.co/api/submit.php on line 57
[20-May-2025 20:52:30 UTC] PHP Warning:  Undefined array key "cedula2" in /home/soluctem/sistema.soluctem.com.co/api/submit.php on line 58
[20-May-2025 20:52:30 UTC] PHP Warning:  Undefined array key "horaEntrada2" in /home/soluctem/sistema.soluctem.com.co/api/submit.php on line 59
[20-May-2025 20:52:30 UTC] PHP Warning:  Undefined array key "horaSalida2" in /home/soluctem/sistema.soluctem.com.co/api/submit.php on line 60
[20-May-2025 20:52:30 UTC] PHP Warning:  Undefined array key "contratista3" in /home/soluctem/sistema.soluctem.com.co/api/submit.php on line 61
[20-May-2025 20:52:30 UTC] PHP Warning:  Undefined array key "cedula3" in /home/soluctem/sistema.soluctem.com.co/api/submit.php on line 62
[20-May-2025 20:52:30 UTC] PHP Warning:  Undefined array key "horaEntrada3" in /home/soluctem/sistema.soluctem.com.co/api/submit.php on line 63
[20-May-2025 20:52:30 UTC] PHP Warning:  Undefined array key "horaSalida3" in /home/soluctem/sistema.soluctem.com.co/api/submit.php on line 64
[20-May-2025 20:52:30 UTC] PHP Warning:  Undefined array key "contratista4" in /home/soluctem/sistema.soluctem.com.co/api/submit.php on line 65
[20-May-2025 20:52:30 UTC] PHP Warning:  Undefined array key "cedula4" in /home/soluctem/sistema.soluctem.com.co/api/submit.php on line 66
[20-May-2025 20:52:30 UTC] PHP Warning:  Undefined array key "horaEntrada4" in /home/soluctem/sistema.soluctem.com.co/api/submit.php on line 67
[20-May-2025 20:52:30 UTC] PHP Warning:  Undefined array key "horaSalida4" in /home/soluctem/sistema.soluctem.com.co/api/submit.php on line 68
[20-May-2025 20:52:30 UTC] PHP Warning:  Undefined array key "nombreFuncionario" in /home/soluctem/sistema.soluctem.com.co/api/submit.php on line 69
[20-May-2025 20:52:30 UTC] PHP Warning:  Undefined array key "cedulaFuncionario" in /home/soluctem/sistema.soluctem.com.co/api/submit.php on line 70
[20-May-2025 20:52:30 UTC] PHP Warning:  Undefined array key "cargoFuncionario" in /home/soluctem/sistema.soluctem.com.co/api/submit.php on line 71
[20-May-2025 20:52:30 UTC] PHP Warning:  Undefined array key "sapFuncionario" in /home/soluctem/sistema.soluctem.com.co/api/submit.php on line 72
[20-May-2025 20:52:30 UTC] PHP Warning:  Undefined array key "timestamp" in /home/soluctem/sistema.soluctem.com.co/api/submit.php on line 73
[20-May-2025 20:52:30 UTC] PHP Warning:  Undefined array key "asistenciaReparacion" in /home/soluctem/sistema.soluctem.com.co/api/submit.php on line 74
[20-May-2025 20:52:30 UTC] PHP Warning:  Undefined array key "asistenciaGarantia" in /home/soluctem/sistema.soluctem.com.co/api/submit.php on line 75
[20-May-2025 20:52:30 UTC] PHP Warning:  Undefined array key "asistenciaAjuste" in /home/soluctem/sistema.soluctem.com.co/api/submit.php on line 76
[20-May-2025 20:52:30 UTC] PHP Warning:  Undefined array key "asistenciaModificacion" in /home/soluctem/sistema.soluctem.com.co/api/submit.php on line 77
[20-May-2025 20:52:30 UTC] PHP Warning:  Undefined array key "asistenciaServicio" in /home/soluctem/sistema.soluctem.com.co/api/submit.php on line 78
[20-May-2025 20:52:30 UTC] PHP Warning:  Undefined array key "asistenciaMejora" in /home/soluctem/sistema.soluctem.com.co/api/submit.php on line 79
[20-May-2025 20:52:30 UTC] PHP Warning:  Undefined array key "asistenciaCombinacion" in /home/soluctem/sistema.soluctem.com.co/api/submit.php on line 80
[20-May-2025 20:52:30 UTC] PHP Warning:  Undefined array key "fallaOperacion" in /home/soluctem/sistema.soluctem.com.co/api/submit.php on line 81
[20-May-2025 20:52:30 UTC] PHP Warning:  Undefined array key "fallaMecanica" in /home/soluctem/sistema.soluctem.com.co/api/submit.php on line 82
[20-May-2025 20:52:30 UTC] PHP Warning:  Undefined array key "fallaElectrica" in /home/soluctem/sistema.soluctem.com.co/api/submit.php on line 83
[20-May-2025 20:52:30 UTC] PHP Warning:  Undefined array key "fallaTerceros" in /home/soluctem/sistema.soluctem.com.co/api/submit.php on line 84
[20-May-2025 20:52:30 UTC] PHP Warning:  Undefined array key "fallaFabricacion" in /home/soluctem/sistema.soluctem.com.co/api/submit.php on line 85
[20-May-2025 20:52:30 UTC] PHP Warning:  Undefined array key "firma_digital_cliente" in /home/soluctem/sistema.soluctem.com.co/api/submit.php on line 86
[20-May-2025 20:52:30 UTC] PHP Warning:  Undefined array key "firma_digital_tecnico" in /home/soluctem/sistema.soluctem.com.co/api/submit.php on line 87
[17-Jun-2025 19:50:31 UTC] PHP Warning:  Undefined array key "nombreSolicitante" in /home/soluctem/sistema.soluctem.com.co/api/submit.php on line 28
[17-Jun-2025 19:50:31 UTC] PHP Warning:  Undefined array key "cargo" in /home/soluctem/sistema.soluctem.com.co/api/submit.php on line 29
[17-Jun-2025 19:50:31 UTC] PHP Warning:  Undefined array key "nombreTienda" in /home/soluctem/sistema.soluctem.com.co/api/submit.php on line 30
[17-Jun-2025 19:50:31 UTC] PHP Warning:  Undefined array key "numeroTienda" in /home/soluctem/sistema.soluctem.com.co/api/submit.php on line 31
[17-Jun-2025 19:50:31 UTC] PHP Warning:  Undefined array key "numeroTicket" in /home/soluctem/sistema.soluctem.com.co/api/submit.php on line 32
[17-Jun-2025 19:50:31 UTC] PHP Warning:  Undefined array key "fecha" in /home/soluctem/sistema.soluctem.com.co/api/submit.php on line 33
[17-Jun-2025 19:50:31 UTC] PHP Warning:  Undefined array key "municipio" in /home/soluctem/sistema.soluctem.com.co/api/submit.php on line 34
[17-Jun-2025 19:50:31 UTC] PHP Warning:  Undefined array key "departamento" in /home/soluctem/sistema.soluctem.com.co/api/submit.php on line 35
[17-Jun-2025 19:50:31 UTC] PHP Warning:  Undefined array key "nombreEquipo" in /home/soluctem/sistema.soluctem.com.co/api/submit.php on line 36
[17-Jun-2025 19:50:31 UTC] PHP Warning:  Undefined array key "marca" in /home/soluctem/sistema.soluctem.com.co/api/submit.php on line 37
[17-Jun-2025 19:50:31 UTC] PHP Warning:  Undefined array key "serial" in /home/soluctem/sistema.soluctem.com.co/api/submit.php on line 38
[17-Jun-2025 19:50:31 UTC] PHP Warning:  Undefined array key "descripcionFalla" in /home/soluctem/sistema.soluctem.com.co/api/submit.php on line 39
[17-Jun-2025 19:50:31 UTC] PHP Warning:  Undefined array key "diagnosticoTecnico" in /home/soluctem/sistema.soluctem.com.co/api/submit.php on line 40
[17-Jun-2025 19:50:31 UTC] PHP Warning:  Undefined array key "repuestosCambiados" in /home/soluctem/sistema.soluctem.com.co/api/submit.php on line 41
[17-Jun-2025 19:50:31 UTC] PHP Warning:  Undefined array key "observaciones" in /home/soluctem/sistema.soluctem.com.co/api/submit.php on line 42
[17-Jun-2025 19:50:31 UTC] PHP Warning:  Undefined array key "seguridadRiesgoAccidentalidad" in /home/soluctem/sistema.soluctem.com.co/api/submit.php on line 43
[17-Jun-2025 19:50:31 UTC] PHP Warning:  Undefined array key "seguridadRiesgoEquipo" in /home/soluctem/sistema.soluctem.com.co/api/submit.php on line 44
[17-Jun-2025 19:50:31 UTC] PHP Warning:  Undefined array key "funcionamientoFallaSolucionada" in /home/soluctem/sistema.soluctem.com.co/api/submit.php on line 45
[17-Jun-2025 19:50:31 UTC] PHP Warning:  Undefined array key "funcionamientoPasosNormales" in /home/soluctem/sistema.soluctem.com.co/api/submit.php on line 46
[17-Jun-2025 19:50:31 UTC] PHP Warning:  Undefined array key "calidadTrabajo" in /home/soluctem/sistema.soluctem.com.co/api/submit.php on line 47
[17-Jun-2025 19:50:31 UTC] PHP Warning:  Undefined array key "limpiezaOrganizacionArmado" in /home/soluctem/sistema.soluctem.com.co/api/submit.php on line 48
[17-Jun-2025 19:50:31 UTC] PHP Warning:  Undefined array key "limpiezaOrganizacionAseado" in /home/soluctem/sistema.soluctem.com.co/api/submit.php on line 49
[17-Jun-2025 19:50:31 UTC] PHP Warning:  Undefined array key "capacitacionCausa" in /home/soluctem/sistema.soluctem.com.co/api/submit.php on line 50
[17-Jun-2025 19:50:31 UTC] PHP Warning:  Undefined array key "capacitacionPrevencion" in /home/soluctem/sistema.soluctem.com.co/api/submit.php on line 51
[17-Jun-2025 19:50:31 UTC] PHP Warning:  Undefined array key "capacitacionAccion" in /home/soluctem/sistema.soluctem.com.co/api/submit.php on line 52
[17-Jun-2025 19:50:31 UTC] PHP Warning:  Undefined array key "contratista1" in /home/soluctem/sistema.soluctem.com.co/api/submit.php on line 53
[17-Jun-2025 19:50:31 UTC] PHP Warning:  Undefined array key "cedula1" in /home/soluctem/sistema.soluctem.com.co/api/submit.php on line 54
[17-Jun-2025 19:50:31 UTC] PHP Warning:  Undefined array key "horaEntrada1" in /home/soluctem/sistema.soluctem.com.co/api/submit.php on line 55
[17-Jun-2025 19:50:31 UTC] PHP Warning:  Undefined array key "horaSalida1" in /home/soluctem/sistema.soluctem.com.co/api/submit.php on line 56
[17-Jun-2025 19:50:31 UTC] PHP Warning:  Undefined array key "contratista2" in /home/soluctem/sistema.soluctem.com.co/api/submit.php on line 57
[17-Jun-2025 19:50:31 UTC] PHP Warning:  Undefined array key "cedula2" in /home/soluctem/sistema.soluctem.com.co/api/submit.php on line 58
[17-Jun-2025 19:50:31 UTC] PHP Warning:  Undefined array key "horaEntrada2" in /home/soluctem/sistema.soluctem.com.co/api/submit.php on line 59
[17-Jun-2025 19:50:31 UTC] PHP Warning:  Undefined array key "horaSalida2" in /home/soluctem/sistema.soluctem.com.co/api/submit.php on line 60
[17-Jun-2025 19:50:31 UTC] PHP Warning:  Undefined array key "contratista3" in /home/soluctem/sistema.soluctem.com.co/api/submit.php on line 61
[17-Jun-2025 19:50:31 UTC] PHP Warning:  Undefined array key "cedula3" in /home/soluctem/sistema.soluctem.com.co/api/submit.php on line 62
[17-Jun-2025 19:50:31 UTC] PHP Warning:  Undefined array key "horaEntrada3" in /home/soluctem/sistema.soluctem.com.co/api/submit.php on line 63
[17-Jun-2025 19:50:31 UTC] PHP Warning:  Undefined array key "horaSalida3" in /home/soluctem/sistema.soluctem.com.co/api/submit.php on line 64
[17-Jun-2025 19:50:31 UTC] PHP Warning:  Undefined array key "contratista4" in /home/soluctem/sistema.soluctem.com.co/api/submit.php on line 65
[17-Jun-2025 19:50:31 UTC] PHP Warning:  Undefined array key "cedula4" in /home/soluctem/sistema.soluctem.com.co/api/submit.php on line 66
[17-Jun-2025 19:50:31 UTC] PHP Warning:  Undefined array key "horaEntrada4" in /home/soluctem/sistema.soluctem.com.co/api/submit.php on line 67
[17-Jun-2025 19:50:31 UTC] PHP Warning:  Undefined array key "horaSalida4" in /home/soluctem/sistema.soluctem.com.co/api/submit.php on line 68
[17-Jun-2025 19:50:31 UTC] PHP Warning:  Undefined array key "nombreFuncionario" in /home/soluctem/sistema.soluctem.com.co/api/submit.php on line 69
[17-Jun-2025 19:50:31 UTC] PHP Warning:  Undefined array key "cedulaFuncionario" in /home/soluctem/sistema.soluctem.com.co/api/submit.php on line 70
[17-Jun-2025 19:50:31 UTC] PHP Warning:  Undefined array key "cargoFuncionario" in /home/soluctem/sistema.soluctem.com.co/api/submit.php on line 71
[17-Jun-2025 19:50:31 UTC] PHP Warning:  Undefined array key "sapFuncionario" in /home/soluctem/sistema.soluctem.com.co/api/submit.php on line 72
[17-Jun-2025 19:50:31 UTC] PHP Warning:  Undefined array key "timestamp" in /home/soluctem/sistema.soluctem.com.co/api/submit.php on line 73
[17-Jun-2025 19:50:31 UTC] PHP Warning:  Undefined array key "asistenciaReparacion" in /home/soluctem/sistema.soluctem.com.co/api/submit.php on line 74
[17-Jun-2025 19:50:31 UTC] PHP Warning:  Undefined array key "asistenciaGarantia" in /home/soluctem/sistema.soluctem.com.co/api/submit.php on line 75
[17-Jun-2025 19:50:31 UTC] PHP Warning:  Undefined array key "asistenciaAjuste" in /home/soluctem/sistema.soluctem.com.co/api/submit.php on line 76
[17-Jun-2025 19:50:31 UTC] PHP Warning:  Undefined array key "asistenciaModificacion" in /home/soluctem/sistema.soluctem.com.co/api/submit.php on line 77
[17-Jun-2025 19:50:31 UTC] PHP Warning:  Undefined array key "asistenciaServicio" in /home/soluctem/sistema.soluctem.com.co/api/submit.php on line 78
[17-Jun-2025 19:50:31 UTC] PHP Warning:  Undefined array key "asistenciaMejora" in /home/soluctem/sistema.soluctem.com.co/api/submit.php on line 79
[17-Jun-2025 19:50:31 UTC] PHP Warning:  Undefined array key "asistenciaCombinacion" in /home/soluctem/sistema.soluctem.com.co/api/submit.php on line 80
[17-Jun-2025 19:50:31 UTC] PHP Warning:  Undefined array key "fallaOperacion" in /home/soluctem/sistema.soluctem.com.co/api/submit.php on line 81
[17-Jun-2025 19:50:31 UTC] PHP Warning:  Undefined array key "fallaMecanica" in /home/soluctem/sistema.soluctem.com.co/api/submit.php on line 82
[17-Jun-2025 19:50:31 UTC] PHP Warning:  Undefined array key "fallaElectrica" in /home/soluctem/sistema.soluctem.com.co/api/submit.php on line 83
[17-Jun-2025 19:50:31 UTC] PHP Warning:  Undefined array key "fallaTerceros" in /home/soluctem/sistema.soluctem.com.co/api/submit.php on line 84
[17-Jun-2025 19:50:31 UTC] PHP Warning:  Undefined array key "fallaFabricacion" in /home/soluctem/sistema.soluctem.com.co/api/submit.php on line 85
[17-Jun-2025 19:50:31 UTC] PHP Warning:  Undefined array key "firma_digital_cliente" in /home/soluctem/sistema.soluctem.com.co/api/submit.php on line 86
[17-Jun-2025 19:50:31 UTC] PHP Warning:  Undefined array key "firma_digital_tecnico" in /home/soluctem/sistema.soluctem.com.co/api/submit.php on line 87
[17-Jun-2025 19:56:06 UTC] PHP Warning:  Undefined array key "nombreSolicitante" in /home/soluctem/sistema.soluctem.com.co/api/submit.php on line 28
[17-Jun-2025 19:56:06 UTC] PHP Warning:  Undefined array key "cargo" in /home/soluctem/sistema.soluctem.com.co/api/submit.php on line 29
[17-Jun-2025 19:56:06 UTC] PHP Warning:  Undefined array key "nombreTienda" in /home/soluctem/sistema.soluctem.com.co/api/submit.php on line 30
[17-Jun-2025 19:56:06 UTC] PHP Warning:  Undefined array key "numeroTienda" in /home/soluctem/sistema.soluctem.com.co/api/submit.php on line 31
[17-Jun-2025 19:56:06 UTC] PHP Warning:  Undefined array key "numeroTicket" in /home/soluctem/sistema.soluctem.com.co/api/submit.php on line 32
[17-Jun-2025 19:56:06 UTC] PHP Warning:  Undefined array key "fecha" in /home/soluctem/sistema.soluctem.com.co/api/submit.php on line 33
[17-Jun-2025 19:56:06 UTC] PHP Warning:  Undefined array key "municipio" in /home/soluctem/sistema.soluctem.com.co/api/submit.php on line 34
[17-Jun-2025 19:56:06 UTC] PHP Warning:  Undefined array key "departamento" in /home/soluctem/sistema.soluctem.com.co/api/submit.php on line 35
[17-Jun-2025 19:56:06 UTC] PHP Warning:  Undefined array key "nombreEquipo" in /home/soluctem/sistema.soluctem.com.co/api/submit.php on line 36
[17-Jun-2025 19:56:06 UTC] PHP Warning:  Undefined array key "marca" in /home/soluctem/sistema.soluctem.com.co/api/submit.php on line 37
[17-Jun-2025 19:56:06 UTC] PHP Warning:  Undefined array key "serial" in /home/soluctem/sistema.soluctem.com.co/api/submit.php on line 38
[17-Jun-2025 19:56:06 UTC] PHP Warning:  Undefined array key "descripcionFalla" in /home/soluctem/sistema.soluctem.com.co/api/submit.php on line 39
[17-Jun-2025 19:56:06 UTC] PHP Warning:  Undefined array key "diagnosticoTecnico" in /home/soluctem/sistema.soluctem.com.co/api/submit.php on line 40
[17-Jun-2025 19:56:06 UTC] PHP Warning:  Undefined array key "repuestosCambiados" in /home/soluctem/sistema.soluctem.com.co/api/submit.php on line 41
[17-Jun-2025 19:56:06 UTC] PHP Warning:  Undefined array key "observaciones" in /home/soluctem/sistema.soluctem.com.co/api/submit.php on line 42
[17-Jun-2025 19:56:06 UTC] PHP Warning:  Undefined array key "seguridadRiesgoAccidentalidad" in /home/soluctem/sistema.soluctem.com.co/api/submit.php on line 43
[17-Jun-2025 19:56:06 UTC] PHP Warning:  Undefined array key "seguridadRiesgoEquipo" in /home/soluctem/sistema.soluctem.com.co/api/submit.php on line 44
[17-Jun-2025 19:56:06 UTC] PHP Warning:  Undefined array key "funcionamientoFallaSolucionada" in /home/soluctem/sistema.soluctem.com.co/api/submit.php on line 45
[17-Jun-2025 19:56:06 UTC] PHP Warning:  Undefined array key "funcionamientoPasosNormales" in /home/soluctem/sistema.soluctem.com.co/api/submit.php on line 46
[17-Jun-2025 19:56:06 UTC] PHP Warning:  Undefined array key "calidadTrabajo" in /home/soluctem/sistema.soluctem.com.co/api/submit.php on line 47
[17-Jun-2025 19:56:06 UTC] PHP Warning:  Undefined array key "limpiezaOrganizacionArmado" in /home/soluctem/sistema.soluctem.com.co/api/submit.php on line 48
[17-Jun-2025 19:56:06 UTC] PHP Warning:  Undefined array key "limpiezaOrganizacionAseado" in /home/soluctem/sistema.soluctem.com.co/api/submit.php on line 49
[17-Jun-2025 19:56:06 UTC] PHP Warning:  Undefined array key "capacitacionCausa" in /home/soluctem/sistema.soluctem.com.co/api/submit.php on line 50
[17-Jun-2025 19:56:06 UTC] PHP Warning:  Undefined array key "capacitacionPrevencion" in /home/soluctem/sistema.soluctem.com.co/api/submit.php on line 51
[17-Jun-2025 19:56:06 UTC] PHP Warning:  Undefined array key "capacitacionAccion" in /home/soluctem/sistema.soluctem.com.co/api/submit.php on line 52
[17-Jun-2025 19:56:06 UTC] PHP Warning:  Undefined array key "contratista1" in /home/soluctem/sistema.soluctem.com.co/api/submit.php on line 53
[17-Jun-2025 19:56:06 UTC] PHP Warning:  Undefined array key "cedula1" in /home/soluctem/sistema.soluctem.com.co/api/submit.php on line 54
[17-Jun-2025 19:56:06 UTC] PHP Warning:  Undefined array key "horaEntrada1" in /home/soluctem/sistema.soluctem.com.co/api/submit.php on line 55
[17-Jun-2025 19:56:06 UTC] PHP Warning:  Undefined array key "horaSalida1" in /home/soluctem/sistema.soluctem.com.co/api/submit.php on line 56
[17-Jun-2025 19:56:06 UTC] PHP Warning:  Undefined array key "contratista2" in /home/soluctem/sistema.soluctem.com.co/api/submit.php on line 57
[17-Jun-2025 19:56:06 UTC] PHP Warning:  Undefined array key "cedula2" in /home/soluctem/sistema.soluctem.com.co/api/submit.php on line 58
[17-Jun-2025 19:56:06 UTC] PHP Warning:  Undefined array key "horaEntrada2" in /home/soluctem/sistema.soluctem.com.co/api/submit.php on line 59
[17-Jun-2025 19:56:06 UTC] PHP Warning:  Undefined array key "horaSalida2" in /home/soluctem/sistema.soluctem.com.co/api/submit.php on line 60
[17-Jun-2025 19:56:06 UTC] PHP Warning:  Undefined array key "contratista3" in /home/soluctem/sistema.soluctem.com.co/api/submit.php on line 61
[17-Jun-2025 19:56:06 UTC] PHP Warning:  Undefined array key "cedula3" in /home/soluctem/sistema.soluctem.com.co/api/submit.php on line 62
[17-Jun-2025 19:56:06 UTC] PHP Warning:  Undefined array key "horaEntrada3" in /home/soluctem/sistema.soluctem.com.co/api/submit.php on line 63
[17-Jun-2025 19:56:06 UTC] PHP Warning:  Undefined array key "horaSalida3" in /home/soluctem/sistema.soluctem.com.co/api/submit.php on line 64
[17-Jun-2025 19:56:06 UTC] PHP Warning:  Undefined array key "contratista4" in /home/soluctem/sistema.soluctem.com.co/api/submit.php on line 65
[17-Jun-2025 19:56:06 UTC] PHP Warning:  Undefined array key "cedula4" in /home/soluctem/sistema.soluctem.com.co/api/submit.php on line 66
[17-Jun-2025 19:56:06 UTC] PHP Warning:  Undefined array key "horaEntrada4" in /home/soluctem/sistema.soluctem.com.co/api/submit.php on line 67
[17-Jun-2025 19:56:06 UTC] PHP Warning:  Undefined array key "horaSalida4" in /home/soluctem/sistema.soluctem.com.co/api/submit.php on line 68
[17-Jun-2025 19:56:06 UTC] PHP Warning:  Undefined array key "nombreFuncionario" in /home/soluctem/sistema.soluctem.com.co/api/submit.php on line 69
[17-Jun-2025 19:56:06 UTC] PHP Warning:  Undefined array key "cedulaFuncionario" in /home/soluctem/sistema.soluctem.com.co/api/submit.php on line 70
[17-Jun-2025 19:56:06 UTC] PHP Warning:  Undefined array key "cargoFuncionario" in /home/soluctem/sistema.soluctem.com.co/api/submit.php on line 71
[17-Jun-2025 19:56:06 UTC] PHP Warning:  Undefined array key "sapFuncionario" in /home/soluctem/sistema.soluctem.com.co/api/submit.php on line 72
[17-Jun-2025 19:56:06 UTC] PHP Warning:  Undefined array key "timestamp" in /home/soluctem/sistema.soluctem.com.co/api/submit.php on line 73
[17-Jun-2025 19:56:06 UTC] PHP Warning:  Undefined array key "asistenciaReparacion" in /home/soluctem/sistema.soluctem.com.co/api/submit.php on line 74
[17-Jun-2025 19:56:06 UTC] PHP Warning:  Undefined array key "asistenciaGarantia" in /home/soluctem/sistema.soluctem.com.co/api/submit.php on line 75
[17-Jun-2025 19:56:06 UTC] PHP Warning:  Undefined array key "asistenciaAjuste" in /home/soluctem/sistema.soluctem.com.co/api/submit.php on line 76
[17-Jun-2025 19:56:06 UTC] PHP Warning:  Undefined array key "asistenciaModificacion" in /home/soluctem/sistema.soluctem.com.co/api/submit.php on line 77
[17-Jun-2025 19:56:06 UTC] PHP Warning:  Undefined array key "asistenciaServicio" in /home/soluctem/sistema.soluctem.com.co/api/submit.php on line 78
[17-Jun-2025 19:56:06 UTC] PHP Warning:  Undefined array key "asistenciaMejora" in /home/soluctem/sistema.soluctem.com.co/api/submit.php on line 79
[17-Jun-2025 19:56:06 UTC] PHP Warning:  Undefined array key "asistenciaCombinacion" in /home/soluctem/sistema.soluctem.com.co/api/submit.php on line 80
[17-Jun-2025 19:56:06 UTC] PHP Warning:  Undefined array key "fallaOperacion" in /home/soluctem/sistema.soluctem.com.co/api/submit.php on line 81
[17-Jun-2025 19:56:06 UTC] PHP Warning:  Undefined array key "fallaMecanica" in /home/soluctem/sistema.soluctem.com.co/api/submit.php on line 82
[17-Jun-2025 19:56:06 UTC] PHP Warning:  Undefined array key "fallaElectrica" in /home/soluctem/sistema.soluctem.com.co/api/submit.php on line 83
[17-Jun-2025 19:56:06 UTC] PHP Warning:  Undefined array key "fallaTerceros" in /home/soluctem/sistema.soluctem.com.co/api/submit.php on line 84
[17-Jun-2025 19:56:06 UTC] PHP Warning:  Undefined array key "fallaFabricacion" in /home/soluctem/sistema.soluctem.com.co/api/submit.php on line 85
[17-Jun-2025 19:56:06 UTC] PHP Warning:  Undefined array key "firma_digital_cliente" in /home/soluctem/sistema.soluctem.com.co/api/submit.php on line 86
[17-Jun-2025 19:56:06 UTC] PHP Warning:  Undefined array key "firma_digital_tecnico" in /home/soluctem/sistema.soluctem.com.co/api/submit.php on line 87
[17-Jun-2025 20:44:48 UTC] PHP Warning:  Undefined array key "nombreSolicitante" in /home/soluctem/sistema.soluctem.com.co/api/submit.php on line 28
[17-Jun-2025 20:44:48 UTC] PHP Warning:  Undefined array key "cargo" in /home/soluctem/sistema.soluctem.com.co/api/submit.php on line 29
[17-Jun-2025 20:44:48 UTC] PHP Warning:  Undefined array key "nombreTienda" in /home/soluctem/sistema.soluctem.com.co/api/submit.php on line 30
[17-Jun-2025 20:44:48 UTC] PHP Warning:  Undefined array key "numeroTienda" in /home/soluctem/sistema.soluctem.com.co/api/submit.php on line 31
[17-Jun-2025 20:44:48 UTC] PHP Warning:  Undefined array key "numeroTicket" in /home/soluctem/sistema.soluctem.com.co/api/submit.php on line 32
[17-Jun-2025 20:44:48 UTC] PHP Warning:  Undefined array key "fecha" in /home/soluctem/sistema.soluctem.com.co/api/submit.php on line 33
[17-Jun-2025 20:44:48 UTC] PHP Warning:  Undefined array key "municipio" in /home/soluctem/sistema.soluctem.com.co/api/submit.php on line 34
[17-Jun-2025 20:44:48 UTC] PHP Warning:  Undefined array key "departamento" in /home/soluctem/sistema.soluctem.com.co/api/submit.php on line 35
[17-Jun-2025 20:44:48 UTC] PHP Warning:  Undefined array key "nombreEquipo" in /home/soluctem/sistema.soluctem.com.co/api/submit.php on line 36
[17-Jun-2025 20:44:48 UTC] PHP Warning:  Undefined array key "marca" in /home/soluctem/sistema.soluctem.com.co/api/submit.php on line 37
[17-Jun-2025 20:44:48 UTC] PHP Warning:  Undefined array key "serial" in /home/soluctem/sistema.soluctem.com.co/api/submit.php on line 38
[17-Jun-2025 20:44:48 UTC] PHP Warning:  Undefined array key "descripcionFalla" in /home/soluctem/sistema.soluctem.com.co/api/submit.php on line 39
[17-Jun-2025 20:44:48 UTC] PHP Warning:  Undefined array key "diagnosticoTecnico" in /home/soluctem/sistema.soluctem.com.co/api/submit.php on line 40
[17-Jun-2025 20:44:48 UTC] PHP Warning:  Undefined array key "repuestosCambiados" in /home/soluctem/sistema.soluctem.com.co/api/submit.php on line 41
[17-Jun-2025 20:44:48 UTC] PHP Warning:  Undefined array key "observaciones" in /home/soluctem/sistema.soluctem.com.co/api/submit.php on line 42
[17-Jun-2025 20:44:48 UTC] PHP Warning:  Undefined array key "seguridadRiesgoAccidentalidad" in /home/soluctem/sistema.soluctem.com.co/api/submit.php on line 43
[17-Jun-2025 20:44:48 UTC] PHP Warning:  Undefined array key "seguridadRiesgoEquipo" in /home/soluctem/sistema.soluctem.com.co/api/submit.php on line 44
[17-Jun-2025 20:44:48 UTC] PHP Warning:  Undefined array key "funcionamientoFallaSolucionada" in /home/soluctem/sistema.soluctem.com.co/api/submit.php on line 45
[17-Jun-2025 20:44:48 UTC] PHP Warning:  Undefined array key "funcionamientoPasosNormales" in /home/soluctem/sistema.soluctem.com.co/api/submit.php on line 46
[17-Jun-2025 20:44:48 UTC] PHP Warning:  Undefined array key "calidadTrabajo" in /home/soluctem/sistema.soluctem.com.co/api/submit.php on line 47
[17-Jun-2025 20:44:48 UTC] PHP Warning:  Undefined array key "limpiezaOrganizacionArmado" in /home/soluctem/sistema.soluctem.com.co/api/submit.php on line 48
[17-Jun-2025 20:44:48 UTC] PHP Warning:  Undefined array key "limpiezaOrganizacionAseado" in /home/soluctem/sistema.soluctem.com.co/api/submit.php on line 49
[17-Jun-2025 20:44:48 UTC] PHP Warning:  Undefined array key "capacitacionCausa" in /home/soluctem/sistema.soluctem.com.co/api/submit.php on line 50
[17-Jun-2025 20:44:48 UTC] PHP Warning:  Undefined array key "capacitacionPrevencion" in /home/soluctem/sistema.soluctem.com.co/api/submit.php on line 51
[17-Jun-2025 20:44:48 UTC] PHP Warning:  Undefined array key "capacitacionAccion" in /home/soluctem/sistema.soluctem.com.co/api/submit.php on line 52
[17-Jun-2025 20:44:48 UTC] PHP Warning:  Undefined array key "contratista1" in /home/soluctem/sistema.soluctem.com.co/api/submit.php on line 53
[17-Jun-2025 20:44:48 UTC] PHP Warning:  Undefined array key "cedula1" in /home/soluctem/sistema.soluctem.com.co/api/submit.php on line 54
[17-Jun-2025 20:44:48 UTC] PHP Warning:  Undefined array key "horaEntrada1" in /home/soluctem/sistema.soluctem.com.co/api/submit.php on line 55
[17-Jun-2025 20:44:48 UTC] PHP Warning:  Undefined array key "horaSalida1" in /home/soluctem/sistema.soluctem.com.co/api/submit.php on line 56
[17-Jun-2025 20:44:48 UTC] PHP Warning:  Undefined array key "contratista2" in /home/soluctem/sistema.soluctem.com.co/api/submit.php on line 57
[17-Jun-2025 20:44:48 UTC] PHP Warning:  Undefined array key "cedula2" in /home/soluctem/sistema.soluctem.com.co/api/submit.php on line 58
[17-Jun-2025 20:44:48 UTC] PHP Warning:  Undefined array key "horaEntrada2" in /home/soluctem/sistema.soluctem.com.co/api/submit.php on line 59
[17-Jun-2025 20:44:48 UTC] PHP Warning:  Undefined array key "horaSalida2" in /home/soluctem/sistema.soluctem.com.co/api/submit.php on line 60
[17-Jun-2025 20:44:48 UTC] PHP Warning:  Undefined array key "contratista3" in /home/soluctem/sistema.soluctem.com.co/api/submit.php on line 61
[17-Jun-2025 20:44:48 UTC] PHP Warning:  Undefined array key "cedula3" in /home/soluctem/sistema.soluctem.com.co/api/submit.php on line 62
[17-Jun-2025 20:44:48 UTC] PHP Warning:  Undefined array key "horaEntrada3" in /home/soluctem/sistema.soluctem.com.co/api/submit.php on line 63
[17-Jun-2025 20:44:48 UTC] PHP Warning:  Undefined array key "horaSalida3" in /home/soluctem/sistema.soluctem.com.co/api/submit.php on line 64
[17-Jun-2025 20:44:48 UTC] PHP Warning:  Undefined array key "contratista4" in /home/soluctem/sistema.soluctem.com.co/api/submit.php on line 65
[17-Jun-2025 20:44:48 UTC] PHP Warning:  Undefined array key "cedula4" in /home/soluctem/sistema.soluctem.com.co/api/submit.php on line 66
[17-Jun-2025 20:44:48 UTC] PHP Warning:  Undefined array key "horaEntrada4" in /home/soluctem/sistema.soluctem.com.co/api/submit.php on line 67
[17-Jun-2025 20:44:48 UTC] PHP Warning:  Undefined array key "horaSalida4" in /home/soluctem/sistema.soluctem.com.co/api/submit.php on line 68
[17-Jun-2025 20:44:48 UTC] PHP Warning:  Undefined array key "nombreFuncionario" in /home/soluctem/sistema.soluctem.com.co/api/submit.php on line 69
[17-Jun-2025 20:44:48 UTC] PHP Warning:  Undefined array key "cedulaFuncionario" in /home/soluctem/sistema.soluctem.com.co/api/submit.php on line 70
[17-Jun-2025 20:44:48 UTC] PHP Warning:  Undefined array key "cargoFuncionario" in /home/soluctem/sistema.soluctem.com.co/api/submit.php on line 71
[17-Jun-2025 20:44:48 UTC] PHP Warning:  Undefined array key "sapFuncionario" in /home/soluctem/sistema.soluctem.com.co/api/submit.php on line 72
[17-Jun-2025 20:44:48 UTC] PHP Warning:  Undefined array key "timestamp" in /home/soluctem/sistema.soluctem.com.co/api/submit.php on line 73
[17-Jun-2025 20:44:48 UTC] PHP Warning:  Undefined array key "asistenciaReparacion" in /home/soluctem/sistema.soluctem.com.co/api/submit.php on line 74
[17-Jun-2025 20:44:48 UTC] PHP Warning:  Undefined array key "asistenciaGarantia" in /home/soluctem/sistema.soluctem.com.co/api/submit.php on line 75
[17-Jun-2025 20:44:48 UTC] PHP Warning:  Undefined array key "asistenciaAjuste" in /home/soluctem/sistema.soluctem.com.co/api/submit.php on line 76
[17-Jun-2025 20:44:48 UTC] PHP Warning:  Undefined array key "asistenciaModificacion" in /home/soluctem/sistema.soluctem.com.co/api/submit.php on line 77
[17-Jun-2025 20:44:48 UTC] PHP Warning:  Undefined array key "asistenciaServicio" in /home/soluctem/sistema.soluctem.com.co/api/submit.php on line 78
[17-Jun-2025 20:44:48 UTC] PHP Warning:  Undefined array key "asistenciaMejora" in /home/soluctem/sistema.soluctem.com.co/api/submit.php on line 79
[17-Jun-2025 20:44:48 UTC] PHP Warning:  Undefined array key "asistenciaCombinacion" in /home/soluctem/sistema.soluctem.com.co/api/submit.php on line 80
[17-Jun-2025 20:44:48 UTC] PHP Warning:  Undefined array key "fallaOperacion" in /home/soluctem/sistema.soluctem.com.co/api/submit.php on line 81
[17-Jun-2025 20:44:48 UTC] PHP Warning:  Undefined array key "fallaMecanica" in /home/soluctem/sistema.soluctem.com.co/api/submit.php on line 82
[17-Jun-2025 20:44:48 UTC] PHP Warning:  Undefined array key "fallaElectrica" in /home/soluctem/sistema.soluctem.com.co/api/submit.php on line 83
[17-Jun-2025 20:44:48 UTC] PHP Warning:  Undefined array key "fallaTerceros" in /home/soluctem/sistema.soluctem.com.co/api/submit.php on line 84
[17-Jun-2025 20:44:48 UTC] PHP Warning:  Undefined array key "fallaFabricacion" in /home/soluctem/sistema.soluctem.com.co/api/submit.php on line 85
[17-Jun-2025 20:44:48 UTC] PHP Warning:  Undefined array key "firma_digital_cliente" in /home/soluctem/sistema.soluctem.com.co/api/submit.php on line 86
[17-Jun-2025 20:44:48 UTC] PHP Warning:  Undefined array key "firma_digital_tecnico" in /home/soluctem/sistema.soluctem.com.co/api/submit.php on line 87
[17-Jun-2025 20:45:36 UTC] PHP Warning:  Undefined array key "nombreSolicitante" in /home/soluctem/sistema.soluctem.com.co/api/submit.php on line 28
[17-Jun-2025 20:45:36 UTC] PHP Warning:  Undefined array key "cargo" in /home/soluctem/sistema.soluctem.com.co/api/submit.php on line 29
[17-Jun-2025 20:45:36 UTC] PHP Warning:  Undefined array key "nombreTienda" in /home/soluctem/sistema.soluctem.com.co/api/submit.php on line 30
[17-Jun-2025 20:45:36 UTC] PHP Warning:  Undefined array key "numeroTienda" in /home/soluctem/sistema.soluctem.com.co/api/submit.php on line 31
[17-Jun-2025 20:45:36 UTC] PHP Warning:  Undefined array key "numeroTicket" in /home/soluctem/sistema.soluctem.com.co/api/submit.php on line 32
[17-Jun-2025 20:45:36 UTC] PHP Warning:  Undefined array key "fecha" in /home/soluctem/sistema.soluctem.com.co/api/submit.php on line 33
[17-Jun-2025 20:45:36 UTC] PHP Warning:  Undefined array key "municipio" in /home/soluctem/sistema.soluctem.com.co/api/submit.php on line 34
[17-Jun-2025 20:45:36 UTC] PHP Warning:  Undefined array key "departamento" in /home/soluctem/sistema.soluctem.com.co/api/submit.php on line 35
[17-Jun-2025 20:45:36 UTC] PHP Warning:  Undefined array key "nombreEquipo" in /home/soluctem/sistema.soluctem.com.co/api/submit.php on line 36
[17-Jun-2025 20:45:36 UTC] PHP Warning:  Undefined array key "marca" in /home/soluctem/sistema.soluctem.com.co/api/submit.php on line 37
[17-Jun-2025 20:45:36 UTC] PHP Warning:  Undefined array key "serial" in /home/soluctem/sistema.soluctem.com.co/api/submit.php on line 38
[17-Jun-2025 20:45:36 UTC] PHP Warning:  Undefined array key "descripcionFalla" in /home/soluctem/sistema.soluctem.com.co/api/submit.php on line 39
[17-Jun-2025 20:45:36 UTC] PHP Warning:  Undefined array key "diagnosticoTecnico" in /home/soluctem/sistema.soluctem.com.co/api/submit.php on line 40
[17-Jun-2025 20:45:36 UTC] PHP Warning:  Undefined array key "repuestosCambiados" in /home/soluctem/sistema.soluctem.com.co/api/submit.php on line 41
[17-Jun-2025 20:45:36 UTC] PHP Warning:  Undefined array key "observaciones" in /home/soluctem/sistema.soluctem.com.co/api/submit.php on line 42
[17-Jun-2025 20:45:36 UTC] PHP Warning:  Undefined array key "seguridadRiesgoAccidentalidad" in /home/soluctem/sistema.soluctem.com.co/api/submit.php on line 43
[17-Jun-2025 20:45:36 UTC] PHP Warning:  Undefined array key "seguridadRiesgoEquipo" in /home/soluctem/sistema.soluctem.com.co/api/submit.php on line 44
[17-Jun-2025 20:45:36 UTC] PHP Warning:  Undefined array key "funcionamientoFallaSolucionada" in /home/soluctem/sistema.soluctem.com.co/api/submit.php on line 45
[17-Jun-2025 20:45:36 UTC] PHP Warning:  Undefined array key "funcionamientoPasosNormales" in /home/soluctem/sistema.soluctem.com.co/api/submit.php on line 46
[17-Jun-2025 20:45:36 UTC] PHP Warning:  Undefined array key "calidadTrabajo" in /home/soluctem/sistema.soluctem.com.co/api/submit.php on line 47
[17-Jun-2025 20:45:36 UTC] PHP Warning:  Undefined array key "limpiezaOrganizacionArmado" in /home/soluctem/sistema.soluctem.com.co/api/submit.php on line 48
[17-Jun-2025 20:45:36 UTC] PHP Warning:  Undefined array key "limpiezaOrganizacionAseado" in /home/soluctem/sistema.soluctem.com.co/api/submit.php on line 49
[17-Jun-2025 20:45:36 UTC] PHP Warning:  Undefined array key "capacitacionCausa" in /home/soluctem/sistema.soluctem.com.co/api/submit.php on line 50
[17-Jun-2025 20:45:36 UTC] PHP Warning:  Undefined array key "capacitacionPrevencion" in /home/soluctem/sistema.soluctem.com.co/api/submit.php on line 51
[17-Jun-2025 20:45:36 UTC] PHP Warning:  Undefined array key "capacitacionAccion" in /home/soluctem/sistema.soluctem.com.co/api/submit.php on line 52
[17-Jun-2025 20:45:36 UTC] PHP Warning:  Undefined array key "contratista1" in /home/soluctem/sistema.soluctem.com.co/api/submit.php on line 53
[17-Jun-2025 20:45:36 UTC] PHP Warning:  Undefined array key "cedula1" in /home/soluctem/sistema.soluctem.com.co/api/submit.php on line 54
[17-Jun-2025 20:45:36 UTC] PHP Warning:  Undefined array key "horaEntrada1" in /home/soluctem/sistema.soluctem.com.co/api/submit.php on line 55
[17-Jun-2025 20:45:36 UTC] PHP Warning:  Undefined array key "horaSalida1" in /home/soluctem/sistema.soluctem.com.co/api/submit.php on line 56
[17-Jun-2025 20:45:36 UTC] PHP Warning:  Undefined array key "contratista2" in /home/soluctem/sistema.soluctem.com.co/api/submit.php on line 57
[17-Jun-2025 20:45:36 UTC] PHP Warning:  Undefined array key "cedula2" in /home/soluctem/sistema.soluctem.com.co/api/submit.php on line 58
[17-Jun-2025 20:45:36 UTC] PHP Warning:  Undefined array key "horaEntrada2" in /home/soluctem/sistema.soluctem.com.co/api/submit.php on line 59
[17-Jun-2025 20:45:36 UTC] PHP Warning:  Undefined array key "horaSalida2" in /home/soluctem/sistema.soluctem.com.co/api/submit.php on line 60
[17-Jun-2025 20:45:36 UTC] PHP Warning:  Undefined array key "contratista3" in /home/soluctem/sistema.soluctem.com.co/api/submit.php on line 61
[17-Jun-2025 20:45:36 UTC] PHP Warning:  Undefined array key "cedula3" in /home/soluctem/sistema.soluctem.com.co/api/submit.php on line 62
[17-Jun-2025 20:45:36 UTC] PHP Warning:  Undefined array key "horaEntrada3" in /home/soluctem/sistema.soluctem.com.co/api/submit.php on line 63
[17-Jun-2025 20:45:36 UTC] PHP Warning:  Undefined array key "horaSalida3" in /home/soluctem/sistema.soluctem.com.co/api/submit.php on line 64
[17-Jun-2025 20:45:36 UTC] PHP Warning:  Undefined array key "contratista4" in /home/soluctem/sistema.soluctem.com.co/api/submit.php on line 65
[17-Jun-2025 20:45:36 UTC] PHP Warning:  Undefined array key "cedula4" in /home/soluctem/sistema.soluctem.com.co/api/submit.php on line 66
[17-Jun-2025 20:45:36 UTC] PHP Warning:  Undefined array key "horaEntrada4" in /home/soluctem/sistema.soluctem.com.co/api/submit.php on line 67
[17-Jun-2025 20:45:36 UTC] PHP Warning:  Undefined array key "horaSalida4" in /home/soluctem/sistema.soluctem.com.co/api/submit.php on line 68
[17-Jun-2025 20:45:36 UTC] PHP Warning:  Undefined array key "nombreFuncionario" in /home/soluctem/sistema.soluctem.com.co/api/submit.php on line 69
[17-Jun-2025 20:45:36 UTC] PHP Warning:  Undefined array key "cedulaFuncionario" in /home/soluctem/sistema.soluctem.com.co/api/submit.php on line 70
[17-Jun-2025 20:45:36 UTC] PHP Warning:  Undefined array key "cargoFuncionario" in /home/soluctem/sistema.soluctem.com.co/api/submit.php on line 71
[17-Jun-2025 20:45:36 UTC] PHP Warning:  Undefined array key "sapFuncionario" in /home/soluctem/sistema.soluctem.com.co/api/submit.php on line 72
[17-Jun-2025 20:45:36 UTC] PHP Warning:  Undefined array key "timestamp" in /home/soluctem/sistema.soluctem.com.co/api/submit.php on line 73
[17-Jun-2025 20:45:36 UTC] PHP Warning:  Undefined array key "asistenciaReparacion" in /home/soluctem/sistema.soluctem.com.co/api/submit.php on line 74
[17-Jun-2025 20:45:36 UTC] PHP Warning:  Undefined array key "asistenciaGarantia" in /home/soluctem/sistema.soluctem.com.co/api/submit.php on line 75
[17-Jun-2025 20:45:36 UTC] PHP Warning:  Undefined array key "asistenciaAjuste" in /home/soluctem/sistema.soluctem.com.co/api/submit.php on line 76
[17-Jun-2025 20:45:36 UTC] PHP Warning:  Undefined array key "asistenciaModificacion" in /home/soluctem/sistema.soluctem.com.co/api/submit.php on line 77
[17-Jun-2025 20:45:36 UTC] PHP Warning:  Undefined array key "asistenciaServicio" in /home/soluctem/sistema.soluctem.com.co/api/submit.php on line 78
[17-Jun-2025 20:45:36 UTC] PHP Warning:  Undefined array key "asistenciaMejora" in /home/soluctem/sistema.soluctem.com.co/api/submit.php on line 79
[17-Jun-2025 20:45:36 UTC] PHP Warning:  Undefined array key "asistenciaCombinacion" in /home/soluctem/sistema.soluctem.com.co/api/submit.php on line 80
[17-Jun-2025 20:45:36 UTC] PHP Warning:  Undefined array key "fallaOperacion" in /home/soluctem/sistema.soluctem.com.co/api/submit.php on line 81
[17-Jun-2025 20:45:36 UTC] PHP Warning:  Undefined array key "fallaMecanica" in /home/soluctem/sistema.soluctem.com.co/api/submit.php on line 82
[17-Jun-2025 20:45:36 UTC] PHP Warning:  Undefined array key "fallaElectrica" in /home/soluctem/sistema.soluctem.com.co/api/submit.php on line 83
[17-Jun-2025 20:45:36 UTC] PHP Warning:  Undefined array key "fallaTerceros" in /home/soluctem/sistema.soluctem.com.co/api/submit.php on line 84
[17-Jun-2025 20:45:36 UTC] PHP Warning:  Undefined array key "fallaFabricacion" in /home/soluctem/sistema.soluctem.com.co/api/submit.php on line 85
[17-Jun-2025 20:45:36 UTC] PHP Warning:  Undefined array key "firma_digital_cliente" in /home/soluctem/sistema.soluctem.com.co/api/submit.php on line 86
[17-Jun-2025 20:45:36 UTC] PHP Warning:  Undefined array key "firma_digital_tecnico" in /home/soluctem/sistema.soluctem.com.co/api/submit.php on line 87
[17-Jun-2025 22:58:04 UTC] PHP Warning:  Undefined array key "nombreSolicitante" in /home/soluctem/sistema.soluctem.com.co/api/submit.php on line 28
[17-Jun-2025 22:58:04 UTC] PHP Warning:  Undefined array key "cargo" in /home/soluctem/sistema.soluctem.com.co/api/submit.php on line 29
[17-Jun-2025 22:58:04 UTC] PHP Warning:  Undefined array key "nombreTienda" in /home/soluctem/sistema.soluctem.com.co/api/submit.php on line 30
[17-Jun-2025 22:58:04 UTC] PHP Warning:  Undefined array key "numeroTienda" in /home/soluctem/sistema.soluctem.com.co/api/submit.php on line 31
[17-Jun-2025 22:58:04 UTC] PHP Warning:  Undefined array key "numeroTicket" in /home/soluctem/sistema.soluctem.com.co/api/submit.php on line 32
[17-Jun-2025 22:58:04 UTC] PHP Warning:  Undefined array key "fecha" in /home/soluctem/sistema.soluctem.com.co/api/submit.php on line 33
[17-Jun-2025 22:58:04 UTC] PHP Warning:  Undefined array key "municipio" in /home/soluctem/sistema.soluctem.com.co/api/submit.php on line 34
[17-Jun-2025 22:58:04 UTC] PHP Warning:  Undefined array key "departamento" in /home/soluctem/sistema.soluctem.com.co/api/submit.php on line 35
[17-Jun-2025 22:58:04 UTC] PHP Warning:  Undefined array key "nombreEquipo" in /home/soluctem/sistema.soluctem.com.co/api/submit.php on line 36
[17-Jun-2025 22:58:04 UTC] PHP Warning:  Undefined array key "marca" in /home/soluctem/sistema.soluctem.com.co/api/submit.php on line 37
[17-Jun-2025 22:58:04 UTC] PHP Warning:  Undefined array key "serial" in /home/soluctem/sistema.soluctem.com.co/api/submit.php on line 38
[17-Jun-2025 22:58:04 UTC] PHP Warning:  Undefined array key "descripcionFalla" in /home/soluctem/sistema.soluctem.com.co/api/submit.php on line 39
[17-Jun-2025 22:58:04 UTC] PHP Warning:  Undefined array key "diagnosticoTecnico" in /home/soluctem/sistema.soluctem.com.co/api/submit.php on line 40
[17-Jun-2025 22:58:04 UTC] PHP Warning:  Undefined array key "repuestosCambiados" in /home/soluctem/sistema.soluctem.com.co/api/submit.php on line 41
[17-Jun-2025 22:58:04 UTC] PHP Warning:  Undefined array key "observaciones" in /home/soluctem/sistema.soluctem.com.co/api/submit.php on line 42
[17-Jun-2025 22:58:04 UTC] PHP Warning:  Undefined array key "seguridadRiesgoAccidentalidad" in /home/soluctem/sistema.soluctem.com.co/api/submit.php on line 43
[17-Jun-2025 22:58:04 UTC] PHP Warning:  Undefined array key "seguridadRiesgoEquipo" in /home/soluctem/sistema.soluctem.com.co/api/submit.php on line 44
[17-Jun-2025 22:58:04 UTC] PHP Warning:  Undefined array key "funcionamientoFallaSolucionada" in /home/soluctem/sistema.soluctem.com.co/api/submit.php on line 45
[17-Jun-2025 22:58:04 UTC] PHP Warning:  Undefined array key "funcionamientoPasosNormales" in /home/soluctem/sistema.soluctem.com.co/api/submit.php on line 46
[17-Jun-2025 22:58:04 UTC] PHP Warning:  Undefined array key "calidadTrabajo" in /home/soluctem/sistema.soluctem.com.co/api/submit.php on line 47
[17-Jun-2025 22:58:04 UTC] PHP Warning:  Undefined array key "limpiezaOrganizacionArmado" in /home/soluctem/sistema.soluctem.com.co/api/submit.php on line 48
[17-Jun-2025 22:58:04 UTC] PHP Warning:  Undefined array key "limpiezaOrganizacionAseado" in /home/soluctem/sistema.soluctem.com.co/api/submit.php on line 49
[17-Jun-2025 22:58:04 UTC] PHP Warning:  Undefined array key "capacitacionCausa" in /home/soluctem/sistema.soluctem.com.co/api/submit.php on line 50
[17-Jun-2025 22:58:04 UTC] PHP Warning:  Undefined array key "capacitacionPrevencion" in /home/soluctem/sistema.soluctem.com.co/api/submit.php on line 51
[17-Jun-2025 22:58:04 UTC] PHP Warning:  Undefined array key "capacitacionAccion" in /home/soluctem/sistema.soluctem.com.co/api/submit.php on line 52
[17-Jun-2025 22:58:04 UTC] PHP Warning:  Undefined array key "contratista1" in /home/soluctem/sistema.soluctem.com.co/api/submit.php on line 53
[17-Jun-2025 22:58:04 UTC] PHP Warning:  Undefined array key "cedula1" in /home/soluctem/sistema.soluctem.com.co/api/submit.php on line 54
[17-Jun-2025 22:58:04 UTC] PHP Warning:  Undefined array key "horaEntrada1" in /home/soluctem/sistema.soluctem.com.co/api/submit.php on line 55
[17-Jun-2025 22:58:04 UTC] PHP Warning:  Undefined array key "horaSalida1" in /home/soluctem/sistema.soluctem.com.co/api/submit.php on line 56
[17-Jun-2025 22:58:04 UTC] PHP Warning:  Undefined array key "contratista2" in /home/soluctem/sistema.soluctem.com.co/api/submit.php on line 57
[17-Jun-2025 22:58:04 UTC] PHP Warning:  Undefined array key "cedula2" in /home/soluctem/sistema.soluctem.com.co/api/submit.php on line 58
[17-Jun-2025 22:58:04 UTC] PHP Warning:  Undefined array key "horaEntrada2" in /home/soluctem/sistema.soluctem.com.co/api/submit.php on line 59
[17-Jun-2025 22:58:04 UTC] PHP Warning:  Undefined array key "horaSalida2" in /home/soluctem/sistema.soluctem.com.co/api/submit.php on line 60
[17-Jun-2025 22:58:04 UTC] PHP Warning:  Undefined array key "contratista3" in /home/soluctem/sistema.soluctem.com.co/api/submit.php on line 61
[17-Jun-2025 22:58:04 UTC] PHP Warning:  Undefined array key "cedula3" in /home/soluctem/sistema.soluctem.com.co/api/submit.php on line 62
[17-Jun-2025 22:58:04 UTC] PHP Warning:  Undefined array key "horaEntrada3" in /home/soluctem/sistema.soluctem.com.co/api/submit.php on line 63
[17-Jun-2025 22:58:04 UTC] PHP Warning:  Undefined array key "horaSalida3" in /home/soluctem/sistema.soluctem.com.co/api/submit.php on line 64
[17-Jun-2025 22:58:04 UTC] PHP Warning:  Undefined array key "contratista4" in /home/soluctem/sistema.soluctem.com.co/api/submit.php on line 65
[17-Jun-2025 22:58:04 UTC] PHP Warning:  Undefined array key "cedula4" in /home/soluctem/sistema.soluctem.com.co/api/submit.php on line 66
[17-Jun-2025 22:58:04 UTC] PHP Warning:  Undefined array key "horaEntrada4" in /home/soluctem/sistema.soluctem.com.co/api/submit.php on line 67
[17-Jun-2025 22:58:04 UTC] PHP Warning:  Undefined array key "horaSalida4" in /home/soluctem/sistema.soluctem.com.co/api/submit.php on line 68
[17-Jun-2025 22:58:04 UTC] PHP Warning:  Undefined array key "nombreFuncionario" in /home/soluctem/sistema.soluctem.com.co/api/submit.php on line 69
[17-Jun-2025 22:58:04 UTC] PHP Warning:  Undefined array key "cedulaFuncionario" in /home/soluctem/sistema.soluctem.com.co/api/submit.php on line 70
[17-Jun-2025 22:58:04 UTC] PHP Warning:  Undefined array key "cargoFuncionario" in /home/soluctem/sistema.soluctem.com.co/api/submit.php on line 71
[17-Jun-2025 22:58:04 UTC] PHP Warning:  Undefined array key "sapFuncionario" in /home/soluctem/sistema.soluctem.com.co/api/submit.php on line 72
[17-Jun-2025 22:58:04 UTC] PHP Warning:  Undefined array key "timestamp" in /home/soluctem/sistema.soluctem.com.co/api/submit.php on line 73
[17-Jun-2025 22:58:04 UTC] PHP Warning:  Undefined array key "asistenciaReparacion" in /home/soluctem/sistema.soluctem.com.co/api/submit.php on line 74
[17-Jun-2025 22:58:04 UTC] PHP Warning:  Undefined array key "asistenciaGarantia" in /home/soluctem/sistema.soluctem.com.co/api/submit.php on line 75
[17-Jun-2025 22:58:04 UTC] PHP Warning:  Undefined array key "asistenciaAjuste" in /home/soluctem/sistema.soluctem.com.co/api/submit.php on line 76
[17-Jun-2025 22:58:04 UTC] PHP Warning:  Undefined array key "asistenciaModificacion" in /home/soluctem/sistema.soluctem.com.co/api/submit.php on line 77
[17-Jun-2025 22:58:04 UTC] PHP Warning:  Undefined array key "asistenciaServicio" in /home/soluctem/sistema.soluctem.com.co/api/submit.php on line 78
[17-Jun-2025 22:58:04 UTC] PHP Warning:  Undefined array key "asistenciaMejora" in /home/soluctem/sistema.soluctem.com.co/api/submit.php on line 79
[17-Jun-2025 22:58:04 UTC] PHP Warning:  Undefined array key "asistenciaCombinacion" in /home/soluctem/sistema.soluctem.com.co/api/submit.php on line 80
[17-Jun-2025 22:58:04 UTC] PHP Warning:  Undefined array key "fallaOperacion" in /home/soluctem/sistema.soluctem.com.co/api/submit.php on line 81
[17-Jun-2025 22:58:04 UTC] PHP Warning:  Undefined array key "fallaMecanica" in /home/soluctem/sistema.soluctem.com.co/api/submit.php on line 82
[17-Jun-2025 22:58:04 UTC] PHP Warning:  Undefined array key "fallaElectrica" in /home/soluctem/sistema.soluctem.com.co/api/submit.php on line 83
[17-Jun-2025 22:58:04 UTC] PHP Warning:  Undefined array key "fallaTerceros" in /home/soluctem/sistema.soluctem.com.co/api/submit.php on line 84
[17-Jun-2025 22:58:04 UTC] PHP Warning:  Undefined array key "fallaFabricacion" in /home/soluctem/sistema.soluctem.com.co/api/submit.php on line 85
[17-Jun-2025 22:58:04 UTC] PHP Warning:  Undefined array key "firma_digital_cliente" in /home/soluctem/sistema.soluctem.com.co/api/submit.php on line 86
[17-Jun-2025 22:58:04 UTC] PHP Warning:  Undefined array key "firma_digital_tecnico" in /home/soluctem/sistema.soluctem.com.co/api/submit.php on line 87
[22-Jun-2025 21:36:49 UTC] PHP Warning:  Undefined array key "nombreSolicitante" in /home/soluctem/sistema.soluctem.com.co/api/submit.php on line 28
[22-Jun-2025 21:36:49 UTC] PHP Warning:  Undefined array key "cargo" in /home/soluctem/sistema.soluctem.com.co/api/submit.php on line 29
[22-Jun-2025 21:36:49 UTC] PHP Warning:  Undefined array key "nombreTienda" in /home/soluctem/sistema.soluctem.com.co/api/submit.php on line 30
[22-Jun-2025 21:36:49 UTC] PHP Warning:  Undefined array key "numeroTienda" in /home/soluctem/sistema.soluctem.com.co/api/submit.php on line 31
[22-Jun-2025 21:36:49 UTC] PHP Warning:  Undefined array key "numeroTicket" in /home/soluctem/sistema.soluctem.com.co/api/submit.php on line 32
[22-Jun-2025 21:36:49 UTC] PHP Warning:  Undefined array key "fecha" in /home/soluctem/sistema.soluctem.com.co/api/submit.php on line 33
[22-Jun-2025 21:36:49 UTC] PHP Warning:  Undefined array key "municipio" in /home/soluctem/sistema.soluctem.com.co/api/submit.php on line 34
[22-Jun-2025 21:36:49 UTC] PHP Warning:  Undefined array key "departamento" in /home/soluctem/sistema.soluctem.com.co/api/submit.php on line 35
[22-Jun-2025 21:36:49 UTC] PHP Warning:  Undefined array key "nombreEquipo" in /home/soluctem/sistema.soluctem.com.co/api/submit.php on line 36
[22-Jun-2025 21:36:49 UTC] PHP Warning:  Undefined array key "marca" in /home/soluctem/sistema.soluctem.com.co/api/submit.php on line 37
[22-Jun-2025 21:36:49 UTC] PHP Warning:  Undefined array key "serial" in /home/soluctem/sistema.soluctem.com.co/api/submit.php on line 38
[22-Jun-2025 21:36:49 UTC] PHP Warning:  Undefined array key "descripcionFalla" in /home/soluctem/sistema.soluctem.com.co/api/submit.php on line 39
[22-Jun-2025 21:36:49 UTC] PHP Warning:  Undefined array key "diagnosticoTecnico" in /home/soluctem/sistema.soluctem.com.co/api/submit.php on line 40
[22-Jun-2025 21:36:49 UTC] PHP Warning:  Undefined array key "repuestosCambiados" in /home/soluctem/sistema.soluctem.com.co/api/submit.php on line 41
[22-Jun-2025 21:36:49 UTC] PHP Warning:  Undefined array key "observaciones" in /home/soluctem/sistema.soluctem.com.co/api/submit.php on line 42
[22-Jun-2025 21:36:49 UTC] PHP Warning:  Undefined array key "seguridadRiesgoAccidentalidad" in /home/soluctem/sistema.soluctem.com.co/api/submit.php on line 43
[22-Jun-2025 21:36:49 UTC] PHP Warning:  Undefined array key "seguridadRiesgoEquipo" in /home/soluctem/sistema.soluctem.com.co/api/submit.php on line 44
[22-Jun-2025 21:36:49 UTC] PHP Warning:  Undefined array key "funcionamientoFallaSolucionada" in /home/soluctem/sistema.soluctem.com.co/api/submit.php on line 45
[22-Jun-2025 21:36:49 UTC] PHP Warning:  Undefined array key "funcionamientoPasosNormales" in /home/soluctem/sistema.soluctem.com.co/api/submit.php on line 46
[22-Jun-2025 21:36:49 UTC] PHP Warning:  Undefined array key "calidadTrabajo" in /home/soluctem/sistema.soluctem.com.co/api/submit.php on line 47
[22-Jun-2025 21:36:49 UTC] PHP Warning:  Undefined array key "limpiezaOrganizacionArmado" in /home/soluctem/sistema.soluctem.com.co/api/submit.php on line 48
[22-Jun-2025 21:36:49 UTC] PHP Warning:  Undefined array key "limpiezaOrganizacionAseado" in /home/soluctem/sistema.soluctem.com.co/api/submit.php on line 49
[22-Jun-2025 21:36:49 UTC] PHP Warning:  Undefined array key "capacitacionCausa" in /home/soluctem/sistema.soluctem.com.co/api/submit.php on line 50
[22-Jun-2025 21:36:49 UTC] PHP Warning:  Undefined array key "capacitacionPrevencion" in /home/soluctem/sistema.soluctem.com.co/api/submit.php on line 51
[22-Jun-2025 21:36:49 UTC] PHP Warning:  Undefined array key "capacitacionAccion" in /home/soluctem/sistema.soluctem.com.co/api/submit.php on line 52
[22-Jun-2025 21:36:49 UTC] PHP Warning:  Undefined array key "contratista1" in /home/soluctem/sistema.soluctem.com.co/api/submit.php on line 53
[22-Jun-2025 21:36:49 UTC] PHP Warning:  Undefined array key "cedula1" in /home/soluctem/sistema.soluctem.com.co/api/submit.php on line 54
[22-Jun-2025 21:36:49 UTC] PHP Warning:  Undefined array key "horaEntrada1" in /home/soluctem/sistema.soluctem.com.co/api/submit.php on line 55
[22-Jun-2025 21:36:49 UTC] PHP Warning:  Undefined array key "horaSalida1" in /home/soluctem/sistema.soluctem.com.co/api/submit.php on line 56
[22-Jun-2025 21:36:49 UTC] PHP Warning:  Undefined array key "contratista2" in /home/soluctem/sistema.soluctem.com.co/api/submit.php on line 57
[22-Jun-2025 21:36:49 UTC] PHP Warning:  Undefined array key "cedula2" in /home/soluctem/sistema.soluctem.com.co/api/submit.php on line 58
[22-Jun-2025 21:36:49 UTC] PHP Warning:  Undefined array key "horaEntrada2" in /home/soluctem/sistema.soluctem.com.co/api/submit.php on line 59
[22-Jun-2025 21:36:49 UTC] PHP Warning:  Undefined array key "horaSalida2" in /home/soluctem/sistema.soluctem.com.co/api/submit.php on line 60
[22-Jun-2025 21:36:49 UTC] PHP Warning:  Undefined array key "contratista3" in /home/soluctem/sistema.soluctem.com.co/api/submit.php on line 61
[22-Jun-2025 21:36:49 UTC] PHP Warning:  Undefined array key "cedula3" in /home/soluctem/sistema.soluctem.com.co/api/submit.php on line 62
[22-Jun-2025 21:36:49 UTC] PHP Warning:  Undefined array key "horaEntrada3" in /home/soluctem/sistema.soluctem.com.co/api/submit.php on line 63
[22-Jun-2025 21:36:49 UTC] PHP Warning:  Undefined array key "horaSalida3" in /home/soluctem/sistema.soluctem.com.co/api/submit.php on line 64
[22-Jun-2025 21:36:49 UTC] PHP Warning:  Undefined array key "contratista4" in /home/soluctem/sistema.soluctem.com.co/api/submit.php on line 65
[22-Jun-2025 21:36:49 UTC] PHP Warning:  Undefined array key "cedula4" in /home/soluctem/sistema.soluctem.com.co/api/submit.php on line 66
[22-Jun-2025 21:36:49 UTC] PHP Warning:  Undefined array key "horaEntrada4" in /home/soluctem/sistema.soluctem.com.co/api/submit.php on line 67
[22-Jun-2025 21:36:49 UTC] PHP Warning:  Undefined array key "horaSalida4" in /home/soluctem/sistema.soluctem.com.co/api/submit.php on line 68
[22-Jun-2025 21:36:49 UTC] PHP Warning:  Undefined array key "nombreFuncionario" in /home/soluctem/sistema.soluctem.com.co/api/submit.php on line 69
[22-Jun-2025 21:36:49 UTC] PHP Warning:  Undefined array key "cedulaFuncionario" in /home/soluctem/sistema.soluctem.com.co/api/submit.php on line 70
[22-Jun-2025 21:36:49 UTC] PHP Warning:  Undefined array key "cargoFuncionario" in /home/soluctem/sistema.soluctem.com.co/api/submit.php on line 71
[22-Jun-2025 21:36:49 UTC] PHP Warning:  Undefined array key "sapFuncionario" in /home/soluctem/sistema.soluctem.com.co/api/submit.php on line 72
[22-Jun-2025 21:36:49 UTC] PHP Warning:  Undefined array key "timestamp" in /home/soluctem/sistema.soluctem.com.co/api/submit.php on line 73
[22-Jun-2025 21:36:49 UTC] PHP Warning:  Undefined array key "asistenciaReparacion" in /home/soluctem/sistema.soluctem.com.co/api/submit.php on line 74
[22-Jun-2025 21:36:49 UTC] PHP Warning:  Undefined array key "asistenciaGarantia" in /home/soluctem/sistema.soluctem.com.co/api/submit.php on line 75
[22-Jun-2025 21:36:49 UTC] PHP Warning:  Undefined array key "asistenciaAjuste" in /home/soluctem/sistema.soluctem.com.co/api/submit.php on line 76
[22-Jun-2025 21:36:49 UTC] PHP Warning:  Undefined array key "asistenciaModificacion" in /home/soluctem/sistema.soluctem.com.co/api/submit.php on line 77
[22-Jun-2025 21:36:49 UTC] PHP Warning:  Undefined array key "asistenciaServicio" in /home/soluctem/sistema.soluctem.com.co/api/submit.php on line 78
[22-Jun-2025 21:36:49 UTC] PHP Warning:  Undefined array key "asistenciaMejora" in /home/soluctem/sistema.soluctem.com.co/api/submit.php on line 79
[22-Jun-2025 21:36:49 UTC] PHP Warning:  Undefined array key "asistenciaCombinacion" in /home/soluctem/sistema.soluctem.com.co/api/submit.php on line 80
[22-Jun-2025 21:36:49 UTC] PHP Warning:  Undefined array key "fallaOperacion" in /home/soluctem/sistema.soluctem.com.co/api/submit.php on line 81
[22-Jun-2025 21:36:49 UTC] PHP Warning:  Undefined array key "fallaMecanica" in /home/soluctem/sistema.soluctem.com.co/api/submit.php on line 82
[22-Jun-2025 21:36:49 UTC] PHP Warning:  Undefined array key "fallaElectrica" in /home/soluctem/sistema.soluctem.com.co/api/submit.php on line 83
[22-Jun-2025 21:36:49 UTC] PHP Warning:  Undefined array key "fallaTerceros" in /home/soluctem/sistema.soluctem.com.co/api/submit.php on line 84
[22-Jun-2025 21:36:49 UTC] PHP Warning:  Undefined array key "fallaFabricacion" in /home/soluctem/sistema.soluctem.com.co/api/submit.php on line 85
[22-Jun-2025 21:36:49 UTC] PHP Warning:  Undefined array key "firma_digital_cliente" in /home/soluctem/sistema.soluctem.com.co/api/submit.php on line 86
[22-Jun-2025 21:36:49 UTC] PHP Warning:  Undefined array key "firma_digital_tecnico" in /home/soluctem/sistema.soluctem.com.co/api/submit.php on line 87
[22-Jun-2025 21:39:05 UTC] PHP Warning:  Undefined array key "nombreSolicitante" in /home/soluctem/sistema.soluctem.com.co/api/submit.php on line 28
[22-Jun-2025 21:39:05 UTC] PHP Warning:  Undefined array key "cargo" in /home/soluctem/sistema.soluctem.com.co/api/submit.php on line 29
[22-Jun-2025 21:39:05 UTC] PHP Warning:  Undefined array key "nombreTienda" in /home/soluctem/sistema.soluctem.com.co/api/submit.php on line 30
[22-Jun-2025 21:39:05 UTC] PHP Warning:  Undefined array key "numeroTienda" in /home/soluctem/sistema.soluctem.com.co/api/submit.php on line 31
[22-Jun-2025 21:39:05 UTC] PHP Warning:  Undefined array key "numeroTicket" in /home/soluctem/sistema.soluctem.com.co/api/submit.php on line 32
[22-Jun-2025 21:39:05 UTC] PHP Warning:  Undefined array key "fecha" in /home/soluctem/sistema.soluctem.com.co/api/submit.php on line 33
[22-Jun-2025 21:39:05 UTC] PHP Warning:  Undefined array key "municipio" in /home/soluctem/sistema.soluctem.com.co/api/submit.php on line 34
[22-Jun-2025 21:39:05 UTC] PHP Warning:  Undefined array key "departamento" in /home/soluctem/sistema.soluctem.com.co/api/submit.php on line 35
[22-Jun-2025 21:39:05 UTC] PHP Warning:  Undefined array key "nombreEquipo" in /home/soluctem/sistema.soluctem.com.co/api/submit.php on line 36
[22-Jun-2025 21:39:05 UTC] PHP Warning:  Undefined array key "marca" in /home/soluctem/sistema.soluctem.com.co/api/submit.php on line 37
[22-Jun-2025 21:39:05 UTC] PHP Warning:  Undefined array key "serial" in /home/soluctem/sistema.soluctem.com.co/api/submit.php on line 38
[22-Jun-2025 21:39:05 UTC] PHP Warning:  Undefined array key "descripcionFalla" in /home/soluctem/sistema.soluctem.com.co/api/submit.php on line 39
[22-Jun-2025 21:39:05 UTC] PHP Warning:  Undefined array key "diagnosticoTecnico" in /home/soluctem/sistema.soluctem.com.co/api/submit.php on line 40
[22-Jun-2025 21:39:05 UTC] PHP Warning:  Undefined array key "repuestosCambiados" in /home/soluctem/sistema.soluctem.com.co/api/submit.php on line 41
[22-Jun-2025 21:39:05 UTC] PHP Warning:  Undefined array key "observaciones" in /home/soluctem/sistema.soluctem.com.co/api/submit.php on line 42
[22-Jun-2025 21:39:05 UTC] PHP Warning:  Undefined array key "seguridadRiesgoAccidentalidad" in /home/soluctem/sistema.soluctem.com.co/api/submit.php on line 43
[22-Jun-2025 21:39:05 UTC] PHP Warning:  Undefined array key "seguridadRiesgoEquipo" in /home/soluctem/sistema.soluctem.com.co/api/submit.php on line 44
[22-Jun-2025 21:39:05 UTC] PHP Warning:  Undefined array key "funcionamientoFallaSolucionada" in /home/soluctem/sistema.soluctem.com.co/api/submit.php on line 45
[22-Jun-2025 21:39:05 UTC] PHP Warning:  Undefined array key "funcionamientoPasosNormales" in /home/soluctem/sistema.soluctem.com.co/api/submit.php on line 46
[22-Jun-2025 21:39:05 UTC] PHP Warning:  Undefined array key "calidadTrabajo" in /home/soluctem/sistema.soluctem.com.co/api/submit.php on line 47
[22-Jun-2025 21:39:05 UTC] PHP Warning:  Undefined array key "limpiezaOrganizacionArmado" in /home/soluctem/sistema.soluctem.com.co/api/submit.php on line 48
[22-Jun-2025 21:39:05 UTC] PHP Warning:  Undefined array key "limpiezaOrganizacionAseado" in /home/soluctem/sistema.soluctem.com.co/api/submit.php on line 49
[22-Jun-2025 21:39:05 UTC] PHP Warning:  Undefined array key "capacitacionCausa" in /home/soluctem/sistema.soluctem.com.co/api/submit.php on line 50
[22-Jun-2025 21:39:05 UTC] PHP Warning:  Undefined array key "capacitacionPrevencion" in /home/soluctem/sistema.soluctem.com.co/api/submit.php on line 51
[22-Jun-2025 21:39:05 UTC] PHP Warning:  Undefined array key "capacitacionAccion" in /home/soluctem/sistema.soluctem.com.co/api/submit.php on line 52
[22-Jun-2025 21:39:05 UTC] PHP Warning:  Undefined array key "contratista1" in /home/soluctem/sistema.soluctem.com.co/api/submit.php on line 53
[22-Jun-2025 21:39:05 UTC] PHP Warning:  Undefined array key "cedula1" in /home/soluctem/sistema.soluctem.com.co/api/submit.php on line 54
[22-Jun-2025 21:39:05 UTC] PHP Warning:  Undefined array key "horaEntrada1" in /home/soluctem/sistema.soluctem.com.co/api/submit.php on line 55
[22-Jun-2025 21:39:05 UTC] PHP Warning:  Undefined array key "horaSalida1" in /home/soluctem/sistema.soluctem.com.co/api/submit.php on line 56
[22-Jun-2025 21:39:05 UTC] PHP Warning:  Undefined array key "contratista2" in /home/soluctem/sistema.soluctem.com.co/api/submit.php on line 57
[22-Jun-2025 21:39:05 UTC] PHP Warning:  Undefined array key "cedula2" in /home/soluctem/sistema.soluctem.com.co/api/submit.php on line 58
[22-Jun-2025 21:39:05 UTC] PHP Warning:  Undefined array key "horaEntrada2" in /home/soluctem/sistema.soluctem.com.co/api/submit.php on line 59
[22-Jun-2025 21:39:05 UTC] PHP Warning:  Undefined array key "horaSalida2" in /home/soluctem/sistema.soluctem.com.co/api/submit.php on line 60
[22-Jun-2025 21:39:05 UTC] PHP Warning:  Undefined array key "contratista3" in /home/soluctem/sistema.soluctem.com.co/api/submit.php on line 61
[22-Jun-2025 21:39:05 UTC] PHP Warning:  Undefined array key "cedula3" in /home/soluctem/sistema.soluctem.com.co/api/submit.php on line 62
[22-Jun-2025 21:39:05 UTC] PHP Warning:  Undefined array key "horaEntrada3" in /home/soluctem/sistema.soluctem.com.co/api/submit.php on line 63
[22-Jun-2025 21:39:05 UTC] PHP Warning:  Undefined array key "horaSalida3" in /home/soluctem/sistema.soluctem.com.co/api/submit.php on line 64
[22-Jun-2025 21:39:05 UTC] PHP Warning:  Undefined array key "contratista4" in /home/soluctem/sistema.soluctem.com.co/api/submit.php on line 65
[22-Jun-2025 21:39:05 UTC] PHP Warning:  Undefined array key "cedula4" in /home/soluctem/sistema.soluctem.com.co/api/submit.php on line 66
[22-Jun-2025 21:39:05 UTC] PHP Warning:  Undefined array key "horaEntrada4" in /home/soluctem/sistema.soluctem.com.co/api/submit.php on line 67
[22-Jun-2025 21:39:05 UTC] PHP Warning:  Undefined array key "horaSalida4" in /home/soluctem/sistema.soluctem.com.co/api/submit.php on line 68
[22-Jun-2025 21:39:05 UTC] PHP Warning:  Undefined array key "nombreFuncionario" in /home/soluctem/sistema.soluctem.com.co/api/submit.php on line 69
[22-Jun-2025 21:39:05 UTC] PHP Warning:  Undefined array key "cedulaFuncionario" in /home/soluctem/sistema.soluctem.com.co/api/submit.php on line 70
[22-Jun-2025 21:39:05 UTC] PHP Warning:  Undefined array key "cargoFuncionario" in /home/soluctem/sistema.soluctem.com.co/api/submit.php on line 71
[22-Jun-2025 21:39:05 UTC] PHP Warning:  Undefined array key "sapFuncionario" in /home/soluctem/sistema.soluctem.com.co/api/submit.php on line 72
[22-Jun-2025 21:39:05 UTC] PHP Warning:  Undefined array key "timestamp" in /home/soluctem/sistema.soluctem.com.co/api/submit.php on line 73
[22-Jun-2025 21:39:05 UTC] PHP Warning:  Undefined array key "asistenciaReparacion" in /home/soluctem/sistema.soluctem.com.co/api/submit.php on line 74
[22-Jun-2025 21:39:05 UTC] PHP Warning:  Undefined array key "asistenciaGarantia" in /home/soluctem/sistema.soluctem.com.co/api/submit.php on line 75
[22-Jun-2025 21:39:05 UTC] PHP Warning:  Undefined array key "asistenciaAjuste" in /home/soluctem/sistema.soluctem.com.co/api/submit.php on line 76
[22-Jun-2025 21:39:05 UTC] PHP Warning:  Undefined array key "asistenciaModificacion" in /home/soluctem/sistema.soluctem.com.co/api/submit.php on line 77
[22-Jun-2025 21:39:05 UTC] PHP Warning:  Undefined array key "asistenciaServicio" in /home/soluctem/sistema.soluctem.com.co/api/submit.php on line 78
[22-Jun-2025 21:39:05 UTC] PHP Warning:  Undefined array key "asistenciaMejora" in /home/soluctem/sistema.soluctem.com.co/api/submit.php on line 79
[22-Jun-2025 21:39:05 UTC] PHP Warning:  Undefined array key "asistenciaCombinacion" in /home/soluctem/sistema.soluctem.com.co/api/submit.php on line 80
[22-Jun-2025 21:39:05 UTC] PHP Warning:  Undefined array key "fallaOperacion" in /home/soluctem/sistema.soluctem.com.co/api/submit.php on line 81
[22-Jun-2025 21:39:05 UTC] PHP Warning:  Undefined array key "fallaMecanica" in /home/soluctem/sistema.soluctem.com.co/api/submit.php on line 82
[22-Jun-2025 21:39:05 UTC] PHP Warning:  Undefined array key "fallaElectrica" in /home/soluctem/sistema.soluctem.com.co/api/submit.php on line 83
[22-Jun-2025 21:39:05 UTC] PHP Warning:  Undefined array key "fallaTerceros" in /home/soluctem/sistema.soluctem.com.co/api/submit.php on line 84
[22-Jun-2025 21:39:05 UTC] PHP Warning:  Undefined array key "fallaFabricacion" in /home/soluctem/sistema.soluctem.com.co/api/submit.php on line 85
[22-Jun-2025 21:39:05 UTC] PHP Warning:  Undefined array key "firma_digital_cliente" in /home/soluctem/sistema.soluctem.com.co/api/submit.php on line 86
[22-Jun-2025 21:39:05 UTC] PHP Warning:  Undefined array key "firma_digital_tecnico" in /home/soluctem/sistema.soluctem.com.co/api/submit.php on line 87
[22-Jun-2025 22:50:32 UTC] PHP Warning:  Undefined array key "nombreSolicitante" in /home/soluctem/sistema.soluctem.com.co/api/submit.php on line 28
[22-Jun-2025 22:50:32 UTC] PHP Warning:  Undefined array key "cargo" in /home/soluctem/sistema.soluctem.com.co/api/submit.php on line 29
[22-Jun-2025 22:50:32 UTC] PHP Warning:  Undefined array key "nombreTienda" in /home/soluctem/sistema.soluctem.com.co/api/submit.php on line 30
[22-Jun-2025 22:50:32 UTC] PHP Warning:  Undefined array key "numeroTienda" in /home/soluctem/sistema.soluctem.com.co/api/submit.php on line 31
[22-Jun-2025 22:50:32 UTC] PHP Warning:  Undefined array key "numeroTicket" in /home/soluctem/sistema.soluctem.com.co/api/submit.php on line 32
[22-Jun-2025 22:50:32 UTC] PHP Warning:  Undefined array key "fecha" in /home/soluctem/sistema.soluctem.com.co/api/submit.php on line 33
[22-Jun-2025 22:50:32 UTC] PHP Warning:  Undefined array key "municipio" in /home/soluctem/sistema.soluctem.com.co/api/submit.php on line 34
[22-Jun-2025 22:50:32 UTC] PHP Warning:  Undefined array key "departamento" in /home/soluctem/sistema.soluctem.com.co/api/submit.php on line 35
[22-Jun-2025 22:50:32 UTC] PHP Warning:  Undefined array key "nombreEquipo" in /home/soluctem/sistema.soluctem.com.co/api/submit.php on line 36
[22-Jun-2025 22:50:32 UTC] PHP Warning:  Undefined array key "marca" in /home/soluctem/sistema.soluctem.com.co/api/submit.php on line 37
[22-Jun-2025 22:50:32 UTC] PHP Warning:  Undefined array key "serial" in /home/soluctem/sistema.soluctem.com.co/api/submit.php on line 38
[22-Jun-2025 22:50:32 UTC] PHP Warning:  Undefined array key "descripcionFalla" in /home/soluctem/sistema.soluctem.com.co/api/submit.php on line 39
[22-Jun-2025 22:50:32 UTC] PHP Warning:  Undefined array key "diagnosticoTecnico" in /home/soluctem/sistema.soluctem.com.co/api/submit.php on line 40
[22-Jun-2025 22:50:32 UTC] PHP Warning:  Undefined array key "repuestosCambiados" in /home/soluctem/sistema.soluctem.com.co/api/submit.php on line 41
[22-Jun-2025 22:50:32 UTC] PHP Warning:  Undefined array key "observaciones" in /home/soluctem/sistema.soluctem.com.co/api/submit.php on line 42
[22-Jun-2025 22:50:32 UTC] PHP Warning:  Undefined array key "seguridadRiesgoAccidentalidad" in /home/soluctem/sistema.soluctem.com.co/api/submit.php on line 43
[22-Jun-2025 22:50:32 UTC] PHP Warning:  Undefined array key "seguridadRiesgoEquipo" in /home/soluctem/sistema.soluctem.com.co/api/submit.php on line 44
[22-Jun-2025 22:50:32 UTC] PHP Warning:  Undefined array key "funcionamientoFallaSolucionada" in /home/soluctem/sistema.soluctem.com.co/api/submit.php on line 45
[22-Jun-2025 22:50:32 UTC] PHP Warning:  Undefined array key "funcionamientoPasosNormales" in /home/soluctem/sistema.soluctem.com.co/api/submit.php on line 46
[22-Jun-2025 22:50:32 UTC] PHP Warning:  Undefined array key "calidadTrabajo" in /home/soluctem/sistema.soluctem.com.co/api/submit.php on line 47
[22-Jun-2025 22:50:32 UTC] PHP Warning:  Undefined array key "limpiezaOrganizacionArmado" in /home/soluctem/sistema.soluctem.com.co/api/submit.php on line 48
[22-Jun-2025 22:50:32 UTC] PHP Warning:  Undefined array key "limpiezaOrganizacionAseado" in /home/soluctem/sistema.soluctem.com.co/api/submit.php on line 49
[22-Jun-2025 22:50:32 UTC] PHP Warning:  Undefined array key "capacitacionCausa" in /home/soluctem/sistema.soluctem.com.co/api/submit.php on line 50
[22-Jun-2025 22:50:32 UTC] PHP Warning:  Undefined array key "capacitacionPrevencion" in /home/soluctem/sistema.soluctem.com.co/api/submit.php on line 51
[22-Jun-2025 22:50:32 UTC] PHP Warning:  Undefined array key "capacitacionAccion" in /home/soluctem/sistema.soluctem.com.co/api/submit.php on line 52
[22-Jun-2025 22:50:32 UTC] PHP Warning:  Undefined array key "contratista1" in /home/soluctem/sistema.soluctem.com.co/api/submit.php on line 53
[22-Jun-2025 22:50:32 UTC] PHP Warning:  Undefined array key "cedula1" in /home/soluctem/sistema.soluctem.com.co/api/submit.php on line 54
[22-Jun-2025 22:50:32 UTC] PHP Warning:  Undefined array key "horaEntrada1" in /home/soluctem/sistema.soluctem.com.co/api/submit.php on line 55
[22-Jun-2025 22:50:32 UTC] PHP Warning:  Undefined array key "horaSalida1" in /home/soluctem/sistema.soluctem.com.co/api/submit.php on line 56
[22-Jun-2025 22:50:32 UTC] PHP Warning:  Undefined array key "contratista2" in /home/soluctem/sistema.soluctem.com.co/api/submit.php on line 57
[22-Jun-2025 22:50:32 UTC] PHP Warning:  Undefined array key "cedula2" in /home/soluctem/sistema.soluctem.com.co/api/submit.php on line 58
[22-Jun-2025 22:50:32 UTC] PHP Warning:  Undefined array key "horaEntrada2" in /home/soluctem/sistema.soluctem.com.co/api/submit.php on line 59
[22-Jun-2025 22:50:32 UTC] PHP Warning:  Undefined array key "horaSalida2" in /home/soluctem/sistema.soluctem.com.co/api/submit.php on line 60
[22-Jun-2025 22:50:32 UTC] PHP Warning:  Undefined array key "contratista3" in /home/soluctem/sistema.soluctem.com.co/api/submit.php on line 61
[22-Jun-2025 22:50:32 UTC] PHP Warning:  Undefined array key "cedula3" in /home/soluctem/sistema.soluctem.com.co/api/submit.php on line 62
[22-Jun-2025 22:50:32 UTC] PHP Warning:  Undefined array key "horaEntrada3" in /home/soluctem/sistema.soluctem.com.co/api/submit.php on line 63
[22-Jun-2025 22:50:32 UTC] PHP Warning:  Undefined array key "horaSalida3" in /home/soluctem/sistema.soluctem.com.co/api/submit.php on line 64
[22-Jun-2025 22:50:32 UTC] PHP Warning:  Undefined array key "contratista4" in /home/soluctem/sistema.soluctem.com.co/api/submit.php on line 65
[22-Jun-2025 22:50:32 UTC] PHP Warning:  Undefined array key "cedula4" in /home/soluctem/sistema.soluctem.com.co/api/submit.php on line 66
[22-Jun-2025 22:50:32 UTC] PHP Warning:  Undefined array key "horaEntrada4" in /home/soluctem/sistema.soluctem.com.co/api/submit.php on line 67
[22-Jun-2025 22:50:32 UTC] PHP Warning:  Undefined array key "horaSalida4" in /home/soluctem/sistema.soluctem.com.co/api/submit.php on line 68
[22-Jun-2025 22:50:32 UTC] PHP Warning:  Undefined array key "nombreFuncionario" in /home/soluctem/sistema.soluctem.com.co/api/submit.php on line 69
[22-Jun-2025 22:50:32 UTC] PHP Warning:  Undefined array key "cedulaFuncionario" in /home/soluctem/sistema.soluctem.com.co/api/submit.php on line 70
[22-Jun-2025 22:50:32 UTC] PHP Warning:  Undefined array key "cargoFuncionario" in /home/soluctem/sistema.soluctem.com.co/api/submit.php on line 71
[22-Jun-2025 22:50:32 UTC] PHP Warning:  Undefined array key "sapFuncionario" in /home/soluctem/sistema.soluctem.com.co/api/submit.php on line 72
[22-Jun-2025 22:50:32 UTC] PHP Warning:  Undefined array key "timestamp" in /home/soluctem/sistema.soluctem.com.co/api/submit.php on line 73
[22-Jun-2025 22:50:32 UTC] PHP Warning:  Undefined array key "asistenciaReparacion" in /home/soluctem/sistema.soluctem.com.co/api/submit.php on line 74
[22-Jun-2025 22:50:32 UTC] PHP Warning:  Undefined array key "asistenciaGarantia" in /home/soluctem/sistema.soluctem.com.co/api/submit.php on line 75
[22-Jun-2025 22:50:32 UTC] PHP Warning:  Undefined array key "asistenciaAjuste" in /home/soluctem/sistema.soluctem.com.co/api/submit.php on line 76
[22-Jun-2025 22:50:32 UTC] PHP Warning:  Undefined array key "asistenciaModificacion" in /home/soluctem/sistema.soluctem.com.co/api/submit.php on line 77
[22-Jun-2025 22:50:32 UTC] PHP Warning:  Undefined array key "asistenciaServicio" in /home/soluctem/sistema.soluctem.com.co/api/submit.php on line 78
[22-Jun-2025 22:50:32 UTC] PHP Warning:  Undefined array key "asistenciaMejora" in /home/soluctem/sistema.soluctem.com.co/api/submit.php on line 79
[22-Jun-2025 22:50:32 UTC] PHP Warning:  Undefined array key "asistenciaCombinacion" in /home/soluctem/sistema.soluctem.com.co/api/submit.php on line 80
[22-Jun-2025 22:50:32 UTC] PHP Warning:  Undefined array key "fallaOperacion" in /home/soluctem/sistema.soluctem.com.co/api/submit.php on line 81
[22-Jun-2025 22:50:32 UTC] PHP Warning:  Undefined array key "fallaMecanica" in /home/soluctem/sistema.soluctem.com.co/api/submit.php on line 82
[22-Jun-2025 22:50:32 UTC] PHP Warning:  Undefined array key "fallaElectrica" in /home/soluctem/sistema.soluctem.com.co/api/submit.php on line 83
[22-Jun-2025 22:50:32 UTC] PHP Warning:  Undefined array key "fallaTerceros" in /home/soluctem/sistema.soluctem.com.co/api/submit.php on line 84
[22-Jun-2025 22:50:32 UTC] PHP Warning:  Undefined array key "fallaFabricacion" in /home/soluctem/sistema.soluctem.com.co/api/submit.php on line 85
[22-Jun-2025 22:50:32 UTC] PHP Warning:  Undefined array key "firma_digital_cliente" in /home/soluctem/sistema.soluctem.com.co/api/submit.php on line 86
[22-Jun-2025 22:50:32 UTC] PHP Warning:  Undefined array key "firma_digital_tecnico" in /home/soluctem/sistema.soluctem.com.co/api/submit.php on line 87
[22-Jun-2025 23:02:59 UTC] PHP Warning:  Undefined array key "nombreSolicitante" in /home/soluctem/sistema.soluctem.com.co/api/submit.php on line 28
[22-Jun-2025 23:02:59 UTC] PHP Warning:  Undefined array key "cargo" in /home/soluctem/sistema.soluctem.com.co/api/submit.php on line 29
[22-Jun-2025 23:02:59 UTC] PHP Warning:  Undefined array key "nombreTienda" in /home/soluctem/sistema.soluctem.com.co/api/submit.php on line 30
[22-Jun-2025 23:02:59 UTC] PHP Warning:  Undefined array key "numeroTienda" in /home/soluctem/sistema.soluctem.com.co/api/submit.php on line 31
[22-Jun-2025 23:02:59 UTC] PHP Warning:  Undefined array key "numeroTicket" in /home/soluctem/sistema.soluctem.com.co/api/submit.php on line 32
[22-Jun-2025 23:02:59 UTC] PHP Warning:  Undefined array key "fecha" in /home/soluctem/sistema.soluctem.com.co/api/submit.php on line 33
[22-Jun-2025 23:02:59 UTC] PHP Warning:  Undefined array key "municipio" in /home/soluctem/sistema.soluctem.com.co/api/submit.php on line 34
[22-Jun-2025 23:02:59 UTC] PHP Warning:  Undefined array key "departamento" in /home/soluctem/sistema.soluctem.com.co/api/submit.php on line 35
[22-Jun-2025 23:02:59 UTC] PHP Warning:  Undefined array key "nombreEquipo" in /home/soluctem/sistema.soluctem.com.co/api/submit.php on line 36
[22-Jun-2025 23:02:59 UTC] PHP Warning:  Undefined array key "marca" in /home/soluctem/sistema.soluctem.com.co/api/submit.php on line 37
[22-Jun-2025 23:02:59 UTC] PHP Warning:  Undefined array key "serial" in /home/soluctem/sistema.soluctem.com.co/api/submit.php on line 38
[22-Jun-2025 23:02:59 UTC] PHP Warning:  Undefined array key "descripcionFalla" in /home/soluctem/sistema.soluctem.com.co/api/submit.php on line 39
[22-Jun-2025 23:02:59 UTC] PHP Warning:  Undefined array key "diagnosticoTecnico" in /home/soluctem/sistema.soluctem.com.co/api/submit.php on line 40
[22-Jun-2025 23:02:59 UTC] PHP Warning:  Undefined array key "repuestosCambiados" in /home/soluctem/sistema.soluctem.com.co/api/submit.php on line 41
[22-Jun-2025 23:02:59 UTC] PHP Warning:  Undefined array key "observaciones" in /home/soluctem/sistema.soluctem.com.co/api/submit.php on line 42
[22-Jun-2025 23:02:59 UTC] PHP Warning:  Undefined array key "seguridadRiesgoAccidentalidad" in /home/soluctem/sistema.soluctem.com.co/api/submit.php on line 43
[22-Jun-2025 23:02:59 UTC] PHP Warning:  Undefined array key "seguridadRiesgoEquipo" in /home/soluctem/sistema.soluctem.com.co/api/submit.php on line 44
[22-Jun-2025 23:02:59 UTC] PHP Warning:  Undefined array key "funcionamientoFallaSolucionada" in /home/soluctem/sistema.soluctem.com.co/api/submit.php on line 45
[22-Jun-2025 23:02:59 UTC] PHP Warning:  Undefined array key "funcionamientoPasosNormales" in /home/soluctem/sistema.soluctem.com.co/api/submit.php on line 46
[22-Jun-2025 23:02:59 UTC] PHP Warning:  Undefined array key "calidadTrabajo" in /home/soluctem/sistema.soluctem.com.co/api/submit.php on line 47
[22-Jun-2025 23:02:59 UTC] PHP Warning:  Undefined array key "limpiezaOrganizacionArmado" in /home/soluctem/sistema.soluctem.com.co/api/submit.php on line 48
[22-Jun-2025 23:02:59 UTC] PHP Warning:  Undefined array key "limpiezaOrganizacionAseado" in /home/soluctem/sistema.soluctem.com.co/api/submit.php on line 49
[22-Jun-2025 23:02:59 UTC] PHP Warning:  Undefined array key "capacitacionCausa" in /home/soluctem/sistema.soluctem.com.co/api/submit.php on line 50
[22-Jun-2025 23:02:59 UTC] PHP Warning:  Undefined array key "capacitacionPrevencion" in /home/soluctem/sistema.soluctem.com.co/api/submit.php on line 51
[22-Jun-2025 23:02:59 UTC] PHP Warning:  Undefined array key "capacitacionAccion" in /home/soluctem/sistema.soluctem.com.co/api/submit.php on line 52
[22-Jun-2025 23:02:59 UTC] PHP Warning:  Undefined array key "contratista1" in /home/soluctem/sistema.soluctem.com.co/api/submit.php on line 53
[22-Jun-2025 23:02:59 UTC] PHP Warning:  Undefined array key "cedula1" in /home/soluctem/sistema.soluctem.com.co/api/submit.php on line 54
[22-Jun-2025 23:02:59 UTC] PHP Warning:  Undefined array key "horaEntrada1" in /home/soluctem/sistema.soluctem.com.co/api/submit.php on line 55
[22-Jun-2025 23:02:59 UTC] PHP Warning:  Undefined array key "horaSalida1" in /home/soluctem/sistema.soluctem.com.co/api/submit.php on line 56
[22-Jun-2025 23:02:59 UTC] PHP Warning:  Undefined array key "contratista2" in /home/soluctem/sistema.soluctem.com.co/api/submit.php on line 57
[22-Jun-2025 23:02:59 UTC] PHP Warning:  Undefined array key "cedula2" in /home/soluctem/sistema.soluctem.com.co/api/submit.php on line 58
[22-Jun-2025 23:02:59 UTC] PHP Warning:  Undefined array key "horaEntrada2" in /home/soluctem/sistema.soluctem.com.co/api/submit.php on line 59
[22-Jun-2025 23:02:59 UTC] PHP Warning:  Undefined array key "horaSalida2" in /home/soluctem/sistema.soluctem.com.co/api/submit.php on line 60
[22-Jun-2025 23:02:59 UTC] PHP Warning:  Undefined array key "contratista3" in /home/soluctem/sistema.soluctem.com.co/api/submit.php on line 61
[22-Jun-2025 23:02:59 UTC] PHP Warning:  Undefined array key "cedula3" in /home/soluctem/sistema.soluctem.com.co/api/submit.php on line 62
[22-Jun-2025 23:02:59 UTC] PHP Warning:  Undefined array key "horaEntrada3" in /home/soluctem/sistema.soluctem.com.co/api/submit.php on line 63
[22-Jun-2025 23:02:59 UTC] PHP Warning:  Undefined array key "horaSalida3" in /home/soluctem/sistema.soluctem.com.co/api/submit.php on line 64
[22-Jun-2025 23:02:59 UTC] PHP Warning:  Undefined array key "contratista4" in /home/soluctem/sistema.soluctem.com.co/api/submit.php on line 65
[22-Jun-2025 23:02:59 UTC] PHP Warning:  Undefined array key "cedula4" in /home/soluctem/sistema.soluctem.com.co/api/submit.php on line 66
[22-Jun-2025 23:02:59 UTC] PHP Warning:  Undefined array key "horaEntrada4" in /home/soluctem/sistema.soluctem.com.co/api/submit.php on line 67
[22-Jun-2025 23:02:59 UTC] PHP Warning:  Undefined array key "horaSalida4" in /home/soluctem/sistema.soluctem.com.co/api/submit.php on line 68
[22-Jun-2025 23:02:59 UTC] PHP Warning:  Undefined array key "nombreFuncionario" in /home/soluctem/sistema.soluctem.com.co/api/submit.php on line 69
[22-Jun-2025 23:02:59 UTC] PHP Warning:  Undefined array key "cedulaFuncionario" in /home/soluctem/sistema.soluctem.com.co/api/submit.php on line 70
[22-Jun-2025 23:02:59 UTC] PHP Warning:  Undefined array key "cargoFuncionario" in /home/soluctem/sistema.soluctem.com.co/api/submit.php on line 71
[22-Jun-2025 23:02:59 UTC] PHP Warning:  Undefined array key "sapFuncionario" in /home/soluctem/sistema.soluctem.com.co/api/submit.php on line 72
[22-Jun-2025 23:02:59 UTC] PHP Warning:  Undefined array key "timestamp" in /home/soluctem/sistema.soluctem.com.co/api/submit.php on line 73
[22-Jun-2025 23:02:59 UTC] PHP Warning:  Undefined array key "asistenciaReparacion" in /home/soluctem/sistema.soluctem.com.co/api/submit.php on line 74
[22-Jun-2025 23:02:59 UTC] PHP Warning:  Undefined array key "asistenciaGarantia" in /home/soluctem/sistema.soluctem.com.co/api/submit.php on line 75
[22-Jun-2025 23:02:59 UTC] PHP Warning:  Undefined array key "asistenciaAjuste" in /home/soluctem/sistema.soluctem.com.co/api/submit.php on line 76
[22-Jun-2025 23:02:59 UTC] PHP Warning:  Undefined array key "asistenciaModificacion" in /home/soluctem/sistema.soluctem.com.co/api/submit.php on line 77
[22-Jun-2025 23:02:59 UTC] PHP Warning:  Undefined array key "asistenciaServicio" in /home/soluctem/sistema.soluctem.com.co/api/submit.php on line 78
[22-Jun-2025 23:02:59 UTC] PHP Warning:  Undefined array key "asistenciaMejora" in /home/soluctem/sistema.soluctem.com.co/api/submit.php on line 79
[22-Jun-2025 23:02:59 UTC] PHP Warning:  Undefined array key "asistenciaCombinacion" in /home/soluctem/sistema.soluctem.com.co/api/submit.php on line 80
[22-Jun-2025 23:02:59 UTC] PHP Warning:  Undefined array key "fallaOperacion" in /home/soluctem/sistema.soluctem.com.co/api/submit.php on line 81
[22-Jun-2025 23:02:59 UTC] PHP Warning:  Undefined array key "fallaMecanica" in /home/soluctem/sistema.soluctem.com.co/api/submit.php on line 82
[22-Jun-2025 23:02:59 UTC] PHP Warning:  Undefined array key "fallaElectrica" in /home/soluctem/sistema.soluctem.com.co/api/submit.php on line 83
[22-Jun-2025 23:02:59 UTC] PHP Warning:  Undefined array key "fallaTerceros" in /home/soluctem/sistema.soluctem.com.co/api/submit.php on line 84
[22-Jun-2025 23:02:59 UTC] PHP Warning:  Undefined array key "fallaFabricacion" in /home/soluctem/sistema.soluctem.com.co/api/submit.php on line 85
[22-Jun-2025 23:02:59 UTC] PHP Warning:  Undefined array key "firma_digital_cliente" in /home/soluctem/sistema.soluctem.com.co/api/submit.php on line 86
[22-Jun-2025 23:02:59 UTC] PHP Warning:  Undefined array key "firma_digital_tecnico" in /home/soluctem/sistema.soluctem.com.co/api/submit.php on line 87
[23-Jun-2025 00:02:34 UTC] PHP Warning:  Undefined array key "nombreSolicitante" in /home/soluctem/sistema.soluctem.com.co/api/submit.php on line 28
[23-Jun-2025 00:02:34 UTC] PHP Warning:  Undefined array key "cargo" in /home/soluctem/sistema.soluctem.com.co/api/submit.php on line 29
[23-Jun-2025 00:02:34 UTC] PHP Warning:  Undefined array key "nombreTienda" in /home/soluctem/sistema.soluctem.com.co/api/submit.php on line 30
[23-Jun-2025 00:02:34 UTC] PHP Warning:  Undefined array key "numeroTienda" in /home/soluctem/sistema.soluctem.com.co/api/submit.php on line 31
[23-Jun-2025 00:02:34 UTC] PHP Warning:  Undefined array key "numeroTicket" in /home/soluctem/sistema.soluctem.com.co/api/submit.php on line 32
[23-Jun-2025 00:02:34 UTC] PHP Warning:  Undefined array key "fecha" in /home/soluctem/sistema.soluctem.com.co/api/submit.php on line 33
[23-Jun-2025 00:02:34 UTC] PHP Warning:  Undefined array key "municipio" in /home/soluctem/sistema.soluctem.com.co/api/submit.php on line 34
[23-Jun-2025 00:02:34 UTC] PHP Warning:  Undefined array key "departamento" in /home/soluctem/sistema.soluctem.com.co/api/submit.php on line 35
[23-Jun-2025 00:02:34 UTC] PHP Warning:  Undefined array key "nombreEquipo" in /home/soluctem/sistema.soluctem.com.co/api/submit.php on line 36
[23-Jun-2025 00:02:34 UTC] PHP Warning:  Undefined array key "marca" in /home/soluctem/sistema.soluctem.com.co/api/submit.php on line 37
[23-Jun-2025 00:02:34 UTC] PHP Warning:  Undefined array key "serial" in /home/soluctem/sistema.soluctem.com.co/api/submit.php on line 38
[23-Jun-2025 00:02:34 UTC] PHP Warning:  Undefined array key "descripcionFalla" in /home/soluctem/sistema.soluctem.com.co/api/submit.php on line 39
[23-Jun-2025 00:02:34 UTC] PHP Warning:  Undefined array key "diagnosticoTecnico" in /home/soluctem/sistema.soluctem.com.co/api/submit.php on line 40
[23-Jun-2025 00:02:34 UTC] PHP Warning:  Undefined array key "repuestosCambiados" in /home/soluctem/sistema.soluctem.com.co/api/submit.php on line 41
[23-Jun-2025 00:02:34 UTC] PHP Warning:  Undefined array key "observaciones" in /home/soluctem/sistema.soluctem.com.co/api/submit.php on line 42
[23-Jun-2025 00:02:34 UTC] PHP Warning:  Undefined array key "seguridadRiesgoAccidentalidad" in /home/soluctem/sistema.soluctem.com.co/api/submit.php on line 43
[23-Jun-2025 00:02:34 UTC] PHP Warning:  Undefined array key "seguridadRiesgoEquipo" in /home/soluctem/sistema.soluctem.com.co/api/submit.php on line 44
[23-Jun-2025 00:02:34 UTC] PHP Warning:  Undefined array key "funcionamientoFallaSolucionada" in /home/soluctem/sistema.soluctem.com.co/api/submit.php on line 45
[23-Jun-2025 00:02:34 UTC] PHP Warning:  Undefined array key "funcionamientoPasosNormales" in /home/soluctem/sistema.soluctem.com.co/api/submit.php on line 46
[23-Jun-2025 00:02:34 UTC] PHP Warning:  Undefined array key "calidadTrabajo" in /home/soluctem/sistema.soluctem.com.co/api/submit.php on line 47
[23-Jun-2025 00:02:34 UTC] PHP Warning:  Undefined array key "limpiezaOrganizacionArmado" in /home/soluctem/sistema.soluctem.com.co/api/submit.php on line 48
[23-Jun-2025 00:02:34 UTC] PHP Warning:  Undefined array key "limpiezaOrganizacionAseado" in /home/soluctem/sistema.soluctem.com.co/api/submit.php on line 49
[23-Jun-2025 00:02:34 UTC] PHP Warning:  Undefined array key "capacitacionCausa" in /home/soluctem/sistema.soluctem.com.co/api/submit.php on line 50
[23-Jun-2025 00:02:34 UTC] PHP Warning:  Undefined array key "capacitacionPrevencion" in /home/soluctem/sistema.soluctem.com.co/api/submit.php on line 51
[23-Jun-2025 00:02:34 UTC] PHP Warning:  Undefined array key "capacitacionAccion" in /home/soluctem/sistema.soluctem.com.co/api/submit.php on line 52
[23-Jun-2025 00:02:34 UTC] PHP Warning:  Undefined array key "contratista1" in /home/soluctem/sistema.soluctem.com.co/api/submit.php on line 53
[23-Jun-2025 00:02:34 UTC] PHP Warning:  Undefined array key "cedula1" in /home/soluctem/sistema.soluctem.com.co/api/submit.php on line 54
[23-Jun-2025 00:02:34 UTC] PHP Warning:  Undefined array key "horaEntrada1" in /home/soluctem/sistema.soluctem.com.co/api/submit.php on line 55
[23-Jun-2025 00:02:34 UTC] PHP Warning:  Undefined array key "horaSalida1" in /home/soluctem/sistema.soluctem.com.co/api/submit.php on line 56
[23-Jun-2025 00:02:34 UTC] PHP Warning:  Undefined array key "contratista2" in /home/soluctem/sistema.soluctem.com.co/api/submit.php on line 57
[23-Jun-2025 00:02:34 UTC] PHP Warning:  Undefined array key "cedula2" in /home/soluctem/sistema.soluctem.com.co/api/submit.php on line 58
[23-Jun-2025 00:02:34 UTC] PHP Warning:  Undefined array key "horaEntrada2" in /home/soluctem/sistema.soluctem.com.co/api/submit.php on line 59
[23-Jun-2025 00:02:34 UTC] PHP Warning:  Undefined array key "horaSalida2" in /home/soluctem/sistema.soluctem.com.co/api/submit.php on line 60
[23-Jun-2025 00:02:34 UTC] PHP Warning:  Undefined array key "contratista3" in /home/soluctem/sistema.soluctem.com.co/api/submit.php on line 61
[23-Jun-2025 00:02:34 UTC] PHP Warning:  Undefined array key "cedula3" in /home/soluctem/sistema.soluctem.com.co/api/submit.php on line 62
[23-Jun-2025 00:02:34 UTC] PHP Warning:  Undefined array key "horaEntrada3" in /home/soluctem/sistema.soluctem.com.co/api/submit.php on line 63
[23-Jun-2025 00:02:34 UTC] PHP Warning:  Undefined array key "horaSalida3" in /home/soluctem/sistema.soluctem.com.co/api/submit.php on line 64
[23-Jun-2025 00:02:34 UTC] PHP Warning:  Undefined array key "contratista4" in /home/soluctem/sistema.soluctem.com.co/api/submit.php on line 65
[23-Jun-2025 00:02:34 UTC] PHP Warning:  Undefined array key "cedula4" in /home/soluctem/sistema.soluctem.com.co/api/submit.php on line 66
[23-Jun-2025 00:02:34 UTC] PHP Warning:  Undefined array key "horaEntrada4" in /home/soluctem/sistema.soluctem.com.co/api/submit.php on line 67
[23-Jun-2025 00:02:34 UTC] PHP Warning:  Undefined array key "horaSalida4" in /home/soluctem/sistema.soluctem.com.co/api/submit.php on line 68
[23-Jun-2025 00:02:34 UTC] PHP Warning:  Undefined array key "nombreFuncionario" in /home/soluctem/sistema.soluctem.com.co/api/submit.php on line 69
[23-Jun-2025 00:02:34 UTC] PHP Warning:  Undefined array key "cedulaFuncionario" in /home/soluctem/sistema.soluctem.com.co/api/submit.php on line 70
[23-Jun-2025 00:02:34 UTC] PHP Warning:  Undefined array key "cargoFuncionario" in /home/soluctem/sistema.soluctem.com.co/api/submit.php on line 71
[23-Jun-2025 00:02:34 UTC] PHP Warning:  Undefined array key "sapFuncionario" in /home/soluctem/sistema.soluctem.com.co/api/submit.php on line 72
[23-Jun-2025 00:02:34 UTC] PHP Warning:  Undefined array key "timestamp" in /home/soluctem/sistema.soluctem.com.co/api/submit.php on line 73
[23-Jun-2025 00:02:34 UTC] PHP Warning:  Undefined array key "asistenciaReparacion" in /home/soluctem/sistema.soluctem.com.co/api/submit.php on line 74
[23-Jun-2025 00:02:34 UTC] PHP Warning:  Undefined array key "asistenciaGarantia" in /home/soluctem/sistema.soluctem.com.co/api/submit.php on line 75
[23-Jun-2025 00:02:34 UTC] PHP Warning:  Undefined array key "asistenciaAjuste" in /home/soluctem/sistema.soluctem.com.co/api/submit.php on line 76
[23-Jun-2025 00:02:34 UTC] PHP Warning:  Undefined array key "asistenciaModificacion" in /home/soluctem/sistema.soluctem.com.co/api/submit.php on line 77
[23-Jun-2025 00:02:34 UTC] PHP Warning:  Undefined array key "asistenciaServicio" in /home/soluctem/sistema.soluctem.com.co/api/submit.php on line 78
[23-Jun-2025 00:02:34 UTC] PHP Warning:  Undefined array key "asistenciaMejora" in /home/soluctem/sistema.soluctem.com.co/api/submit.php on line 79
[23-Jun-2025 00:02:34 UTC] PHP Warning:  Undefined array key "asistenciaCombinacion" in /home/soluctem/sistema.soluctem.com.co/api/submit.php on line 80
[23-Jun-2025 00:02:34 UTC] PHP Warning:  Undefined array key "fallaOperacion" in /home/soluctem/sistema.soluctem.com.co/api/submit.php on line 81
[23-Jun-2025 00:02:34 UTC] PHP Warning:  Undefined array key "fallaMecanica" in /home/soluctem/sistema.soluctem.com.co/api/submit.php on line 82
[23-Jun-2025 00:02:34 UTC] PHP Warning:  Undefined array key "fallaElectrica" in /home/soluctem/sistema.soluctem.com.co/api/submit.php on line 83
[23-Jun-2025 00:02:34 UTC] PHP Warning:  Undefined array key "fallaTerceros" in /home/soluctem/sistema.soluctem.com.co/api/submit.php on line 84
[23-Jun-2025 00:02:34 UTC] PHP Warning:  Undefined array key "fallaFabricacion" in /home/soluctem/sistema.soluctem.com.co/api/submit.php on line 85
[23-Jun-2025 00:02:34 UTC] PHP Warning:  Undefined array key "firma_digital_cliente" in /home/soluctem/sistema.soluctem.com.co/api/submit.php on line 86
[23-Jun-2025 00:02:34 UTC] PHP Warning:  Undefined array key "firma_digital_tecnico" in /home/soluctem/sistema.soluctem.com.co/api/submit.php on line 87
[23-Jun-2025 00:41:28 UTC] PHP Warning:  Undefined array key "nombreSolicitante" in /home/soluctem/sistema.soluctem.com.co/api/submit.php on line 28
[23-Jun-2025 00:41:28 UTC] PHP Warning:  Undefined array key "cargo" in /home/soluctem/sistema.soluctem.com.co/api/submit.php on line 29
[23-Jun-2025 00:41:28 UTC] PHP Warning:  Undefined array key "nombreTienda" in /home/soluctem/sistema.soluctem.com.co/api/submit.php on line 30
[23-Jun-2025 00:41:28 UTC] PHP Warning:  Undefined array key "numeroTienda" in /home/soluctem/sistema.soluctem.com.co/api/submit.php on line 31
[23-Jun-2025 00:41:28 UTC] PHP Warning:  Undefined array key "numeroTicket" in /home/soluctem/sistema.soluctem.com.co/api/submit.php on line 32
[23-Jun-2025 00:41:28 UTC] PHP Warning:  Undefined array key "fecha" in /home/soluctem/sistema.soluctem.com.co/api/submit.php on line 33
[23-Jun-2025 00:41:28 UTC] PHP Warning:  Undefined array key "municipio" in /home/soluctem/sistema.soluctem.com.co/api/submit.php on line 34
[23-Jun-2025 00:41:28 UTC] PHP Warning:  Undefined array key "departamento" in /home/soluctem/sistema.soluctem.com.co/api/submit.php on line 35
[23-Jun-2025 00:41:28 UTC] PHP Warning:  Undefined array key "nombreEquipo" in /home/soluctem/sistema.soluctem.com.co/api/submit.php on line 36
[23-Jun-2025 00:41:28 UTC] PHP Warning:  Undefined array key "marca" in /home/soluctem/sistema.soluctem.com.co/api/submit.php on line 37
[23-Jun-2025 00:41:28 UTC] PHP Warning:  Undefined array key "serial" in /home/soluctem/sistema.soluctem.com.co/api/submit.php on line 38
[23-Jun-2025 00:41:28 UTC] PHP Warning:  Undefined array key "descripcionFalla" in /home/soluctem/sistema.soluctem.com.co/api/submit.php on line 39
[23-Jun-2025 00:41:28 UTC] PHP Warning:  Undefined array key "diagnosticoTecnico" in /home/soluctem/sistema.soluctem.com.co/api/submit.php on line 40
[23-Jun-2025 00:41:28 UTC] PHP Warning:  Undefined array key "repuestosCambiados" in /home/soluctem/sistema.soluctem.com.co/api/submit.php on line 41
[23-Jun-2025 00:41:28 UTC] PHP Warning:  Undefined array key "observaciones" in /home/soluctem/sistema.soluctem.com.co/api/submit.php on line 42
[23-Jun-2025 00:41:28 UTC] PHP Warning:  Undefined array key "seguridadRiesgoAccidentalidad" in /home/soluctem/sistema.soluctem.com.co/api/submit.php on line 43
[23-Jun-2025 00:41:28 UTC] PHP Warning:  Undefined array key "seguridadRiesgoEquipo" in /home/soluctem/sistema.soluctem.com.co/api/submit.php on line 44
[23-Jun-2025 00:41:28 UTC] PHP Warning:  Undefined array key "funcionamientoFallaSolucionada" in /home/soluctem/sistema.soluctem.com.co/api/submit.php on line 45
[23-Jun-2025 00:41:28 UTC] PHP Warning:  Undefined array key "funcionamientoPasosNormales" in /home/soluctem/sistema.soluctem.com.co/api/submit.php on line 46
[23-Jun-2025 00:41:28 UTC] PHP Warning:  Undefined array key "calidadTrabajo" in /home/soluctem/sistema.soluctem.com.co/api/submit.php on line 47
[23-Jun-2025 00:41:28 UTC] PHP Warning:  Undefined array key "limpiezaOrganizacionArmado" in /home/soluctem/sistema.soluctem.com.co/api/submit.php on line 48
[23-Jun-2025 00:41:28 UTC] PHP Warning:  Undefined array key "limpiezaOrganizacionAseado" in /home/soluctem/sistema.soluctem.com.co/api/submit.php on line 49
[23-Jun-2025 00:41:28 UTC] PHP Warning:  Undefined array key "capacitacionCausa" in /home/soluctem/sistema.soluctem.com.co/api/submit.php on line 50
[23-Jun-2025 00:41:28 UTC] PHP Warning:  Undefined array key "capacitacionPrevencion" in /home/soluctem/sistema.soluctem.com.co/api/submit.php on line 51
[23-Jun-2025 00:41:28 UTC] PHP Warning:  Undefined array key "capacitacionAccion" in /home/soluctem/sistema.soluctem.com.co/api/submit.php on line 52
[23-Jun-2025 00:41:28 UTC] PHP Warning:  Undefined array key "contratista1" in /home/soluctem/sistema.soluctem.com.co/api/submit.php on line 53
[23-Jun-2025 00:41:28 UTC] PHP Warning:  Undefined array key "cedula1" in /home/soluctem/sistema.soluctem.com.co/api/submit.php on line 54
[23-Jun-2025 00:41:28 UTC] PHP Warning:  Undefined array key "horaEntrada1" in /home/soluctem/sistema.soluctem.com.co/api/submit.php on line 55
[23-Jun-2025 00:41:28 UTC] PHP Warning:  Undefined array key "horaSalida1" in /home/soluctem/sistema.soluctem.com.co/api/submit.php on line 56
[23-Jun-2025 00:41:28 UTC] PHP Warning:  Undefined array key "contratista2" in /home/soluctem/sistema.soluctem.com.co/api/submit.php on line 57
[23-Jun-2025 00:41:28 UTC] PHP Warning:  Undefined array key "cedula2" in /home/soluctem/sistema.soluctem.com.co/api/submit.php on line 58
[23-Jun-2025 00:41:28 UTC] PHP Warning:  Undefined array key "horaEntrada2" in /home/soluctem/sistema.soluctem.com.co/api/submit.php on line 59
[23-Jun-2025 00:41:28 UTC] PHP Warning:  Undefined array key "horaSalida2" in /home/soluctem/sistema.soluctem.com.co/api/submit.php on line 60
[23-Jun-2025 00:41:28 UTC] PHP Warning:  Undefined array key "contratista3" in /home/soluctem/sistema.soluctem.com.co/api/submit.php on line 61
[23-Jun-2025 00:41:28 UTC] PHP Warning:  Undefined array key "cedula3" in /home/soluctem/sistema.soluctem.com.co/api/submit.php on line 62
[23-Jun-2025 00:41:28 UTC] PHP Warning:  Undefined array key "horaEntrada3" in /home/soluctem/sistema.soluctem.com.co/api/submit.php on line 63
[23-Jun-2025 00:41:28 UTC] PHP Warning:  Undefined array key "horaSalida3" in /home/soluctem/sistema.soluctem.com.co/api/submit.php on line 64
[23-Jun-2025 00:41:28 UTC] PHP Warning:  Undefined array key "contratista4" in /home/soluctem/sistema.soluctem.com.co/api/submit.php on line 65
[23-Jun-2025 00:41:28 UTC] PHP Warning:  Undefined array key "cedula4" in /home/soluctem/sistema.soluctem.com.co/api/submit.php on line 66
[23-Jun-2025 00:41:28 UTC] PHP Warning:  Undefined array key "horaEntrada4" in /home/soluctem/sistema.soluctem.com.co/api/submit.php on line 67
[23-Jun-2025 00:41:28 UTC] PHP Warning:  Undefined array key "horaSalida4" in /home/soluctem/sistema.soluctem.com.co/api/submit.php on line 68
[23-Jun-2025 00:41:28 UTC] PHP Warning:  Undefined array key "nombreFuncionario" in /home/soluctem/sistema.soluctem.com.co/api/submit.php on line 69
[23-Jun-2025 00:41:28 UTC] PHP Warning:  Undefined array key "cedulaFuncionario" in /home/soluctem/sistema.soluctem.com.co/api/submit.php on line 70
[23-Jun-2025 00:41:28 UTC] PHP Warning:  Undefined array key "cargoFuncionario" in /home/soluctem/sistema.soluctem.com.co/api/submit.php on line 71
[23-Jun-2025 00:41:28 UTC] PHP Warning:  Undefined array key "sapFuncionario" in /home/soluctem/sistema.soluctem.com.co/api/submit.php on line 72
[23-Jun-2025 00:41:28 UTC] PHP Warning:  Undefined array key "timestamp" in /home/soluctem/sistema.soluctem.com.co/api/submit.php on line 73
[23-Jun-2025 00:41:28 UTC] PHP Warning:  Undefined array key "asistenciaReparacion" in /home/soluctem/sistema.soluctem.com.co/api/submit.php on line 74
[23-Jun-2025 00:41:28 UTC] PHP Warning:  Undefined array key "asistenciaGarantia" in /home/soluctem/sistema.soluctem.com.co/api/submit.php on line 75
[23-Jun-2025 00:41:28 UTC] PHP Warning:  Undefined array key "asistenciaAjuste" in /home/soluctem/sistema.soluctem.com.co/api/submit.php on line 76
[23-Jun-2025 00:41:28 UTC] PHP Warning:  Undefined array key "asistenciaModificacion" in /home/soluctem/sistema.soluctem.com.co/api/submit.php on line 77
[23-Jun-2025 00:41:28 UTC] PHP Warning:  Undefined array key "asistenciaServicio" in /home/soluctem/sistema.soluctem.com.co/api/submit.php on line 78
[23-Jun-2025 00:41:28 UTC] PHP Warning:  Undefined array key "asistenciaMejora" in /home/soluctem/sistema.soluctem.com.co/api/submit.php on line 79
[23-Jun-2025 00:41:28 UTC] PHP Warning:  Undefined array key "asistenciaCombinacion" in /home/soluctem/sistema.soluctem.com.co/api/submit.php on line 80
[23-Jun-2025 00:41:28 UTC] PHP Warning:  Undefined array key "fallaOperacion" in /home/soluctem/sistema.soluctem.com.co/api/submit.php on line 81
[23-Jun-2025 00:41:28 UTC] PHP Warning:  Undefined array key "fallaMecanica" in /home/soluctem/sistema.soluctem.com.co/api/submit.php on line 82
[23-Jun-2025 00:41:28 UTC] PHP Warning:  Undefined array key "fallaElectrica" in /home/soluctem/sistema.soluctem.com.co/api/submit.php on line 83
[23-Jun-2025 00:41:28 UTC] PHP Warning:  Undefined array key "fallaTerceros" in /home/soluctem/sistema.soluctem.com.co/api/submit.php on line 84
[23-Jun-2025 00:41:28 UTC] PHP Warning:  Undefined array key "fallaFabricacion" in /home/soluctem/sistema.soluctem.com.co/api/submit.php on line 85
[23-Jun-2025 00:41:28 UTC] PHP Warning:  Undefined array key "firma_digital_cliente" in /home/soluctem/sistema.soluctem.com.co/api/submit.php on line 86
[23-Jun-2025 00:41:28 UTC] PHP Warning:  Undefined array key "firma_digital_tecnico" in /home/soluctem/sistema.soluctem.com.co/api/submit.php on line 87
[23-Jun-2025 02:42:58 UTC] PHP Warning:  Undefined array key "nombreSolicitante" in /home/soluctem/sistema.soluctem.com.co/api/submit.php on line 28
[23-Jun-2025 02:42:58 UTC] PHP Warning:  Undefined array key "cargo" in /home/soluctem/sistema.soluctem.com.co/api/submit.php on line 29
[23-Jun-2025 02:42:58 UTC] PHP Warning:  Undefined array key "nombreTienda" in /home/soluctem/sistema.soluctem.com.co/api/submit.php on line 30
[23-Jun-2025 02:42:58 UTC] PHP Warning:  Undefined array key "numeroTienda" in /home/soluctem/sistema.soluctem.com.co/api/submit.php on line 31
[23-Jun-2025 02:42:58 UTC] PHP Warning:  Undefined array key "numeroTicket" in /home/soluctem/sistema.soluctem.com.co/api/submit.php on line 32
[23-Jun-2025 02:42:58 UTC] PHP Warning:  Undefined array key "fecha" in /home/soluctem/sistema.soluctem.com.co/api/submit.php on line 33
[23-Jun-2025 02:42:58 UTC] PHP Warning:  Undefined array key "municipio" in /home/soluctem/sistema.soluctem.com.co/api/submit.php on line 34
[23-Jun-2025 02:42:58 UTC] PHP Warning:  Undefined array key "departamento" in /home/soluctem/sistema.soluctem.com.co/api/submit.php on line 35
[23-Jun-2025 02:42:58 UTC] PHP Warning:  Undefined array key "nombreEquipo" in /home/soluctem/sistema.soluctem.com.co/api/submit.php on line 36
[23-Jun-2025 02:42:58 UTC] PHP Warning:  Undefined array key "marca" in /home/soluctem/sistema.soluctem.com.co/api/submit.php on line 37
[23-Jun-2025 02:42:58 UTC] PHP Warning:  Undefined array key "serial" in /home/soluctem/sistema.soluctem.com.co/api/submit.php on line 38
[23-Jun-2025 02:42:58 UTC] PHP Warning:  Undefined array key "descripcionFalla" in /home/soluctem/sistema.soluctem.com.co/api/submit.php on line 39
[23-Jun-2025 02:42:58 UTC] PHP Warning:  Undefined array key "diagnosticoTecnico" in /home/soluctem/sistema.soluctem.com.co/api/submit.php on line 40
[23-Jun-2025 02:42:58 UTC] PHP Warning:  Undefined array key "repuestosCambiados" in /home/soluctem/sistema.soluctem.com.co/api/submit.php on line 41
[23-Jun-2025 02:42:58 UTC] PHP Warning:  Undefined array key "observaciones" in /home/soluctem/sistema.soluctem.com.co/api/submit.php on line 42
[23-Jun-2025 02:42:58 UTC] PHP Warning:  Undefined array key "seguridadRiesgoAccidentalidad" in /home/soluctem/sistema.soluctem.com.co/api/submit.php on line 43
[23-Jun-2025 02:42:58 UTC] PHP Warning:  Undefined array key "seguridadRiesgoEquipo" in /home/soluctem/sistema.soluctem.com.co/api/submit.php on line 44
[23-Jun-2025 02:42:58 UTC] PHP Warning:  Undefined array key "funcionamientoFallaSolucionada" in /home/soluctem/sistema.soluctem.com.co/api/submit.php on line 45
[23-Jun-2025 02:42:58 UTC] PHP Warning:  Undefined array key "funcionamientoPasosNormales" in /home/soluctem/sistema.soluctem.com.co/api/submit.php on line 46
[23-Jun-2025 02:42:58 UTC] PHP Warning:  Undefined array key "calidadTrabajo" in /home/soluctem/sistema.soluctem.com.co/api/submit.php on line 47
[23-Jun-2025 02:42:58 UTC] PHP Warning:  Undefined array key "limpiezaOrganizacionArmado" in /home/soluctem/sistema.soluctem.com.co/api/submit.php on line 48
[23-Jun-2025 02:42:58 UTC] PHP Warning:  Undefined array key "limpiezaOrganizacionAseado" in /home/soluctem/sistema.soluctem.com.co/api/submit.php on line 49
[23-Jun-2025 02:42:58 UTC] PHP Warning:  Undefined array key "capacitacionCausa" in /home/soluctem/sistema.soluctem.com.co/api/submit.php on line 50
[23-Jun-2025 02:42:58 UTC] PHP Warning:  Undefined array key "capacitacionPrevencion" in /home/soluctem/sistema.soluctem.com.co/api/submit.php on line 51
[23-Jun-2025 02:42:58 UTC] PHP Warning:  Undefined array key "capacitacionAccion" in /home/soluctem/sistema.soluctem.com.co/api/submit.php on line 52
[23-Jun-2025 02:42:58 UTC] PHP Warning:  Undefined array key "contratista1" in /home/soluctem/sistema.soluctem.com.co/api/submit.php on line 53
[23-Jun-2025 02:42:58 UTC] PHP Warning:  Undefined array key "cedula1" in /home/soluctem/sistema.soluctem.com.co/api/submit.php on line 54
[23-Jun-2025 02:42:58 UTC] PHP Warning:  Undefined array key "horaEntrada1" in /home/soluctem/sistema.soluctem.com.co/api/submit.php on line 55
[23-Jun-2025 02:42:58 UTC] PHP Warning:  Undefined array key "horaSalida1" in /home/soluctem/sistema.soluctem.com.co/api/submit.php on line 56
[23-Jun-2025 02:42:58 UTC] PHP Warning:  Undefined array key "contratista2" in /home/soluctem/sistema.soluctem.com.co/api/submit.php on line 57
[23-Jun-2025 02:42:58 UTC] PHP Warning:  Undefined array key "cedula2" in /home/soluctem/sistema.soluctem.com.co/api/submit.php on line 58
[23-Jun-2025 02:42:58 UTC] PHP Warning:  Undefined array key "horaEntrada2" in /home/soluctem/sistema.soluctem.com.co/api/submit.php on line 59
[23-Jun-2025 02:42:58 UTC] PHP Warning:  Undefined array key "horaSalida2" in /home/soluctem/sistema.soluctem.com.co/api/submit.php on line 60
[23-Jun-2025 02:42:58 UTC] PHP Warning:  Undefined array key "contratista3" in /home/soluctem/sistema.soluctem.com.co/api/submit.php on line 61
[23-Jun-2025 02:42:58 UTC] PHP Warning:  Undefined array key "cedula3" in /home/soluctem/sistema.soluctem.com.co/api/submit.php on line 62
[23-Jun-2025 02:42:58 UTC] PHP Warning:  Undefined array key "horaEntrada3" in /home/soluctem/sistema.soluctem.com.co/api/submit.php on line 63
[23-Jun-2025 02:42:58 UTC] PHP Warning:  Undefined array key "horaSalida3" in /home/soluctem/sistema.soluctem.com.co/api/submit.php on line 64
[23-Jun-2025 02:42:58 UTC] PHP Warning:  Undefined array key "contratista4" in /home/soluctem/sistema.soluctem.com.co/api/submit.php on line 65
[23-Jun-2025 02:42:58 UTC] PHP Warning:  Undefined array key "cedula4" in /home/soluctem/sistema.soluctem.com.co/api/submit.php on line 66
[23-Jun-2025 02:42:58 UTC] PHP Warning:  Undefined array key "horaEntrada4" in /home/soluctem/sistema.soluctem.com.co/api/submit.php on line 67
[23-Jun-2025 02:42:58 UTC] PHP Warning:  Undefined array key "horaSalida4" in /home/soluctem/sistema.soluctem.com.co/api/submit.php on line 68
[23-Jun-2025 02:42:58 UTC] PHP Warning:  Undefined array key "nombreFuncionario" in /home/soluctem/sistema.soluctem.com.co/api/submit.php on line 69
[23-Jun-2025 02:42:58 UTC] PHP Warning:  Undefined array key "cedulaFuncionario" in /home/soluctem/sistema.soluctem.com.co/api/submit.php on line 70
[23-Jun-2025 02:42:58 UTC] PHP Warning:  Undefined array key "cargoFuncionario" in /home/soluctem/sistema.soluctem.com.co/api/submit.php on line 71
[23-Jun-2025 02:42:58 UTC] PHP Warning:  Undefined array key "sapFuncionario" in /home/soluctem/sistema.soluctem.com.co/api/submit.php on line 72
[23-Jun-2025 02:42:58 UTC] PHP Warning:  Undefined array key "timestamp" in /home/soluctem/sistema.soluctem.com.co/api/submit.php on line 73
[23-Jun-2025 02:42:58 UTC] PHP Warning:  Undefined array key "asistenciaReparacion" in /home/soluctem/sistema.soluctem.com.co/api/submit.php on line 74
[23-Jun-2025 02:42:58 UTC] PHP Warning:  Undefined array key "asistenciaGarantia" in /home/soluctem/sistema.soluctem.com.co/api/submit.php on line 75
[23-Jun-2025 02:42:58 UTC] PHP Warning:  Undefined array key "asistenciaAjuste" in /home/soluctem/sistema.soluctem.com.co/api/submit.php on line 76
[23-Jun-2025 02:42:58 UTC] PHP Warning:  Undefined array key "asistenciaModificacion" in /home/soluctem/sistema.soluctem.com.co/api/submit.php on line 77
[23-Jun-2025 02:42:58 UTC] PHP Warning:  Undefined array key "asistenciaServicio" in /home/soluctem/sistema.soluctem.com.co/api/submit.php on line 78
[23-Jun-2025 02:42:58 UTC] PHP Warning:  Undefined array key "asistenciaMejora" in /home/soluctem/sistema.soluctem.com.co/api/submit.php on line 79
[23-Jun-2025 02:42:58 UTC] PHP Warning:  Undefined array key "asistenciaCombinacion" in /home/soluctem/sistema.soluctem.com.co/api/submit.php on line 80
[23-Jun-2025 02:42:58 UTC] PHP Warning:  Undefined array key "fallaOperacion" in /home/soluctem/sistema.soluctem.com.co/api/submit.php on line 81
[23-Jun-2025 02:42:58 UTC] PHP Warning:  Undefined array key "fallaMecanica" in /home/soluctem/sistema.soluctem.com.co/api/submit.php on line 82
[23-Jun-2025 02:42:58 UTC] PHP Warning:  Undefined array key "fallaElectrica" in /home/soluctem/sistema.soluctem.com.co/api/submit.php on line 83
[23-Jun-2025 02:42:58 UTC] PHP Warning:  Undefined array key "fallaTerceros" in /home/soluctem/sistema.soluctem.com.co/api/submit.php on line 84
[23-Jun-2025 02:42:58 UTC] PHP Warning:  Undefined array key "fallaFabricacion" in /home/soluctem/sistema.soluctem.com.co/api/submit.php on line 85
[23-Jun-2025 02:42:58 UTC] PHP Warning:  Undefined array key "firma_digital_cliente" in /home/soluctem/sistema.soluctem.com.co/api/submit.php on line 86
[23-Jun-2025 02:42:58 UTC] PHP Warning:  Undefined array key "firma_digital_tecnico" in /home/soluctem/sistema.soluctem.com.co/api/submit.php on line 87
[23-Jun-2025 02:54:08 UTC] PHP Warning:  Undefined array key "nombreSolicitante" in /home/soluctem/sistema.soluctem.com.co/api/submit.php on line 28
[23-Jun-2025 02:54:08 UTC] PHP Warning:  Undefined array key "cargo" in /home/soluctem/sistema.soluctem.com.co/api/submit.php on line 29
[23-Jun-2025 02:54:08 UTC] PHP Warning:  Undefined array key "nombreTienda" in /home/soluctem/sistema.soluctem.com.co/api/submit.php on line 30
[23-Jun-2025 02:54:08 UTC] PHP Warning:  Undefined array key "numeroTienda" in /home/soluctem/sistema.soluctem.com.co/api/submit.php on line 31
[23-Jun-2025 02:54:08 UTC] PHP Warning:  Undefined array key "numeroTicket" in /home/soluctem/sistema.soluctem.com.co/api/submit.php on line 32
[23-Jun-2025 02:54:08 UTC] PHP Warning:  Undefined array key "fecha" in /home/soluctem/sistema.soluctem.com.co/api/submit.php on line 33
[23-Jun-2025 02:54:08 UTC] PHP Warning:  Undefined array key "municipio" in /home/soluctem/sistema.soluctem.com.co/api/submit.php on line 34
[23-Jun-2025 02:54:08 UTC] PHP Warning:  Undefined array key "departamento" in /home/soluctem/sistema.soluctem.com.co/api/submit.php on line 35
[23-Jun-2025 02:54:08 UTC] PHP Warning:  Undefined array key "nombreEquipo" in /home/soluctem/sistema.soluctem.com.co/api/submit.php on line 36
[23-Jun-2025 02:54:08 UTC] PHP Warning:  Undefined array key "marca" in /home/soluctem/sistema.soluctem.com.co/api/submit.php on line 37
[23-Jun-2025 02:54:08 UTC] PHP Warning:  Undefined array key "serial" in /home/soluctem/sistema.soluctem.com.co/api/submit.php on line 38
[23-Jun-2025 02:54:08 UTC] PHP Warning:  Undefined array key "descripcionFalla" in /home/soluctem/sistema.soluctem.com.co/api/submit.php on line 39
[23-Jun-2025 02:54:08 UTC] PHP Warning:  Undefined array key "diagnosticoTecnico" in /home/soluctem/sistema.soluctem.com.co/api/submit.php on line 40
[23-Jun-2025 02:54:08 UTC] PHP Warning:  Undefined array key "repuestosCambiados" in /home/soluctem/sistema.soluctem.com.co/api/submit.php on line 41
[23-Jun-2025 02:54:08 UTC] PHP Warning:  Undefined array key "observaciones" in /home/soluctem/sistema.soluctem.com.co/api/submit.php on line 42
[23-Jun-2025 02:54:08 UTC] PHP Warning:  Undefined array key "seguridadRiesgoAccidentalidad" in /home/soluctem/sistema.soluctem.com.co/api/submit.php on line 43
[23-Jun-2025 02:54:08 UTC] PHP Warning:  Undefined array key "seguridadRiesgoEquipo" in /home/soluctem/sistema.soluctem.com.co/api/submit.php on line 44
[23-Jun-2025 02:54:08 UTC] PHP Warning:  Undefined array key "funcionamientoFallaSolucionada" in /home/soluctem/sistema.soluctem.com.co/api/submit.php on line 45
[23-Jun-2025 02:54:08 UTC] PHP Warning:  Undefined array key "funcionamientoPasosNormales" in /home/soluctem/sistema.soluctem.com.co/api/submit.php on line 46
[23-Jun-2025 02:54:08 UTC] PHP Warning:  Undefined array key "calidadTrabajo" in /home/soluctem/sistema.soluctem.com.co/api/submit.php on line 47
[23-Jun-2025 02:54:08 UTC] PHP Warning:  Undefined array key "limpiezaOrganizacionArmado" in /home/soluctem/sistema.soluctem.com.co/api/submit.php on line 48
[23-Jun-2025 02:54:08 UTC] PHP Warning:  Undefined array key "limpiezaOrganizacionAseado" in /home/soluctem/sistema.soluctem.com.co/api/submit.php on line 49
[23-Jun-2025 02:54:08 UTC] PHP Warning:  Undefined array key "capacitacionCausa" in /home/soluctem/sistema.soluctem.com.co/api/submit.php on line 50
[23-Jun-2025 02:54:08 UTC] PHP Warning:  Undefined array key "capacitacionPrevencion" in /home/soluctem/sistema.soluctem.com.co/api/submit.php on line 51
[23-Jun-2025 02:54:08 UTC] PHP Warning:  Undefined array key "capacitacionAccion" in /home/soluctem/sistema.soluctem.com.co/api/submit.php on line 52
[23-Jun-2025 02:54:08 UTC] PHP Warning:  Undefined array key "contratista1" in /home/soluctem/sistema.soluctem.com.co/api/submit.php on line 53
[23-Jun-2025 02:54:08 UTC] PHP Warning:  Undefined array key "cedula1" in /home/soluctem/sistema.soluctem.com.co/api/submit.php on line 54
[23-Jun-2025 02:54:08 UTC] PHP Warning:  Undefined array key "horaEntrada1" in /home/soluctem/sistema.soluctem.com.co/api/submit.php on line 55
[23-Jun-2025 02:54:08 UTC] PHP Warning:  Undefined array key "horaSalida1" in /home/soluctem/sistema.soluctem.com.co/api/submit.php on line 56
[23-Jun-2025 02:54:08 UTC] PHP Warning:  Undefined array key "contratista2" in /home/soluctem/sistema.soluctem.com.co/api/submit.php on line 57
[23-Jun-2025 02:54:08 UTC] PHP Warning:  Undefined array key "cedula2" in /home/soluctem/sistema.soluctem.com.co/api/submit.php on line 58
[23-Jun-2025 02:54:08 UTC] PHP Warning:  Undefined array key "horaEntrada2" in /home/soluctem/sistema.soluctem.com.co/api/submit.php on line 59
[23-Jun-2025 02:54:08 UTC] PHP Warning:  Undefined array key "horaSalida2" in /home/soluctem/sistema.soluctem.com.co/api/submit.php on line 60
[23-Jun-2025 02:54:08 UTC] PHP Warning:  Undefined array key "contratista3" in /home/soluctem/sistema.soluctem.com.co/api/submit.php on line 61
[23-Jun-2025 02:54:08 UTC] PHP Warning:  Undefined array key "cedula3" in /home/soluctem/sistema.soluctem.com.co/api/submit.php on line 62
[23-Jun-2025 02:54:08 UTC] PHP Warning:  Undefined array key "horaEntrada3" in /home/soluctem/sistema.soluctem.com.co/api/submit.php on line 63
[23-Jun-2025 02:54:08 UTC] PHP Warning:  Undefined array key "horaSalida3" in /home/soluctem/sistema.soluctem.com.co/api/submit.php on line 64
[23-Jun-2025 02:54:08 UTC] PHP Warning:  Undefined array key "contratista4" in /home/soluctem/sistema.soluctem.com.co/api/submit.php on line 65
[23-Jun-2025 02:54:08 UTC] PHP Warning:  Undefined array key "cedula4" in /home/soluctem/sistema.soluctem.com.co/api/submit.php on line 66
[23-Jun-2025 02:54:08 UTC] PHP Warning:  Undefined array key "horaEntrada4" in /home/soluctem/sistema.soluctem.com.co/api/submit.php on line 67
[23-Jun-2025 02:54:08 UTC] PHP Warning:  Undefined array key "horaSalida4" in /home/soluctem/sistema.soluctem.com.co/api/submit.php on line 68
[23-Jun-2025 02:54:08 UTC] PHP Warning:  Undefined array key "nombreFuncionario" in /home/soluctem/sistema.soluctem.com.co/api/submit.php on line 69
[23-Jun-2025 02:54:08 UTC] PHP Warning:  Undefined array key "cedulaFuncionario" in /home/soluctem/sistema.soluctem.com.co/api/submit.php on line 70
[23-Jun-2025 02:54:08 UTC] PHP Warning:  Undefined array key "cargoFuncionario" in /home/soluctem/sistema.soluctem.com.co/api/submit.php on line 71
[23-Jun-2025 02:54:08 UTC] PHP Warning:  Undefined array key "sapFuncionario" in /home/soluctem/sistema.soluctem.com.co/api/submit.php on line 72
[23-Jun-2025 02:54:08 UTC] PHP Warning:  Undefined array key "timestamp" in /home/soluctem/sistema.soluctem.com.co/api/submit.php on line 73
[23-Jun-2025 02:54:08 UTC] PHP Warning:  Undefined array key "asistenciaReparacion" in /home/soluctem/sistema.soluctem.com.co/api/submit.php on line 74
[23-Jun-2025 02:54:08 UTC] PHP Warning:  Undefined array key "asistenciaGarantia" in /home/soluctem/sistema.soluctem.com.co/api/submit.php on line 75
[23-Jun-2025 02:54:08 UTC] PHP Warning:  Undefined array key "asistenciaAjuste" in /home/soluctem/sistema.soluctem.com.co/api/submit.php on line 76
[23-Jun-2025 02:54:08 UTC] PHP Warning:  Undefined array key "asistenciaModificacion" in /home/soluctem/sistema.soluctem.com.co/api/submit.php on line 77
[23-Jun-2025 02:54:08 UTC] PHP Warning:  Undefined array key "asistenciaServicio" in /home/soluctem/sistema.soluctem.com.co/api/submit.php on line 78
[23-Jun-2025 02:54:08 UTC] PHP Warning:  Undefined array key "asistenciaMejora" in /home/soluctem/sistema.soluctem.com.co/api/submit.php on line 79
[23-Jun-2025 02:54:08 UTC] PHP Warning:  Undefined array key "asistenciaCombinacion" in /home/soluctem/sistema.soluctem.com.co/api/submit.php on line 80
[23-Jun-2025 02:54:08 UTC] PHP Warning:  Undefined array key "fallaOperacion" in /home/soluctem/sistema.soluctem.com.co/api/submit.php on line 81
[23-Jun-2025 02:54:08 UTC] PHP Warning:  Undefined array key "fallaMecanica" in /home/soluctem/sistema.soluctem.com.co/api/submit.php on line 82
[23-Jun-2025 02:54:08 UTC] PHP Warning:  Undefined array key "fallaElectrica" in /home/soluctem/sistema.soluctem.com.co/api/submit.php on line 83
[23-Jun-2025 02:54:08 UTC] PHP Warning:  Undefined array key "fallaTerceros" in /home/soluctem/sistema.soluctem.com.co/api/submit.php on line 84
[23-Jun-2025 02:54:08 UTC] PHP Warning:  Undefined array key "fallaFabricacion" in /home/soluctem/sistema.soluctem.com.co/api/submit.php on line 85
[23-Jun-2025 02:54:08 UTC] PHP Warning:  Undefined array key "firma_digital_cliente" in /home/soluctem/sistema.soluctem.com.co/api/submit.php on line 86
[23-Jun-2025 02:54:08 UTC] PHP Warning:  Undefined array key "firma_digital_tecnico" in /home/soluctem/sistema.soluctem.com.co/api/submit.php on line 87
[23-Jun-2025 02:56:58 UTC] PHP Warning:  Undefined array key "nombreSolicitante" in /home/soluctem/sistema.soluctem.com.co/api/submit.php on line 28
[23-Jun-2025 02:56:58 UTC] PHP Warning:  Undefined array key "cargo" in /home/soluctem/sistema.soluctem.com.co/api/submit.php on line 29
[23-Jun-2025 02:56:58 UTC] PHP Warning:  Undefined array key "nombreTienda" in /home/soluctem/sistema.soluctem.com.co/api/submit.php on line 30
[23-Jun-2025 02:56:58 UTC] PHP Warning:  Undefined array key "numeroTienda" in /home/soluctem/sistema.soluctem.com.co/api/submit.php on line 31
[23-Jun-2025 02:56:58 UTC] PHP Warning:  Undefined array key "numeroTicket" in /home/soluctem/sistema.soluctem.com.co/api/submit.php on line 32
[23-Jun-2025 02:56:58 UTC] PHP Warning:  Undefined array key "fecha" in /home/soluctem/sistema.soluctem.com.co/api/submit.php on line 33
[23-Jun-2025 02:56:58 UTC] PHP Warning:  Undefined array key "municipio" in /home/soluctem/sistema.soluctem.com.co/api/submit.php on line 34
[23-Jun-2025 02:56:58 UTC] PHP Warning:  Undefined array key "departamento" in /home/soluctem/sistema.soluctem.com.co/api/submit.php on line 35
[23-Jun-2025 02:56:58 UTC] PHP Warning:  Undefined array key "nombreEquipo" in /home/soluctem/sistema.soluctem.com.co/api/submit.php on line 36
[23-Jun-2025 02:56:58 UTC] PHP Warning:  Undefined array key "marca" in /home/soluctem/sistema.soluctem.com.co/api/submit.php on line 37
[23-Jun-2025 02:56:58 UTC] PHP Warning:  Undefined array key "serial" in /home/soluctem/sistema.soluctem.com.co/api/submit.php on line 38
[23-Jun-2025 02:56:58 UTC] PHP Warning:  Undefined array key "descripcionFalla" in /home/soluctem/sistema.soluctem.com.co/api/submit.php on line 39
[23-Jun-2025 02:56:58 UTC] PHP Warning:  Undefined array key "diagnosticoTecnico" in /home/soluctem/sistema.soluctem.com.co/api/submit.php on line 40
[23-Jun-2025 02:56:58 UTC] PHP Warning:  Undefined array key "repuestosCambiados" in /home/soluctem/sistema.soluctem.com.co/api/submit.php on line 41
[23-Jun-2025 02:56:58 UTC] PHP Warning:  Undefined array key "observaciones" in /home/soluctem/sistema.soluctem.com.co/api/submit.php on line 42
[23-Jun-2025 02:56:58 UTC] PHP Warning:  Undefined array key "seguridadRiesgoAccidentalidad" in /home/soluctem/sistema.soluctem.com.co/api/submit.php on line 43
[23-Jun-2025 02:56:58 UTC] PHP Warning:  Undefined array key "seguridadRiesgoEquipo" in /home/soluctem/sistema.soluctem.com.co/api/submit.php on line 44
[23-Jun-2025 02:56:58 UTC] PHP Warning:  Undefined array key "funcionamientoFallaSolucionada" in /home/soluctem/sistema.soluctem.com.co/api/submit.php on line 45
[23-Jun-2025 02:56:58 UTC] PHP Warning:  Undefined array key "funcionamientoPasosNormales" in /home/soluctem/sistema.soluctem.com.co/api/submit.php on line 46
[23-Jun-2025 02:56:58 UTC] PHP Warning:  Undefined array key "calidadTrabajo" in /home/soluctem/sistema.soluctem.com.co/api/submit.php on line 47
[23-Jun-2025 02:56:58 UTC] PHP Warning:  Undefined array key "limpiezaOrganizacionArmado" in /home/soluctem/sistema.soluctem.com.co/api/submit.php on line 48
[23-Jun-2025 02:56:58 UTC] PHP Warning:  Undefined array key "limpiezaOrganizacionAseado" in /home/soluctem/sistema.soluctem.com.co/api/submit.php on line 49
[23-Jun-2025 02:56:58 UTC] PHP Warning:  Undefined array key "capacitacionCausa" in /home/soluctem/sistema.soluctem.com.co/api/submit.php on line 50
[23-Jun-2025 02:56:58 UTC] PHP Warning:  Undefined array key "capacitacionPrevencion" in /home/soluctem/sistema.soluctem.com.co/api/submit.php on line 51
[23-Jun-2025 02:56:58 UTC] PHP Warning:  Undefined array key "capacitacionAccion" in /home/soluctem/sistema.soluctem.com.co/api/submit.php on line 52
[23-Jun-2025 02:56:58 UTC] PHP Warning:  Undefined array key "contratista1" in /home/soluctem/sistema.soluctem.com.co/api/submit.php on line 53
[23-Jun-2025 02:56:58 UTC] PHP Warning:  Undefined array key "cedula1" in /home/soluctem/sistema.soluctem.com.co/api/submit.php on line 54
[23-Jun-2025 02:56:58 UTC] PHP Warning:  Undefined array key "horaEntrada1" in /home/soluctem/sistema.soluctem.com.co/api/submit.php on line 55
[23-Jun-2025 02:56:58 UTC] PHP Warning:  Undefined array key "horaSalida1" in /home/soluctem/sistema.soluctem.com.co/api/submit.php on line 56
[23-Jun-2025 02:56:58 UTC] PHP Warning:  Undefined array key "contratista2" in /home/soluctem/sistema.soluctem.com.co/api/submit.php on line 57
[23-Jun-2025 02:56:58 UTC] PHP Warning:  Undefined array key "cedula2" in /home/soluctem/sistema.soluctem.com.co/api/submit.php on line 58
[23-Jun-2025 02:56:58 UTC] PHP Warning:  Undefined array key "horaEntrada2" in /home/soluctem/sistema.soluctem.com.co/api/submit.php on line 59
[23-Jun-2025 02:56:58 UTC] PHP Warning:  Undefined array key "horaSalida2" in /home/soluctem/sistema.soluctem.com.co/api/submit.php on line 60
[23-Jun-2025 02:56:58 UTC] PHP Warning:  Undefined array key "contratista3" in /home/soluctem/sistema.soluctem.com.co/api/submit.php on line 61
[23-Jun-2025 02:56:58 UTC] PHP Warning:  Undefined array key "cedula3" in /home/soluctem/sistema.soluctem.com.co/api/submit.php on line 62
[23-Jun-2025 02:56:58 UTC] PHP Warning:  Undefined array key "horaEntrada3" in /home/soluctem/sistema.soluctem.com.co/api/submit.php on line 63
[23-Jun-2025 02:56:58 UTC] PHP Warning:  Undefined array key "horaSalida3" in /home/soluctem/sistema.soluctem.com.co/api/submit.php on line 64
[23-Jun-2025 02:56:58 UTC] PHP Warning:  Undefined array key "contratista4" in /home/soluctem/sistema.soluctem.com.co/api/submit.php on line 65
[23-Jun-2025 02:56:58 UTC] PHP Warning:  Undefined array key "cedula4" in /home/soluctem/sistema.soluctem.com.co/api/submit.php on line 66
[23-Jun-2025 02:56:58 UTC] PHP Warning:  Undefined array key "horaEntrada4" in /home/soluctem/sistema.soluctem.com.co/api/submit.php on line 67
[23-Jun-2025 02:56:58 UTC] PHP Warning:  Undefined array key "horaSalida4" in /home/soluctem/sistema.soluctem.com.co/api/submit.php on line 68
[23-Jun-2025 02:56:58 UTC] PHP Warning:  Undefined array key "nombreFuncionario" in /home/soluctem/sistema.soluctem.com.co/api/submit.php on line 69
[23-Jun-2025 02:56:58 UTC] PHP Warning:  Undefined array key "cedulaFuncionario" in /home/soluctem/sistema.soluctem.com.co/api/submit.php on line 70
[23-Jun-2025 02:56:58 UTC] PHP Warning:  Undefined array key "cargoFuncionario" in /home/soluctem/sistema.soluctem.com.co/api/submit.php on line 71
[23-Jun-2025 02:56:58 UTC] PHP Warning:  Undefined array key "sapFuncionario" in /home/soluctem/sistema.soluctem.com.co/api/submit.php on line 72
[23-Jun-2025 02:56:58 UTC] PHP Warning:  Undefined array key "timestamp" in /home/soluctem/sistema.soluctem.com.co/api/submit.php on line 73
[23-Jun-2025 02:56:58 UTC] PHP Warning:  Undefined array key "asistenciaReparacion" in /home/soluctem/sistema.soluctem.com.co/api/submit.php on line 74
[23-Jun-2025 02:56:58 UTC] PHP Warning:  Undefined array key "asistenciaGarantia" in /home/soluctem/sistema.soluctem.com.co/api/submit.php on line 75
[23-Jun-2025 02:56:58 UTC] PHP Warning:  Undefined array key "asistenciaAjuste" in /home/soluctem/sistema.soluctem.com.co/api/submit.php on line 76
[23-Jun-2025 02:56:58 UTC] PHP Warning:  Undefined array key "asistenciaModificacion" in /home/soluctem/sistema.soluctem.com.co/api/submit.php on line 77
[23-Jun-2025 02:56:58 UTC] PHP Warning:  Undefined array key "asistenciaServicio" in /home/soluctem/sistema.soluctem.com.co/api/submit.php on line 78
[23-Jun-2025 02:56:58 UTC] PHP Warning:  Undefined array key "asistenciaMejora" in /home/soluctem/sistema.soluctem.com.co/api/submit.php on line 79
[23-Jun-2025 02:56:58 UTC] PHP Warning:  Undefined array key "asistenciaCombinacion" in /home/soluctem/sistema.soluctem.com.co/api/submit.php on line 80
[23-Jun-2025 02:56:58 UTC] PHP Warning:  Undefined array key "fallaOperacion" in /home/soluctem/sistema.soluctem.com.co/api/submit.php on line 81
[23-Jun-2025 02:56:58 UTC] PHP Warning:  Undefined array key "fallaMecanica" in /home/soluctem/sistema.soluctem.com.co/api/submit.php on line 82
[23-Jun-2025 02:56:58 UTC] PHP Warning:  Undefined array key "fallaElectrica" in /home/soluctem/sistema.soluctem.com.co/api/submit.php on line 83
[23-Jun-2025 02:56:58 UTC] PHP Warning:  Undefined array key "fallaTerceros" in /home/soluctem/sistema.soluctem.com.co/api/submit.php on line 84
[23-Jun-2025 02:56:58 UTC] PHP Warning:  Undefined array key "fallaFabricacion" in /home/soluctem/sistema.soluctem.com.co/api/submit.php on line 85
[23-Jun-2025 02:56:58 UTC] PHP Warning:  Undefined array key "firma_digital_cliente" in /home/soluctem/sistema.soluctem.com.co/api/submit.php on line 86
[23-Jun-2025 02:56:58 UTC] PHP Warning:  Undefined array key "firma_digital_tecnico" in /home/soluctem/sistema.soluctem.com.co/api/submit.php on line 87
[23-Jun-2025 14:48:35 UTC] PHP Warning:  Undefined array key "nombreSolicitante" in /home/soluctem/sistema.soluctem.com.co/api/submit.php on line 28
[23-Jun-2025 14:48:35 UTC] PHP Warning:  Undefined array key "cargo" in /home/soluctem/sistema.soluctem.com.co/api/submit.php on line 29
[23-Jun-2025 14:48:35 UTC] PHP Warning:  Undefined array key "nombreTienda" in /home/soluctem/sistema.soluctem.com.co/api/submit.php on line 30
[23-Jun-2025 14:48:35 UTC] PHP Warning:  Undefined array key "numeroTienda" in /home/soluctem/sistema.soluctem.com.co/api/submit.php on line 31
[23-Jun-2025 14:48:35 UTC] PHP Warning:  Undefined array key "numeroTicket" in /home/soluctem/sistema.soluctem.com.co/api/submit.php on line 32
[23-Jun-2025 14:48:35 UTC] PHP Warning:  Undefined array key "fecha" in /home/soluctem/sistema.soluctem.com.co/api/submit.php on line 33
[23-Jun-2025 14:48:35 UTC] PHP Warning:  Undefined array key "municipio" in /home/soluctem/sistema.soluctem.com.co/api/submit.php on line 34
[23-Jun-2025 14:48:35 UTC] PHP Warning:  Undefined array key "departamento" in /home/soluctem/sistema.soluctem.com.co/api/submit.php on line 35
[23-Jun-2025 14:48:35 UTC] PHP Warning:  Undefined array key "nombreEquipo" in /home/soluctem/sistema.soluctem.com.co/api/submit.php on line 36
[23-Jun-2025 14:48:35 UTC] PHP Warning:  Undefined array key "marca" in /home/soluctem/sistema.soluctem.com.co/api/submit.php on line 37
[23-Jun-2025 14:48:35 UTC] PHP Warning:  Undefined array key "serial" in /home/soluctem/sistema.soluctem.com.co/api/submit.php on line 38
[23-Jun-2025 14:48:35 UTC] PHP Warning:  Undefined array key "descripcionFalla" in /home/soluctem/sistema.soluctem.com.co/api/submit.php on line 39
[23-Jun-2025 14:48:35 UTC] PHP Warning:  Undefined array key "diagnosticoTecnico" in /home/soluctem/sistema.soluctem.com.co/api/submit.php on line 40
[23-Jun-2025 14:48:35 UTC] PHP Warning:  Undefined array key "repuestosCambiados" in /home/soluctem/sistema.soluctem.com.co/api/submit.php on line 41
[23-Jun-2025 14:48:35 UTC] PHP Warning:  Undefined array key "observaciones" in /home/soluctem/sistema.soluctem.com.co/api/submit.php on line 42
[23-Jun-2025 14:48:35 UTC] PHP Warning:  Undefined array key "seguridadRiesgoAccidentalidad" in /home/soluctem/sistema.soluctem.com.co/api/submit.php on line 43
[23-Jun-2025 14:48:35 UTC] PHP Warning:  Undefined array key "seguridadRiesgoEquipo" in /home/soluctem/sistema.soluctem.com.co/api/submit.php on line 44
[23-Jun-2025 14:48:35 UTC] PHP Warning:  Undefined array key "funcionamientoFallaSolucionada" in /home/soluctem/sistema.soluctem.com.co/api/submit.php on line 45
[23-Jun-2025 14:48:35 UTC] PHP Warning:  Undefined array key "funcionamientoPasosNormales" in /home/soluctem/sistema.soluctem.com.co/api/submit.php on line 46
[23-Jun-2025 14:48:35 UTC] PHP Warning:  Undefined array key "calidadTrabajo" in /home/soluctem/sistema.soluctem.com.co/api/submit.php on line 47
[23-Jun-2025 14:48:35 UTC] PHP Warning:  Undefined array key "limpiezaOrganizacionArmado" in /home/soluctem/sistema.soluctem.com.co/api/submit.php on line 48
[23-Jun-2025 14:48:35 UTC] PHP Warning:  Undefined array key "limpiezaOrganizacionAseado" in /home/soluctem/sistema.soluctem.com.co/api/submit.php on line 49
[23-Jun-2025 14:48:35 UTC] PHP Warning:  Undefined array key "capacitacionCausa" in /home/soluctem/sistema.soluctem.com.co/api/submit.php on line 50
[23-Jun-2025 14:48:35 UTC] PHP Warning:  Undefined array key "capacitacionPrevencion" in /home/soluctem/sistema.soluctem.com.co/api/submit.php on line 51
[23-Jun-2025 14:48:35 UTC] PHP Warning:  Undefined array key "capacitacionAccion" in /home/soluctem/sistema.soluctem.com.co/api/submit.php on line 52
[23-Jun-2025 14:48:35 UTC] PHP Warning:  Undefined array key "contratista1" in /home/soluctem/sistema.soluctem.com.co/api/submit.php on line 53
[23-Jun-2025 14:48:35 UTC] PHP Warning:  Undefined array key "cedula1" in /home/soluctem/sistema.soluctem.com.co/api/submit.php on line 54
[23-Jun-2025 14:48:35 UTC] PHP Warning:  Undefined array key "horaEntrada1" in /home/soluctem/sistema.soluctem.com.co/api/submit.php on line 55
[23-Jun-2025 14:48:35 UTC] PHP Warning:  Undefined array key "horaSalida1" in /home/soluctem/sistema.soluctem.com.co/api/submit.php on line 56
[23-Jun-2025 14:48:35 UTC] PHP Warning:  Undefined array key "contratista2" in /home/soluctem/sistema.soluctem.com.co/api/submit.php on line 57
[23-Jun-2025 14:48:35 UTC] PHP Warning:  Undefined array key "cedula2" in /home/soluctem/sistema.soluctem.com.co/api/submit.php on line 58
[23-Jun-2025 14:48:35 UTC] PHP Warning:  Undefined array key "horaEntrada2" in /home/soluctem/sistema.soluctem.com.co/api/submit.php on line 59
[23-Jun-2025 14:48:35 UTC] PHP Warning:  Undefined array key "horaSalida2" in /home/soluctem/sistema.soluctem.com.co/api/submit.php on line 60
[23-Jun-2025 14:48:35 UTC] PHP Warning:  Undefined array key "contratista3" in /home/soluctem/sistema.soluctem.com.co/api/submit.php on line 61
[23-Jun-2025 14:48:35 UTC] PHP Warning:  Undefined array key "cedula3" in /home/soluctem/sistema.soluctem.com.co/api/submit.php on line 62
[23-Jun-2025 14:48:35 UTC] PHP Warning:  Undefined array key "horaEntrada3" in /home/soluctem/sistema.soluctem.com.co/api/submit.php on line 63
[23-Jun-2025 14:48:35 UTC] PHP Warning:  Undefined array key "horaSalida3" in /home/soluctem/sistema.soluctem.com.co/api/submit.php on line 64
[23-Jun-2025 14:48:35 UTC] PHP Warning:  Undefined array key "contratista4" in /home/soluctem/sistema.soluctem.com.co/api/submit.php on line 65
[23-Jun-2025 14:48:35 UTC] PHP Warning:  Undefined array key "cedula4" in /home/soluctem/sistema.soluctem.com.co/api/submit.php on line 66
[23-Jun-2025 14:48:35 UTC] PHP Warning:  Undefined array key "horaEntrada4" in /home/soluctem/sistema.soluctem.com.co/api/submit.php on line 67
[23-Jun-2025 14:48:35 UTC] PHP Warning:  Undefined array key "horaSalida4" in /home/soluctem/sistema.soluctem.com.co/api/submit.php on line 68
[23-Jun-2025 14:48:35 UTC] PHP Warning:  Undefined array key "nombreFuncionario" in /home/soluctem/sistema.soluctem.com.co/api/submit.php on line 69
[23-Jun-2025 14:48:35 UTC] PHP Warning:  Undefined array key "cedulaFuncionario" in /home/soluctem/sistema.soluctem.com.co/api/submit.php on line 70
[23-Jun-2025 14:48:35 UTC] PHP Warning:  Undefined array key "cargoFuncionario" in /home/soluctem/sistema.soluctem.com.co/api/submit.php on line 71
[23-Jun-2025 14:48:35 UTC] PHP Warning:  Undefined array key "sapFuncionario" in /home/soluctem/sistema.soluctem.com.co/api/submit.php on line 72
[23-Jun-2025 14:48:35 UTC] PHP Warning:  Undefined array key "timestamp" in /home/soluctem/sistema.soluctem.com.co/api/submit.php on line 73
[23-Jun-2025 14:48:35 UTC] PHP Warning:  Undefined array key "asistenciaReparacion" in /home/soluctem/sistema.soluctem.com.co/api/submit.php on line 74
[23-Jun-2025 14:48:35 UTC] PHP Warning:  Undefined array key "asistenciaGarantia" in /home/soluctem/sistema.soluctem.com.co/api/submit.php on line 75
[23-Jun-2025 14:48:35 UTC] PHP Warning:  Undefined array key "asistenciaAjuste" in /home/soluctem/sistema.soluctem.com.co/api/submit.php on line 76
[23-Jun-2025 14:48:35 UTC] PHP Warning:  Undefined array key "asistenciaModificacion" in /home/soluctem/sistema.soluctem.com.co/api/submit.php on line 77
[23-Jun-2025 14:48:35 UTC] PHP Warning:  Undefined array key "asistenciaServicio" in /home/soluctem/sistema.soluctem.com.co/api/submit.php on line 78
[23-Jun-2025 14:48:35 UTC] PHP Warning:  Undefined array key "asistenciaMejora" in /home/soluctem/sistema.soluctem.com.co/api/submit.php on line 79
[23-Jun-2025 14:48:35 UTC] PHP Warning:  Undefined array key "asistenciaCombinacion" in /home/soluctem/sistema.soluctem.com.co/api/submit.php on line 80
[23-Jun-2025 14:48:35 UTC] PHP Warning:  Undefined array key "fallaOperacion" in /home/soluctem/sistema.soluctem.com.co/api/submit.php on line 81
[23-Jun-2025 14:48:35 UTC] PHP Warning:  Undefined array key "fallaMecanica" in /home/soluctem/sistema.soluctem.com.co/api/submit.php on line 82
[23-Jun-2025 14:48:35 UTC] PHP Warning:  Undefined array key "fallaElectrica" in /home/soluctem/sistema.soluctem.com.co/api/submit.php on line 83
[23-Jun-2025 14:48:35 UTC] PHP Warning:  Undefined array key "fallaTerceros" in /home/soluctem/sistema.soluctem.com.co/api/submit.php on line 84
[23-Jun-2025 14:48:35 UTC] PHP Warning:  Undefined array key "fallaFabricacion" in /home/soluctem/sistema.soluctem.com.co/api/submit.php on line 85
[23-Jun-2025 14:48:35 UTC] PHP Warning:  Undefined array key "firma_digital_cliente" in /home/soluctem/sistema.soluctem.com.co/api/submit.php on line 86
[23-Jun-2025 14:48:35 UTC] PHP Warning:  Undefined array key "firma_digital_tecnico" in /home/soluctem/sistema.soluctem.com.co/api/submit.php on line 87
[23-Jun-2025 21:22:10 UTC] PHP Warning:  Undefined array key "nombreSolicitante" in /home/soluctem/sistema.soluctem.com.co/api/submit.php on line 28
[23-Jun-2025 21:22:10 UTC] PHP Warning:  Undefined array key "cargo" in /home/soluctem/sistema.soluctem.com.co/api/submit.php on line 29
[23-Jun-2025 21:22:10 UTC] PHP Warning:  Undefined array key "nombreTienda" in /home/soluctem/sistema.soluctem.com.co/api/submit.php on line 30
[23-Jun-2025 21:22:10 UTC] PHP Warning:  Undefined array key "numeroTienda" in /home/soluctem/sistema.soluctem.com.co/api/submit.php on line 31
[23-Jun-2025 21:22:10 UTC] PHP Warning:  Undefined array key "numeroTicket" in /home/soluctem/sistema.soluctem.com.co/api/submit.php on line 32
[23-Jun-2025 21:22:10 UTC] PHP Warning:  Undefined array key "fecha" in /home/soluctem/sistema.soluctem.com.co/api/submit.php on line 33
[23-Jun-2025 21:22:10 UTC] PHP Warning:  Undefined array key "municipio" in /home/soluctem/sistema.soluctem.com.co/api/submit.php on line 34
[23-Jun-2025 21:22:10 UTC] PHP Warning:  Undefined array key "departamento" in /home/soluctem/sistema.soluctem.com.co/api/submit.php on line 35
[23-Jun-2025 21:22:10 UTC] PHP Warning:  Undefined array key "nombreEquipo" in /home/soluctem/sistema.soluctem.com.co/api/submit.php on line 36
[23-Jun-2025 21:22:10 UTC] PHP Warning:  Undefined array key "marca" in /home/soluctem/sistema.soluctem.com.co/api/submit.php on line 37
[23-Jun-2025 21:22:10 UTC] PHP Warning:  Undefined array key "serial" in /home/soluctem/sistema.soluctem.com.co/api/submit.php on line 38
[23-Jun-2025 21:22:10 UTC] PHP Warning:  Undefined array key "descripcionFalla" in /home/soluctem/sistema.soluctem.com.co/api/submit.php on line 39
[23-Jun-2025 21:22:10 UTC] PHP Warning:  Undefined array key "diagnosticoTecnico" in /home/soluctem/sistema.soluctem.com.co/api/submit.php on line 40
[23-Jun-2025 21:22:10 UTC] PHP Warning:  Undefined array key "repuestosCambiados" in /home/soluctem/sistema.soluctem.com.co/api/submit.php on line 41
[23-Jun-2025 21:22:10 UTC] PHP Warning:  Undefined array key "observaciones" in /home/soluctem/sistema.soluctem.com.co/api/submit.php on line 42
[23-Jun-2025 21:22:10 UTC] PHP Warning:  Undefined array key "seguridadRiesgoAccidentalidad" in /home/soluctem/sistema.soluctem.com.co/api/submit.php on line 43
[23-Jun-2025 21:22:10 UTC] PHP Warning:  Undefined array key "seguridadRiesgoEquipo" in /home/soluctem/sistema.soluctem.com.co/api/submit.php on line 44
[23-Jun-2025 21:22:10 UTC] PHP Warning:  Undefined array key "funcionamientoFallaSolucionada" in /home/soluctem/sistema.soluctem.com.co/api/submit.php on line 45
[23-Jun-2025 21:22:10 UTC] PHP Warning:  Undefined array key "funcionamientoPasosNormales" in /home/soluctem/sistema.soluctem.com.co/api/submit.php on line 46
[23-Jun-2025 21:22:10 UTC] PHP Warning:  Undefined array key "calidadTrabajo" in /home/soluctem/sistema.soluctem.com.co/api/submit.php on line 47
[23-Jun-2025 21:22:10 UTC] PHP Warning:  Undefined array key "limpiezaOrganizacionArmado" in /home/soluctem/sistema.soluctem.com.co/api/submit.php on line 48
[23-Jun-2025 21:22:10 UTC] PHP Warning:  Undefined array key "limpiezaOrganizacionAseado" in /home/soluctem/sistema.soluctem.com.co/api/submit.php on line 49
[23-Jun-2025 21:22:10 UTC] PHP Warning:  Undefined array key "capacitacionCausa" in /home/soluctem/sistema.soluctem.com.co/api/submit.php on line 50
[23-Jun-2025 21:22:10 UTC] PHP Warning:  Undefined array key "capacitacionPrevencion" in /home/soluctem/sistema.soluctem.com.co/api/submit.php on line 51
[23-Jun-2025 21:22:10 UTC] PHP Warning:  Undefined array key "capacitacionAccion" in /home/soluctem/sistema.soluctem.com.co/api/submit.php on line 52
[23-Jun-2025 21:22:10 UTC] PHP Warning:  Undefined array key "contratista1" in /home/soluctem/sistema.soluctem.com.co/api/submit.php on line 53
[23-Jun-2025 21:22:10 UTC] PHP Warning:  Undefined array key "cedula1" in /home/soluctem/sistema.soluctem.com.co/api/submit.php on line 54
[23-Jun-2025 21:22:10 UTC] PHP Warning:  Undefined array key "horaEntrada1" in /home/soluctem/sistema.soluctem.com.co/api/submit.php on line 55
[23-Jun-2025 21:22:10 UTC] PHP Warning:  Undefined array key "horaSalida1" in /home/soluctem/sistema.soluctem.com.co/api/submit.php on line 56
[23-Jun-2025 21:22:10 UTC] PHP Warning:  Undefined array key "contratista2" in /home/soluctem/sistema.soluctem.com.co/api/submit.php on line 57
[23-Jun-2025 21:22:10 UTC] PHP Warning:  Undefined array key "cedula2" in /home/soluctem/sistema.soluctem.com.co/api/submit.php on line 58
[23-Jun-2025 21:22:10 UTC] PHP Warning:  Undefined array key "horaEntrada2" in /home/soluctem/sistema.soluctem.com.co/api/submit.php on line 59
[23-Jun-2025 21:22:10 UTC] PHP Warning:  Undefined array key "horaSalida2" in /home/soluctem/sistema.soluctem.com.co/api/submit.php on line 60
[23-Jun-2025 21:22:10 UTC] PHP Warning:  Undefined array key "contratista3" in /home/soluctem/sistema.soluctem.com.co/api/submit.php on line 61
[23-Jun-2025 21:22:10 UTC] PHP Warning:  Undefined array key "cedula3" in /home/soluctem/sistema.soluctem.com.co/api/submit.php on line 62
[23-Jun-2025 21:22:10 UTC] PHP Warning:  Undefined array key "horaEntrada3" in /home/soluctem/sistema.soluctem.com.co/api/submit.php on line 63
[23-Jun-2025 21:22:10 UTC] PHP Warning:  Undefined array key "horaSalida3" in /home/soluctem/sistema.soluctem.com.co/api/submit.php on line 64
[23-Jun-2025 21:22:10 UTC] PHP Warning:  Undefined array key "contratista4" in /home/soluctem/sistema.soluctem.com.co/api/submit.php on line 65
[23-Jun-2025 21:22:10 UTC] PHP Warning:  Undefined array key "cedula4" in /home/soluctem/sistema.soluctem.com.co/api/submit.php on line 66
[23-Jun-2025 21:22:10 UTC] PHP Warning:  Undefined array key "horaEntrada4" in /home/soluctem/sistema.soluctem.com.co/api/submit.php on line 67
[23-Jun-2025 21:22:10 UTC] PHP Warning:  Undefined array key "horaSalida4" in /home/soluctem/sistema.soluctem.com.co/api/submit.php on line 68
[23-Jun-2025 21:22:10 UTC] PHP Warning:  Undefined array key "nombreFuncionario" in /home/soluctem/sistema.soluctem.com.co/api/submit.php on line 69
[23-Jun-2025 21:22:10 UTC] PHP Warning:  Undefined array key "cedulaFuncionario" in /home/soluctem/sistema.soluctem.com.co/api/submit.php on line 70
[23-Jun-2025 21:22:10 UTC] PHP Warning:  Undefined array key "cargoFuncionario" in /home/soluctem/sistema.soluctem.com.co/api/submit.php on line 71
[23-Jun-2025 21:22:10 UTC] PHP Warning:  Undefined array key "sapFuncionario" in /home/soluctem/sistema.soluctem.com.co/api/submit.php on line 72
[23-Jun-2025 21:22:10 UTC] PHP Warning:  Undefined array key "timestamp" in /home/soluctem/sistema.soluctem.com.co/api/submit.php on line 73
[23-Jun-2025 21:22:10 UTC] PHP Warning:  Undefined array key "asistenciaReparacion" in /home/soluctem/sistema.soluctem.com.co/api/submit.php on line 74
[23-Jun-2025 21:22:10 UTC] PHP Warning:  Undefined array key "asistenciaGarantia" in /home/soluctem/sistema.soluctem.com.co/api/submit.php on line 75
[23-Jun-2025 21:22:10 UTC] PHP Warning:  Undefined array key "asistenciaAjuste" in /home/soluctem/sistema.soluctem.com.co/api/submit.php on line 76
[23-Jun-2025 21:22:10 UTC] PHP Warning:  Undefined array key "asistenciaModificacion" in /home/soluctem/sistema.soluctem.com.co/api/submit.php on line 77
[23-Jun-2025 21:22:10 UTC] PHP Warning:  Undefined array key "asistenciaServicio" in /home/soluctem/sistema.soluctem.com.co/api/submit.php on line 78
[23-Jun-2025 21:22:10 UTC] PHP Warning:  Undefined array key "asistenciaMejora" in /home/soluctem/sistema.soluctem.com.co/api/submit.php on line 79
[23-Jun-2025 21:22:10 UTC] PHP Warning:  Undefined array key "asistenciaCombinacion" in /home/soluctem/sistema.soluctem.com.co/api/submit.php on line 80
[23-Jun-2025 21:22:10 UTC] PHP Warning:  Undefined array key "fallaOperacion" in /home/soluctem/sistema.soluctem.com.co/api/submit.php on line 81
[23-Jun-2025 21:22:10 UTC] PHP Warning:  Undefined array key "fallaMecanica" in /home/soluctem/sistema.soluctem.com.co/api/submit.php on line 82
[23-Jun-2025 21:22:10 UTC] PHP Warning:  Undefined array key "fallaElectrica" in /home/soluctem/sistema.soluctem.com.co/api/submit.php on line 83
[23-Jun-2025 21:22:10 UTC] PHP Warning:  Undefined array key "fallaTerceros" in /home/soluctem/sistema.soluctem.com.co/api/submit.php on line 84
[23-Jun-2025 21:22:10 UTC] PHP Warning:  Undefined array key "fallaFabricacion" in /home/soluctem/sistema.soluctem.com.co/api/submit.php on line 85
[23-Jun-2025 21:22:10 UTC] PHP Warning:  Undefined array key "firma_digital_cliente" in /home/soluctem/sistema.soluctem.com.co/api/submit.php on line 86
[23-Jun-2025 21:22:10 UTC] PHP Warning:  Undefined array key "firma_digital_tecnico" in /home/soluctem/sistema.soluctem.com.co/api/submit.php on line 87
[24-Jun-2025 14:13:17 UTC] PHP Warning:  Undefined array key "nombreSolicitante" in /home/soluctem/sistema.soluctem.com.co/api/submit.php on line 28
[24-Jun-2025 14:13:17 UTC] PHP Warning:  Undefined array key "cargo" in /home/soluctem/sistema.soluctem.com.co/api/submit.php on line 29
[24-Jun-2025 14:13:17 UTC] PHP Warning:  Undefined array key "nombreTienda" in /home/soluctem/sistema.soluctem.com.co/api/submit.php on line 30
[24-Jun-2025 14:13:17 UTC] PHP Warning:  Undefined array key "numeroTienda" in /home/soluctem/sistema.soluctem.com.co/api/submit.php on line 31
[24-Jun-2025 14:13:17 UTC] PHP Warning:  Undefined array key "numeroTicket" in /home/soluctem/sistema.soluctem.com.co/api/submit.php on line 32
[24-Jun-2025 14:13:17 UTC] PHP Warning:  Undefined array key "fecha" in /home/soluctem/sistema.soluctem.com.co/api/submit.php on line 33
[24-Jun-2025 14:13:17 UTC] PHP Warning:  Undefined array key "municipio" in /home/soluctem/sistema.soluctem.com.co/api/submit.php on line 34
[24-Jun-2025 14:13:17 UTC] PHP Warning:  Undefined array key "departamento" in /home/soluctem/sistema.soluctem.com.co/api/submit.php on line 35
[24-Jun-2025 14:13:17 UTC] PHP Warning:  Undefined array key "nombreEquipo" in /home/soluctem/sistema.soluctem.com.co/api/submit.php on line 36
[24-Jun-2025 14:13:17 UTC] PHP Warning:  Undefined array key "marca" in /home/soluctem/sistema.soluctem.com.co/api/submit.php on line 37
[24-Jun-2025 14:13:17 UTC] PHP Warning:  Undefined array key "serial" in /home/soluctem/sistema.soluctem.com.co/api/submit.php on line 38
[24-Jun-2025 14:13:17 UTC] PHP Warning:  Undefined array key "descripcionFalla" in /home/soluctem/sistema.soluctem.com.co/api/submit.php on line 39
[24-Jun-2025 14:13:17 UTC] PHP Warning:  Undefined array key "diagnosticoTecnico" in /home/soluctem/sistema.soluctem.com.co/api/submit.php on line 40
[24-Jun-2025 14:13:17 UTC] PHP Warning:  Undefined array key "repuestosCambiados" in /home/soluctem/sistema.soluctem.com.co/api/submit.php on line 41
[24-Jun-2025 14:13:17 UTC] PHP Warning:  Undefined array key "observaciones" in /home/soluctem/sistema.soluctem.com.co/api/submit.php on line 42
[24-Jun-2025 14:13:17 UTC] PHP Warning:  Undefined array key "seguridadRiesgoAccidentalidad" in /home/soluctem/sistema.soluctem.com.co/api/submit.php on line 43
[24-Jun-2025 14:13:17 UTC] PHP Warning:  Undefined array key "seguridadRiesgoEquipo" in /home/soluctem/sistema.soluctem.com.co/api/submit.php on line 44
[24-Jun-2025 14:13:17 UTC] PHP Warning:  Undefined array key "funcionamientoFallaSolucionada" in /home/soluctem/sistema.soluctem.com.co/api/submit.php on line 45
[24-Jun-2025 14:13:17 UTC] PHP Warning:  Undefined array key "funcionamientoPasosNormales" in /home/soluctem/sistema.soluctem.com.co/api/submit.php on line 46
[24-Jun-2025 14:13:17 UTC] PHP Warning:  Undefined array key "calidadTrabajo" in /home/soluctem/sistema.soluctem.com.co/api/submit.php on line 47
[24-Jun-2025 14:13:17 UTC] PHP Warning:  Undefined array key "limpiezaOrganizacionArmado" in /home/soluctem/sistema.soluctem.com.co/api/submit.php on line 48
[24-Jun-2025 14:13:17 UTC] PHP Warning:  Undefined array key "limpiezaOrganizacionAseado" in /home/soluctem/sistema.soluctem.com.co/api/submit.php on line 49
[24-Jun-2025 14:13:17 UTC] PHP Warning:  Undefined array key "capacitacionCausa" in /home/soluctem/sistema.soluctem.com.co/api/submit.php on line 50
[24-Jun-2025 14:13:17 UTC] PHP Warning:  Undefined array key "capacitacionPrevencion" in /home/soluctem/sistema.soluctem.com.co/api/submit.php on line 51
[24-Jun-2025 14:13:17 UTC] PHP Warning:  Undefined array key "capacitacionAccion" in /home/soluctem/sistema.soluctem.com.co/api/submit.php on line 52
[24-Jun-2025 14:13:17 UTC] PHP Warning:  Undefined array key "contratista1" in /home/soluctem/sistema.soluctem.com.co/api/submit.php on line 53
[24-Jun-2025 14:13:17 UTC] PHP Warning:  Undefined array key "cedula1" in /home/soluctem/sistema.soluctem.com.co/api/submit.php on line 54
[24-Jun-2025 14:13:17 UTC] PHP Warning:  Undefined array key "horaEntrada1" in /home/soluctem/sistema.soluctem.com.co/api/submit.php on line 55
[24-Jun-2025 14:13:17 UTC] PHP Warning:  Undefined array key "horaSalida1" in /home/soluctem/sistema.soluctem.com.co/api/submit.php on line 56
[24-Jun-2025 14:13:17 UTC] PHP Warning:  Undefined array key "contratista2" in /home/soluctem/sistema.soluctem.com.co/api/submit.php on line 57
[24-Jun-2025 14:13:17 UTC] PHP Warning:  Undefined array key "cedula2" in /home/soluctem/sistema.soluctem.com.co/api/submit.php on line 58
[24-Jun-2025 14:13:17 UTC] PHP Warning:  Undefined array key "horaEntrada2" in /home/soluctem/sistema.soluctem.com.co/api/submit.php on line 59
[24-Jun-2025 14:13:17 UTC] PHP Warning:  Undefined array key "horaSalida2" in /home/soluctem/sistema.soluctem.com.co/api/submit.php on line 60
[24-Jun-2025 14:13:17 UTC] PHP Warning:  Undefined array key "contratista3" in /home/soluctem/sistema.soluctem.com.co/api/submit.php on line 61
[24-Jun-2025 14:13:17 UTC] PHP Warning:  Undefined array key "cedula3" in /home/soluctem/sistema.soluctem.com.co/api/submit.php on line 62
[24-Jun-2025 14:13:17 UTC] PHP Warning:  Undefined array key "horaEntrada3" in /home/soluctem/sistema.soluctem.com.co/api/submit.php on line 63
[24-Jun-2025 14:13:17 UTC] PHP Warning:  Undefined array key "horaSalida3" in /home/soluctem/sistema.soluctem.com.co/api/submit.php on line 64
[24-Jun-2025 14:13:17 UTC] PHP Warning:  Undefined array key "contratista4" in /home/soluctem/sistema.soluctem.com.co/api/submit.php on line 65
[24-Jun-2025 14:13:17 UTC] PHP Warning:  Undefined array key "cedula4" in /home/soluctem/sistema.soluctem.com.co/api/submit.php on line 66
[24-Jun-2025 14:13:17 UTC] PHP Warning:  Undefined array key "horaEntrada4" in /home/soluctem/sistema.soluctem.com.co/api/submit.php on line 67
[24-Jun-2025 14:13:17 UTC] PHP Warning:  Undefined array key "horaSalida4" in /home/soluctem/sistema.soluctem.com.co/api/submit.php on line 68
[24-Jun-2025 14:13:17 UTC] PHP Warning:  Undefined array key "nombreFuncionario" in /home/soluctem/sistema.soluctem.com.co/api/submit.php on line 69
[24-Jun-2025 14:13:17 UTC] PHP Warning:  Undefined array key "cedulaFuncionario" in /home/soluctem/sistema.soluctem.com.co/api/submit.php on line 70
[24-Jun-2025 14:13:17 UTC] PHP Warning:  Undefined array key "cargoFuncionario" in /home/soluctem/sistema.soluctem.com.co/api/submit.php on line 71
[24-Jun-2025 14:13:17 UTC] PHP Warning:  Undefined array key "sapFuncionario" in /home/soluctem/sistema.soluctem.com.co/api/submit.php on line 72
[24-Jun-2025 14:13:17 UTC] PHP Warning:  Undefined array key "timestamp" in /home/soluctem/sistema.soluctem.com.co/api/submit.php on line 73
[24-Jun-2025 14:13:17 UTC] PHP Warning:  Undefined array key "asistenciaReparacion" in /home/soluctem/sistema.soluctem.com.co/api/submit.php on line 74
[24-Jun-2025 14:13:17 UTC] PHP Warning:  Undefined array key "asistenciaGarantia" in /home/soluctem/sistema.soluctem.com.co/api/submit.php on line 75
[24-Jun-2025 14:13:17 UTC] PHP Warning:  Undefined array key "asistenciaAjuste" in /home/soluctem/sistema.soluctem.com.co/api/submit.php on line 76
[24-Jun-2025 14:13:17 UTC] PHP Warning:  Undefined array key "asistenciaModificacion" in /home/soluctem/sistema.soluctem.com.co/api/submit.php on line 77
[24-Jun-2025 14:13:17 UTC] PHP Warning:  Undefined array key "asistenciaServicio" in /home/soluctem/sistema.soluctem.com.co/api/submit.php on line 78
[24-Jun-2025 14:13:17 UTC] PHP Warning:  Undefined array key "asistenciaMejora" in /home/soluctem/sistema.soluctem.com.co/api/submit.php on line 79
[24-Jun-2025 14:13:17 UTC] PHP Warning:  Undefined array key "asistenciaCombinacion" in /home/soluctem/sistema.soluctem.com.co/api/submit.php on line 80
[24-Jun-2025 14:13:17 UTC] PHP Warning:  Undefined array key "fallaOperacion" in /home/soluctem/sistema.soluctem.com.co/api/submit.php on line 81
[24-Jun-2025 14:13:17 UTC] PHP Warning:  Undefined array key "fallaMecanica" in /home/soluctem/sistema.soluctem.com.co/api/submit.php on line 82
[24-Jun-2025 14:13:17 UTC] PHP Warning:  Undefined array key "fallaElectrica" in /home/soluctem/sistema.soluctem.com.co/api/submit.php on line 83
[24-Jun-2025 14:13:17 UTC] PHP Warning:  Undefined array key "fallaTerceros" in /home/soluctem/sistema.soluctem.com.co/api/submit.php on line 84
[24-Jun-2025 14:13:17 UTC] PHP Warning:  Undefined array key "fallaFabricacion" in /home/soluctem/sistema.soluctem.com.co/api/submit.php on line 85
[24-Jun-2025 14:13:17 UTC] PHP Warning:  Undefined array key "firma_digital_cliente" in /home/soluctem/sistema.soluctem.com.co/api/submit.php on line 86
[24-Jun-2025 14:13:17 UTC] PHP Warning:  Undefined array key "firma_digital_tecnico" in /home/soluctem/sistema.soluctem.com.co/api/submit.php on line 87
[25-Jun-2025 14:21:57 UTC] PHP Warning:  Undefined array key "nombreSolicitante" in /home/soluctem/sistema.soluctem.com.co/api/submit.php on line 28
[25-Jun-2025 14:21:57 UTC] PHP Warning:  Undefined array key "cargo" in /home/soluctem/sistema.soluctem.com.co/api/submit.php on line 29
[25-Jun-2025 14:21:57 UTC] PHP Warning:  Undefined array key "nombreTienda" in /home/soluctem/sistema.soluctem.com.co/api/submit.php on line 30
[25-Jun-2025 14:21:57 UTC] PHP Warning:  Undefined array key "numeroTienda" in /home/soluctem/sistema.soluctem.com.co/api/submit.php on line 31
[25-Jun-2025 14:21:57 UTC] PHP Warning:  Undefined array key "numeroTicket" in /home/soluctem/sistema.soluctem.com.co/api/submit.php on line 32
[25-Jun-2025 14:21:57 UTC] PHP Warning:  Undefined array key "fecha" in /home/soluctem/sistema.soluctem.com.co/api/submit.php on line 33
[25-Jun-2025 14:21:57 UTC] PHP Warning:  Undefined array key "municipio" in /home/soluctem/sistema.soluctem.com.co/api/submit.php on line 34
[25-Jun-2025 14:21:57 UTC] PHP Warning:  Undefined array key "departamento" in /home/soluctem/sistema.soluctem.com.co/api/submit.php on line 35
[25-Jun-2025 14:21:57 UTC] PHP Warning:  Undefined array key "nombreEquipo" in /home/soluctem/sistema.soluctem.com.co/api/submit.php on line 36
[25-Jun-2025 14:21:57 UTC] PHP Warning:  Undefined array key "marca" in /home/soluctem/sistema.soluctem.com.co/api/submit.php on line 37
[25-Jun-2025 14:21:57 UTC] PHP Warning:  Undefined array key "serial" in /home/soluctem/sistema.soluctem.com.co/api/submit.php on line 38
[25-Jun-2025 14:21:57 UTC] PHP Warning:  Undefined array key "descripcionFalla" in /home/soluctem/sistema.soluctem.com.co/api/submit.php on line 39
[25-Jun-2025 14:21:57 UTC] PHP Warning:  Undefined array key "diagnosticoTecnico" in /home/soluctem/sistema.soluctem.com.co/api/submit.php on line 40
[25-Jun-2025 14:21:57 UTC] PHP Warning:  Undefined array key "repuestosCambiados" in /home/soluctem/sistema.soluctem.com.co/api/submit.php on line 41
[25-Jun-2025 14:21:57 UTC] PHP Warning:  Undefined array key "observaciones" in /home/soluctem/sistema.soluctem.com.co/api/submit.php on line 42
[25-Jun-2025 14:21:57 UTC] PHP Warning:  Undefined array key "seguridadRiesgoAccidentalidad" in /home/soluctem/sistema.soluctem.com.co/api/submit.php on line 43
[25-Jun-2025 14:21:57 UTC] PHP Warning:  Undefined array key "seguridadRiesgoEquipo" in /home/soluctem/sistema.soluctem.com.co/api/submit.php on line 44
[25-Jun-2025 14:21:57 UTC] PHP Warning:  Undefined array key "funcionamientoFallaSolucionada" in /home/soluctem/sistema.soluctem.com.co/api/submit.php on line 45
[25-Jun-2025 14:21:57 UTC] PHP Warning:  Undefined array key "funcionamientoPasosNormales" in /home/soluctem/sistema.soluctem.com.co/api/submit.php on line 46
[25-Jun-2025 14:21:57 UTC] PHP Warning:  Undefined array key "calidadTrabajo" in /home/soluctem/sistema.soluctem.com.co/api/submit.php on line 47
[25-Jun-2025 14:21:57 UTC] PHP Warning:  Undefined array key "limpiezaOrganizacionArmado" in /home/soluctem/sistema.soluctem.com.co/api/submit.php on line 48
[25-Jun-2025 14:21:57 UTC] PHP Warning:  Undefined array key "limpiezaOrganizacionAseado" in /home/soluctem/sistema.soluctem.com.co/api/submit.php on line 49
[25-Jun-2025 14:21:57 UTC] PHP Warning:  Undefined array key "capacitacionCausa" in /home/soluctem/sistema.soluctem.com.co/api/submit.php on line 50
[25-Jun-2025 14:21:57 UTC] PHP Warning:  Undefined array key "capacitacionPrevencion" in /home/soluctem/sistema.soluctem.com.co/api/submit.php on line 51
[25-Jun-2025 14:21:57 UTC] PHP Warning:  Undefined array key "capacitacionAccion" in /home/soluctem/sistema.soluctem.com.co/api/submit.php on line 52
[25-Jun-2025 14:21:57 UTC] PHP Warning:  Undefined array key "contratista1" in /home/soluctem/sistema.soluctem.com.co/api/submit.php on line 53
[25-Jun-2025 14:21:57 UTC] PHP Warning:  Undefined array key "cedula1" in /home/soluctem/sistema.soluctem.com.co/api/submit.php on line 54
[25-Jun-2025 14:21:57 UTC] PHP Warning:  Undefined array key "horaEntrada1" in /home/soluctem/sistema.soluctem.com.co/api/submit.php on line 55
[25-Jun-2025 14:21:57 UTC] PHP Warning:  Undefined array key "horaSalida1" in /home/soluctem/sistema.soluctem.com.co/api/submit.php on line 56
[25-Jun-2025 14:21:57 UTC] PHP Warning:  Undefined array key "contratista2" in /home/soluctem/sistema.soluctem.com.co/api/submit.php on line 57
[25-Jun-2025 14:21:57 UTC] PHP Warning:  Undefined array key "cedula2" in /home/soluctem/sistema.soluctem.com.co/api/submit.php on line 58
[25-Jun-2025 14:21:57 UTC] PHP Warning:  Undefined array key "horaEntrada2" in /home/soluctem/sistema.soluctem.com.co/api/submit.php on line 59
[25-Jun-2025 14:21:57 UTC] PHP Warning:  Undefined array key "horaSalida2" in /home/soluctem/sistema.soluctem.com.co/api/submit.php on line 60
[25-Jun-2025 14:21:57 UTC] PHP Warning:  Undefined array key "contratista3" in /home/soluctem/sistema.soluctem.com.co/api/submit.php on line 61
[25-Jun-2025 14:21:57 UTC] PHP Warning:  Undefined array key "cedula3" in /home/soluctem/sistema.soluctem.com.co/api/submit.php on line 62
[25-Jun-2025 14:21:57 UTC] PHP Warning:  Undefined array key "horaEntrada3" in /home/soluctem/sistema.soluctem.com.co/api/submit.php on line 63
[25-Jun-2025 14:21:57 UTC] PHP Warning:  Undefined array key "horaSalida3" in /home/soluctem/sistema.soluctem.com.co/api/submit.php on line 64
[25-Jun-2025 14:21:57 UTC] PHP Warning:  Undefined array key "contratista4" in /home/soluctem/sistema.soluctem.com.co/api/submit.php on line 65
[25-Jun-2025 14:21:57 UTC] PHP Warning:  Undefined array key "cedula4" in /home/soluctem/sistema.soluctem.com.co/api/submit.php on line 66
[25-Jun-2025 14:21:57 UTC] PHP Warning:  Undefined array key "horaEntrada4" in /home/soluctem/sistema.soluctem.com.co/api/submit.php on line 67
[25-Jun-2025 14:21:57 UTC] PHP Warning:  Undefined array key "horaSalida4" in /home/soluctem/sistema.soluctem.com.co/api/submit.php on line 68
[25-Jun-2025 14:21:57 UTC] PHP Warning:  Undefined array key "nombreFuncionario" in /home/soluctem/sistema.soluctem.com.co/api/submit.php on line 69
[25-Jun-2025 14:21:57 UTC] PHP Warning:  Undefined array key "cedulaFuncionario" in /home/soluctem/sistema.soluctem.com.co/api/submit.php on line 70
[25-Jun-2025 14:21:57 UTC] PHP Warning:  Undefined array key "cargoFuncionario" in /home/soluctem/sistema.soluctem.com.co/api/submit.php on line 71
[25-Jun-2025 14:21:57 UTC] PHP Warning:  Undefined array key "sapFuncionario" in /home/soluctem/sistema.soluctem.com.co/api/submit.php on line 72
[25-Jun-2025 14:21:57 UTC] PHP Warning:  Undefined array key "timestamp" in /home/soluctem/sistema.soluctem.com.co/api/submit.php on line 73
[25-Jun-2025 14:21:57 UTC] PHP Warning:  Undefined array key "asistenciaReparacion" in /home/soluctem/sistema.soluctem.com.co/api/submit.php on line 74
[25-Jun-2025 14:21:57 UTC] PHP Warning:  Undefined array key "asistenciaGarantia" in /home/soluctem/sistema.soluctem.com.co/api/submit.php on line 75
[25-Jun-2025 14:21:57 UTC] PHP Warning:  Undefined array key "asistenciaAjuste" in /home/soluctem/sistema.soluctem.com.co/api/submit.php on line 76
[25-Jun-2025 14:21:57 UTC] PHP Warning:  Undefined array key "asistenciaModificacion" in /home/soluctem/sistema.soluctem.com.co/api/submit.php on line 77
[25-Jun-2025 14:21:57 UTC] PHP Warning:  Undefined array key "asistenciaServicio" in /home/soluctem/sistema.soluctem.com.co/api/submit.php on line 78
[25-Jun-2025 14:21:57 UTC] PHP Warning:  Undefined array key "asistenciaMejora" in /home/soluctem/sistema.soluctem.com.co/api/submit.php on line 79
[25-Jun-2025 14:21:57 UTC] PHP Warning:  Undefined array key "asistenciaCombinacion" in /home/soluctem/sistema.soluctem.com.co/api/submit.php on line 80
[25-Jun-2025 14:21:57 UTC] PHP Warning:  Undefined array key "fallaOperacion" in /home/soluctem/sistema.soluctem.com.co/api/submit.php on line 81
[25-Jun-2025 14:21:57 UTC] PHP Warning:  Undefined array key "fallaMecanica" in /home/soluctem/sistema.soluctem.com.co/api/submit.php on line 82
[25-Jun-2025 14:21:57 UTC] PHP Warning:  Undefined array key "fallaElectrica" in /home/soluctem/sistema.soluctem.com.co/api/submit.php on line 83
[25-Jun-2025 14:21:57 UTC] PHP Warning:  Undefined array key "fallaTerceros" in /home/soluctem/sistema.soluctem.com.co/api/submit.php on line 84
[25-Jun-2025 14:21:57 UTC] PHP Warning:  Undefined array key "fallaFabricacion" in /home/soluctem/sistema.soluctem.com.co/api/submit.php on line 85
[25-Jun-2025 14:21:57 UTC] PHP Warning:  Undefined array key "firma_digital_cliente" in /home/soluctem/sistema.soluctem.com.co/api/submit.php on line 86
[25-Jun-2025 14:21:57 UTC] PHP Warning:  Undefined array key "firma_digital_tecnico" in /home/soluctem/sistema.soluctem.com.co/api/submit.php on line 87
[25-Jun-2025 14:24:50 UTC] PHP Warning:  Undefined array key "nombreSolicitante" in /home/soluctem/sistema.soluctem.com.co/api/submit.php on line 28
[25-Jun-2025 14:24:50 UTC] PHP Warning:  Undefined array key "cargo" in /home/soluctem/sistema.soluctem.com.co/api/submit.php on line 29
[25-Jun-2025 14:24:50 UTC] PHP Warning:  Undefined array key "nombreTienda" in /home/soluctem/sistema.soluctem.com.co/api/submit.php on line 30
[25-Jun-2025 14:24:50 UTC] PHP Warning:  Undefined array key "numeroTienda" in /home/soluctem/sistema.soluctem.com.co/api/submit.php on line 31
[25-Jun-2025 14:24:50 UTC] PHP Warning:  Undefined array key "numeroTicket" in /home/soluctem/sistema.soluctem.com.co/api/submit.php on line 32
[25-Jun-2025 14:24:50 UTC] PHP Warning:  Undefined array key "fecha" in /home/soluctem/sistema.soluctem.com.co/api/submit.php on line 33
[25-Jun-2025 14:24:50 UTC] PHP Warning:  Undefined array key "municipio" in /home/soluctem/sistema.soluctem.com.co/api/submit.php on line 34
[25-Jun-2025 14:24:50 UTC] PHP Warning:  Undefined array key "departamento" in /home/soluctem/sistema.soluctem.com.co/api/submit.php on line 35
[25-Jun-2025 14:24:50 UTC] PHP Warning:  Undefined array key "nombreEquipo" in /home/soluctem/sistema.soluctem.com.co/api/submit.php on line 36
[25-Jun-2025 14:24:50 UTC] PHP Warning:  Undefined array key "marca" in /home/soluctem/sistema.soluctem.com.co/api/submit.php on line 37
[25-Jun-2025 14:24:50 UTC] PHP Warning:  Undefined array key "serial" in /home/soluctem/sistema.soluctem.com.co/api/submit.php on line 38
[25-Jun-2025 14:24:50 UTC] PHP Warning:  Undefined array key "descripcionFalla" in /home/soluctem/sistema.soluctem.com.co/api/submit.php on line 39
[25-Jun-2025 14:24:50 UTC] PHP Warning:  Undefined array key "diagnosticoTecnico" in /home/soluctem/sistema.soluctem.com.co/api/submit.php on line 40
[25-Jun-2025 14:24:50 UTC] PHP Warning:  Undefined array key "repuestosCambiados" in /home/soluctem/sistema.soluctem.com.co/api/submit.php on line 41
[25-Jun-2025 14:24:50 UTC] PHP Warning:  Undefined array key "observaciones" in /home/soluctem/sistema.soluctem.com.co/api/submit.php on line 42
[25-Jun-2025 14:24:50 UTC] PHP Warning:  Undefined array key "seguridadRiesgoAccidentalidad" in /home/soluctem/sistema.soluctem.com.co/api/submit.php on line 43
[25-Jun-2025 14:24:50 UTC] PHP Warning:  Undefined array key "seguridadRiesgoEquipo" in /home/soluctem/sistema.soluctem.com.co/api/submit.php on line 44
[25-Jun-2025 14:24:50 UTC] PHP Warning:  Undefined array key "funcionamientoFallaSolucionada" in /home/soluctem/sistema.soluctem.com.co/api/submit.php on line 45
[25-Jun-2025 14:24:50 UTC] PHP Warning:  Undefined array key "funcionamientoPasosNormales" in /home/soluctem/sistema.soluctem.com.co/api/submit.php on line 46
[25-Jun-2025 14:24:50 UTC] PHP Warning:  Undefined array key "calidadTrabajo" in /home/soluctem/sistema.soluctem.com.co/api/submit.php on line 47
[25-Jun-2025 14:24:50 UTC] PHP Warning:  Undefined array key "limpiezaOrganizacionArmado" in /home/soluctem/sistema.soluctem.com.co/api/submit.php on line 48
[25-Jun-2025 14:24:50 UTC] PHP Warning:  Undefined array key "limpiezaOrganizacionAseado" in /home/soluctem/sistema.soluctem.com.co/api/submit.php on line 49
[25-Jun-2025 14:24:50 UTC] PHP Warning:  Undefined array key "capacitacionCausa" in /home/soluctem/sistema.soluctem.com.co/api/submit.php on line 50
[25-Jun-2025 14:24:50 UTC] PHP Warning:  Undefined array key "capacitacionPrevencion" in /home/soluctem/sistema.soluctem.com.co/api/submit.php on line 51
[25-Jun-2025 14:24:50 UTC] PHP Warning:  Undefined array key "capacitacionAccion" in /home/soluctem/sistema.soluctem.com.co/api/submit.php on line 52
[25-Jun-2025 14:24:50 UTC] PHP Warning:  Undefined array key "contratista1" in /home/soluctem/sistema.soluctem.com.co/api/submit.php on line 53
[25-Jun-2025 14:24:50 UTC] PHP Warning:  Undefined array key "cedula1" in /home/soluctem/sistema.soluctem.com.co/api/submit.php on line 54
[25-Jun-2025 14:24:50 UTC] PHP Warning:  Undefined array key "horaEntrada1" in /home/soluctem/sistema.soluctem.com.co/api/submit.php on line 55
[25-Jun-2025 14:24:50 UTC] PHP Warning:  Undefined array key "horaSalida1" in /home/soluctem/sistema.soluctem.com.co/api/submit.php on line 56
[25-Jun-2025 14:24:50 UTC] PHP Warning:  Undefined array key "contratista2" in /home/soluctem/sistema.soluctem.com.co/api/submit.php on line 57
[25-Jun-2025 14:24:50 UTC] PHP Warning:  Undefined array key "cedula2" in /home/soluctem/sistema.soluctem.com.co/api/submit.php on line 58
[25-Jun-2025 14:24:50 UTC] PHP Warning:  Undefined array key "horaEntrada2" in /home/soluctem/sistema.soluctem.com.co/api/submit.php on line 59
[25-Jun-2025 14:24:50 UTC] PHP Warning:  Undefined array key "horaSalida2" in /home/soluctem/sistema.soluctem.com.co/api/submit.php on line 60
[25-Jun-2025 14:24:50 UTC] PHP Warning:  Undefined array key "contratista3" in /home/soluctem/sistema.soluctem.com.co/api/submit.php on line 61
[25-Jun-2025 14:24:50 UTC] PHP Warning:  Undefined array key "cedula3" in /home/soluctem/sistema.soluctem.com.co/api/submit.php on line 62
[25-Jun-2025 14:24:50 UTC] PHP Warning:  Undefined array key "horaEntrada3" in /home/soluctem/sistema.soluctem.com.co/api/submit.php on line 63
[25-Jun-2025 14:24:50 UTC] PHP Warning:  Undefined array key "horaSalida3" in /home/soluctem/sistema.soluctem.com.co/api/submit.php on line 64
[25-Jun-2025 14:24:50 UTC] PHP Warning:  Undefined array key "contratista4" in /home/soluctem/sistema.soluctem.com.co/api/submit.php on line 65
[25-Jun-2025 14:24:50 UTC] PHP Warning:  Undefined array key "cedula4" in /home/soluctem/sistema.soluctem.com.co/api/submit.php on line 66
[25-Jun-2025 14:24:50 UTC] PHP Warning:  Undefined array key "horaEntrada4" in /home/soluctem/sistema.soluctem.com.co/api/submit.php on line 67
[25-Jun-2025 14:24:50 UTC] PHP Warning:  Undefined array key "horaSalida4" in /home/soluctem/sistema.soluctem.com.co/api/submit.php on line 68
[25-Jun-2025 14:24:50 UTC] PHP Warning:  Undefined array key "nombreFuncionario" in /home/soluctem/sistema.soluctem.com.co/api/submit.php on line 69
[25-Jun-2025 14:24:50 UTC] PHP Warning:  Undefined array key "cedulaFuncionario" in /home/soluctem/sistema.soluctem.com.co/api/submit.php on line 70
[25-Jun-2025 14:24:50 UTC] PHP Warning:  Undefined array key "cargoFuncionario" in /home/soluctem/sistema.soluctem.com.co/api/submit.php on line 71
[25-Jun-2025 14:24:50 UTC] PHP Warning:  Undefined array key "sapFuncionario" in /home/soluctem/sistema.soluctem.com.co/api/submit.php on line 72
[25-Jun-2025 14:24:50 UTC] PHP Warning:  Undefined array key "timestamp" in /home/soluctem/sistema.soluctem.com.co/api/submit.php on line 73
[25-Jun-2025 14:24:50 UTC] PHP Warning:  Undefined array key "asistenciaReparacion" in /home/soluctem/sistema.soluctem.com.co/api/submit.php on line 74
[25-Jun-2025 14:24:50 UTC] PHP Warning:  Undefined array key "asistenciaGarantia" in /home/soluctem/sistema.soluctem.com.co/api/submit.php on line 75
[25-Jun-2025 14:24:50 UTC] PHP Warning:  Undefined array key "asistenciaAjuste" in /home/soluctem/sistema.soluctem.com.co/api/submit.php on line 76
[25-Jun-2025 14:24:50 UTC] PHP Warning:  Undefined array key "asistenciaModificacion" in /home/soluctem/sistema.soluctem.com.co/api/submit.php on line 77
[25-Jun-2025 14:24:50 UTC] PHP Warning:  Undefined array key "asistenciaServicio" in /home/soluctem/sistema.soluctem.com.co/api/submit.php on line 78
[25-Jun-2025 14:24:50 UTC] PHP Warning:  Undefined array key "asistenciaMejora" in /home/soluctem/sistema.soluctem.com.co/api/submit.php on line 79
[25-Jun-2025 14:24:50 UTC] PHP Warning:  Undefined array key "asistenciaCombinacion" in /home/soluctem/sistema.soluctem.com.co/api/submit.php on line 80
[25-Jun-2025 14:24:50 UTC] PHP Warning:  Undefined array key "fallaOperacion" in /home/soluctem/sistema.soluctem.com.co/api/submit.php on line 81
[25-Jun-2025 14:24:50 UTC] PHP Warning:  Undefined array key "fallaMecanica" in /home/soluctem/sistema.soluctem.com.co/api/submit.php on line 82
[25-Jun-2025 14:24:50 UTC] PHP Warning:  Undefined array key "fallaElectrica" in /home/soluctem/sistema.soluctem.com.co/api/submit.php on line 83
[25-Jun-2025 14:24:50 UTC] PHP Warning:  Undefined array key "fallaTerceros" in /home/soluctem/sistema.soluctem.com.co/api/submit.php on line 84
[25-Jun-2025 14:24:50 UTC] PHP Warning:  Undefined array key "fallaFabricacion" in /home/soluctem/sistema.soluctem.com.co/api/submit.php on line 85
[25-Jun-2025 14:24:50 UTC] PHP Warning:  Undefined array key "firma_digital_cliente" in /home/soluctem/sistema.soluctem.com.co/api/submit.php on line 86
[25-Jun-2025 14:24:50 UTC] PHP Warning:  Undefined array key "firma_digital_tecnico" in /home/soluctem/sistema.soluctem.com.co/api/submit.php on line 87
[25-Jun-2025 14:29:25 UTC] PHP Warning:  Undefined array key "nombreSolicitante" in /home/soluctem/sistema.soluctem.com.co/api/submit.php on line 28
[25-Jun-2025 14:29:25 UTC] PHP Warning:  Undefined array key "cargo" in /home/soluctem/sistema.soluctem.com.co/api/submit.php on line 29
[25-Jun-2025 14:29:25 UTC] PHP Warning:  Undefined array key "nombreTienda" in /home/soluctem/sistema.soluctem.com.co/api/submit.php on line 30
[25-Jun-2025 14:29:25 UTC] PHP Warning:  Undefined array key "numeroTienda" in /home/soluctem/sistema.soluctem.com.co/api/submit.php on line 31
[25-Jun-2025 14:29:25 UTC] PHP Warning:  Undefined array key "numeroTicket" in /home/soluctem/sistema.soluctem.com.co/api/submit.php on line 32
[25-Jun-2025 14:29:25 UTC] PHP Warning:  Undefined array key "fecha" in /home/soluctem/sistema.soluctem.com.co/api/submit.php on line 33
[25-Jun-2025 14:29:25 UTC] PHP Warning:  Undefined array key "municipio" in /home/soluctem/sistema.soluctem.com.co/api/submit.php on line 34
[25-Jun-2025 14:29:25 UTC] PHP Warning:  Undefined array key "departamento" in /home/soluctem/sistema.soluctem.com.co/api/submit.php on line 35
[25-Jun-2025 14:29:25 UTC] PHP Warning:  Undefined array key "nombreEquipo" in /home/soluctem/sistema.soluctem.com.co/api/submit.php on line 36
[25-Jun-2025 14:29:25 UTC] PHP Warning:  Undefined array key "marca" in /home/soluctem/sistema.soluctem.com.co/api/submit.php on line 37
[25-Jun-2025 14:29:25 UTC] PHP Warning:  Undefined array key "serial" in /home/soluctem/sistema.soluctem.com.co/api/submit.php on line 38
[25-Jun-2025 14:29:25 UTC] PHP Warning:  Undefined array key "descripcionFalla" in /home/soluctem/sistema.soluctem.com.co/api/submit.php on line 39
[25-Jun-2025 14:29:25 UTC] PHP Warning:  Undefined array key "diagnosticoTecnico" in /home/soluctem/sistema.soluctem.com.co/api/submit.php on line 40
[25-Jun-2025 14:29:25 UTC] PHP Warning:  Undefined array key "repuestosCambiados" in /home/soluctem/sistema.soluctem.com.co/api/submit.php on line 41
[25-Jun-2025 14:29:25 UTC] PHP Warning:  Undefined array key "observaciones" in /home/soluctem/sistema.soluctem.com.co/api/submit.php on line 42
[25-Jun-2025 14:29:25 UTC] PHP Warning:  Undefined array key "seguridadRiesgoAccidentalidad" in /home/soluctem/sistema.soluctem.com.co/api/submit.php on line 43
[25-Jun-2025 14:29:25 UTC] PHP Warning:  Undefined array key "seguridadRiesgoEquipo" in /home/soluctem/sistema.soluctem.com.co/api/submit.php on line 44
[25-Jun-2025 14:29:25 UTC] PHP Warning:  Undefined array key "funcionamientoFallaSolucionada" in /home/soluctem/sistema.soluctem.com.co/api/submit.php on line 45
[25-Jun-2025 14:29:25 UTC] PHP Warning:  Undefined array key "funcionamientoPasosNormales" in /home/soluctem/sistema.soluctem.com.co/api/submit.php on line 46
[25-Jun-2025 14:29:25 UTC] PHP Warning:  Undefined array key "calidadTrabajo" in /home/soluctem/sistema.soluctem.com.co/api/submit.php on line 47
[25-Jun-2025 14:29:25 UTC] PHP Warning:  Undefined array key "limpiezaOrganizacionArmado" in /home/soluctem/sistema.soluctem.com.co/api/submit.php on line 48
[25-Jun-2025 14:29:25 UTC] PHP Warning:  Undefined array key "limpiezaOrganizacionAseado" in /home/soluctem/sistema.soluctem.com.co/api/submit.php on line 49
[25-Jun-2025 14:29:25 UTC] PHP Warning:  Undefined array key "capacitacionCausa" in /home/soluctem/sistema.soluctem.com.co/api/submit.php on line 50
[25-Jun-2025 14:29:25 UTC] PHP Warning:  Undefined array key "capacitacionPrevencion" in /home/soluctem/sistema.soluctem.com.co/api/submit.php on line 51
[25-Jun-2025 14:29:25 UTC] PHP Warning:  Undefined array key "capacitacionAccion" in /home/soluctem/sistema.soluctem.com.co/api/submit.php on line 52
[25-Jun-2025 14:29:25 UTC] PHP Warning:  Undefined array key "contratista1" in /home/soluctem/sistema.soluctem.com.co/api/submit.php on line 53
[25-Jun-2025 14:29:25 UTC] PHP Warning:  Undefined array key "cedula1" in /home/soluctem/sistema.soluctem.com.co/api/submit.php on line 54
[25-Jun-2025 14:29:25 UTC] PHP Warning:  Undefined array key "horaEntrada1" in /home/soluctem/sistema.soluctem.com.co/api/submit.php on line 55
[25-Jun-2025 14:29:25 UTC] PHP Warning:  Undefined array key "horaSalida1" in /home/soluctem/sistema.soluctem.com.co/api/submit.php on line 56
[25-Jun-2025 14:29:25 UTC] PHP Warning:  Undefined array key "contratista2" in /home/soluctem/sistema.soluctem.com.co/api/submit.php on line 57
[25-Jun-2025 14:29:25 UTC] PHP Warning:  Undefined array key "cedula2" in /home/soluctem/sistema.soluctem.com.co/api/submit.php on line 58
[25-Jun-2025 14:29:25 UTC] PHP Warning:  Undefined array key "horaEntrada2" in /home/soluctem/sistema.soluctem.com.co/api/submit.php on line 59
[25-Jun-2025 14:29:25 UTC] PHP Warning:  Undefined array key "horaSalida2" in /home/soluctem/sistema.soluctem.com.co/api/submit.php on line 60
[25-Jun-2025 14:29:25 UTC] PHP Warning:  Undefined array key "contratista3" in /home/soluctem/sistema.soluctem.com.co/api/submit.php on line 61
[25-Jun-2025 14:29:25 UTC] PHP Warning:  Undefined array key "cedula3" in /home/soluctem/sistema.soluctem.com.co/api/submit.php on line 62
[25-Jun-2025 14:29:25 UTC] PHP Warning:  Undefined array key "horaEntrada3" in /home/soluctem/sistema.soluctem.com.co/api/submit.php on line 63
[25-Jun-2025 14:29:25 UTC] PHP Warning:  Undefined array key "horaSalida3" in /home/soluctem/sistema.soluctem.com.co/api/submit.php on line 64
[25-Jun-2025 14:29:25 UTC] PHP Warning:  Undefined array key "contratista4" in /home/soluctem/sistema.soluctem.com.co/api/submit.php on line 65
[25-Jun-2025 14:29:25 UTC] PHP Warning:  Undefined array key "cedula4" in /home/soluctem/sistema.soluctem.com.co/api/submit.php on line 66
[25-Jun-2025 14:29:25 UTC] PHP Warning:  Undefined array key "horaEntrada4" in /home/soluctem/sistema.soluctem.com.co/api/submit.php on line 67
[25-Jun-2025 14:29:25 UTC] PHP Warning:  Undefined array key "horaSalida4" in /home/soluctem/sistema.soluctem.com.co/api/submit.php on line 68
[25-Jun-2025 14:29:25 UTC] PHP Warning:  Undefined array key "nombreFuncionario" in /home/soluctem/sistema.soluctem.com.co/api/submit.php on line 69
[25-Jun-2025 14:29:25 UTC] PHP Warning:  Undefined array key "cedulaFuncionario" in /home/soluctem/sistema.soluctem.com.co/api/submit.php on line 70
[25-Jun-2025 14:29:25 UTC] PHP Warning:  Undefined array key "cargoFuncionario" in /home/soluctem/sistema.soluctem.com.co/api/submit.php on line 71
[25-Jun-2025 14:29:25 UTC] PHP Warning:  Undefined array key "sapFuncionario" in /home/soluctem/sistema.soluctem.com.co/api/submit.php on line 72
[25-Jun-2025 14:29:25 UTC] PHP Warning:  Undefined array key "timestamp" in /home/soluctem/sistema.soluctem.com.co/api/submit.php on line 73
[25-Jun-2025 14:29:25 UTC] PHP Warning:  Undefined array key "asistenciaReparacion" in /home/soluctem/sistema.soluctem.com.co/api/submit.php on line 74
[25-Jun-2025 14:29:25 UTC] PHP Warning:  Undefined array key "asistenciaGarantia" in /home/soluctem/sistema.soluctem.com.co/api/submit.php on line 75
[25-Jun-2025 14:29:25 UTC] PHP Warning:  Undefined array key "asistenciaAjuste" in /home/soluctem/sistema.soluctem.com.co/api/submit.php on line 76
[25-Jun-2025 14:29:25 UTC] PHP Warning:  Undefined array key "asistenciaModificacion" in /home/soluctem/sistema.soluctem.com.co/api/submit.php on line 77
[25-Jun-2025 14:29:25 UTC] PHP Warning:  Undefined array key "asistenciaServicio" in /home/soluctem/sistema.soluctem.com.co/api/submit.php on line 78
[25-Jun-2025 14:29:25 UTC] PHP Warning:  Undefined array key "asistenciaMejora" in /home/soluctem/sistema.soluctem.com.co/api/submit.php on line 79
[25-Jun-2025 14:29:25 UTC] PHP Warning:  Undefined array key "asistenciaCombinacion" in /home/soluctem/sistema.soluctem.com.co/api/submit.php on line 80
[25-Jun-2025 14:29:25 UTC] PHP Warning:  Undefined array key "fallaOperacion" in /home/soluctem/sistema.soluctem.com.co/api/submit.php on line 81
[25-Jun-2025 14:29:25 UTC] PHP Warning:  Undefined array key "fallaMecanica" in /home/soluctem/sistema.soluctem.com.co/api/submit.php on line 82
[25-Jun-2025 14:29:25 UTC] PHP Warning:  Undefined array key "fallaElectrica" in /home/soluctem/sistema.soluctem.com.co/api/submit.php on line 83
[25-Jun-2025 14:29:25 UTC] PHP Warning:  Undefined array key "fallaTerceros" in /home/soluctem/sistema.soluctem.com.co/api/submit.php on line 84
[25-Jun-2025 14:29:25 UTC] PHP Warning:  Undefined array key "fallaFabricacion" in /home/soluctem/sistema.soluctem.com.co/api/submit.php on line 85
[25-Jun-2025 14:29:25 UTC] PHP Warning:  Undefined array key "firma_digital_cliente" in /home/soluctem/sistema.soluctem.com.co/api/submit.php on line 86
[25-Jun-2025 14:29:25 UTC] PHP Warning:  Undefined array key "firma_digital_tecnico" in /home/soluctem/sistema.soluctem.com.co/api/submit.php on line 87
[25-Jun-2025 15:07:55 UTC] PHP Warning:  Undefined array key "nombreSolicitante" in /home/soluctem/sistema.soluctem.com.co/api/submit.php on line 28
[25-Jun-2025 15:07:55 UTC] PHP Warning:  Undefined array key "cargo" in /home/soluctem/sistema.soluctem.com.co/api/submit.php on line 29
[25-Jun-2025 15:07:55 UTC] PHP Warning:  Undefined array key "nombreTienda" in /home/soluctem/sistema.soluctem.com.co/api/submit.php on line 30
[25-Jun-2025 15:07:55 UTC] PHP Warning:  Undefined array key "numeroTienda" in /home/soluctem/sistema.soluctem.com.co/api/submit.php on line 31
[25-Jun-2025 15:07:55 UTC] PHP Warning:  Undefined array key "numeroTicket" in /home/soluctem/sistema.soluctem.com.co/api/submit.php on line 32
[25-Jun-2025 15:07:55 UTC] PHP Warning:  Undefined array key "fecha" in /home/soluctem/sistema.soluctem.com.co/api/submit.php on line 33
[25-Jun-2025 15:07:55 UTC] PHP Warning:  Undefined array key "municipio" in /home/soluctem/sistema.soluctem.com.co/api/submit.php on line 34
[25-Jun-2025 15:07:55 UTC] PHP Warning:  Undefined array key "departamento" in /home/soluctem/sistema.soluctem.com.co/api/submit.php on line 35
[25-Jun-2025 15:07:55 UTC] PHP Warning:  Undefined array key "nombreEquipo" in /home/soluctem/sistema.soluctem.com.co/api/submit.php on line 36
[25-Jun-2025 15:07:55 UTC] PHP Warning:  Undefined array key "marca" in /home/soluctem/sistema.soluctem.com.co/api/submit.php on line 37
[25-Jun-2025 15:07:55 UTC] PHP Warning:  Undefined array key "serial" in /home/soluctem/sistema.soluctem.com.co/api/submit.php on line 38
[25-Jun-2025 15:07:55 UTC] PHP Warning:  Undefined array key "descripcionFalla" in /home/soluctem/sistema.soluctem.com.co/api/submit.php on line 39
[25-Jun-2025 15:07:55 UTC] PHP Warning:  Undefined array key "diagnosticoTecnico" in /home/soluctem/sistema.soluctem.com.co/api/submit.php on line 40
[25-Jun-2025 15:07:55 UTC] PHP Warning:  Undefined array key "repuestosCambiados" in /home/soluctem/sistema.soluctem.com.co/api/submit.php on line 41
[25-Jun-2025 15:07:55 UTC] PHP Warning:  Undefined array key "observaciones" in /home/soluctem/sistema.soluctem.com.co/api/submit.php on line 42
[25-Jun-2025 15:07:55 UTC] PHP Warning:  Undefined array key "seguridadRiesgoAccidentalidad" in /home/soluctem/sistema.soluctem.com.co/api/submit.php on line 43
[25-Jun-2025 15:07:55 UTC] PHP Warning:  Undefined array key "seguridadRiesgoEquipo" in /home/soluctem/sistema.soluctem.com.co/api/submit.php on line 44
[25-Jun-2025 15:07:55 UTC] PHP Warning:  Undefined array key "funcionamientoFallaSolucionada" in /home/soluctem/sistema.soluctem.com.co/api/submit.php on line 45
[25-Jun-2025 15:07:55 UTC] PHP Warning:  Undefined array key "funcionamientoPasosNormales" in /home/soluctem/sistema.soluctem.com.co/api/submit.php on line 46
[25-Jun-2025 15:07:55 UTC] PHP Warning:  Undefined array key "calidadTrabajo" in /home/soluctem/sistema.soluctem.com.co/api/submit.php on line 47
[25-Jun-2025 15:07:55 UTC] PHP Warning:  Undefined array key "limpiezaOrganizacionArmado" in /home/soluctem/sistema.soluctem.com.co/api/submit.php on line 48
[25-Jun-2025 15:07:55 UTC] PHP Warning:  Undefined array key "limpiezaOrganizacionAseado" in /home/soluctem/sistema.soluctem.com.co/api/submit.php on line 49
[25-Jun-2025 15:07:55 UTC] PHP Warning:  Undefined array key "capacitacionCausa" in /home/soluctem/sistema.soluctem.com.co/api/submit.php on line 50
[25-Jun-2025 15:07:55 UTC] PHP Warning:  Undefined array key "capacitacionPrevencion" in /home/soluctem/sistema.soluctem.com.co/api/submit.php on line 51
[25-Jun-2025 15:07:55 UTC] PHP Warning:  Undefined array key "capacitacionAccion" in /home/soluctem/sistema.soluctem.com.co/api/submit.php on line 52
[25-Jun-2025 15:07:55 UTC] PHP Warning:  Undefined array key "contratista1" in /home/soluctem/sistema.soluctem.com.co/api/submit.php on line 53
[25-Jun-2025 15:07:55 UTC] PHP Warning:  Undefined array key "cedula1" in /home/soluctem/sistema.soluctem.com.co/api/submit.php on line 54
[25-Jun-2025 15:07:55 UTC] PHP Warning:  Undefined array key "horaEntrada1" in /home/soluctem/sistema.soluctem.com.co/api/submit.php on line 55
[25-Jun-2025 15:07:55 UTC] PHP Warning:  Undefined array key "horaSalida1" in /home/soluctem/sistema.soluctem.com.co/api/submit.php on line 56
[25-Jun-2025 15:07:55 UTC] PHP Warning:  Undefined array key "contratista2" in /home/soluctem/sistema.soluctem.com.co/api/submit.php on line 57
[25-Jun-2025 15:07:55 UTC] PHP Warning:  Undefined array key "cedula2" in /home/soluctem/sistema.soluctem.com.co/api/submit.php on line 58
[25-Jun-2025 15:07:55 UTC] PHP Warning:  Undefined array key "horaEntrada2" in /home/soluctem/sistema.soluctem.com.co/api/submit.php on line 59
[25-Jun-2025 15:07:55 UTC] PHP Warning:  Undefined array key "horaSalida2" in /home/soluctem/sistema.soluctem.com.co/api/submit.php on line 60
[25-Jun-2025 15:07:55 UTC] PHP Warning:  Undefined array key "contratista3" in /home/soluctem/sistema.soluctem.com.co/api/submit.php on line 61
[25-Jun-2025 15:07:55 UTC] PHP Warning:  Undefined array key "cedula3" in /home/soluctem/sistema.soluctem.com.co/api/submit.php on line 62
[25-Jun-2025 15:07:55 UTC] PHP Warning:  Undefined array key "horaEntrada3" in /home/soluctem/sistema.soluctem.com.co/api/submit.php on line 63
[25-Jun-2025 15:07:55 UTC] PHP Warning:  Undefined array key "horaSalida3" in /home/soluctem/sistema.soluctem.com.co/api/submit.php on line 64
[25-Jun-2025 15:07:55 UTC] PHP Warning:  Undefined array key "contratista4" in /home/soluctem/sistema.soluctem.com.co/api/submit.php on line 65
[25-Jun-2025 15:07:55 UTC] PHP Warning:  Undefined array key "cedula4" in /home/soluctem/sistema.soluctem.com.co/api/submit.php on line 66
[25-Jun-2025 15:07:55 UTC] PHP Warning:  Undefined array key "horaEntrada4" in /home/soluctem/sistema.soluctem.com.co/api/submit.php on line 67
[25-Jun-2025 15:07:55 UTC] PHP Warning:  Undefined array key "horaSalida4" in /home/soluctem/sistema.soluctem.com.co/api/submit.php on line 68
[25-Jun-2025 15:07:55 UTC] PHP Warning:  Undefined array key "nombreFuncionario" in /home/soluctem/sistema.soluctem.com.co/api/submit.php on line 69
[25-Jun-2025 15:07:55 UTC] PHP Warning:  Undefined array key "cedulaFuncionario" in /home/soluctem/sistema.soluctem.com.co/api/submit.php on line 70
[25-Jun-2025 15:07:55 UTC] PHP Warning:  Undefined array key "cargoFuncionario" in /home/soluctem/sistema.soluctem.com.co/api/submit.php on line 71
[25-Jun-2025 15:07:55 UTC] PHP Warning:  Undefined array key "sapFuncionario" in /home/soluctem/sistema.soluctem.com.co/api/submit.php on line 72
[25-Jun-2025 15:07:55 UTC] PHP Warning:  Undefined array key "timestamp" in /home/soluctem/sistema.soluctem.com.co/api/submit.php on line 73
[25-Jun-2025 15:07:55 UTC] PHP Warning:  Undefined array key "asistenciaReparacion" in /home/soluctem/sistema.soluctem.com.co/api/submit.php on line 74
[25-Jun-2025 15:07:55 UTC] PHP Warning:  Undefined array key "asistenciaGarantia" in /home/soluctem/sistema.soluctem.com.co/api/submit.php on line 75
[25-Jun-2025 15:07:55 UTC] PHP Warning:  Undefined array key "asistenciaAjuste" in /home/soluctem/sistema.soluctem.com.co/api/submit.php on line 76
[25-Jun-2025 15:07:55 UTC] PHP Warning:  Undefined array key "asistenciaModificacion" in /home/soluctem/sistema.soluctem.com.co/api/submit.php on line 77
[25-Jun-2025 15:07:55 UTC] PHP Warning:  Undefined array key "asistenciaServicio" in /home/soluctem/sistema.soluctem.com.co/api/submit.php on line 78
[25-Jun-2025 15:07:55 UTC] PHP Warning:  Undefined array key "asistenciaMejora" in /home/soluctem/sistema.soluctem.com.co/api/submit.php on line 79
[25-Jun-2025 15:07:55 UTC] PHP Warning:  Undefined array key "asistenciaCombinacion" in /home/soluctem/sistema.soluctem.com.co/api/submit.php on line 80
[25-Jun-2025 15:07:55 UTC] PHP Warning:  Undefined array key "fallaOperacion" in /home/soluctem/sistema.soluctem.com.co/api/submit.php on line 81
[25-Jun-2025 15:07:55 UTC] PHP Warning:  Undefined array key "fallaMecanica" in /home/soluctem/sistema.soluctem.com.co/api/submit.php on line 82
[25-Jun-2025 15:07:55 UTC] PHP Warning:  Undefined array key "fallaElectrica" in /home/soluctem/sistema.soluctem.com.co/api/submit.php on line 83
[25-Jun-2025 15:07:55 UTC] PHP Warning:  Undefined array key "fallaTerceros" in /home/soluctem/sistema.soluctem.com.co/api/submit.php on line 84
[25-Jun-2025 15:07:55 UTC] PHP Warning:  Undefined array key "fallaFabricacion" in /home/soluctem/sistema.soluctem.com.co/api/submit.php on line 85
[25-Jun-2025 15:07:55 UTC] PHP Warning:  Undefined array key "firma_digital_cliente" in /home/soluctem/sistema.soluctem.com.co/api/submit.php on line 86
[25-Jun-2025 15:07:55 UTC] PHP Warning:  Undefined array key "firma_digital_tecnico" in /home/soluctem/sistema.soluctem.com.co/api/submit.php on line 87
[25-Jun-2025 17:25:20 UTC] PHP Warning:  Undefined array key "nombreSolicitante" in /home/soluctem/sistema.soluctem.com.co/api/submit.php on line 28
[25-Jun-2025 17:25:20 UTC] PHP Warning:  Undefined array key "cargo" in /home/soluctem/sistema.soluctem.com.co/api/submit.php on line 29
[25-Jun-2025 17:25:20 UTC] PHP Warning:  Undefined array key "nombreTienda" in /home/soluctem/sistema.soluctem.com.co/api/submit.php on line 30
[25-Jun-2025 17:25:20 UTC] PHP Warning:  Undefined array key "numeroTienda" in /home/soluctem/sistema.soluctem.com.co/api/submit.php on line 31
[25-Jun-2025 17:25:20 UTC] PHP Warning:  Undefined array key "numeroTicket" in /home/soluctem/sistema.soluctem.com.co/api/submit.php on line 32
[25-Jun-2025 17:25:20 UTC] PHP Warning:  Undefined array key "fecha" in /home/soluctem/sistema.soluctem.com.co/api/submit.php on line 33
[25-Jun-2025 17:25:20 UTC] PHP Warning:  Undefined array key "municipio" in /home/soluctem/sistema.soluctem.com.co/api/submit.php on line 34
[25-Jun-2025 17:25:20 UTC] PHP Warning:  Undefined array key "departamento" in /home/soluctem/sistema.soluctem.com.co/api/submit.php on line 35
[25-Jun-2025 17:25:20 UTC] PHP Warning:  Undefined array key "nombreEquipo" in /home/soluctem/sistema.soluctem.com.co/api/submit.php on line 36
[25-Jun-2025 17:25:20 UTC] PHP Warning:  Undefined array key "marca" in /home/soluctem/sistema.soluctem.com.co/api/submit.php on line 37
[25-Jun-2025 17:25:20 UTC] PHP Warning:  Undefined array key "serial" in /home/soluctem/sistema.soluctem.com.co/api/submit.php on line 38
[25-Jun-2025 17:25:20 UTC] PHP Warning:  Undefined array key "descripcionFalla" in /home/soluctem/sistema.soluctem.com.co/api/submit.php on line 39
[25-Jun-2025 17:25:20 UTC] PHP Warning:  Undefined array key "diagnosticoTecnico" in /home/soluctem/sistema.soluctem.com.co/api/submit.php on line 40
[25-Jun-2025 17:25:20 UTC] PHP Warning:  Undefined array key "repuestosCambiados" in /home/soluctem/sistema.soluctem.com.co/api/submit.php on line 41
[25-Jun-2025 17:25:20 UTC] PHP Warning:  Undefined array key "observaciones" in /home/soluctem/sistema.soluctem.com.co/api/submit.php on line 42
[25-Jun-2025 17:25:20 UTC] PHP Warning:  Undefined array key "seguridadRiesgoAccidentalidad" in /home/soluctem/sistema.soluctem.com.co/api/submit.php on line 43
[25-Jun-2025 17:25:20 UTC] PHP Warning:  Undefined array key "seguridadRiesgoEquipo" in /home/soluctem/sistema.soluctem.com.co/api/submit.php on line 44
[25-Jun-2025 17:25:20 UTC] PHP Warning:  Undefined array key "funcionamientoFallaSolucionada" in /home/soluctem/sistema.soluctem.com.co/api/submit.php on line 45
[25-Jun-2025 17:25:20 UTC] PHP Warning:  Undefined array key "funcionamientoPasosNormales" in /home/soluctem/sistema.soluctem.com.co/api/submit.php on line 46
[25-Jun-2025 17:25:20 UTC] PHP Warning:  Undefined array key "calidadTrabajo" in /home/soluctem/sistema.soluctem.com.co/api/submit.php on line 47
[25-Jun-2025 17:25:20 UTC] PHP Warning:  Undefined array key "limpiezaOrganizacionArmado" in /home/soluctem/sistema.soluctem.com.co/api/submit.php on line 48
[25-Jun-2025 17:25:20 UTC] PHP Warning:  Undefined array key "limpiezaOrganizacionAseado" in /home/soluctem/sistema.soluctem.com.co/api/submit.php on line 49
[25-Jun-2025 17:25:20 UTC] PHP Warning:  Undefined array key "capacitacionCausa" in /home/soluctem/sistema.soluctem.com.co/api/submit.php on line 50
[25-Jun-2025 17:25:20 UTC] PHP Warning:  Undefined array key "capacitacionPrevencion" in /home/soluctem/sistema.soluctem.com.co/api/submit.php on line 51
[25-Jun-2025 17:25:20 UTC] PHP Warning:  Undefined array key "capacitacionAccion" in /home/soluctem/sistema.soluctem.com.co/api/submit.php on line 52
[25-Jun-2025 17:25:20 UTC] PHP Warning:  Undefined array key "contratista1" in /home/soluctem/sistema.soluctem.com.co/api/submit.php on line 53
[25-Jun-2025 17:25:20 UTC] PHP Warning:  Undefined array key "cedula1" in /home/soluctem/sistema.soluctem.com.co/api/submit.php on line 54
[25-Jun-2025 17:25:20 UTC] PHP Warning:  Undefined array key "horaEntrada1" in /home/soluctem/sistema.soluctem.com.co/api/submit.php on line 55
[25-Jun-2025 17:25:20 UTC] PHP Warning:  Undefined array key "horaSalida1" in /home/soluctem/sistema.soluctem.com.co/api/submit.php on line 56
[25-Jun-2025 17:25:20 UTC] PHP Warning:  Undefined array key "contratista2" in /home/soluctem/sistema.soluctem.com.co/api/submit.php on line 57
[25-Jun-2025 17:25:20 UTC] PHP Warning:  Undefined array key "cedula2" in /home/soluctem/sistema.soluctem.com.co/api/submit.php on line 58
[25-Jun-2025 17:25:20 UTC] PHP Warning:  Undefined array key "horaEntrada2" in /home/soluctem/sistema.soluctem.com.co/api/submit.php on line 59
[25-Jun-2025 17:25:20 UTC] PHP Warning:  Undefined array key "horaSalida2" in /home/soluctem/sistema.soluctem.com.co/api/submit.php on line 60
[25-Jun-2025 17:25:20 UTC] PHP Warning:  Undefined array key "contratista3" in /home/soluctem/sistema.soluctem.com.co/api/submit.php on line 61
[25-Jun-2025 17:25:20 UTC] PHP Warning:  Undefined array key "cedula3" in /home/soluctem/sistema.soluctem.com.co/api/submit.php on line 62
[25-Jun-2025 17:25:20 UTC] PHP Warning:  Undefined array key "horaEntrada3" in /home/soluctem/sistema.soluctem.com.co/api/submit.php on line 63
[25-Jun-2025 17:25:20 UTC] PHP Warning:  Undefined array key "horaSalida3" in /home/soluctem/sistema.soluctem.com.co/api/submit.php on line 64
[25-Jun-2025 17:25:20 UTC] PHP Warning:  Undefined array key "contratista4" in /home/soluctem/sistema.soluctem.com.co/api/submit.php on line 65
[25-Jun-2025 17:25:20 UTC] PHP Warning:  Undefined array key "cedula4" in /home/soluctem/sistema.soluctem.com.co/api/submit.php on line 66
[25-Jun-2025 17:25:20 UTC] PHP Warning:  Undefined array key "horaEntrada4" in /home/soluctem/sistema.soluctem.com.co/api/submit.php on line 67
[25-Jun-2025 17:25:20 UTC] PHP Warning:  Undefined array key "horaSalida4" in /home/soluctem/sistema.soluctem.com.co/api/submit.php on line 68
[25-Jun-2025 17:25:20 UTC] PHP Warning:  Undefined array key "nombreFuncionario" in /home/soluctem/sistema.soluctem.com.co/api/submit.php on line 69
[25-Jun-2025 17:25:20 UTC] PHP Warning:  Undefined array key "cedulaFuncionario" in /home/soluctem/sistema.soluctem.com.co/api/submit.php on line 70
[25-Jun-2025 17:25:20 UTC] PHP Warning:  Undefined array key "cargoFuncionario" in /home/soluctem/sistema.soluctem.com.co/api/submit.php on line 71
[25-Jun-2025 17:25:20 UTC] PHP Warning:  Undefined array key "sapFuncionario" in /home/soluctem/sistema.soluctem.com.co/api/submit.php on line 72
[25-Jun-2025 17:25:20 UTC] PHP Warning:  Undefined array key "timestamp" in /home/soluctem/sistema.soluctem.com.co/api/submit.php on line 73
[25-Jun-2025 17:25:20 UTC] PHP Warning:  Undefined array key "asistenciaReparacion" in /home/soluctem/sistema.soluctem.com.co/api/submit.php on line 74
[25-Jun-2025 17:25:20 UTC] PHP Warning:  Undefined array key "asistenciaGarantia" in /home/soluctem/sistema.soluctem.com.co/api/submit.php on line 75
[25-Jun-2025 17:25:20 UTC] PHP Warning:  Undefined array key "asistenciaAjuste" in /home/soluctem/sistema.soluctem.com.co/api/submit.php on line 76
[25-Jun-2025 17:25:20 UTC] PHP Warning:  Undefined array key "asistenciaModificacion" in /home/soluctem/sistema.soluctem.com.co/api/submit.php on line 77
[25-Jun-2025 17:25:20 UTC] PHP Warning:  Undefined array key "asistenciaServicio" in /home/soluctem/sistema.soluctem.com.co/api/submit.php on line 78
[25-Jun-2025 17:25:20 UTC] PHP Warning:  Undefined array key "asistenciaMejora" in /home/soluctem/sistema.soluctem.com.co/api/submit.php on line 79
[25-Jun-2025 17:25:20 UTC] PHP Warning:  Undefined array key "asistenciaCombinacion" in /home/soluctem/sistema.soluctem.com.co/api/submit.php on line 80
[25-Jun-2025 17:25:20 UTC] PHP Warning:  Undefined array key "fallaOperacion" in /home/soluctem/sistema.soluctem.com.co/api/submit.php on line 81
[25-Jun-2025 17:25:20 UTC] PHP Warning:  Undefined array key "fallaMecanica" in /home/soluctem/sistema.soluctem.com.co/api/submit.php on line 82
[25-Jun-2025 17:25:20 UTC] PHP Warning:  Undefined array key "fallaElectrica" in /home/soluctem/sistema.soluctem.com.co/api/submit.php on line 83
[25-Jun-2025 17:25:20 UTC] PHP Warning:  Undefined array key "fallaTerceros" in /home/soluctem/sistema.soluctem.com.co/api/submit.php on line 84
[25-Jun-2025 17:25:20 UTC] PHP Warning:  Undefined array key "fallaFabricacion" in /home/soluctem/sistema.soluctem.com.co/api/submit.php on line 85
[25-Jun-2025 17:25:20 UTC] PHP Warning:  Undefined array key "firma_digital_cliente" in /home/soluctem/sistema.soluctem.com.co/api/submit.php on line 86
[25-Jun-2025 17:25:20 UTC] PHP Warning:  Undefined array key "firma_digital_tecnico" in /home/soluctem/sistema.soluctem.com.co/api/submit.php on line 87
[26-Jun-2025 20:57:22 UTC] PHP Warning:  Undefined array key "nombreSolicitante" in /home/soluctem/sistema.soluctem.com.co/api/submit.php on line 28
[26-Jun-2025 20:57:22 UTC] PHP Warning:  Undefined array key "cargo" in /home/soluctem/sistema.soluctem.com.co/api/submit.php on line 29
[26-Jun-2025 20:57:22 UTC] PHP Warning:  Undefined array key "nombreTienda" in /home/soluctem/sistema.soluctem.com.co/api/submit.php on line 30
[26-Jun-2025 20:57:22 UTC] PHP Warning:  Undefined array key "numeroTienda" in /home/soluctem/sistema.soluctem.com.co/api/submit.php on line 31
[26-Jun-2025 20:57:22 UTC] PHP Warning:  Undefined array key "numeroTicket" in /home/soluctem/sistema.soluctem.com.co/api/submit.php on line 32
[26-Jun-2025 20:57:22 UTC] PHP Warning:  Undefined array key "fecha" in /home/soluctem/sistema.soluctem.com.co/api/submit.php on line 33
[26-Jun-2025 20:57:22 UTC] PHP Warning:  Undefined array key "municipio" in /home/soluctem/sistema.soluctem.com.co/api/submit.php on line 34
[26-Jun-2025 20:57:22 UTC] PHP Warning:  Undefined array key "departamento" in /home/soluctem/sistema.soluctem.com.co/api/submit.php on line 35
[26-Jun-2025 20:57:22 UTC] PHP Warning:  Undefined array key "nombreEquipo" in /home/soluctem/sistema.soluctem.com.co/api/submit.php on line 36
[26-Jun-2025 20:57:22 UTC] PHP Warning:  Undefined array key "marca" in /home/soluctem/sistema.soluctem.com.co/api/submit.php on line 37
[26-Jun-2025 20:57:22 UTC] PHP Warning:  Undefined array key "serial" in /home/soluctem/sistema.soluctem.com.co/api/submit.php on line 38
[26-Jun-2025 20:57:22 UTC] PHP Warning:  Undefined array key "descripcionFalla" in /home/soluctem/sistema.soluctem.com.co/api/submit.php on line 39
[26-Jun-2025 20:57:22 UTC] PHP Warning:  Undefined array key "diagnosticoTecnico" in /home/soluctem/sistema.soluctem.com.co/api/submit.php on line 40
[26-Jun-2025 20:57:22 UTC] PHP Warning:  Undefined array key "repuestosCambiados" in /home/soluctem/sistema.soluctem.com.co/api/submit.php on line 41
[26-Jun-2025 20:57:22 UTC] PHP Warning:  Undefined array key "observaciones" in /home/soluctem/sistema.soluctem.com.co/api/submit.php on line 42
[26-Jun-2025 20:57:22 UTC] PHP Warning:  Undefined array key "seguridadRiesgoAccidentalidad" in /home/soluctem/sistema.soluctem.com.co/api/submit.php on line 43
[26-Jun-2025 20:57:22 UTC] PHP Warning:  Undefined array key "seguridadRiesgoEquipo" in /home/soluctem/sistema.soluctem.com.co/api/submit.php on line 44
[26-Jun-2025 20:57:22 UTC] PHP Warning:  Undefined array key "funcionamientoFallaSolucionada" in /home/soluctem/sistema.soluctem.com.co/api/submit.php on line 45
[26-Jun-2025 20:57:22 UTC] PHP Warning:  Undefined array key "funcionamientoPasosNormales" in /home/soluctem/sistema.soluctem.com.co/api/submit.php on line 46
[26-Jun-2025 20:57:22 UTC] PHP Warning:  Undefined array key "calidadTrabajo" in /home/soluctem/sistema.soluctem.com.co/api/submit.php on line 47
[26-Jun-2025 20:57:22 UTC] PHP Warning:  Undefined array key "limpiezaOrganizacionArmado" in /home/soluctem/sistema.soluctem.com.co/api/submit.php on line 48
[26-Jun-2025 20:57:22 UTC] PHP Warning:  Undefined array key "limpiezaOrganizacionAseado" in /home/soluctem/sistema.soluctem.com.co/api/submit.php on line 49
[26-Jun-2025 20:57:22 UTC] PHP Warning:  Undefined array key "capacitacionCausa" in /home/soluctem/sistema.soluctem.com.co/api/submit.php on line 50
[26-Jun-2025 20:57:22 UTC] PHP Warning:  Undefined array key "capacitacionPrevencion" in /home/soluctem/sistema.soluctem.com.co/api/submit.php on line 51
[26-Jun-2025 20:57:22 UTC] PHP Warning:  Undefined array key "capacitacionAccion" in /home/soluctem/sistema.soluctem.com.co/api/submit.php on line 52
[26-Jun-2025 20:57:22 UTC] PHP Warning:  Undefined array key "contratista1" in /home/soluctem/sistema.soluctem.com.co/api/submit.php on line 53
[26-Jun-2025 20:57:22 UTC] PHP Warning:  Undefined array key "cedula1" in /home/soluctem/sistema.soluctem.com.co/api/submit.php on line 54
[26-Jun-2025 20:57:22 UTC] PHP Warning:  Undefined array key "horaEntrada1" in /home/soluctem/sistema.soluctem.com.co/api/submit.php on line 55
[26-Jun-2025 20:57:22 UTC] PHP Warning:  Undefined array key "horaSalida1" in /home/soluctem/sistema.soluctem.com.co/api/submit.php on line 56
[26-Jun-2025 20:57:22 UTC] PHP Warning:  Undefined array key "contratista2" in /home/soluctem/sistema.soluctem.com.co/api/submit.php on line 57
[26-Jun-2025 20:57:22 UTC] PHP Warning:  Undefined array key "cedula2" in /home/soluctem/sistema.soluctem.com.co/api/submit.php on line 58
[26-Jun-2025 20:57:22 UTC] PHP Warning:  Undefined array key "horaEntrada2" in /home/soluctem/sistema.soluctem.com.co/api/submit.php on line 59
[26-Jun-2025 20:57:22 UTC] PHP Warning:  Undefined array key "horaSalida2" in /home/soluctem/sistema.soluctem.com.co/api/submit.php on line 60
[26-Jun-2025 20:57:22 UTC] PHP Warning:  Undefined array key "contratista3" in /home/soluctem/sistema.soluctem.com.co/api/submit.php on line 61
[26-Jun-2025 20:57:22 UTC] PHP Warning:  Undefined array key "cedula3" in /home/soluctem/sistema.soluctem.com.co/api/submit.php on line 62
[26-Jun-2025 20:57:22 UTC] PHP Warning:  Undefined array key "horaEntrada3" in /home/soluctem/sistema.soluctem.com.co/api/submit.php on line 63
[26-Jun-2025 20:57:22 UTC] PHP Warning:  Undefined array key "horaSalida3" in /home/soluctem/sistema.soluctem.com.co/api/submit.php on line 64
[26-Jun-2025 20:57:22 UTC] PHP Warning:  Undefined array key "contratista4" in /home/soluctem/sistema.soluctem.com.co/api/submit.php on line 65
[26-Jun-2025 20:57:22 UTC] PHP Warning:  Undefined array key "cedula4" in /home/soluctem/sistema.soluctem.com.co/api/submit.php on line 66
[26-Jun-2025 20:57:22 UTC] PHP Warning:  Undefined array key "horaEntrada4" in /home/soluctem/sistema.soluctem.com.co/api/submit.php on line 67
[26-Jun-2025 20:57:22 UTC] PHP Warning:  Undefined array key "horaSalida4" in /home/soluctem/sistema.soluctem.com.co/api/submit.php on line 68
[26-Jun-2025 20:57:22 UTC] PHP Warning:  Undefined array key "nombreFuncionario" in /home/soluctem/sistema.soluctem.com.co/api/submit.php on line 69
[26-Jun-2025 20:57:22 UTC] PHP Warning:  Undefined array key "cedulaFuncionario" in /home/soluctem/sistema.soluctem.com.co/api/submit.php on line 70
[26-Jun-2025 20:57:22 UTC] PHP Warning:  Undefined array key "cargoFuncionario" in /home/soluctem/sistema.soluctem.com.co/api/submit.php on line 71
[26-Jun-2025 20:57:22 UTC] PHP Warning:  Undefined array key "sapFuncionario" in /home/soluctem/sistema.soluctem.com.co/api/submit.php on line 72
[26-Jun-2025 20:57:22 UTC] PHP Warning:  Undefined array key "timestamp" in /home/soluctem/sistema.soluctem.com.co/api/submit.php on line 73
[26-Jun-2025 20:57:22 UTC] PHP Warning:  Undefined array key "asistenciaReparacion" in /home/soluctem/sistema.soluctem.com.co/api/submit.php on line 74
[26-Jun-2025 20:57:22 UTC] PHP Warning:  Undefined array key "asistenciaGarantia" in /home/soluctem/sistema.soluctem.com.co/api/submit.php on line 75
[26-Jun-2025 20:57:22 UTC] PHP Warning:  Undefined array key "asistenciaAjuste" in /home/soluctem/sistema.soluctem.com.co/api/submit.php on line 76
[26-Jun-2025 20:57:22 UTC] PHP Warning:  Undefined array key "asistenciaModificacion" in /home/soluctem/sistema.soluctem.com.co/api/submit.php on line 77
[26-Jun-2025 20:57:22 UTC] PHP Warning:  Undefined array key "asistenciaServicio" in /home/soluctem/sistema.soluctem.com.co/api/submit.php on line 78
[26-Jun-2025 20:57:22 UTC] PHP Warning:  Undefined array key "asistenciaMejora" in /home/soluctem/sistema.soluctem.com.co/api/submit.php on line 79
[26-Jun-2025 20:57:22 UTC] PHP Warning:  Undefined array key "asistenciaCombinacion" in /home/soluctem/sistema.soluctem.com.co/api/submit.php on line 80
[26-Jun-2025 20:57:22 UTC] PHP Warning:  Undefined array key "fallaOperacion" in /home/soluctem/sistema.soluctem.com.co/api/submit.php on line 81
[26-Jun-2025 20:57:22 UTC] PHP Warning:  Undefined array key "fallaMecanica" in /home/soluctem/sistema.soluctem.com.co/api/submit.php on line 82
[26-Jun-2025 20:57:22 UTC] PHP Warning:  Undefined array key "fallaElectrica" in /home/soluctem/sistema.soluctem.com.co/api/submit.php on line 83
[26-Jun-2025 20:57:22 UTC] PHP Warning:  Undefined array key "fallaTerceros" in /home/soluctem/sistema.soluctem.com.co/api/submit.php on line 84
[26-Jun-2025 20:57:22 UTC] PHP Warning:  Undefined array key "fallaFabricacion" in /home/soluctem/sistema.soluctem.com.co/api/submit.php on line 85
[26-Jun-2025 20:57:22 UTC] PHP Warning:  Undefined array key "firma_digital_cliente" in /home/soluctem/sistema.soluctem.com.co/api/submit.php on line 86
[26-Jun-2025 20:57:22 UTC] PHP Warning:  Undefined array key "firma_digital_tecnico" in /home/soluctem/sistema.soluctem.com.co/api/submit.php on line 87
[26-Jun-2025 21:00:23 UTC] PHP Warning:  Undefined array key "nombreSolicitante" in /home/soluctem/sistema.soluctem.com.co/api/submit.php on line 28
[26-Jun-2025 21:00:23 UTC] PHP Warning:  Undefined array key "cargo" in /home/soluctem/sistema.soluctem.com.co/api/submit.php on line 29
[26-Jun-2025 21:00:23 UTC] PHP Warning:  Undefined array key "nombreTienda" in /home/soluctem/sistema.soluctem.com.co/api/submit.php on line 30
[26-Jun-2025 21:00:23 UTC] PHP Warning:  Undefined array key "numeroTienda" in /home/soluctem/sistema.soluctem.com.co/api/submit.php on line 31
[26-Jun-2025 21:00:23 UTC] PHP Warning:  Undefined array key "numeroTicket" in /home/soluctem/sistema.soluctem.com.co/api/submit.php on line 32
[26-Jun-2025 21:00:23 UTC] PHP Warning:  Undefined array key "fecha" in /home/soluctem/sistema.soluctem.com.co/api/submit.php on line 33
[26-Jun-2025 21:00:23 UTC] PHP Warning:  Undefined array key "municipio" in /home/soluctem/sistema.soluctem.com.co/api/submit.php on line 34
[26-Jun-2025 21:00:23 UTC] PHP Warning:  Undefined array key "departamento" in /home/soluctem/sistema.soluctem.com.co/api/submit.php on line 35
[26-Jun-2025 21:00:23 UTC] PHP Warning:  Undefined array key "nombreEquipo" in /home/soluctem/sistema.soluctem.com.co/api/submit.php on line 36
[26-Jun-2025 21:00:23 UTC] PHP Warning:  Undefined array key "marca" in /home/soluctem/sistema.soluctem.com.co/api/submit.php on line 37
[26-Jun-2025 21:00:23 UTC] PHP Warning:  Undefined array key "serial" in /home/soluctem/sistema.soluctem.com.co/api/submit.php on line 38
[26-Jun-2025 21:00:23 UTC] PHP Warning:  Undefined array key "descripcionFalla" in /home/soluctem/sistema.soluctem.com.co/api/submit.php on line 39
[26-Jun-2025 21:00:23 UTC] PHP Warning:  Undefined array key "diagnosticoTecnico" in /home/soluctem/sistema.soluctem.com.co/api/submit.php on line 40
[26-Jun-2025 21:00:23 UTC] PHP Warning:  Undefined array key "repuestosCambiados" in /home/soluctem/sistema.soluctem.com.co/api/submit.php on line 41
[26-Jun-2025 21:00:23 UTC] PHP Warning:  Undefined array key "observaciones" in /home/soluctem/sistema.soluctem.com.co/api/submit.php on line 42
[26-Jun-2025 21:00:23 UTC] PHP Warning:  Undefined array key "seguridadRiesgoAccidentalidad" in /home/soluctem/sistema.soluctem.com.co/api/submit.php on line 43
[26-Jun-2025 21:00:23 UTC] PHP Warning:  Undefined array key "seguridadRiesgoEquipo" in /home/soluctem/sistema.soluctem.com.co/api/submit.php on line 44
[26-Jun-2025 21:00:23 UTC] PHP Warning:  Undefined array key "funcionamientoFallaSolucionada" in /home/soluctem/sistema.soluctem.com.co/api/submit.php on line 45
[26-Jun-2025 21:00:23 UTC] PHP Warning:  Undefined array key "funcionamientoPasosNormales" in /home/soluctem/sistema.soluctem.com.co/api/submit.php on line 46
[26-Jun-2025 21:00:23 UTC] PHP Warning:  Undefined array key "calidadTrabajo" in /home/soluctem/sistema.soluctem.com.co/api/submit.php on line 47
[26-Jun-2025 21:00:23 UTC] PHP Warning:  Undefined array key "limpiezaOrganizacionArmado" in /home/soluctem/sistema.soluctem.com.co/api/submit.php on line 48
[26-Jun-2025 21:00:23 UTC] PHP Warning:  Undefined array key "limpiezaOrganizacionAseado" in /home/soluctem/sistema.soluctem.com.co/api/submit.php on line 49
[26-Jun-2025 21:00:23 UTC] PHP Warning:  Undefined array key "capacitacionCausa" in /home/soluctem/sistema.soluctem.com.co/api/submit.php on line 50
[26-Jun-2025 21:00:23 UTC] PHP Warning:  Undefined array key "capacitacionPrevencion" in /home/soluctem/sistema.soluctem.com.co/api/submit.php on line 51
[26-Jun-2025 21:00:23 UTC] PHP Warning:  Undefined array key "capacitacionAccion" in /home/soluctem/sistema.soluctem.com.co/api/submit.php on line 52
[26-Jun-2025 21:00:23 UTC] PHP Warning:  Undefined array key "contratista1" in /home/soluctem/sistema.soluctem.com.co/api/submit.php on line 53
[26-Jun-2025 21:00:23 UTC] PHP Warning:  Undefined array key "cedula1" in /home/soluctem/sistema.soluctem.com.co/api/submit.php on line 54
[26-Jun-2025 21:00:23 UTC] PHP Warning:  Undefined array key "horaEntrada1" in /home/soluctem/sistema.soluctem.com.co/api/submit.php on line 55
[26-Jun-2025 21:00:23 UTC] PHP Warning:  Undefined array key "horaSalida1" in /home/soluctem/sistema.soluctem.com.co/api/submit.php on line 56
[26-Jun-2025 21:00:23 UTC] PHP Warning:  Undefined array key "contratista2" in /home/soluctem/sistema.soluctem.com.co/api/submit.php on line 57
[26-Jun-2025 21:00:23 UTC] PHP Warning:  Undefined array key "cedula2" in /home/soluctem/sistema.soluctem.com.co/api/submit.php on line 58
[26-Jun-2025 21:00:23 UTC] PHP Warning:  Undefined array key "horaEntrada2" in /home/soluctem/sistema.soluctem.com.co/api/submit.php on line 59
[26-Jun-2025 21:00:23 UTC] PHP Warning:  Undefined array key "horaSalida2" in /home/soluctem/sistema.soluctem.com.co/api/submit.php on line 60
[26-Jun-2025 21:00:23 UTC] PHP Warning:  Undefined array key "contratista3" in /home/soluctem/sistema.soluctem.com.co/api/submit.php on line 61
[26-Jun-2025 21:00:23 UTC] PHP Warning:  Undefined array key "cedula3" in /home/soluctem/sistema.soluctem.com.co/api/submit.php on line 62
[26-Jun-2025 21:00:23 UTC] PHP Warning:  Undefined array key "horaEntrada3" in /home/soluctem/sistema.soluctem.com.co/api/submit.php on line 63
[26-Jun-2025 21:00:23 UTC] PHP Warning:  Undefined array key "horaSalida3" in /home/soluctem/sistema.soluctem.com.co/api/submit.php on line 64
[26-Jun-2025 21:00:23 UTC] PHP Warning:  Undefined array key "contratista4" in /home/soluctem/sistema.soluctem.com.co/api/submit.php on line 65
[26-Jun-2025 21:00:23 UTC] PHP Warning:  Undefined array key "cedula4" in /home/soluctem/sistema.soluctem.com.co/api/submit.php on line 66
[26-Jun-2025 21:00:23 UTC] PHP Warning:  Undefined array key "horaEntrada4" in /home/soluctem/sistema.soluctem.com.co/api/submit.php on line 67
[26-Jun-2025 21:00:23 UTC] PHP Warning:  Undefined array key "horaSalida4" in /home/soluctem/sistema.soluctem.com.co/api/submit.php on line 68
[26-Jun-2025 21:00:23 UTC] PHP Warning:  Undefined array key "nombreFuncionario" in /home/soluctem/sistema.soluctem.com.co/api/submit.php on line 69
[26-Jun-2025 21:00:23 UTC] PHP Warning:  Undefined array key "cedulaFuncionario" in /home/soluctem/sistema.soluctem.com.co/api/submit.php on line 70
[26-Jun-2025 21:00:23 UTC] PHP Warning:  Undefined array key "cargoFuncionario" in /home/soluctem/sistema.soluctem.com.co/api/submit.php on line 71
[26-Jun-2025 21:00:23 UTC] PHP Warning:  Undefined array key "sapFuncionario" in /home/soluctem/sistema.soluctem.com.co/api/submit.php on line 72
[26-Jun-2025 21:00:23 UTC] PHP Warning:  Undefined array key "timestamp" in /home/soluctem/sistema.soluctem.com.co/api/submit.php on line 73
[26-Jun-2025 21:00:23 UTC] PHP Warning:  Undefined array key "asistenciaReparacion" in /home/soluctem/sistema.soluctem.com.co/api/submit.php on line 74
[26-Jun-2025 21:00:23 UTC] PHP Warning:  Undefined array key "asistenciaGarantia" in /home/soluctem/sistema.soluctem.com.co/api/submit.php on line 75
[26-Jun-2025 21:00:23 UTC] PHP Warning:  Undefined array key "asistenciaAjuste" in /home/soluctem/sistema.soluctem.com.co/api/submit.php on line 76
[26-Jun-2025 21:00:23 UTC] PHP Warning:  Undefined array key "asistenciaModificacion" in /home/soluctem/sistema.soluctem.com.co/api/submit.php on line 77
[26-Jun-2025 21:00:23 UTC] PHP Warning:  Undefined array key "asistenciaServicio" in /home/soluctem/sistema.soluctem.com.co/api/submit.php on line 78
[26-Jun-2025 21:00:23 UTC] PHP Warning:  Undefined array key "asistenciaMejora" in /home/soluctem/sistema.soluctem.com.co/api/submit.php on line 79
[26-Jun-2025 21:00:23 UTC] PHP Warning:  Undefined array key "asistenciaCombinacion" in /home/soluctem/sistema.soluctem.com.co/api/submit.php on line 80
[26-Jun-2025 21:00:23 UTC] PHP Warning:  Undefined array key "fallaOperacion" in /home/soluctem/sistema.soluctem.com.co/api/submit.php on line 81
[26-Jun-2025 21:00:23 UTC] PHP Warning:  Undefined array key "fallaMecanica" in /home/soluctem/sistema.soluctem.com.co/api/submit.php on line 82
[26-Jun-2025 21:00:23 UTC] PHP Warning:  Undefined array key "fallaElectrica" in /home/soluctem/sistema.soluctem.com.co/api/submit.php on line 83
[26-Jun-2025 21:00:23 UTC] PHP Warning:  Undefined array key "fallaTerceros" in /home/soluctem/sistema.soluctem.com.co/api/submit.php on line 84
[26-Jun-2025 21:00:23 UTC] PHP Warning:  Undefined array key "fallaFabricacion" in /home/soluctem/sistema.soluctem.com.co/api/submit.php on line 85
[26-Jun-2025 21:00:23 UTC] PHP Warning:  Undefined array key "firma_digital_cliente" in /home/soluctem/sistema.soluctem.com.co/api/submit.php on line 86
[26-Jun-2025 21:00:23 UTC] PHP Warning:  Undefined array key "firma_digital_tecnico" in /home/soluctem/sistema.soluctem.com.co/api/submit.php on line 87
[29-Jun-2025 06:39:53 UTC] PHP Warning:  Undefined array key "nombreSolicitante" in /home/soluctem/sistema.soluctem.com.co/api/submit.php on line 28
[29-Jun-2025 06:39:53 UTC] PHP Warning:  Undefined array key "cargo" in /home/soluctem/sistema.soluctem.com.co/api/submit.php on line 29
[29-Jun-2025 06:39:53 UTC] PHP Warning:  Undefined array key "nombreTienda" in /home/soluctem/sistema.soluctem.com.co/api/submit.php on line 30
[29-Jun-2025 06:39:53 UTC] PHP Warning:  Undefined array key "numeroTienda" in /home/soluctem/sistema.soluctem.com.co/api/submit.php on line 31
[29-Jun-2025 06:39:53 UTC] PHP Warning:  Undefined array key "numeroTicket" in /home/soluctem/sistema.soluctem.com.co/api/submit.php on line 32
[29-Jun-2025 06:39:53 UTC] PHP Warning:  Undefined array key "fecha" in /home/soluctem/sistema.soluctem.com.co/api/submit.php on line 33
[29-Jun-2025 06:39:53 UTC] PHP Warning:  Undefined array key "municipio" in /home/soluctem/sistema.soluctem.com.co/api/submit.php on line 34
[29-Jun-2025 06:39:53 UTC] PHP Warning:  Undefined array key "departamento" in /home/soluctem/sistema.soluctem.com.co/api/submit.php on line 35
[29-Jun-2025 06:39:53 UTC] PHP Warning:  Undefined array key "nombreEquipo" in /home/soluctem/sistema.soluctem.com.co/api/submit.php on line 36
[29-Jun-2025 06:39:53 UTC] PHP Warning:  Undefined array key "marca" in /home/soluctem/sistema.soluctem.com.co/api/submit.php on line 37
[29-Jun-2025 06:39:53 UTC] PHP Warning:  Undefined array key "serial" in /home/soluctem/sistema.soluctem.com.co/api/submit.php on line 38
[29-Jun-2025 06:39:53 UTC] PHP Warning:  Undefined array key "descripcionFalla" in /home/soluctem/sistema.soluctem.com.co/api/submit.php on line 39
[29-Jun-2025 06:39:53 UTC] PHP Warning:  Undefined array key "diagnosticoTecnico" in /home/soluctem/sistema.soluctem.com.co/api/submit.php on line 40
[29-Jun-2025 06:39:53 UTC] PHP Warning:  Undefined array key "repuestosCambiados" in /home/soluctem/sistema.soluctem.com.co/api/submit.php on line 41
[29-Jun-2025 06:39:53 UTC] PHP Warning:  Undefined array key "observaciones" in /home/soluctem/sistema.soluctem.com.co/api/submit.php on line 42
[29-Jun-2025 06:39:53 UTC] PHP Warning:  Undefined array key "seguridadRiesgoAccidentalidad" in /home/soluctem/sistema.soluctem.com.co/api/submit.php on line 43
[29-Jun-2025 06:39:53 UTC] PHP Warning:  Undefined array key "seguridadRiesgoEquipo" in /home/soluctem/sistema.soluctem.com.co/api/submit.php on line 44
[29-Jun-2025 06:39:53 UTC] PHP Warning:  Undefined array key "funcionamientoFallaSolucionada" in /home/soluctem/sistema.soluctem.com.co/api/submit.php on line 45
[29-Jun-2025 06:39:53 UTC] PHP Warning:  Undefined array key "funcionamientoPasosNormales" in /home/soluctem/sistema.soluctem.com.co/api/submit.php on line 46
[29-Jun-2025 06:39:53 UTC] PHP Warning:  Undefined array key "calidadTrabajo" in /home/soluctem/sistema.soluctem.com.co/api/submit.php on line 47
[29-Jun-2025 06:39:53 UTC] PHP Warning:  Undefined array key "limpiezaOrganizacionArmado" in /home/soluctem/sistema.soluctem.com.co/api/submit.php on line 48
[29-Jun-2025 06:39:53 UTC] PHP Warning:  Undefined array key "limpiezaOrganizacionAseado" in /home/soluctem/sistema.soluctem.com.co/api/submit.php on line 49
[29-Jun-2025 06:39:53 UTC] PHP Warning:  Undefined array key "capacitacionCausa" in /home/soluctem/sistema.soluctem.com.co/api/submit.php on line 50
[29-Jun-2025 06:39:53 UTC] PHP Warning:  Undefined array key "capacitacionPrevencion" in /home/soluctem/sistema.soluctem.com.co/api/submit.php on line 51
[29-Jun-2025 06:39:53 UTC] PHP Warning:  Undefined array key "capacitacionAccion" in /home/soluctem/sistema.soluctem.com.co/api/submit.php on line 52
[29-Jun-2025 06:39:53 UTC] PHP Warning:  Undefined array key "contratista1" in /home/soluctem/sistema.soluctem.com.co/api/submit.php on line 53
[29-Jun-2025 06:39:53 UTC] PHP Warning:  Undefined array key "cedula1" in /home/soluctem/sistema.soluctem.com.co/api/submit.php on line 54
[29-Jun-2025 06:39:53 UTC] PHP Warning:  Undefined array key "horaEntrada1" in /home/soluctem/sistema.soluctem.com.co/api/submit.php on line 55
[29-Jun-2025 06:39:53 UTC] PHP Warning:  Undefined array key "horaSalida1" in /home/soluctem/sistema.soluctem.com.co/api/submit.php on line 56
[29-Jun-2025 06:39:53 UTC] PHP Warning:  Undefined array key "contratista2" in /home/soluctem/sistema.soluctem.com.co/api/submit.php on line 57
[29-Jun-2025 06:39:53 UTC] PHP Warning:  Undefined array key "cedula2" in /home/soluctem/sistema.soluctem.com.co/api/submit.php on line 58
[29-Jun-2025 06:39:53 UTC] PHP Warning:  Undefined array key "horaEntrada2" in /home/soluctem/sistema.soluctem.com.co/api/submit.php on line 59
[29-Jun-2025 06:39:53 UTC] PHP Warning:  Undefined array key "horaSalida2" in /home/soluctem/sistema.soluctem.com.co/api/submit.php on line 60
[29-Jun-2025 06:39:53 UTC] PHP Warning:  Undefined array key "contratista3" in /home/soluctem/sistema.soluctem.com.co/api/submit.php on line 61
[29-Jun-2025 06:39:53 UTC] PHP Warning:  Undefined array key "cedula3" in /home/soluctem/sistema.soluctem.com.co/api/submit.php on line 62
[29-Jun-2025 06:39:53 UTC] PHP Warning:  Undefined array key "horaEntrada3" in /home/soluctem/sistema.soluctem.com.co/api/submit.php on line 63
[29-Jun-2025 06:39:53 UTC] PHP Warning:  Undefined array key "horaSalida3" in /home/soluctem/sistema.soluctem.com.co/api/submit.php on line 64
[29-Jun-2025 06:39:53 UTC] PHP Warning:  Undefined array key "contratista4" in /home/soluctem/sistema.soluctem.com.co/api/submit.php on line 65
[29-Jun-2025 06:39:53 UTC] PHP Warning:  Undefined array key "cedula4" in /home/soluctem/sistema.soluctem.com.co/api/submit.php on line 66
[29-Jun-2025 06:39:53 UTC] PHP Warning:  Undefined array key "horaEntrada4" in /home/soluctem/sistema.soluctem.com.co/api/submit.php on line 67
[29-Jun-2025 06:39:53 UTC] PHP Warning:  Undefined array key "horaSalida4" in /home/soluctem/sistema.soluctem.com.co/api/submit.php on line 68
[29-Jun-2025 06:39:53 UTC] PHP Warning:  Undefined array key "nombreFuncionario" in /home/soluctem/sistema.soluctem.com.co/api/submit.php on line 69
[29-Jun-2025 06:39:53 UTC] PHP Warning:  Undefined array key "cedulaFuncionario" in /home/soluctem/sistema.soluctem.com.co/api/submit.php on line 70
[29-Jun-2025 06:39:53 UTC] PHP Warning:  Undefined array key "cargoFuncionario" in /home/soluctem/sistema.soluctem.com.co/api/submit.php on line 71
[29-Jun-2025 06:39:53 UTC] PHP Warning:  Undefined array key "sapFuncionario" in /home/soluctem/sistema.soluctem.com.co/api/submit.php on line 72
[29-Jun-2025 06:39:53 UTC] PHP Warning:  Undefined array key "timestamp" in /home/soluctem/sistema.soluctem.com.co/api/submit.php on line 73
[29-Jun-2025 06:39:53 UTC] PHP Warning:  Undefined array key "asistenciaReparacion" in /home/soluctem/sistema.soluctem.com.co/api/submit.php on line 74
[29-Jun-2025 06:39:53 UTC] PHP Warning:  Undefined array key "asistenciaGarantia" in /home/soluctem/sistema.soluctem.com.co/api/submit.php on line 75
[29-Jun-2025 06:39:53 UTC] PHP Warning:  Undefined array key "asistenciaAjuste" in /home/soluctem/sistema.soluctem.com.co/api/submit.php on line 76
[29-Jun-2025 06:39:53 UTC] PHP Warning:  Undefined array key "asistenciaModificacion" in /home/soluctem/sistema.soluctem.com.co/api/submit.php on line 77
[29-Jun-2025 06:39:53 UTC] PHP Warning:  Undefined array key "asistenciaServicio" in /home/soluctem/sistema.soluctem.com.co/api/submit.php on line 78
[29-Jun-2025 06:39:53 UTC] PHP Warning:  Undefined array key "asistenciaMejora" in /home/soluctem/sistema.soluctem.com.co/api/submit.php on line 79
[29-Jun-2025 06:39:53 UTC] PHP Warning:  Undefined array key "asistenciaCombinacion" in /home/soluctem/sistema.soluctem.com.co/api/submit.php on line 80
[29-Jun-2025 06:39:53 UTC] PHP Warning:  Undefined array key "fallaOperacion" in /home/soluctem/sistema.soluctem.com.co/api/submit.php on line 81
[29-Jun-2025 06:39:53 UTC] PHP Warning:  Undefined array key "fallaMecanica" in /home/soluctem/sistema.soluctem.com.co/api/submit.php on line 82
[29-Jun-2025 06:39:53 UTC] PHP Warning:  Undefined array key "fallaElectrica" in /home/soluctem/sistema.soluctem.com.co/api/submit.php on line 83
[29-Jun-2025 06:39:53 UTC] PHP Warning:  Undefined array key "fallaTerceros" in /home/soluctem/sistema.soluctem.com.co/api/submit.php on line 84
[29-Jun-2025 06:39:53 UTC] PHP Warning:  Undefined array key "fallaFabricacion" in /home/soluctem/sistema.soluctem.com.co/api/submit.php on line 85
[29-Jun-2025 06:39:53 UTC] PHP Warning:  Undefined array key "firma_digital_cliente" in /home/soluctem/sistema.soluctem.com.co/api/submit.php on line 86
[29-Jun-2025 06:39:53 UTC] PHP Warning:  Undefined array key "firma_digital_tecnico" in /home/soluctem/sistema.soluctem.com.co/api/submit.php on line 87
[29-Jun-2025 06:53:49 UTC] PHP Warning:  Undefined array key "nombreSolicitante" in /home/soluctem/sistema.soluctem.com.co/api/submit.php on line 28
[29-Jun-2025 06:53:49 UTC] PHP Warning:  Undefined array key "cargo" in /home/soluctem/sistema.soluctem.com.co/api/submit.php on line 29
[29-Jun-2025 06:53:49 UTC] PHP Warning:  Undefined array key "nombreTienda" in /home/soluctem/sistema.soluctem.com.co/api/submit.php on line 30
[29-Jun-2025 06:53:49 UTC] PHP Warning:  Undefined array key "numeroTienda" in /home/soluctem/sistema.soluctem.com.co/api/submit.php on line 31
[29-Jun-2025 06:53:49 UTC] PHP Warning:  Undefined array key "numeroTicket" in /home/soluctem/sistema.soluctem.com.co/api/submit.php on line 32
[29-Jun-2025 06:53:49 UTC] PHP Warning:  Undefined array key "fecha" in /home/soluctem/sistema.soluctem.com.co/api/submit.php on line 33
[29-Jun-2025 06:53:49 UTC] PHP Warning:  Undefined array key "municipio" in /home/soluctem/sistema.soluctem.com.co/api/submit.php on line 34
[29-Jun-2025 06:53:49 UTC] PHP Warning:  Undefined array key "departamento" in /home/soluctem/sistema.soluctem.com.co/api/submit.php on line 35
[29-Jun-2025 06:53:49 UTC] PHP Warning:  Undefined array key "nombreEquipo" in /home/soluctem/sistema.soluctem.com.co/api/submit.php on line 36
[29-Jun-2025 06:53:49 UTC] PHP Warning:  Undefined array key "marca" in /home/soluctem/sistema.soluctem.com.co/api/submit.php on line 37
[29-Jun-2025 06:53:49 UTC] PHP Warning:  Undefined array key "serial" in /home/soluctem/sistema.soluctem.com.co/api/submit.php on line 38
[29-Jun-2025 06:53:49 UTC] PHP Warning:  Undefined array key "descripcionFalla" in /home/soluctem/sistema.soluctem.com.co/api/submit.php on line 39
[29-Jun-2025 06:53:49 UTC] PHP Warning:  Undefined array key "diagnosticoTecnico" in /home/soluctem/sistema.soluctem.com.co/api/submit.php on line 40
[29-Jun-2025 06:53:49 UTC] PHP Warning:  Undefined array key "repuestosCambiados" in /home/soluctem/sistema.soluctem.com.co/api/submit.php on line 41
[29-Jun-2025 06:53:49 UTC] PHP Warning:  Undefined array key "observaciones" in /home/soluctem/sistema.soluctem.com.co/api/submit.php on line 42
[29-Jun-2025 06:53:49 UTC] PHP Warning:  Undefined array key "seguridadRiesgoAccidentalidad" in /home/soluctem/sistema.soluctem.com.co/api/submit.php on line 43
[29-Jun-2025 06:53:49 UTC] PHP Warning:  Undefined array key "seguridadRiesgoEquipo" in /home/soluctem/sistema.soluctem.com.co/api/submit.php on line 44
[29-Jun-2025 06:53:49 UTC] PHP Warning:  Undefined array key "funcionamientoFallaSolucionada" in /home/soluctem/sistema.soluctem.com.co/api/submit.php on line 45
[29-Jun-2025 06:53:49 UTC] PHP Warning:  Undefined array key "funcionamientoPasosNormales" in /home/soluctem/sistema.soluctem.com.co/api/submit.php on line 46
[29-Jun-2025 06:53:49 UTC] PHP Warning:  Undefined array key "calidadTrabajo" in /home/soluctem/sistema.soluctem.com.co/api/submit.php on line 47
[29-Jun-2025 06:53:49 UTC] PHP Warning:  Undefined array key "limpiezaOrganizacionArmado" in /home/soluctem/sistema.soluctem.com.co/api/submit.php on line 48
[29-Jun-2025 06:53:49 UTC] PHP Warning:  Undefined array key "limpiezaOrganizacionAseado" in /home/soluctem/sistema.soluctem.com.co/api/submit.php on line 49
[29-Jun-2025 06:53:49 UTC] PHP Warning:  Undefined array key "capacitacionCausa" in /home/soluctem/sistema.soluctem.com.co/api/submit.php on line 50
[29-Jun-2025 06:53:49 UTC] PHP Warning:  Undefined array key "capacitacionPrevencion" in /home/soluctem/sistema.soluctem.com.co/api/submit.php on line 51
[29-Jun-2025 06:53:49 UTC] PHP Warning:  Undefined array key "capacitacionAccion" in /home/soluctem/sistema.soluctem.com.co/api/submit.php on line 52
[29-Jun-2025 06:53:49 UTC] PHP Warning:  Undefined array key "contratista1" in /home/soluctem/sistema.soluctem.com.co/api/submit.php on line 53
[29-Jun-2025 06:53:49 UTC] PHP Warning:  Undefined array key "cedula1" in /home/soluctem/sistema.soluctem.com.co/api/submit.php on line 54
[29-Jun-2025 06:53:49 UTC] PHP Warning:  Undefined array key "horaEntrada1" in /home/soluctem/sistema.soluctem.com.co/api/submit.php on line 55
[29-Jun-2025 06:53:49 UTC] PHP Warning:  Undefined array key "horaSalida1" in /home/soluctem/sistema.soluctem.com.co/api/submit.php on line 56
[29-Jun-2025 06:53:49 UTC] PHP Warning:  Undefined array key "contratista2" in /home/soluctem/sistema.soluctem.com.co/api/submit.php on line 57
[29-Jun-2025 06:53:49 UTC] PHP Warning:  Undefined array key "cedula2" in /home/soluctem/sistema.soluctem.com.co/api/submit.php on line 58
[29-Jun-2025 06:53:49 UTC] PHP Warning:  Undefined array key "horaEntrada2" in /home/soluctem/sistema.soluctem.com.co/api/submit.php on line 59
[29-Jun-2025 06:53:49 UTC] PHP Warning:  Undefined array key "horaSalida2" in /home/soluctem/sistema.soluctem.com.co/api/submit.php on line 60
[29-Jun-2025 06:53:49 UTC] PHP Warning:  Undefined array key "contratista3" in /home/soluctem/sistema.soluctem.com.co/api/submit.php on line 61
[29-Jun-2025 06:53:49 UTC] PHP Warning:  Undefined array key "cedula3" in /home/soluctem/sistema.soluctem.com.co/api/submit.php on line 62
[29-Jun-2025 06:53:49 UTC] PHP Warning:  Undefined array key "horaEntrada3" in /home/soluctem/sistema.soluctem.com.co/api/submit.php on line 63
[29-Jun-2025 06:53:49 UTC] PHP Warning:  Undefined array key "horaSalida3" in /home/soluctem/sistema.soluctem.com.co/api/submit.php on line 64
[29-Jun-2025 06:53:49 UTC] PHP Warning:  Undefined array key "contratista4" in /home/soluctem/sistema.soluctem.com.co/api/submit.php on line 65
[29-Jun-2025 06:53:49 UTC] PHP Warning:  Undefined array key "cedula4" in /home/soluctem/sistema.soluctem.com.co/api/submit.php on line 66
[29-Jun-2025 06:53:49 UTC] PHP Warning:  Undefined array key "horaEntrada4" in /home/soluctem/sistema.soluctem.com.co/api/submit.php on line 67
[29-Jun-2025 06:53:49 UTC] PHP Warning:  Undefined array key "horaSalida4" in /home/soluctem/sistema.soluctem.com.co/api/submit.php on line 68
[29-Jun-2025 06:53:49 UTC] PHP Warning:  Undefined array key "nombreFuncionario" in /home/soluctem/sistema.soluctem.com.co/api/submit.php on line 69
[29-Jun-2025 06:53:49 UTC] PHP Warning:  Undefined array key "cedulaFuncionario" in /home/soluctem/sistema.soluctem.com.co/api/submit.php on line 70
[29-Jun-2025 06:53:49 UTC] PHP Warning:  Undefined array key "cargoFuncionario" in /home/soluctem/sistema.soluctem.com.co/api/submit.php on line 71
[29-Jun-2025 06:53:49 UTC] PHP Warning:  Undefined array key "sapFuncionario" in /home/soluctem/sistema.soluctem.com.co/api/submit.php on line 72
[29-Jun-2025 06:53:49 UTC] PHP Warning:  Undefined array key "timestamp" in /home/soluctem/sistema.soluctem.com.co/api/submit.php on line 73
[29-Jun-2025 06:53:49 UTC] PHP Warning:  Undefined array key "asistenciaReparacion" in /home/soluctem/sistema.soluctem.com.co/api/submit.php on line 74
[29-Jun-2025 06:53:49 UTC] PHP Warning:  Undefined array key "asistenciaGarantia" in /home/soluctem/sistema.soluctem.com.co/api/submit.php on line 75
[29-Jun-2025 06:53:49 UTC] PHP Warning:  Undefined array key "asistenciaAjuste" in /home/soluctem/sistema.soluctem.com.co/api/submit.php on line 76
[29-Jun-2025 06:53:49 UTC] PHP Warning:  Undefined array key "asistenciaModificacion" in /home/soluctem/sistema.soluctem.com.co/api/submit.php on line 77
[29-Jun-2025 06:53:49 UTC] PHP Warning:  Undefined array key "asistenciaServicio" in /home/soluctem/sistema.soluctem.com.co/api/submit.php on line 78
[29-Jun-2025 06:53:49 UTC] PHP Warning:  Undefined array key "asistenciaMejora" in /home/soluctem/sistema.soluctem.com.co/api/submit.php on line 79
[29-Jun-2025 06:53:49 UTC] PHP Warning:  Undefined array key "asistenciaCombinacion" in /home/soluctem/sistema.soluctem.com.co/api/submit.php on line 80
[29-Jun-2025 06:53:49 UTC] PHP Warning:  Undefined array key "fallaOperacion" in /home/soluctem/sistema.soluctem.com.co/api/submit.php on line 81
[29-Jun-2025 06:53:49 UTC] PHP Warning:  Undefined array key "fallaMecanica" in /home/soluctem/sistema.soluctem.com.co/api/submit.php on line 82
[29-Jun-2025 06:53:49 UTC] PHP Warning:  Undefined array key "fallaElectrica" in /home/soluctem/sistema.soluctem.com.co/api/submit.php on line 83
[29-Jun-2025 06:53:49 UTC] PHP Warning:  Undefined array key "fallaTerceros" in /home/soluctem/sistema.soluctem.com.co/api/submit.php on line 84
[29-Jun-2025 06:53:49 UTC] PHP Warning:  Undefined array key "fallaFabricacion" in /home/soluctem/sistema.soluctem.com.co/api/submit.php on line 85
[29-Jun-2025 06:53:49 UTC] PHP Warning:  Undefined array key "firma_digital_cliente" in /home/soluctem/sistema.soluctem.com.co/api/submit.php on line 86
[29-Jun-2025 06:53:49 UTC] PHP Warning:  Undefined array key "firma_digital_tecnico" in /home/soluctem/sistema.soluctem.com.co/api/submit.php on line 87
[29-Jun-2025 08:00:30 UTC] PHP Warning:  Undefined array key "nombreSolicitante" in /home/soluctem/sistema.soluctem.com.co/api/submit.php on line 28
[29-Jun-2025 08:00:30 UTC] PHP Warning:  Undefined array key "cargo" in /home/soluctem/sistema.soluctem.com.co/api/submit.php on line 29
[29-Jun-2025 08:00:30 UTC] PHP Warning:  Undefined array key "nombreTienda" in /home/soluctem/sistema.soluctem.com.co/api/submit.php on line 30
[29-Jun-2025 08:00:30 UTC] PHP Warning:  Undefined array key "numeroTienda" in /home/soluctem/sistema.soluctem.com.co/api/submit.php on line 31
[29-Jun-2025 08:00:30 UTC] PHP Warning:  Undefined array key "numeroTicket" in /home/soluctem/sistema.soluctem.com.co/api/submit.php on line 32
[29-Jun-2025 08:00:30 UTC] PHP Warning:  Undefined array key "fecha" in /home/soluctem/sistema.soluctem.com.co/api/submit.php on line 33
[29-Jun-2025 08:00:30 UTC] PHP Warning:  Undefined array key "municipio" in /home/soluctem/sistema.soluctem.com.co/api/submit.php on line 34
[29-Jun-2025 08:00:30 UTC] PHP Warning:  Undefined array key "departamento" in /home/soluctem/sistema.soluctem.com.co/api/submit.php on line 35
[29-Jun-2025 08:00:30 UTC] PHP Warning:  Undefined array key "nombreEquipo" in /home/soluctem/sistema.soluctem.com.co/api/submit.php on line 36
[29-Jun-2025 08:00:30 UTC] PHP Warning:  Undefined array key "marca" in /home/soluctem/sistema.soluctem.com.co/api/submit.php on line 37
[29-Jun-2025 08:00:30 UTC] PHP Warning:  Undefined array key "serial" in /home/soluctem/sistema.soluctem.com.co/api/submit.php on line 38
[29-Jun-2025 08:00:30 UTC] PHP Warning:  Undefined array key "descripcionFalla" in /home/soluctem/sistema.soluctem.com.co/api/submit.php on line 39
[29-Jun-2025 08:00:30 UTC] PHP Warning:  Undefined array key "diagnosticoTecnico" in /home/soluctem/sistema.soluctem.com.co/api/submit.php on line 40
[29-Jun-2025 08:00:30 UTC] PHP Warning:  Undefined array key "repuestosCambiados" in /home/soluctem/sistema.soluctem.com.co/api/submit.php on line 41
[29-Jun-2025 08:00:30 UTC] PHP Warning:  Undefined array key "observaciones" in /home/soluctem/sistema.soluctem.com.co/api/submit.php on line 42
[29-Jun-2025 08:00:30 UTC] PHP Warning:  Undefined array key "seguridadRiesgoAccidentalidad" in /home/soluctem/sistema.soluctem.com.co/api/submit.php on line 43
[29-Jun-2025 08:00:30 UTC] PHP Warning:  Undefined array key "seguridadRiesgoEquipo" in /home/soluctem/sistema.soluctem.com.co/api/submit.php on line 44
[29-Jun-2025 08:00:30 UTC] PHP Warning:  Undefined array key "funcionamientoFallaSolucionada" in /home/soluctem/sistema.soluctem.com.co/api/submit.php on line 45
[29-Jun-2025 08:00:30 UTC] PHP Warning:  Undefined array key "funcionamientoPasosNormales" in /home/soluctem/sistema.soluctem.com.co/api/submit.php on line 46
[29-Jun-2025 08:00:30 UTC] PHP Warning:  Undefined array key "calidadTrabajo" in /home/soluctem/sistema.soluctem.com.co/api/submit.php on line 47
[29-Jun-2025 08:00:30 UTC] PHP Warning:  Undefined array key "limpiezaOrganizacionArmado" in /home/soluctem/sistema.soluctem.com.co/api/submit.php on line 48
[29-Jun-2025 08:00:30 UTC] PHP Warning:  Undefined array key "limpiezaOrganizacionAseado" in /home/soluctem/sistema.soluctem.com.co/api/submit.php on line 49
[29-Jun-2025 08:00:30 UTC] PHP Warning:  Undefined array key "capacitacionCausa" in /home/soluctem/sistema.soluctem.com.co/api/submit.php on line 50
[29-Jun-2025 08:00:30 UTC] PHP Warning:  Undefined array key "capacitacionPrevencion" in /home/soluctem/sistema.soluctem.com.co/api/submit.php on line 51
[29-Jun-2025 08:00:30 UTC] PHP Warning:  Undefined array key "capacitacionAccion" in /home/soluctem/sistema.soluctem.com.co/api/submit.php on line 52
[29-Jun-2025 08:00:30 UTC] PHP Warning:  Undefined array key "contratista1" in /home/soluctem/sistema.soluctem.com.co/api/submit.php on line 53
[29-Jun-2025 08:00:30 UTC] PHP Warning:  Undefined array key "cedula1" in /home/soluctem/sistema.soluctem.com.co/api/submit.php on line 54
[29-Jun-2025 08:00:30 UTC] PHP Warning:  Undefined array key "horaEntrada1" in /home/soluctem/sistema.soluctem.com.co/api/submit.php on line 55
[29-Jun-2025 08:00:30 UTC] PHP Warning:  Undefined array key "horaSalida1" in /home/soluctem/sistema.soluctem.com.co/api/submit.php on line 56
[29-Jun-2025 08:00:30 UTC] PHP Warning:  Undefined array key "contratista2" in /home/soluctem/sistema.soluctem.com.co/api/submit.php on line 57
[29-Jun-2025 08:00:30 UTC] PHP Warning:  Undefined array key "cedula2" in /home/soluctem/sistema.soluctem.com.co/api/submit.php on line 58
[29-Jun-2025 08:00:30 UTC] PHP Warning:  Undefined array key "horaEntrada2" in /home/soluctem/sistema.soluctem.com.co/api/submit.php on line 59
[29-Jun-2025 08:00:30 UTC] PHP Warning:  Undefined array key "horaSalida2" in /home/soluctem/sistema.soluctem.com.co/api/submit.php on line 60
[29-Jun-2025 08:00:30 UTC] PHP Warning:  Undefined array key "contratista3" in /home/soluctem/sistema.soluctem.com.co/api/submit.php on line 61
[29-Jun-2025 08:00:30 UTC] PHP Warning:  Undefined array key "cedula3" in /home/soluctem/sistema.soluctem.com.co/api/submit.php on line 62
[29-Jun-2025 08:00:30 UTC] PHP Warning:  Undefined array key "horaEntrada3" in /home/soluctem/sistema.soluctem.com.co/api/submit.php on line 63
[29-Jun-2025 08:00:30 UTC] PHP Warning:  Undefined array key "horaSalida3" in /home/soluctem/sistema.soluctem.com.co/api/submit.php on line 64
[29-Jun-2025 08:00:30 UTC] PHP Warning:  Undefined array key "contratista4" in /home/soluctem/sistema.soluctem.com.co/api/submit.php on line 65
[29-Jun-2025 08:00:30 UTC] PHP Warning:  Undefined array key "cedula4" in /home/soluctem/sistema.soluctem.com.co/api/submit.php on line 66
[29-Jun-2025 08:00:30 UTC] PHP Warning:  Undefined array key "horaEntrada4" in /home/soluctem/sistema.soluctem.com.co/api/submit.php on line 67
[29-Jun-2025 08:00:30 UTC] PHP Warning:  Undefined array key "horaSalida4" in /home/soluctem/sistema.soluctem.com.co/api/submit.php on line 68
[29-Jun-2025 08:00:30 UTC] PHP Warning:  Undefined array key "nombreFuncionario" in /home/soluctem/sistema.soluctem.com.co/api/submit.php on line 69
[29-Jun-2025 08:00:30 UTC] PHP Warning:  Undefined array key "cedulaFuncionario" in /home/soluctem/sistema.soluctem.com.co/api/submit.php on line 70
[29-Jun-2025 08:00:30 UTC] PHP Warning:  Undefined array key "cargoFuncionario" in /home/soluctem/sistema.soluctem.com.co/api/submit.php on line 71
[29-Jun-2025 08:00:30 UTC] PHP Warning:  Undefined array key "sapFuncionario" in /home/soluctem/sistema.soluctem.com.co/api/submit.php on line 72
[29-Jun-2025 08:00:30 UTC] PHP Warning:  Undefined array key "timestamp" in /home/soluctem/sistema.soluctem.com.co/api/submit.php on line 73
[29-Jun-2025 08:00:30 UTC] PHP Warning:  Undefined array key "asistenciaReparacion" in /home/soluctem/sistema.soluctem.com.co/api/submit.php on line 74
[29-Jun-2025 08:00:30 UTC] PHP Warning:  Undefined array key "asistenciaGarantia" in /home/soluctem/sistema.soluctem.com.co/api/submit.php on line 75
[29-Jun-2025 08:00:30 UTC] PHP Warning:  Undefined array key "asistenciaAjuste" in /home/soluctem/sistema.soluctem.com.co/api/submit.php on line 76
[29-Jun-2025 08:00:30 UTC] PHP Warning:  Undefined array key "asistenciaModificacion" in /home/soluctem/sistema.soluctem.com.co/api/submit.php on line 77
[29-Jun-2025 08:00:30 UTC] PHP Warning:  Undefined array key "asistenciaServicio" in /home/soluctem/sistema.soluctem.com.co/api/submit.php on line 78
[29-Jun-2025 08:00:30 UTC] PHP Warning:  Undefined array key "asistenciaMejora" in /home/soluctem/sistema.soluctem.com.co/api/submit.php on line 79
[29-Jun-2025 08:00:30 UTC] PHP Warning:  Undefined array key "asistenciaCombinacion" in /home/soluctem/sistema.soluctem.com.co/api/submit.php on line 80
[29-Jun-2025 08:00:30 UTC] PHP Warning:  Undefined array key "fallaOperacion" in /home/soluctem/sistema.soluctem.com.co/api/submit.php on line 81
[29-Jun-2025 08:00:30 UTC] PHP Warning:  Undefined array key "fallaMecanica" in /home/soluctem/sistema.soluctem.com.co/api/submit.php on line 82
[29-Jun-2025 08:00:30 UTC] PHP Warning:  Undefined array key "fallaElectrica" in /home/soluctem/sistema.soluctem.com.co/api/submit.php on line 83
[29-Jun-2025 08:00:30 UTC] PHP Warning:  Undefined array key "fallaTerceros" in /home/soluctem/sistema.soluctem.com.co/api/submit.php on line 84
[29-Jun-2025 08:00:30 UTC] PHP Warning:  Undefined array key "fallaFabricacion" in /home/soluctem/sistema.soluctem.com.co/api/submit.php on line 85
[29-Jun-2025 08:00:30 UTC] PHP Warning:  Undefined array key "firma_digital_cliente" in /home/soluctem/sistema.soluctem.com.co/api/submit.php on line 86
[29-Jun-2025 08:00:30 UTC] PHP Warning:  Undefined array key "firma_digital_tecnico" in /home/soluctem/sistema.soluctem.com.co/api/submit.php on line 87
[30-Jun-2025 00:12:21 UTC] PHP Warning:  Undefined array key "nombreSolicitante" in /home/soluctem/sistema.soluctem.com.co/api/submit.php on line 28
[30-Jun-2025 00:12:21 UTC] PHP Warning:  Undefined array key "cargo" in /home/soluctem/sistema.soluctem.com.co/api/submit.php on line 29
[30-Jun-2025 00:12:21 UTC] PHP Warning:  Undefined array key "nombreTienda" in /home/soluctem/sistema.soluctem.com.co/api/submit.php on line 30
[30-Jun-2025 00:12:21 UTC] PHP Warning:  Undefined array key "numeroTienda" in /home/soluctem/sistema.soluctem.com.co/api/submit.php on line 31
[30-Jun-2025 00:12:21 UTC] PHP Warning:  Undefined array key "numeroTicket" in /home/soluctem/sistema.soluctem.com.co/api/submit.php on line 32
[30-Jun-2025 00:12:21 UTC] PHP Warning:  Undefined array key "fecha" in /home/soluctem/sistema.soluctem.com.co/api/submit.php on line 33
[30-Jun-2025 00:12:21 UTC] PHP Warning:  Undefined array key "municipio" in /home/soluctem/sistema.soluctem.com.co/api/submit.php on line 34
[30-Jun-2025 00:12:21 UTC] PHP Warning:  Undefined array key "departamento" in /home/soluctem/sistema.soluctem.com.co/api/submit.php on line 35
[30-Jun-2025 00:12:21 UTC] PHP Warning:  Undefined array key "nombreEquipo" in /home/soluctem/sistema.soluctem.com.co/api/submit.php on line 36
[30-Jun-2025 00:12:21 UTC] PHP Warning:  Undefined array key "marca" in /home/soluctem/sistema.soluctem.com.co/api/submit.php on line 37
[30-Jun-2025 00:12:21 UTC] PHP Warning:  Undefined array key "serial" in /home/soluctem/sistema.soluctem.com.co/api/submit.php on line 38
[30-Jun-2025 00:12:21 UTC] PHP Warning:  Undefined array key "descripcionFalla" in /home/soluctem/sistema.soluctem.com.co/api/submit.php on line 39
[30-Jun-2025 00:12:21 UTC] PHP Warning:  Undefined array key "diagnosticoTecnico" in /home/soluctem/sistema.soluctem.com.co/api/submit.php on line 40
[30-Jun-2025 00:12:21 UTC] PHP Warning:  Undefined array key "repuestosCambiados" in /home/soluctem/sistema.soluctem.com.co/api/submit.php on line 41
[30-Jun-2025 00:12:21 UTC] PHP Warning:  Undefined array key "observaciones" in /home/soluctem/sistema.soluctem.com.co/api/submit.php on line 42
[30-Jun-2025 00:12:21 UTC] PHP Warning:  Undefined array key "seguridadRiesgoAccidentalidad" in /home/soluctem/sistema.soluctem.com.co/api/submit.php on line 43
[30-Jun-2025 00:12:21 UTC] PHP Warning:  Undefined array key "seguridadRiesgoEquipo" in /home/soluctem/sistema.soluctem.com.co/api/submit.php on line 44
[30-Jun-2025 00:12:21 UTC] PHP Warning:  Undefined array key "funcionamientoFallaSolucionada" in /home/soluctem/sistema.soluctem.com.co/api/submit.php on line 45
[30-Jun-2025 00:12:21 UTC] PHP Warning:  Undefined array key "funcionamientoPasosNormales" in /home/soluctem/sistema.soluctem.com.co/api/submit.php on line 46
[30-Jun-2025 00:12:21 UTC] PHP Warning:  Undefined array key "calidadTrabajo" in /home/soluctem/sistema.soluctem.com.co/api/submit.php on line 47
[30-Jun-2025 00:12:21 UTC] PHP Warning:  Undefined array key "limpiezaOrganizacionArmado" in /home/soluctem/sistema.soluctem.com.co/api/submit.php on line 48
[30-Jun-2025 00:12:21 UTC] PHP Warning:  Undefined array key "limpiezaOrganizacionAseado" in /home/soluctem/sistema.soluctem.com.co/api/submit.php on line 49
[30-Jun-2025 00:12:21 UTC] PHP Warning:  Undefined array key "capacitacionCausa" in /home/soluctem/sistema.soluctem.com.co/api/submit.php on line 50
[30-Jun-2025 00:12:21 UTC] PHP Warning:  Undefined array key "capacitacionPrevencion" in /home/soluctem/sistema.soluctem.com.co/api/submit.php on line 51
[30-Jun-2025 00:12:21 UTC] PHP Warning:  Undefined array key "capacitacionAccion" in /home/soluctem/sistema.soluctem.com.co/api/submit.php on line 52
[30-Jun-2025 00:12:21 UTC] PHP Warning:  Undefined array key "contratista1" in /home/soluctem/sistema.soluctem.com.co/api/submit.php on line 53
[30-Jun-2025 00:12:21 UTC] PHP Warning:  Undefined array key "cedula1" in /home/soluctem/sistema.soluctem.com.co/api/submit.php on line 54
[30-Jun-2025 00:12:21 UTC] PHP Warning:  Undefined array key "horaEntrada1" in /home/soluctem/sistema.soluctem.com.co/api/submit.php on line 55
[30-Jun-2025 00:12:21 UTC] PHP Warning:  Undefined array key "horaSalida1" in /home/soluctem/sistema.soluctem.com.co/api/submit.php on line 56
[30-Jun-2025 00:12:21 UTC] PHP Warning:  Undefined array key "contratista2" in /home/soluctem/sistema.soluctem.com.co/api/submit.php on line 57
[30-Jun-2025 00:12:21 UTC] PHP Warning:  Undefined array key "cedula2" in /home/soluctem/sistema.soluctem.com.co/api/submit.php on line 58
[30-Jun-2025 00:12:21 UTC] PHP Warning:  Undefined array key "horaEntrada2" in /home/soluctem/sistema.soluctem.com.co/api/submit.php on line 59
[30-Jun-2025 00:12:21 UTC] PHP Warning:  Undefined array key "horaSalida2" in /home/soluctem/sistema.soluctem.com.co/api/submit.php on line 60
[30-Jun-2025 00:12:21 UTC] PHP Warning:  Undefined array key "contratista3" in /home/soluctem/sistema.soluctem.com.co/api/submit.php on line 61
[30-Jun-2025 00:12:21 UTC] PHP Warning:  Undefined array key "cedula3" in /home/soluctem/sistema.soluctem.com.co/api/submit.php on line 62
[30-Jun-2025 00:12:21 UTC] PHP Warning:  Undefined array key "horaEntrada3" in /home/soluctem/sistema.soluctem.com.co/api/submit.php on line 63
[30-Jun-2025 00:12:21 UTC] PHP Warning:  Undefined array key "horaSalida3" in /home/soluctem/sistema.soluctem.com.co/api/submit.php on line 64
[30-Jun-2025 00:12:21 UTC] PHP Warning:  Undefined array key "contratista4" in /home/soluctem/sistema.soluctem.com.co/api/submit.php on line 65
[30-Jun-2025 00:12:21 UTC] PHP Warning:  Undefined array key "cedula4" in /home/soluctem/sistema.soluctem.com.co/api/submit.php on line 66
[30-Jun-2025 00:12:21 UTC] PHP Warning:  Undefined array key "horaEntrada4" in /home/soluctem/sistema.soluctem.com.co/api/submit.php on line 67
[30-Jun-2025 00:12:21 UTC] PHP Warning:  Undefined array key "horaSalida4" in /home/soluctem/sistema.soluctem.com.co/api/submit.php on line 68
[30-Jun-2025 00:12:21 UTC] PHP Warning:  Undefined array key "nombreFuncionario" in /home/soluctem/sistema.soluctem.com.co/api/submit.php on line 69
[30-Jun-2025 00:12:21 UTC] PHP Warning:  Undefined array key "cedulaFuncionario" in /home/soluctem/sistema.soluctem.com.co/api/submit.php on line 70
[30-Jun-2025 00:12:21 UTC] PHP Warning:  Undefined array key "cargoFuncionario" in /home/soluctem/sistema.soluctem.com.co/api/submit.php on line 71
[30-Jun-2025 00:12:21 UTC] PHP Warning:  Undefined array key "sapFuncionario" in /home/soluctem/sistema.soluctem.com.co/api/submit.php on line 72
[30-Jun-2025 00:12:21 UTC] PHP Warning:  Undefined array key "timestamp" in /home/soluctem/sistema.soluctem.com.co/api/submit.php on line 73
[30-Jun-2025 00:12:21 UTC] PHP Warning:  Undefined array key "asistenciaReparacion" in /home/soluctem/sistema.soluctem.com.co/api/submit.php on line 74
[30-Jun-2025 00:12:21 UTC] PHP Warning:  Undefined array key "asistenciaGarantia" in /home/soluctem/sistema.soluctem.com.co/api/submit.php on line 75
[30-Jun-2025 00:12:21 UTC] PHP Warning:  Undefined array key "asistenciaAjuste" in /home/soluctem/sistema.soluctem.com.co/api/submit.php on line 76
[30-Jun-2025 00:12:21 UTC] PHP Warning:  Undefined array key "asistenciaModificacion" in /home/soluctem/sistema.soluctem.com.co/api/submit.php on line 77
[30-Jun-2025 00:12:21 UTC] PHP Warning:  Undefined array key "asistenciaServicio" in /home/soluctem/sistema.soluctem.com.co/api/submit.php on line 78
[30-Jun-2025 00:12:21 UTC] PHP Warning:  Undefined array key "asistenciaMejora" in /home/soluctem/sistema.soluctem.com.co/api/submit.php on line 79
[30-Jun-2025 00:12:21 UTC] PHP Warning:  Undefined array key "asistenciaCombinacion" in /home/soluctem/sistema.soluctem.com.co/api/submit.php on line 80
[30-Jun-2025 00:12:21 UTC] PHP Warning:  Undefined array key "fallaOperacion" in /home/soluctem/sistema.soluctem.com.co/api/submit.php on line 81
[30-Jun-2025 00:12:21 UTC] PHP Warning:  Undefined array key "fallaMecanica" in /home/soluctem/sistema.soluctem.com.co/api/submit.php on line 82
[30-Jun-2025 00:12:21 UTC] PHP Warning:  Undefined array key "fallaElectrica" in /home/soluctem/sistema.soluctem.com.co/api/submit.php on line 83
[30-Jun-2025 00:12:21 UTC] PHP Warning:  Undefined array key "fallaTerceros" in /home/soluctem/sistema.soluctem.com.co/api/submit.php on line 84
[30-Jun-2025 00:12:21 UTC] PHP Warning:  Undefined array key "fallaFabricacion" in /home/soluctem/sistema.soluctem.com.co/api/submit.php on line 85
[30-Jun-2025 00:12:21 UTC] PHP Warning:  Undefined array key "firma_digital_cliente" in /home/soluctem/sistema.soluctem.com.co/api/submit.php on line 86
[30-Jun-2025 00:12:21 UTC] PHP Warning:  Undefined array key "firma_digital_tecnico" in /home/soluctem/sistema.soluctem.com.co/api/submit.php on line 87
[30-Jun-2025 00:34:48 UTC] PHP Warning:  Undefined array key "nombreSolicitante" in /home/soluctem/sistema.soluctem.com.co/api/submit.php on line 28
[30-Jun-2025 00:34:48 UTC] PHP Warning:  Undefined array key "cargo" in /home/soluctem/sistema.soluctem.com.co/api/submit.php on line 29
[30-Jun-2025 00:34:48 UTC] PHP Warning:  Undefined array key "nombreTienda" in /home/soluctem/sistema.soluctem.com.co/api/submit.php on line 30
[30-Jun-2025 00:34:48 UTC] PHP Warning:  Undefined array key "numeroTienda" in /home/soluctem/sistema.soluctem.com.co/api/submit.php on line 31
[30-Jun-2025 00:34:48 UTC] PHP Warning:  Undefined array key "numeroTicket" in /home/soluctem/sistema.soluctem.com.co/api/submit.php on line 32
[30-Jun-2025 00:34:48 UTC] PHP Warning:  Undefined array key "fecha" in /home/soluctem/sistema.soluctem.com.co/api/submit.php on line 33
[30-Jun-2025 00:34:48 UTC] PHP Warning:  Undefined array key "municipio" in /home/soluctem/sistema.soluctem.com.co/api/submit.php on line 34
[30-Jun-2025 00:34:48 UTC] PHP Warning:  Undefined array key "departamento" in /home/soluctem/sistema.soluctem.com.co/api/submit.php on line 35
[30-Jun-2025 00:34:48 UTC] PHP Warning:  Undefined array key "nombreEquipo" in /home/soluctem/sistema.soluctem.com.co/api/submit.php on line 36
[30-Jun-2025 00:34:48 UTC] PHP Warning:  Undefined array key "marca" in /home/soluctem/sistema.soluctem.com.co/api/submit.php on line 37
[30-Jun-2025 00:34:48 UTC] PHP Warning:  Undefined array key "serial" in /home/soluctem/sistema.soluctem.com.co/api/submit.php on line 38
[30-Jun-2025 00:34:48 UTC] PHP Warning:  Undefined array key "descripcionFalla" in /home/soluctem/sistema.soluctem.com.co/api/submit.php on line 39
[30-Jun-2025 00:34:48 UTC] PHP Warning:  Undefined array key "diagnosticoTecnico" in /home/soluctem/sistema.soluctem.com.co/api/submit.php on line 40
[30-Jun-2025 00:34:48 UTC] PHP Warning:  Undefined array key "repuestosCambiados" in /home/soluctem/sistema.soluctem.com.co/api/submit.php on line 41
[30-Jun-2025 00:34:48 UTC] PHP Warning:  Undefined array key "observaciones" in /home/soluctem/sistema.soluctem.com.co/api/submit.php on line 42
[30-Jun-2025 00:34:48 UTC] PHP Warning:  Undefined array key "seguridadRiesgoAccidentalidad" in /home/soluctem/sistema.soluctem.com.co/api/submit.php on line 43
[30-Jun-2025 00:34:48 UTC] PHP Warning:  Undefined array key "seguridadRiesgoEquipo" in /home/soluctem/sistema.soluctem.com.co/api/submit.php on line 44
[30-Jun-2025 00:34:48 UTC] PHP Warning:  Undefined array key "funcionamientoFallaSolucionada" in /home/soluctem/sistema.soluctem.com.co/api/submit.php on line 45
[30-Jun-2025 00:34:48 UTC] PHP Warning:  Undefined array key "funcionamientoPasosNormales" in /home/soluctem/sistema.soluctem.com.co/api/submit.php on line 46
[30-Jun-2025 00:34:48 UTC] PHP Warning:  Undefined array key "calidadTrabajo" in /home/soluctem/sistema.soluctem.com.co/api/submit.php on line 47
[30-Jun-2025 00:34:48 UTC] PHP Warning:  Undefined array key "limpiezaOrganizacionArmado" in /home/soluctem/sistema.soluctem.com.co/api/submit.php on line 48
[30-Jun-2025 00:34:48 UTC] PHP Warning:  Undefined array key "limpiezaOrganizacionAseado" in /home/soluctem/sistema.soluctem.com.co/api/submit.php on line 49
[30-Jun-2025 00:34:48 UTC] PHP Warning:  Undefined array key "capacitacionCausa" in /home/soluctem/sistema.soluctem.com.co/api/submit.php on line 50
[30-Jun-2025 00:34:48 UTC] PHP Warning:  Undefined array key "capacitacionPrevencion" in /home/soluctem/sistema.soluctem.com.co/api/submit.php on line 51
[30-Jun-2025 00:34:48 UTC] PHP Warning:  Undefined array key "capacitacionAccion" in /home/soluctem/sistema.soluctem.com.co/api/submit.php on line 52
[30-Jun-2025 00:34:48 UTC] PHP Warning:  Undefined array key "contratista1" in /home/soluctem/sistema.soluctem.com.co/api/submit.php on line 53
[30-Jun-2025 00:34:48 UTC] PHP Warning:  Undefined array key "cedula1" in /home/soluctem/sistema.soluctem.com.co/api/submit.php on line 54
[30-Jun-2025 00:34:48 UTC] PHP Warning:  Undefined array key "horaEntrada1" in /home/soluctem/sistema.soluctem.com.co/api/submit.php on line 55
[30-Jun-2025 00:34:48 UTC] PHP Warning:  Undefined array key "horaSalida1" in /home/soluctem/sistema.soluctem.com.co/api/submit.php on line 56
[30-Jun-2025 00:34:48 UTC] PHP Warning:  Undefined array key "contratista2" in /home/soluctem/sistema.soluctem.com.co/api/submit.php on line 57
[30-Jun-2025 00:34:48 UTC] PHP Warning:  Undefined array key "cedula2" in /home/soluctem/sistema.soluctem.com.co/api/submit.php on line 58
[30-Jun-2025 00:34:48 UTC] PHP Warning:  Undefined array key "horaEntrada2" in /home/soluctem/sistema.soluctem.com.co/api/submit.php on line 59
[30-Jun-2025 00:34:48 UTC] PHP Warning:  Undefined array key "horaSalida2" in /home/soluctem/sistema.soluctem.com.co/api/submit.php on line 60
[30-Jun-2025 00:34:48 UTC] PHP Warning:  Undefined array key "contratista3" in /home/soluctem/sistema.soluctem.com.co/api/submit.php on line 61
[30-Jun-2025 00:34:48 UTC] PHP Warning:  Undefined array key "cedula3" in /home/soluctem/sistema.soluctem.com.co/api/submit.php on line 62
[30-Jun-2025 00:34:48 UTC] PHP Warning:  Undefined array key "horaEntrada3" in /home/soluctem/sistema.soluctem.com.co/api/submit.php on line 63
[30-Jun-2025 00:34:48 UTC] PHP Warning:  Undefined array key "horaSalida3" in /home/soluctem/sistema.soluctem.com.co/api/submit.php on line 64
[30-Jun-2025 00:34:48 UTC] PHP Warning:  Undefined array key "contratista4" in /home/soluctem/sistema.soluctem.com.co/api/submit.php on line 65
[30-Jun-2025 00:34:48 UTC] PHP Warning:  Undefined array key "cedula4" in /home/soluctem/sistema.soluctem.com.co/api/submit.php on line 66
[30-Jun-2025 00:34:48 UTC] PHP Warning:  Undefined array key "horaEntrada4" in /home/soluctem/sistema.soluctem.com.co/api/submit.php on line 67
[30-Jun-2025 00:34:48 UTC] PHP Warning:  Undefined array key "horaSalida4" in /home/soluctem/sistema.soluctem.com.co/api/submit.php on line 68
[30-Jun-2025 00:34:48 UTC] PHP Warning:  Undefined array key "nombreFuncionario" in /home/soluctem/sistema.soluctem.com.co/api/submit.php on line 69
[30-Jun-2025 00:34:48 UTC] PHP Warning:  Undefined array key "cedulaFuncionario" in /home/soluctem/sistema.soluctem.com.co/api/submit.php on line 70
[30-Jun-2025 00:34:48 UTC] PHP Warning:  Undefined array key "cargoFuncionario" in /home/soluctem/sistema.soluctem.com.co/api/submit.php on line 71
[30-Jun-2025 00:34:48 UTC] PHP Warning:  Undefined array key "sapFuncionario" in /home/soluctem/sistema.soluctem.com.co/api/submit.php on line 72
[30-Jun-2025 00:34:48 UTC] PHP Warning:  Undefined array key "timestamp" in /home/soluctem/sistema.soluctem.com.co/api/submit.php on line 73
[30-Jun-2025 00:34:48 UTC] PHP Warning:  Undefined array key "asistenciaReparacion" in /home/soluctem/sistema.soluctem.com.co/api/submit.php on line 74
[30-Jun-2025 00:34:48 UTC] PHP Warning:  Undefined array key "asistenciaGarantia" in /home/soluctem/sistema.soluctem.com.co/api/submit.php on line 75
[30-Jun-2025 00:34:48 UTC] PHP Warning:  Undefined array key "asistenciaAjuste" in /home/soluctem/sistema.soluctem.com.co/api/submit.php on line 76
[30-Jun-2025 00:34:48 UTC] PHP Warning:  Undefined array key "asistenciaModificacion" in /home/soluctem/sistema.soluctem.com.co/api/submit.php on line 77
[30-Jun-2025 00:34:48 UTC] PHP Warning:  Undefined array key "asistenciaServicio" in /home/soluctem/sistema.soluctem.com.co/api/submit.php on line 78
[30-Jun-2025 00:34:48 UTC] PHP Warning:  Undefined array key "asistenciaMejora" in /home/soluctem/sistema.soluctem.com.co/api/submit.php on line 79
[30-Jun-2025 00:34:48 UTC] PHP Warning:  Undefined array key "asistenciaCombinacion" in /home/soluctem/sistema.soluctem.com.co/api/submit.php on line 80
[30-Jun-2025 00:34:48 UTC] PHP Warning:  Undefined array key "fallaOperacion" in /home/soluctem/sistema.soluctem.com.co/api/submit.php on line 81
[30-Jun-2025 00:34:48 UTC] PHP Warning:  Undefined array key "fallaMecanica" in /home/soluctem/sistema.soluctem.com.co/api/submit.php on line 82
[30-Jun-2025 00:34:48 UTC] PHP Warning:  Undefined array key "fallaElectrica" in /home/soluctem/sistema.soluctem.com.co/api/submit.php on line 83
[30-Jun-2025 00:34:48 UTC] PHP Warning:  Undefined array key "fallaTerceros" in /home/soluctem/sistema.soluctem.com.co/api/submit.php on line 84
[30-Jun-2025 00:34:48 UTC] PHP Warning:  Undefined array key "fallaFabricacion" in /home/soluctem/sistema.soluctem.com.co/api/submit.php on line 85
[30-Jun-2025 00:34:48 UTC] PHP Warning:  Undefined array key "firma_digital_cliente" in /home/soluctem/sistema.soluctem.com.co/api/submit.php on line 86
[30-Jun-2025 00:34:48 UTC] PHP Warning:  Undefined array key "firma_digital_tecnico" in /home/soluctem/sistema.soluctem.com.co/api/submit.php on line 87
[30-Jun-2025 00:58:15 UTC] PHP Warning:  Undefined array key "nombreSolicitante" in /home/soluctem/sistema.soluctem.com.co/api/submit.php on line 28
[30-Jun-2025 00:58:15 UTC] PHP Warning:  Undefined array key "cargo" in /home/soluctem/sistema.soluctem.com.co/api/submit.php on line 29
[30-Jun-2025 00:58:15 UTC] PHP Warning:  Undefined array key "nombreTienda" in /home/soluctem/sistema.soluctem.com.co/api/submit.php on line 30
[30-Jun-2025 00:58:15 UTC] PHP Warning:  Undefined array key "numeroTienda" in /home/soluctem/sistema.soluctem.com.co/api/submit.php on line 31
[30-Jun-2025 00:58:15 UTC] PHP Warning:  Undefined array key "numeroTicket" in /home/soluctem/sistema.soluctem.com.co/api/submit.php on line 32
[30-Jun-2025 00:58:15 UTC] PHP Warning:  Undefined array key "fecha" in /home/soluctem/sistema.soluctem.com.co/api/submit.php on line 33
[30-Jun-2025 00:58:15 UTC] PHP Warning:  Undefined array key "municipio" in /home/soluctem/sistema.soluctem.com.co/api/submit.php on line 34
[30-Jun-2025 00:58:15 UTC] PHP Warning:  Undefined array key "departamento" in /home/soluctem/sistema.soluctem.com.co/api/submit.php on line 35
[30-Jun-2025 00:58:15 UTC] PHP Warning:  Undefined array key "nombreEquipo" in /home/soluctem/sistema.soluctem.com.co/api/submit.php on line 36
[30-Jun-2025 00:58:15 UTC] PHP Warning:  Undefined array key "marca" in /home/soluctem/sistema.soluctem.com.co/api/submit.php on line 37
[30-Jun-2025 00:58:15 UTC] PHP Warning:  Undefined array key "serial" in /home/soluctem/sistema.soluctem.com.co/api/submit.php on line 38
[30-Jun-2025 00:58:15 UTC] PHP Warning:  Undefined array key "descripcionFalla" in /home/soluctem/sistema.soluctem.com.co/api/submit.php on line 39
[30-Jun-2025 00:58:15 UTC] PHP Warning:  Undefined array key "diagnosticoTecnico" in /home/soluctem/sistema.soluctem.com.co/api/submit.php on line 40
[30-Jun-2025 00:58:15 UTC] PHP Warning:  Undefined array key "repuestosCambiados" in /home/soluctem/sistema.soluctem.com.co/api/submit.php on line 41
[30-Jun-2025 00:58:15 UTC] PHP Warning:  Undefined array key "observaciones" in /home/soluctem/sistema.soluctem.com.co/api/submit.php on line 42
[30-Jun-2025 00:58:15 UTC] PHP Warning:  Undefined array key "seguridadRiesgoAccidentalidad" in /home/soluctem/sistema.soluctem.com.co/api/submit.php on line 43
[30-Jun-2025 00:58:15 UTC] PHP Warning:  Undefined array key "seguridadRiesgoEquipo" in /home/soluctem/sistema.soluctem.com.co/api/submit.php on line 44
[30-Jun-2025 00:58:15 UTC] PHP Warning:  Undefined array key "funcionamientoFallaSolucionada" in /home/soluctem/sistema.soluctem.com.co/api/submit.php on line 45
[30-Jun-2025 00:58:15 UTC] PHP Warning:  Undefined array key "funcionamientoPasosNormales" in /home/soluctem/sistema.soluctem.com.co/api/submit.php on line 46
[30-Jun-2025 00:58:15 UTC] PHP Warning:  Undefined array key "calidadTrabajo" in /home/soluctem/sistema.soluctem.com.co/api/submit.php on line 47
[30-Jun-2025 00:58:15 UTC] PHP Warning:  Undefined array key "limpiezaOrganizacionArmado" in /home/soluctem/sistema.soluctem.com.co/api/submit.php on line 48
[30-Jun-2025 00:58:15 UTC] PHP Warning:  Undefined array key "limpiezaOrganizacionAseado" in /home/soluctem/sistema.soluctem.com.co/api/submit.php on line 49
[30-Jun-2025 00:58:15 UTC] PHP Warning:  Undefined array key "capacitacionCausa" in /home/soluctem/sistema.soluctem.com.co/api/submit.php on line 50
[30-Jun-2025 00:58:15 UTC] PHP Warning:  Undefined array key "capacitacionPrevencion" in /home/soluctem/sistema.soluctem.com.co/api/submit.php on line 51
[30-Jun-2025 00:58:15 UTC] PHP Warning:  Undefined array key "capacitacionAccion" in /home/soluctem/sistema.soluctem.com.co/api/submit.php on line 52
[30-Jun-2025 00:58:15 UTC] PHP Warning:  Undefined array key "contratista1" in /home/soluctem/sistema.soluctem.com.co/api/submit.php on line 53
[30-Jun-2025 00:58:15 UTC] PHP Warning:  Undefined array key "cedula1" in /home/soluctem/sistema.soluctem.com.co/api/submit.php on line 54
[30-Jun-2025 00:58:15 UTC] PHP Warning:  Undefined array key "horaEntrada1" in /home/soluctem/sistema.soluctem.com.co/api/submit.php on line 55
[30-Jun-2025 00:58:15 UTC] PHP Warning:  Undefined array key "horaSalida1" in /home/soluctem/sistema.soluctem.com.co/api/submit.php on line 56
[30-Jun-2025 00:58:15 UTC] PHP Warning:  Undefined array key "contratista2" in /home/soluctem/sistema.soluctem.com.co/api/submit.php on line 57
[30-Jun-2025 00:58:15 UTC] PHP Warning:  Undefined array key "cedula2" in /home/soluctem/sistema.soluctem.com.co/api/submit.php on line 58
[30-Jun-2025 00:58:15 UTC] PHP Warning:  Undefined array key "horaEntrada2" in /home/soluctem/sistema.soluctem.com.co/api/submit.php on line 59
[30-Jun-2025 00:58:15 UTC] PHP Warning:  Undefined array key "horaSalida2" in /home/soluctem/sistema.soluctem.com.co/api/submit.php on line 60
[30-Jun-2025 00:58:15 UTC] PHP Warning:  Undefined array key "contratista3" in /home/soluctem/sistema.soluctem.com.co/api/submit.php on line 61
[30-Jun-2025 00:58:15 UTC] PHP Warning:  Undefined array key "cedula3" in /home/soluctem/sistema.soluctem.com.co/api/submit.php on line 62
[30-Jun-2025 00:58:15 UTC] PHP Warning:  Undefined array key "horaEntrada3" in /home/soluctem/sistema.soluctem.com.co/api/submit.php on line 63
[30-Jun-2025 00:58:15 UTC] PHP Warning:  Undefined array key "horaSalida3" in /home/soluctem/sistema.soluctem.com.co/api/submit.php on line 64
[30-Jun-2025 00:58:15 UTC] PHP Warning:  Undefined array key "contratista4" in /home/soluctem/sistema.soluctem.com.co/api/submit.php on line 65
[30-Jun-2025 00:58:15 UTC] PHP Warning:  Undefined array key "cedula4" in /home/soluctem/sistema.soluctem.com.co/api/submit.php on line 66
[30-Jun-2025 00:58:15 UTC] PHP Warning:  Undefined array key "horaEntrada4" in /home/soluctem/sistema.soluctem.com.co/api/submit.php on line 67
[30-Jun-2025 00:58:15 UTC] PHP Warning:  Undefined array key "horaSalida4" in /home/soluctem/sistema.soluctem.com.co/api/submit.php on line 68
[30-Jun-2025 00:58:15 UTC] PHP Warning:  Undefined array key "nombreFuncionario" in /home/soluctem/sistema.soluctem.com.co/api/submit.php on line 69
[30-Jun-2025 00:58:15 UTC] PHP Warning:  Undefined array key "cedulaFuncionario" in /home/soluctem/sistema.soluctem.com.co/api/submit.php on line 70
[30-Jun-2025 00:58:15 UTC] PHP Warning:  Undefined array key "cargoFuncionario" in /home/soluctem/sistema.soluctem.com.co/api/submit.php on line 71
[30-Jun-2025 00:58:15 UTC] PHP Warning:  Undefined array key "sapFuncionario" in /home/soluctem/sistema.soluctem.com.co/api/submit.php on line 72
[30-Jun-2025 00:58:15 UTC] PHP Warning:  Undefined array key "timestamp" in /home/soluctem/sistema.soluctem.com.co/api/submit.php on line 73
[30-Jun-2025 00:58:15 UTC] PHP Warning:  Undefined array key "asistenciaReparacion" in /home/soluctem/sistema.soluctem.com.co/api/submit.php on line 74
[30-Jun-2025 00:58:15 UTC] PHP Warning:  Undefined array key "asistenciaGarantia" in /home/soluctem/sistema.soluctem.com.co/api/submit.php on line 75
[30-Jun-2025 00:58:15 UTC] PHP Warning:  Undefined array key "asistenciaAjuste" in /home/soluctem/sistema.soluctem.com.co/api/submit.php on line 76
[30-Jun-2025 00:58:15 UTC] PHP Warning:  Undefined array key "asistenciaModificacion" in /home/soluctem/sistema.soluctem.com.co/api/submit.php on line 77
[30-Jun-2025 00:58:15 UTC] PHP Warning:  Undefined array key "asistenciaServicio" in /home/soluctem/sistema.soluctem.com.co/api/submit.php on line 78
[30-Jun-2025 00:58:15 UTC] PHP Warning:  Undefined array key "asistenciaMejora" in /home/soluctem/sistema.soluctem.com.co/api/submit.php on line 79
[30-Jun-2025 00:58:15 UTC] PHP Warning:  Undefined array key "asistenciaCombinacion" in /home/soluctem/sistema.soluctem.com.co/api/submit.php on line 80
[30-Jun-2025 00:58:15 UTC] PHP Warning:  Undefined array key "fallaOperacion" in /home/soluctem/sistema.soluctem.com.co/api/submit.php on line 81
[30-Jun-2025 00:58:15 UTC] PHP Warning:  Undefined array key "fallaMecanica" in /home/soluctem/sistema.soluctem.com.co/api/submit.php on line 82
[30-Jun-2025 00:58:15 UTC] PHP Warning:  Undefined array key "fallaElectrica" in /home/soluctem/sistema.soluctem.com.co/api/submit.php on line 83
[30-Jun-2025 00:58:15 UTC] PHP Warning:  Undefined array key "fallaTerceros" in /home/soluctem/sistema.soluctem.com.co/api/submit.php on line 84
[30-Jun-2025 00:58:15 UTC] PHP Warning:  Undefined array key "fallaFabricacion" in /home/soluctem/sistema.soluctem.com.co/api/submit.php on line 85
[30-Jun-2025 00:58:15 UTC] PHP Warning:  Undefined array key "firma_digital_cliente" in /home/soluctem/sistema.soluctem.com.co/api/submit.php on line 86
[30-Jun-2025 00:58:15 UTC] PHP Warning:  Undefined array key "firma_digital_tecnico" in /home/soluctem/sistema.soluctem.com.co/api/submit.php on line 87
[01-Jul-2025 18:50:40 UTC] PHP Warning:  Undefined array key "nombreSolicitante" in /home/soluctem/sistema.soluctem.com.co/api/submit.php on line 28
[01-Jul-2025 18:50:40 UTC] PHP Warning:  Undefined array key "cargo" in /home/soluctem/sistema.soluctem.com.co/api/submit.php on line 29
[01-Jul-2025 18:50:40 UTC] PHP Warning:  Undefined array key "nombreTienda" in /home/soluctem/sistema.soluctem.com.co/api/submit.php on line 30
[01-Jul-2025 18:50:40 UTC] PHP Warning:  Undefined array key "numeroTienda" in /home/soluctem/sistema.soluctem.com.co/api/submit.php on line 31
[01-Jul-2025 18:50:40 UTC] PHP Warning:  Undefined array key "numeroTicket" in /home/soluctem/sistema.soluctem.com.co/api/submit.php on line 32
[01-Jul-2025 18:50:40 UTC] PHP Warning:  Undefined array key "fecha" in /home/soluctem/sistema.soluctem.com.co/api/submit.php on line 33
[01-Jul-2025 18:50:40 UTC] PHP Warning:  Undefined array key "municipio" in /home/soluctem/sistema.soluctem.com.co/api/submit.php on line 34
[01-Jul-2025 18:50:40 UTC] PHP Warning:  Undefined array key "departamento" in /home/soluctem/sistema.soluctem.com.co/api/submit.php on line 35
[01-Jul-2025 18:50:40 UTC] PHP Warning:  Undefined array key "nombreEquipo" in /home/soluctem/sistema.soluctem.com.co/api/submit.php on line 36
[01-Jul-2025 18:50:40 UTC] PHP Warning:  Undefined array key "marca" in /home/soluctem/sistema.soluctem.com.co/api/submit.php on line 37
[01-Jul-2025 18:50:40 UTC] PHP Warning:  Undefined array key "serial" in /home/soluctem/sistema.soluctem.com.co/api/submit.php on line 38
[01-Jul-2025 18:50:40 UTC] PHP Warning:  Undefined array key "descripcionFalla" in /home/soluctem/sistema.soluctem.com.co/api/submit.php on line 39
[01-Jul-2025 18:50:40 UTC] PHP Warning:  Undefined array key "diagnosticoTecnico" in /home/soluctem/sistema.soluctem.com.co/api/submit.php on line 40
[01-Jul-2025 18:50:40 UTC] PHP Warning:  Undefined array key "repuestosCambiados" in /home/soluctem/sistema.soluctem.com.co/api/submit.php on line 41
[01-Jul-2025 18:50:40 UTC] PHP Warning:  Undefined array key "observaciones" in /home/soluctem/sistema.soluctem.com.co/api/submit.php on line 42
[01-Jul-2025 18:50:40 UTC] PHP Warning:  Undefined array key "seguridadRiesgoAccidentalidad" in /home/soluctem/sistema.soluctem.com.co/api/submit.php on line 43
[01-Jul-2025 18:50:40 UTC] PHP Warning:  Undefined array key "seguridadRiesgoEquipo" in /home/soluctem/sistema.soluctem.com.co/api/submit.php on line 44
[01-Jul-2025 18:50:40 UTC] PHP Warning:  Undefined array key "funcionamientoFallaSolucionada" in /home/soluctem/sistema.soluctem.com.co/api/submit.php on line 45
[01-Jul-2025 18:50:40 UTC] PHP Warning:  Undefined array key "funcionamientoPasosNormales" in /home/soluctem/sistema.soluctem.com.co/api/submit.php on line 46
[01-Jul-2025 18:50:40 UTC] PHP Warning:  Undefined array key "calidadTrabajo" in /home/soluctem/sistema.soluctem.com.co/api/submit.php on line 47
[01-Jul-2025 18:50:40 UTC] PHP Warning:  Undefined array key "limpiezaOrganizacionArmado" in /home/soluctem/sistema.soluctem.com.co/api/submit.php on line 48
[01-Jul-2025 18:50:40 UTC] PHP Warning:  Undefined array key "limpiezaOrganizacionAseado" in /home/soluctem/sistema.soluctem.com.co/api/submit.php on line 49
[01-Jul-2025 18:50:40 UTC] PHP Warning:  Undefined array key "capacitacionCausa" in /home/soluctem/sistema.soluctem.com.co/api/submit.php on line 50
[01-Jul-2025 18:50:40 UTC] PHP Warning:  Undefined array key "capacitacionPrevencion" in /home/soluctem/sistema.soluctem.com.co/api/submit.php on line 51
[01-Jul-2025 18:50:40 UTC] PHP Warning:  Undefined array key "capacitacionAccion" in /home/soluctem/sistema.soluctem.com.co/api/submit.php on line 52
[01-Jul-2025 18:50:40 UTC] PHP Warning:  Undefined array key "contratista1" in /home/soluctem/sistema.soluctem.com.co/api/submit.php on line 53
[01-Jul-2025 18:50:40 UTC] PHP Warning:  Undefined array key "cedula1" in /home/soluctem/sistema.soluctem.com.co/api/submit.php on line 54
[01-Jul-2025 18:50:40 UTC] PHP Warning:  Undefined array key "horaEntrada1" in /home/soluctem/sistema.soluctem.com.co/api/submit.php on line 55
[01-Jul-2025 18:50:40 UTC] PHP Warning:  Undefined array key "horaSalida1" in /home/soluctem/sistema.soluctem.com.co/api/submit.php on line 56
[01-Jul-2025 18:50:40 UTC] PHP Warning:  Undefined array key "contratista2" in /home/soluctem/sistema.soluctem.com.co/api/submit.php on line 57
[01-Jul-2025 18:50:40 UTC] PHP Warning:  Undefined array key "cedula2" in /home/soluctem/sistema.soluctem.com.co/api/submit.php on line 58
[01-Jul-2025 18:50:40 UTC] PHP Warning:  Undefined array key "horaEntrada2" in /home/soluctem/sistema.soluctem.com.co/api/submit.php on line 59
[01-Jul-2025 18:50:40 UTC] PHP Warning:  Undefined array key "horaSalida2" in /home/soluctem/sistema.soluctem.com.co/api/submit.php on line 60
[01-Jul-2025 18:50:40 UTC] PHP Warning:  Undefined array key "contratista3" in /home/soluctem/sistema.soluctem.com.co/api/submit.php on line 61
[01-Jul-2025 18:50:40 UTC] PHP Warning:  Undefined array key "cedula3" in /home/soluctem/sistema.soluctem.com.co/api/submit.php on line 62
[01-Jul-2025 18:50:40 UTC] PHP Warning:  Undefined array key "horaEntrada3" in /home/soluctem/sistema.soluctem.com.co/api/submit.php on line 63
[01-Jul-2025 18:50:40 UTC] PHP Warning:  Undefined array key "horaSalida3" in /home/soluctem/sistema.soluctem.com.co/api/submit.php on line 64
[01-Jul-2025 18:50:40 UTC] PHP Warning:  Undefined array key "contratista4" in /home/soluctem/sistema.soluctem.com.co/api/submit.php on line 65
[01-Jul-2025 18:50:40 UTC] PHP Warning:  Undefined array key "cedula4" in /home/soluctem/sistema.soluctem.com.co/api/submit.php on line 66
[01-Jul-2025 18:50:40 UTC] PHP Warning:  Undefined array key "horaEntrada4" in /home/soluctem/sistema.soluctem.com.co/api/submit.php on line 67
[01-Jul-2025 18:50:40 UTC] PHP Warning:  Undefined array key "horaSalida4" in /home/soluctem/sistema.soluctem.com.co/api/submit.php on line 68
[01-Jul-2025 18:50:40 UTC] PHP Warning:  Undefined array key "nombreFuncionario" in /home/soluctem/sistema.soluctem.com.co/api/submit.php on line 69
[01-Jul-2025 18:50:40 UTC] PHP Warning:  Undefined array key "cedulaFuncionario" in /home/soluctem/sistema.soluctem.com.co/api/submit.php on line 70
[01-Jul-2025 18:50:40 UTC] PHP Warning:  Undefined array key "cargoFuncionario" in /home/soluctem/sistema.soluctem.com.co/api/submit.php on line 71
[01-Jul-2025 18:50:40 UTC] PHP Warning:  Undefined array key "sapFuncionario" in /home/soluctem/sistema.soluctem.com.co/api/submit.php on line 72
[01-Jul-2025 18:50:40 UTC] PHP Warning:  Undefined array key "timestamp" in /home/soluctem/sistema.soluctem.com.co/api/submit.php on line 73
[01-Jul-2025 18:50:40 UTC] PHP Warning:  Undefined array key "asistenciaReparacion" in /home/soluctem/sistema.soluctem.com.co/api/submit.php on line 74
[01-Jul-2025 18:50:40 UTC] PHP Warning:  Undefined array key "asistenciaGarantia" in /home/soluctem/sistema.soluctem.com.co/api/submit.php on line 75
[01-Jul-2025 18:50:40 UTC] PHP Warning:  Undefined array key "asistenciaAjuste" in /home/soluctem/sistema.soluctem.com.co/api/submit.php on line 76
[01-Jul-2025 18:50:40 UTC] PHP Warning:  Undefined array key "asistenciaModificacion" in /home/soluctem/sistema.soluctem.com.co/api/submit.php on line 77
[01-Jul-2025 18:50:40 UTC] PHP Warning:  Undefined array key "asistenciaServicio" in /home/soluctem/sistema.soluctem.com.co/api/submit.php on line 78
[01-Jul-2025 18:50:40 UTC] PHP Warning:  Undefined array key "asistenciaMejora" in /home/soluctem/sistema.soluctem.com.co/api/submit.php on line 79
[01-Jul-2025 18:50:40 UTC] PHP Warning:  Undefined array key "asistenciaCombinacion" in /home/soluctem/sistema.soluctem.com.co/api/submit.php on line 80
[01-Jul-2025 18:50:40 UTC] PHP Warning:  Undefined array key "fallaOperacion" in /home/soluctem/sistema.soluctem.com.co/api/submit.php on line 81
[01-Jul-2025 18:50:40 UTC] PHP Warning:  Undefined array key "fallaMecanica" in /home/soluctem/sistema.soluctem.com.co/api/submit.php on line 82
[01-Jul-2025 18:50:40 UTC] PHP Warning:  Undefined array key "fallaElectrica" in /home/soluctem/sistema.soluctem.com.co/api/submit.php on line 83
[01-Jul-2025 18:50:40 UTC] PHP Warning:  Undefined array key "fallaTerceros" in /home/soluctem/sistema.soluctem.com.co/api/submit.php on line 84
[01-Jul-2025 18:50:40 UTC] PHP Warning:  Undefined array key "fallaFabricacion" in /home/soluctem/sistema.soluctem.com.co/api/submit.php on line 85
[01-Jul-2025 18:50:40 UTC] PHP Warning:  Undefined array key "firma_digital_cliente" in /home/soluctem/sistema.soluctem.com.co/api/submit.php on line 86
[01-Jul-2025 18:50:40 UTC] PHP Warning:  Undefined array key "firma_digital_tecnico" in /home/soluctem/sistema.soluctem.com.co/api/submit.php on line 87
[01-Jul-2025 18:56:42 UTC] PHP Warning:  Undefined array key "nombreSolicitante" in /home/soluctem/sistema.soluctem.com.co/api/submit.php on line 28
[01-Jul-2025 18:56:42 UTC] PHP Warning:  Undefined array key "cargo" in /home/soluctem/sistema.soluctem.com.co/api/submit.php on line 29
[01-Jul-2025 18:56:42 UTC] PHP Warning:  Undefined array key "nombreTienda" in /home/soluctem/sistema.soluctem.com.co/api/submit.php on line 30
[01-Jul-2025 18:56:42 UTC] PHP Warning:  Undefined array key "numeroTienda" in /home/soluctem/sistema.soluctem.com.co/api/submit.php on line 31
[01-Jul-2025 18:56:42 UTC] PHP Warning:  Undefined array key "numeroTicket" in /home/soluctem/sistema.soluctem.com.co/api/submit.php on line 32
[01-Jul-2025 18:56:42 UTC] PHP Warning:  Undefined array key "fecha" in /home/soluctem/sistema.soluctem.com.co/api/submit.php on line 33
[01-Jul-2025 18:56:42 UTC] PHP Warning:  Undefined array key "municipio" in /home/soluctem/sistema.soluctem.com.co/api/submit.php on line 34
[01-Jul-2025 18:56:42 UTC] PHP Warning:  Undefined array key "departamento" in /home/soluctem/sistema.soluctem.com.co/api/submit.php on line 35
[01-Jul-2025 18:56:42 UTC] PHP Warning:  Undefined array key "nombreEquipo" in /home/soluctem/sistema.soluctem.com.co/api/submit.php on line 36
[01-Jul-2025 18:56:42 UTC] PHP Warning:  Undefined array key "marca" in /home/soluctem/sistema.soluctem.com.co/api/submit.php on line 37
[01-Jul-2025 18:56:42 UTC] PHP Warning:  Undefined array key "serial" in /home/soluctem/sistema.soluctem.com.co/api/submit.php on line 38
[01-Jul-2025 18:56:42 UTC] PHP Warning:  Undefined array key "descripcionFalla" in /home/soluctem/sistema.soluctem.com.co/api/submit.php on line 39
[01-Jul-2025 18:56:42 UTC] PHP Warning:  Undefined array key "diagnosticoTecnico" in /home/soluctem/sistema.soluctem.com.co/api/submit.php on line 40
[01-Jul-2025 18:56:42 UTC] PHP Warning:  Undefined array key "repuestosCambiados" in /home/soluctem/sistema.soluctem.com.co/api/submit.php on line 41
[01-Jul-2025 18:56:42 UTC] PHP Warning:  Undefined array key "observaciones" in /home/soluctem/sistema.soluctem.com.co/api/submit.php on line 42
[01-Jul-2025 18:56:42 UTC] PHP Warning:  Undefined array key "seguridadRiesgoAccidentalidad" in /home/soluctem/sistema.soluctem.com.co/api/submit.php on line 43
[01-Jul-2025 18:56:42 UTC] PHP Warning:  Undefined array key "seguridadRiesgoEquipo" in /home/soluctem/sistema.soluctem.com.co/api/submit.php on line 44
[01-Jul-2025 18:56:42 UTC] PHP Warning:  Undefined array key "funcionamientoFallaSolucionada" in /home/soluctem/sistema.soluctem.com.co/api/submit.php on line 45
[01-Jul-2025 18:56:42 UTC] PHP Warning:  Undefined array key "funcionamientoPasosNormales" in /home/soluctem/sistema.soluctem.com.co/api/submit.php on line 46
[01-Jul-2025 18:56:42 UTC] PHP Warning:  Undefined array key "calidadTrabajo" in /home/soluctem/sistema.soluctem.com.co/api/submit.php on line 47
[01-Jul-2025 18:56:42 UTC] PHP Warning:  Undefined array key "limpiezaOrganizacionArmado" in /home/soluctem/sistema.soluctem.com.co/api/submit.php on line 48
[01-Jul-2025 18:56:42 UTC] PHP Warning:  Undefined array key "limpiezaOrganizacionAseado" in /home/soluctem/sistema.soluctem.com.co/api/submit.php on line 49
[01-Jul-2025 18:56:42 UTC] PHP Warning:  Undefined array key "capacitacionCausa" in /home/soluctem/sistema.soluctem.com.co/api/submit.php on line 50
[01-Jul-2025 18:56:42 UTC] PHP Warning:  Undefined array key "capacitacionPrevencion" in /home/soluctem/sistema.soluctem.com.co/api/submit.php on line 51
[01-Jul-2025 18:56:42 UTC] PHP Warning:  Undefined array key "capacitacionAccion" in /home/soluctem/sistema.soluctem.com.co/api/submit.php on line 52
[01-Jul-2025 18:56:42 UTC] PHP Warning:  Undefined array key "contratista1" in /home/soluctem/sistema.soluctem.com.co/api/submit.php on line 53
[01-Jul-2025 18:56:42 UTC] PHP Warning:  Undefined array key "cedula1" in /home/soluctem/sistema.soluctem.com.co/api/submit.php on line 54
[01-Jul-2025 18:56:42 UTC] PHP Warning:  Undefined array key "horaEntrada1" in /home/soluctem/sistema.soluctem.com.co/api/submit.php on line 55
[01-Jul-2025 18:56:42 UTC] PHP Warning:  Undefined array key "horaSalida1" in /home/soluctem/sistema.soluctem.com.co/api/submit.php on line 56
[01-Jul-2025 18:56:42 UTC] PHP Warning:  Undefined array key "contratista2" in /home/soluctem/sistema.soluctem.com.co/api/submit.php on line 57
[01-Jul-2025 18:56:42 UTC] PHP Warning:  Undefined array key "cedula2" in /home/soluctem/sistema.soluctem.com.co/api/submit.php on line 58
[01-Jul-2025 18:56:42 UTC] PHP Warning:  Undefined array key "horaEntrada2" in /home/soluctem/sistema.soluctem.com.co/api/submit.php on line 59
[01-Jul-2025 18:56:42 UTC] PHP Warning:  Undefined array key "horaSalida2" in /home/soluctem/sistema.soluctem.com.co/api/submit.php on line 60
[01-Jul-2025 18:56:42 UTC] PHP Warning:  Undefined array key "contratista3" in /home/soluctem/sistema.soluctem.com.co/api/submit.php on line 61
[01-Jul-2025 18:56:42 UTC] PHP Warning:  Undefined array key "cedula3" in /home/soluctem/sistema.soluctem.com.co/api/submit.php on line 62
[01-Jul-2025 18:56:42 UTC] PHP Warning:  Undefined array key "horaEntrada3" in /home/soluctem/sistema.soluctem.com.co/api/submit.php on line 63
[01-Jul-2025 18:56:42 UTC] PHP Warning:  Undefined array key "horaSalida3" in /home/soluctem/sistema.soluctem.com.co/api/submit.php on line 64
[01-Jul-2025 18:56:42 UTC] PHP Warning:  Undefined array key "contratista4" in /home/soluctem/sistema.soluctem.com.co/api/submit.php on line 65
[01-Jul-2025 18:56:42 UTC] PHP Warning:  Undefined array key "cedula4" in /home/soluctem/sistema.soluctem.com.co/api/submit.php on line 66
[01-Jul-2025 18:56:42 UTC] PHP Warning:  Undefined array key "horaEntrada4" in /home/soluctem/sistema.soluctem.com.co/api/submit.php on line 67
[01-Jul-2025 18:56:42 UTC] PHP Warning:  Undefined array key "horaSalida4" in /home/soluctem/sistema.soluctem.com.co/api/submit.php on line 68
[01-Jul-2025 18:56:42 UTC] PHP Warning:  Undefined array key "nombreFuncionario" in /home/soluctem/sistema.soluctem.com.co/api/submit.php on line 69
[01-Jul-2025 18:56:42 UTC] PHP Warning:  Undefined array key "cedulaFuncionario" in /home/soluctem/sistema.soluctem.com.co/api/submit.php on line 70
[01-Jul-2025 18:56:42 UTC] PHP Warning:  Undefined array key "cargoFuncionario" in /home/soluctem/sistema.soluctem.com.co/api/submit.php on line 71
[01-Jul-2025 18:56:42 UTC] PHP Warning:  Undefined array key "sapFuncionario" in /home/soluctem/sistema.soluctem.com.co/api/submit.php on line 72
[01-Jul-2025 18:56:42 UTC] PHP Warning:  Undefined array key "timestamp" in /home/soluctem/sistema.soluctem.com.co/api/submit.php on line 73
[01-Jul-2025 18:56:42 UTC] PHP Warning:  Undefined array key "asistenciaReparacion" in /home/soluctem/sistema.soluctem.com.co/api/submit.php on line 74
[01-Jul-2025 18:56:42 UTC] PHP Warning:  Undefined array key "asistenciaGarantia" in /home/soluctem/sistema.soluctem.com.co/api/submit.php on line 75
[01-Jul-2025 18:56:42 UTC] PHP Warning:  Undefined array key "asistenciaAjuste" in /home/soluctem/sistema.soluctem.com.co/api/submit.php on line 76
[01-Jul-2025 18:56:42 UTC] PHP Warning:  Undefined array key "asistenciaModificacion" in /home/soluctem/sistema.soluctem.com.co/api/submit.php on line 77
[01-Jul-2025 18:56:42 UTC] PHP Warning:  Undefined array key "asistenciaServicio" in /home/soluctem/sistema.soluctem.com.co/api/submit.php on line 78
[01-Jul-2025 18:56:42 UTC] PHP Warning:  Undefined array key "asistenciaMejora" in /home/soluctem/sistema.soluctem.com.co/api/submit.php on line 79
[01-Jul-2025 18:56:42 UTC] PHP Warning:  Undefined array key "asistenciaCombinacion" in /home/soluctem/sistema.soluctem.com.co/api/submit.php on line 80
[01-Jul-2025 18:56:42 UTC] PHP Warning:  Undefined array key "fallaOperacion" in /home/soluctem/sistema.soluctem.com.co/api/submit.php on line 81
[01-Jul-2025 18:56:42 UTC] PHP Warning:  Undefined array key "fallaMecanica" in /home/soluctem/sistema.soluctem.com.co/api/submit.php on line 82
[01-Jul-2025 18:56:42 UTC] PHP Warning:  Undefined array key "fallaElectrica" in /home/soluctem/sistema.soluctem.com.co/api/submit.php on line 83
[01-Jul-2025 18:56:42 UTC] PHP Warning:  Undefined array key "fallaTerceros" in /home/soluctem/sistema.soluctem.com.co/api/submit.php on line 84
[01-Jul-2025 18:56:42 UTC] PHP Warning:  Undefined array key "fallaFabricacion" in /home/soluctem/sistema.soluctem.com.co/api/submit.php on line 85
[01-Jul-2025 18:56:42 UTC] PHP Warning:  Undefined array key "firma_digital_cliente" in /home/soluctem/sistema.soluctem.com.co/api/submit.php on line 86
[01-Jul-2025 18:56:42 UTC] PHP Warning:  Undefined array key "firma_digital_tecnico" in /home/soluctem/sistema.soluctem.com.co/api/submit.php on line 87
[02-Jul-2025 03:50:56 UTC] PHP Warning:  Undefined array key "nombreSolicitante" in /home/soluctem/sistema.soluctem.com.co/api/submit.php on line 28
[02-Jul-2025 03:50:56 UTC] PHP Warning:  Undefined array key "cargo" in /home/soluctem/sistema.soluctem.com.co/api/submit.php on line 29
[02-Jul-2025 03:50:56 UTC] PHP Warning:  Undefined array key "nombreTienda" in /home/soluctem/sistema.soluctem.com.co/api/submit.php on line 30
[02-Jul-2025 03:50:56 UTC] PHP Warning:  Undefined array key "numeroTienda" in /home/soluctem/sistema.soluctem.com.co/api/submit.php on line 31
[02-Jul-2025 03:50:56 UTC] PHP Warning:  Undefined array key "numeroTicket" in /home/soluctem/sistema.soluctem.com.co/api/submit.php on line 32
[02-Jul-2025 03:50:56 UTC] PHP Warning:  Undefined array key "fecha" in /home/soluctem/sistema.soluctem.com.co/api/submit.php on line 33
[02-Jul-2025 03:50:56 UTC] PHP Warning:  Undefined array key "municipio" in /home/soluctem/sistema.soluctem.com.co/api/submit.php on line 34
[02-Jul-2025 03:50:56 UTC] PHP Warning:  Undefined array key "departamento" in /home/soluctem/sistema.soluctem.com.co/api/submit.php on line 35
[02-Jul-2025 03:50:56 UTC] PHP Warning:  Undefined array key "nombreEquipo" in /home/soluctem/sistema.soluctem.com.co/api/submit.php on line 36
[02-Jul-2025 03:50:56 UTC] PHP Warning:  Undefined array key "marca" in /home/soluctem/sistema.soluctem.com.co/api/submit.php on line 37
[02-Jul-2025 03:50:56 UTC] PHP Warning:  Undefined array key "serial" in /home/soluctem/sistema.soluctem.com.co/api/submit.php on line 38
[02-Jul-2025 03:50:56 UTC] PHP Warning:  Undefined array key "descripcionFalla" in /home/soluctem/sistema.soluctem.com.co/api/submit.php on line 39
[02-Jul-2025 03:50:56 UTC] PHP Warning:  Undefined array key "diagnosticoTecnico" in /home/soluctem/sistema.soluctem.com.co/api/submit.php on line 40
[02-Jul-2025 03:50:56 UTC] PHP Warning:  Undefined array key "repuestosCambiados" in /home/soluctem/sistema.soluctem.com.co/api/submit.php on line 41
[02-Jul-2025 03:50:56 UTC] PHP Warning:  Undefined array key "observaciones" in /home/soluctem/sistema.soluctem.com.co/api/submit.php on line 42
[02-Jul-2025 03:50:56 UTC] PHP Warning:  Undefined array key "seguridadRiesgoAccidentalidad" in /home/soluctem/sistema.soluctem.com.co/api/submit.php on line 43
[02-Jul-2025 03:50:56 UTC] PHP Warning:  Undefined array key "seguridadRiesgoEquipo" in /home/soluctem/sistema.soluctem.com.co/api/submit.php on line 44
[02-Jul-2025 03:50:56 UTC] PHP Warning:  Undefined array key "funcionamientoFallaSolucionada" in /home/soluctem/sistema.soluctem.com.co/api/submit.php on line 45
[02-Jul-2025 03:50:56 UTC] PHP Warning:  Undefined array key "funcionamientoPasosNormales" in /home/soluctem/sistema.soluctem.com.co/api/submit.php on line 46
[02-Jul-2025 03:50:56 UTC] PHP Warning:  Undefined array key "calidadTrabajo" in /home/soluctem/sistema.soluctem.com.co/api/submit.php on line 47
[02-Jul-2025 03:50:56 UTC] PHP Warning:  Undefined array key "limpiezaOrganizacionArmado" in /home/soluctem/sistema.soluctem.com.co/api/submit.php on line 48
[02-Jul-2025 03:50:56 UTC] PHP Warning:  Undefined array key "limpiezaOrganizacionAseado" in /home/soluctem/sistema.soluctem.com.co/api/submit.php on line 49
[02-Jul-2025 03:50:56 UTC] PHP Warning:  Undefined array key "capacitacionCausa" in /home/soluctem/sistema.soluctem.com.co/api/submit.php on line 50
[02-Jul-2025 03:50:56 UTC] PHP Warning:  Undefined array key "capacitacionPrevencion" in /home/soluctem/sistema.soluctem.com.co/api/submit.php on line 51
[02-Jul-2025 03:50:56 UTC] PHP Warning:  Undefined array key "capacitacionAccion" in /home/soluctem/sistema.soluctem.com.co/api/submit.php on line 52
[02-Jul-2025 03:50:56 UTC] PHP Warning:  Undefined array key "contratista1" in /home/soluctem/sistema.soluctem.com.co/api/submit.php on line 53
[02-Jul-2025 03:50:56 UTC] PHP Warning:  Undefined array key "cedula1" in /home/soluctem/sistema.soluctem.com.co/api/submit.php on line 54
[02-Jul-2025 03:50:56 UTC] PHP Warning:  Undefined array key "horaEntrada1" in /home/soluctem/sistema.soluctem.com.co/api/submit.php on line 55
[02-Jul-2025 03:50:56 UTC] PHP Warning:  Undefined array key "horaSalida1" in /home/soluctem/sistema.soluctem.com.co/api/submit.php on line 56
[02-Jul-2025 03:50:56 UTC] PHP Warning:  Undefined array key "contratista2" in /home/soluctem/sistema.soluctem.com.co/api/submit.php on line 57
[02-Jul-2025 03:50:56 UTC] PHP Warning:  Undefined array key "cedula2" in /home/soluctem/sistema.soluctem.com.co/api/submit.php on line 58
[02-Jul-2025 03:50:56 UTC] PHP Warning:  Undefined array key "horaEntrada2" in /home/soluctem/sistema.soluctem.com.co/api/submit.php on line 59
[02-Jul-2025 03:50:56 UTC] PHP Warning:  Undefined array key "horaSalida2" in /home/soluctem/sistema.soluctem.com.co/api/submit.php on line 60
[02-Jul-2025 03:50:56 UTC] PHP Warning:  Undefined array key "contratista3" in /home/soluctem/sistema.soluctem.com.co/api/submit.php on line 61
[02-Jul-2025 03:50:56 UTC] PHP Warning:  Undefined array key "cedula3" in /home/soluctem/sistema.soluctem.com.co/api/submit.php on line 62
[02-Jul-2025 03:50:56 UTC] PHP Warning:  Undefined array key "horaEntrada3" in /home/soluctem/sistema.soluctem.com.co/api/submit.php on line 63
[02-Jul-2025 03:50:56 UTC] PHP Warning:  Undefined array key "horaSalida3" in /home/soluctem/sistema.soluctem.com.co/api/submit.php on line 64
[02-Jul-2025 03:50:56 UTC] PHP Warning:  Undefined array key "contratista4" in /home/soluctem/sistema.soluctem.com.co/api/submit.php on line 65
[02-Jul-2025 03:50:56 UTC] PHP Warning:  Undefined array key "cedula4" in /home/soluctem/sistema.soluctem.com.co/api/submit.php on line 66
[02-Jul-2025 03:50:56 UTC] PHP Warning:  Undefined array key "horaEntrada4" in /home/soluctem/sistema.soluctem.com.co/api/submit.php on line 67
[02-Jul-2025 03:50:56 UTC] PHP Warning:  Undefined array key "horaSalida4" in /home/soluctem/sistema.soluctem.com.co/api/submit.php on line 68
[02-Jul-2025 03:50:56 UTC] PHP Warning:  Undefined array key "nombreFuncionario" in /home/soluctem/sistema.soluctem.com.co/api/submit.php on line 69
[02-Jul-2025 03:50:56 UTC] PHP Warning:  Undefined array key "cedulaFuncionario" in /home/soluctem/sistema.soluctem.com.co/api/submit.php on line 70
[02-Jul-2025 03:50:56 UTC] PHP Warning:  Undefined array key "cargoFuncionario" in /home/soluctem/sistema.soluctem.com.co/api/submit.php on line 71
[02-Jul-2025 03:50:56 UTC] PHP Warning:  Undefined array key "sapFuncionario" in /home/soluctem/sistema.soluctem.com.co/api/submit.php on line 72
[02-Jul-2025 03:50:56 UTC] PHP Warning:  Undefined array key "timestamp" in /home/soluctem/sistema.soluctem.com.co/api/submit.php on line 73
[02-Jul-2025 03:50:56 UTC] PHP Warning:  Undefined array key "asistenciaReparacion" in /home/soluctem/sistema.soluctem.com.co/api/submit.php on line 74
[02-Jul-2025 03:50:56 UTC] PHP Warning:  Undefined array key "asistenciaGarantia" in /home/soluctem/sistema.soluctem.com.co/api/submit.php on line 75
[02-Jul-2025 03:50:56 UTC] PHP Warning:  Undefined array key "asistenciaAjuste" in /home/soluctem/sistema.soluctem.com.co/api/submit.php on line 76
[02-Jul-2025 03:50:56 UTC] PHP Warning:  Undefined array key "asistenciaModificacion" in /home/soluctem/sistema.soluctem.com.co/api/submit.php on line 77
[02-Jul-2025 03:50:56 UTC] PHP Warning:  Undefined array key "asistenciaServicio" in /home/soluctem/sistema.soluctem.com.co/api/submit.php on line 78
[02-Jul-2025 03:50:56 UTC] PHP Warning:  Undefined array key "asistenciaMejora" in /home/soluctem/sistema.soluctem.com.co/api/submit.php on line 79
[02-Jul-2025 03:50:56 UTC] PHP Warning:  Undefined array key "asistenciaCombinacion" in /home/soluctem/sistema.soluctem.com.co/api/submit.php on line 80
[02-Jul-2025 03:50:56 UTC] PHP Warning:  Undefined array key "fallaOperacion" in /home/soluctem/sistema.soluctem.com.co/api/submit.php on line 81
[02-Jul-2025 03:50:56 UTC] PHP Warning:  Undefined array key "fallaMecanica" in /home/soluctem/sistema.soluctem.com.co/api/submit.php on line 82
[02-Jul-2025 03:50:56 UTC] PHP Warning:  Undefined array key "fallaElectrica" in /home/soluctem/sistema.soluctem.com.co/api/submit.php on line 83
[02-Jul-2025 03:50:56 UTC] PHP Warning:  Undefined array key "fallaTerceros" in /home/soluctem/sistema.soluctem.com.co/api/submit.php on line 84
[02-Jul-2025 03:50:56 UTC] PHP Warning:  Undefined array key "fallaFabricacion" in /home/soluctem/sistema.soluctem.com.co/api/submit.php on line 85
[02-Jul-2025 03:50:56 UTC] PHP Warning:  Undefined array key "firma_digital_cliente" in /home/soluctem/sistema.soluctem.com.co/api/submit.php on line 86
[02-Jul-2025 03:50:56 UTC] PHP Warning:  Undefined array key "firma_digital_tecnico" in /home/soluctem/sistema.soluctem.com.co/api/submit.php on line 87
[12-Jul-2025 13:33:41 UTC] PHP Warning:  Undefined array key "nombreSolicitante" in /home/soluctem/sistema.soluctem.com.co/api/submit.php on line 28
[12-Jul-2025 13:33:41 UTC] PHP Warning:  Undefined array key "cargo" in /home/soluctem/sistema.soluctem.com.co/api/submit.php on line 29
[12-Jul-2025 13:33:41 UTC] PHP Warning:  Undefined array key "nombreTienda" in /home/soluctem/sistema.soluctem.com.co/api/submit.php on line 30
[12-Jul-2025 13:33:41 UTC] PHP Warning:  Undefined array key "numeroTienda" in /home/soluctem/sistema.soluctem.com.co/api/submit.php on line 31
[12-Jul-2025 13:33:41 UTC] PHP Warning:  Undefined array key "numeroTicket" in /home/soluctem/sistema.soluctem.com.co/api/submit.php on line 32
[12-Jul-2025 13:33:41 UTC] PHP Warning:  Undefined array key "fecha" in /home/soluctem/sistema.soluctem.com.co/api/submit.php on line 33
[12-Jul-2025 13:33:41 UTC] PHP Warning:  Undefined array key "municipio" in /home/soluctem/sistema.soluctem.com.co/api/submit.php on line 34
[12-Jul-2025 13:33:41 UTC] PHP Warning:  Undefined array key "departamento" in /home/soluctem/sistema.soluctem.com.co/api/submit.php on line 35
[12-Jul-2025 13:33:41 UTC] PHP Warning:  Undefined array key "nombreEquipo" in /home/soluctem/sistema.soluctem.com.co/api/submit.php on line 36
[12-Jul-2025 13:33:41 UTC] PHP Warning:  Undefined array key "marca" in /home/soluctem/sistema.soluctem.com.co/api/submit.php on line 37
[12-Jul-2025 13:33:41 UTC] PHP Warning:  Undefined array key "serial" in /home/soluctem/sistema.soluctem.com.co/api/submit.php on line 38
[12-Jul-2025 13:33:41 UTC] PHP Warning:  Undefined array key "descripcionFalla" in /home/soluctem/sistema.soluctem.com.co/api/submit.php on line 39
[12-Jul-2025 13:33:41 UTC] PHP Warning:  Undefined array key "diagnosticoTecnico" in /home/soluctem/sistema.soluctem.com.co/api/submit.php on line 40
[12-Jul-2025 13:33:41 UTC] PHP Warning:  Undefined array key "repuestosCambiados" in /home/soluctem/sistema.soluctem.com.co/api/submit.php on line 41
[12-Jul-2025 13:33:41 UTC] PHP Warning:  Undefined array key "observaciones" in /home/soluctem/sistema.soluctem.com.co/api/submit.php on line 42
[12-Jul-2025 13:33:41 UTC] PHP Warning:  Undefined array key "seguridadRiesgoAccidentalidad" in /home/soluctem/sistema.soluctem.com.co/api/submit.php on line 43
[12-Jul-2025 13:33:41 UTC] PHP Warning:  Undefined array key "seguridadRiesgoEquipo" in /home/soluctem/sistema.soluctem.com.co/api/submit.php on line 44
[12-Jul-2025 13:33:41 UTC] PHP Warning:  Undefined array key "funcionamientoFallaSolucionada" in /home/soluctem/sistema.soluctem.com.co/api/submit.php on line 45
[12-Jul-2025 13:33:41 UTC] PHP Warning:  Undefined array key "funcionamientoPasosNormales" in /home/soluctem/sistema.soluctem.com.co/api/submit.php on line 46
[12-Jul-2025 13:33:41 UTC] PHP Warning:  Undefined array key "calidadTrabajo" in /home/soluctem/sistema.soluctem.com.co/api/submit.php on line 47
[12-Jul-2025 13:33:41 UTC] PHP Warning:  Undefined array key "limpiezaOrganizacionArmado" in /home/soluctem/sistema.soluctem.com.co/api/submit.php on line 48
[12-Jul-2025 13:33:41 UTC] PHP Warning:  Undefined array key "limpiezaOrganizacionAseado" in /home/soluctem/sistema.soluctem.com.co/api/submit.php on line 49
[12-Jul-2025 13:33:41 UTC] PHP Warning:  Undefined array key "capacitacionCausa" in /home/soluctem/sistema.soluctem.com.co/api/submit.php on line 50
[12-Jul-2025 13:33:41 UTC] PHP Warning:  Undefined array key "capacitacionPrevencion" in /home/soluctem/sistema.soluctem.com.co/api/submit.php on line 51
[12-Jul-2025 13:33:41 UTC] PHP Warning:  Undefined array key "capacitacionAccion" in /home/soluctem/sistema.soluctem.com.co/api/submit.php on line 52
[12-Jul-2025 13:33:41 UTC] PHP Warning:  Undefined array key "contratista1" in /home/soluctem/sistema.soluctem.com.co/api/submit.php on line 53
[12-Jul-2025 13:33:41 UTC] PHP Warning:  Undefined array key "cedula1" in /home/soluctem/sistema.soluctem.com.co/api/submit.php on line 54
[12-Jul-2025 13:33:41 UTC] PHP Warning:  Undefined array key "horaEntrada1" in /home/soluctem/sistema.soluctem.com.co/api/submit.php on line 55
[12-Jul-2025 13:33:41 UTC] PHP Warning:  Undefined array key "horaSalida1" in /home/soluctem/sistema.soluctem.com.co/api/submit.php on line 56
[12-Jul-2025 13:33:41 UTC] PHP Warning:  Undefined array key "contratista2" in /home/soluctem/sistema.soluctem.com.co/api/submit.php on line 57
[12-Jul-2025 13:33:41 UTC] PHP Warning:  Undefined array key "cedula2" in /home/soluctem/sistema.soluctem.com.co/api/submit.php on line 58
[12-Jul-2025 13:33:41 UTC] PHP Warning:  Undefined array key "horaEntrada2" in /home/soluctem/sistema.soluctem.com.co/api/submit.php on line 59
[12-Jul-2025 13:33:41 UTC] PHP Warning:  Undefined array key "horaSalida2" in /home/soluctem/sistema.soluctem.com.co/api/submit.php on line 60
[12-Jul-2025 13:33:41 UTC] PHP Warning:  Undefined array key "contratista3" in /home/soluctem/sistema.soluctem.com.co/api/submit.php on line 61
[12-Jul-2025 13:33:41 UTC] PHP Warning:  Undefined array key "cedula3" in /home/soluctem/sistema.soluctem.com.co/api/submit.php on line 62
[12-Jul-2025 13:33:41 UTC] PHP Warning:  Undefined array key "horaEntrada3" in /home/soluctem/sistema.soluctem.com.co/api/submit.php on line 63
[12-Jul-2025 13:33:41 UTC] PHP Warning:  Undefined array key "horaSalida3" in /home/soluctem/sistema.soluctem.com.co/api/submit.php on line 64
[12-Jul-2025 13:33:41 UTC] PHP Warning:  Undefined array key "contratista4" in /home/soluctem/sistema.soluctem.com.co/api/submit.php on line 65
[12-Jul-2025 13:33:41 UTC] PHP Warning:  Undefined array key "cedula4" in /home/soluctem/sistema.soluctem.com.co/api/submit.php on line 66
[12-Jul-2025 13:33:41 UTC] PHP Warning:  Undefined array key "horaEntrada4" in /home/soluctem/sistema.soluctem.com.co/api/submit.php on line 67
[12-Jul-2025 13:33:41 UTC] PHP Warning:  Undefined array key "horaSalida4" in /home/soluctem/sistema.soluctem.com.co/api/submit.php on line 68
[12-Jul-2025 13:33:41 UTC] PHP Warning:  Undefined array key "nombreFuncionario" in /home/soluctem/sistema.soluctem.com.co/api/submit.php on line 69
[12-Jul-2025 13:33:41 UTC] PHP Warning:  Undefined array key "cedulaFuncionario" in /home/soluctem/sistema.soluctem.com.co/api/submit.php on line 70
[12-Jul-2025 13:33:41 UTC] PHP Warning:  Undefined array key "cargoFuncionario" in /home/soluctem/sistema.soluctem.com.co/api/submit.php on line 71
[12-Jul-2025 13:33:41 UTC] PHP Warning:  Undefined array key "sapFuncionario" in /home/soluctem/sistema.soluctem.com.co/api/submit.php on line 72
[12-Jul-2025 13:33:41 UTC] PHP Warning:  Undefined array key "timestamp" in /home/soluctem/sistema.soluctem.com.co/api/submit.php on line 73
[12-Jul-2025 13:33:41 UTC] PHP Warning:  Undefined array key "asistenciaReparacion" in /home/soluctem/sistema.soluctem.com.co/api/submit.php on line 74
[12-Jul-2025 13:33:41 UTC] PHP Warning:  Undefined array key "asistenciaGarantia" in /home/soluctem/sistema.soluctem.com.co/api/submit.php on line 75
[12-Jul-2025 13:33:41 UTC] PHP Warning:  Undefined array key "asistenciaAjuste" in /home/soluctem/sistema.soluctem.com.co/api/submit.php on line 76
[12-Jul-2025 13:33:41 UTC] PHP Warning:  Undefined array key "asistenciaModificacion" in /home/soluctem/sistema.soluctem.com.co/api/submit.php on line 77
[12-Jul-2025 13:33:41 UTC] PHP Warning:  Undefined array key "asistenciaServicio" in /home/soluctem/sistema.soluctem.com.co/api/submit.php on line 78
[12-Jul-2025 13:33:41 UTC] PHP Warning:  Undefined array key "asistenciaMejora" in /home/soluctem/sistema.soluctem.com.co/api/submit.php on line 79
[12-Jul-2025 13:33:41 UTC] PHP Warning:  Undefined array key "asistenciaCombinacion" in /home/soluctem/sistema.soluctem.com.co/api/submit.php on line 80
[12-Jul-2025 13:33:41 UTC] PHP Warning:  Undefined array key "fallaOperacion" in /home/soluctem/sistema.soluctem.com.co/api/submit.php on line 81
[12-Jul-2025 13:33:41 UTC] PHP Warning:  Undefined array key "fallaMecanica" in /home/soluctem/sistema.soluctem.com.co/api/submit.php on line 82
[12-Jul-2025 13:33:41 UTC] PHP Warning:  Undefined array key "fallaElectrica" in /home/soluctem/sistema.soluctem.com.co/api/submit.php on line 83
[12-Jul-2025 13:33:41 UTC] PHP Warning:  Undefined array key "fallaTerceros" in /home/soluctem/sistema.soluctem.com.co/api/submit.php on line 84
[12-Jul-2025 13:33:41 UTC] PHP Warning:  Undefined array key "fallaFabricacion" in /home/soluctem/sistema.soluctem.com.co/api/submit.php on line 85
[12-Jul-2025 13:33:41 UTC] PHP Warning:  Undefined array key "firma_digital_cliente" in /home/soluctem/sistema.soluctem.com.co/api/submit.php on line 86
[12-Jul-2025 13:33:41 UTC] PHP Warning:  Undefined array key "firma_digital_tecnico" in /home/soluctem/sistema.soluctem.com.co/api/submit.php on line 87
[12-Jul-2025 14:14:46 UTC] PHP Warning:  Undefined array key "nombreSolicitante" in /home/soluctem/sistema.soluctem.com.co/api/submit.php on line 28
[12-Jul-2025 14:14:46 UTC] PHP Warning:  Undefined array key "cargo" in /home/soluctem/sistema.soluctem.com.co/api/submit.php on line 29
[12-Jul-2025 14:14:46 UTC] PHP Warning:  Undefined array key "nombreTienda" in /home/soluctem/sistema.soluctem.com.co/api/submit.php on line 30
[12-Jul-2025 14:14:46 UTC] PHP Warning:  Undefined array key "numeroTienda" in /home/soluctem/sistema.soluctem.com.co/api/submit.php on line 31
[12-Jul-2025 14:14:46 UTC] PHP Warning:  Undefined array key "numeroTicket" in /home/soluctem/sistema.soluctem.com.co/api/submit.php on line 32
[12-Jul-2025 14:14:46 UTC] PHP Warning:  Undefined array key "fecha" in /home/soluctem/sistema.soluctem.com.co/api/submit.php on line 33
[12-Jul-2025 14:14:46 UTC] PHP Warning:  Undefined array key "municipio" in /home/soluctem/sistema.soluctem.com.co/api/submit.php on line 34
[12-Jul-2025 14:14:46 UTC] PHP Warning:  Undefined array key "departamento" in /home/soluctem/sistema.soluctem.com.co/api/submit.php on line 35
[12-Jul-2025 14:14:46 UTC] PHP Warning:  Undefined array key "nombreEquipo" in /home/soluctem/sistema.soluctem.com.co/api/submit.php on line 36
[12-Jul-2025 14:14:46 UTC] PHP Warning:  Undefined array key "marca" in /home/soluctem/sistema.soluctem.com.co/api/submit.php on line 37
[12-Jul-2025 14:14:46 UTC] PHP Warning:  Undefined array key "serial" in /home/soluctem/sistema.soluctem.com.co/api/submit.php on line 38
[12-Jul-2025 14:14:46 UTC] PHP Warning:  Undefined array key "descripcionFalla" in /home/soluctem/sistema.soluctem.com.co/api/submit.php on line 39
[12-Jul-2025 14:14:46 UTC] PHP Warning:  Undefined array key "diagnosticoTecnico" in /home/soluctem/sistema.soluctem.com.co/api/submit.php on line 40
[12-Jul-2025 14:14:46 UTC] PHP Warning:  Undefined array key "repuestosCambiados" in /home/soluctem/sistema.soluctem.com.co/api/submit.php on line 41
[12-Jul-2025 14:14:46 UTC] PHP Warning:  Undefined array key "observaciones" in /home/soluctem/sistema.soluctem.com.co/api/submit.php on line 42
[12-Jul-2025 14:14:46 UTC] PHP Warning:  Undefined array key "seguridadRiesgoAccidentalidad" in /home/soluctem/sistema.soluctem.com.co/api/submit.php on line 43
[12-Jul-2025 14:14:46 UTC] PHP Warning:  Undefined array key "seguridadRiesgoEquipo" in /home/soluctem/sistema.soluctem.com.co/api/submit.php on line 44
[12-Jul-2025 14:14:46 UTC] PHP Warning:  Undefined array key "funcionamientoFallaSolucionada" in /home/soluctem/sistema.soluctem.com.co/api/submit.php on line 45
[12-Jul-2025 14:14:46 UTC] PHP Warning:  Undefined array key "funcionamientoPasosNormales" in /home/soluctem/sistema.soluctem.com.co/api/submit.php on line 46
[12-Jul-2025 14:14:46 UTC] PHP Warning:  Undefined array key "calidadTrabajo" in /home/soluctem/sistema.soluctem.com.co/api/submit.php on line 47
[12-Jul-2025 14:14:46 UTC] PHP Warning:  Undefined array key "limpiezaOrganizacionArmado" in /home/soluctem/sistema.soluctem.com.co/api/submit.php on line 48
[12-Jul-2025 14:14:46 UTC] PHP Warning:  Undefined array key "limpiezaOrganizacionAseado" in /home/soluctem/sistema.soluctem.com.co/api/submit.php on line 49
[12-Jul-2025 14:14:46 UTC] PHP Warning:  Undefined array key "capacitacionCausa" in /home/soluctem/sistema.soluctem.com.co/api/submit.php on line 50
[12-Jul-2025 14:14:46 UTC] PHP Warning:  Undefined array key "capacitacionPrevencion" in /home/soluctem/sistema.soluctem.com.co/api/submit.php on line 51
[12-Jul-2025 14:14:46 UTC] PHP Warning:  Undefined array key "capacitacionAccion" in /home/soluctem/sistema.soluctem.com.co/api/submit.php on line 52
[12-Jul-2025 14:14:46 UTC] PHP Warning:  Undefined array key "contratista1" in /home/soluctem/sistema.soluctem.com.co/api/submit.php on line 53
[12-Jul-2025 14:14:46 UTC] PHP Warning:  Undefined array key "cedula1" in /home/soluctem/sistema.soluctem.com.co/api/submit.php on line 54
[12-Jul-2025 14:14:46 UTC] PHP Warning:  Undefined array key "horaEntrada1" in /home/soluctem/sistema.soluctem.com.co/api/submit.php on line 55
[12-Jul-2025 14:14:46 UTC] PHP Warning:  Undefined array key "horaSalida1" in /home/soluctem/sistema.soluctem.com.co/api/submit.php on line 56
[12-Jul-2025 14:14:46 UTC] PHP Warning:  Undefined array key "contratista2" in /home/soluctem/sistema.soluctem.com.co/api/submit.php on line 57
[12-Jul-2025 14:14:46 UTC] PHP Warning:  Undefined array key "cedula2" in /home/soluctem/sistema.soluctem.com.co/api/submit.php on line 58
[12-Jul-2025 14:14:46 UTC] PHP Warning:  Undefined array key "horaEntrada2" in /home/soluctem/sistema.soluctem.com.co/api/submit.php on line 59
[12-Jul-2025 14:14:46 UTC] PHP Warning:  Undefined array key "horaSalida2" in /home/soluctem/sistema.soluctem.com.co/api/submit.php on line 60
[12-Jul-2025 14:14:46 UTC] PHP Warning:  Undefined array key "contratista3" in /home/soluctem/sistema.soluctem.com.co/api/submit.php on line 61
[12-Jul-2025 14:14:46 UTC] PHP Warning:  Undefined array key "cedula3" in /home/soluctem/sistema.soluctem.com.co/api/submit.php on line 62
[12-Jul-2025 14:14:46 UTC] PHP Warning:  Undefined array key "horaEntrada3" in /home/soluctem/sistema.soluctem.com.co/api/submit.php on line 63
[12-Jul-2025 14:14:46 UTC] PHP Warning:  Undefined array key "horaSalida3" in /home/soluctem/sistema.soluctem.com.co/api/submit.php on line 64
[12-Jul-2025 14:14:46 UTC] PHP Warning:  Undefined array key "contratista4" in /home/soluctem/sistema.soluctem.com.co/api/submit.php on line 65
[12-Jul-2025 14:14:46 UTC] PHP Warning:  Undefined array key "cedula4" in /home/soluctem/sistema.soluctem.com.co/api/submit.php on line 66
[12-Jul-2025 14:14:46 UTC] PHP Warning:  Undefined array key "horaEntrada4" in /home/soluctem/sistema.soluctem.com.co/api/submit.php on line 67
[12-Jul-2025 14:14:46 UTC] PHP Warning:  Undefined array key "horaSalida4" in /home/soluctem/sistema.soluctem.com.co/api/submit.php on line 68
[12-Jul-2025 14:14:46 UTC] PHP Warning:  Undefined array key "nombreFuncionario" in /home/soluctem/sistema.soluctem.com.co/api/submit.php on line 69
[12-Jul-2025 14:14:46 UTC] PHP Warning:  Undefined array key "cedulaFuncionario" in /home/soluctem/sistema.soluctem.com.co/api/submit.php on line 70
[12-Jul-2025 14:14:46 UTC] PHP Warning:  Undefined array key "cargoFuncionario" in /home/soluctem/sistema.soluctem.com.co/api/submit.php on line 71
[12-Jul-2025 14:14:46 UTC] PHP Warning:  Undefined array key "sapFuncionario" in /home/soluctem/sistema.soluctem.com.co/api/submit.php on line 72
[12-Jul-2025 14:14:46 UTC] PHP Warning:  Undefined array key "timestamp" in /home/soluctem/sistema.soluctem.com.co/api/submit.php on line 73
[12-Jul-2025 14:14:46 UTC] PHP Warning:  Undefined array key "asistenciaReparacion" in /home/soluctem/sistema.soluctem.com.co/api/submit.php on line 74
[12-Jul-2025 14:14:46 UTC] PHP Warning:  Undefined array key "asistenciaGarantia" in /home/soluctem/sistema.soluctem.com.co/api/submit.php on line 75
[12-Jul-2025 14:14:46 UTC] PHP Warning:  Undefined array key "asistenciaAjuste" in /home/soluctem/sistema.soluctem.com.co/api/submit.php on line 76
[12-Jul-2025 14:14:46 UTC] PHP Warning:  Undefined array key "asistenciaModificacion" in /home/soluctem/sistema.soluctem.com.co/api/submit.php on line 77
[12-Jul-2025 14:14:46 UTC] PHP Warning:  Undefined array key "asistenciaServicio" in /home/soluctem/sistema.soluctem.com.co/api/submit.php on line 78
[12-Jul-2025 14:14:46 UTC] PHP Warning:  Undefined array key "asistenciaMejora" in /home/soluctem/sistema.soluctem.com.co/api/submit.php on line 79
[12-Jul-2025 14:14:46 UTC] PHP Warning:  Undefined array key "asistenciaCombinacion" in /home/soluctem/sistema.soluctem.com.co/api/submit.php on line 80
[12-Jul-2025 14:14:46 UTC] PHP Warning:  Undefined array key "fallaOperacion" in /home/soluctem/sistema.soluctem.com.co/api/submit.php on line 81
[12-Jul-2025 14:14:46 UTC] PHP Warning:  Undefined array key "fallaMecanica" in /home/soluctem/sistema.soluctem.com.co/api/submit.php on line 82
[12-Jul-2025 14:14:46 UTC] PHP Warning:  Undefined array key "fallaElectrica" in /home/soluctem/sistema.soluctem.com.co/api/submit.php on line 83
[12-Jul-2025 14:14:46 UTC] PHP Warning:  Undefined array key "fallaTerceros" in /home/soluctem/sistema.soluctem.com.co/api/submit.php on line 84
[12-Jul-2025 14:14:46 UTC] PHP Warning:  Undefined array key "fallaFabricacion" in /home/soluctem/sistema.soluctem.com.co/api/submit.php on line 85
[12-Jul-2025 14:14:46 UTC] PHP Warning:  Undefined array key "firma_digital_cliente" in /home/soluctem/sistema.soluctem.com.co/api/submit.php on line 86
[12-Jul-2025 14:14:46 UTC] PHP Warning:  Undefined array key "firma_digital_tecnico" in /home/soluctem/sistema.soluctem.com.co/api/submit.php on line 87
[12-Jul-2025 14:17:38 UTC] PHP Warning:  Undefined array key "nombreSolicitante" in /home/soluctem/sistema.soluctem.com.co/api/submit.php on line 28
[12-Jul-2025 14:17:38 UTC] PHP Warning:  Undefined array key "cargo" in /home/soluctem/sistema.soluctem.com.co/api/submit.php on line 29
[12-Jul-2025 14:17:38 UTC] PHP Warning:  Undefined array key "nombreTienda" in /home/soluctem/sistema.soluctem.com.co/api/submit.php on line 30
[12-Jul-2025 14:17:38 UTC] PHP Warning:  Undefined array key "numeroTienda" in /home/soluctem/sistema.soluctem.com.co/api/submit.php on line 31
[12-Jul-2025 14:17:38 UTC] PHP Warning:  Undefined array key "numeroTicket" in /home/soluctem/sistema.soluctem.com.co/api/submit.php on line 32
[12-Jul-2025 14:17:38 UTC] PHP Warning:  Undefined array key "fecha" in /home/soluctem/sistema.soluctem.com.co/api/submit.php on line 33
[12-Jul-2025 14:17:38 UTC] PHP Warning:  Undefined array key "municipio" in /home/soluctem/sistema.soluctem.com.co/api/submit.php on line 34
[12-Jul-2025 14:17:38 UTC] PHP Warning:  Undefined array key "departamento" in /home/soluctem/sistema.soluctem.com.co/api/submit.php on line 35
[12-Jul-2025 14:17:38 UTC] PHP Warning:  Undefined array key "nombreEquipo" in /home/soluctem/sistema.soluctem.com.co/api/submit.php on line 36
[12-Jul-2025 14:17:38 UTC] PHP Warning:  Undefined array key "marca" in /home/soluctem/sistema.soluctem.com.co/api/submit.php on line 37
[12-Jul-2025 14:17:38 UTC] PHP Warning:  Undefined array key "serial" in /home/soluctem/sistema.soluctem.com.co/api/submit.php on line 38
[12-Jul-2025 14:17:38 UTC] PHP Warning:  Undefined array key "descripcionFalla" in /home/soluctem/sistema.soluctem.com.co/api/submit.php on line 39
[12-Jul-2025 14:17:38 UTC] PHP Warning:  Undefined array key "diagnosticoTecnico" in /home/soluctem/sistema.soluctem.com.co/api/submit.php on line 40
[12-Jul-2025 14:17:38 UTC] PHP Warning:  Undefined array key "repuestosCambiados" in /home/soluctem/sistema.soluctem.com.co/api/submit.php on line 41
[12-Jul-2025 14:17:38 UTC] PHP Warning:  Undefined array key "observaciones" in /home/soluctem/sistema.soluctem.com.co/api/submit.php on line 42
[12-Jul-2025 14:17:38 UTC] PHP Warning:  Undefined array key "seguridadRiesgoAccidentalidad" in /home/soluctem/sistema.soluctem.com.co/api/submit.php on line 43
[12-Jul-2025 14:17:38 UTC] PHP Warning:  Undefined array key "seguridadRiesgoEquipo" in /home/soluctem/sistema.soluctem.com.co/api/submit.php on line 44
[12-Jul-2025 14:17:38 UTC] PHP Warning:  Undefined array key "funcionamientoFallaSolucionada" in /home/soluctem/sistema.soluctem.com.co/api/submit.php on line 45
[12-Jul-2025 14:17:38 UTC] PHP Warning:  Undefined array key "funcionamientoPasosNormales" in /home/soluctem/sistema.soluctem.com.co/api/submit.php on line 46
[12-Jul-2025 14:17:38 UTC] PHP Warning:  Undefined array key "calidadTrabajo" in /home/soluctem/sistema.soluctem.com.co/api/submit.php on line 47
[12-Jul-2025 14:17:38 UTC] PHP Warning:  Undefined array key "limpiezaOrganizacionArmado" in /home/soluctem/sistema.soluctem.com.co/api/submit.php on line 48
[12-Jul-2025 14:17:38 UTC] PHP Warning:  Undefined array key "limpiezaOrganizacionAseado" in /home/soluctem/sistema.soluctem.com.co/api/submit.php on line 49
[12-Jul-2025 14:17:38 UTC] PHP Warning:  Undefined array key "capacitacionCausa" in /home/soluctem/sistema.soluctem.com.co/api/submit.php on line 50
[12-Jul-2025 14:17:38 UTC] PHP Warning:  Undefined array key "capacitacionPrevencion" in /home/soluctem/sistema.soluctem.com.co/api/submit.php on line 51
[12-Jul-2025 14:17:38 UTC] PHP Warning:  Undefined array key "capacitacionAccion" in /home/soluctem/sistema.soluctem.com.co/api/submit.php on line 52
[12-Jul-2025 14:17:38 UTC] PHP Warning:  Undefined array key "contratista1" in /home/soluctem/sistema.soluctem.com.co/api/submit.php on line 53
[12-Jul-2025 14:17:38 UTC] PHP Warning:  Undefined array key "cedula1" in /home/soluctem/sistema.soluctem.com.co/api/submit.php on line 54
[12-Jul-2025 14:17:38 UTC] PHP Warning:  Undefined array key "horaEntrada1" in /home/soluctem/sistema.soluctem.com.co/api/submit.php on line 55
[12-Jul-2025 14:17:38 UTC] PHP Warning:  Undefined array key "horaSalida1" in /home/soluctem/sistema.soluctem.com.co/api/submit.php on line 56
[12-Jul-2025 14:17:38 UTC] PHP Warning:  Undefined array key "contratista2" in /home/soluctem/sistema.soluctem.com.co/api/submit.php on line 57
[12-Jul-2025 14:17:38 UTC] PHP Warning:  Undefined array key "cedula2" in /home/soluctem/sistema.soluctem.com.co/api/submit.php on line 58
[12-Jul-2025 14:17:38 UTC] PHP Warning:  Undefined array key "horaEntrada2" in /home/soluctem/sistema.soluctem.com.co/api/submit.php on line 59
[12-Jul-2025 14:17:38 UTC] PHP Warning:  Undefined array key "horaSalida2" in /home/soluctem/sistema.soluctem.com.co/api/submit.php on line 60
[12-Jul-2025 14:17:38 UTC] PHP Warning:  Undefined array key "contratista3" in /home/soluctem/sistema.soluctem.com.co/api/submit.php on line 61
[12-Jul-2025 14:17:38 UTC] PHP Warning:  Undefined array key "cedula3" in /home/soluctem/sistema.soluctem.com.co/api/submit.php on line 62
[12-Jul-2025 14:17:38 UTC] PHP Warning:  Undefined array key "horaEntrada3" in /home/soluctem/sistema.soluctem.com.co/api/submit.php on line 63
[12-Jul-2025 14:17:38 UTC] PHP Warning:  Undefined array key "horaSalida3" in /home/soluctem/sistema.soluctem.com.co/api/submit.php on line 64
[12-Jul-2025 14:17:38 UTC] PHP Warning:  Undefined array key "contratista4" in /home/soluctem/sistema.soluctem.com.co/api/submit.php on line 65
[12-Jul-2025 14:17:38 UTC] PHP Warning:  Undefined array key "cedula4" in /home/soluctem/sistema.soluctem.com.co/api/submit.php on line 66
[12-Jul-2025 14:17:38 UTC] PHP Warning:  Undefined array key "horaEntrada4" in /home/soluctem/sistema.soluctem.com.co/api/submit.php on line 67
[12-Jul-2025 14:17:38 UTC] PHP Warning:  Undefined array key "horaSalida4" in /home/soluctem/sistema.soluctem.com.co/api/submit.php on line 68
[12-Jul-2025 14:17:38 UTC] PHP Warning:  Undefined array key "nombreFuncionario" in /home/soluctem/sistema.soluctem.com.co/api/submit.php on line 69
[12-Jul-2025 14:17:38 UTC] PHP Warning:  Undefined array key "cedulaFuncionario" in /home/soluctem/sistema.soluctem.com.co/api/submit.php on line 70
[12-Jul-2025 14:17:38 UTC] PHP Warning:  Undefined array key "cargoFuncionario" in /home/soluctem/sistema.soluctem.com.co/api/submit.php on line 71
[12-Jul-2025 14:17:38 UTC] PHP Warning:  Undefined array key "sapFuncionario" in /home/soluctem/sistema.soluctem.com.co/api/submit.php on line 72
[12-Jul-2025 14:17:38 UTC] PHP Warning:  Undefined array key "timestamp" in /home/soluctem/sistema.soluctem.com.co/api/submit.php on line 73
[12-Jul-2025 14:17:38 UTC] PHP Warning:  Undefined array key "asistenciaReparacion" in /home/soluctem/sistema.soluctem.com.co/api/submit.php on line 74
[12-Jul-2025 14:17:38 UTC] PHP Warning:  Undefined array key "asistenciaGarantia" in /home/soluctem/sistema.soluctem.com.co/api/submit.php on line 75
[12-Jul-2025 14:17:38 UTC] PHP Warning:  Undefined array key "asistenciaAjuste" in /home/soluctem/sistema.soluctem.com.co/api/submit.php on line 76
[12-Jul-2025 14:17:38 UTC] PHP Warning:  Undefined array key "asistenciaModificacion" in /home/soluctem/sistema.soluctem.com.co/api/submit.php on line 77
[12-Jul-2025 14:17:38 UTC] PHP Warning:  Undefined array key "asistenciaServicio" in /home/soluctem/sistema.soluctem.com.co/api/submit.php on line 78
[12-Jul-2025 14:17:38 UTC] PHP Warning:  Undefined array key "asistenciaMejora" in /home/soluctem/sistema.soluctem.com.co/api/submit.php on line 79
[12-Jul-2025 14:17:38 UTC] PHP Warning:  Undefined array key "asistenciaCombinacion" in /home/soluctem/sistema.soluctem.com.co/api/submit.php on line 80
[12-Jul-2025 14:17:38 UTC] PHP Warning:  Undefined array key "fallaOperacion" in /home/soluctem/sistema.soluctem.com.co/api/submit.php on line 81
[12-Jul-2025 14:17:38 UTC] PHP Warning:  Undefined array key "fallaMecanica" in /home/soluctem/sistema.soluctem.com.co/api/submit.php on line 82
[12-Jul-2025 14:17:38 UTC] PHP Warning:  Undefined array key "fallaElectrica" in /home/soluctem/sistema.soluctem.com.co/api/submit.php on line 83
[12-Jul-2025 14:17:38 UTC] PHP Warning:  Undefined array key "fallaTerceros" in /home/soluctem/sistema.soluctem.com.co/api/submit.php on line 84
[12-Jul-2025 14:17:38 UTC] PHP Warning:  Undefined array key "fallaFabricacion" in /home/soluctem/sistema.soluctem.com.co/api/submit.php on line 85
[12-Jul-2025 14:17:38 UTC] PHP Warning:  Undefined array key "firma_digital_cliente" in /home/soluctem/sistema.soluctem.com.co/api/submit.php on line 86
[12-Jul-2025 14:17:38 UTC] PHP Warning:  Undefined array key "firma_digital_tecnico" in /home/soluctem/sistema.soluctem.com.co/api/submit.php on line 87
[12-Jul-2025 17:31:47 UTC] PHP Warning:  Undefined array key "nombreSolicitante" in /home/soluctem/sistema.soluctem.com.co/api/submit.php on line 28
[12-Jul-2025 17:31:47 UTC] PHP Warning:  Undefined array key "cargo" in /home/soluctem/sistema.soluctem.com.co/api/submit.php on line 29
[12-Jul-2025 17:31:47 UTC] PHP Warning:  Undefined array key "nombreTienda" in /home/soluctem/sistema.soluctem.com.co/api/submit.php on line 30
[12-Jul-2025 17:31:47 UTC] PHP Warning:  Undefined array key "numeroTienda" in /home/soluctem/sistema.soluctem.com.co/api/submit.php on line 31
[12-Jul-2025 17:31:47 UTC] PHP Warning:  Undefined array key "numeroTicket" in /home/soluctem/sistema.soluctem.com.co/api/submit.php on line 32
[12-Jul-2025 17:31:47 UTC] PHP Warning:  Undefined array key "fecha" in /home/soluctem/sistema.soluctem.com.co/api/submit.php on line 33
[12-Jul-2025 17:31:47 UTC] PHP Warning:  Undefined array key "municipio" in /home/soluctem/sistema.soluctem.com.co/api/submit.php on line 34
[12-Jul-2025 17:31:47 UTC] PHP Warning:  Undefined array key "departamento" in /home/soluctem/sistema.soluctem.com.co/api/submit.php on line 35
[12-Jul-2025 17:31:47 UTC] PHP Warning:  Undefined array key "nombreEquipo" in /home/soluctem/sistema.soluctem.com.co/api/submit.php on line 36
[12-Jul-2025 17:31:47 UTC] PHP Warning:  Undefined array key "marca" in /home/soluctem/sistema.soluctem.com.co/api/submit.php on line 37
[12-Jul-2025 17:31:47 UTC] PHP Warning:  Undefined array key "serial" in /home/soluctem/sistema.soluctem.com.co/api/submit.php on line 38
[12-Jul-2025 17:31:47 UTC] PHP Warning:  Undefined array key "descripcionFalla" in /home/soluctem/sistema.soluctem.com.co/api/submit.php on line 39
[12-Jul-2025 17:31:47 UTC] PHP Warning:  Undefined array key "diagnosticoTecnico" in /home/soluctem/sistema.soluctem.com.co/api/submit.php on line 40
[12-Jul-2025 17:31:47 UTC] PHP Warning:  Undefined array key "repuestosCambiados" in /home/soluctem/sistema.soluctem.com.co/api/submit.php on line 41
[12-Jul-2025 17:31:47 UTC] PHP Warning:  Undefined array key "observaciones" in /home/soluctem/sistema.soluctem.com.co/api/submit.php on line 42
[12-Jul-2025 17:31:47 UTC] PHP Warning:  Undefined array key "seguridadRiesgoAccidentalidad" in /home/soluctem/sistema.soluctem.com.co/api/submit.php on line 43
[12-Jul-2025 17:31:47 UTC] PHP Warning:  Undefined array key "seguridadRiesgoEquipo" in /home/soluctem/sistema.soluctem.com.co/api/submit.php on line 44
[12-Jul-2025 17:31:47 UTC] PHP Warning:  Undefined array key "funcionamientoFallaSolucionada" in /home/soluctem/sistema.soluctem.com.co/api/submit.php on line 45
[12-Jul-2025 17:31:47 UTC] PHP Warning:  Undefined array key "funcionamientoPasosNormales" in /home/soluctem/sistema.soluctem.com.co/api/submit.php on line 46
[12-Jul-2025 17:31:47 UTC] PHP Warning:  Undefined array key "calidadTrabajo" in /home/soluctem/sistema.soluctem.com.co/api/submit.php on line 47
[12-Jul-2025 17:31:47 UTC] PHP Warning:  Undefined array key "limpiezaOrganizacionArmado" in /home/soluctem/sistema.soluctem.com.co/api/submit.php on line 48
[12-Jul-2025 17:31:47 UTC] PHP Warning:  Undefined array key "limpiezaOrganizacionAseado" in /home/soluctem/sistema.soluctem.com.co/api/submit.php on line 49
[12-Jul-2025 17:31:47 UTC] PHP Warning:  Undefined array key "capacitacionCausa" in /home/soluctem/sistema.soluctem.com.co/api/submit.php on line 50
[12-Jul-2025 17:31:47 UTC] PHP Warning:  Undefined array key "capacitacionPrevencion" in /home/soluctem/sistema.soluctem.com.co/api/submit.php on line 51
[12-Jul-2025 17:31:47 UTC] PHP Warning:  Undefined array key "capacitacionAccion" in /home/soluctem/sistema.soluctem.com.co/api/submit.php on line 52
[12-Jul-2025 17:31:47 UTC] PHP Warning:  Undefined array key "contratista1" in /home/soluctem/sistema.soluctem.com.co/api/submit.php on line 53
[12-Jul-2025 17:31:47 UTC] PHP Warning:  Undefined array key "cedula1" in /home/soluctem/sistema.soluctem.com.co/api/submit.php on line 54
[12-Jul-2025 17:31:47 UTC] PHP Warning:  Undefined array key "horaEntrada1" in /home/soluctem/sistema.soluctem.com.co/api/submit.php on line 55
[12-Jul-2025 17:31:47 UTC] PHP Warning:  Undefined array key "horaSalida1" in /home/soluctem/sistema.soluctem.com.co/api/submit.php on line 56
[12-Jul-2025 17:31:47 UTC] PHP Warning:  Undefined array key "contratista2" in /home/soluctem/sistema.soluctem.com.co/api/submit.php on line 57
[12-Jul-2025 17:31:47 UTC] PHP Warning:  Undefined array key "cedula2" in /home/soluctem/sistema.soluctem.com.co/api/submit.php on line 58
[12-Jul-2025 17:31:47 UTC] PHP Warning:  Undefined array key "horaEntrada2" in /home/soluctem/sistema.soluctem.com.co/api/submit.php on line 59
[12-Jul-2025 17:31:47 UTC] PHP Warning:  Undefined array key "horaSalida2" in /home/soluctem/sistema.soluctem.com.co/api/submit.php on line 60
[12-Jul-2025 17:31:47 UTC] PHP Warning:  Undefined array key "contratista3" in /home/soluctem/sistema.soluctem.com.co/api/submit.php on line 61
[12-Jul-2025 17:31:47 UTC] PHP Warning:  Undefined array key "cedula3" in /home/soluctem/sistema.soluctem.com.co/api/submit.php on line 62
[12-Jul-2025 17:31:47 UTC] PHP Warning:  Undefined array key "horaEntrada3" in /home/soluctem/sistema.soluctem.com.co/api/submit.php on line 63
[12-Jul-2025 17:31:47 UTC] PHP Warning:  Undefined array key "horaSalida3" in /home/soluctem/sistema.soluctem.com.co/api/submit.php on line 64
[12-Jul-2025 17:31:47 UTC] PHP Warning:  Undefined array key "contratista4" in /home/soluctem/sistema.soluctem.com.co/api/submit.php on line 65
[12-Jul-2025 17:31:47 UTC] PHP Warning:  Undefined array key "cedula4" in /home/soluctem/sistema.soluctem.com.co/api/submit.php on line 66
[12-Jul-2025 17:31:47 UTC] PHP Warning:  Undefined array key "horaEntrada4" in /home/soluctem/sistema.soluctem.com.co/api/submit.php on line 67
[12-Jul-2025 17:31:47 UTC] PHP Warning:  Undefined array key "horaSalida4" in /home/soluctem/sistema.soluctem.com.co/api/submit.php on line 68
[12-Jul-2025 17:31:47 UTC] PHP Warning:  Undefined array key "nombreFuncionario" in /home/soluctem/sistema.soluctem.com.co/api/submit.php on line 69
[12-Jul-2025 17:31:47 UTC] PHP Warning:  Undefined array key "cedulaFuncionario" in /home/soluctem/sistema.soluctem.com.co/api/submit.php on line 70
[12-Jul-2025 17:31:47 UTC] PHP Warning:  Undefined array key "cargoFuncionario" in /home/soluctem/sistema.soluctem.com.co/api/submit.php on line 71
[12-Jul-2025 17:31:47 UTC] PHP Warning:  Undefined array key "sapFuncionario" in /home/soluctem/sistema.soluctem.com.co/api/submit.php on line 72
[12-Jul-2025 17:31:47 UTC] PHP Warning:  Undefined array key "timestamp" in /home/soluctem/sistema.soluctem.com.co/api/submit.php on line 73
[12-Jul-2025 17:31:47 UTC] PHP Warning:  Undefined array key "asistenciaReparacion" in /home/soluctem/sistema.soluctem.com.co/api/submit.php on line 74
[12-Jul-2025 17:31:47 UTC] PHP Warning:  Undefined array key "asistenciaGarantia" in /home/soluctem/sistema.soluctem.com.co/api/submit.php on line 75
[12-Jul-2025 17:31:47 UTC] PHP Warning:  Undefined array key "asistenciaAjuste" in /home/soluctem/sistema.soluctem.com.co/api/submit.php on line 76
[12-Jul-2025 17:31:47 UTC] PHP Warning:  Undefined array key "asistenciaModificacion" in /home/soluctem/sistema.soluctem.com.co/api/submit.php on line 77
[12-Jul-2025 17:31:47 UTC] PHP Warning:  Undefined array key "asistenciaServicio" in /home/soluctem/sistema.soluctem.com.co/api/submit.php on line 78
[12-Jul-2025 17:31:47 UTC] PHP Warning:  Undefined array key "asistenciaMejora" in /home/soluctem/sistema.soluctem.com.co/api/submit.php on line 79
[12-Jul-2025 17:31:47 UTC] PHP Warning:  Undefined array key "asistenciaCombinacion" in /home/soluctem/sistema.soluctem.com.co/api/submit.php on line 80
[12-Jul-2025 17:31:47 UTC] PHP Warning:  Undefined array key "fallaOperacion" in /home/soluctem/sistema.soluctem.com.co/api/submit.php on line 81
[12-Jul-2025 17:31:47 UTC] PHP Warning:  Undefined array key "fallaMecanica" in /home/soluctem/sistema.soluctem.com.co/api/submit.php on line 82
[12-Jul-2025 17:31:47 UTC] PHP Warning:  Undefined array key "fallaElectrica" in /home/soluctem/sistema.soluctem.com.co/api/submit.php on line 83
[12-Jul-2025 17:31:47 UTC] PHP Warning:  Undefined array key "fallaTerceros" in /home/soluctem/sistema.soluctem.com.co/api/submit.php on line 84
[12-Jul-2025 17:31:47 UTC] PHP Warning:  Undefined array key "fallaFabricacion" in /home/soluctem/sistema.soluctem.com.co/api/submit.php on line 85
[12-Jul-2025 17:31:47 UTC] PHP Warning:  Undefined array key "firma_digital_cliente" in /home/soluctem/sistema.soluctem.com.co/api/submit.php on line 86
[12-Jul-2025 17:31:47 UTC] PHP Warning:  Undefined array key "firma_digital_tecnico" in /home/soluctem/sistema.soluctem.com.co/api/submit.php on line 87
[12-Jul-2025 19:46:03 UTC] PHP Warning:  Undefined array key "nombreSolicitante" in /home/soluctem/sistema.soluctem.com.co/api/submit.php on line 28
[12-Jul-2025 19:46:03 UTC] PHP Warning:  Undefined array key "cargo" in /home/soluctem/sistema.soluctem.com.co/api/submit.php on line 29
[12-Jul-2025 19:46:03 UTC] PHP Warning:  Undefined array key "nombreTienda" in /home/soluctem/sistema.soluctem.com.co/api/submit.php on line 30
[12-Jul-2025 19:46:03 UTC] PHP Warning:  Undefined array key "numeroTienda" in /home/soluctem/sistema.soluctem.com.co/api/submit.php on line 31
[12-Jul-2025 19:46:03 UTC] PHP Warning:  Undefined array key "numeroTicket" in /home/soluctem/sistema.soluctem.com.co/api/submit.php on line 32
[12-Jul-2025 19:46:03 UTC] PHP Warning:  Undefined array key "fecha" in /home/soluctem/sistema.soluctem.com.co/api/submit.php on line 33
[12-Jul-2025 19:46:03 UTC] PHP Warning:  Undefined array key "municipio" in /home/soluctem/sistema.soluctem.com.co/api/submit.php on line 34
[12-Jul-2025 19:46:03 UTC] PHP Warning:  Undefined array key "departamento" in /home/soluctem/sistema.soluctem.com.co/api/submit.php on line 35
[12-Jul-2025 19:46:03 UTC] PHP Warning:  Undefined array key "nombreEquipo" in /home/soluctem/sistema.soluctem.com.co/api/submit.php on line 36
[12-Jul-2025 19:46:03 UTC] PHP Warning:  Undefined array key "marca" in /home/soluctem/sistema.soluctem.com.co/api/submit.php on line 37
[12-Jul-2025 19:46:03 UTC] PHP Warning:  Undefined array key "serial" in /home/soluctem/sistema.soluctem.com.co/api/submit.php on line 38
[12-Jul-2025 19:46:03 UTC] PHP Warning:  Undefined array key "descripcionFalla" in /home/soluctem/sistema.soluctem.com.co/api/submit.php on line 39
[12-Jul-2025 19:46:03 UTC] PHP Warning:  Undefined array key "diagnosticoTecnico" in /home/soluctem/sistema.soluctem.com.co/api/submit.php on line 40
[12-Jul-2025 19:46:03 UTC] PHP Warning:  Undefined array key "repuestosCambiados" in /home/soluctem/sistema.soluctem.com.co/api/submit.php on line 41
[12-Jul-2025 19:46:03 UTC] PHP Warning:  Undefined array key "observaciones" in /home/soluctem/sistema.soluctem.com.co/api/submit.php on line 42
[12-Jul-2025 19:46:03 UTC] PHP Warning:  Undefined array key "seguridadRiesgoAccidentalidad" in /home/soluctem/sistema.soluctem.com.co/api/submit.php on line 43
[12-Jul-2025 19:46:03 UTC] PHP Warning:  Undefined array key "seguridadRiesgoEquipo" in /home/soluctem/sistema.soluctem.com.co/api/submit.php on line 44
[12-Jul-2025 19:46:03 UTC] PHP Warning:  Undefined array key "funcionamientoFallaSolucionada" in /home/soluctem/sistema.soluctem.com.co/api/submit.php on line 45
[12-Jul-2025 19:46:03 UTC] PHP Warning:  Undefined array key "funcionamientoPasosNormales" in /home/soluctem/sistema.soluctem.com.co/api/submit.php on line 46
[12-Jul-2025 19:46:03 UTC] PHP Warning:  Undefined array key "calidadTrabajo" in /home/soluctem/sistema.soluctem.com.co/api/submit.php on line 47
[12-Jul-2025 19:46:03 UTC] PHP Warning:  Undefined array key "limpiezaOrganizacionArmado" in /home/soluctem/sistema.soluctem.com.co/api/submit.php on line 48
[12-Jul-2025 19:46:03 UTC] PHP Warning:  Undefined array key "limpiezaOrganizacionAseado" in /home/soluctem/sistema.soluctem.com.co/api/submit.php on line 49
[12-Jul-2025 19:46:03 UTC] PHP Warning:  Undefined array key "capacitacionCausa" in /home/soluctem/sistema.soluctem.com.co/api/submit.php on line 50
[12-Jul-2025 19:46:03 UTC] PHP Warning:  Undefined array key "capacitacionPrevencion" in /home/soluctem/sistema.soluctem.com.co/api/submit.php on line 51
[12-Jul-2025 19:46:03 UTC] PHP Warning:  Undefined array key "capacitacionAccion" in /home/soluctem/sistema.soluctem.com.co/api/submit.php on line 52
[12-Jul-2025 19:46:03 UTC] PHP Warning:  Undefined array key "contratista1" in /home/soluctem/sistema.soluctem.com.co/api/submit.php on line 53
[12-Jul-2025 19:46:03 UTC] PHP Warning:  Undefined array key "cedula1" in /home/soluctem/sistema.soluctem.com.co/api/submit.php on line 54
[12-Jul-2025 19:46:03 UTC] PHP Warning:  Undefined array key "horaEntrada1" in /home/soluctem/sistema.soluctem.com.co/api/submit.php on line 55
[12-Jul-2025 19:46:03 UTC] PHP Warning:  Undefined array key "horaSalida1" in /home/soluctem/sistema.soluctem.com.co/api/submit.php on line 56
[12-Jul-2025 19:46:03 UTC] PHP Warning:  Undefined array key "contratista2" in /home/soluctem/sistema.soluctem.com.co/api/submit.php on line 57
[12-Jul-2025 19:46:03 UTC] PHP Warning:  Undefined array key "cedula2" in /home/soluctem/sistema.soluctem.com.co/api/submit.php on line 58
[12-Jul-2025 19:46:03 UTC] PHP Warning:  Undefined array key "horaEntrada2" in /home/soluctem/sistema.soluctem.com.co/api/submit.php on line 59
[12-Jul-2025 19:46:03 UTC] PHP Warning:  Undefined array key "horaSalida2" in /home/soluctem/sistema.soluctem.com.co/api/submit.php on line 60
[12-Jul-2025 19:46:03 UTC] PHP Warning:  Undefined array key "contratista3" in /home/soluctem/sistema.soluctem.com.co/api/submit.php on line 61
[12-Jul-2025 19:46:03 UTC] PHP Warning:  Undefined array key "cedula3" in /home/soluctem/sistema.soluctem.com.co/api/submit.php on line 62
[12-Jul-2025 19:46:03 UTC] PHP Warning:  Undefined array key "horaEntrada3" in /home/soluctem/sistema.soluctem.com.co/api/submit.php on line 63
[12-Jul-2025 19:46:03 UTC] PHP Warning:  Undefined array key "horaSalida3" in /home/soluctem/sistema.soluctem.com.co/api/submit.php on line 64
[12-Jul-2025 19:46:03 UTC] PHP Warning:  Undefined array key "contratista4" in /home/soluctem/sistema.soluctem.com.co/api/submit.php on line 65
[12-Jul-2025 19:46:03 UTC] PHP Warning:  Undefined array key "cedula4" in /home/soluctem/sistema.soluctem.com.co/api/submit.php on line 66
[12-Jul-2025 19:46:03 UTC] PHP Warning:  Undefined array key "horaEntrada4" in /home/soluctem/sistema.soluctem.com.co/api/submit.php on line 67
[12-Jul-2025 19:46:03 UTC] PHP Warning:  Undefined array key "horaSalida4" in /home/soluctem/sistema.soluctem.com.co/api/submit.php on line 68
[12-Jul-2025 19:46:03 UTC] PHP Warning:  Undefined array key "nombreFuncionario" in /home/soluctem/sistema.soluctem.com.co/api/submit.php on line 69
[12-Jul-2025 19:46:03 UTC] PHP Warning:  Undefined array key "cedulaFuncionario" in /home/soluctem/sistema.soluctem.com.co/api/submit.php on line 70
[12-Jul-2025 19:46:03 UTC] PHP Warning:  Undefined array key "cargoFuncionario" in /home/soluctem/sistema.soluctem.com.co/api/submit.php on line 71
[12-Jul-2025 19:46:03 UTC] PHP Warning:  Undefined array key "sapFuncionario" in /home/soluctem/sistema.soluctem.com.co/api/submit.php on line 72
[12-Jul-2025 19:46:03 UTC] PHP Warning:  Undefined array key "timestamp" in /home/soluctem/sistema.soluctem.com.co/api/submit.php on line 73
[12-Jul-2025 19:46:03 UTC] PHP Warning:  Undefined array key "asistenciaReparacion" in /home/soluctem/sistema.soluctem.com.co/api/submit.php on line 74
[12-Jul-2025 19:46:03 UTC] PHP Warning:  Undefined array key "asistenciaGarantia" in /home/soluctem/sistema.soluctem.com.co/api/submit.php on line 75
[12-Jul-2025 19:46:03 UTC] PHP Warning:  Undefined array key "asistenciaAjuste" in /home/soluctem/sistema.soluctem.com.co/api/submit.php on line 76
[12-Jul-2025 19:46:03 UTC] PHP Warning:  Undefined array key "asistenciaModificacion" in /home/soluctem/sistema.soluctem.com.co/api/submit.php on line 77
[12-Jul-2025 19:46:03 UTC] PHP Warning:  Undefined array key "asistenciaServicio" in /home/soluctem/sistema.soluctem.com.co/api/submit.php on line 78
[12-Jul-2025 19:46:03 UTC] PHP Warning:  Undefined array key "asistenciaMejora" in /home/soluctem/sistema.soluctem.com.co/api/submit.php on line 79
[12-Jul-2025 19:46:03 UTC] PHP Warning:  Undefined array key "asistenciaCombinacion" in /home/soluctem/sistema.soluctem.com.co/api/submit.php on line 80
[12-Jul-2025 19:46:03 UTC] PHP Warning:  Undefined array key "fallaOperacion" in /home/soluctem/sistema.soluctem.com.co/api/submit.php on line 81
[12-Jul-2025 19:46:03 UTC] PHP Warning:  Undefined array key "fallaMecanica" in /home/soluctem/sistema.soluctem.com.co/api/submit.php on line 82
[12-Jul-2025 19:46:03 UTC] PHP Warning:  Undefined array key "fallaElectrica" in /home/soluctem/sistema.soluctem.com.co/api/submit.php on line 83
[12-Jul-2025 19:46:03 UTC] PHP Warning:  Undefined array key "fallaTerceros" in /home/soluctem/sistema.soluctem.com.co/api/submit.php on line 84
[12-Jul-2025 19:46:03 UTC] PHP Warning:  Undefined array key "fallaFabricacion" in /home/soluctem/sistema.soluctem.com.co/api/submit.php on line 85
[12-Jul-2025 19:46:03 UTC] PHP Warning:  Undefined array key "firma_digital_cliente" in /home/soluctem/sistema.soluctem.com.co/api/submit.php on line 86
[12-Jul-2025 19:46:03 UTC] PHP Warning:  Undefined array key "firma_digital_tecnico" in /home/soluctem/sistema.soluctem.com.co/api/submit.php on line 87
[12-Jul-2025 19:53:41 UTC] PHP Warning:  Undefined array key "nombreSolicitante" in /home/soluctem/sistema.soluctem.com.co/api/submit.php on line 28
[12-Jul-2025 19:53:41 UTC] PHP Warning:  Undefined array key "cargo" in /home/soluctem/sistema.soluctem.com.co/api/submit.php on line 29
[12-Jul-2025 19:53:41 UTC] PHP Warning:  Undefined array key "nombreTienda" in /home/soluctem/sistema.soluctem.com.co/api/submit.php on line 30
[12-Jul-2025 19:53:41 UTC] PHP Warning:  Undefined array key "numeroTienda" in /home/soluctem/sistema.soluctem.com.co/api/submit.php on line 31
[12-Jul-2025 19:53:41 UTC] PHP Warning:  Undefined array key "numeroTicket" in /home/soluctem/sistema.soluctem.com.co/api/submit.php on line 32
[12-Jul-2025 19:53:41 UTC] PHP Warning:  Undefined array key "fecha" in /home/soluctem/sistema.soluctem.com.co/api/submit.php on line 33
[12-Jul-2025 19:53:41 UTC] PHP Warning:  Undefined array key "municipio" in /home/soluctem/sistema.soluctem.com.co/api/submit.php on line 34
[12-Jul-2025 19:53:41 UTC] PHP Warning:  Undefined array key "departamento" in /home/soluctem/sistema.soluctem.com.co/api/submit.php on line 35
[12-Jul-2025 19:53:41 UTC] PHP Warning:  Undefined array key "nombreEquipo" in /home/soluctem/sistema.soluctem.com.co/api/submit.php on line 36
[12-Jul-2025 19:53:41 UTC] PHP Warning:  Undefined array key "marca" in /home/soluctem/sistema.soluctem.com.co/api/submit.php on line 37
[12-Jul-2025 19:53:41 UTC] PHP Warning:  Undefined array key "serial" in /home/soluctem/sistema.soluctem.com.co/api/submit.php on line 38
[12-Jul-2025 19:53:41 UTC] PHP Warning:  Undefined array key "descripcionFalla" in /home/soluctem/sistema.soluctem.com.co/api/submit.php on line 39
[12-Jul-2025 19:53:41 UTC] PHP Warning:  Undefined array key "diagnosticoTecnico" in /home/soluctem/sistema.soluctem.com.co/api/submit.php on line 40
[12-Jul-2025 19:53:41 UTC] PHP Warning:  Undefined array key "repuestosCambiados" in /home/soluctem/sistema.soluctem.com.co/api/submit.php on line 41
[12-Jul-2025 19:53:41 UTC] PHP Warning:  Undefined array key "observaciones" in /home/soluctem/sistema.soluctem.com.co/api/submit.php on line 42
[12-Jul-2025 19:53:41 UTC] PHP Warning:  Undefined array key "seguridadRiesgoAccidentalidad" in /home/soluctem/sistema.soluctem.com.co/api/submit.php on line 43
[12-Jul-2025 19:53:41 UTC] PHP Warning:  Undefined array key "seguridadRiesgoEquipo" in /home/soluctem/sistema.soluctem.com.co/api/submit.php on line 44
[12-Jul-2025 19:53:41 UTC] PHP Warning:  Undefined array key "funcionamientoFallaSolucionada" in /home/soluctem/sistema.soluctem.com.co/api/submit.php on line 45
[12-Jul-2025 19:53:41 UTC] PHP Warning:  Undefined array key "funcionamientoPasosNormales" in /home/soluctem/sistema.soluctem.com.co/api/submit.php on line 46
[12-Jul-2025 19:53:41 UTC] PHP Warning:  Undefined array key "calidadTrabajo" in /home/soluctem/sistema.soluctem.com.co/api/submit.php on line 47
[12-Jul-2025 19:53:41 UTC] PHP Warning:  Undefined array key "limpiezaOrganizacionArmado" in /home/soluctem/sistema.soluctem.com.co/api/submit.php on line 48
[12-Jul-2025 19:53:41 UTC] PHP Warning:  Undefined array key "limpiezaOrganizacionAseado" in /home/soluctem/sistema.soluctem.com.co/api/submit.php on line 49
[12-Jul-2025 19:53:41 UTC] PHP Warning:  Undefined array key "capacitacionCausa" in /home/soluctem/sistema.soluctem.com.co/api/submit.php on line 50
[12-Jul-2025 19:53:41 UTC] PHP Warning:  Undefined array key "capacitacionPrevencion" in /home/soluctem/sistema.soluctem.com.co/api/submit.php on line 51
[12-Jul-2025 19:53:41 UTC] PHP Warning:  Undefined array key "capacitacionAccion" in /home/soluctem/sistema.soluctem.com.co/api/submit.php on line 52
[12-Jul-2025 19:53:41 UTC] PHP Warning:  Undefined array key "contratista1" in /home/soluctem/sistema.soluctem.com.co/api/submit.php on line 53
[12-Jul-2025 19:53:41 UTC] PHP Warning:  Undefined array key "cedula1" in /home/soluctem/sistema.soluctem.com.co/api/submit.php on line 54
[12-Jul-2025 19:53:41 UTC] PHP Warning:  Undefined array key "horaEntrada1" in /home/soluctem/sistema.soluctem.com.co/api/submit.php on line 55
[12-Jul-2025 19:53:41 UTC] PHP Warning:  Undefined array key "horaSalida1" in /home/soluctem/sistema.soluctem.com.co/api/submit.php on line 56
[12-Jul-2025 19:53:41 UTC] PHP Warning:  Undefined array key "contratista2" in /home/soluctem/sistema.soluctem.com.co/api/submit.php on line 57
[12-Jul-2025 19:53:41 UTC] PHP Warning:  Undefined array key "cedula2" in /home/soluctem/sistema.soluctem.com.co/api/submit.php on line 58
[12-Jul-2025 19:53:41 UTC] PHP Warning:  Undefined array key "horaEntrada2" in /home/soluctem/sistema.soluctem.com.co/api/submit.php on line 59
[12-Jul-2025 19:53:41 UTC] PHP Warning:  Undefined array key "horaSalida2" in /home/soluctem/sistema.soluctem.com.co/api/submit.php on line 60
[12-Jul-2025 19:53:41 UTC] PHP Warning:  Undefined array key "contratista3" in /home/soluctem/sistema.soluctem.com.co/api/submit.php on line 61
[12-Jul-2025 19:53:41 UTC] PHP Warning:  Undefined array key "cedula3" in /home/soluctem/sistema.soluctem.com.co/api/submit.php on line 62
[12-Jul-2025 19:53:41 UTC] PHP Warning:  Undefined array key "horaEntrada3" in /home/soluctem/sistema.soluctem.com.co/api/submit.php on line 63
[12-Jul-2025 19:53:41 UTC] PHP Warning:  Undefined array key "horaSalida3" in /home/soluctem/sistema.soluctem.com.co/api/submit.php on line 64
[12-Jul-2025 19:53:41 UTC] PHP Warning:  Undefined array key "contratista4" in /home/soluctem/sistema.soluctem.com.co/api/submit.php on line 65
[12-Jul-2025 19:53:41 UTC] PHP Warning:  Undefined array key "cedula4" in /home/soluctem/sistema.soluctem.com.co/api/submit.php on line 66
[12-Jul-2025 19:53:41 UTC] PHP Warning:  Undefined array key "horaEntrada4" in /home/soluctem/sistema.soluctem.com.co/api/submit.php on line 67
[12-Jul-2025 19:53:41 UTC] PHP Warning:  Undefined array key "horaSalida4" in /home/soluctem/sistema.soluctem.com.co/api/submit.php on line 68
[12-Jul-2025 19:53:41 UTC] PHP Warning:  Undefined array key "nombreFuncionario" in /home/soluctem/sistema.soluctem.com.co/api/submit.php on line 69
[12-Jul-2025 19:53:41 UTC] PHP Warning:  Undefined array key "cedulaFuncionario" in /home/soluctem/sistema.soluctem.com.co/api/submit.php on line 70
[12-Jul-2025 19:53:41 UTC] PHP Warning:  Undefined array key "cargoFuncionario" in /home/soluctem/sistema.soluctem.com.co/api/submit.php on line 71
[12-Jul-2025 19:53:41 UTC] PHP Warning:  Undefined array key "sapFuncionario" in /home/soluctem/sistema.soluctem.com.co/api/submit.php on line 72
[12-Jul-2025 19:53:41 UTC] PHP Warning:  Undefined array key "timestamp" in /home/soluctem/sistema.soluctem.com.co/api/submit.php on line 73
[12-Jul-2025 19:53:41 UTC] PHP Warning:  Undefined array key "asistenciaReparacion" in /home/soluctem/sistema.soluctem.com.co/api/submit.php on line 74
[12-Jul-2025 19:53:41 UTC] PHP Warning:  Undefined array key "asistenciaGarantia" in /home/soluctem/sistema.soluctem.com.co/api/submit.php on line 75
[12-Jul-2025 19:53:41 UTC] PHP Warning:  Undefined array key "asistenciaAjuste" in /home/soluctem/sistema.soluctem.com.co/api/submit.php on line 76
[12-Jul-2025 19:53:41 UTC] PHP Warning:  Undefined array key "asistenciaModificacion" in /home/soluctem/sistema.soluctem.com.co/api/submit.php on line 77
[12-Jul-2025 19:53:41 UTC] PHP Warning:  Undefined array key "asistenciaServicio" in /home/soluctem/sistema.soluctem.com.co/api/submit.php on line 78
[12-Jul-2025 19:53:41 UTC] PHP Warning:  Undefined array key "asistenciaMejora" in /home/soluctem/sistema.soluctem.com.co/api/submit.php on line 79
[12-Jul-2025 19:53:41 UTC] PHP Warning:  Undefined array key "asistenciaCombinacion" in /home/soluctem/sistema.soluctem.com.co/api/submit.php on line 80
[12-Jul-2025 19:53:41 UTC] PHP Warning:  Undefined array key "fallaOperacion" in /home/soluctem/sistema.soluctem.com.co/api/submit.php on line 81
[12-Jul-2025 19:53:41 UTC] PHP Warning:  Undefined array key "fallaMecanica" in /home/soluctem/sistema.soluctem.com.co/api/submit.php on line 82
[12-Jul-2025 19:53:41 UTC] PHP Warning:  Undefined array key "fallaElectrica" in /home/soluctem/sistema.soluctem.com.co/api/submit.php on line 83
[12-Jul-2025 19:53:41 UTC] PHP Warning:  Undefined array key "fallaTerceros" in /home/soluctem/sistema.soluctem.com.co/api/submit.php on line 84
[12-Jul-2025 19:53:41 UTC] PHP Warning:  Undefined array key "fallaFabricacion" in /home/soluctem/sistema.soluctem.com.co/api/submit.php on line 85
[12-Jul-2025 19:53:41 UTC] PHP Warning:  Undefined array key "firma_digital_cliente" in /home/soluctem/sistema.soluctem.com.co/api/submit.php on line 86
[12-Jul-2025 19:53:41 UTC] PHP Warning:  Undefined array key "firma_digital_tecnico" in /home/soluctem/sistema.soluctem.com.co/api/submit.php on line 87
[16-Jul-2025 16:59:39 UTC] PHP Warning:  Undefined array key "nombreSolicitante" in /home/soluctem/sistema.soluctem.com.co/api/submit.php on line 28
[16-Jul-2025 16:59:39 UTC] PHP Warning:  Undefined array key "cargo" in /home/soluctem/sistema.soluctem.com.co/api/submit.php on line 29
[16-Jul-2025 16:59:39 UTC] PHP Warning:  Undefined array key "nombreTienda" in /home/soluctem/sistema.soluctem.com.co/api/submit.php on line 30
[16-Jul-2025 16:59:39 UTC] PHP Warning:  Undefined array key "numeroTienda" in /home/soluctem/sistema.soluctem.com.co/api/submit.php on line 31
[16-Jul-2025 16:59:39 UTC] PHP Warning:  Undefined array key "numeroTicket" in /home/soluctem/sistema.soluctem.com.co/api/submit.php on line 32
[16-Jul-2025 16:59:39 UTC] PHP Warning:  Undefined array key "fecha" in /home/soluctem/sistema.soluctem.com.co/api/submit.php on line 33
[16-Jul-2025 16:59:39 UTC] PHP Warning:  Undefined array key "municipio" in /home/soluctem/sistema.soluctem.com.co/api/submit.php on line 34
[16-Jul-2025 16:59:39 UTC] PHP Warning:  Undefined array key "departamento" in /home/soluctem/sistema.soluctem.com.co/api/submit.php on line 35
[16-Jul-2025 16:59:39 UTC] PHP Warning:  Undefined array key "nombreEquipo" in /home/soluctem/sistema.soluctem.com.co/api/submit.php on line 36
[16-Jul-2025 16:59:39 UTC] PHP Warning:  Undefined array key "marca" in /home/soluctem/sistema.soluctem.com.co/api/submit.php on line 37
[16-Jul-2025 16:59:39 UTC] PHP Warning:  Undefined array key "serial" in /home/soluctem/sistema.soluctem.com.co/api/submit.php on line 38
[16-Jul-2025 16:59:39 UTC] PHP Warning:  Undefined array key "descripcionFalla" in /home/soluctem/sistema.soluctem.com.co/api/submit.php on line 39
[16-Jul-2025 16:59:39 UTC] PHP Warning:  Undefined array key "diagnosticoTecnico" in /home/soluctem/sistema.soluctem.com.co/api/submit.php on line 40
[16-Jul-2025 16:59:39 UTC] PHP Warning:  Undefined array key "repuestosCambiados" in /home/soluctem/sistema.soluctem.com.co/api/submit.php on line 41
[16-Jul-2025 16:59:39 UTC] PHP Warning:  Undefined array key "observaciones" in /home/soluctem/sistema.soluctem.com.co/api/submit.php on line 42
[16-Jul-2025 16:59:39 UTC] PHP Warning:  Undefined array key "seguridadRiesgoAccidentalidad" in /home/soluctem/sistema.soluctem.com.co/api/submit.php on line 43
[16-Jul-2025 16:59:39 UTC] PHP Warning:  Undefined array key "seguridadRiesgoEquipo" in /home/soluctem/sistema.soluctem.com.co/api/submit.php on line 44
[16-Jul-2025 16:59:39 UTC] PHP Warning:  Undefined array key "funcionamientoFallaSolucionada" in /home/soluctem/sistema.soluctem.com.co/api/submit.php on line 45
[16-Jul-2025 16:59:39 UTC] PHP Warning:  Undefined array key "funcionamientoPasosNormales" in /home/soluctem/sistema.soluctem.com.co/api/submit.php on line 46
[16-Jul-2025 16:59:39 UTC] PHP Warning:  Undefined array key "calidadTrabajo" in /home/soluctem/sistema.soluctem.com.co/api/submit.php on line 47
[16-Jul-2025 16:59:39 UTC] PHP Warning:  Undefined array key "limpiezaOrganizacionArmado" in /home/soluctem/sistema.soluctem.com.co/api/submit.php on line 48
[16-Jul-2025 16:59:39 UTC] PHP Warning:  Undefined array key "limpiezaOrganizacionAseado" in /home/soluctem/sistema.soluctem.com.co/api/submit.php on line 49
[16-Jul-2025 16:59:39 UTC] PHP Warning:  Undefined array key "capacitacionCausa" in /home/soluctem/sistema.soluctem.com.co/api/submit.php on line 50
[16-Jul-2025 16:59:39 UTC] PHP Warning:  Undefined array key "capacitacionPrevencion" in /home/soluctem/sistema.soluctem.com.co/api/submit.php on line 51
[16-Jul-2025 16:59:39 UTC] PHP Warning:  Undefined array key "capacitacionAccion" in /home/soluctem/sistema.soluctem.com.co/api/submit.php on line 52
[16-Jul-2025 16:59:39 UTC] PHP Warning:  Undefined array key "contratista1" in /home/soluctem/sistema.soluctem.com.co/api/submit.php on line 53
[16-Jul-2025 16:59:39 UTC] PHP Warning:  Undefined array key "cedula1" in /home/soluctem/sistema.soluctem.com.co/api/submit.php on line 54
[16-Jul-2025 16:59:39 UTC] PHP Warning:  Undefined array key "horaEntrada1" in /home/soluctem/sistema.soluctem.com.co/api/submit.php on line 55
[16-Jul-2025 16:59:39 UTC] PHP Warning:  Undefined array key "horaSalida1" in /home/soluctem/sistema.soluctem.com.co/api/submit.php on line 56
[16-Jul-2025 16:59:39 UTC] PHP Warning:  Undefined array key "contratista2" in /home/soluctem/sistema.soluctem.com.co/api/submit.php on line 57
[16-Jul-2025 16:59:39 UTC] PHP Warning:  Undefined array key "cedula2" in /home/soluctem/sistema.soluctem.com.co/api/submit.php on line 58
[16-Jul-2025 16:59:39 UTC] PHP Warning:  Undefined array key "horaEntrada2" in /home/soluctem/sistema.soluctem.com.co/api/submit.php on line 59
[16-Jul-2025 16:59:39 UTC] PHP Warning:  Undefined array key "horaSalida2" in /home/soluctem/sistema.soluctem.com.co/api/submit.php on line 60
[16-Jul-2025 16:59:39 UTC] PHP Warning:  Undefined array key "contratista3" in /home/soluctem/sistema.soluctem.com.co/api/submit.php on line 61
[16-Jul-2025 16:59:39 UTC] PHP Warning:  Undefined array key "cedula3" in /home/soluctem/sistema.soluctem.com.co/api/submit.php on line 62
[16-Jul-2025 16:59:39 UTC] PHP Warning:  Undefined array key "horaEntrada3" in /home/soluctem/sistema.soluctem.com.co/api/submit.php on line 63
[16-Jul-2025 16:59:39 UTC] PHP Warning:  Undefined array key "horaSalida3" in /home/soluctem/sistema.soluctem.com.co/api/submit.php on line 64
[16-Jul-2025 16:59:39 UTC] PHP Warning:  Undefined array key "contratista4" in /home/soluctem/sistema.soluctem.com.co/api/submit.php on line 65
[16-Jul-2025 16:59:39 UTC] PHP Warning:  Undefined array key "cedula4" in /home/soluctem/sistema.soluctem.com.co/api/submit.php on line 66
[16-Jul-2025 16:59:39 UTC] PHP Warning:  Undefined array key "horaEntrada4" in /home/soluctem/sistema.soluctem.com.co/api/submit.php on line 67
[16-Jul-2025 16:59:39 UTC] PHP Warning:  Undefined array key "horaSalida4" in /home/soluctem/sistema.soluctem.com.co/api/submit.php on line 68
[16-Jul-2025 16:59:39 UTC] PHP Warning:  Undefined array key "nombreFuncionario" in /home/soluctem/sistema.soluctem.com.co/api/submit.php on line 69
[16-Jul-2025 16:59:39 UTC] PHP Warning:  Undefined array key "cedulaFuncionario" in /home/soluctem/sistema.soluctem.com.co/api/submit.php on line 70
[16-Jul-2025 16:59:39 UTC] PHP Warning:  Undefined array key "cargoFuncionario" in /home/soluctem/sistema.soluctem.com.co/api/submit.php on line 71
[16-Jul-2025 16:59:39 UTC] PHP Warning:  Undefined array key "sapFuncionario" in /home/soluctem/sistema.soluctem.com.co/api/submit.php on line 72
[16-Jul-2025 16:59:39 UTC] PHP Warning:  Undefined array key "timestamp" in /home/soluctem/sistema.soluctem.com.co/api/submit.php on line 73
[16-Jul-2025 16:59:39 UTC] PHP Warning:  Undefined array key "asistenciaReparacion" in /home/soluctem/sistema.soluctem.com.co/api/submit.php on line 74
[16-Jul-2025 16:59:39 UTC] PHP Warning:  Undefined array key "asistenciaGarantia" in /home/soluctem/sistema.soluctem.com.co/api/submit.php on line 75
[16-Jul-2025 16:59:39 UTC] PHP Warning:  Undefined array key "asistenciaAjuste" in /home/soluctem/sistema.soluctem.com.co/api/submit.php on line 76
[16-Jul-2025 16:59:39 UTC] PHP Warning:  Undefined array key "asistenciaModificacion" in /home/soluctem/sistema.soluctem.com.co/api/submit.php on line 77
[16-Jul-2025 16:59:39 UTC] PHP Warning:  Undefined array key "asistenciaServicio" in /home/soluctem/sistema.soluctem.com.co/api/submit.php on line 78
[16-Jul-2025 16:59:39 UTC] PHP Warning:  Undefined array key "asistenciaMejora" in /home/soluctem/sistema.soluctem.com.co/api/submit.php on line 79
[16-Jul-2025 16:59:39 UTC] PHP Warning:  Undefined array key "asistenciaCombinacion" in /home/soluctem/sistema.soluctem.com.co/api/submit.php on line 80
[16-Jul-2025 16:59:39 UTC] PHP Warning:  Undefined array key "fallaOperacion" in /home/soluctem/sistema.soluctem.com.co/api/submit.php on line 81
[16-Jul-2025 16:59:39 UTC] PHP Warning:  Undefined array key "fallaMecanica" in /home/soluctem/sistema.soluctem.com.co/api/submit.php on line 82
[16-Jul-2025 16:59:39 UTC] PHP Warning:  Undefined array key "fallaElectrica" in /home/soluctem/sistema.soluctem.com.co/api/submit.php on line 83
[16-Jul-2025 16:59:39 UTC] PHP Warning:  Undefined array key "fallaTerceros" in /home/soluctem/sistema.soluctem.com.co/api/submit.php on line 84
[16-Jul-2025 16:59:39 UTC] PHP Warning:  Undefined array key "fallaFabricacion" in /home/soluctem/sistema.soluctem.com.co/api/submit.php on line 85
[16-Jul-2025 16:59:39 UTC] PHP Warning:  Undefined array key "firma_digital_cliente" in /home/soluctem/sistema.soluctem.com.co/api/submit.php on line 86
[16-Jul-2025 16:59:39 UTC] PHP Warning:  Undefined array key "firma_digital_tecnico" in /home/soluctem/sistema.soluctem.com.co/api/submit.php on line 87
[19-Jul-2025 17:00:37 UTC] PHP Warning:  Undefined array key "nombreSolicitante" in /home/soluctem/sistema.soluctem.com.co/api/submit.php on line 28
[19-Jul-2025 17:00:37 UTC] PHP Warning:  Undefined array key "cargo" in /home/soluctem/sistema.soluctem.com.co/api/submit.php on line 29
[19-Jul-2025 17:00:37 UTC] PHP Warning:  Undefined array key "nombreTienda" in /home/soluctem/sistema.soluctem.com.co/api/submit.php on line 30
[19-Jul-2025 17:00:37 UTC] PHP Warning:  Undefined array key "numeroTienda" in /home/soluctem/sistema.soluctem.com.co/api/submit.php on line 31
[19-Jul-2025 17:00:37 UTC] PHP Warning:  Undefined array key "numeroTicket" in /home/soluctem/sistema.soluctem.com.co/api/submit.php on line 32
[19-Jul-2025 17:00:37 UTC] PHP Warning:  Undefined array key "fecha" in /home/soluctem/sistema.soluctem.com.co/api/submit.php on line 33
[19-Jul-2025 17:00:37 UTC] PHP Warning:  Undefined array key "municipio" in /home/soluctem/sistema.soluctem.com.co/api/submit.php on line 34
[19-Jul-2025 17:00:37 UTC] PHP Warning:  Undefined array key "departamento" in /home/soluctem/sistema.soluctem.com.co/api/submit.php on line 35
[19-Jul-2025 17:00:37 UTC] PHP Warning:  Undefined array key "nombreEquipo" in /home/soluctem/sistema.soluctem.com.co/api/submit.php on line 36
[19-Jul-2025 17:00:37 UTC] PHP Warning:  Undefined array key "marca" in /home/soluctem/sistema.soluctem.com.co/api/submit.php on line 37
[19-Jul-2025 17:00:37 UTC] PHP Warning:  Undefined array key "serial" in /home/soluctem/sistema.soluctem.com.co/api/submit.php on line 38
[19-Jul-2025 17:00:37 UTC] PHP Warning:  Undefined array key "descripcionFalla" in /home/soluctem/sistema.soluctem.com.co/api/submit.php on line 39
[19-Jul-2025 17:00:37 UTC] PHP Warning:  Undefined array key "diagnosticoTecnico" in /home/soluctem/sistema.soluctem.com.co/api/submit.php on line 40
[19-Jul-2025 17:00:37 UTC] PHP Warning:  Undefined array key "repuestosCambiados" in /home/soluctem/sistema.soluctem.com.co/api/submit.php on line 41
[19-Jul-2025 17:00:37 UTC] PHP Warning:  Undefined array key "observaciones" in /home/soluctem/sistema.soluctem.com.co/api/submit.php on line 42
[19-Jul-2025 17:00:37 UTC] PHP Warning:  Undefined array key "seguridadRiesgoAccidentalidad" in /home/soluctem/sistema.soluctem.com.co/api/submit.php on line 43
[19-Jul-2025 17:00:37 UTC] PHP Warning:  Undefined array key "seguridadRiesgoEquipo" in /home/soluctem/sistema.soluctem.com.co/api/submit.php on line 44
[19-Jul-2025 17:00:37 UTC] PHP Warning:  Undefined array key "funcionamientoFallaSolucionada" in /home/soluctem/sistema.soluctem.com.co/api/submit.php on line 45
[19-Jul-2025 17:00:37 UTC] PHP Warning:  Undefined array key "funcionamientoPasosNormales" in /home/soluctem/sistema.soluctem.com.co/api/submit.php on line 46
[19-Jul-2025 17:00:37 UTC] PHP Warning:  Undefined array key "calidadTrabajo" in /home/soluctem/sistema.soluctem.com.co/api/submit.php on line 47
[19-Jul-2025 17:00:37 UTC] PHP Warning:  Undefined array key "limpiezaOrganizacionArmado" in /home/soluctem/sistema.soluctem.com.co/api/submit.php on line 48
[19-Jul-2025 17:00:37 UTC] PHP Warning:  Undefined array key "limpiezaOrganizacionAseado" in /home/soluctem/sistema.soluctem.com.co/api/submit.php on line 49
[19-Jul-2025 17:00:37 UTC] PHP Warning:  Undefined array key "capacitacionCausa" in /home/soluctem/sistema.soluctem.com.co/api/submit.php on line 50
[19-Jul-2025 17:00:37 UTC] PHP Warning:  Undefined array key "capacitacionPrevencion" in /home/soluctem/sistema.soluctem.com.co/api/submit.php on line 51
[19-Jul-2025 17:00:37 UTC] PHP Warning:  Undefined array key "capacitacionAccion" in /home/soluctem/sistema.soluctem.com.co/api/submit.php on line 52
[19-Jul-2025 17:00:37 UTC] PHP Warning:  Undefined array key "contratista1" in /home/soluctem/sistema.soluctem.com.co/api/submit.php on line 53
[19-Jul-2025 17:00:37 UTC] PHP Warning:  Undefined array key "cedula1" in /home/soluctem/sistema.soluctem.com.co/api/submit.php on line 54
[19-Jul-2025 17:00:37 UTC] PHP Warning:  Undefined array key "horaEntrada1" in /home/soluctem/sistema.soluctem.com.co/api/submit.php on line 55
[19-Jul-2025 17:00:37 UTC] PHP Warning:  Undefined array key "horaSalida1" in /home/soluctem/sistema.soluctem.com.co/api/submit.php on line 56
[19-Jul-2025 17:00:37 UTC] PHP Warning:  Undefined array key "contratista2" in /home/soluctem/sistema.soluctem.com.co/api/submit.php on line 57
[19-Jul-2025 17:00:37 UTC] PHP Warning:  Undefined array key "cedula2" in /home/soluctem/sistema.soluctem.com.co/api/submit.php on line 58
[19-Jul-2025 17:00:37 UTC] PHP Warning:  Undefined array key "horaEntrada2" in /home/soluctem/sistema.soluctem.com.co/api/submit.php on line 59
[19-Jul-2025 17:00:37 UTC] PHP Warning:  Undefined array key "horaSalida2" in /home/soluctem/sistema.soluctem.com.co/api/submit.php on line 60
[19-Jul-2025 17:00:37 UTC] PHP Warning:  Undefined array key "contratista3" in /home/soluctem/sistema.soluctem.com.co/api/submit.php on line 61
[19-Jul-2025 17:00:37 UTC] PHP Warning:  Undefined array key "cedula3" in /home/soluctem/sistema.soluctem.com.co/api/submit.php on line 62
[19-Jul-2025 17:00:37 UTC] PHP Warning:  Undefined array key "horaEntrada3" in /home/soluctem/sistema.soluctem.com.co/api/submit.php on line 63
[19-Jul-2025 17:00:37 UTC] PHP Warning:  Undefined array key "horaSalida3" in /home/soluctem/sistema.soluctem.com.co/api/submit.php on line 64
[19-Jul-2025 17:00:37 UTC] PHP Warning:  Undefined array key "contratista4" in /home/soluctem/sistema.soluctem.com.co/api/submit.php on line 65
[19-Jul-2025 17:00:37 UTC] PHP Warning:  Undefined array key "cedula4" in /home/soluctem/sistema.soluctem.com.co/api/submit.php on line 66
[19-Jul-2025 17:00:37 UTC] PHP Warning:  Undefined array key "horaEntrada4" in /home/soluctem/sistema.soluctem.com.co/api/submit.php on line 67
[19-Jul-2025 17:00:37 UTC] PHP Warning:  Undefined array key "horaSalida4" in /home/soluctem/sistema.soluctem.com.co/api/submit.php on line 68
[19-Jul-2025 17:00:37 UTC] PHP Warning:  Undefined array key "nombreFuncionario" in /home/soluctem/sistema.soluctem.com.co/api/submit.php on line 69
[19-Jul-2025 17:00:37 UTC] PHP Warning:  Undefined array key "cedulaFuncionario" in /home/soluctem/sistema.soluctem.com.co/api/submit.php on line 70
[19-Jul-2025 17:00:37 UTC] PHP Warning:  Undefined array key "cargoFuncionario" in /home/soluctem/sistema.soluctem.com.co/api/submit.php on line 71
[19-Jul-2025 17:00:37 UTC] PHP Warning:  Undefined array key "sapFuncionario" in /home/soluctem/sistema.soluctem.com.co/api/submit.php on line 72
[19-Jul-2025 17:00:37 UTC] PHP Warning:  Undefined array key "timestamp" in /home/soluctem/sistema.soluctem.com.co/api/submit.php on line 73
[19-Jul-2025 17:00:37 UTC] PHP Warning:  Undefined array key "asistenciaReparacion" in /home/soluctem/sistema.soluctem.com.co/api/submit.php on line 74
[19-Jul-2025 17:00:37 UTC] PHP Warning:  Undefined array key "asistenciaGarantia" in /home/soluctem/sistema.soluctem.com.co/api/submit.php on line 75
[19-Jul-2025 17:00:37 UTC] PHP Warning:  Undefined array key "asistenciaAjuste" in /home/soluctem/sistema.soluctem.com.co/api/submit.php on line 76
[19-Jul-2025 17:00:37 UTC] PHP Warning:  Undefined array key "asistenciaModificacion" in /home/soluctem/sistema.soluctem.com.co/api/submit.php on line 77
[19-Jul-2025 17:00:37 UTC] PHP Warning:  Undefined array key "asistenciaServicio" in /home/soluctem/sistema.soluctem.com.co/api/submit.php on line 78
[19-Jul-2025 17:00:37 UTC] PHP Warning:  Undefined array key "asistenciaMejora" in /home/soluctem/sistema.soluctem.com.co/api/submit.php on line 79
[19-Jul-2025 17:00:37 UTC] PHP Warning:  Undefined array key "asistenciaCombinacion" in /home/soluctem/sistema.soluctem.com.co/api/submit.php on line 80
[19-Jul-2025 17:00:37 UTC] PHP Warning:  Undefined array key "fallaOperacion" in /home/soluctem/sistema.soluctem.com.co/api/submit.php on line 81
[19-Jul-2025 17:00:37 UTC] PHP Warning:  Undefined array key "fallaMecanica" in /home/soluctem/sistema.soluctem.com.co/api/submit.php on line 82
[19-Jul-2025 17:00:37 UTC] PHP Warning:  Undefined array key "fallaElectrica" in /home/soluctem/sistema.soluctem.com.co/api/submit.php on line 83
[19-Jul-2025 17:00:37 UTC] PHP Warning:  Undefined array key "fallaTerceros" in /home/soluctem/sistema.soluctem.com.co/api/submit.php on line 84
[19-Jul-2025 17:00:37 UTC] PHP Warning:  Undefined array key "fallaFabricacion" in /home/soluctem/sistema.soluctem.com.co/api/submit.php on line 85
[19-Jul-2025 17:00:37 UTC] PHP Warning:  Undefined array key "firma_digital_cliente" in /home/soluctem/sistema.soluctem.com.co/api/submit.php on line 86
[19-Jul-2025 17:00:37 UTC] PHP Warning:  Undefined array key "firma_digital_tecnico" in /home/soluctem/sistema.soluctem.com.co/api/submit.php on line 87
[21-Jul-2025 03:32:46 UTC] PHP Warning:  Undefined array key "nombreSolicitante" in /home/soluctem/sistema.soluctem.com.co/api/submit.php on line 28
[21-Jul-2025 03:32:46 UTC] PHP Warning:  Undefined array key "cargo" in /home/soluctem/sistema.soluctem.com.co/api/submit.php on line 29
[21-Jul-2025 03:32:46 UTC] PHP Warning:  Undefined array key "nombreTienda" in /home/soluctem/sistema.soluctem.com.co/api/submit.php on line 30
[21-Jul-2025 03:32:46 UTC] PHP Warning:  Undefined array key "numeroTienda" in /home/soluctem/sistema.soluctem.com.co/api/submit.php on line 31
[21-Jul-2025 03:32:46 UTC] PHP Warning:  Undefined array key "numeroTicket" in /home/soluctem/sistema.soluctem.com.co/api/submit.php on line 32
[21-Jul-2025 03:32:46 UTC] PHP Warning:  Undefined array key "fecha" in /home/soluctem/sistema.soluctem.com.co/api/submit.php on line 33
[21-Jul-2025 03:32:46 UTC] PHP Warning:  Undefined array key "municipio" in /home/soluctem/sistema.soluctem.com.co/api/submit.php on line 34
[21-Jul-2025 03:32:46 UTC] PHP Warning:  Undefined array key "departamento" in /home/soluctem/sistema.soluctem.com.co/api/submit.php on line 35
[21-Jul-2025 03:32:46 UTC] PHP Warning:  Undefined array key "nombreEquipo" in /home/soluctem/sistema.soluctem.com.co/api/submit.php on line 36
[21-Jul-2025 03:32:46 UTC] PHP Warning:  Undefined array key "marca" in /home/soluctem/sistema.soluctem.com.co/api/submit.php on line 37
[21-Jul-2025 03:32:46 UTC] PHP Warning:  Undefined array key "serial" in /home/soluctem/sistema.soluctem.com.co/api/submit.php on line 38
[21-Jul-2025 03:32:46 UTC] PHP Warning:  Undefined array key "descripcionFalla" in /home/soluctem/sistema.soluctem.com.co/api/submit.php on line 39
[21-Jul-2025 03:32:46 UTC] PHP Warning:  Undefined array key "diagnosticoTecnico" in /home/soluctem/sistema.soluctem.com.co/api/submit.php on line 40
[21-Jul-2025 03:32:46 UTC] PHP Warning:  Undefined array key "repuestosCambiados" in /home/soluctem/sistema.soluctem.com.co/api/submit.php on line 41
[21-Jul-2025 03:32:46 UTC] PHP Warning:  Undefined array key "observaciones" in /home/soluctem/sistema.soluctem.com.co/api/submit.php on line 42
[21-Jul-2025 03:32:46 UTC] PHP Warning:  Undefined array key "seguridadRiesgoAccidentalidad" in /home/soluctem/sistema.soluctem.com.co/api/submit.php on line 43
[21-Jul-2025 03:32:46 UTC] PHP Warning:  Undefined array key "seguridadRiesgoEquipo" in /home/soluctem/sistema.soluctem.com.co/api/submit.php on line 44
[21-Jul-2025 03:32:46 UTC] PHP Warning:  Undefined array key "funcionamientoFallaSolucionada" in /home/soluctem/sistema.soluctem.com.co/api/submit.php on line 45
[21-Jul-2025 03:32:46 UTC] PHP Warning:  Undefined array key "funcionamientoPasosNormales" in /home/soluctem/sistema.soluctem.com.co/api/submit.php on line 46
[21-Jul-2025 03:32:46 UTC] PHP Warning:  Undefined array key "calidadTrabajo" in /home/soluctem/sistema.soluctem.com.co/api/submit.php on line 47
[21-Jul-2025 03:32:46 UTC] PHP Warning:  Undefined array key "limpiezaOrganizacionArmado" in /home/soluctem/sistema.soluctem.com.co/api/submit.php on line 48
[21-Jul-2025 03:32:46 UTC] PHP Warning:  Undefined array key "limpiezaOrganizacionAseado" in /home/soluctem/sistema.soluctem.com.co/api/submit.php on line 49
[21-Jul-2025 03:32:46 UTC] PHP Warning:  Undefined array key "capacitacionCausa" in /home/soluctem/sistema.soluctem.com.co/api/submit.php on line 50
[21-Jul-2025 03:32:46 UTC] PHP Warning:  Undefined array key "capacitacionPrevencion" in /home/soluctem/sistema.soluctem.com.co/api/submit.php on line 51
[21-Jul-2025 03:32:46 UTC] PHP Warning:  Undefined array key "capacitacionAccion" in /home/soluctem/sistema.soluctem.com.co/api/submit.php on line 52
[21-Jul-2025 03:32:46 UTC] PHP Warning:  Undefined array key "contratista1" in /home/soluctem/sistema.soluctem.com.co/api/submit.php on line 53
[21-Jul-2025 03:32:46 UTC] PHP Warning:  Undefined array key "cedula1" in /home/soluctem/sistema.soluctem.com.co/api/submit.php on line 54
[21-Jul-2025 03:32:46 UTC] PHP Warning:  Undefined array key "horaEntrada1" in /home/soluctem/sistema.soluctem.com.co/api/submit.php on line 55
[21-Jul-2025 03:32:46 UTC] PHP Warning:  Undefined array key "horaSalida1" in /home/soluctem/sistema.soluctem.com.co/api/submit.php on line 56
[21-Jul-2025 03:32:46 UTC] PHP Warning:  Undefined array key "contratista2" in /home/soluctem/sistema.soluctem.com.co/api/submit.php on line 57
[21-Jul-2025 03:32:46 UTC] PHP Warning:  Undefined array key "cedula2" in /home/soluctem/sistema.soluctem.com.co/api/submit.php on line 58
[21-Jul-2025 03:32:46 UTC] PHP Warning:  Undefined array key "horaEntrada2" in /home/soluctem/sistema.soluctem.com.co/api/submit.php on line 59
[21-Jul-2025 03:32:46 UTC] PHP Warning:  Undefined array key "horaSalida2" in /home/soluctem/sistema.soluctem.com.co/api/submit.php on line 60
[21-Jul-2025 03:32:46 UTC] PHP Warning:  Undefined array key "contratista3" in /home/soluctem/sistema.soluctem.com.co/api/submit.php on line 61
[21-Jul-2025 03:32:46 UTC] PHP Warning:  Undefined array key "cedula3" in /home/soluctem/sistema.soluctem.com.co/api/submit.php on line 62
[21-Jul-2025 03:32:46 UTC] PHP Warning:  Undefined array key "horaEntrada3" in /home/soluctem/sistema.soluctem.com.co/api/submit.php on line 63
[21-Jul-2025 03:32:46 UTC] PHP Warning:  Undefined array key "horaSalida3" in /home/soluctem/sistema.soluctem.com.co/api/submit.php on line 64
[21-Jul-2025 03:32:46 UTC] PHP Warning:  Undefined array key "contratista4" in /home/soluctem/sistema.soluctem.com.co/api/submit.php on line 65
[21-Jul-2025 03:32:46 UTC] PHP Warning:  Undefined array key "cedula4" in /home/soluctem/sistema.soluctem.com.co/api/submit.php on line 66
[21-Jul-2025 03:32:46 UTC] PHP Warning:  Undefined array key "horaEntrada4" in /home/soluctem/sistema.soluctem.com.co/api/submit.php on line 67
[21-Jul-2025 03:32:46 UTC] PHP Warning:  Undefined array key "horaSalida4" in /home/soluctem/sistema.soluctem.com.co/api/submit.php on line 68
[21-Jul-2025 03:32:46 UTC] PHP Warning:  Undefined array key "nombreFuncionario" in /home/soluctem/sistema.soluctem.com.co/api/submit.php on line 69
[21-Jul-2025 03:32:46 UTC] PHP Warning:  Undefined array key "cedulaFuncionario" in /home/soluctem/sistema.soluctem.com.co/api/submit.php on line 70
[21-Jul-2025 03:32:46 UTC] PHP Warning:  Undefined array key "cargoFuncionario" in /home/soluctem/sistema.soluctem.com.co/api/submit.php on line 71
[21-Jul-2025 03:32:46 UTC] PHP Warning:  Undefined array key "sapFuncionario" in /home/soluctem/sistema.soluctem.com.co/api/submit.php on line 72
[21-Jul-2025 03:32:46 UTC] PHP Warning:  Undefined array key "timestamp" in /home/soluctem/sistema.soluctem.com.co/api/submit.php on line 73
[21-Jul-2025 03:32:46 UTC] PHP Warning:  Undefined array key "asistenciaReparacion" in /home/soluctem/sistema.soluctem.com.co/api/submit.php on line 74
[21-Jul-2025 03:32:46 UTC] PHP Warning:  Undefined array key "asistenciaGarantia" in /home/soluctem/sistema.soluctem.com.co/api/submit.php on line 75
[21-Jul-2025 03:32:46 UTC] PHP Warning:  Undefined array key "asistenciaAjuste" in /home/soluctem/sistema.soluctem.com.co/api/submit.php on line 76
[21-Jul-2025 03:32:46 UTC] PHP Warning:  Undefined array key "asistenciaModificacion" in /home/soluctem/sistema.soluctem.com.co/api/submit.php on line 77
[21-Jul-2025 03:32:46 UTC] PHP Warning:  Undefined array key "asistenciaServicio" in /home/soluctem/sistema.soluctem.com.co/api/submit.php on line 78
[21-Jul-2025 03:32:46 UTC] PHP Warning:  Undefined array key "asistenciaMejora" in /home/soluctem/sistema.soluctem.com.co/api/submit.php on line 79
[21-Jul-2025 03:32:46 UTC] PHP Warning:  Undefined array key "asistenciaCombinacion" in /home/soluctem/sistema.soluctem.com.co/api/submit.php on line 80
[21-Jul-2025 03:32:46 UTC] PHP Warning:  Undefined array key "fallaOperacion" in /home/soluctem/sistema.soluctem.com.co/api/submit.php on line 81
[21-Jul-2025 03:32:46 UTC] PHP Warning:  Undefined array key "fallaMecanica" in /home/soluctem/sistema.soluctem.com.co/api/submit.php on line 82
[21-Jul-2025 03:32:46 UTC] PHP Warning:  Undefined array key "fallaElectrica" in /home/soluctem/sistema.soluctem.com.co/api/submit.php on line 83
[21-Jul-2025 03:32:46 UTC] PHP Warning:  Undefined array key "fallaTerceros" in /home/soluctem/sistema.soluctem.com.co/api/submit.php on line 84
[21-Jul-2025 03:32:46 UTC] PHP Warning:  Undefined array key "fallaFabricacion" in /home/soluctem/sistema.soluctem.com.co/api/submit.php on line 85
[21-Jul-2025 03:32:46 UTC] PHP Warning:  Undefined array key "firma_digital_cliente" in /home/soluctem/sistema.soluctem.com.co/api/submit.php on line 86
[21-Jul-2025 03:32:46 UTC] PHP Warning:  Undefined array key "firma_digital_tecnico" in /home/soluctem/sistema.soluctem.com.co/api/submit.php on line 87
[21-Jul-2025 03:44:24 UTC] PHP Warning:  Undefined array key "nombreSolicitante" in /home/soluctem/sistema.soluctem.com.co/api/submit.php on line 28
[21-Jul-2025 03:44:24 UTC] PHP Warning:  Undefined array key "cargo" in /home/soluctem/sistema.soluctem.com.co/api/submit.php on line 29
[21-Jul-2025 03:44:24 UTC] PHP Warning:  Undefined array key "nombreTienda" in /home/soluctem/sistema.soluctem.com.co/api/submit.php on line 30
[21-Jul-2025 03:44:24 UTC] PHP Warning:  Undefined array key "numeroTienda" in /home/soluctem/sistema.soluctem.com.co/api/submit.php on line 31
[21-Jul-2025 03:44:24 UTC] PHP Warning:  Undefined array key "numeroTicket" in /home/soluctem/sistema.soluctem.com.co/api/submit.php on line 32
[21-Jul-2025 03:44:24 UTC] PHP Warning:  Undefined array key "fecha" in /home/soluctem/sistema.soluctem.com.co/api/submit.php on line 33
[21-Jul-2025 03:44:24 UTC] PHP Warning:  Undefined array key "municipio" in /home/soluctem/sistema.soluctem.com.co/api/submit.php on line 34
[21-Jul-2025 03:44:24 UTC] PHP Warning:  Undefined array key "departamento" in /home/soluctem/sistema.soluctem.com.co/api/submit.php on line 35
[21-Jul-2025 03:44:24 UTC] PHP Warning:  Undefined array key "nombreEquipo" in /home/soluctem/sistema.soluctem.com.co/api/submit.php on line 36
[21-Jul-2025 03:44:24 UTC] PHP Warning:  Undefined array key "marca" in /home/soluctem/sistema.soluctem.com.co/api/submit.php on line 37
[21-Jul-2025 03:44:24 UTC] PHP Warning:  Undefined array key "serial" in /home/soluctem/sistema.soluctem.com.co/api/submit.php on line 38
[21-Jul-2025 03:44:24 UTC] PHP Warning:  Undefined array key "descripcionFalla" in /home/soluctem/sistema.soluctem.com.co/api/submit.php on line 39
[21-Jul-2025 03:44:24 UTC] PHP Warning:  Undefined array key "diagnosticoTecnico" in /home/soluctem/sistema.soluctem.com.co/api/submit.php on line 40
[21-Jul-2025 03:44:24 UTC] PHP Warning:  Undefined array key "repuestosCambiados" in /home/soluctem/sistema.soluctem.com.co/api/submit.php on line 41
[21-Jul-2025 03:44:24 UTC] PHP Warning:  Undefined array key "observaciones" in /home/soluctem/sistema.soluctem.com.co/api/submit.php on line 42
[21-Jul-2025 03:44:24 UTC] PHP Warning:  Undefined array key "seguridadRiesgoAccidentalidad" in /home/soluctem/sistema.soluctem.com.co/api/submit.php on line 43
[21-Jul-2025 03:44:24 UTC] PHP Warning:  Undefined array key "seguridadRiesgoEquipo" in /home/soluctem/sistema.soluctem.com.co/api/submit.php on line 44
[21-Jul-2025 03:44:24 UTC] PHP Warning:  Undefined array key "funcionamientoFallaSolucionada" in /home/soluctem/sistema.soluctem.com.co/api/submit.php on line 45
[21-Jul-2025 03:44:24 UTC] PHP Warning:  Undefined array key "funcionamientoPasosNormales" in /home/soluctem/sistema.soluctem.com.co/api/submit.php on line 46
[21-Jul-2025 03:44:24 UTC] PHP Warning:  Undefined array key "calidadTrabajo" in /home/soluctem/sistema.soluctem.com.co/api/submit.php on line 47
[21-Jul-2025 03:44:24 UTC] PHP Warning:  Undefined array key "limpiezaOrganizacionArmado" in /home/soluctem/sistema.soluctem.com.co/api/submit.php on line 48
[21-Jul-2025 03:44:24 UTC] PHP Warning:  Undefined array key "limpiezaOrganizacionAseado" in /home/soluctem/sistema.soluctem.com.co/api/submit.php on line 49
[21-Jul-2025 03:44:24 UTC] PHP Warning:  Undefined array key "capacitacionCausa" in /home/soluctem/sistema.soluctem.com.co/api/submit.php on line 50
[21-Jul-2025 03:44:24 UTC] PHP Warning:  Undefined array key "capacitacionPrevencion" in /home/soluctem/sistema.soluctem.com.co/api/submit.php on line 51
[21-Jul-2025 03:44:24 UTC] PHP Warning:  Undefined array key "capacitacionAccion" in /home/soluctem/sistema.soluctem.com.co/api/submit.php on line 52
[21-Jul-2025 03:44:24 UTC] PHP Warning:  Undefined array key "contratista1" in /home/soluctem/sistema.soluctem.com.co/api/submit.php on line 53
[21-Jul-2025 03:44:24 UTC] PHP Warning:  Undefined array key "cedula1" in /home/soluctem/sistema.soluctem.com.co/api/submit.php on line 54
[21-Jul-2025 03:44:24 UTC] PHP Warning:  Undefined array key "horaEntrada1" in /home/soluctem/sistema.soluctem.com.co/api/submit.php on line 55
[21-Jul-2025 03:44:24 UTC] PHP Warning:  Undefined array key "horaSalida1" in /home/soluctem/sistema.soluctem.com.co/api/submit.php on line 56
[21-Jul-2025 03:44:24 UTC] PHP Warning:  Undefined array key "contratista2" in /home/soluctem/sistema.soluctem.com.co/api/submit.php on line 57
[21-Jul-2025 03:44:24 UTC] PHP Warning:  Undefined array key "cedula2" in /home/soluctem/sistema.soluctem.com.co/api/submit.php on line 58
[21-Jul-2025 03:44:24 UTC] PHP Warning:  Undefined array key "horaEntrada2" in /home/soluctem/sistema.soluctem.com.co/api/submit.php on line 59
[21-Jul-2025 03:44:24 UTC] PHP Warning:  Undefined array key "horaSalida2" in /home/soluctem/sistema.soluctem.com.co/api/submit.php on line 60
[21-Jul-2025 03:44:24 UTC] PHP Warning:  Undefined array key "contratista3" in /home/soluctem/sistema.soluctem.com.co/api/submit.php on line 61
[21-Jul-2025 03:44:24 UTC] PHP Warning:  Undefined array key "cedula3" in /home/soluctem/sistema.soluctem.com.co/api/submit.php on line 62
[21-Jul-2025 03:44:24 UTC] PHP Warning:  Undefined array key "horaEntrada3" in /home/soluctem/sistema.soluctem.com.co/api/submit.php on line 63
[21-Jul-2025 03:44:24 UTC] PHP Warning:  Undefined array key "horaSalida3" in /home/soluctem/sistema.soluctem.com.co/api/submit.php on line 64
[21-Jul-2025 03:44:24 UTC] PHP Warning:  Undefined array key "contratista4" in /home/soluctem/sistema.soluctem.com.co/api/submit.php on line 65
[21-Jul-2025 03:44:24 UTC] PHP Warning:  Undefined array key "cedula4" in /home/soluctem/sistema.soluctem.com.co/api/submit.php on line 66
[21-Jul-2025 03:44:24 UTC] PHP Warning:  Undefined array key "horaEntrada4" in /home/soluctem/sistema.soluctem.com.co/api/submit.php on line 67
[21-Jul-2025 03:44:24 UTC] PHP Warning:  Undefined array key "horaSalida4" in /home/soluctem/sistema.soluctem.com.co/api/submit.php on line 68
[21-Jul-2025 03:44:24 UTC] PHP Warning:  Undefined array key "nombreFuncionario" in /home/soluctem/sistema.soluctem.com.co/api/submit.php on line 69
[21-Jul-2025 03:44:24 UTC] PHP Warning:  Undefined array key "cedulaFuncionario" in /home/soluctem/sistema.soluctem.com.co/api/submit.php on line 70
[21-Jul-2025 03:44:24 UTC] PHP Warning:  Undefined array key "cargoFuncionario" in /home/soluctem/sistema.soluctem.com.co/api/submit.php on line 71
[21-Jul-2025 03:44:24 UTC] PHP Warning:  Undefined array key "sapFuncionario" in /home/soluctem/sistema.soluctem.com.co/api/submit.php on line 72
[21-Jul-2025 03:44:24 UTC] PHP Warning:  Undefined array key "timestamp" in /home/soluctem/sistema.soluctem.com.co/api/submit.php on line 73
[21-Jul-2025 03:44:24 UTC] PHP Warning:  Undefined array key "asistenciaReparacion" in /home/soluctem/sistema.soluctem.com.co/api/submit.php on line 74
[21-Jul-2025 03:44:24 UTC] PHP Warning:  Undefined array key "asistenciaGarantia" in /home/soluctem/sistema.soluctem.com.co/api/submit.php on line 75
[21-Jul-2025 03:44:24 UTC] PHP Warning:  Undefined array key "asistenciaAjuste" in /home/soluctem/sistema.soluctem.com.co/api/submit.php on line 76
[21-Jul-2025 03:44:24 UTC] PHP Warning:  Undefined array key "asistenciaModificacion" in /home/soluctem/sistema.soluctem.com.co/api/submit.php on line 77
[21-Jul-2025 03:44:24 UTC] PHP Warning:  Undefined array key "asistenciaServicio" in /home/soluctem/sistema.soluctem.com.co/api/submit.php on line 78
[21-Jul-2025 03:44:24 UTC] PHP Warning:  Undefined array key "asistenciaMejora" in /home/soluctem/sistema.soluctem.com.co/api/submit.php on line 79
[21-Jul-2025 03:44:24 UTC] PHP Warning:  Undefined array key "asistenciaCombinacion" in /home/soluctem/sistema.soluctem.com.co/api/submit.php on line 80
[21-Jul-2025 03:44:24 UTC] PHP Warning:  Undefined array key "fallaOperacion" in /home/soluctem/sistema.soluctem.com.co/api/submit.php on line 81
[21-Jul-2025 03:44:24 UTC] PHP Warning:  Undefined array key "fallaMecanica" in /home/soluctem/sistema.soluctem.com.co/api/submit.php on line 82
[21-Jul-2025 03:44:24 UTC] PHP Warning:  Undefined array key "fallaElectrica" in /home/soluctem/sistema.soluctem.com.co/api/submit.php on line 83
[21-Jul-2025 03:44:24 UTC] PHP Warning:  Undefined array key "fallaTerceros" in /home/soluctem/sistema.soluctem.com.co/api/submit.php on line 84
[21-Jul-2025 03:44:24 UTC] PHP Warning:  Undefined array key "fallaFabricacion" in /home/soluctem/sistema.soluctem.com.co/api/submit.php on line 85
[21-Jul-2025 03:44:24 UTC] PHP Warning:  Undefined array key "firma_digital_cliente" in /home/soluctem/sistema.soluctem.com.co/api/submit.php on line 86
[21-Jul-2025 03:44:24 UTC] PHP Warning:  Undefined array key "firma_digital_tecnico" in /home/soluctem/sistema.soluctem.com.co/api/submit.php on line 87
[21-Jul-2025 13:26:04 UTC] PHP Warning:  Undefined array key "nombreSolicitante" in /home/soluctem/sistema.soluctem.com.co/api/submit.php on line 28
[21-Jul-2025 13:26:04 UTC] PHP Warning:  Undefined array key "cargo" in /home/soluctem/sistema.soluctem.com.co/api/submit.php on line 29
[21-Jul-2025 13:26:04 UTC] PHP Warning:  Undefined array key "nombreTienda" in /home/soluctem/sistema.soluctem.com.co/api/submit.php on line 30
[21-Jul-2025 13:26:04 UTC] PHP Warning:  Undefined array key "numeroTienda" in /home/soluctem/sistema.soluctem.com.co/api/submit.php on line 31
[21-Jul-2025 13:26:04 UTC] PHP Warning:  Undefined array key "numeroTicket" in /home/soluctem/sistema.soluctem.com.co/api/submit.php on line 32
[21-Jul-2025 13:26:04 UTC] PHP Warning:  Undefined array key "fecha" in /home/soluctem/sistema.soluctem.com.co/api/submit.php on line 33
[21-Jul-2025 13:26:04 UTC] PHP Warning:  Undefined array key "municipio" in /home/soluctem/sistema.soluctem.com.co/api/submit.php on line 34
[21-Jul-2025 13:26:04 UTC] PHP Warning:  Undefined array key "departamento" in /home/soluctem/sistema.soluctem.com.co/api/submit.php on line 35
[21-Jul-2025 13:26:04 UTC] PHP Warning:  Undefined array key "nombreEquipo" in /home/soluctem/sistema.soluctem.com.co/api/submit.php on line 36
[21-Jul-2025 13:26:04 UTC] PHP Warning:  Undefined array key "marca" in /home/soluctem/sistema.soluctem.com.co/api/submit.php on line 37
[21-Jul-2025 13:26:04 UTC] PHP Warning:  Undefined array key "serial" in /home/soluctem/sistema.soluctem.com.co/api/submit.php on line 38
[21-Jul-2025 13:26:04 UTC] PHP Warning:  Undefined array key "descripcionFalla" in /home/soluctem/sistema.soluctem.com.co/api/submit.php on line 39
[21-Jul-2025 13:26:04 UTC] PHP Warning:  Undefined array key "diagnosticoTecnico" in /home/soluctem/sistema.soluctem.com.co/api/submit.php on line 40
[21-Jul-2025 13:26:04 UTC] PHP Warning:  Undefined array key "repuestosCambiados" in /home/soluctem/sistema.soluctem.com.co/api/submit.php on line 41
[21-Jul-2025 13:26:04 UTC] PHP Warning:  Undefined array key "observaciones" in /home/soluctem/sistema.soluctem.com.co/api/submit.php on line 42
[21-Jul-2025 13:26:04 UTC] PHP Warning:  Undefined array key "seguridadRiesgoAccidentalidad" in /home/soluctem/sistema.soluctem.com.co/api/submit.php on line 43
[21-Jul-2025 13:26:04 UTC] PHP Warning:  Undefined array key "seguridadRiesgoEquipo" in /home/soluctem/sistema.soluctem.com.co/api/submit.php on line 44
[21-Jul-2025 13:26:04 UTC] PHP Warning:  Undefined array key "funcionamientoFallaSolucionada" in /home/soluctem/sistema.soluctem.com.co/api/submit.php on line 45
[21-Jul-2025 13:26:04 UTC] PHP Warning:  Undefined array key "funcionamientoPasosNormales" in /home/soluctem/sistema.soluctem.com.co/api/submit.php on line 46
[21-Jul-2025 13:26:04 UTC] PHP Warning:  Undefined array key "calidadTrabajo" in /home/soluctem/sistema.soluctem.com.co/api/submit.php on line 47
[21-Jul-2025 13:26:04 UTC] PHP Warning:  Undefined array key "limpiezaOrganizacionArmado" in /home/soluctem/sistema.soluctem.com.co/api/submit.php on line 48
[21-Jul-2025 13:26:04 UTC] PHP Warning:  Undefined array key "limpiezaOrganizacionAseado" in /home/soluctem/sistema.soluctem.com.co/api/submit.php on line 49
[21-Jul-2025 13:26:04 UTC] PHP Warning:  Undefined array key "capacitacionCausa" in /home/soluctem/sistema.soluctem.com.co/api/submit.php on line 50
[21-Jul-2025 13:26:04 UTC] PHP Warning:  Undefined array key "capacitacionPrevencion" in /home/soluctem/sistema.soluctem.com.co/api/submit.php on line 51
[21-Jul-2025 13:26:04 UTC] PHP Warning:  Undefined array key "capacitacionAccion" in /home/soluctem/sistema.soluctem.com.co/api/submit.php on line 52
[21-Jul-2025 13:26:04 UTC] PHP Warning:  Undefined array key "contratista1" in /home/soluctem/sistema.soluctem.com.co/api/submit.php on line 53
[21-Jul-2025 13:26:04 UTC] PHP Warning:  Undefined array key "cedula1" in /home/soluctem/sistema.soluctem.com.co/api/submit.php on line 54
[21-Jul-2025 13:26:04 UTC] PHP Warning:  Undefined array key "horaEntrada1" in /home/soluctem/sistema.soluctem.com.co/api/submit.php on line 55
[21-Jul-2025 13:26:04 UTC] PHP Warning:  Undefined array key "horaSalida1" in /home/soluctem/sistema.soluctem.com.co/api/submit.php on line 56
[21-Jul-2025 13:26:04 UTC] PHP Warning:  Undefined array key "contratista2" in /home/soluctem/sistema.soluctem.com.co/api/submit.php on line 57
[21-Jul-2025 13:26:04 UTC] PHP Warning:  Undefined array key "cedula2" in /home/soluctem/sistema.soluctem.com.co/api/submit.php on line 58
[21-Jul-2025 13:26:04 UTC] PHP Warning:  Undefined array key "horaEntrada2" in /home/soluctem/sistema.soluctem.com.co/api/submit.php on line 59
[21-Jul-2025 13:26:04 UTC] PHP Warning:  Undefined array key "horaSalida2" in /home/soluctem/sistema.soluctem.com.co/api/submit.php on line 60
[21-Jul-2025 13:26:04 UTC] PHP Warning:  Undefined array key "contratista3" in /home/soluctem/sistema.soluctem.com.co/api/submit.php on line 61
[21-Jul-2025 13:26:04 UTC] PHP Warning:  Undefined array key "cedula3" in /home/soluctem/sistema.soluctem.com.co/api/submit.php on line 62
[21-Jul-2025 13:26:04 UTC] PHP Warning:  Undefined array key "horaEntrada3" in /home/soluctem/sistema.soluctem.com.co/api/submit.php on line 63
[21-Jul-2025 13:26:04 UTC] PHP Warning:  Undefined array key "horaSalida3" in /home/soluctem/sistema.soluctem.com.co/api/submit.php on line 64
[21-Jul-2025 13:26:04 UTC] PHP Warning:  Undefined array key "contratista4" in /home/soluctem/sistema.soluctem.com.co/api/submit.php on line 65
[21-Jul-2025 13:26:04 UTC] PHP Warning:  Undefined array key "cedula4" in /home/soluctem/sistema.soluctem.com.co/api/submit.php on line 66
[21-Jul-2025 13:26:04 UTC] PHP Warning:  Undefined array key "horaEntrada4" in /home/soluctem/sistema.soluctem.com.co/api/submit.php on line 67
[21-Jul-2025 13:26:04 UTC] PHP Warning:  Undefined array key "horaSalida4" in /home/soluctem/sistema.soluctem.com.co/api/submit.php on line 68
[21-Jul-2025 13:26:04 UTC] PHP Warning:  Undefined array key "nombreFuncionario" in /home/soluctem/sistema.soluctem.com.co/api/submit.php on line 69
[21-Jul-2025 13:26:04 UTC] PHP Warning:  Undefined array key "cedulaFuncionario" in /home/soluctem/sistema.soluctem.com.co/api/submit.php on line 70
[21-Jul-2025 13:26:04 UTC] PHP Warning:  Undefined array key "cargoFuncionario" in /home/soluctem/sistema.soluctem.com.co/api/submit.php on line 71
[21-Jul-2025 13:26:04 UTC] PHP Warning:  Undefined array key "sapFuncionario" in /home/soluctem/sistema.soluctem.com.co/api/submit.php on line 72
[21-Jul-2025 13:26:04 UTC] PHP Warning:  Undefined array key "timestamp" in /home/soluctem/sistema.soluctem.com.co/api/submit.php on line 73
[21-Jul-2025 13:26:04 UTC] PHP Warning:  Undefined array key "asistenciaReparacion" in /home/soluctem/sistema.soluctem.com.co/api/submit.php on line 74
[21-Jul-2025 13:26:04 UTC] PHP Warning:  Undefined array key "asistenciaGarantia" in /home/soluctem/sistema.soluctem.com.co/api/submit.php on line 75
[21-Jul-2025 13:26:04 UTC] PHP Warning:  Undefined array key "asistenciaAjuste" in /home/soluctem/sistema.soluctem.com.co/api/submit.php on line 76
[21-Jul-2025 13:26:04 UTC] PHP Warning:  Undefined array key "asistenciaModificacion" in /home/soluctem/sistema.soluctem.com.co/api/submit.php on line 77
[21-Jul-2025 13:26:04 UTC] PHP Warning:  Undefined array key "asistenciaServicio" in /home/soluctem/sistema.soluctem.com.co/api/submit.php on line 78
[21-Jul-2025 13:26:04 UTC] PHP Warning:  Undefined array key "asistenciaMejora" in /home/soluctem/sistema.soluctem.com.co/api/submit.php on line 79
[21-Jul-2025 13:26:04 UTC] PHP Warning:  Undefined array key "asistenciaCombinacion" in /home/soluctem/sistema.soluctem.com.co/api/submit.php on line 80
[21-Jul-2025 13:26:04 UTC] PHP Warning:  Undefined array key "fallaOperacion" in /home/soluctem/sistema.soluctem.com.co/api/submit.php on line 81
[21-Jul-2025 13:26:04 UTC] PHP Warning:  Undefined array key "fallaMecanica" in /home/soluctem/sistema.soluctem.com.co/api/submit.php on line 82
[21-Jul-2025 13:26:04 UTC] PHP Warning:  Undefined array key "fallaElectrica" in /home/soluctem/sistema.soluctem.com.co/api/submit.php on line 83
[21-Jul-2025 13:26:04 UTC] PHP Warning:  Undefined array key "fallaTerceros" in /home/soluctem/sistema.soluctem.com.co/api/submit.php on line 84
[21-Jul-2025 13:26:04 UTC] PHP Warning:  Undefined array key "fallaFabricacion" in /home/soluctem/sistema.soluctem.com.co/api/submit.php on line 85
[21-Jul-2025 13:26:04 UTC] PHP Warning:  Undefined array key "firma_digital_cliente" in /home/soluctem/sistema.soluctem.com.co/api/submit.php on line 86
[21-Jul-2025 13:26:04 UTC] PHP Warning:  Undefined array key "firma_digital_tecnico" in /home/soluctem/sistema.soluctem.com.co/api/submit.php on line 87
[21-Jul-2025 14:36:44 UTC] PHP Warning:  Undefined array key "nombreSolicitante" in /home/soluctem/sistema.soluctem.com.co/api/submit.php on line 28
[21-Jul-2025 14:36:44 UTC] PHP Warning:  Undefined array key "cargo" in /home/soluctem/sistema.soluctem.com.co/api/submit.php on line 29
[21-Jul-2025 14:36:44 UTC] PHP Warning:  Undefined array key "nombreTienda" in /home/soluctem/sistema.soluctem.com.co/api/submit.php on line 30
[21-Jul-2025 14:36:44 UTC] PHP Warning:  Undefined array key "numeroTienda" in /home/soluctem/sistema.soluctem.com.co/api/submit.php on line 31
[21-Jul-2025 14:36:44 UTC] PHP Warning:  Undefined array key "numeroTicket" in /home/soluctem/sistema.soluctem.com.co/api/submit.php on line 32
[21-Jul-2025 14:36:44 UTC] PHP Warning:  Undefined array key "fecha" in /home/soluctem/sistema.soluctem.com.co/api/submit.php on line 33
[21-Jul-2025 14:36:44 UTC] PHP Warning:  Undefined array key "municipio" in /home/soluctem/sistema.soluctem.com.co/api/submit.php on line 34
[21-Jul-2025 14:36:44 UTC] PHP Warning:  Undefined array key "departamento" in /home/soluctem/sistema.soluctem.com.co/api/submit.php on line 35
[21-Jul-2025 14:36:44 UTC] PHP Warning:  Undefined array key "nombreEquipo" in /home/soluctem/sistema.soluctem.com.co/api/submit.php on line 36
[21-Jul-2025 14:36:44 UTC] PHP Warning:  Undefined array key "marca" in /home/soluctem/sistema.soluctem.com.co/api/submit.php on line 37
[21-Jul-2025 14:36:44 UTC] PHP Warning:  Undefined array key "serial" in /home/soluctem/sistema.soluctem.com.co/api/submit.php on line 38
[21-Jul-2025 14:36:44 UTC] PHP Warning:  Undefined array key "descripcionFalla" in /home/soluctem/sistema.soluctem.com.co/api/submit.php on line 39
[21-Jul-2025 14:36:44 UTC] PHP Warning:  Undefined array key "diagnosticoTecnico" in /home/soluctem/sistema.soluctem.com.co/api/submit.php on line 40
[21-Jul-2025 14:36:44 UTC] PHP Warning:  Undefined array key "repuestosCambiados" in /home/soluctem/sistema.soluctem.com.co/api/submit.php on line 41
[21-Jul-2025 14:36:44 UTC] PHP Warning:  Undefined array key "observaciones" in /home/soluctem/sistema.soluctem.com.co/api/submit.php on line 42
[21-Jul-2025 14:36:44 UTC] PHP Warning:  Undefined array key "seguridadRiesgoAccidentalidad" in /home/soluctem/sistema.soluctem.com.co/api/submit.php on line 43
[21-Jul-2025 14:36:44 UTC] PHP Warning:  Undefined array key "seguridadRiesgoEquipo" in /home/soluctem/sistema.soluctem.com.co/api/submit.php on line 44
[21-Jul-2025 14:36:44 UTC] PHP Warning:  Undefined array key "funcionamientoFallaSolucionada" in /home/soluctem/sistema.soluctem.com.co/api/submit.php on line 45
[21-Jul-2025 14:36:44 UTC] PHP Warning:  Undefined array key "funcionamientoPasosNormales" in /home/soluctem/sistema.soluctem.com.co/api/submit.php on line 46
[21-Jul-2025 14:36:44 UTC] PHP Warning:  Undefined array key "calidadTrabajo" in /home/soluctem/sistema.soluctem.com.co/api/submit.php on line 47
[21-Jul-2025 14:36:44 UTC] PHP Warning:  Undefined array key "limpiezaOrganizacionArmado" in /home/soluctem/sistema.soluctem.com.co/api/submit.php on line 48
[21-Jul-2025 14:36:44 UTC] PHP Warning:  Undefined array key "limpiezaOrganizacionAseado" in /home/soluctem/sistema.soluctem.com.co/api/submit.php on line 49
[21-Jul-2025 14:36:44 UTC] PHP Warning:  Undefined array key "capacitacionCausa" in /home/soluctem/sistema.soluctem.com.co/api/submit.php on line 50
[21-Jul-2025 14:36:44 UTC] PHP Warning:  Undefined array key "capacitacionPrevencion" in /home/soluctem/sistema.soluctem.com.co/api/submit.php on line 51
[21-Jul-2025 14:36:44 UTC] PHP Warning:  Undefined array key "capacitacionAccion" in /home/soluctem/sistema.soluctem.com.co/api/submit.php on line 52
[21-Jul-2025 14:36:44 UTC] PHP Warning:  Undefined array key "contratista1" in /home/soluctem/sistema.soluctem.com.co/api/submit.php on line 53
[21-Jul-2025 14:36:44 UTC] PHP Warning:  Undefined array key "cedula1" in /home/soluctem/sistema.soluctem.com.co/api/submit.php on line 54
[21-Jul-2025 14:36:44 UTC] PHP Warning:  Undefined array key "horaEntrada1" in /home/soluctem/sistema.soluctem.com.co/api/submit.php on line 55
[21-Jul-2025 14:36:44 UTC] PHP Warning:  Undefined array key "horaSalida1" in /home/soluctem/sistema.soluctem.com.co/api/submit.php on line 56
[21-Jul-2025 14:36:44 UTC] PHP Warning:  Undefined array key "contratista2" in /home/soluctem/sistema.soluctem.com.co/api/submit.php on line 57
[21-Jul-2025 14:36:44 UTC] PHP Warning:  Undefined array key "cedula2" in /home/soluctem/sistema.soluctem.com.co/api/submit.php on line 58
[21-Jul-2025 14:36:44 UTC] PHP Warning:  Undefined array key "horaEntrada2" in /home/soluctem/sistema.soluctem.com.co/api/submit.php on line 59
[21-Jul-2025 14:36:44 UTC] PHP Warning:  Undefined array key "horaSalida2" in /home/soluctem/sistema.soluctem.com.co/api/submit.php on line 60
[21-Jul-2025 14:36:44 UTC] PHP Warning:  Undefined array key "contratista3" in /home/soluctem/sistema.soluctem.com.co/api/submit.php on line 61
[21-Jul-2025 14:36:44 UTC] PHP Warning:  Undefined array key "cedula3" in /home/soluctem/sistema.soluctem.com.co/api/submit.php on line 62
[21-Jul-2025 14:36:44 UTC] PHP Warning:  Undefined array key "horaEntrada3" in /home/soluctem/sistema.soluctem.com.co/api/submit.php on line 63
[21-Jul-2025 14:36:44 UTC] PHP Warning:  Undefined array key "horaSalida3" in /home/soluctem/sistema.soluctem.com.co/api/submit.php on line 64
[21-Jul-2025 14:36:44 UTC] PHP Warning:  Undefined array key "contratista4" in /home/soluctem/sistema.soluctem.com.co/api/submit.php on line 65
[21-Jul-2025 14:36:44 UTC] PHP Warning:  Undefined array key "cedula4" in /home/soluctem/sistema.soluctem.com.co/api/submit.php on line 66
[21-Jul-2025 14:36:44 UTC] PHP Warning:  Undefined array key "horaEntrada4" in /home/soluctem/sistema.soluctem.com.co/api/submit.php on line 67
[21-Jul-2025 14:36:44 UTC] PHP Warning:  Undefined array key "horaSalida4" in /home/soluctem/sistema.soluctem.com.co/api/submit.php on line 68
[21-Jul-2025 14:36:44 UTC] PHP Warning:  Undefined array key "nombreFuncionario" in /home/soluctem/sistema.soluctem.com.co/api/submit.php on line 69
[21-Jul-2025 14:36:44 UTC] PHP Warning:  Undefined array key "cedulaFuncionario" in /home/soluctem/sistema.soluctem.com.co/api/submit.php on line 70
[21-Jul-2025 14:36:44 UTC] PHP Warning:  Undefined array key "cargoFuncionario" in /home/soluctem/sistema.soluctem.com.co/api/submit.php on line 71
[21-Jul-2025 14:36:44 UTC] PHP Warning:  Undefined array key "sapFuncionario" in /home/soluctem/sistema.soluctem.com.co/api/submit.php on line 72
[21-Jul-2025 14:36:44 UTC] PHP Warning:  Undefined array key "timestamp" in /home/soluctem/sistema.soluctem.com.co/api/submit.php on line 73
[21-Jul-2025 14:36:44 UTC] PHP Warning:  Undefined array key "asistenciaReparacion" in /home/soluctem/sistema.soluctem.com.co/api/submit.php on line 74
[21-Jul-2025 14:36:44 UTC] PHP Warning:  Undefined array key "asistenciaGarantia" in /home/soluctem/sistema.soluctem.com.co/api/submit.php on line 75
[21-Jul-2025 14:36:44 UTC] PHP Warning:  Undefined array key "asistenciaAjuste" in /home/soluctem/sistema.soluctem.com.co/api/submit.php on line 76
[21-Jul-2025 14:36:44 UTC] PHP Warning:  Undefined array key "asistenciaModificacion" in /home/soluctem/sistema.soluctem.com.co/api/submit.php on line 77
[21-Jul-2025 14:36:44 UTC] PHP Warning:  Undefined array key "asistenciaServicio" in /home/soluctem/sistema.soluctem.com.co/api/submit.php on line 78
[21-Jul-2025 14:36:44 UTC] PHP Warning:  Undefined array key "asistenciaMejora" in /home/soluctem/sistema.soluctem.com.co/api/submit.php on line 79
[21-Jul-2025 14:36:44 UTC] PHP Warning:  Undefined array key "asistenciaCombinacion" in /home/soluctem/sistema.soluctem.com.co/api/submit.php on line 80
[21-Jul-2025 14:36:44 UTC] PHP Warning:  Undefined array key "fallaOperacion" in /home/soluctem/sistema.soluctem.com.co/api/submit.php on line 81
[21-Jul-2025 14:36:44 UTC] PHP Warning:  Undefined array key "fallaMecanica" in /home/soluctem/sistema.soluctem.com.co/api/submit.php on line 82
[21-Jul-2025 14:36:44 UTC] PHP Warning:  Undefined array key "fallaElectrica" in /home/soluctem/sistema.soluctem.com.co/api/submit.php on line 83
[21-Jul-2025 14:36:44 UTC] PHP Warning:  Undefined array key "fallaTerceros" in /home/soluctem/sistema.soluctem.com.co/api/submit.php on line 84
[21-Jul-2025 14:36:44 UTC] PHP Warning:  Undefined array key "fallaFabricacion" in /home/soluctem/sistema.soluctem.com.co/api/submit.php on line 85
[21-Jul-2025 14:36:44 UTC] PHP Warning:  Undefined array key "firma_digital_cliente" in /home/soluctem/sistema.soluctem.com.co/api/submit.php on line 86
[21-Jul-2025 14:36:44 UTC] PHP Warning:  Undefined array key "firma_digital_tecnico" in /home/soluctem/sistema.soluctem.com.co/api/submit.php on line 87
[21-Jul-2025 14:56:42 UTC] PHP Warning:  Undefined array key "nombreSolicitante" in /home/soluctem/sistema.soluctem.com.co/api/submit.php on line 28
[21-Jul-2025 14:56:42 UTC] PHP Warning:  Undefined array key "cargo" in /home/soluctem/sistema.soluctem.com.co/api/submit.php on line 29
[21-Jul-2025 14:56:42 UTC] PHP Warning:  Undefined array key "nombreTienda" in /home/soluctem/sistema.soluctem.com.co/api/submit.php on line 30
[21-Jul-2025 14:56:42 UTC] PHP Warning:  Undefined array key "numeroTienda" in /home/soluctem/sistema.soluctem.com.co/api/submit.php on line 31
[21-Jul-2025 14:56:42 UTC] PHP Warning:  Undefined array key "numeroTicket" in /home/soluctem/sistema.soluctem.com.co/api/submit.php on line 32
[21-Jul-2025 14:56:42 UTC] PHP Warning:  Undefined array key "fecha" in /home/soluctem/sistema.soluctem.com.co/api/submit.php on line 33
[21-Jul-2025 14:56:42 UTC] PHP Warning:  Undefined array key "municipio" in /home/soluctem/sistema.soluctem.com.co/api/submit.php on line 34
[21-Jul-2025 14:56:42 UTC] PHP Warning:  Undefined array key "departamento" in /home/soluctem/sistema.soluctem.com.co/api/submit.php on line 35
[21-Jul-2025 14:56:42 UTC] PHP Warning:  Undefined array key "nombreEquipo" in /home/soluctem/sistema.soluctem.com.co/api/submit.php on line 36
[21-Jul-2025 14:56:42 UTC] PHP Warning:  Undefined array key "marca" in /home/soluctem/sistema.soluctem.com.co/api/submit.php on line 37
[21-Jul-2025 14:56:42 UTC] PHP Warning:  Undefined array key "serial" in /home/soluctem/sistema.soluctem.com.co/api/submit.php on line 38
[21-Jul-2025 14:56:42 UTC] PHP Warning:  Undefined array key "descripcionFalla" in /home/soluctem/sistema.soluctem.com.co/api/submit.php on line 39
[21-Jul-2025 14:56:42 UTC] PHP Warning:  Undefined array key "diagnosticoTecnico" in /home/soluctem/sistema.soluctem.com.co/api/submit.php on line 40
[21-Jul-2025 14:56:42 UTC] PHP Warning:  Undefined array key "repuestosCambiados" in /home/soluctem/sistema.soluctem.com.co/api/submit.php on line 41
[21-Jul-2025 14:56:42 UTC] PHP Warning:  Undefined array key "observaciones" in /home/soluctem/sistema.soluctem.com.co/api/submit.php on line 42
[21-Jul-2025 14:56:42 UTC] PHP Warning:  Undefined array key "seguridadRiesgoAccidentalidad" in /home/soluctem/sistema.soluctem.com.co/api/submit.php on line 43
[21-Jul-2025 14:56:42 UTC] PHP Warning:  Undefined array key "seguridadRiesgoEquipo" in /home/soluctem/sistema.soluctem.com.co/api/submit.php on line 44
[21-Jul-2025 14:56:42 UTC] PHP Warning:  Undefined array key "funcionamientoFallaSolucionada" in /home/soluctem/sistema.soluctem.com.co/api/submit.php on line 45
[21-Jul-2025 14:56:42 UTC] PHP Warning:  Undefined array key "funcionamientoPasosNormales" in /home/soluctem/sistema.soluctem.com.co/api/submit.php on line 46
[21-Jul-2025 14:56:42 UTC] PHP Warning:  Undefined array key "calidadTrabajo" in /home/soluctem/sistema.soluctem.com.co/api/submit.php on line 47
[21-Jul-2025 14:56:42 UTC] PHP Warning:  Undefined array key "limpiezaOrganizacionArmado" in /home/soluctem/sistema.soluctem.com.co/api/submit.php on line 48
[21-Jul-2025 14:56:42 UTC] PHP Warning:  Undefined array key "limpiezaOrganizacionAseado" in /home/soluctem/sistema.soluctem.com.co/api/submit.php on line 49
[21-Jul-2025 14:56:42 UTC] PHP Warning:  Undefined array key "capacitacionCausa" in /home/soluctem/sistema.soluctem.com.co/api/submit.php on line 50
[21-Jul-2025 14:56:42 UTC] PHP Warning:  Undefined array key "capacitacionPrevencion" in /home/soluctem/sistema.soluctem.com.co/api/submit.php on line 51
[21-Jul-2025 14:56:42 UTC] PHP Warning:  Undefined array key "capacitacionAccion" in /home/soluctem/sistema.soluctem.com.co/api/submit.php on line 52
[21-Jul-2025 14:56:42 UTC] PHP Warning:  Undefined array key "contratista1" in /home/soluctem/sistema.soluctem.com.co/api/submit.php on line 53
[21-Jul-2025 14:56:42 UTC] PHP Warning:  Undefined array key "cedula1" in /home/soluctem/sistema.soluctem.com.co/api/submit.php on line 54
[21-Jul-2025 14:56:42 UTC] PHP Warning:  Undefined array key "horaEntrada1" in /home/soluctem/sistema.soluctem.com.co/api/submit.php on line 55
[21-Jul-2025 14:56:42 UTC] PHP Warning:  Undefined array key "horaSalida1" in /home/soluctem/sistema.soluctem.com.co/api/submit.php on line 56
[21-Jul-2025 14:56:42 UTC] PHP Warning:  Undefined array key "contratista2" in /home/soluctem/sistema.soluctem.com.co/api/submit.php on line 57
[21-Jul-2025 14:56:42 UTC] PHP Warning:  Undefined array key "cedula2" in /home/soluctem/sistema.soluctem.com.co/api/submit.php on line 58
[21-Jul-2025 14:56:42 UTC] PHP Warning:  Undefined array key "horaEntrada2" in /home/soluctem/sistema.soluctem.com.co/api/submit.php on line 59
[21-Jul-2025 14:56:42 UTC] PHP Warning:  Undefined array key "horaSalida2" in /home/soluctem/sistema.soluctem.com.co/api/submit.php on line 60
[21-Jul-2025 14:56:42 UTC] PHP Warning:  Undefined array key "contratista3" in /home/soluctem/sistema.soluctem.com.co/api/submit.php on line 61
[21-Jul-2025 14:56:42 UTC] PHP Warning:  Undefined array key "cedula3" in /home/soluctem/sistema.soluctem.com.co/api/submit.php on line 62
[21-Jul-2025 14:56:42 UTC] PHP Warning:  Undefined array key "horaEntrada3" in /home/soluctem/sistema.soluctem.com.co/api/submit.php on line 63
[21-Jul-2025 14:56:42 UTC] PHP Warning:  Undefined array key "horaSalida3" in /home/soluctem/sistema.soluctem.com.co/api/submit.php on line 64
[21-Jul-2025 14:56:42 UTC] PHP Warning:  Undefined array key "contratista4" in /home/soluctem/sistema.soluctem.com.co/api/submit.php on line 65
[21-Jul-2025 14:56:42 UTC] PHP Warning:  Undefined array key "cedula4" in /home/soluctem/sistema.soluctem.com.co/api/submit.php on line 66
[21-Jul-2025 14:56:42 UTC] PHP Warning:  Undefined array key "horaEntrada4" in /home/soluctem/sistema.soluctem.com.co/api/submit.php on line 67
[21-Jul-2025 14:56:42 UTC] PHP Warning:  Undefined array key "horaSalida4" in /home/soluctem/sistema.soluctem.com.co/api/submit.php on line 68
[21-Jul-2025 14:56:42 UTC] PHP Warning:  Undefined array key "nombreFuncionario" in /home/soluctem/sistema.soluctem.com.co/api/submit.php on line 69
[21-Jul-2025 14:56:42 UTC] PHP Warning:  Undefined array key "cedulaFuncionario" in /home/soluctem/sistema.soluctem.com.co/api/submit.php on line 70
[21-Jul-2025 14:56:42 UTC] PHP Warning:  Undefined array key "cargoFuncionario" in /home/soluctem/sistema.soluctem.com.co/api/submit.php on line 71
[21-Jul-2025 14:56:42 UTC] PHP Warning:  Undefined array key "sapFuncionario" in /home/soluctem/sistema.soluctem.com.co/api/submit.php on line 72
[21-Jul-2025 14:56:42 UTC] PHP Warning:  Undefined array key "timestamp" in /home/soluctem/sistema.soluctem.com.co/api/submit.php on line 73
[21-Jul-2025 14:56:42 UTC] PHP Warning:  Undefined array key "asistenciaReparacion" in /home/soluctem/sistema.soluctem.com.co/api/submit.php on line 74
[21-Jul-2025 14:56:42 UTC] PHP Warning:  Undefined array key "asistenciaGarantia" in /home/soluctem/sistema.soluctem.com.co/api/submit.php on line 75
[21-Jul-2025 14:56:42 UTC] PHP Warning:  Undefined array key "asistenciaAjuste" in /home/soluctem/sistema.soluctem.com.co/api/submit.php on line 76
[21-Jul-2025 14:56:42 UTC] PHP Warning:  Undefined array key "asistenciaModificacion" in /home/soluctem/sistema.soluctem.com.co/api/submit.php on line 77
[21-Jul-2025 14:56:42 UTC] PHP Warning:  Undefined array key "asistenciaServicio" in /home/soluctem/sistema.soluctem.com.co/api/submit.php on line 78
[21-Jul-2025 14:56:42 UTC] PHP Warning:  Undefined array key "asistenciaMejora" in /home/soluctem/sistema.soluctem.com.co/api/submit.php on line 79
[21-Jul-2025 14:56:42 UTC] PHP Warning:  Undefined array key "asistenciaCombinacion" in /home/soluctem/sistema.soluctem.com.co/api/submit.php on line 80
[21-Jul-2025 14:56:42 UTC] PHP Warning:  Undefined array key "fallaOperacion" in /home/soluctem/sistema.soluctem.com.co/api/submit.php on line 81
[21-Jul-2025 14:56:42 UTC] PHP Warning:  Undefined array key "fallaMecanica" in /home/soluctem/sistema.soluctem.com.co/api/submit.php on line 82
[21-Jul-2025 14:56:42 UTC] PHP Warning:  Undefined array key "fallaElectrica" in /home/soluctem/sistema.soluctem.com.co/api/submit.php on line 83
[21-Jul-2025 14:56:42 UTC] PHP Warning:  Undefined array key "fallaTerceros" in /home/soluctem/sistema.soluctem.com.co/api/submit.php on line 84
[21-Jul-2025 14:56:42 UTC] PHP Warning:  Undefined array key "fallaFabricacion" in /home/soluctem/sistema.soluctem.com.co/api/submit.php on line 85
[21-Jul-2025 14:56:42 UTC] PHP Warning:  Undefined array key "firma_digital_cliente" in /home/soluctem/sistema.soluctem.com.co/api/submit.php on line 86
[21-Jul-2025 14:56:42 UTC] PHP Warning:  Undefined array key "firma_digital_tecnico" in /home/soluctem/sistema.soluctem.com.co/api/submit.php on line 87
[21-Jul-2025 15:09:21 UTC] PHP Warning:  Undefined array key "nombreSolicitante" in /home/soluctem/sistema.soluctem.com.co/api/submit.php on line 28
[21-Jul-2025 15:09:21 UTC] PHP Warning:  Undefined array key "cargo" in /home/soluctem/sistema.soluctem.com.co/api/submit.php on line 29
[21-Jul-2025 15:09:21 UTC] PHP Warning:  Undefined array key "nombreTienda" in /home/soluctem/sistema.soluctem.com.co/api/submit.php on line 30
[21-Jul-2025 15:09:21 UTC] PHP Warning:  Undefined array key "numeroTienda" in /home/soluctem/sistema.soluctem.com.co/api/submit.php on line 31
[21-Jul-2025 15:09:21 UTC] PHP Warning:  Undefined array key "numeroTicket" in /home/soluctem/sistema.soluctem.com.co/api/submit.php on line 32
[21-Jul-2025 15:09:21 UTC] PHP Warning:  Undefined array key "fecha" in /home/soluctem/sistema.soluctem.com.co/api/submit.php on line 33
[21-Jul-2025 15:09:21 UTC] PHP Warning:  Undefined array key "municipio" in /home/soluctem/sistema.soluctem.com.co/api/submit.php on line 34
[21-Jul-2025 15:09:21 UTC] PHP Warning:  Undefined array key "departamento" in /home/soluctem/sistema.soluctem.com.co/api/submit.php on line 35
[21-Jul-2025 15:09:21 UTC] PHP Warning:  Undefined array key "nombreEquipo" in /home/soluctem/sistema.soluctem.com.co/api/submit.php on line 36
[21-Jul-2025 15:09:21 UTC] PHP Warning:  Undefined array key "marca" in /home/soluctem/sistema.soluctem.com.co/api/submit.php on line 37
[21-Jul-2025 15:09:21 UTC] PHP Warning:  Undefined array key "serial" in /home/soluctem/sistema.soluctem.com.co/api/submit.php on line 38
[21-Jul-2025 15:09:21 UTC] PHP Warning:  Undefined array key "descripcionFalla" in /home/soluctem/sistema.soluctem.com.co/api/submit.php on line 39
[21-Jul-2025 15:09:21 UTC] PHP Warning:  Undefined array key "diagnosticoTecnico" in /home/soluctem/sistema.soluctem.com.co/api/submit.php on line 40
[21-Jul-2025 15:09:21 UTC] PHP Warning:  Undefined array key "repuestosCambiados" in /home/soluctem/sistema.soluctem.com.co/api/submit.php on line 41
[21-Jul-2025 15:09:21 UTC] PHP Warning:  Undefined array key "observaciones" in /home/soluctem/sistema.soluctem.com.co/api/submit.php on line 42
[21-Jul-2025 15:09:21 UTC] PHP Warning:  Undefined array key "seguridadRiesgoAccidentalidad" in /home/soluctem/sistema.soluctem.com.co/api/submit.php on line 43
[21-Jul-2025 15:09:21 UTC] PHP Warning:  Undefined array key "seguridadRiesgoEquipo" in /home/soluctem/sistema.soluctem.com.co/api/submit.php on line 44
[21-Jul-2025 15:09:21 UTC] PHP Warning:  Undefined array key "funcionamientoFallaSolucionada" in /home/soluctem/sistema.soluctem.com.co/api/submit.php on line 45
[21-Jul-2025 15:09:21 UTC] PHP Warning:  Undefined array key "funcionamientoPasosNormales" in /home/soluctem/sistema.soluctem.com.co/api/submit.php on line 46
[21-Jul-2025 15:09:21 UTC] PHP Warning:  Undefined array key "calidadTrabajo" in /home/soluctem/sistema.soluctem.com.co/api/submit.php on line 47
[21-Jul-2025 15:09:21 UTC] PHP Warning:  Undefined array key "limpiezaOrganizacionArmado" in /home/soluctem/sistema.soluctem.com.co/api/submit.php on line 48
[21-Jul-2025 15:09:21 UTC] PHP Warning:  Undefined array key "limpiezaOrganizacionAseado" in /home/soluctem/sistema.soluctem.com.co/api/submit.php on line 49
[21-Jul-2025 15:09:21 UTC] PHP Warning:  Undefined array key "capacitacionCausa" in /home/soluctem/sistema.soluctem.com.co/api/submit.php on line 50
[21-Jul-2025 15:09:21 UTC] PHP Warning:  Undefined array key "capacitacionPrevencion" in /home/soluctem/sistema.soluctem.com.co/api/submit.php on line 51
[21-Jul-2025 15:09:21 UTC] PHP Warning:  Undefined array key "capacitacionAccion" in /home/soluctem/sistema.soluctem.com.co/api/submit.php on line 52
[21-Jul-2025 15:09:21 UTC] PHP Warning:  Undefined array key "contratista1" in /home/soluctem/sistema.soluctem.com.co/api/submit.php on line 53
[21-Jul-2025 15:09:21 UTC] PHP Warning:  Undefined array key "cedula1" in /home/soluctem/sistema.soluctem.com.co/api/submit.php on line 54
[21-Jul-2025 15:09:21 UTC] PHP Warning:  Undefined array key "horaEntrada1" in /home/soluctem/sistema.soluctem.com.co/api/submit.php on line 55
[21-Jul-2025 15:09:21 UTC] PHP Warning:  Undefined array key "horaSalida1" in /home/soluctem/sistema.soluctem.com.co/api/submit.php on line 56
[21-Jul-2025 15:09:21 UTC] PHP Warning:  Undefined array key "contratista2" in /home/soluctem/sistema.soluctem.com.co/api/submit.php on line 57
[21-Jul-2025 15:09:21 UTC] PHP Warning:  Undefined array key "cedula2" in /home/soluctem/sistema.soluctem.com.co/api/submit.php on line 58
[21-Jul-2025 15:09:21 UTC] PHP Warning:  Undefined array key "horaEntrada2" in /home/soluctem/sistema.soluctem.com.co/api/submit.php on line 59
[21-Jul-2025 15:09:21 UTC] PHP Warning:  Undefined array key "horaSalida2" in /home/soluctem/sistema.soluctem.com.co/api/submit.php on line 60
[21-Jul-2025 15:09:21 UTC] PHP Warning:  Undefined array key "contratista3" in /home/soluctem/sistema.soluctem.com.co/api/submit.php on line 61
[21-Jul-2025 15:09:21 UTC] PHP Warning:  Undefined array key "cedula3" in /home/soluctem/sistema.soluctem.com.co/api/submit.php on line 62
[21-Jul-2025 15:09:21 UTC] PHP Warning:  Undefined array key "horaEntrada3" in /home/soluctem/sistema.soluctem.com.co/api/submit.php on line 63
[21-Jul-2025 15:09:21 UTC] PHP Warning:  Undefined array key "horaSalida3" in /home/soluctem/sistema.soluctem.com.co/api/submit.php on line 64
[21-Jul-2025 15:09:21 UTC] PHP Warning:  Undefined array key "contratista4" in /home/soluctem/sistema.soluctem.com.co/api/submit.php on line 65
[21-Jul-2025 15:09:21 UTC] PHP Warning:  Undefined array key "cedula4" in /home/soluctem/sistema.soluctem.com.co/api/submit.php on line 66
[21-Jul-2025 15:09:21 UTC] PHP Warning:  Undefined array key "horaEntrada4" in /home/soluctem/sistema.soluctem.com.co/api/submit.php on line 67
[21-Jul-2025 15:09:21 UTC] PHP Warning:  Undefined array key "horaSalida4" in /home/soluctem/sistema.soluctem.com.co/api/submit.php on line 68
[21-Jul-2025 15:09:21 UTC] PHP Warning:  Undefined array key "nombreFuncionario" in /home/soluctem/sistema.soluctem.com.co/api/submit.php on line 69
[21-Jul-2025 15:09:21 UTC] PHP Warning:  Undefined array key "cedulaFuncionario" in /home/soluctem/sistema.soluctem.com.co/api/submit.php on line 70
[21-Jul-2025 15:09:21 UTC] PHP Warning:  Undefined array key "cargoFuncionario" in /home/soluctem/sistema.soluctem.com.co/api/submit.php on line 71
[21-Jul-2025 15:09:21 UTC] PHP Warning:  Undefined array key "sapFuncionario" in /home/soluctem/sistema.soluctem.com.co/api/submit.php on line 72
[21-Jul-2025 15:09:21 UTC] PHP Warning:  Undefined array key "timestamp" in /home/soluctem/sistema.soluctem.com.co/api/submit.php on line 73
[21-Jul-2025 15:09:21 UTC] PHP Warning:  Undefined array key "asistenciaReparacion" in /home/soluctem/sistema.soluctem.com.co/api/submit.php on line 74
[21-Jul-2025 15:09:21 UTC] PHP Warning:  Undefined array key "asistenciaGarantia" in /home/soluctem/sistema.soluctem.com.co/api/submit.php on line 75
[21-Jul-2025 15:09:21 UTC] PHP Warning:  Undefined array key "asistenciaAjuste" in /home/soluctem/sistema.soluctem.com.co/api/submit.php on line 76
[21-Jul-2025 15:09:21 UTC] PHP Warning:  Undefined array key "asistenciaModificacion" in /home/soluctem/sistema.soluctem.com.co/api/submit.php on line 77
[21-Jul-2025 15:09:21 UTC] PHP Warning:  Undefined array key "asistenciaServicio" in /home/soluctem/sistema.soluctem.com.co/api/submit.php on line 78
[21-Jul-2025 15:09:21 UTC] PHP Warning:  Undefined array key "asistenciaMejora" in /home/soluctem/sistema.soluctem.com.co/api/submit.php on line 79
[21-Jul-2025 15:09:21 UTC] PHP Warning:  Undefined array key "asistenciaCombinacion" in /home/soluctem/sistema.soluctem.com.co/api/submit.php on line 80
[21-Jul-2025 15:09:21 UTC] PHP Warning:  Undefined array key "fallaOperacion" in /home/soluctem/sistema.soluctem.com.co/api/submit.php on line 81
[21-Jul-2025 15:09:21 UTC] PHP Warning:  Undefined array key "fallaMecanica" in /home/soluctem/sistema.soluctem.com.co/api/submit.php on line 82
[21-Jul-2025 15:09:21 UTC] PHP Warning:  Undefined array key "fallaElectrica" in /home/soluctem/sistema.soluctem.com.co/api/submit.php on line 83
[21-Jul-2025 15:09:21 UTC] PHP Warning:  Undefined array key "fallaTerceros" in /home/soluctem/sistema.soluctem.com.co/api/submit.php on line 84
[21-Jul-2025 15:09:21 UTC] PHP Warning:  Undefined array key "fallaFabricacion" in /home/soluctem/sistema.soluctem.com.co/api/submit.php on line 85
[21-Jul-2025 15:09:21 UTC] PHP Warning:  Undefined array key "firma_digital_cliente" in /home/soluctem/sistema.soluctem.com.co/api/submit.php on line 86
[21-Jul-2025 15:09:21 UTC] PHP Warning:  Undefined array key "firma_digital_tecnico" in /home/soluctem/sistema.soluctem.com.co/api/submit.php on line 87
[21-Jul-2025 19:07:54 UTC] PHP Warning:  Undefined array key "nombreSolicitante" in /home/soluctem/sistema.soluctem.com.co/api/submit.php on line 28
[21-Jul-2025 19:07:54 UTC] PHP Warning:  Undefined array key "cargo" in /home/soluctem/sistema.soluctem.com.co/api/submit.php on line 29
[21-Jul-2025 19:07:54 UTC] PHP Warning:  Undefined array key "nombreTienda" in /home/soluctem/sistema.soluctem.com.co/api/submit.php on line 30
[21-Jul-2025 19:07:54 UTC] PHP Warning:  Undefined array key "numeroTienda" in /home/soluctem/sistema.soluctem.com.co/api/submit.php on line 31
[21-Jul-2025 19:07:54 UTC] PHP Warning:  Undefined array key "numeroTicket" in /home/soluctem/sistema.soluctem.com.co/api/submit.php on line 32
[21-Jul-2025 19:07:54 UTC] PHP Warning:  Undefined array key "fecha" in /home/soluctem/sistema.soluctem.com.co/api/submit.php on line 33
[21-Jul-2025 19:07:54 UTC] PHP Warning:  Undefined array key "municipio" in /home/soluctem/sistema.soluctem.com.co/api/submit.php on line 34
[21-Jul-2025 19:07:54 UTC] PHP Warning:  Undefined array key "departamento" in /home/soluctem/sistema.soluctem.com.co/api/submit.php on line 35
[21-Jul-2025 19:07:54 UTC] PHP Warning:  Undefined array key "nombreEquipo" in /home/soluctem/sistema.soluctem.com.co/api/submit.php on line 36
[21-Jul-2025 19:07:54 UTC] PHP Warning:  Undefined array key "marca" in /home/soluctem/sistema.soluctem.com.co/api/submit.php on line 37
[21-Jul-2025 19:07:54 UTC] PHP Warning:  Undefined array key "serial" in /home/soluctem/sistema.soluctem.com.co/api/submit.php on line 38
[21-Jul-2025 19:07:54 UTC] PHP Warning:  Undefined array key "descripcionFalla" in /home/soluctem/sistema.soluctem.com.co/api/submit.php on line 39
[21-Jul-2025 19:07:54 UTC] PHP Warning:  Undefined array key "diagnosticoTecnico" in /home/soluctem/sistema.soluctem.com.co/api/submit.php on line 40
[21-Jul-2025 19:07:54 UTC] PHP Warning:  Undefined array key "repuestosCambiados" in /home/soluctem/sistema.soluctem.com.co/api/submit.php on line 41
[21-Jul-2025 19:07:54 UTC] PHP Warning:  Undefined array key "observaciones" in /home/soluctem/sistema.soluctem.com.co/api/submit.php on line 42
[21-Jul-2025 19:07:54 UTC] PHP Warning:  Undefined array key "seguridadRiesgoAccidentalidad" in /home/soluctem/sistema.soluctem.com.co/api/submit.php on line 43
[21-Jul-2025 19:07:54 UTC] PHP Warning:  Undefined array key "seguridadRiesgoEquipo" in /home/soluctem/sistema.soluctem.com.co/api/submit.php on line 44
[21-Jul-2025 19:07:54 UTC] PHP Warning:  Undefined array key "funcionamientoFallaSolucionada" in /home/soluctem/sistema.soluctem.com.co/api/submit.php on line 45
[21-Jul-2025 19:07:54 UTC] PHP Warning:  Undefined array key "funcionamientoPasosNormales" in /home/soluctem/sistema.soluctem.com.co/api/submit.php on line 46
[21-Jul-2025 19:07:54 UTC] PHP Warning:  Undefined array key "calidadTrabajo" in /home/soluctem/sistema.soluctem.com.co/api/submit.php on line 47
[21-Jul-2025 19:07:54 UTC] PHP Warning:  Undefined array key "limpiezaOrganizacionArmado" in /home/soluctem/sistema.soluctem.com.co/api/submit.php on line 48
[21-Jul-2025 19:07:54 UTC] PHP Warning:  Undefined array key "limpiezaOrganizacionAseado" in /home/soluctem/sistema.soluctem.com.co/api/submit.php on line 49
[21-Jul-2025 19:07:54 UTC] PHP Warning:  Undefined array key "capacitacionCausa" in /home/soluctem/sistema.soluctem.com.co/api/submit.php on line 50
[21-Jul-2025 19:07:54 UTC] PHP Warning:  Undefined array key "capacitacionPrevencion" in /home/soluctem/sistema.soluctem.com.co/api/submit.php on line 51
[21-Jul-2025 19:07:54 UTC] PHP Warning:  Undefined array key "capacitacionAccion" in /home/soluctem/sistema.soluctem.com.co/api/submit.php on line 52
[21-Jul-2025 19:07:54 UTC] PHP Warning:  Undefined array key "contratista1" in /home/soluctem/sistema.soluctem.com.co/api/submit.php on line 53
[21-Jul-2025 19:07:54 UTC] PHP Warning:  Undefined array key "cedula1" in /home/soluctem/sistema.soluctem.com.co/api/submit.php on line 54
[21-Jul-2025 19:07:54 UTC] PHP Warning:  Undefined array key "horaEntrada1" in /home/soluctem/sistema.soluctem.com.co/api/submit.php on line 55
[21-Jul-2025 19:07:54 UTC] PHP Warning:  Undefined array key "horaSalida1" in /home/soluctem/sistema.soluctem.com.co/api/submit.php on line 56
[21-Jul-2025 19:07:54 UTC] PHP Warning:  Undefined array key "contratista2" in /home/soluctem/sistema.soluctem.com.co/api/submit.php on line 57
[21-Jul-2025 19:07:54 UTC] PHP Warning:  Undefined array key "cedula2" in /home/soluctem/sistema.soluctem.com.co/api/submit.php on line 58
[21-Jul-2025 19:07:54 UTC] PHP Warning:  Undefined array key "horaEntrada2" in /home/soluctem/sistema.soluctem.com.co/api/submit.php on line 59
[21-Jul-2025 19:07:54 UTC] PHP Warning:  Undefined array key "horaSalida2" in /home/soluctem/sistema.soluctem.com.co/api/submit.php on line 60
[21-Jul-2025 19:07:54 UTC] PHP Warning:  Undefined array key "contratista3" in /home/soluctem/sistema.soluctem.com.co/api/submit.php on line 61
[21-Jul-2025 19:07:54 UTC] PHP Warning:  Undefined array key "cedula3" in /home/soluctem/sistema.soluctem.com.co/api/submit.php on line 62
[21-Jul-2025 19:07:54 UTC] PHP Warning:  Undefined array key "horaEntrada3" in /home/soluctem/sistema.soluctem.com.co/api/submit.php on line 63
[21-Jul-2025 19:07:54 UTC] PHP Warning:  Undefined array key "horaSalida3" in /home/soluctem/sistema.soluctem.com.co/api/submit.php on line 64
[21-Jul-2025 19:07:54 UTC] PHP Warning:  Undefined array key "contratista4" in /home/soluctem/sistema.soluctem.com.co/api/submit.php on line 65
[21-Jul-2025 19:07:54 UTC] PHP Warning:  Undefined array key "cedula4" in /home/soluctem/sistema.soluctem.com.co/api/submit.php on line 66
[21-Jul-2025 19:07:54 UTC] PHP Warning:  Undefined array key "horaEntrada4" in /home/soluctem/sistema.soluctem.com.co/api/submit.php on line 67
[21-Jul-2025 19:07:54 UTC] PHP Warning:  Undefined array key "horaSalida4" in /home/soluctem/sistema.soluctem.com.co/api/submit.php on line 68
[21-Jul-2025 19:07:54 UTC] PHP Warning:  Undefined array key "nombreFuncionario" in /home/soluctem/sistema.soluctem.com.co/api/submit.php on line 69
[21-Jul-2025 19:07:54 UTC] PHP Warning:  Undefined array key "cedulaFuncionario" in /home/soluctem/sistema.soluctem.com.co/api/submit.php on line 70
[21-Jul-2025 19:07:54 UTC] PHP Warning:  Undefined array key "cargoFuncionario" in /home/soluctem/sistema.soluctem.com.co/api/submit.php on line 71
[21-Jul-2025 19:07:54 UTC] PHP Warning:  Undefined array key "sapFuncionario" in /home/soluctem/sistema.soluctem.com.co/api/submit.php on line 72
[21-Jul-2025 19:07:54 UTC] PHP Warning:  Undefined array key "timestamp" in /home/soluctem/sistema.soluctem.com.co/api/submit.php on line 73
[21-Jul-2025 19:07:54 UTC] PHP Warning:  Undefined array key "asistenciaReparacion" in /home/soluctem/sistema.soluctem.com.co/api/submit.php on line 74
[21-Jul-2025 19:07:54 UTC] PHP Warning:  Undefined array key "asistenciaGarantia" in /home/soluctem/sistema.soluctem.com.co/api/submit.php on line 75
[21-Jul-2025 19:07:54 UTC] PHP Warning:  Undefined array key "asistenciaAjuste" in /home/soluctem/sistema.soluctem.com.co/api/submit.php on line 76
[21-Jul-2025 19:07:54 UTC] PHP Warning:  Undefined array key "asistenciaModificacion" in /home/soluctem/sistema.soluctem.com.co/api/submit.php on line 77
[21-Jul-2025 19:07:54 UTC] PHP Warning:  Undefined array key "asistenciaServicio" in /home/soluctem/sistema.soluctem.com.co/api/submit.php on line 78
[21-Jul-2025 19:07:54 UTC] PHP Warning:  Undefined array key "asistenciaMejora" in /home/soluctem/sistema.soluctem.com.co/api/submit.php on line 79
[21-Jul-2025 19:07:54 UTC] PHP Warning:  Undefined array key "asistenciaCombinacion" in /home/soluctem/sistema.soluctem.com.co/api/submit.php on line 80
[21-Jul-2025 19:07:54 UTC] PHP Warning:  Undefined array key "fallaOperacion" in /home/soluctem/sistema.soluctem.com.co/api/submit.php on line 81
[21-Jul-2025 19:07:54 UTC] PHP Warning:  Undefined array key "fallaMecanica" in /home/soluctem/sistema.soluctem.com.co/api/submit.php on line 82
[21-Jul-2025 19:07:54 UTC] PHP Warning:  Undefined array key "fallaElectrica" in /home/soluctem/sistema.soluctem.com.co/api/submit.php on line 83
[21-Jul-2025 19:07:54 UTC] PHP Warning:  Undefined array key "fallaTerceros" in /home/soluctem/sistema.soluctem.com.co/api/submit.php on line 84
[21-Jul-2025 19:07:54 UTC] PHP Warning:  Undefined array key "fallaFabricacion" in /home/soluctem/sistema.soluctem.com.co/api/submit.php on line 85
[21-Jul-2025 19:07:54 UTC] PHP Warning:  Undefined array key "firma_digital_cliente" in /home/soluctem/sistema.soluctem.com.co/api/submit.php on line 86
[21-Jul-2025 19:07:54 UTC] PHP Warning:  Undefined array key "firma_digital_tecnico" in /home/soluctem/sistema.soluctem.com.co/api/submit.php on line 87
[22-Jul-2025 03:56:01 UTC] PHP Warning:  Undefined array key "nombreSolicitante" in /home/soluctem/sistema.soluctem.com.co/api/submit.php on line 28
[22-Jul-2025 03:56:01 UTC] PHP Warning:  Undefined array key "cargo" in /home/soluctem/sistema.soluctem.com.co/api/submit.php on line 29
[22-Jul-2025 03:56:01 UTC] PHP Warning:  Undefined array key "nombreTienda" in /home/soluctem/sistema.soluctem.com.co/api/submit.php on line 30
[22-Jul-2025 03:56:01 UTC] PHP Warning:  Undefined array key "numeroTienda" in /home/soluctem/sistema.soluctem.com.co/api/submit.php on line 31
[22-Jul-2025 03:56:01 UTC] PHP Warning:  Undefined array key "numeroTicket" in /home/soluctem/sistema.soluctem.com.co/api/submit.php on line 32
[22-Jul-2025 03:56:01 UTC] PHP Warning:  Undefined array key "fecha" in /home/soluctem/sistema.soluctem.com.co/api/submit.php on line 33
[22-Jul-2025 03:56:01 UTC] PHP Warning:  Undefined array key "municipio" in /home/soluctem/sistema.soluctem.com.co/api/submit.php on line 34
[22-Jul-2025 03:56:01 UTC] PHP Warning:  Undefined array key "departamento" in /home/soluctem/sistema.soluctem.com.co/api/submit.php on line 35
[22-Jul-2025 03:56:01 UTC] PHP Warning:  Undefined array key "nombreEquipo" in /home/soluctem/sistema.soluctem.com.co/api/submit.php on line 36
[22-Jul-2025 03:56:01 UTC] PHP Warning:  Undefined array key "marca" in /home/soluctem/sistema.soluctem.com.co/api/submit.php on line 37
[22-Jul-2025 03:56:01 UTC] PHP Warning:  Undefined array key "serial" in /home/soluctem/sistema.soluctem.com.co/api/submit.php on line 38
[22-Jul-2025 03:56:01 UTC] PHP Warning:  Undefined array key "descripcionFalla" in /home/soluctem/sistema.soluctem.com.co/api/submit.php on line 39
[22-Jul-2025 03:56:01 UTC] PHP Warning:  Undefined array key "diagnosticoTecnico" in /home/soluctem/sistema.soluctem.com.co/api/submit.php on line 40
[22-Jul-2025 03:56:01 UTC] PHP Warning:  Undefined array key "repuestosCambiados" in /home/soluctem/sistema.soluctem.com.co/api/submit.php on line 41
[22-Jul-2025 03:56:01 UTC] PHP Warning:  Undefined array key "observaciones" in /home/soluctem/sistema.soluctem.com.co/api/submit.php on line 42
[22-Jul-2025 03:56:01 UTC] PHP Warning:  Undefined array key "seguridadRiesgoAccidentalidad" in /home/soluctem/sistema.soluctem.com.co/api/submit.php on line 43
[22-Jul-2025 03:56:01 UTC] PHP Warning:  Undefined array key "seguridadRiesgoEquipo" in /home/soluctem/sistema.soluctem.com.co/api/submit.php on line 44
[22-Jul-2025 03:56:01 UTC] PHP Warning:  Undefined array key "funcionamientoFallaSolucionada" in /home/soluctem/sistema.soluctem.com.co/api/submit.php on line 45
[22-Jul-2025 03:56:01 UTC] PHP Warning:  Undefined array key "funcionamientoPasosNormales" in /home/soluctem/sistema.soluctem.com.co/api/submit.php on line 46
[22-Jul-2025 03:56:01 UTC] PHP Warning:  Undefined array key "calidadTrabajo" in /home/soluctem/sistema.soluctem.com.co/api/submit.php on line 47
[22-Jul-2025 03:56:01 UTC] PHP Warning:  Undefined array key "limpiezaOrganizacionArmado" in /home/soluctem/sistema.soluctem.com.co/api/submit.php on line 48
[22-Jul-2025 03:56:01 UTC] PHP Warning:  Undefined array key "limpiezaOrganizacionAseado" in /home/soluctem/sistema.soluctem.com.co/api/submit.php on line 49
[22-Jul-2025 03:56:01 UTC] PHP Warning:  Undefined array key "capacitacionCausa" in /home/soluctem/sistema.soluctem.com.co/api/submit.php on line 50
[22-Jul-2025 03:56:01 UTC] PHP Warning:  Undefined array key "capacitacionPrevencion" in /home/soluctem/sistema.soluctem.com.co/api/submit.php on line 51
[22-Jul-2025 03:56:01 UTC] PHP Warning:  Undefined array key "capacitacionAccion" in /home/soluctem/sistema.soluctem.com.co/api/submit.php on line 52
[22-Jul-2025 03:56:01 UTC] PHP Warning:  Undefined array key "contratista1" in /home/soluctem/sistema.soluctem.com.co/api/submit.php on line 53
[22-Jul-2025 03:56:01 UTC] PHP Warning:  Undefined array key "cedula1" in /home/soluctem/sistema.soluctem.com.co/api/submit.php on line 54
[22-Jul-2025 03:56:01 UTC] PHP Warning:  Undefined array key "horaEntrada1" in /home/soluctem/sistema.soluctem.com.co/api/submit.php on line 55
[22-Jul-2025 03:56:01 UTC] PHP Warning:  Undefined array key "horaSalida1" in /home/soluctem/sistema.soluctem.com.co/api/submit.php on line 56
[22-Jul-2025 03:56:01 UTC] PHP Warning:  Undefined array key "contratista2" in /home/soluctem/sistema.soluctem.com.co/api/submit.php on line 57
[22-Jul-2025 03:56:01 UTC] PHP Warning:  Undefined array key "cedula2" in /home/soluctem/sistema.soluctem.com.co/api/submit.php on line 58
[22-Jul-2025 03:56:01 UTC] PHP Warning:  Undefined array key "horaEntrada2" in /home/soluctem/sistema.soluctem.com.co/api/submit.php on line 59
[22-Jul-2025 03:56:01 UTC] PHP Warning:  Undefined array key "horaSalida2" in /home/soluctem/sistema.soluctem.com.co/api/submit.php on line 60
[22-Jul-2025 03:56:01 UTC] PHP Warning:  Undefined array key "contratista3" in /home/soluctem/sistema.soluctem.com.co/api/submit.php on line 61
[22-Jul-2025 03:56:01 UTC] PHP Warning:  Undefined array key "cedula3" in /home/soluctem/sistema.soluctem.com.co/api/submit.php on line 62
[22-Jul-2025 03:56:01 UTC] PHP Warning:  Undefined array key "horaEntrada3" in /home/soluctem/sistema.soluctem.com.co/api/submit.php on line 63
[22-Jul-2025 03:56:01 UTC] PHP Warning:  Undefined array key "horaSalida3" in /home/soluctem/sistema.soluctem.com.co/api/submit.php on line 64
[22-Jul-2025 03:56:01 UTC] PHP Warning:  Undefined array key "contratista4" in /home/soluctem/sistema.soluctem.com.co/api/submit.php on line 65
[22-Jul-2025 03:56:01 UTC] PHP Warning:  Undefined array key "cedula4" in /home/soluctem/sistema.soluctem.com.co/api/submit.php on line 66
[22-Jul-2025 03:56:01 UTC] PHP Warning:  Undefined array key "horaEntrada4" in /home/soluctem/sistema.soluctem.com.co/api/submit.php on line 67
[22-Jul-2025 03:56:01 UTC] PHP Warning:  Undefined array key "horaSalida4" in /home/soluctem/sistema.soluctem.com.co/api/submit.php on line 68
[22-Jul-2025 03:56:01 UTC] PHP Warning:  Undefined array key "nombreFuncionario" in /home/soluctem/sistema.soluctem.com.co/api/submit.php on line 69
[22-Jul-2025 03:56:01 UTC] PHP Warning:  Undefined array key "cedulaFuncionario" in /home/soluctem/sistema.soluctem.com.co/api/submit.php on line 70
[22-Jul-2025 03:56:01 UTC] PHP Warning:  Undefined array key "cargoFuncionario" in /home/soluctem/sistema.soluctem.com.co/api/submit.php on line 71
[22-Jul-2025 03:56:01 UTC] PHP Warning:  Undefined array key "sapFuncionario" in /home/soluctem/sistema.soluctem.com.co/api/submit.php on line 72
[22-Jul-2025 03:56:01 UTC] PHP Warning:  Undefined array key "timestamp" in /home/soluctem/sistema.soluctem.com.co/api/submit.php on line 73
[22-Jul-2025 03:56:01 UTC] PHP Warning:  Undefined array key "asistenciaReparacion" in /home/soluctem/sistema.soluctem.com.co/api/submit.php on line 74
[22-Jul-2025 03:56:01 UTC] PHP Warning:  Undefined array key "asistenciaGarantia" in /home/soluctem/sistema.soluctem.com.co/api/submit.php on line 75
[22-Jul-2025 03:56:01 UTC] PHP Warning:  Undefined array key "asistenciaAjuste" in /home/soluctem/sistema.soluctem.com.co/api/submit.php on line 76
[22-Jul-2025 03:56:01 UTC] PHP Warning:  Undefined array key "asistenciaModificacion" in /home/soluctem/sistema.soluctem.com.co/api/submit.php on line 77
[22-Jul-2025 03:56:01 UTC] PHP Warning:  Undefined array key "asistenciaServicio" in /home/soluctem/sistema.soluctem.com.co/api/submit.php on line 78
[22-Jul-2025 03:56:01 UTC] PHP Warning:  Undefined array key "asistenciaMejora" in /home/soluctem/sistema.soluctem.com.co/api/submit.php on line 79
[22-Jul-2025 03:56:01 UTC] PHP Warning:  Undefined array key "asistenciaCombinacion" in /home/soluctem/sistema.soluctem.com.co/api/submit.php on line 80
[22-Jul-2025 03:56:01 UTC] PHP Warning:  Undefined array key "fallaOperacion" in /home/soluctem/sistema.soluctem.com.co/api/submit.php on line 81
[22-Jul-2025 03:56:01 UTC] PHP Warning:  Undefined array key "fallaMecanica" in /home/soluctem/sistema.soluctem.com.co/api/submit.php on line 82
[22-Jul-2025 03:56:01 UTC] PHP Warning:  Undefined array key "fallaElectrica" in /home/soluctem/sistema.soluctem.com.co/api/submit.php on line 83
[22-Jul-2025 03:56:01 UTC] PHP Warning:  Undefined array key "fallaTerceros" in /home/soluctem/sistema.soluctem.com.co/api/submit.php on line 84
[22-Jul-2025 03:56:01 UTC] PHP Warning:  Undefined array key "fallaFabricacion" in /home/soluctem/sistema.soluctem.com.co/api/submit.php on line 85
[22-Jul-2025 03:56:01 UTC] PHP Warning:  Undefined array key "firma_digital_cliente" in /home/soluctem/sistema.soluctem.com.co/api/submit.php on line 86
[22-Jul-2025 03:56:01 UTC] PHP Warning:  Undefined array key "firma_digital_tecnico" in /home/soluctem/sistema.soluctem.com.co/api/submit.php on line 87
[22-Jul-2025 04:07:43 UTC] PHP Warning:  Undefined array key "nombreSolicitante" in /home/soluctem/sistema.soluctem.com.co/api/submit.php on line 28
[22-Jul-2025 04:07:43 UTC] PHP Warning:  Undefined array key "cargo" in /home/soluctem/sistema.soluctem.com.co/api/submit.php on line 29
[22-Jul-2025 04:07:43 UTC] PHP Warning:  Undefined array key "nombreTienda" in /home/soluctem/sistema.soluctem.com.co/api/submit.php on line 30
[22-Jul-2025 04:07:43 UTC] PHP Warning:  Undefined array key "numeroTienda" in /home/soluctem/sistema.soluctem.com.co/api/submit.php on line 31
[22-Jul-2025 04:07:43 UTC] PHP Warning:  Undefined array key "numeroTicket" in /home/soluctem/sistema.soluctem.com.co/api/submit.php on line 32
[22-Jul-2025 04:07:43 UTC] PHP Warning:  Undefined array key "fecha" in /home/soluctem/sistema.soluctem.com.co/api/submit.php on line 33
[22-Jul-2025 04:07:43 UTC] PHP Warning:  Undefined array key "municipio" in /home/soluctem/sistema.soluctem.com.co/api/submit.php on line 34
[22-Jul-2025 04:07:43 UTC] PHP Warning:  Undefined array key "departamento" in /home/soluctem/sistema.soluctem.com.co/api/submit.php on line 35
[22-Jul-2025 04:07:43 UTC] PHP Warning:  Undefined array key "nombreEquipo" in /home/soluctem/sistema.soluctem.com.co/api/submit.php on line 36
[22-Jul-2025 04:07:43 UTC] PHP Warning:  Undefined array key "marca" in /home/soluctem/sistema.soluctem.com.co/api/submit.php on line 37
[22-Jul-2025 04:07:43 UTC] PHP Warning:  Undefined array key "serial" in /home/soluctem/sistema.soluctem.com.co/api/submit.php on line 38
[22-Jul-2025 04:07:43 UTC] PHP Warning:  Undefined array key "descripcionFalla" in /home/soluctem/sistema.soluctem.com.co/api/submit.php on line 39
[22-Jul-2025 04:07:43 UTC] PHP Warning:  Undefined array key "diagnosticoTecnico" in /home/soluctem/sistema.soluctem.com.co/api/submit.php on line 40
[22-Jul-2025 04:07:43 UTC] PHP Warning:  Undefined array key "repuestosCambiados" in /home/soluctem/sistema.soluctem.com.co/api/submit.php on line 41
[22-Jul-2025 04:07:43 UTC] PHP Warning:  Undefined array key "observaciones" in /home/soluctem/sistema.soluctem.com.co/api/submit.php on line 42
[22-Jul-2025 04:07:43 UTC] PHP Warning:  Undefined array key "seguridadRiesgoAccidentalidad" in /home/soluctem/sistema.soluctem.com.co/api/submit.php on line 43
[22-Jul-2025 04:07:43 UTC] PHP Warning:  Undefined array key "seguridadRiesgoEquipo" in /home/soluctem/sistema.soluctem.com.co/api/submit.php on line 44
[22-Jul-2025 04:07:43 UTC] PHP Warning:  Undefined array key "funcionamientoFallaSolucionada" in /home/soluctem/sistema.soluctem.com.co/api/submit.php on line 45
[22-Jul-2025 04:07:43 UTC] PHP Warning:  Undefined array key "funcionamientoPasosNormales" in /home/soluctem/sistema.soluctem.com.co/api/submit.php on line 46
[22-Jul-2025 04:07:43 UTC] PHP Warning:  Undefined array key "calidadTrabajo" in /home/soluctem/sistema.soluctem.com.co/api/submit.php on line 47
[22-Jul-2025 04:07:43 UTC] PHP Warning:  Undefined array key "limpiezaOrganizacionArmado" in /home/soluctem/sistema.soluctem.com.co/api/submit.php on line 48
[22-Jul-2025 04:07:43 UTC] PHP Warning:  Undefined array key "limpiezaOrganizacionAseado" in /home/soluctem/sistema.soluctem.com.co/api/submit.php on line 49
[22-Jul-2025 04:07:43 UTC] PHP Warning:  Undefined array key "capacitacionCausa" in /home/soluctem/sistema.soluctem.com.co/api/submit.php on line 50
[22-Jul-2025 04:07:43 UTC] PHP Warning:  Undefined array key "capacitacionPrevencion" in /home/soluctem/sistema.soluctem.com.co/api/submit.php on line 51
[22-Jul-2025 04:07:43 UTC] PHP Warning:  Undefined array key "capacitacionAccion" in /home/soluctem/sistema.soluctem.com.co/api/submit.php on line 52
[22-Jul-2025 04:07:43 UTC] PHP Warning:  Undefined array key "contratista1" in /home/soluctem/sistema.soluctem.com.co/api/submit.php on line 53
[22-Jul-2025 04:07:43 UTC] PHP Warning:  Undefined array key "cedula1" in /home/soluctem/sistema.soluctem.com.co/api/submit.php on line 54
[22-Jul-2025 04:07:43 UTC] PHP Warning:  Undefined array key "horaEntrada1" in /home/soluctem/sistema.soluctem.com.co/api/submit.php on line 55
[22-Jul-2025 04:07:43 UTC] PHP Warning:  Undefined array key "horaSalida1" in /home/soluctem/sistema.soluctem.com.co/api/submit.php on line 56
[22-Jul-2025 04:07:43 UTC] PHP Warning:  Undefined array key "contratista2" in /home/soluctem/sistema.soluctem.com.co/api/submit.php on line 57
[22-Jul-2025 04:07:43 UTC] PHP Warning:  Undefined array key "cedula2" in /home/soluctem/sistema.soluctem.com.co/api/submit.php on line 58
[22-Jul-2025 04:07:43 UTC] PHP Warning:  Undefined array key "horaEntrada2" in /home/soluctem/sistema.soluctem.com.co/api/submit.php on line 59
[22-Jul-2025 04:07:43 UTC] PHP Warning:  Undefined array key "horaSalida2" in /home/soluctem/sistema.soluctem.com.co/api/submit.php on line 60
[22-Jul-2025 04:07:43 UTC] PHP Warning:  Undefined array key "contratista3" in /home/soluctem/sistema.soluctem.com.co/api/submit.php on line 61
[22-Jul-2025 04:07:43 UTC] PHP Warning:  Undefined array key "cedula3" in /home/soluctem/sistema.soluctem.com.co/api/submit.php on line 62
[22-Jul-2025 04:07:43 UTC] PHP Warning:  Undefined array key "horaEntrada3" in /home/soluctem/sistema.soluctem.com.co/api/submit.php on line 63
[22-Jul-2025 04:07:43 UTC] PHP Warning:  Undefined array key "horaSalida3" in /home/soluctem/sistema.soluctem.com.co/api/submit.php on line 64
[22-Jul-2025 04:07:43 UTC] PHP Warning:  Undefined array key "contratista4" in /home/soluctem/sistema.soluctem.com.co/api/submit.php on line 65
[22-Jul-2025 04:07:43 UTC] PHP Warning:  Undefined array key "cedula4" in /home/soluctem/sistema.soluctem.com.co/api/submit.php on line 66
[22-Jul-2025 04:07:43 UTC] PHP Warning:  Undefined array key "horaEntrada4" in /home/soluctem/sistema.soluctem.com.co/api/submit.php on line 67
[22-Jul-2025 04:07:43 UTC] PHP Warning:  Undefined array key "horaSalida4" in /home/soluctem/sistema.soluctem.com.co/api/submit.php on line 68
[22-Jul-2025 04:07:43 UTC] PHP Warning:  Undefined array key "nombreFuncionario" in /home/soluctem/sistema.soluctem.com.co/api/submit.php on line 69
[22-Jul-2025 04:07:43 UTC] PHP Warning:  Undefined array key "cedulaFuncionario" in /home/soluctem/sistema.soluctem.com.co/api/submit.php on line 70
[22-Jul-2025 04:07:43 UTC] PHP Warning:  Undefined array key "cargoFuncionario" in /home/soluctem/sistema.soluctem.com.co/api/submit.php on line 71
[22-Jul-2025 04:07:43 UTC] PHP Warning:  Undefined array key "sapFuncionario" in /home/soluctem/sistema.soluctem.com.co/api/submit.php on line 72
[22-Jul-2025 04:07:43 UTC] PHP Warning:  Undefined array key "timestamp" in /home/soluctem/sistema.soluctem.com.co/api/submit.php on line 73
[22-Jul-2025 04:07:43 UTC] PHP Warning:  Undefined array key "asistenciaReparacion" in /home/soluctem/sistema.soluctem.com.co/api/submit.php on line 74
[22-Jul-2025 04:07:43 UTC] PHP Warning:  Undefined array key "asistenciaGarantia" in /home/soluctem/sistema.soluctem.com.co/api/submit.php on line 75
[22-Jul-2025 04:07:43 UTC] PHP Warning:  Undefined array key "asistenciaAjuste" in /home/soluctem/sistema.soluctem.com.co/api/submit.php on line 76
[22-Jul-2025 04:07:43 UTC] PHP Warning:  Undefined array key "asistenciaModificacion" in /home/soluctem/sistema.soluctem.com.co/api/submit.php on line 77
[22-Jul-2025 04:07:43 UTC] PHP Warning:  Undefined array key "asistenciaServicio" in /home/soluctem/sistema.soluctem.com.co/api/submit.php on line 78
[22-Jul-2025 04:07:43 UTC] PHP Warning:  Undefined array key "asistenciaMejora" in /home/soluctem/sistema.soluctem.com.co/api/submit.php on line 79
[22-Jul-2025 04:07:43 UTC] PHP Warning:  Undefined array key "asistenciaCombinacion" in /home/soluctem/sistema.soluctem.com.co/api/submit.php on line 80
[22-Jul-2025 04:07:43 UTC] PHP Warning:  Undefined array key "fallaOperacion" in /home/soluctem/sistema.soluctem.com.co/api/submit.php on line 81
[22-Jul-2025 04:07:43 UTC] PHP Warning:  Undefined array key "fallaMecanica" in /home/soluctem/sistema.soluctem.com.co/api/submit.php on line 82
[22-Jul-2025 04:07:43 UTC] PHP Warning:  Undefined array key "fallaElectrica" in /home/soluctem/sistema.soluctem.com.co/api/submit.php on line 83
[22-Jul-2025 04:07:43 UTC] PHP Warning:  Undefined array key "fallaTerceros" in /home/soluctem/sistema.soluctem.com.co/api/submit.php on line 84
[22-Jul-2025 04:07:43 UTC] PHP Warning:  Undefined array key "fallaFabricacion" in /home/soluctem/sistema.soluctem.com.co/api/submit.php on line 85
[22-Jul-2025 04:07:43 UTC] PHP Warning:  Undefined array key "firma_digital_cliente" in /home/soluctem/sistema.soluctem.com.co/api/submit.php on line 86
[22-Jul-2025 04:07:43 UTC] PHP Warning:  Undefined array key "firma_digital_tecnico" in /home/soluctem/sistema.soluctem.com.co/api/submit.php on line 87
[22-Jul-2025 04:13:08 UTC] PHP Warning:  Undefined array key "nombreSolicitante" in /home/soluctem/sistema.soluctem.com.co/api/submit.php on line 28
[22-Jul-2025 04:13:08 UTC] PHP Warning:  Undefined array key "cargo" in /home/soluctem/sistema.soluctem.com.co/api/submit.php on line 29
[22-Jul-2025 04:13:08 UTC] PHP Warning:  Undefined array key "nombreTienda" in /home/soluctem/sistema.soluctem.com.co/api/submit.php on line 30
[22-Jul-2025 04:13:08 UTC] PHP Warning:  Undefined array key "numeroTienda" in /home/soluctem/sistema.soluctem.com.co/api/submit.php on line 31
[22-Jul-2025 04:13:08 UTC] PHP Warning:  Undefined array key "numeroTicket" in /home/soluctem/sistema.soluctem.com.co/api/submit.php on line 32
[22-Jul-2025 04:13:08 UTC] PHP Warning:  Undefined array key "fecha" in /home/soluctem/sistema.soluctem.com.co/api/submit.php on line 33
[22-Jul-2025 04:13:08 UTC] PHP Warning:  Undefined array key "municipio" in /home/soluctem/sistema.soluctem.com.co/api/submit.php on line 34
[22-Jul-2025 04:13:08 UTC] PHP Warning:  Undefined array key "departamento" in /home/soluctem/sistema.soluctem.com.co/api/submit.php on line 35
[22-Jul-2025 04:13:08 UTC] PHP Warning:  Undefined array key "nombreEquipo" in /home/soluctem/sistema.soluctem.com.co/api/submit.php on line 36
[22-Jul-2025 04:13:08 UTC] PHP Warning:  Undefined array key "marca" in /home/soluctem/sistema.soluctem.com.co/api/submit.php on line 37
[22-Jul-2025 04:13:08 UTC] PHP Warning:  Undefined array key "serial" in /home/soluctem/sistema.soluctem.com.co/api/submit.php on line 38
[22-Jul-2025 04:13:08 UTC] PHP Warning:  Undefined array key "descripcionFalla" in /home/soluctem/sistema.soluctem.com.co/api/submit.php on line 39
[22-Jul-2025 04:13:08 UTC] PHP Warning:  Undefined array key "diagnosticoTecnico" in /home/soluctem/sistema.soluctem.com.co/api/submit.php on line 40
[22-Jul-2025 04:13:08 UTC] PHP Warning:  Undefined array key "repuestosCambiados" in /home/soluctem/sistema.soluctem.com.co/api/submit.php on line 41
[22-Jul-2025 04:13:08 UTC] PHP Warning:  Undefined array key "observaciones" in /home/soluctem/sistema.soluctem.com.co/api/submit.php on line 42
[22-Jul-2025 04:13:08 UTC] PHP Warning:  Undefined array key "seguridadRiesgoAccidentalidad" in /home/soluctem/sistema.soluctem.com.co/api/submit.php on line 43
[22-Jul-2025 04:13:08 UTC] PHP Warning:  Undefined array key "seguridadRiesgoEquipo" in /home/soluctem/sistema.soluctem.com.co/api/submit.php on line 44
[22-Jul-2025 04:13:08 UTC] PHP Warning:  Undefined array key "funcionamientoFallaSolucionada" in /home/soluctem/sistema.soluctem.com.co/api/submit.php on line 45
[22-Jul-2025 04:13:08 UTC] PHP Warning:  Undefined array key "funcionamientoPasosNormales" in /home/soluctem/sistema.soluctem.com.co/api/submit.php on line 46
[22-Jul-2025 04:13:08 UTC] PHP Warning:  Undefined array key "calidadTrabajo" in /home/soluctem/sistema.soluctem.com.co/api/submit.php on line 47
[22-Jul-2025 04:13:08 UTC] PHP Warning:  Undefined array key "limpiezaOrganizacionArmado" in /home/soluctem/sistema.soluctem.com.co/api/submit.php on line 48
[22-Jul-2025 04:13:08 UTC] PHP Warning:  Undefined array key "limpiezaOrganizacionAseado" in /home/soluctem/sistema.soluctem.com.co/api/submit.php on line 49
[22-Jul-2025 04:13:08 UTC] PHP Warning:  Undefined array key "capacitacionCausa" in /home/soluctem/sistema.soluctem.com.co/api/submit.php on line 50
[22-Jul-2025 04:13:08 UTC] PHP Warning:  Undefined array key "capacitacionPrevencion" in /home/soluctem/sistema.soluctem.com.co/api/submit.php on line 51
[22-Jul-2025 04:13:08 UTC] PHP Warning:  Undefined array key "capacitacionAccion" in /home/soluctem/sistema.soluctem.com.co/api/submit.php on line 52
[22-Jul-2025 04:13:08 UTC] PHP Warning:  Undefined array key "contratista1" in /home/soluctem/sistema.soluctem.com.co/api/submit.php on line 53
[22-Jul-2025 04:13:08 UTC] PHP Warning:  Undefined array key "cedula1" in /home/soluctem/sistema.soluctem.com.co/api/submit.php on line 54
[22-Jul-2025 04:13:08 UTC] PHP Warning:  Undefined array key "horaEntrada1" in /home/soluctem/sistema.soluctem.com.co/api/submit.php on line 55
[22-Jul-2025 04:13:08 UTC] PHP Warning:  Undefined array key "horaSalida1" in /home/soluctem/sistema.soluctem.com.co/api/submit.php on line 56
[22-Jul-2025 04:13:08 UTC] PHP Warning:  Undefined array key "contratista2" in /home/soluctem/sistema.soluctem.com.co/api/submit.php on line 57
[22-Jul-2025 04:13:08 UTC] PHP Warning:  Undefined array key "cedula2" in /home/soluctem/sistema.soluctem.com.co/api/submit.php on line 58
[22-Jul-2025 04:13:08 UTC] PHP Warning:  Undefined array key "horaEntrada2" in /home/soluctem/sistema.soluctem.com.co/api/submit.php on line 59
[22-Jul-2025 04:13:08 UTC] PHP Warning:  Undefined array key "horaSalida2" in /home/soluctem/sistema.soluctem.com.co/api/submit.php on line 60
[22-Jul-2025 04:13:08 UTC] PHP Warning:  Undefined array key "contratista3" in /home/soluctem/sistema.soluctem.com.co/api/submit.php on line 61
[22-Jul-2025 04:13:08 UTC] PHP Warning:  Undefined array key "cedula3" in /home/soluctem/sistema.soluctem.com.co/api/submit.php on line 62
[22-Jul-2025 04:13:08 UTC] PHP Warning:  Undefined array key "horaEntrada3" in /home/soluctem/sistema.soluctem.com.co/api/submit.php on line 63
[22-Jul-2025 04:13:08 UTC] PHP Warning:  Undefined array key "horaSalida3" in /home/soluctem/sistema.soluctem.com.co/api/submit.php on line 64
[22-Jul-2025 04:13:08 UTC] PHP Warning:  Undefined array key "contratista4" in /home/soluctem/sistema.soluctem.com.co/api/submit.php on line 65
[22-Jul-2025 04:13:08 UTC] PHP Warning:  Undefined array key "cedula4" in /home/soluctem/sistema.soluctem.com.co/api/submit.php on line 66
[22-Jul-2025 04:13:08 UTC] PHP Warning:  Undefined array key "horaEntrada4" in /home/soluctem/sistema.soluctem.com.co/api/submit.php on line 67
[22-Jul-2025 04:13:08 UTC] PHP Warning:  Undefined array key "horaSalida4" in /home/soluctem/sistema.soluctem.com.co/api/submit.php on line 68
[22-Jul-2025 04:13:08 UTC] PHP Warning:  Undefined array key "nombreFuncionario" in /home/soluctem/sistema.soluctem.com.co/api/submit.php on line 69
[22-Jul-2025 04:13:08 UTC] PHP Warning:  Undefined array key "cedulaFuncionario" in /home/soluctem/sistema.soluctem.com.co/api/submit.php on line 70
[22-Jul-2025 04:13:08 UTC] PHP Warning:  Undefined array key "cargoFuncionario" in /home/soluctem/sistema.soluctem.com.co/api/submit.php on line 71
[22-Jul-2025 04:13:08 UTC] PHP Warning:  Undefined array key "sapFuncionario" in /home/soluctem/sistema.soluctem.com.co/api/submit.php on line 72
[22-Jul-2025 04:13:08 UTC] PHP Warning:  Undefined array key "timestamp" in /home/soluctem/sistema.soluctem.com.co/api/submit.php on line 73
[22-Jul-2025 04:13:08 UTC] PHP Warning:  Undefined array key "asistenciaReparacion" in /home/soluctem/sistema.soluctem.com.co/api/submit.php on line 74
[22-Jul-2025 04:13:08 UTC] PHP Warning:  Undefined array key "asistenciaGarantia" in /home/soluctem/sistema.soluctem.com.co/api/submit.php on line 75
[22-Jul-2025 04:13:08 UTC] PHP Warning:  Undefined array key "asistenciaAjuste" in /home/soluctem/sistema.soluctem.com.co/api/submit.php on line 76
[22-Jul-2025 04:13:08 UTC] PHP Warning:  Undefined array key "asistenciaModificacion" in /home/soluctem/sistema.soluctem.com.co/api/submit.php on line 77
[22-Jul-2025 04:13:08 UTC] PHP Warning:  Undefined array key "asistenciaServicio" in /home/soluctem/sistema.soluctem.com.co/api/submit.php on line 78
[22-Jul-2025 04:13:08 UTC] PHP Warning:  Undefined array key "asistenciaMejora" in /home/soluctem/sistema.soluctem.com.co/api/submit.php on line 79
[22-Jul-2025 04:13:08 UTC] PHP Warning:  Undefined array key "asistenciaCombinacion" in /home/soluctem/sistema.soluctem.com.co/api/submit.php on line 80
[22-Jul-2025 04:13:08 UTC] PHP Warning:  Undefined array key "fallaOperacion" in /home/soluctem/sistema.soluctem.com.co/api/submit.php on line 81
[22-Jul-2025 04:13:08 UTC] PHP Warning:  Undefined array key "fallaMecanica" in /home/soluctem/sistema.soluctem.com.co/api/submit.php on line 82
[22-Jul-2025 04:13:08 UTC] PHP Warning:  Undefined array key "fallaElectrica" in /home/soluctem/sistema.soluctem.com.co/api/submit.php on line 83
[22-Jul-2025 04:13:08 UTC] PHP Warning:  Undefined array key "fallaTerceros" in /home/soluctem/sistema.soluctem.com.co/api/submit.php on line 84
[22-Jul-2025 04:13:08 UTC] PHP Warning:  Undefined array key "fallaFabricacion" in /home/soluctem/sistema.soluctem.com.co/api/submit.php on line 85
[22-Jul-2025 04:13:08 UTC] PHP Warning:  Undefined array key "firma_digital_cliente" in /home/soluctem/sistema.soluctem.com.co/api/submit.php on line 86
[22-Jul-2025 04:13:08 UTC] PHP Warning:  Undefined array key "firma_digital_tecnico" in /home/soluctem/sistema.soluctem.com.co/api/submit.php on line 87
[22-Jul-2025 04:19:16 UTC] PHP Warning:  Undefined array key "nombreSolicitante" in /home/soluctem/sistema.soluctem.com.co/api/submit.php on line 28
[22-Jul-2025 04:19:16 UTC] PHP Warning:  Undefined array key "cargo" in /home/soluctem/sistema.soluctem.com.co/api/submit.php on line 29
[22-Jul-2025 04:19:16 UTC] PHP Warning:  Undefined array key "nombreTienda" in /home/soluctem/sistema.soluctem.com.co/api/submit.php on line 30
[22-Jul-2025 04:19:16 UTC] PHP Warning:  Undefined array key "numeroTienda" in /home/soluctem/sistema.soluctem.com.co/api/submit.php on line 31
[22-Jul-2025 04:19:16 UTC] PHP Warning:  Undefined array key "numeroTicket" in /home/soluctem/sistema.soluctem.com.co/api/submit.php on line 32
[22-Jul-2025 04:19:16 UTC] PHP Warning:  Undefined array key "fecha" in /home/soluctem/sistema.soluctem.com.co/api/submit.php on line 33
[22-Jul-2025 04:19:16 UTC] PHP Warning:  Undefined array key "municipio" in /home/soluctem/sistema.soluctem.com.co/api/submit.php on line 34
[22-Jul-2025 04:19:16 UTC] PHP Warning:  Undefined array key "departamento" in /home/soluctem/sistema.soluctem.com.co/api/submit.php on line 35
[22-Jul-2025 04:19:16 UTC] PHP Warning:  Undefined array key "nombreEquipo" in /home/soluctem/sistema.soluctem.com.co/api/submit.php on line 36
[22-Jul-2025 04:19:16 UTC] PHP Warning:  Undefined array key "marca" in /home/soluctem/sistema.soluctem.com.co/api/submit.php on line 37
[22-Jul-2025 04:19:16 UTC] PHP Warning:  Undefined array key "serial" in /home/soluctem/sistema.soluctem.com.co/api/submit.php on line 38
[22-Jul-2025 04:19:16 UTC] PHP Warning:  Undefined array key "descripcionFalla" in /home/soluctem/sistema.soluctem.com.co/api/submit.php on line 39
[22-Jul-2025 04:19:16 UTC] PHP Warning:  Undefined array key "diagnosticoTecnico" in /home/soluctem/sistema.soluctem.com.co/api/submit.php on line 40
[22-Jul-2025 04:19:16 UTC] PHP Warning:  Undefined array key "repuestosCambiados" in /home/soluctem/sistema.soluctem.com.co/api/submit.php on line 41
[22-Jul-2025 04:19:16 UTC] PHP Warning:  Undefined array key "observaciones" in /home/soluctem/sistema.soluctem.com.co/api/submit.php on line 42
[22-Jul-2025 04:19:16 UTC] PHP Warning:  Undefined array key "seguridadRiesgoAccidentalidad" in /home/soluctem/sistema.soluctem.com.co/api/submit.php on line 43
[22-Jul-2025 04:19:16 UTC] PHP Warning:  Undefined array key "seguridadRiesgoEquipo" in /home/soluctem/sistema.soluctem.com.co/api/submit.php on line 44
[22-Jul-2025 04:19:16 UTC] PHP Warning:  Undefined array key "funcionamientoFallaSolucionada" in /home/soluctem/sistema.soluctem.com.co/api/submit.php on line 45
[22-Jul-2025 04:19:16 UTC] PHP Warning:  Undefined array key "funcionamientoPasosNormales" in /home/soluctem/sistema.soluctem.com.co/api/submit.php on line 46
[22-Jul-2025 04:19:16 UTC] PHP Warning:  Undefined array key "calidadTrabajo" in /home/soluctem/sistema.soluctem.com.co/api/submit.php on line 47
[22-Jul-2025 04:19:16 UTC] PHP Warning:  Undefined array key "limpiezaOrganizacionArmado" in /home/soluctem/sistema.soluctem.com.co/api/submit.php on line 48
[22-Jul-2025 04:19:16 UTC] PHP Warning:  Undefined array key "limpiezaOrganizacionAseado" in /home/soluctem/sistema.soluctem.com.co/api/submit.php on line 49
[22-Jul-2025 04:19:16 UTC] PHP Warning:  Undefined array key "capacitacionCausa" in /home/soluctem/sistema.soluctem.com.co/api/submit.php on line 50
[22-Jul-2025 04:19:16 UTC] PHP Warning:  Undefined array key "capacitacionPrevencion" in /home/soluctem/sistema.soluctem.com.co/api/submit.php on line 51
[22-Jul-2025 04:19:16 UTC] PHP Warning:  Undefined array key "capacitacionAccion" in /home/soluctem/sistema.soluctem.com.co/api/submit.php on line 52
[22-Jul-2025 04:19:16 UTC] PHP Warning:  Undefined array key "contratista1" in /home/soluctem/sistema.soluctem.com.co/api/submit.php on line 53
[22-Jul-2025 04:19:16 UTC] PHP Warning:  Undefined array key "cedula1" in /home/soluctem/sistema.soluctem.com.co/api/submit.php on line 54
[22-Jul-2025 04:19:16 UTC] PHP Warning:  Undefined array key "horaEntrada1" in /home/soluctem/sistema.soluctem.com.co/api/submit.php on line 55
[22-Jul-2025 04:19:16 UTC] PHP Warning:  Undefined array key "horaSalida1" in /home/soluctem/sistema.soluctem.com.co/api/submit.php on line 56
[22-Jul-2025 04:19:16 UTC] PHP Warning:  Undefined array key "contratista2" in /home/soluctem/sistema.soluctem.com.co/api/submit.php on line 57
[22-Jul-2025 04:19:16 UTC] PHP Warning:  Undefined array key "cedula2" in /home/soluctem/sistema.soluctem.com.co/api/submit.php on line 58
[22-Jul-2025 04:19:16 UTC] PHP Warning:  Undefined array key "horaEntrada2" in /home/soluctem/sistema.soluctem.com.co/api/submit.php on line 59
[22-Jul-2025 04:19:16 UTC] PHP Warning:  Undefined array key "horaSalida2" in /home/soluctem/sistema.soluctem.com.co/api/submit.php on line 60
[22-Jul-2025 04:19:16 UTC] PHP Warning:  Undefined array key "contratista3" in /home/soluctem/sistema.soluctem.com.co/api/submit.php on line 61
[22-Jul-2025 04:19:16 UTC] PHP Warning:  Undefined array key "cedula3" in /home/soluctem/sistema.soluctem.com.co/api/submit.php on line 62
[22-Jul-2025 04:19:16 UTC] PHP Warning:  Undefined array key "horaEntrada3" in /home/soluctem/sistema.soluctem.com.co/api/submit.php on line 63
[22-Jul-2025 04:19:16 UTC] PHP Warning:  Undefined array key "horaSalida3" in /home/soluctem/sistema.soluctem.com.co/api/submit.php on line 64
[22-Jul-2025 04:19:16 UTC] PHP Warning:  Undefined array key "contratista4" in /home/soluctem/sistema.soluctem.com.co/api/submit.php on line 65
[22-Jul-2025 04:19:16 UTC] PHP Warning:  Undefined array key "cedula4" in /home/soluctem/sistema.soluctem.com.co/api/submit.php on line 66
[22-Jul-2025 04:19:16 UTC] PHP Warning:  Undefined array key "horaEntrada4" in /home/soluctem/sistema.soluctem.com.co/api/submit.php on line 67
[22-Jul-2025 04:19:16 UTC] PHP Warning:  Undefined array key "horaSalida4" in /home/soluctem/sistema.soluctem.com.co/api/submit.php on line 68
[22-Jul-2025 04:19:16 UTC] PHP Warning:  Undefined array key "nombreFuncionario" in /home/soluctem/sistema.soluctem.com.co/api/submit.php on line 69
[22-Jul-2025 04:19:16 UTC] PHP Warning:  Undefined array key "cedulaFuncionario" in /home/soluctem/sistema.soluctem.com.co/api/submit.php on line 70
[22-Jul-2025 04:19:16 UTC] PHP Warning:  Undefined array key "cargoFuncionario" in /home/soluctem/sistema.soluctem.com.co/api/submit.php on line 71
[22-Jul-2025 04:19:16 UTC] PHP Warning:  Undefined array key "sapFuncionario" in /home/soluctem/sistema.soluctem.com.co/api/submit.php on line 72
[22-Jul-2025 04:19:16 UTC] PHP Warning:  Undefined array key "timestamp" in /home/soluctem/sistema.soluctem.com.co/api/submit.php on line 73
[22-Jul-2025 04:19:16 UTC] PHP Warning:  Undefined array key "asistenciaReparacion" in /home/soluctem/sistema.soluctem.com.co/api/submit.php on line 74
[22-Jul-2025 04:19:16 UTC] PHP Warning:  Undefined array key "asistenciaGarantia" in /home/soluctem/sistema.soluctem.com.co/api/submit.php on line 75
[22-Jul-2025 04:19:16 UTC] PHP Warning:  Undefined array key "asistenciaAjuste" in /home/soluctem/sistema.soluctem.com.co/api/submit.php on line 76
[22-Jul-2025 04:19:16 UTC] PHP Warning:  Undefined array key "asistenciaModificacion" in /home/soluctem/sistema.soluctem.com.co/api/submit.php on line 77
[22-Jul-2025 04:19:16 UTC] PHP Warning:  Undefined array key "asistenciaServicio" in /home/soluctem/sistema.soluctem.com.co/api/submit.php on line 78
[22-Jul-2025 04:19:16 UTC] PHP Warning:  Undefined array key "asistenciaMejora" in /home/soluctem/sistema.soluctem.com.co/api/submit.php on line 79
[22-Jul-2025 04:19:16 UTC] PHP Warning:  Undefined array key "asistenciaCombinacion" in /home/soluctem/sistema.soluctem.com.co/api/submit.php on line 80
[22-Jul-2025 04:19:16 UTC] PHP Warning:  Undefined array key "fallaOperacion" in /home/soluctem/sistema.soluctem.com.co/api/submit.php on line 81
[22-Jul-2025 04:19:16 UTC] PHP Warning:  Undefined array key "fallaMecanica" in /home/soluctem/sistema.soluctem.com.co/api/submit.php on line 82
[22-Jul-2025 04:19:16 UTC] PHP Warning:  Undefined array key "fallaElectrica" in /home/soluctem/sistema.soluctem.com.co/api/submit.php on line 83
[22-Jul-2025 04:19:16 UTC] PHP Warning:  Undefined array key "fallaTerceros" in /home/soluctem/sistema.soluctem.com.co/api/submit.php on line 84
[22-Jul-2025 04:19:16 UTC] PHP Warning:  Undefined array key "fallaFabricacion" in /home/soluctem/sistema.soluctem.com.co/api/submit.php on line 85
[22-Jul-2025 04:19:16 UTC] PHP Warning:  Undefined array key "firma_digital_cliente" in /home/soluctem/sistema.soluctem.com.co/api/submit.php on line 86
[22-Jul-2025 04:19:16 UTC] PHP Warning:  Undefined array key "firma_digital_tecnico" in /home/soluctem/sistema.soluctem.com.co/api/submit.php on line 87
[22-Jul-2025 16:24:07 UTC] PHP Warning:  Trying to access array offset on value of type bool in /home/soluctem/sistema.soluctem.com.co/api/submit.php on line 28
[22-Jul-2025 16:24:47 UTC] PHP Warning:  Trying to access array offset on value of type bool in /home/soluctem/sistema.soluctem.com.co/api/submit.php on line 28
[22-Jul-2025 16:41:33 UTC] PHP Warning:  Trying to access array offset on value of type bool in /home/soluctem/sistema.soluctem.com.co/api/submit.php on line 28
[22-Jul-2025 17:14:26 UTC] PHP Warning:  Trying to access array offset on value of type bool in /home/soluctem/sistema.soluctem.com.co/api/submit.php on line 28
[22-Jul-2025 17:15:23 UTC] PHP Warning:  Trying to access array offset on value of type bool in /home/soluctem/sistema.soluctem.com.co/api/submit.php on line 28
[22-Jul-2025 17:32:37 UTC] PHP Warning:  Trying to access array offset on value of type bool in /home/soluctem/sistema.soluctem.com.co/api/submit.php on line 28
[22-Jul-2025 17:47:16 UTC] PHP Warning:  Trying to access array offset on value of type bool in /home/soluctem/sistema.soluctem.com.co/api/submit.php on line 28
[22-Jul-2025 17:47:29 UTC] PHP Warning:  Trying to access array offset on value of type bool in /home/soluctem/sistema.soluctem.com.co/api/submit.php on line 28
[22-Jul-2025 17:47:45 UTC] PHP Warning:  Trying to access array offset on value of type bool in /home/soluctem/sistema.soluctem.com.co/api/submit.php on line 28
[22-Jul-2025 17:49:00 UTC] PHP Warning:  Trying to access array offset on value of type bool in /home/soluctem/sistema.soluctem.com.co/api/submit.php on line 28
[22-Jul-2025 17:50:41 UTC] PHP Warning:  Trying to access array offset on value of type bool in /home/soluctem/sistema.soluctem.com.co/api/submit.php on line 28
[22-Jul-2025 17:54:15 UTC] PHP Warning:  Trying to access array offset on value of type bool in /home/soluctem/sistema.soluctem.com.co/api/submit.php on line 28
[22-Jul-2025 17:56:44 UTC] PHP Warning:  Trying to access array offset on value of type bool in /home/soluctem/sistema.soluctem.com.co/api/submit.php on line 28
[22-Jul-2025 17:57:09 UTC] PHP Warning:  Trying to access array offset on value of type bool in /home/soluctem/sistema.soluctem.com.co/api/submit.php on line 28
[22-Jul-2025 17:57:32 UTC] PHP Warning:  Trying to access array offset on value of type bool in /home/soluctem/sistema.soluctem.com.co/api/submit.php on line 28
[22-Jul-2025 17:58:08 UTC] PHP Warning:  Trying to access array offset on value of type bool in /home/soluctem/sistema.soluctem.com.co/api/submit.php on line 28
[22-Jul-2025 18:00:02 UTC] PHP Warning:  Trying to access array offset on value of type bool in /home/soluctem/sistema.soluctem.com.co/api/submit.php on line 28
[22-Jul-2025 18:36:34 UTC] PHP Warning:  Trying to access array offset on value of type bool in /home/soluctem/sistema.soluctem.com.co/api/submit.php on line 28
[22-Jul-2025 18:41:23 UTC] PHP Warning:  Trying to access array offset on value of type bool in /home/soluctem/sistema.soluctem.com.co/api/submit.php on line 28
[22-Jul-2025 18:41:48 UTC] PHP Warning:  Trying to access array offset on value of type bool in /home/soluctem/sistema.soluctem.com.co/api/submit.php on line 28
[22-Jul-2025 18:50:29 UTC] PHP Warning:  Trying to access array offset on value of type bool in /home/soluctem/sistema.soluctem.com.co/api/submit.php on line 28
[22-Jul-2025 18:50:39 UTC] PHP Warning:  Trying to access array offset on value of type bool in /home/soluctem/sistema.soluctem.com.co/api/submit.php on line 28
[22-Jul-2025 18:54:18 UTC] PHP Warning:  Trying to access array offset on value of type bool in /home/soluctem/sistema.soluctem.com.co/api/submit.php on line 28
[22-Jul-2025 19:21:22 UTC] PHP Warning:  Trying to access array offset on value of type bool in /home/soluctem/sistema.soluctem.com.co/api/submit.php on line 28
[22-Jul-2025 21:09:04 UTC] PHP Warning:  Trying to access array offset on value of type bool in /home/soluctem/sistema.soluctem.com.co/api/submit.php on line 28
[22-Jul-2025 21:20:24 UTC] PHP Warning:  Trying to access array offset on value of type bool in /home/soluctem/sistema.soluctem.com.co/api/submit.php on line 28
[22-Jul-2025 21:49:25 UTC] PHP Warning:  Trying to access array offset on value of type bool in /home/soluctem/sistema.soluctem.com.co/api/submit.php on line 28
[22-Jul-2025 22:12:21 UTC] PHP Warning:  Trying to access array offset on value of type bool in /home/soluctem/sistema.soluctem.com.co/api/submit.php on line 28
[22-Jul-2025 22:17:20 UTC] PHP Warning:  Trying to access array offset on value of type bool in /home/soluctem/sistema.soluctem.com.co/api/submit.php on line 28
[22-Jul-2025 22:22:17 UTC] PHP Warning:  Trying to access array offset on value of type bool in /home/soluctem/sistema.soluctem.com.co/api/submit.php on line 28
[22-Jul-2025 23:20:38 UTC] PHP Warning:  Trying to access array offset on value of type bool in /home/soluctem/sistema.soluctem.com.co/api/submit.php on line 28
[23-Jul-2025 00:15:38 UTC] PHP Warning:  Trying to access array offset on value of type bool in /home/soluctem/sistema.soluctem.com.co/api/submit.php on line 28
[23-Jul-2025 00:18:04 UTC] PHP Warning:  Trying to access array offset on value of type bool in /home/soluctem/sistema.soluctem.com.co/api/submit.php on line 28
[23-Jul-2025 00:28:03 UTC] PHP Warning:  Trying to access array offset on value of type bool in /home/soluctem/sistema.soluctem.com.co/api/submit.php on line 28
[23-Jul-2025 00:32:38 UTC] PHP Warning:  Trying to access array offset on value of type bool in /home/soluctem/sistema.soluctem.com.co/api/submit.php on line 28
[23-Jul-2025 00:55:48 UTC] PHP Warning:  Undefined array key "nombreSolicitante" in /home/soluctem/sistema.soluctem.com.co/api/submit.php on line 57
[23-Jul-2025 00:55:48 UTC] PHP Warning:  Undefined array key "cargo" in /home/soluctem/sistema.soluctem.com.co/api/submit.php on line 58
[23-Jul-2025 00:55:48 UTC] PHP Warning:  Undefined array key "nombreTienda" in /home/soluctem/sistema.soluctem.com.co/api/submit.php on line 59
[23-Jul-2025 00:55:48 UTC] PHP Warning:  Undefined array key "numeroTienda" in /home/soluctem/sistema.soluctem.com.co/api/submit.php on line 60
[23-Jul-2025 00:55:48 UTC] PHP Warning:  Undefined array key "numeroTicket" in /home/soluctem/sistema.soluctem.com.co/api/submit.php on line 61
[23-Jul-2025 00:55:48 UTC] PHP Warning:  Undefined array key "fecha" in /home/soluctem/sistema.soluctem.com.co/api/submit.php on line 62
[23-Jul-2025 00:55:48 UTC] PHP Warning:  Undefined array key "municipio" in /home/soluctem/sistema.soluctem.com.co/api/submit.php on line 63
[23-Jul-2025 00:55:48 UTC] PHP Warning:  Undefined array key "departamento" in /home/soluctem/sistema.soluctem.com.co/api/submit.php on line 64
[23-Jul-2025 00:55:48 UTC] PHP Warning:  Undefined array key "nombreEquipo" in /home/soluctem/sistema.soluctem.com.co/api/submit.php on line 65
[23-Jul-2025 00:55:48 UTC] PHP Warning:  Undefined array key "marca" in /home/soluctem/sistema.soluctem.com.co/api/submit.php on line 66
[23-Jul-2025 00:55:48 UTC] PHP Warning:  Undefined array key "serial" in /home/soluctem/sistema.soluctem.com.co/api/submit.php on line 67
[23-Jul-2025 00:55:48 UTC] PHP Warning:  Undefined array key "descripcionFalla" in /home/soluctem/sistema.soluctem.com.co/api/submit.php on line 68
[23-Jul-2025 00:55:48 UTC] PHP Warning:  Undefined array key "diagnosticoTecnico" in /home/soluctem/sistema.soluctem.com.co/api/submit.php on line 69
[23-Jul-2025 00:55:48 UTC] PHP Warning:  Undefined array key "repuestosCambiados" in /home/soluctem/sistema.soluctem.com.co/api/submit.php on line 70
[23-Jul-2025 00:55:48 UTC] PHP Warning:  Undefined array key "observaciones" in /home/soluctem/sistema.soluctem.com.co/api/submit.php on line 71
[23-Jul-2025 00:55:48 UTC] PHP Warning:  Undefined array key "seguridadRiesgoAccidentalidad" in /home/soluctem/sistema.soluctem.com.co/api/submit.php on line 72
[23-Jul-2025 00:55:48 UTC] PHP Warning:  Undefined array key "seguridadRiesgoEquipo" in /home/soluctem/sistema.soluctem.com.co/api/submit.php on line 73
[23-Jul-2025 00:55:48 UTC] PHP Warning:  Undefined array key "funcionamientoFallaSolucionada" in /home/soluctem/sistema.soluctem.com.co/api/submit.php on line 74
[23-Jul-2025 00:55:48 UTC] PHP Warning:  Undefined array key "funcionamientoPasosNormales" in /home/soluctem/sistema.soluctem.com.co/api/submit.php on line 75
[23-Jul-2025 00:55:48 UTC] PHP Warning:  Undefined array key "calidadTrabajo" in /home/soluctem/sistema.soluctem.com.co/api/submit.php on line 76
[23-Jul-2025 00:55:48 UTC] PHP Warning:  Undefined array key "limpiezaOrganizacionArmado" in /home/soluctem/sistema.soluctem.com.co/api/submit.php on line 77
[23-Jul-2025 00:55:48 UTC] PHP Warning:  Undefined array key "limpiezaOrganizacionAseado" in /home/soluctem/sistema.soluctem.com.co/api/submit.php on line 78
[23-Jul-2025 00:55:48 UTC] PHP Warning:  Undefined array key "capacitacionCausa" in /home/soluctem/sistema.soluctem.com.co/api/submit.php on line 79
[23-Jul-2025 00:55:48 UTC] PHP Warning:  Undefined array key "capacitacionPrevencion" in /home/soluctem/sistema.soluctem.com.co/api/submit.php on line 80
[23-Jul-2025 00:55:48 UTC] PHP Warning:  Undefined array key "capacitacionAccion" in /home/soluctem/sistema.soluctem.com.co/api/submit.php on line 81
[23-Jul-2025 00:55:48 UTC] PHP Warning:  Undefined array key "contratista1" in /home/soluctem/sistema.soluctem.com.co/api/submit.php on line 82
[23-Jul-2025 00:55:48 UTC] PHP Warning:  Undefined array key "cedula1" in /home/soluctem/sistema.soluctem.com.co/api/submit.php on line 83
[23-Jul-2025 00:55:48 UTC] PHP Warning:  Undefined array key "horaEntrada1" in /home/soluctem/sistema.soluctem.com.co/api/submit.php on line 84
[23-Jul-2025 00:55:48 UTC] PHP Warning:  Undefined array key "horaSalida1" in /home/soluctem/sistema.soluctem.com.co/api/submit.php on line 85
[23-Jul-2025 00:55:48 UTC] PHP Warning:  Undefined array key "contratista2" in /home/soluctem/sistema.soluctem.com.co/api/submit.php on line 86
[23-Jul-2025 00:55:48 UTC] PHP Warning:  Undefined array key "cedula2" in /home/soluctem/sistema.soluctem.com.co/api/submit.php on line 87
[23-Jul-2025 00:55:48 UTC] PHP Warning:  Undefined array key "horaEntrada2" in /home/soluctem/sistema.soluctem.com.co/api/submit.php on line 88
[23-Jul-2025 00:55:48 UTC] PHP Warning:  Undefined array key "horaSalida2" in /home/soluctem/sistema.soluctem.com.co/api/submit.php on line 89
[23-Jul-2025 00:55:48 UTC] PHP Warning:  Undefined array key "contratista3" in /home/soluctem/sistema.soluctem.com.co/api/submit.php on line 90
[23-Jul-2025 00:55:48 UTC] PHP Warning:  Undefined array key "cedula3" in /home/soluctem/sistema.soluctem.com.co/api/submit.php on line 91
[23-Jul-2025 00:55:48 UTC] PHP Warning:  Undefined array key "horaEntrada3" in /home/soluctem/sistema.soluctem.com.co/api/submit.php on line 92
[23-Jul-2025 00:55:48 UTC] PHP Warning:  Undefined array key "horaSalida3" in /home/soluctem/sistema.soluctem.com.co/api/submit.php on line 93
[23-Jul-2025 00:55:48 UTC] PHP Warning:  Undefined array key "contratista4" in /home/soluctem/sistema.soluctem.com.co/api/submit.php on line 94
[23-Jul-2025 00:55:48 UTC] PHP Warning:  Undefined array key "cedula4" in /home/soluctem/sistema.soluctem.com.co/api/submit.php on line 95
[23-Jul-2025 00:55:48 UTC] PHP Warning:  Undefined array key "horaEntrada4" in /home/soluctem/sistema.soluctem.com.co/api/submit.php on line 96
[23-Jul-2025 00:55:48 UTC] PHP Warning:  Undefined array key "horaSalida4" in /home/soluctem/sistema.soluctem.com.co/api/submit.php on line 97
[23-Jul-2025 00:55:48 UTC] PHP Warning:  Undefined array key "nombreFuncionario" in /home/soluctem/sistema.soluctem.com.co/api/submit.php on line 98
[23-Jul-2025 00:55:48 UTC] PHP Warning:  Undefined array key "cedulaFuncionario" in /home/soluctem/sistema.soluctem.com.co/api/submit.php on line 99
[23-Jul-2025 00:55:48 UTC] PHP Warning:  Undefined array key "cargoFuncionario" in /home/soluctem/sistema.soluctem.com.co/api/submit.php on line 100
[23-Jul-2025 00:55:48 UTC] PHP Warning:  Undefined array key "sapFuncionario" in /home/soluctem/sistema.soluctem.com.co/api/submit.php on line 101
[23-Jul-2025 00:55:48 UTC] PHP Warning:  Undefined array key "timestamp" in /home/soluctem/sistema.soluctem.com.co/api/submit.php on line 102
[23-Jul-2025 00:55:48 UTC] PHP Warning:  Undefined array key "asistenciaReparacion" in /home/soluctem/sistema.soluctem.com.co/api/submit.php on line 103
[23-Jul-2025 00:55:48 UTC] PHP Warning:  Undefined array key "asistenciaGarantia" in /home/soluctem/sistema.soluctem.com.co/api/submit.php on line 104
[23-Jul-2025 00:55:48 UTC] PHP Warning:  Undefined array key "asistenciaAjuste" in /home/soluctem/sistema.soluctem.com.co/api/submit.php on line 105
[23-Jul-2025 00:55:48 UTC] PHP Warning:  Undefined array key "asistenciaModificacion" in /home/soluctem/sistema.soluctem.com.co/api/submit.php on line 106
[23-Jul-2025 00:55:48 UTC] PHP Warning:  Undefined array key "asistenciaServicio" in /home/soluctem/sistema.soluctem.com.co/api/submit.php on line 107
[23-Jul-2025 00:55:48 UTC] PHP Warning:  Undefined array key "asistenciaMejora" in /home/soluctem/sistema.soluctem.com.co/api/submit.php on line 108
[23-Jul-2025 00:55:48 UTC] PHP Warning:  Undefined array key "asistenciaCombinacion" in /home/soluctem/sistema.soluctem.com.co/api/submit.php on line 109
[23-Jul-2025 00:55:48 UTC] PHP Warning:  Undefined array key "fallaOperacion" in /home/soluctem/sistema.soluctem.com.co/api/submit.php on line 110
[23-Jul-2025 00:55:48 UTC] PHP Warning:  Undefined array key "fallaMecanica" in /home/soluctem/sistema.soluctem.com.co/api/submit.php on line 111
[23-Jul-2025 00:55:48 UTC] PHP Warning:  Undefined array key "fallaElectrica" in /home/soluctem/sistema.soluctem.com.co/api/submit.php on line 112
[23-Jul-2025 00:55:48 UTC] PHP Warning:  Undefined array key "fallaTerceros" in /home/soluctem/sistema.soluctem.com.co/api/submit.php on line 113
[23-Jul-2025 00:55:48 UTC] PHP Warning:  Undefined array key "fallaFabricacion" in /home/soluctem/sistema.soluctem.com.co/api/submit.php on line 114
[23-Jul-2025 00:55:48 UTC] PHP Warning:  Undefined array key "firma_digital_cliente" in /home/soluctem/sistema.soluctem.com.co/api/submit.php on line 115
[23-Jul-2025 00:55:48 UTC] PHP Warning:  Undefined array key "firma_digital_tecnico" in /home/soluctem/sistema.soluctem.com.co/api/submit.php on line 116
[23-Jul-2025 01:08:26 UTC] PHP Warning:  Undefined array key "nombreSolicitante" in /home/soluctem/sistema.soluctem.com.co/api/submit.php on line 57
[23-Jul-2025 01:08:26 UTC] PHP Warning:  Undefined array key "cargo" in /home/soluctem/sistema.soluctem.com.co/api/submit.php on line 58
[23-Jul-2025 01:08:26 UTC] PHP Warning:  Undefined array key "nombreTienda" in /home/soluctem/sistema.soluctem.com.co/api/submit.php on line 59
[23-Jul-2025 01:08:26 UTC] PHP Warning:  Undefined array key "numeroTienda" in /home/soluctem/sistema.soluctem.com.co/api/submit.php on line 60
[23-Jul-2025 01:08:26 UTC] PHP Warning:  Undefined array key "numeroTicket" in /home/soluctem/sistema.soluctem.com.co/api/submit.php on line 61
[23-Jul-2025 01:08:26 UTC] PHP Warning:  Undefined array key "fecha" in /home/soluctem/sistema.soluctem.com.co/api/submit.php on line 62
[23-Jul-2025 01:08:26 UTC] PHP Warning:  Undefined array key "municipio" in /home/soluctem/sistema.soluctem.com.co/api/submit.php on line 63
[23-Jul-2025 01:08:26 UTC] PHP Warning:  Undefined array key "departamento" in /home/soluctem/sistema.soluctem.com.co/api/submit.php on line 64
[23-Jul-2025 01:08:26 UTC] PHP Warning:  Undefined array key "nombreEquipo" in /home/soluctem/sistema.soluctem.com.co/api/submit.php on line 65
[23-Jul-2025 01:08:26 UTC] PHP Warning:  Undefined array key "marca" in /home/soluctem/sistema.soluctem.com.co/api/submit.php on line 66
[23-Jul-2025 01:08:26 UTC] PHP Warning:  Undefined array key "serial" in /home/soluctem/sistema.soluctem.com.co/api/submit.php on line 67
[23-Jul-2025 01:08:26 UTC] PHP Warning:  Undefined array key "descripcionFalla" in /home/soluctem/sistema.soluctem.com.co/api/submit.php on line 68
[23-Jul-2025 01:08:26 UTC] PHP Warning:  Undefined array key "diagnosticoTecnico" in /home/soluctem/sistema.soluctem.com.co/api/submit.php on line 69
[23-Jul-2025 01:08:26 UTC] PHP Warning:  Undefined array key "repuestosCambiados" in /home/soluctem/sistema.soluctem.com.co/api/submit.php on line 70
[23-Jul-2025 01:08:26 UTC] PHP Warning:  Undefined array key "observaciones" in /home/soluctem/sistema.soluctem.com.co/api/submit.php on line 71
[23-Jul-2025 01:08:26 UTC] PHP Warning:  Undefined array key "seguridadRiesgoAccidentalidad" in /home/soluctem/sistema.soluctem.com.co/api/submit.php on line 72
[23-Jul-2025 01:08:26 UTC] PHP Warning:  Undefined array key "seguridadRiesgoEquipo" in /home/soluctem/sistema.soluctem.com.co/api/submit.php on line 73
[23-Jul-2025 01:08:26 UTC] PHP Warning:  Undefined array key "funcionamientoFallaSolucionada" in /home/soluctem/sistema.soluctem.com.co/api/submit.php on line 74
[23-Jul-2025 01:08:26 UTC] PHP Warning:  Undefined array key "funcionamientoPasosNormales" in /home/soluctem/sistema.soluctem.com.co/api/submit.php on line 75
[23-Jul-2025 01:08:26 UTC] PHP Warning:  Undefined array key "calidadTrabajo" in /home/soluctem/sistema.soluctem.com.co/api/submit.php on line 76
[23-Jul-2025 01:08:26 UTC] PHP Warning:  Undefined array key "limpiezaOrganizacionArmado" in /home/soluctem/sistema.soluctem.com.co/api/submit.php on line 77
[23-Jul-2025 01:08:26 UTC] PHP Warning:  Undefined array key "limpiezaOrganizacionAseado" in /home/soluctem/sistema.soluctem.com.co/api/submit.php on line 78
[23-Jul-2025 01:08:26 UTC] PHP Warning:  Undefined array key "capacitacionCausa" in /home/soluctem/sistema.soluctem.com.co/api/submit.php on line 79
[23-Jul-2025 01:08:26 UTC] PHP Warning:  Undefined array key "capacitacionPrevencion" in /home/soluctem/sistema.soluctem.com.co/api/submit.php on line 80
[23-Jul-2025 01:08:26 UTC] PHP Warning:  Undefined array key "capacitacionAccion" in /home/soluctem/sistema.soluctem.com.co/api/submit.php on line 81
[23-Jul-2025 01:08:26 UTC] PHP Warning:  Undefined array key "contratista1" in /home/soluctem/sistema.soluctem.com.co/api/submit.php on line 82
[23-Jul-2025 01:08:26 UTC] PHP Warning:  Undefined array key "cedula1" in /home/soluctem/sistema.soluctem.com.co/api/submit.php on line 83
[23-Jul-2025 01:08:26 UTC] PHP Warning:  Undefined array key "horaEntrada1" in /home/soluctem/sistema.soluctem.com.co/api/submit.php on line 84
[23-Jul-2025 01:08:26 UTC] PHP Warning:  Undefined array key "horaSalida1" in /home/soluctem/sistema.soluctem.com.co/api/submit.php on line 85
[23-Jul-2025 01:08:26 UTC] PHP Warning:  Undefined array key "contratista2" in /home/soluctem/sistema.soluctem.com.co/api/submit.php on line 86
[23-Jul-2025 01:08:26 UTC] PHP Warning:  Undefined array key "cedula2" in /home/soluctem/sistema.soluctem.com.co/api/submit.php on line 87
[23-Jul-2025 01:08:26 UTC] PHP Warning:  Undefined array key "horaEntrada2" in /home/soluctem/sistema.soluctem.com.co/api/submit.php on line 88
[23-Jul-2025 01:08:26 UTC] PHP Warning:  Undefined array key "horaSalida2" in /home/soluctem/sistema.soluctem.com.co/api/submit.php on line 89
[23-Jul-2025 01:08:26 UTC] PHP Warning:  Undefined array key "contratista3" in /home/soluctem/sistema.soluctem.com.co/api/submit.php on line 90
[23-Jul-2025 01:08:26 UTC] PHP Warning:  Undefined array key "cedula3" in /home/soluctem/sistema.soluctem.com.co/api/submit.php on line 91
[23-Jul-2025 01:08:26 UTC] PHP Warning:  Undefined array key "horaEntrada3" in /home/soluctem/sistema.soluctem.com.co/api/submit.php on line 92
[23-Jul-2025 01:08:26 UTC] PHP Warning:  Undefined array key "horaSalida3" in /home/soluctem/sistema.soluctem.com.co/api/submit.php on line 93
[23-Jul-2025 01:08:26 UTC] PHP Warning:  Undefined array key "contratista4" in /home/soluctem/sistema.soluctem.com.co/api/submit.php on line 94
[23-Jul-2025 01:08:26 UTC] PHP Warning:  Undefined array key "cedula4" in /home/soluctem/sistema.soluctem.com.co/api/submit.php on line 95
[23-Jul-2025 01:08:26 UTC] PHP Warning:  Undefined array key "horaEntrada4" in /home/soluctem/sistema.soluctem.com.co/api/submit.php on line 96
[23-Jul-2025 01:08:26 UTC] PHP Warning:  Undefined array key "horaSalida4" in /home/soluctem/sistema.soluctem.com.co/api/submit.php on line 97
[23-Jul-2025 01:08:26 UTC] PHP Warning:  Undefined array key "nombreFuncionario" in /home/soluctem/sistema.soluctem.com.co/api/submit.php on line 98
[23-Jul-2025 01:08:26 UTC] PHP Warning:  Undefined array key "cedulaFuncionario" in /home/soluctem/sistema.soluctem.com.co/api/submit.php on line 99
[23-Jul-2025 01:08:26 UTC] PHP Warning:  Undefined array key "cargoFuncionario" in /home/soluctem/sistema.soluctem.com.co/api/submit.php on line 100
[23-Jul-2025 01:08:26 UTC] PHP Warning:  Undefined array key "sapFuncionario" in /home/soluctem/sistema.soluctem.com.co/api/submit.php on line 101
[23-Jul-2025 01:08:26 UTC] PHP Warning:  Undefined array key "timestamp" in /home/soluctem/sistema.soluctem.com.co/api/submit.php on line 102
[23-Jul-2025 01:08:26 UTC] PHP Warning:  Undefined array key "asistenciaReparacion" in /home/soluctem/sistema.soluctem.com.co/api/submit.php on line 103
[23-Jul-2025 01:08:26 UTC] PHP Warning:  Undefined array key "asistenciaGarantia" in /home/soluctem/sistema.soluctem.com.co/api/submit.php on line 104
[23-Jul-2025 01:08:26 UTC] PHP Warning:  Undefined array key "asistenciaAjuste" in /home/soluctem/sistema.soluctem.com.co/api/submit.php on line 105
[23-Jul-2025 01:08:26 UTC] PHP Warning:  Undefined array key "asistenciaModificacion" in /home/soluctem/sistema.soluctem.com.co/api/submit.php on line 106
[23-Jul-2025 01:08:26 UTC] PHP Warning:  Undefined array key "asistenciaServicio" in /home/soluctem/sistema.soluctem.com.co/api/submit.php on line 107
[23-Jul-2025 01:08:26 UTC] PHP Warning:  Undefined array key "asistenciaMejora" in /home/soluctem/sistema.soluctem.com.co/api/submit.php on line 108
[23-Jul-2025 01:08:26 UTC] PHP Warning:  Undefined array key "asistenciaCombinacion" in /home/soluctem/sistema.soluctem.com.co/api/submit.php on line 109
[23-Jul-2025 01:08:26 UTC] PHP Warning:  Undefined array key "fallaOperacion" in /home/soluctem/sistema.soluctem.com.co/api/submit.php on line 110
[23-Jul-2025 01:08:26 UTC] PHP Warning:  Undefined array key "fallaMecanica" in /home/soluctem/sistema.soluctem.com.co/api/submit.php on line 111
[23-Jul-2025 01:08:26 UTC] PHP Warning:  Undefined array key "fallaElectrica" in /home/soluctem/sistema.soluctem.com.co/api/submit.php on line 112
[23-Jul-2025 01:08:26 UTC] PHP Warning:  Undefined array key "fallaTerceros" in /home/soluctem/sistema.soluctem.com.co/api/submit.php on line 113
[23-Jul-2025 01:08:26 UTC] PHP Warning:  Undefined array key "fallaFabricacion" in /home/soluctem/sistema.soluctem.com.co/api/submit.php on line 114
[23-Jul-2025 01:08:26 UTC] PHP Warning:  Undefined array key "firma_digital_cliente" in /home/soluctem/sistema.soluctem.com.co/api/submit.php on line 115
[23-Jul-2025 01:08:26 UTC] PHP Warning:  Undefined array key "firma_digital_tecnico" in /home/soluctem/sistema.soluctem.com.co/api/submit.php on line 116
[23-Jul-2025 01:29:24 UTC] PHP Warning:  Undefined array key "nombreSolicitante" in /home/soluctem/sistema.soluctem.com.co/api/submit.php on line 57
[23-Jul-2025 01:29:24 UTC] PHP Warning:  Undefined array key "cargo" in /home/soluctem/sistema.soluctem.com.co/api/submit.php on line 58
[23-Jul-2025 01:29:24 UTC] PHP Warning:  Undefined array key "nombreTienda" in /home/soluctem/sistema.soluctem.com.co/api/submit.php on line 59
[23-Jul-2025 01:29:24 UTC] PHP Warning:  Undefined array key "numeroTienda" in /home/soluctem/sistema.soluctem.com.co/api/submit.php on line 60
[23-Jul-2025 01:29:24 UTC] PHP Warning:  Undefined array key "numeroTicket" in /home/soluctem/sistema.soluctem.com.co/api/submit.php on line 61
[23-Jul-2025 01:29:24 UTC] PHP Warning:  Undefined array key "fecha" in /home/soluctem/sistema.soluctem.com.co/api/submit.php on line 62
[23-Jul-2025 01:29:24 UTC] PHP Warning:  Undefined array key "municipio" in /home/soluctem/sistema.soluctem.com.co/api/submit.php on line 63
[23-Jul-2025 01:29:24 UTC] PHP Warning:  Undefined array key "departamento" in /home/soluctem/sistema.soluctem.com.co/api/submit.php on line 64
[23-Jul-2025 01:29:24 UTC] PHP Warning:  Undefined array key "nombreEquipo" in /home/soluctem/sistema.soluctem.com.co/api/submit.php on line 65
[23-Jul-2025 01:29:24 UTC] PHP Warning:  Undefined array key "marca" in /home/soluctem/sistema.soluctem.com.co/api/submit.php on line 66
[23-Jul-2025 01:29:24 UTC] PHP Warning:  Undefined array key "serial" in /home/soluctem/sistema.soluctem.com.co/api/submit.php on line 67
[23-Jul-2025 01:29:24 UTC] PHP Warning:  Undefined array key "descripcionFalla" in /home/soluctem/sistema.soluctem.com.co/api/submit.php on line 68
[23-Jul-2025 01:29:24 UTC] PHP Warning:  Undefined array key "diagnosticoTecnico" in /home/soluctem/sistema.soluctem.com.co/api/submit.php on line 69
[23-Jul-2025 01:29:24 UTC] PHP Warning:  Undefined array key "repuestosCambiados" in /home/soluctem/sistema.soluctem.com.co/api/submit.php on line 70
[23-Jul-2025 01:29:24 UTC] PHP Warning:  Undefined array key "observaciones" in /home/soluctem/sistema.soluctem.com.co/api/submit.php on line 71
[23-Jul-2025 01:29:24 UTC] PHP Warning:  Undefined array key "seguridadRiesgoAccidentalidad" in /home/soluctem/sistema.soluctem.com.co/api/submit.php on line 72
[23-Jul-2025 01:29:24 UTC] PHP Warning:  Undefined array key "seguridadRiesgoEquipo" in /home/soluctem/sistema.soluctem.com.co/api/submit.php on line 73
[23-Jul-2025 01:29:24 UTC] PHP Warning:  Undefined array key "funcionamientoFallaSolucionada" in /home/soluctem/sistema.soluctem.com.co/api/submit.php on line 74
[23-Jul-2025 01:29:24 UTC] PHP Warning:  Undefined array key "funcionamientoPasosNormales" in /home/soluctem/sistema.soluctem.com.co/api/submit.php on line 75
[23-Jul-2025 01:29:24 UTC] PHP Warning:  Undefined array key "calidadTrabajo" in /home/soluctem/sistema.soluctem.com.co/api/submit.php on line 76
[23-Jul-2025 01:29:24 UTC] PHP Warning:  Undefined array key "limpiezaOrganizacionArmado" in /home/soluctem/sistema.soluctem.com.co/api/submit.php on line 77
[23-Jul-2025 01:29:24 UTC] PHP Warning:  Undefined array key "limpiezaOrganizacionAseado" in /home/soluctem/sistema.soluctem.com.co/api/submit.php on line 78
[23-Jul-2025 01:29:24 UTC] PHP Warning:  Undefined array key "capacitacionCausa" in /home/soluctem/sistema.soluctem.com.co/api/submit.php on line 79
[23-Jul-2025 01:29:24 UTC] PHP Warning:  Undefined array key "capacitacionPrevencion" in /home/soluctem/sistema.soluctem.com.co/api/submit.php on line 80
[23-Jul-2025 01:29:24 UTC] PHP Warning:  Undefined array key "capacitacionAccion" in /home/soluctem/sistema.soluctem.com.co/api/submit.php on line 81
[23-Jul-2025 01:29:24 UTC] PHP Warning:  Undefined array key "contratista1" in /home/soluctem/sistema.soluctem.com.co/api/submit.php on line 82
[23-Jul-2025 01:29:24 UTC] PHP Warning:  Undefined array key "cedula1" in /home/soluctem/sistema.soluctem.com.co/api/submit.php on line 83
[23-Jul-2025 01:29:24 UTC] PHP Warning:  Undefined array key "horaEntrada1" in /home/soluctem/sistema.soluctem.com.co/api/submit.php on line 84
[23-Jul-2025 01:29:24 UTC] PHP Warning:  Undefined array key "horaSalida1" in /home/soluctem/sistema.soluctem.com.co/api/submit.php on line 85
[23-Jul-2025 01:29:24 UTC] PHP Warning:  Undefined array key "contratista2" in /home/soluctem/sistema.soluctem.com.co/api/submit.php on line 86
[23-Jul-2025 01:29:24 UTC] PHP Warning:  Undefined array key "cedula2" in /home/soluctem/sistema.soluctem.com.co/api/submit.php on line 87
[23-Jul-2025 01:29:24 UTC] PHP Warning:  Undefined array key "horaEntrada2" in /home/soluctem/sistema.soluctem.com.co/api/submit.php on line 88
[23-Jul-2025 01:29:24 UTC] PHP Warning:  Undefined array key "horaSalida2" in /home/soluctem/sistema.soluctem.com.co/api/submit.php on line 89
[23-Jul-2025 01:29:24 UTC] PHP Warning:  Undefined array key "contratista3" in /home/soluctem/sistema.soluctem.com.co/api/submit.php on line 90
[23-Jul-2025 01:29:24 UTC] PHP Warning:  Undefined array key "cedula3" in /home/soluctem/sistema.soluctem.com.co/api/submit.php on line 91
[23-Jul-2025 01:29:24 UTC] PHP Warning:  Undefined array key "horaEntrada3" in /home/soluctem/sistema.soluctem.com.co/api/submit.php on line 92
[23-Jul-2025 01:29:24 UTC] PHP Warning:  Undefined array key "horaSalida3" in /home/soluctem/sistema.soluctem.com.co/api/submit.php on line 93
[23-Jul-2025 01:29:24 UTC] PHP Warning:  Undefined array key "contratista4" in /home/soluctem/sistema.soluctem.com.co/api/submit.php on line 94
[23-Jul-2025 01:29:24 UTC] PHP Warning:  Undefined array key "cedula4" in /home/soluctem/sistema.soluctem.com.co/api/submit.php on line 95
[23-Jul-2025 01:29:24 UTC] PHP Warning:  Undefined array key "horaEntrada4" in /home/soluctem/sistema.soluctem.com.co/api/submit.php on line 96
[23-Jul-2025 01:29:24 UTC] PHP Warning:  Undefined array key "horaSalida4" in /home/soluctem/sistema.soluctem.com.co/api/submit.php on line 97
[23-Jul-2025 01:29:24 UTC] PHP Warning:  Undefined array key "nombreFuncionario" in /home/soluctem/sistema.soluctem.com.co/api/submit.php on line 98
[23-Jul-2025 01:29:24 UTC] PHP Warning:  Undefined array key "cedulaFuncionario" in /home/soluctem/sistema.soluctem.com.co/api/submit.php on line 99
[23-Jul-2025 01:29:24 UTC] PHP Warning:  Undefined array key "cargoFuncionario" in /home/soluctem/sistema.soluctem.com.co/api/submit.php on line 100
[23-Jul-2025 01:29:24 UTC] PHP Warning:  Undefined array key "sapFuncionario" in /home/soluctem/sistema.soluctem.com.co/api/submit.php on line 101
[23-Jul-2025 01:29:24 UTC] PHP Warning:  Undefined array key "timestamp" in /home/soluctem/sistema.soluctem.com.co/api/submit.php on line 102
[23-Jul-2025 01:29:24 UTC] PHP Warning:  Undefined array key "asistenciaReparacion" in /home/soluctem/sistema.soluctem.com.co/api/submit.php on line 103
[23-Jul-2025 01:29:24 UTC] PHP Warning:  Undefined array key "asistenciaGarantia" in /home/soluctem/sistema.soluctem.com.co/api/submit.php on line 104
[23-Jul-2025 01:29:24 UTC] PHP Warning:  Undefined array key "asistenciaAjuste" in /home/soluctem/sistema.soluctem.com.co/api/submit.php on line 105
[23-Jul-2025 01:29:24 UTC] PHP Warning:  Undefined array key "asistenciaModificacion" in /home/soluctem/sistema.soluctem.com.co/api/submit.php on line 106
[23-Jul-2025 01:29:24 UTC] PHP Warning:  Undefined array key "asistenciaServicio" in /home/soluctem/sistema.soluctem.com.co/api/submit.php on line 107
[23-Jul-2025 01:29:24 UTC] PHP Warning:  Undefined array key "asistenciaMejora" in /home/soluctem/sistema.soluctem.com.co/api/submit.php on line 108
[23-Jul-2025 01:29:24 UTC] PHP Warning:  Undefined array key "asistenciaCombinacion" in /home/soluctem/sistema.soluctem.com.co/api/submit.php on line 109
[23-Jul-2025 01:29:24 UTC] PHP Warning:  Undefined array key "fallaOperacion" in /home/soluctem/sistema.soluctem.com.co/api/submit.php on line 110
[23-Jul-2025 01:29:24 UTC] PHP Warning:  Undefined array key "fallaMecanica" in /home/soluctem/sistema.soluctem.com.co/api/submit.php on line 111
[23-Jul-2025 01:29:24 UTC] PHP Warning:  Undefined array key "fallaElectrica" in /home/soluctem/sistema.soluctem.com.co/api/submit.php on line 112
[23-Jul-2025 01:29:24 UTC] PHP Warning:  Undefined array key "fallaTerceros" in /home/soluctem/sistema.soluctem.com.co/api/submit.php on line 113
[23-Jul-2025 01:29:24 UTC] PHP Warning:  Undefined array key "fallaFabricacion" in /home/soluctem/sistema.soluctem.com.co/api/submit.php on line 114
[23-Jul-2025 01:29:24 UTC] PHP Warning:  Undefined array key "firma_digital_cliente" in /home/soluctem/sistema.soluctem.com.co/api/submit.php on line 115
[23-Jul-2025 01:29:24 UTC] PHP Warning:  Undefined array key "firma_digital_tecnico" in /home/soluctem/sistema.soluctem.com.co/api/submit.php on line 116
[23-Jul-2025 03:44:37 UTC] PHP Warning:  Trying to access array offset on value of type bool in /home/soluctem/sistema.soluctem.com.co/api/submit.php on line 28
[23-Jul-2025 12:55:05 UTC] PHP Warning:  Trying to access array offset on value of type bool in /home/soluctem/sistema.soluctem.com.co/api/submit.php on line 28
[23-Jul-2025 13:03:35 UTC] PHP Warning:  Trying to access array offset on value of type bool in /home/soluctem/sistema.soluctem.com.co/api/submit.php on line 28
[23-Jul-2025 14:00:42 UTC] PHP Warning:  Trying to access array offset on value of type bool in /home/soluctem/sistema.soluctem.com.co/api/submit.php on line 28
[23-Jul-2025 14:14:38 UTC] PHP Warning:  Trying to access array offset on value of type bool in /home/soluctem/sistema.soluctem.com.co/api/submit.php on line 28
[23-Jul-2025 14:16:43 UTC] PHP Warning:  Trying to access array offset on value of type bool in /home/soluctem/sistema.soluctem.com.co/api/submit.php on line 28
[23-Jul-2025 14:24:50 UTC] PHP Warning:  Trying to access array offset on value of type bool in /home/soluctem/sistema.soluctem.com.co/api/submit.php on line 28
[23-Jul-2025 14:30:35 UTC] PHP Warning:  Trying to access array offset on value of type bool in /home/soluctem/sistema.soluctem.com.co/api/submit.php on line 28
[23-Jul-2025 14:33:10 UTC] PHP Warning:  Trying to access array offset on value of type bool in /home/soluctem/sistema.soluctem.com.co/api/submit.php on line 28
[23-Jul-2025 14:43:13 UTC] PHP Warning:  Trying to access array offset on value of type bool in /home/soluctem/sistema.soluctem.com.co/api/submit.php on line 28
[23-Jul-2025 14:43:46 UTC] PHP Warning:  Trying to access array offset on value of type bool in /home/soluctem/sistema.soluctem.com.co/api/submit.php on line 28
[23-Jul-2025 14:45:39 UTC] PHP Warning:  Trying to access array offset on value of type bool in /home/soluctem/sistema.soluctem.com.co/api/submit.php on line 28
[23-Jul-2025 15:11:58 UTC] PHP Warning:  Trying to access array offset on value of type bool in /home/soluctem/sistema.soluctem.com.co/api/submit.php on line 28
[23-Jul-2025 16:02:26 UTC] PHP Warning:  Trying to access array offset on value of type bool in /home/soluctem/sistema.soluctem.com.co/api/submit.php on line 28
[23-Jul-2025 16:13:49 UTC] PHP Warning:  Trying to access array offset on value of type bool in /home/soluctem/sistema.soluctem.com.co/api/submit.php on line 28
[23-Jul-2025 16:14:03 UTC] PHP Warning:  Trying to access array offset on value of type bool in /home/soluctem/sistema.soluctem.com.co/api/submit.php on line 28
[23-Jul-2025 16:14:19 UTC] PHP Warning:  Trying to access array offset on value of type bool in /home/soluctem/sistema.soluctem.com.co/api/submit.php on line 28
[23-Jul-2025 16:14:51 UTC] PHP Warning:  Trying to access array offset on value of type bool in /home/soluctem/sistema.soluctem.com.co/api/submit.php on line 28
[23-Jul-2025 16:19:02 UTC] PHP Warning:  Trying to access array offset on value of type bool in /home/soluctem/sistema.soluctem.com.co/api/submit.php on line 28
[23-Jul-2025 16:21:16 UTC] PHP Warning:  Trying to access array offset on value of type bool in /home/soluctem/sistema.soluctem.com.co/api/submit.php on line 28
[23-Jul-2025 16:21:50 UTC] PHP Warning:  Trying to access array offset on value of type bool in /home/soluctem/sistema.soluctem.com.co/api/submit.php on line 28
[23-Jul-2025 16:27:28 UTC] PHP Warning:  Trying to access array offset on value of type bool in /home/soluctem/sistema.soluctem.com.co/api/submit.php on line 28
[23-Jul-2025 16:28:32 UTC] PHP Warning:  Trying to access array offset on value of type bool in /home/soluctem/sistema.soluctem.com.co/api/submit.php on line 28
[23-Jul-2025 16:30:36 UTC] PHP Warning:  Trying to access array offset on value of type bool in /home/soluctem/sistema.soluctem.com.co/api/submit.php on line 28
[23-Jul-2025 17:01:13 UTC] PHP Warning:  Trying to access array offset on value of type bool in /home/soluctem/sistema.soluctem.com.co/api/submit.php on line 28
[23-Jul-2025 17:08:43 UTC] PHP Warning:  Trying to access array offset on value of type bool in /home/soluctem/sistema.soluctem.com.co/api/submit.php on line 28
[23-Jul-2025 17:10:43 UTC] PHP Warning:  Trying to access array offset on value of type bool in /home/soluctem/sistema.soluctem.com.co/api/submit.php on line 28
[23-Jul-2025 17:12:52 UTC] PHP Warning:  Trying to access array offset on value of type bool in /home/soluctem/sistema.soluctem.com.co/api/submit.php on line 28
[23-Jul-2025 17:33:04 UTC] PHP Warning:  Trying to access array offset on value of type bool in /home/soluctem/sistema.soluctem.com.co/api/submit.php on line 28
[23-Jul-2025 17:47:32 UTC] PHP Warning:  Trying to access array offset on value of type bool in /home/soluctem/sistema.soluctem.com.co/api/submit.php on line 28
[23-Jul-2025 18:07:12 UTC] PHP Warning:  Trying to access array offset on value of type bool in /home/soluctem/sistema.soluctem.com.co/api/submit.php on line 28
[23-Jul-2025 18:13:35 UTC] PHP Warning:  Trying to access array offset on value of type bool in /home/soluctem/sistema.soluctem.com.co/api/submit.php on line 28
[23-Jul-2025 19:31:32 UTC] PHP Warning:  Trying to access array offset on value of type bool in /home/soluctem/sistema.soluctem.com.co/api/submit.php on line 28
[23-Jul-2025 19:32:55 UTC] PHP Warning:  Trying to access array offset on value of type bool in /home/soluctem/sistema.soluctem.com.co/api/submit.php on line 28
[23-Jul-2025 19:38:07 UTC] PHP Warning:  Trying to access array offset on value of type bool in /home/soluctem/sistema.soluctem.com.co/api/submit.php on line 28
[23-Jul-2025 20:07:22 UTC] PHP Warning:  Trying to access array offset on value of type bool in /home/soluctem/sistema.soluctem.com.co/api/submit.php on line 28
[23-Jul-2025 20:09:01 UTC] PHP Warning:  Trying to access array offset on value of type bool in /home/soluctem/sistema.soluctem.com.co/api/submit.php on line 28
[23-Jul-2025 20:14:28 UTC] PHP Warning:  Trying to access array offset on value of type bool in /home/soluctem/sistema.soluctem.com.co/api/submit.php on line 28
[23-Jul-2025 20:16:02 UTC] PHP Warning:  Trying to access array offset on value of type bool in /home/soluctem/sistema.soluctem.com.co/api/submit.php on line 28
[23-Jul-2025 20:17:27 UTC] PHP Warning:  Trying to access array offset on value of type bool in /home/soluctem/sistema.soluctem.com.co/api/submit.php on line 28
[23-Jul-2025 20:18:46 UTC] PHP Warning:  Trying to access array offset on value of type bool in /home/soluctem/sistema.soluctem.com.co/api/submit.php on line 28
[23-Jul-2025 20:27:32 UTC] PHP Warning:  Trying to access array offset on value of type bool in /home/soluctem/sistema.soluctem.com.co/api/submit.php on line 28
[23-Jul-2025 20:44:04 UTC] PHP Warning:  Trying to access array offset on value of type bool in /home/soluctem/sistema.soluctem.com.co/api/submit.php on line 28
[23-Jul-2025 21:35:09 UTC] PHP Warning:  Trying to access array offset on value of type bool in /home/soluctem/sistema.soluctem.com.co/api/submit.php on line 28
[23-Jul-2025 21:39:27 UTC] PHP Warning:  Trying to access array offset on value of type bool in /home/soluctem/sistema.soluctem.com.co/api/submit.php on line 28
[23-Jul-2025 21:42:43 UTC] PHP Warning:  Trying to access array offset on value of type bool in /home/soluctem/sistema.soluctem.com.co/api/submit.php on line 28
[23-Jul-2025 22:09:19 UTC] PHP Warning:  Trying to access array offset on value of type bool in /home/soluctem/sistema.soluctem.com.co/api/submit.php on line 28
[23-Jul-2025 22:10:25 UTC] PHP Warning:  Trying to access array offset on value of type bool in /home/soluctem/sistema.soluctem.com.co/api/submit.php on line 28
[23-Jul-2025 22:12:03 UTC] PHP Warning:  Trying to access array offset on value of type bool in /home/soluctem/sistema.soluctem.com.co/api/submit.php on line 28
[23-Jul-2025 22:13:16 UTC] PHP Warning:  Trying to access array offset on value of type bool in /home/soluctem/sistema.soluctem.com.co/api/submit.php on line 28
[23-Jul-2025 22:24:17 UTC] PHP Warning:  Trying to access array offset on value of type bool in /home/soluctem/sistema.soluctem.com.co/api/submit.php on line 28
[23-Jul-2025 22:25:55 UTC] PHP Warning:  Trying to access array offset on value of type bool in /home/soluctem/sistema.soluctem.com.co/api/submit.php on line 28
[23-Jul-2025 22:37:52 UTC] PHP Warning:  Trying to access array offset on value of type bool in /home/soluctem/sistema.soluctem.com.co/api/submit.php on line 28
[23-Jul-2025 23:30:00 UTC] PHP Warning:  Trying to access array offset on value of type bool in /home/soluctem/sistema.soluctem.com.co/api/submit.php on line 28
[23-Jul-2025 23:32:29 UTC] PHP Warning:  Trying to access array offset on value of type bool in /home/soluctem/sistema.soluctem.com.co/api/submit.php on line 28
[23-Jul-2025 23:33:03 UTC] PHP Warning:  Trying to access array offset on value of type bool in /home/soluctem/sistema.soluctem.com.co/api/submit.php on line 28
[23-Jul-2025 23:34:02 UTC] PHP Warning:  Trying to access array offset on value of type bool in /home/soluctem/sistema.soluctem.com.co/api/submit.php on line 28
[24-Jul-2025 00:09:29 UTC] PHP Warning:  Trying to access array offset on value of type bool in /home/soluctem/sistema.soluctem.com.co/api/submit.php on line 28
[24-Jul-2025 00:11:53 UTC] PHP Warning:  Trying to access array offset on value of type bool in /home/soluctem/sistema.soluctem.com.co/api/submit.php on line 28
[24-Jul-2025 01:01:55 UTC] PHP Warning:  Trying to access array offset on value of type bool in /home/soluctem/sistema.soluctem.com.co/api/submit.php on line 28
[24-Jul-2025 01:02:25 UTC] PHP Warning:  Trying to access array offset on value of type bool in /home/soluctem/sistema.soluctem.com.co/api/submit.php on line 28
[24-Jul-2025 01:04:25 UTC] PHP Warning:  Trying to access array offset on value of type bool in /home/soluctem/sistema.soluctem.com.co/api/submit.php on line 28
[24-Jul-2025 01:20:42 UTC] PHP Warning:  Trying to access array offset on value of type bool in /home/soluctem/sistema.soluctem.com.co/api/submit.php on line 28
[24-Jul-2025 01:55:45 UTC] PHP Warning:  Trying to access array offset on value of type bool in /home/soluctem/sistema.soluctem.com.co/api/submit.php on line 28
[24-Jul-2025 01:57:42 UTC] PHP Warning:  Trying to access array offset on value of type bool in /home/soluctem/sistema.soluctem.com.co/api/submit.php on line 28
[24-Jul-2025 01:58:56 UTC] PHP Warning:  Trying to access array offset on value of type bool in /home/soluctem/sistema.soluctem.com.co/api/submit.php on line 28
[24-Jul-2025 02:00:16 UTC] PHP Warning:  Trying to access array offset on value of type bool in /home/soluctem/sistema.soluctem.com.co/api/submit.php on line 28
[24-Jul-2025 13:05:09 UTC] PHP Warning:  Trying to access array offset on value of type bool in /home/soluctem/sistema.soluctem.com.co/api/submit.php on line 28
[24-Jul-2025 13:05:39 UTC] PHP Warning:  Trying to access array offset on value of type bool in /home/soluctem/sistema.soluctem.com.co/api/submit.php on line 28
[24-Jul-2025 13:06:35 UTC] PHP Warning:  Trying to access array offset on value of type bool in /home/soluctem/sistema.soluctem.com.co/api/submit.php on line 28
[24-Jul-2025 13:55:55 UTC] PHP Warning:  Trying to access array offset on value of type bool in /home/soluctem/sistema.soluctem.com.co/api/submit.php on line 28
[24-Jul-2025 13:56:57 UTC] PHP Warning:  Trying to access array offset on value of type bool in /home/soluctem/sistema.soluctem.com.co/api/submit.php on line 28
[24-Jul-2025 13:57:47 UTC] PHP Warning:  Trying to access array offset on value of type bool in /home/soluctem/sistema.soluctem.com.co/api/submit.php on line 28
[24-Jul-2025 13:58:25 UTC] PHP Warning:  Trying to access array offset on value of type bool in /home/soluctem/sistema.soluctem.com.co/api/submit.php on line 28
[24-Jul-2025 14:04:42 UTC] PHP Warning:  Trying to access array offset on value of type bool in /home/soluctem/sistema.soluctem.com.co/api/submit.php on line 28
[24-Jul-2025 14:13:29 UTC] PHP Warning:  Trying to access array offset on value of type bool in /home/soluctem/sistema.soluctem.com.co/api/submit.php on line 28
[24-Jul-2025 20:47:24 UTC] PHP Warning:  Trying to access array offset on value of type bool in /home/soluctem/sistema.soluctem.com.co/api/submit.php on line 28
[24-Jul-2025 20:49:27 UTC] PHP Warning:  Trying to access array offset on value of type bool in /home/soluctem/sistema.soluctem.com.co/api/submit.php on line 28
[25-Jul-2025 14:05:24 UTC] PHP Warning:  Trying to access array offset on value of type bool in /home/soluctem/sistema.soluctem.com.co/api/submit.php on line 28
[25-Jul-2025 14:06:35 UTC] PHP Warning:  Trying to access array offset on value of type bool in /home/soluctem/sistema.soluctem.com.co/api/submit.php on line 28
[25-Jul-2025 14:31:34 UTC] PHP Warning:  Trying to access array offset on value of type bool in /home/soluctem/sistema.soluctem.com.co/api/submit.php on line 28
[25-Jul-2025 14:32:49 UTC] PHP Warning:  Trying to access array offset on value of type bool in /home/soluctem/sistema.soluctem.com.co/api/submit.php on line 28
[25-Jul-2025 15:01:02 UTC] PHP Warning:  Trying to access array offset on value of type bool in /home/soluctem/sistema.soluctem.com.co/api/submit.php on line 28
[25-Jul-2025 20:55:55 UTC] PHP Warning:  Trying to access array offset on value of type bool in /home/soluctem/sistema.soluctem.com.co/api/submit.php on line 28
[25-Jul-2025 20:57:30 UTC] PHP Warning:  Trying to access array offset on value of type bool in /home/soluctem/sistema.soluctem.com.co/api/submit.php on line 28
[26-Jul-2025 12:37:17 UTC] PHP Warning:  Undefined array key "nombreSolicitante" in /home/soluctem/sistema.soluctem.com.co/api/submit.php on line 57
[26-Jul-2025 12:37:17 UTC] PHP Warning:  Undefined array key "cargo" in /home/soluctem/sistema.soluctem.com.co/api/submit.php on line 58
[26-Jul-2025 12:37:17 UTC] PHP Warning:  Undefined array key "nombreTienda" in /home/soluctem/sistema.soluctem.com.co/api/submit.php on line 59
[26-Jul-2025 12:37:17 UTC] PHP Warning:  Undefined array key "numeroTienda" in /home/soluctem/sistema.soluctem.com.co/api/submit.php on line 60
[26-Jul-2025 12:37:17 UTC] PHP Warning:  Undefined array key "numeroTicket" in /home/soluctem/sistema.soluctem.com.co/api/submit.php on line 61
[26-Jul-2025 12:37:17 UTC] PHP Warning:  Undefined array key "fecha" in /home/soluctem/sistema.soluctem.com.co/api/submit.php on line 62
[26-Jul-2025 12:37:17 UTC] PHP Warning:  Undefined array key "municipio" in /home/soluctem/sistema.soluctem.com.co/api/submit.php on line 63
[26-Jul-2025 12:37:17 UTC] PHP Warning:  Undefined array key "departamento" in /home/soluctem/sistema.soluctem.com.co/api/submit.php on line 64
[26-Jul-2025 12:37:17 UTC] PHP Warning:  Undefined array key "nombreEquipo" in /home/soluctem/sistema.soluctem.com.co/api/submit.php on line 65
[26-Jul-2025 12:37:17 UTC] PHP Warning:  Undefined array key "marca" in /home/soluctem/sistema.soluctem.com.co/api/submit.php on line 66
[26-Jul-2025 12:37:17 UTC] PHP Warning:  Undefined array key "serial" in /home/soluctem/sistema.soluctem.com.co/api/submit.php on line 67
[26-Jul-2025 12:37:17 UTC] PHP Warning:  Undefined array key "descripcionFalla" in /home/soluctem/sistema.soluctem.com.co/api/submit.php on line 68
[26-Jul-2025 12:37:17 UTC] PHP Warning:  Undefined array key "diagnosticoTecnico" in /home/soluctem/sistema.soluctem.com.co/api/submit.php on line 69
[26-Jul-2025 12:37:17 UTC] PHP Warning:  Undefined array key "repuestosCambiados" in /home/soluctem/sistema.soluctem.com.co/api/submit.php on line 70
[26-Jul-2025 12:37:17 UTC] PHP Warning:  Undefined array key "observaciones" in /home/soluctem/sistema.soluctem.com.co/api/submit.php on line 71
[26-Jul-2025 12:37:17 UTC] PHP Warning:  Undefined array key "seguridadRiesgoAccidentalidad" in /home/soluctem/sistema.soluctem.com.co/api/submit.php on line 72
[26-Jul-2025 12:37:17 UTC] PHP Warning:  Undefined array key "seguridadRiesgoEquipo" in /home/soluctem/sistema.soluctem.com.co/api/submit.php on line 73
[26-Jul-2025 12:37:17 UTC] PHP Warning:  Undefined array key "funcionamientoFallaSolucionada" in /home/soluctem/sistema.soluctem.com.co/api/submit.php on line 74
[26-Jul-2025 12:37:17 UTC] PHP Warning:  Undefined array key "funcionamientoPasosNormales" in /home/soluctem/sistema.soluctem.com.co/api/submit.php on line 75
[26-Jul-2025 12:37:17 UTC] PHP Warning:  Undefined array key "calidadTrabajo" in /home/soluctem/sistema.soluctem.com.co/api/submit.php on line 76
[26-Jul-2025 12:37:17 UTC] PHP Warning:  Undefined array key "limpiezaOrganizacionArmado" in /home/soluctem/sistema.soluctem.com.co/api/submit.php on line 77
[26-Jul-2025 12:37:17 UTC] PHP Warning:  Undefined array key "limpiezaOrganizacionAseado" in /home/soluctem/sistema.soluctem.com.co/api/submit.php on line 78
[26-Jul-2025 12:37:17 UTC] PHP Warning:  Undefined array key "capacitacionCausa" in /home/soluctem/sistema.soluctem.com.co/api/submit.php on line 79
[26-Jul-2025 12:37:17 UTC] PHP Warning:  Undefined array key "capacitacionPrevencion" in /home/soluctem/sistema.soluctem.com.co/api/submit.php on line 80
[26-Jul-2025 12:37:17 UTC] PHP Warning:  Undefined array key "capacitacionAccion" in /home/soluctem/sistema.soluctem.com.co/api/submit.php on line 81
[26-Jul-2025 12:37:17 UTC] PHP Warning:  Undefined array key "contratista1" in /home/soluctem/sistema.soluctem.com.co/api/submit.php on line 82
[26-Jul-2025 12:37:17 UTC] PHP Warning:  Undefined array key "cedula1" in /home/soluctem/sistema.soluctem.com.co/api/submit.php on line 83
[26-Jul-2025 12:37:17 UTC] PHP Warning:  Undefined array key "horaEntrada1" in /home/soluctem/sistema.soluctem.com.co/api/submit.php on line 84
[26-Jul-2025 12:37:17 UTC] PHP Warning:  Undefined array key "horaSalida1" in /home/soluctem/sistema.soluctem.com.co/api/submit.php on line 85
[26-Jul-2025 12:37:17 UTC] PHP Warning:  Undefined array key "contratista2" in /home/soluctem/sistema.soluctem.com.co/api/submit.php on line 86
[26-Jul-2025 12:37:17 UTC] PHP Warning:  Undefined array key "cedula2" in /home/soluctem/sistema.soluctem.com.co/api/submit.php on line 87
[26-Jul-2025 12:37:17 UTC] PHP Warning:  Undefined array key "horaEntrada2" in /home/soluctem/sistema.soluctem.com.co/api/submit.php on line 88
[26-Jul-2025 12:37:17 UTC] PHP Warning:  Undefined array key "horaSalida2" in /home/soluctem/sistema.soluctem.com.co/api/submit.php on line 89
[26-Jul-2025 12:37:17 UTC] PHP Warning:  Undefined array key "contratista3" in /home/soluctem/sistema.soluctem.com.co/api/submit.php on line 90
[26-Jul-2025 12:37:17 UTC] PHP Warning:  Undefined array key "cedula3" in /home/soluctem/sistema.soluctem.com.co/api/submit.php on line 91
[26-Jul-2025 12:37:17 UTC] PHP Warning:  Undefined array key "horaEntrada3" in /home/soluctem/sistema.soluctem.com.co/api/submit.php on line 92
[26-Jul-2025 12:37:17 UTC] PHP Warning:  Undefined array key "horaSalida3" in /home/soluctem/sistema.soluctem.com.co/api/submit.php on line 93
[26-Jul-2025 12:37:17 UTC] PHP Warning:  Undefined array key "contratista4" in /home/soluctem/sistema.soluctem.com.co/api/submit.php on line 94
[26-Jul-2025 12:37:17 UTC] PHP Warning:  Undefined array key "cedula4" in /home/soluctem/sistema.soluctem.com.co/api/submit.php on line 95
[26-Jul-2025 12:37:17 UTC] PHP Warning:  Undefined array key "horaEntrada4" in /home/soluctem/sistema.soluctem.com.co/api/submit.php on line 96
[26-Jul-2025 12:37:17 UTC] PHP Warning:  Undefined array key "horaSalida4" in /home/soluctem/sistema.soluctem.com.co/api/submit.php on line 97
[26-Jul-2025 12:37:17 UTC] PHP Warning:  Undefined array key "nombreFuncionario" in /home/soluctem/sistema.soluctem.com.co/api/submit.php on line 98
[26-Jul-2025 12:37:17 UTC] PHP Warning:  Undefined array key "cedulaFuncionario" in /home/soluctem/sistema.soluctem.com.co/api/submit.php on line 99
[26-Jul-2025 12:37:17 UTC] PHP Warning:  Undefined array key "cargoFuncionario" in /home/soluctem/sistema.soluctem.com.co/api/submit.php on line 100
[26-Jul-2025 12:37:17 UTC] PHP Warning:  Undefined array key "sapFuncionario" in /home/soluctem/sistema.soluctem.com.co/api/submit.php on line 101
[26-Jul-2025 12:37:17 UTC] PHP Warning:  Undefined array key "timestamp" in /home/soluctem/sistema.soluctem.com.co/api/submit.php on line 102
[26-Jul-2025 12:37:17 UTC] PHP Warning:  Undefined array key "asistenciaReparacion" in /home/soluctem/sistema.soluctem.com.co/api/submit.php on line 103
[26-Jul-2025 12:37:17 UTC] PHP Warning:  Undefined array key "asistenciaGarantia" in /home/soluctem/sistema.soluctem.com.co/api/submit.php on line 104
[26-Jul-2025 12:37:17 UTC] PHP Warning:  Undefined array key "asistenciaAjuste" in /home/soluctem/sistema.soluctem.com.co/api/submit.php on line 105
[26-Jul-2025 12:37:17 UTC] PHP Warning:  Undefined array key "asistenciaModificacion" in /home/soluctem/sistema.soluctem.com.co/api/submit.php on line 106
[26-Jul-2025 12:37:17 UTC] PHP Warning:  Undefined array key "asistenciaServicio" in /home/soluctem/sistema.soluctem.com.co/api/submit.php on line 107
[26-Jul-2025 12:37:17 UTC] PHP Warning:  Undefined array key "asistenciaMejora" in /home/soluctem/sistema.soluctem.com.co/api/submit.php on line 108
[26-Jul-2025 12:37:17 UTC] PHP Warning:  Undefined array key "asistenciaCombinacion" in /home/soluctem/sistema.soluctem.com.co/api/submit.php on line 109
[26-Jul-2025 12:37:17 UTC] PHP Warning:  Undefined array key "fallaOperacion" in /home/soluctem/sistema.soluctem.com.co/api/submit.php on line 110
[26-Jul-2025 12:37:17 UTC] PHP Warning:  Undefined array key "fallaMecanica" in /home/soluctem/sistema.soluctem.com.co/api/submit.php on line 111
[26-Jul-2025 12:37:17 UTC] PHP Warning:  Undefined array key "fallaElectrica" in /home/soluctem/sistema.soluctem.com.co/api/submit.php on line 112
[26-Jul-2025 12:37:17 UTC] PHP Warning:  Undefined array key "fallaTerceros" in /home/soluctem/sistema.soluctem.com.co/api/submit.php on line 113
[26-Jul-2025 12:37:17 UTC] PHP Warning:  Undefined array key "fallaFabricacion" in /home/soluctem/sistema.soluctem.com.co/api/submit.php on line 114
[26-Jul-2025 12:37:17 UTC] PHP Warning:  Undefined array key "firma_digital_cliente" in /home/soluctem/sistema.soluctem.com.co/api/submit.php on line 115
[26-Jul-2025 12:37:17 UTC] PHP Warning:  Undefined array key "firma_digital_tecnico" in /home/soluctem/sistema.soluctem.com.co/api/submit.php on line 116
[26-Jul-2025 12:41:53 UTC] PHP Warning:  Undefined array key "nombreSolicitante" in /home/soluctem/sistema.soluctem.com.co/api/submit.php on line 57
[26-Jul-2025 12:41:53 UTC] PHP Warning:  Undefined array key "cargo" in /home/soluctem/sistema.soluctem.com.co/api/submit.php on line 58
[26-Jul-2025 12:41:53 UTC] PHP Warning:  Undefined array key "nombreTienda" in /home/soluctem/sistema.soluctem.com.co/api/submit.php on line 59
[26-Jul-2025 12:41:53 UTC] PHP Warning:  Undefined array key "numeroTienda" in /home/soluctem/sistema.soluctem.com.co/api/submit.php on line 60
[26-Jul-2025 12:41:53 UTC] PHP Warning:  Undefined array key "numeroTicket" in /home/soluctem/sistema.soluctem.com.co/api/submit.php on line 61
[26-Jul-2025 12:41:53 UTC] PHP Warning:  Undefined array key "fecha" in /home/soluctem/sistema.soluctem.com.co/api/submit.php on line 62
[26-Jul-2025 12:41:53 UTC] PHP Warning:  Undefined array key "municipio" in /home/soluctem/sistema.soluctem.com.co/api/submit.php on line 63
[26-Jul-2025 12:41:53 UTC] PHP Warning:  Undefined array key "departamento" in /home/soluctem/sistema.soluctem.com.co/api/submit.php on line 64
[26-Jul-2025 12:41:53 UTC] PHP Warning:  Undefined array key "nombreEquipo" in /home/soluctem/sistema.soluctem.com.co/api/submit.php on line 65
[26-Jul-2025 12:41:53 UTC] PHP Warning:  Undefined array key "marca" in /home/soluctem/sistema.soluctem.com.co/api/submit.php on line 66
[26-Jul-2025 12:41:53 UTC] PHP Warning:  Undefined array key "serial" in /home/soluctem/sistema.soluctem.com.co/api/submit.php on line 67
[26-Jul-2025 12:41:53 UTC] PHP Warning:  Undefined array key "descripcionFalla" in /home/soluctem/sistema.soluctem.com.co/api/submit.php on line 68
[26-Jul-2025 12:41:53 UTC] PHP Warning:  Undefined array key "diagnosticoTecnico" in /home/soluctem/sistema.soluctem.com.co/api/submit.php on line 69
[26-Jul-2025 12:41:53 UTC] PHP Warning:  Undefined array key "repuestosCambiados" in /home/soluctem/sistema.soluctem.com.co/api/submit.php on line 70
[26-Jul-2025 12:41:53 UTC] PHP Warning:  Undefined array key "observaciones" in /home/soluctem/sistema.soluctem.com.co/api/submit.php on line 71
[26-Jul-2025 12:41:53 UTC] PHP Warning:  Undefined array key "seguridadRiesgoAccidentalidad" in /home/soluctem/sistema.soluctem.com.co/api/submit.php on line 72
[26-Jul-2025 12:41:53 UTC] PHP Warning:  Undefined array key "seguridadRiesgoEquipo" in /home/soluctem/sistema.soluctem.com.co/api/submit.php on line 73
[26-Jul-2025 12:41:53 UTC] PHP Warning:  Undefined array key "funcionamientoFallaSolucionada" in /home/soluctem/sistema.soluctem.com.co/api/submit.php on line 74
[26-Jul-2025 12:41:53 UTC] PHP Warning:  Undefined array key "funcionamientoPasosNormales" in /home/soluctem/sistema.soluctem.com.co/api/submit.php on line 75
[26-Jul-2025 12:41:53 UTC] PHP Warning:  Undefined array key "calidadTrabajo" in /home/soluctem/sistema.soluctem.com.co/api/submit.php on line 76
[26-Jul-2025 12:41:53 UTC] PHP Warning:  Undefined array key "limpiezaOrganizacionArmado" in /home/soluctem/sistema.soluctem.com.co/api/submit.php on line 77
[26-Jul-2025 12:41:53 UTC] PHP Warning:  Undefined array key "limpiezaOrganizacionAseado" in /home/soluctem/sistema.soluctem.com.co/api/submit.php on line 78
[26-Jul-2025 12:41:53 UTC] PHP Warning:  Undefined array key "capacitacionCausa" in /home/soluctem/sistema.soluctem.com.co/api/submit.php on line 79
[26-Jul-2025 12:41:53 UTC] PHP Warning:  Undefined array key "capacitacionPrevencion" in /home/soluctem/sistema.soluctem.com.co/api/submit.php on line 80
[26-Jul-2025 12:41:53 UTC] PHP Warning:  Undefined array key "capacitacionAccion" in /home/soluctem/sistema.soluctem.com.co/api/submit.php on line 81
[26-Jul-2025 12:41:53 UTC] PHP Warning:  Undefined array key "contratista1" in /home/soluctem/sistema.soluctem.com.co/api/submit.php on line 82
[26-Jul-2025 12:41:53 UTC] PHP Warning:  Undefined array key "cedula1" in /home/soluctem/sistema.soluctem.com.co/api/submit.php on line 83
[26-Jul-2025 12:41:53 UTC] PHP Warning:  Undefined array key "horaEntrada1" in /home/soluctem/sistema.soluctem.com.co/api/submit.php on line 84
[26-Jul-2025 12:41:53 UTC] PHP Warning:  Undefined array key "horaSalida1" in /home/soluctem/sistema.soluctem.com.co/api/submit.php on line 85
[26-Jul-2025 12:41:53 UTC] PHP Warning:  Undefined array key "contratista2" in /home/soluctem/sistema.soluctem.com.co/api/submit.php on line 86
[26-Jul-2025 12:41:53 UTC] PHP Warning:  Undefined array key "cedula2" in /home/soluctem/sistema.soluctem.com.co/api/submit.php on line 87
[26-Jul-2025 12:41:53 UTC] PHP Warning:  Undefined array key "horaEntrada2" in /home/soluctem/sistema.soluctem.com.co/api/submit.php on line 88
[26-Jul-2025 12:41:53 UTC] PHP Warning:  Undefined array key "horaSalida2" in /home/soluctem/sistema.soluctem.com.co/api/submit.php on line 89
[26-Jul-2025 12:41:53 UTC] PHP Warning:  Undefined array key "contratista3" in /home/soluctem/sistema.soluctem.com.co/api/submit.php on line 90
[26-Jul-2025 12:41:53 UTC] PHP Warning:  Undefined array key "cedula3" in /home/soluctem/sistema.soluctem.com.co/api/submit.php on line 91
[26-Jul-2025 12:41:53 UTC] PHP Warning:  Undefined array key "horaEntrada3" in /home/soluctem/sistema.soluctem.com.co/api/submit.php on line 92
[26-Jul-2025 12:41:53 UTC] PHP Warning:  Undefined array key "horaSalida3" in /home/soluctem/sistema.soluctem.com.co/api/submit.php on line 93
[26-Jul-2025 12:41:53 UTC] PHP Warning:  Undefined array key "contratista4" in /home/soluctem/sistema.soluctem.com.co/api/submit.php on line 94
[26-Jul-2025 12:41:53 UTC] PHP Warning:  Undefined array key "cedula4" in /home/soluctem/sistema.soluctem.com.co/api/submit.php on line 95
[26-Jul-2025 12:41:53 UTC] PHP Warning:  Undefined array key "horaEntrada4" in /home/soluctem/sistema.soluctem.com.co/api/submit.php on line 96
[26-Jul-2025 12:41:53 UTC] PHP Warning:  Undefined array key "horaSalida4" in /home/soluctem/sistema.soluctem.com.co/api/submit.php on line 97
[26-Jul-2025 12:41:53 UTC] PHP Warning:  Undefined array key "nombreFuncionario" in /home/soluctem/sistema.soluctem.com.co/api/submit.php on line 98
[26-Jul-2025 12:41:53 UTC] PHP Warning:  Undefined array key "cedulaFuncionario" in /home/soluctem/sistema.soluctem.com.co/api/submit.php on line 99
[26-Jul-2025 12:41:53 UTC] PHP Warning:  Undefined array key "cargoFuncionario" in /home/soluctem/sistema.soluctem.com.co/api/submit.php on line 100
[26-Jul-2025 12:41:53 UTC] PHP Warning:  Undefined array key "sapFuncionario" in /home/soluctem/sistema.soluctem.com.co/api/submit.php on line 101
[26-Jul-2025 12:41:53 UTC] PHP Warning:  Undefined array key "timestamp" in /home/soluctem/sistema.soluctem.com.co/api/submit.php on line 102
[26-Jul-2025 12:41:53 UTC] PHP Warning:  Undefined array key "asistenciaReparacion" in /home/soluctem/sistema.soluctem.com.co/api/submit.php on line 103
[26-Jul-2025 12:41:53 UTC] PHP Warning:  Undefined array key "asistenciaGarantia" in /home/soluctem/sistema.soluctem.com.co/api/submit.php on line 104
[26-Jul-2025 12:41:53 UTC] PHP Warning:  Undefined array key "asistenciaAjuste" in /home/soluctem/sistema.soluctem.com.co/api/submit.php on line 105
[26-Jul-2025 12:41:53 UTC] PHP Warning:  Undefined array key "asistenciaModificacion" in /home/soluctem/sistema.soluctem.com.co/api/submit.php on line 106
[26-Jul-2025 12:41:53 UTC] PHP Warning:  Undefined array key "asistenciaServicio" in /home/soluctem/sistema.soluctem.com.co/api/submit.php on line 107
[26-Jul-2025 12:41:53 UTC] PHP Warning:  Undefined array key "asistenciaMejora" in /home/soluctem/sistema.soluctem.com.co/api/submit.php on line 108
[26-Jul-2025 12:41:53 UTC] PHP Warning:  Undefined array key "asistenciaCombinacion" in /home/soluctem/sistema.soluctem.com.co/api/submit.php on line 109
[26-Jul-2025 12:41:53 UTC] PHP Warning:  Undefined array key "fallaOperacion" in /home/soluctem/sistema.soluctem.com.co/api/submit.php on line 110
[26-Jul-2025 12:41:53 UTC] PHP Warning:  Undefined array key "fallaMecanica" in /home/soluctem/sistema.soluctem.com.co/api/submit.php on line 111
[26-Jul-2025 12:41:53 UTC] PHP Warning:  Undefined array key "fallaElectrica" in /home/soluctem/sistema.soluctem.com.co/api/submit.php on line 112
[26-Jul-2025 12:41:53 UTC] PHP Warning:  Undefined array key "fallaTerceros" in /home/soluctem/sistema.soluctem.com.co/api/submit.php on line 113
[26-Jul-2025 12:41:53 UTC] PHP Warning:  Undefined array key "fallaFabricacion" in /home/soluctem/sistema.soluctem.com.co/api/submit.php on line 114
[26-Jul-2025 12:41:53 UTC] PHP Warning:  Undefined array key "firma_digital_cliente" in /home/soluctem/sistema.soluctem.com.co/api/submit.php on line 115
[26-Jul-2025 12:41:53 UTC] PHP Warning:  Undefined array key "firma_digital_tecnico" in /home/soluctem/sistema.soluctem.com.co/api/submit.php on line 116
[26-Jul-2025 12:47:28 UTC] PHP Warning:  Undefined array key "nombreSolicitante" in /home/soluctem/sistema.soluctem.com.co/api/submit.php on line 57
[26-Jul-2025 12:47:28 UTC] PHP Warning:  Undefined array key "cargo" in /home/soluctem/sistema.soluctem.com.co/api/submit.php on line 58
[26-Jul-2025 12:47:28 UTC] PHP Warning:  Undefined array key "nombreTienda" in /home/soluctem/sistema.soluctem.com.co/api/submit.php on line 59
[26-Jul-2025 12:47:28 UTC] PHP Warning:  Undefined array key "numeroTienda" in /home/soluctem/sistema.soluctem.com.co/api/submit.php on line 60
[26-Jul-2025 12:47:28 UTC] PHP Warning:  Undefined array key "numeroTicket" in /home/soluctem/sistema.soluctem.com.co/api/submit.php on line 61
[26-Jul-2025 12:47:28 UTC] PHP Warning:  Undefined array key "fecha" in /home/soluctem/sistema.soluctem.com.co/api/submit.php on line 62
[26-Jul-2025 12:47:28 UTC] PHP Warning:  Undefined array key "municipio" in /home/soluctem/sistema.soluctem.com.co/api/submit.php on line 63
[26-Jul-2025 12:47:28 UTC] PHP Warning:  Undefined array key "departamento" in /home/soluctem/sistema.soluctem.com.co/api/submit.php on line 64
[26-Jul-2025 12:47:28 UTC] PHP Warning:  Undefined array key "nombreEquipo" in /home/soluctem/sistema.soluctem.com.co/api/submit.php on line 65
[26-Jul-2025 12:47:28 UTC] PHP Warning:  Undefined array key "marca" in /home/soluctem/sistema.soluctem.com.co/api/submit.php on line 66
[26-Jul-2025 12:47:28 UTC] PHP Warning:  Undefined array key "serial" in /home/soluctem/sistema.soluctem.com.co/api/submit.php on line 67
[26-Jul-2025 12:47:28 UTC] PHP Warning:  Undefined array key "descripcionFalla" in /home/soluctem/sistema.soluctem.com.co/api/submit.php on line 68
[26-Jul-2025 12:47:28 UTC] PHP Warning:  Undefined array key "diagnosticoTecnico" in /home/soluctem/sistema.soluctem.com.co/api/submit.php on line 69
[26-Jul-2025 12:47:28 UTC] PHP Warning:  Undefined array key "repuestosCambiados" in /home/soluctem/sistema.soluctem.com.co/api/submit.php on line 70
[26-Jul-2025 12:47:28 UTC] PHP Warning:  Undefined array key "observaciones" in /home/soluctem/sistema.soluctem.com.co/api/submit.php on line 71
[26-Jul-2025 12:47:28 UTC] PHP Warning:  Undefined array key "seguridadRiesgoAccidentalidad" in /home/soluctem/sistema.soluctem.com.co/api/submit.php on line 72
[26-Jul-2025 12:47:28 UTC] PHP Warning:  Undefined array key "seguridadRiesgoEquipo" in /home/soluctem/sistema.soluctem.com.co/api/submit.php on line 73
[26-Jul-2025 12:47:28 UTC] PHP Warning:  Undefined array key "funcionamientoFallaSolucionada" in /home/soluctem/sistema.soluctem.com.co/api/submit.php on line 74
[26-Jul-2025 12:47:28 UTC] PHP Warning:  Undefined array key "funcionamientoPasosNormales" in /home/soluctem/sistema.soluctem.com.co/api/submit.php on line 75
[26-Jul-2025 12:47:28 UTC] PHP Warning:  Undefined array key "calidadTrabajo" in /home/soluctem/sistema.soluctem.com.co/api/submit.php on line 76
[26-Jul-2025 12:47:28 UTC] PHP Warning:  Undefined array key "limpiezaOrganizacionArmado" in /home/soluctem/sistema.soluctem.com.co/api/submit.php on line 77
[26-Jul-2025 12:47:28 UTC] PHP Warning:  Undefined array key "limpiezaOrganizacionAseado" in /home/soluctem/sistema.soluctem.com.co/api/submit.php on line 78
[26-Jul-2025 12:47:28 UTC] PHP Warning:  Undefined array key "capacitacionCausa" in /home/soluctem/sistema.soluctem.com.co/api/submit.php on line 79
[26-Jul-2025 12:47:28 UTC] PHP Warning:  Undefined array key "capacitacionPrevencion" in /home/soluctem/sistema.soluctem.com.co/api/submit.php on line 80
[26-Jul-2025 12:47:28 UTC] PHP Warning:  Undefined array key "capacitacionAccion" in /home/soluctem/sistema.soluctem.com.co/api/submit.php on line 81
[26-Jul-2025 12:47:28 UTC] PHP Warning:  Undefined array key "contratista1" in /home/soluctem/sistema.soluctem.com.co/api/submit.php on line 82
[26-Jul-2025 12:47:28 UTC] PHP Warning:  Undefined array key "cedula1" in /home/soluctem/sistema.soluctem.com.co/api/submit.php on line 83
[26-Jul-2025 12:47:28 UTC] PHP Warning:  Undefined array key "horaEntrada1" in /home/soluctem/sistema.soluctem.com.co/api/submit.php on line 84
[26-Jul-2025 12:47:28 UTC] PHP Warning:  Undefined array key "horaSalida1" in /home/soluctem/sistema.soluctem.com.co/api/submit.php on line 85
[26-Jul-2025 12:47:28 UTC] PHP Warning:  Undefined array key "contratista2" in /home/soluctem/sistema.soluctem.com.co/api/submit.php on line 86
[26-Jul-2025 12:47:28 UTC] PHP Warning:  Undefined array key "cedula2" in /home/soluctem/sistema.soluctem.com.co/api/submit.php on line 87
[26-Jul-2025 12:47:28 UTC] PHP Warning:  Undefined array key "horaEntrada2" in /home/soluctem/sistema.soluctem.com.co/api/submit.php on line 88
[26-Jul-2025 12:47:28 UTC] PHP Warning:  Undefined array key "horaSalida2" in /home/soluctem/sistema.soluctem.com.co/api/submit.php on line 89
[26-Jul-2025 12:47:28 UTC] PHP Warning:  Undefined array key "contratista3" in /home/soluctem/sistema.soluctem.com.co/api/submit.php on line 90
[26-Jul-2025 12:47:28 UTC] PHP Warning:  Undefined array key "cedula3" in /home/soluctem/sistema.soluctem.com.co/api/submit.php on line 91
[26-Jul-2025 12:47:28 UTC] PHP Warning:  Undefined array key "horaEntrada3" in /home/soluctem/sistema.soluctem.com.co/api/submit.php on line 92
[26-Jul-2025 12:47:28 UTC] PHP Warning:  Undefined array key "horaSalida3" in /home/soluctem/sistema.soluctem.com.co/api/submit.php on line 93
[26-Jul-2025 12:47:28 UTC] PHP Warning:  Undefined array key "contratista4" in /home/soluctem/sistema.soluctem.com.co/api/submit.php on line 94
[26-Jul-2025 12:47:28 UTC] PHP Warning:  Undefined array key "cedula4" in /home/soluctem/sistema.soluctem.com.co/api/submit.php on line 95
[26-Jul-2025 12:47:28 UTC] PHP Warning:  Undefined array key "horaEntrada4" in /home/soluctem/sistema.soluctem.com.co/api/submit.php on line 96
[26-Jul-2025 12:47:28 UTC] PHP Warning:  Undefined array key "horaSalida4" in /home/soluctem/sistema.soluctem.com.co/api/submit.php on line 97
[26-Jul-2025 12:47:28 UTC] PHP Warning:  Undefined array key "nombreFuncionario" in /home/soluctem/sistema.soluctem.com.co/api/submit.php on line 98
[26-Jul-2025 12:47:28 UTC] PHP Warning:  Undefined array key "cedulaFuncionario" in /home/soluctem/sistema.soluctem.com.co/api/submit.php on line 99
[26-Jul-2025 12:47:28 UTC] PHP Warning:  Undefined array key "cargoFuncionario" in /home/soluctem/sistema.soluctem.com.co/api/submit.php on line 100
[26-Jul-2025 12:47:28 UTC] PHP Warning:  Undefined array key "sapFuncionario" in /home/soluctem/sistema.soluctem.com.co/api/submit.php on line 101
[26-Jul-2025 12:47:28 UTC] PHP Warning:  Undefined array key "timestamp" in /home/soluctem/sistema.soluctem.com.co/api/submit.php on line 102
[26-Jul-2025 12:47:28 UTC] PHP Warning:  Undefined array key "asistenciaReparacion" in /home/soluctem/sistema.soluctem.com.co/api/submit.php on line 103
[26-Jul-2025 12:47:28 UTC] PHP Warning:  Undefined array key "asistenciaGarantia" in /home/soluctem/sistema.soluctem.com.co/api/submit.php on line 104
[26-Jul-2025 12:47:28 UTC] PHP Warning:  Undefined array key "asistenciaAjuste" in /home/soluctem/sistema.soluctem.com.co/api/submit.php on line 105
[26-Jul-2025 12:47:28 UTC] PHP Warning:  Undefined array key "asistenciaModificacion" in /home/soluctem/sistema.soluctem.com.co/api/submit.php on line 106
[26-Jul-2025 12:47:28 UTC] PHP Warning:  Undefined array key "asistenciaServicio" in /home/soluctem/sistema.soluctem.com.co/api/submit.php on line 107
[26-Jul-2025 12:47:28 UTC] PHP Warning:  Undefined array key "asistenciaMejora" in /home/soluctem/sistema.soluctem.com.co/api/submit.php on line 108
[26-Jul-2025 12:47:28 UTC] PHP Warning:  Undefined array key "asistenciaCombinacion" in /home/soluctem/sistema.soluctem.com.co/api/submit.php on line 109
[26-Jul-2025 12:47:28 UTC] PHP Warning:  Undefined array key "fallaOperacion" in /home/soluctem/sistema.soluctem.com.co/api/submit.php on line 110
[26-Jul-2025 12:47:28 UTC] PHP Warning:  Undefined array key "fallaMecanica" in /home/soluctem/sistema.soluctem.com.co/api/submit.php on line 111
[26-Jul-2025 12:47:28 UTC] PHP Warning:  Undefined array key "fallaElectrica" in /home/soluctem/sistema.soluctem.com.co/api/submit.php on line 112
[26-Jul-2025 12:47:28 UTC] PHP Warning:  Undefined array key "fallaTerceros" in /home/soluctem/sistema.soluctem.com.co/api/submit.php on line 113
[26-Jul-2025 12:47:28 UTC] PHP Warning:  Undefined array key "fallaFabricacion" in /home/soluctem/sistema.soluctem.com.co/api/submit.php on line 114
[26-Jul-2025 12:47:28 UTC] PHP Warning:  Undefined array key "firma_digital_cliente" in /home/soluctem/sistema.soluctem.com.co/api/submit.php on line 115
[26-Jul-2025 12:47:28 UTC] PHP Warning:  Undefined array key "firma_digital_tecnico" in /home/soluctem/sistema.soluctem.com.co/api/submit.php on line 116
[26-Jul-2025 12:51:14 UTC] PHP Warning:  Undefined array key "nombreSolicitante" in /home/soluctem/sistema.soluctem.com.co/api/submit.php on line 57
[26-Jul-2025 12:51:14 UTC] PHP Warning:  Undefined array key "cargo" in /home/soluctem/sistema.soluctem.com.co/api/submit.php on line 58
[26-Jul-2025 12:51:14 UTC] PHP Warning:  Undefined array key "nombreTienda" in /home/soluctem/sistema.soluctem.com.co/api/submit.php on line 59
[26-Jul-2025 12:51:14 UTC] PHP Warning:  Undefined array key "numeroTienda" in /home/soluctem/sistema.soluctem.com.co/api/submit.php on line 60
[26-Jul-2025 12:51:14 UTC] PHP Warning:  Undefined array key "numeroTicket" in /home/soluctem/sistema.soluctem.com.co/api/submit.php on line 61
[26-Jul-2025 12:51:14 UTC] PHP Warning:  Undefined array key "fecha" in /home/soluctem/sistema.soluctem.com.co/api/submit.php on line 62
[26-Jul-2025 12:51:14 UTC] PHP Warning:  Undefined array key "municipio" in /home/soluctem/sistema.soluctem.com.co/api/submit.php on line 63
[26-Jul-2025 12:51:14 UTC] PHP Warning:  Undefined array key "departamento" in /home/soluctem/sistema.soluctem.com.co/api/submit.php on line 64
[26-Jul-2025 12:51:14 UTC] PHP Warning:  Undefined array key "nombreEquipo" in /home/soluctem/sistema.soluctem.com.co/api/submit.php on line 65
[26-Jul-2025 12:51:14 UTC] PHP Warning:  Undefined array key "marca" in /home/soluctem/sistema.soluctem.com.co/api/submit.php on line 66
[26-Jul-2025 12:51:14 UTC] PHP Warning:  Undefined array key "serial" in /home/soluctem/sistema.soluctem.com.co/api/submit.php on line 67
[26-Jul-2025 12:51:14 UTC] PHP Warning:  Undefined array key "descripcionFalla" in /home/soluctem/sistema.soluctem.com.co/api/submit.php on line 68
[26-Jul-2025 12:51:14 UTC] PHP Warning:  Undefined array key "diagnosticoTecnico" in /home/soluctem/sistema.soluctem.com.co/api/submit.php on line 69
[26-Jul-2025 12:51:14 UTC] PHP Warning:  Undefined array key "repuestosCambiados" in /home/soluctem/sistema.soluctem.com.co/api/submit.php on line 70
[26-Jul-2025 12:51:14 UTC] PHP Warning:  Undefined array key "observaciones" in /home/soluctem/sistema.soluctem.com.co/api/submit.php on line 71
[26-Jul-2025 12:51:14 UTC] PHP Warning:  Undefined array key "seguridadRiesgoAccidentalidad" in /home/soluctem/sistema.soluctem.com.co/api/submit.php on line 72
[26-Jul-2025 12:51:14 UTC] PHP Warning:  Undefined array key "seguridadRiesgoEquipo" in /home/soluctem/sistema.soluctem.com.co/api/submit.php on line 73
[26-Jul-2025 12:51:14 UTC] PHP Warning:  Undefined array key "funcionamientoFallaSolucionada" in /home/soluctem/sistema.soluctem.com.co/api/submit.php on line 74
[26-Jul-2025 12:51:14 UTC] PHP Warning:  Undefined array key "funcionamientoPasosNormales" in /home/soluctem/sistema.soluctem.com.co/api/submit.php on line 75
[26-Jul-2025 12:51:14 UTC] PHP Warning:  Undefined array key "calidadTrabajo" in /home/soluctem/sistema.soluctem.com.co/api/submit.php on line 76
[26-Jul-2025 12:51:14 UTC] PHP Warning:  Undefined array key "limpiezaOrganizacionArmado" in /home/soluctem/sistema.soluctem.com.co/api/submit.php on line 77
[26-Jul-2025 12:51:14 UTC] PHP Warning:  Undefined array key "limpiezaOrganizacionAseado" in /home/soluctem/sistema.soluctem.com.co/api/submit.php on line 78
[26-Jul-2025 12:51:14 UTC] PHP Warning:  Undefined array key "capacitacionCausa" in /home/soluctem/sistema.soluctem.com.co/api/submit.php on line 79
[26-Jul-2025 12:51:14 UTC] PHP Warning:  Undefined array key "capacitacionPrevencion" in /home/soluctem/sistema.soluctem.com.co/api/submit.php on line 80
[26-Jul-2025 12:51:14 UTC] PHP Warning:  Undefined array key "capacitacionAccion" in /home/soluctem/sistema.soluctem.com.co/api/submit.php on line 81
[26-Jul-2025 12:51:14 UTC] PHP Warning:  Undefined array key "contratista1" in /home/soluctem/sistema.soluctem.com.co/api/submit.php on line 82
[26-Jul-2025 12:51:14 UTC] PHP Warning:  Undefined array key "cedula1" in /home/soluctem/sistema.soluctem.com.co/api/submit.php on line 83
[26-Jul-2025 12:51:14 UTC] PHP Warning:  Undefined array key "horaEntrada1" in /home/soluctem/sistema.soluctem.com.co/api/submit.php on line 84
[26-Jul-2025 12:51:14 UTC] PHP Warning:  Undefined array key "horaSalida1" in /home/soluctem/sistema.soluctem.com.co/api/submit.php on line 85
[26-Jul-2025 12:51:14 UTC] PHP Warning:  Undefined array key "contratista2" in /home/soluctem/sistema.soluctem.com.co/api/submit.php on line 86
[26-Jul-2025 12:51:14 UTC] PHP Warning:  Undefined array key "cedula2" in /home/soluctem/sistema.soluctem.com.co/api/submit.php on line 87
[26-Jul-2025 12:51:14 UTC] PHP Warning:  Undefined array key "horaEntrada2" in /home/soluctem/sistema.soluctem.com.co/api/submit.php on line 88
[26-Jul-2025 12:51:14 UTC] PHP Warning:  Undefined array key "horaSalida2" in /home/soluctem/sistema.soluctem.com.co/api/submit.php on line 89
[26-Jul-2025 12:51:14 UTC] PHP Warning:  Undefined array key "contratista3" in /home/soluctem/sistema.soluctem.com.co/api/submit.php on line 90
[26-Jul-2025 12:51:14 UTC] PHP Warning:  Undefined array key "cedula3" in /home/soluctem/sistema.soluctem.com.co/api/submit.php on line 91
[26-Jul-2025 12:51:14 UTC] PHP Warning:  Undefined array key "horaEntrada3" in /home/soluctem/sistema.soluctem.com.co/api/submit.php on line 92
[26-Jul-2025 12:51:14 UTC] PHP Warning:  Undefined array key "horaSalida3" in /home/soluctem/sistema.soluctem.com.co/api/submit.php on line 93
[26-Jul-2025 12:51:14 UTC] PHP Warning:  Undefined array key "contratista4" in /home/soluctem/sistema.soluctem.com.co/api/submit.php on line 94
[26-Jul-2025 12:51:14 UTC] PHP Warning:  Undefined array key "cedula4" in /home/soluctem/sistema.soluctem.com.co/api/submit.php on line 95
[26-Jul-2025 12:51:14 UTC] PHP Warning:  Undefined array key "horaEntrada4" in /home/soluctem/sistema.soluctem.com.co/api/submit.php on line 96
[26-Jul-2025 12:51:14 UTC] PHP Warning:  Undefined array key "horaSalida4" in /home/soluctem/sistema.soluctem.com.co/api/submit.php on line 97
[26-Jul-2025 12:51:14 UTC] PHP Warning:  Undefined array key "nombreFuncionario" in /home/soluctem/sistema.soluctem.com.co/api/submit.php on line 98
[26-Jul-2025 12:51:14 UTC] PHP Warning:  Undefined array key "cedulaFuncionario" in /home/soluctem/sistema.soluctem.com.co/api/submit.php on line 99
[26-Jul-2025 12:51:14 UTC] PHP Warning:  Undefined array key "cargoFuncionario" in /home/soluctem/sistema.soluctem.com.co/api/submit.php on line 100
[26-Jul-2025 12:51:14 UTC] PHP Warning:  Undefined array key "sapFuncionario" in /home/soluctem/sistema.soluctem.com.co/api/submit.php on line 101
[26-Jul-2025 12:51:14 UTC] PHP Warning:  Undefined array key "timestamp" in /home/soluctem/sistema.soluctem.com.co/api/submit.php on line 102
[26-Jul-2025 12:51:14 UTC] PHP Warning:  Undefined array key "asistenciaReparacion" in /home/soluctem/sistema.soluctem.com.co/api/submit.php on line 103
[26-Jul-2025 12:51:14 UTC] PHP Warning:  Undefined array key "asistenciaGarantia" in /home/soluctem/sistema.soluctem.com.co/api/submit.php on line 104
[26-Jul-2025 12:51:14 UTC] PHP Warning:  Undefined array key "asistenciaAjuste" in /home/soluctem/sistema.soluctem.com.co/api/submit.php on line 105
[26-Jul-2025 12:51:14 UTC] PHP Warning:  Undefined array key "asistenciaModificacion" in /home/soluctem/sistema.soluctem.com.co/api/submit.php on line 106
[26-Jul-2025 12:51:14 UTC] PHP Warning:  Undefined array key "asistenciaServicio" in /home/soluctem/sistema.soluctem.com.co/api/submit.php on line 107
[26-Jul-2025 12:51:14 UTC] PHP Warning:  Undefined array key "asistenciaMejora" in /home/soluctem/sistema.soluctem.com.co/api/submit.php on line 108
[26-Jul-2025 12:51:14 UTC] PHP Warning:  Undefined array key "asistenciaCombinacion" in /home/soluctem/sistema.soluctem.com.co/api/submit.php on line 109
[26-Jul-2025 12:51:14 UTC] PHP Warning:  Undefined array key "fallaOperacion" in /home/soluctem/sistema.soluctem.com.co/api/submit.php on line 110
[26-Jul-2025 12:51:14 UTC] PHP Warning:  Undefined array key "fallaMecanica" in /home/soluctem/sistema.soluctem.com.co/api/submit.php on line 111
[26-Jul-2025 12:51:14 UTC] PHP Warning:  Undefined array key "fallaElectrica" in /home/soluctem/sistema.soluctem.com.co/api/submit.php on line 112
[26-Jul-2025 12:51:14 UTC] PHP Warning:  Undefined array key "fallaTerceros" in /home/soluctem/sistema.soluctem.com.co/api/submit.php on line 113
[26-Jul-2025 12:51:14 UTC] PHP Warning:  Undefined array key "fallaFabricacion" in /home/soluctem/sistema.soluctem.com.co/api/submit.php on line 114
[26-Jul-2025 12:51:14 UTC] PHP Warning:  Undefined array key "firma_digital_cliente" in /home/soluctem/sistema.soluctem.com.co/api/submit.php on line 115
[26-Jul-2025 12:51:14 UTC] PHP Warning:  Undefined array key "firma_digital_tecnico" in /home/soluctem/sistema.soluctem.com.co/api/submit.php on line 116
[26-Jul-2025 14:26:59 UTC] PHP Fatal error:  Uncaught ValueError: Path cannot be empty in /home/soluctem/sistema.soluctem.com.co/api/submit.php:27
Stack trace:
#0 /home/soluctem/sistema.soluctem.com.co/api/submit.php(27): getimagesize()
#1 /home/soluctem/sistema.soluctem.com.co/api/submit.php(158): comprimirImagen()
#2 {main}
  thrown in /home/soluctem/sistema.soluctem.com.co/api/submit.php on line 27
[26-Jul-2025 16:15:54 UTC] PHP Warning:  Trying to access array offset on value of type bool in /home/soluctem/sistema.soluctem.com.co/api/submit.php on line 28
[26-Jul-2025 16:17:28 UTC] PHP Warning:  Trying to access array offset on value of type bool in /home/soluctem/sistema.soluctem.com.co/api/submit.php on line 28
[26-Jul-2025 17:09:44 UTC] PHP Warning:  Trying to access array offset on value of type bool in /home/soluctem/sistema.soluctem.com.co/api/submit.php on line 28
[26-Jul-2025 17:10:54 UTC] PHP Warning:  Trying to access array offset on value of type bool in /home/soluctem/sistema.soluctem.com.co/api/submit.php on line 28
[26-Jul-2025 17:54:18 UTC] PHP Warning:  Trying to access array offset on value of type bool in /home/soluctem/sistema.soluctem.com.co/api/submit.php on line 28
[26-Jul-2025 17:55:59 UTC] PHP Warning:  Trying to access array offset on value of type bool in /home/soluctem/sistema.soluctem.com.co/api/submit.php on line 28
[26-Jul-2025 18:08:00 UTC] PHP Warning:  Trying to access array offset on value of type bool in /home/soluctem/sistema.soluctem.com.co/api/submit.php on line 28
[26-Jul-2025 18:08:54 UTC] PHP Warning:  Trying to access array offset on value of type bool in /home/soluctem/sistema.soluctem.com.co/api/submit.php on line 28
[26-Jul-2025 18:32:30 UTC] PHP Warning:  Trying to access array offset on value of type bool in /home/soluctem/sistema.soluctem.com.co/api/submit.php on line 28
[26-Jul-2025 18:32:48 UTC] PHP Warning:  Trying to access array offset on value of type bool in /home/soluctem/sistema.soluctem.com.co/api/submit.php on line 28
[26-Jul-2025 18:33:06 UTC] PHP Warning:  Trying to access array offset on value of type bool in /home/soluctem/sistema.soluctem.com.co/api/submit.php on line 28
[26-Jul-2025 18:46:23 UTC] PHP Warning:  Trying to access array offset on value of type bool in /home/soluctem/sistema.soluctem.com.co/api/submit.php on line 28
[26-Jul-2025 18:54:45 UTC] PHP Warning:  Trying to access array offset on value of type bool in /home/soluctem/sistema.soluctem.com.co/api/submit.php on line 28
[26-Jul-2025 19:03:30 UTC] PHP Warning:  Trying to access array offset on value of type bool in /home/soluctem/sistema.soluctem.com.co/api/submit.php on line 28
[26-Jul-2025 20:35:32 UTC] PHP Warning:  Trying to access array offset on value of type bool in /home/soluctem/sistema.soluctem.com.co/api/submit.php on line 28
[28-Jul-2025 01:26:35 UTC] PHP Warning:  Undefined array key "nombreSolicitante" in /home/soluctem/sistema.soluctem.com.co/api/submit.php on line 57
[28-Jul-2025 01:26:35 UTC] PHP Warning:  Undefined array key "cargo" in /home/soluctem/sistema.soluctem.com.co/api/submit.php on line 58
[28-Jul-2025 01:26:35 UTC] PHP Warning:  Undefined array key "nombreTienda" in /home/soluctem/sistema.soluctem.com.co/api/submit.php on line 59
[28-Jul-2025 01:26:35 UTC] PHP Warning:  Undefined array key "numeroTienda" in /home/soluctem/sistema.soluctem.com.co/api/submit.php on line 60
[28-Jul-2025 01:26:35 UTC] PHP Warning:  Undefined array key "numeroTicket" in /home/soluctem/sistema.soluctem.com.co/api/submit.php on line 61
[28-Jul-2025 01:26:35 UTC] PHP Warning:  Undefined array key "fecha" in /home/soluctem/sistema.soluctem.com.co/api/submit.php on line 62
[28-Jul-2025 01:26:35 UTC] PHP Warning:  Undefined array key "municipio" in /home/soluctem/sistema.soluctem.com.co/api/submit.php on line 63
[28-Jul-2025 01:26:35 UTC] PHP Warning:  Undefined array key "departamento" in /home/soluctem/sistema.soluctem.com.co/api/submit.php on line 64
[28-Jul-2025 01:26:35 UTC] PHP Warning:  Undefined array key "nombreEquipo" in /home/soluctem/sistema.soluctem.com.co/api/submit.php on line 65
[28-Jul-2025 01:26:35 UTC] PHP Warning:  Undefined array key "marca" in /home/soluctem/sistema.soluctem.com.co/api/submit.php on line 66
[28-Jul-2025 01:26:35 UTC] PHP Warning:  Undefined array key "serial" in /home/soluctem/sistema.soluctem.com.co/api/submit.php on line 67
[28-Jul-2025 01:26:35 UTC] PHP Warning:  Undefined array key "descripcionFalla" in /home/soluctem/sistema.soluctem.com.co/api/submit.php on line 68
[28-Jul-2025 01:26:35 UTC] PHP Warning:  Undefined array key "diagnosticoTecnico" in /home/soluctem/sistema.soluctem.com.co/api/submit.php on line 69
[28-Jul-2025 01:26:35 UTC] PHP Warning:  Undefined array key "repuestosCambiados" in /home/soluctem/sistema.soluctem.com.co/api/submit.php on line 70
[28-Jul-2025 01:26:35 UTC] PHP Warning:  Undefined array key "observaciones" in /home/soluctem/sistema.soluctem.com.co/api/submit.php on line 71
[28-Jul-2025 01:26:35 UTC] PHP Warning:  Undefined array key "seguridadRiesgoAccidentalidad" in /home/soluctem/sistema.soluctem.com.co/api/submit.php on line 72
[28-Jul-2025 01:26:35 UTC] PHP Warning:  Undefined array key "seguridadRiesgoEquipo" in /home/soluctem/sistema.soluctem.com.co/api/submit.php on line 73
[28-Jul-2025 01:26:35 UTC] PHP Warning:  Undefined array key "funcionamientoFallaSolucionada" in /home/soluctem/sistema.soluctem.com.co/api/submit.php on line 74
[28-Jul-2025 01:26:35 UTC] PHP Warning:  Undefined array key "funcionamientoPasosNormales" in /home/soluctem/sistema.soluctem.com.co/api/submit.php on line 75
[28-Jul-2025 01:26:35 UTC] PHP Warning:  Undefined array key "calidadTrabajo" in /home/soluctem/sistema.soluctem.com.co/api/submit.php on line 76
[28-Jul-2025 01:26:35 UTC] PHP Warning:  Undefined array key "limpiezaOrganizacionArmado" in /home/soluctem/sistema.soluctem.com.co/api/submit.php on line 77
[28-Jul-2025 01:26:35 UTC] PHP Warning:  Undefined array key "limpiezaOrganizacionAseado" in /home/soluctem/sistema.soluctem.com.co/api/submit.php on line 78
[28-Jul-2025 01:26:35 UTC] PHP Warning:  Undefined array key "capacitacionCausa" in /home/soluctem/sistema.soluctem.com.co/api/submit.php on line 79
[28-Jul-2025 01:26:35 UTC] PHP Warning:  Undefined array key "capacitacionPrevencion" in /home/soluctem/sistema.soluctem.com.co/api/submit.php on line 80
[28-Jul-2025 01:26:35 UTC] PHP Warning:  Undefined array key "capacitacionAccion" in /home/soluctem/sistema.soluctem.com.co/api/submit.php on line 81
[28-Jul-2025 01:26:35 UTC] PHP Warning:  Undefined array key "contratista1" in /home/soluctem/sistema.soluctem.com.co/api/submit.php on line 82
[28-Jul-2025 01:26:35 UTC] PHP Warning:  Undefined array key "cedula1" in /home/soluctem/sistema.soluctem.com.co/api/submit.php on line 83
[28-Jul-2025 01:26:35 UTC] PHP Warning:  Undefined array key "horaEntrada1" in /home/soluctem/sistema.soluctem.com.co/api/submit.php on line 84
[28-Jul-2025 01:26:35 UTC] PHP Warning:  Undefined array key "horaSalida1" in /home/soluctem/sistema.soluctem.com.co/api/submit.php on line 85
[28-Jul-2025 01:26:35 UTC] PHP Warning:  Undefined array key "contratista2" in /home/soluctem/sistema.soluctem.com.co/api/submit.php on line 86
[28-Jul-2025 01:26:35 UTC] PHP Warning:  Undefined array key "cedula2" in /home/soluctem/sistema.soluctem.com.co/api/submit.php on line 87
[28-Jul-2025 01:26:35 UTC] PHP Warning:  Undefined array key "horaEntrada2" in /home/soluctem/sistema.soluctem.com.co/api/submit.php on line 88
[28-Jul-2025 01:26:35 UTC] PHP Warning:  Undefined array key "horaSalida2" in /home/soluctem/sistema.soluctem.com.co/api/submit.php on line 89
[28-Jul-2025 01:26:35 UTC] PHP Warning:  Undefined array key "contratista3" in /home/soluctem/sistema.soluctem.com.co/api/submit.php on line 90
[28-Jul-2025 01:26:35 UTC] PHP Warning:  Undefined array key "cedula3" in /home/soluctem/sistema.soluctem.com.co/api/submit.php on line 91
[28-Jul-2025 01:26:35 UTC] PHP Warning:  Undefined array key "horaEntrada3" in /home/soluctem/sistema.soluctem.com.co/api/submit.php on line 92
[28-Jul-2025 01:26:35 UTC] PHP Warning:  Undefined array key "horaSalida3" in /home/soluctem/sistema.soluctem.com.co/api/submit.php on line 93
[28-Jul-2025 01:26:35 UTC] PHP Warning:  Undefined array key "contratista4" in /home/soluctem/sistema.soluctem.com.co/api/submit.php on line 94
[28-Jul-2025 01:26:35 UTC] PHP Warning:  Undefined array key "cedula4" in /home/soluctem/sistema.soluctem.com.co/api/submit.php on line 95
[28-Jul-2025 01:26:35 UTC] PHP Warning:  Undefined array key "horaEntrada4" in /home/soluctem/sistema.soluctem.com.co/api/submit.php on line 96
[28-Jul-2025 01:26:35 UTC] PHP Warning:  Undefined array key "horaSalida4" in /home/soluctem/sistema.soluctem.com.co/api/submit.php on line 97
[28-Jul-2025 01:26:35 UTC] PHP Warning:  Undefined array key "nombreFuncionario" in /home/soluctem/sistema.soluctem.com.co/api/submit.php on line 98
[28-Jul-2025 01:26:35 UTC] PHP Warning:  Undefined array key "cedulaFuncionario" in /home/soluctem/sistema.soluctem.com.co/api/submit.php on line 99
[28-Jul-2025 01:26:35 UTC] PHP Warning:  Undefined array key "cargoFuncionario" in /home/soluctem/sistema.soluctem.com.co/api/submit.php on line 100
[28-Jul-2025 01:26:35 UTC] PHP Warning:  Undefined array key "sapFuncionario" in /home/soluctem/sistema.soluctem.com.co/api/submit.php on line 101
[28-Jul-2025 01:26:35 UTC] PHP Warning:  Undefined array key "timestamp" in /home/soluctem/sistema.soluctem.com.co/api/submit.php on line 102
[28-Jul-2025 01:26:35 UTC] PHP Warning:  Undefined array key "asistenciaReparacion" in /home/soluctem/sistema.soluctem.com.co/api/submit.php on line 103
[28-Jul-2025 01:26:35 UTC] PHP Warning:  Undefined array key "asistenciaGarantia" in /home/soluctem/sistema.soluctem.com.co/api/submit.php on line 104
[28-Jul-2025 01:26:35 UTC] PHP Warning:  Undefined array key "asistenciaAjuste" in /home/soluctem/sistema.soluctem.com.co/api/submit.php on line 105
[28-Jul-2025 01:26:35 UTC] PHP Warning:  Undefined array key "asistenciaModificacion" in /home/soluctem/sistema.soluctem.com.co/api/submit.php on line 106
[28-Jul-2025 01:26:35 UTC] PHP Warning:  Undefined array key "asistenciaServicio" in /home/soluctem/sistema.soluctem.com.co/api/submit.php on line 107
[28-Jul-2025 01:26:35 UTC] PHP Warning:  Undefined array key "asistenciaMejora" in /home/soluctem/sistema.soluctem.com.co/api/submit.php on line 108
[28-Jul-2025 01:26:35 UTC] PHP Warning:  Undefined array key "asistenciaCombinacion" in /home/soluctem/sistema.soluctem.com.co/api/submit.php on line 109
[28-Jul-2025 01:26:35 UTC] PHP Warning:  Undefined array key "fallaOperacion" in /home/soluctem/sistema.soluctem.com.co/api/submit.php on line 110
[28-Jul-2025 01:26:35 UTC] PHP Warning:  Undefined array key "fallaMecanica" in /home/soluctem/sistema.soluctem.com.co/api/submit.php on line 111
[28-Jul-2025 01:26:35 UTC] PHP Warning:  Undefined array key "fallaElectrica" in /home/soluctem/sistema.soluctem.com.co/api/submit.php on line 112
[28-Jul-2025 01:26:35 UTC] PHP Warning:  Undefined array key "fallaTerceros" in /home/soluctem/sistema.soluctem.com.co/api/submit.php on line 113
[28-Jul-2025 01:26:35 UTC] PHP Warning:  Undefined array key "fallaFabricacion" in /home/soluctem/sistema.soluctem.com.co/api/submit.php on line 114
[28-Jul-2025 01:26:35 UTC] PHP Warning:  Undefined array key "firma_digital_cliente" in /home/soluctem/sistema.soluctem.com.co/api/submit.php on line 115
[28-Jul-2025 01:26:35 UTC] PHP Warning:  Undefined array key "firma_digital_tecnico" in /home/soluctem/sistema.soluctem.com.co/api/submit.php on line 116
[28-Jul-2025 12:29:03 UTC] PHP Warning:  Trying to access array offset on value of type bool in /home/soluctem/sistema.soluctem.com.co/api/submit.php on line 28
[28-Jul-2025 12:29:59 UTC] PHP Warning:  Trying to access array offset on value of type bool in /home/soluctem/sistema.soluctem.com.co/api/submit.php on line 28
[28-Jul-2025 12:31:23 UTC] PHP Warning:  Trying to access array offset on value of type bool in /home/soluctem/sistema.soluctem.com.co/api/submit.php on line 28
[28-Jul-2025 12:32:35 UTC] PHP Warning:  Trying to access array offset on value of type bool in /home/soluctem/sistema.soluctem.com.co/api/submit.php on line 28
[28-Jul-2025 20:34:55 UTC] PHP Warning:  Trying to access array offset on value of type bool in /home/soluctem/sistema.soluctem.com.co/api/submit.php on line 28
[28-Jul-2025 20:35:12 UTC] PHP Warning:  Trying to access array offset on value of type bool in /home/soluctem/sistema.soluctem.com.co/api/submit.php on line 28
[28-Jul-2025 22:10:57 UTC] PHP Warning:  Trying to access array offset on value of type bool in /home/soluctem/sistema.soluctem.com.co/api/submit.php on line 28
[28-Jul-2025 23:25:52 UTC] PHP Warning:  Trying to access array offset on value of type bool in /home/soluctem/sistema.soluctem.com.co/api/submit.php on line 28
[28-Jul-2025 23:27:20 UTC] PHP Warning:  Trying to access array offset on value of type bool in /home/soluctem/sistema.soluctem.com.co/api/submit.php on line 28
[29-Jul-2025 16:13:35 UTC] PHP Warning:  Trying to access array offset on value of type bool in /home/soluctem/sistema.soluctem.com.co/api/submit.php on line 28
[29-Jul-2025 16:13:50 UTC] PHP Warning:  Trying to access array offset on value of type bool in /home/soluctem/sistema.soluctem.com.co/api/submit.php on line 28
[29-Jul-2025 16:14:36 UTC] PHP Warning:  Trying to access array offset on value of type bool in /home/soluctem/sistema.soluctem.com.co/api/submit.php on line 28
[29-Jul-2025 16:15:41 UTC] PHP Warning:  Trying to access array offset on value of type bool in /home/soluctem/sistema.soluctem.com.co/api/submit.php on line 28
[29-Jul-2025 17:04:19 UTC] PHP Warning:  Trying to access array offset on value of type bool in /home/soluctem/sistema.soluctem.com.co/api/submit.php on line 28
[29-Jul-2025 17:04:38 UTC] PHP Warning:  Trying to access array offset on value of type bool in /home/soluctem/sistema.soluctem.com.co/api/submit.php on line 28
[29-Jul-2025 17:05:41 UTC] PHP Warning:  Trying to access array offset on value of type bool in /home/soluctem/sistema.soluctem.com.co/api/submit.php on line 28
[29-Jul-2025 17:06:31 UTC] PHP Warning:  Trying to access array offset on value of type bool in /home/soluctem/sistema.soluctem.com.co/api/submit.php on line 28
[29-Jul-2025 17:07:13 UTC] PHP Warning:  Trying to access array offset on value of type bool in /home/soluctem/sistema.soluctem.com.co/api/submit.php on line 28
[29-Jul-2025 17:09:26 UTC] PHP Warning:  Trying to access array offset on value of type bool in /home/soluctem/sistema.soluctem.com.co/api/submit.php on line 28
[29-Jul-2025 17:11:27 UTC] PHP Warning:  Trying to access array offset on value of type bool in /home/soluctem/sistema.soluctem.com.co/api/submit.php on line 28
[29-Jul-2025 17:11:54 UTC] PHP Warning:  Trying to access array offset on value of type bool in /home/soluctem/sistema.soluctem.com.co/api/submit.php on line 28
[29-Jul-2025 17:14:32 UTC] PHP Warning:  Trying to access array offset on value of type bool in /home/soluctem/sistema.soluctem.com.co/api/submit.php on line 28
[29-Jul-2025 17:15:35 UTC] PHP Warning:  Trying to access array offset on value of type bool in /home/soluctem/sistema.soluctem.com.co/api/submit.php on line 28
[29-Jul-2025 17:16:08 UTC] PHP Warning:  Trying to access array offset on value of type bool in /home/soluctem/sistema.soluctem.com.co/api/submit.php on line 28
[29-Jul-2025 17:17:31 UTC] PHP Warning:  Trying to access array offset on value of type bool in /home/soluctem/sistema.soluctem.com.co/api/submit.php on line 28
[29-Jul-2025 17:19:14 UTC] PHP Warning:  Trying to access array offset on value of type bool in /home/soluctem/sistema.soluctem.com.co/api/submit.php on line 28
[29-Jul-2025 17:21:19 UTC] PHP Warning:  Trying to access array offset on value of type bool in /home/soluctem/sistema.soluctem.com.co/api/submit.php on line 28
[29-Jul-2025 17:22:36 UTC] PHP Warning:  Trying to access array offset on value of type bool in /home/soluctem/sistema.soluctem.com.co/api/submit.php on line 28
[29-Jul-2025 17:24:05 UTC] PHP Warning:  Trying to access array offset on value of type bool in /home/soluctem/sistema.soluctem.com.co/api/submit.php on line 28
[29-Jul-2025 17:40:10 UTC] PHP Warning:  Trying to access array offset on value of type bool in /home/soluctem/sistema.soluctem.com.co/api/submit.php on line 28
[29-Jul-2025 20:45:57 UTC] PHP Warning:  Trying to access array offset on value of type bool in /home/soluctem/sistema.soluctem.com.co/api/submit.php on line 28
[29-Jul-2025 20:46:50 UTC] PHP Warning:  Trying to access array offset on value of type bool in /home/soluctem/sistema.soluctem.com.co/api/submit.php on line 28
[29-Jul-2025 20:47:31 UTC] PHP Warning:  Trying to access array offset on value of type bool in /home/soluctem/sistema.soluctem.com.co/api/submit.php on line 28
[29-Jul-2025 22:10:52 UTC] PHP Warning:  Trying to access array offset on value of type bool in /home/soluctem/sistema.soluctem.com.co/api/submit.php on line 28
[29-Jul-2025 22:34:32 UTC] PHP Warning:  Trying to access array offset on value of type bool in /home/soluctem/sistema.soluctem.com.co/api/submit.php on line 28
[29-Jul-2025 22:35:11 UTC] PHP Warning:  Trying to access array offset on value of type bool in /home/soluctem/sistema.soluctem.com.co/api/submit.php on line 28
[29-Jul-2025 22:54:38 UTC] PHP Warning:  Trying to access array offset on value of type bool in /home/soluctem/sistema.soluctem.com.co/api/submit.php on line 28
[29-Jul-2025 22:55:21 UTC] PHP Warning:  Trying to access array offset on value of type bool in /home/soluctem/sistema.soluctem.com.co/api/submit.php on line 28
[29-Jul-2025 23:14:37 UTC] PHP Warning:  Trying to access array offset on value of type bool in /home/soluctem/sistema.soluctem.com.co/api/submit.php on line 28
[29-Jul-2025 23:17:08 UTC] PHP Warning:  Trying to access array offset on value of type bool in /home/soluctem/sistema.soluctem.com.co/api/submit.php on line 28
[29-Jul-2025 23:19:45 UTC] PHP Warning:  Trying to access array offset on value of type bool in /home/soluctem/sistema.soluctem.com.co/api/submit.php on line 28
[30-Jul-2025 01:37:55 UTC] PHP Warning:  Trying to access array offset on value of type bool in /home/soluctem/sistema.soluctem.com.co/api/submit.php on line 28
[30-Jul-2025 14:38:47 UTC] PHP Warning:  Trying to access array offset on value of type bool in /home/soluctem/sistema.soluctem.com.co/api/submit.php on line 28
